 num     #instances         #bytes  class name (module)
-------------------------------------------------------
   1:        665800       91457704  [B (java.base@11.0.7)
   2:         51899       17001904  [I (java.base@11.0.7)
   3:        617050       14809200  java.lang.String (java.base@11.0.7)
   4:        144689       10244128  [Ljava.lang.Object; (java.base@11.0.7)
   5:         52208        6142176  java.lang.Class (java.base@11.0.7)
   6:        180485        5775520  java.util.HashMap$Node (java.base@11.0.7)
   7:        131738        3161712  java.util.ArrayList (java.base@11.0.7)
   8:         18541        2952216  [Ljava.util.HashMap$Node; (java.base@11.0.7)
   9:         81503        2608096  java.util.concurrent.ConcurrentHashMap$Node (java.base@11.0.7)
  10:         21412        2197312  [C (java.base@11.0.7)
  11:         52587        2103480  org.jdom.Attribute
  12:         12686        1710816  [J (java.base@11.0.7)
  13:         36223        1448920  java.util.LinkedHashMap$Entry (java.base@11.0.7)
  14:         13557        1193016  org.languagetool.rules.patterns.PatternToken
  15:         36972        1183104  com.intellij.util.containers.IntObjectLinkedMap$MapEntry
  16:         22912         916480  org.jdom.ContentList
  17:         22912         916480  org.jdom.Element
  18:         34235         821640  fuck_the_regulations_v321.bk
  19:          9168         806784  java.lang.reflect.Method (java.base@11.0.7)
  20:         24913         797216  java.util.Hashtable$Entry (java.base@11.0.7)
  21:         16258         780384  java.util.HashMap (java.base@11.0.7)
  22:         18840         753600  java.lang.ref.SoftReference (java.base@11.0.7)
  23:          1224         740888  [Ljava.util.concurrent.ConcurrentHashMap$Node; (java.base@11.0.7)
  24:         19702         713696  [Lorg.jdom.Attribute;
  25:          2690         678232  [F (java.base@11.0.7)
  26:         20443         654176  org.jdom.AttributeList
  27:          9030         650160  java.lang.reflect.Field (java.base@11.0.7)
  28:         14990         599600  b.a.la
  29:         10972         526656  java.lang.invoke.MemberName (java.base@11.0.7)
  30:         20646         495504  com.intellij.util.SmartList
  31:          1621         488088  [Z (java.base@11.0.7)
  32:          5068         445984  java.util.regex.Pattern (java.base@11.0.7)
  33:          7472         418432  java.util.LinkedHashMap (java.base@11.0.7)
  34:         17317         415608  org.languagetool.tagging.TaggedWord
  35:         10147         405880  com.intellij.util.containers.ConcurrentWeakKeySoftValueHashMap$WeakKey
  36:         24929         398864  java.lang.Object (java.base@11.0.7)
  37:            12         393408  [Ljava.util.concurrent.ForkJoinTask; (java.base@11.0.7)
  38:            33         388624  [Lcom.intellij.util.containers.IntObjectLinkedMap$MapEntry;
  39:         14197         369864  [Ljava.lang.Class; (java.base@11.0.7)
  40:           683         360624  [Lfuck_the_regulations_v321.aQ;
  41:          8509         340360  com.intellij.openapi.extensions.impl.XmlExtensionAdapter
  42:          2261         325584  org.languagetool.rules.patterns.PatternRule
  43:          8128         325120  java.lang.invoke.MethodType (java.base@11.0.7)
  44:          5802         324912  com.intellij.openapi.actionSystem.Presentation
  45:         10147         324704  com.intellij.util.containers.ConcurrentWeakKeyWeakValueHashMap$WeakValue
  46:          7671         306840  org.jetbrains.plugins.textmate.language.syntax.SyntaxNodeDescriptorImpl
  47:          2100         294656  [Ljava.util.Hashtable$Entry; (java.base@11.0.7)
  48:          7317         294040  [Ljava.lang.String; (java.base@11.0.7)
  49:          7240         289600  java.util.EnumMap (java.base@11.0.7)
  50:         11631         279144  java.util.regex.Pattern$SliceU (java.base@11.0.7)
  51:          4359         278976  java.util.concurrent.ConcurrentHashMap (java.base@11.0.7)
  52:          6873         274920  com.intellij.openapi.extensions.impl.XmlExtensionAdapter$SimpleConstructorInjectionAdapter
  53:          4289         274496  java.net.URL (java.base@11.0.7)
  54:         16826         269216  java.lang.Integer (java.base@11.0.7)
  55:          3341         267280  java.lang.reflect.Constructor (java.base@11.0.7)
  56:          5557         266736  gnu.trove.TIntObjectHashMap
  57:          8328         266496  com.sun.javafx.css.ParsedValueImpl (javafx.graphics@11.0.7)
  58:          8189         262048  java.lang.invoke.MethodType$ConcurrentWeakInternSet$WeakEntry (java.base@11.0.7)
  59:          1724         248256  org.languagetool.tagging.disambiguation.rules.DisambiguationPatternRule
  60:          7729         247328  org.owasp.html.Trie
  61:          7652         244864  java.lang.invoke.DirectMethodHandle (java.base@11.0.7)
  62:          9350         224400  fuck_the_regulations_v321.az
  63:          8999         215976  java.lang.invoke.ResolvedMethodName (java.base@11.0.7)
  64:          6740         215680  com.intellij.util.containers.ConcurrentIntObjectHashMap$Node
  65:          5376         215040  com.intellij.codeInspection.ex.ScopeToolState
  66:          2236         214656  com.intellij.codeInspection.LocalInspectionEP
  67:          6493         207776  sun.nio.fs.UnixPath (java.base@11.0.7)
  68:         12597         201552  com.intellij.grazie.detector.utils.collections.ngram.NgramArray
  69:         12288         196608  java.util.HashSet (java.base@11.0.7)
  70:          1664         185320  [Lcom.intellij.util.containers.hash.LinkedHashMap$Entry;
  71:          4414         176560  com.intellij.util.containers.hash.LinkedHashMap$Entry
  72:          3648         175104  com.intellij.util.containers.ConcurrentIntKeySoftValueHashMap$MyRef
  73:          7235         173640  java.util.regex.Pattern$Slice (java.base@11.0.7)
  74:          5376         172032  com.intellij.codeInspection.ex.ToolsImpl
  75:          7145         171480  fuck_the_regulations_v321.av
  76:          6949         166776  com.intellij.grazie.detector.utils.collections.array.OneOptimizedFloatArray
  77:          4625         162184  [Lorg.jdom.Content;
  78:          3776         160800  [Ljava.util.regex.Pattern$Node; (java.base@11.0.7)
  79:          6416         153984  org.jetbrains.plugins.textmate.language.syntax.SyntaxRuleProxyDescriptor
  80:           234         153504  io.netty.util.internal.shaded.org.jctools.queues.MpscArrayQueue
  81:          4738         151616  java.lang.Package (java.base@11.0.7)
  82:          6301         151224  javassist.bytecode.Utf8Info
  83:          5923         147392  [Lorg.owasp.html.Trie;
  84:          3569         142760  fuck_the_regulations_v321.fu
  85:          2538         142128  org.languagetool.rules.patterns.Match
  86:          5825         139800  java.util.Collections$UnmodifiableRandomAccessList (java.base@11.0.7)
  87:          3389         135560  java.util.Collections$SingletonMap (java.base@11.0.7)
  88:          3322         132880  fuck_the_regulations_v321.bD
  89:          2664         127872  org.jdom.ImmutableElement
  90:          7774         124384  com.intellij.openapi.extensions.PluginId
  91:          5169         124056  javafx.css.Size (javafx.graphics@11.0.7)
  92:          5096         122304  fuck_the_regulations_v321.ad
  93:          3776         120832  java.util.regex.Pattern$Branch (java.base@11.0.7)
  94:          4944         118656  java.util.regex.Pattern$Start (java.base@11.0.7)
  95:          1292         113696  sun.font.CFont (java.desktop@11.0.7)
  96:          2335         112080  gnu.trove.THashMap
  97:          3442         110144  java.lang.ref.WeakReference (java.base@11.0.7)
  98:          2752         110080  java.math.BigInteger (java.base@11.0.7)
  99:          4578         109872  com.intellij.codeInspection.ex.LocalInspectionToolWrapper
 100:          2684         107360  com.intellij.ide.ui.ToolOptionDescription
 101:          1648         105472  com.intellij.util.containers.FixedHashMap
 102:          2176         104448  com.intellij.ui.scale.ScaleContext
 103:          2094         100512  java.util.Hashtable (java.base@11.0.7)
 104:          1379          99288  java.awt.Font (java.desktop@11.0.7)
 105:          2482          99280  java.lang.invoke.BoundMethodHandle$Species_LL (java.base@11.0.7)
 106:          1453          98768  [Ljava.lang.ref.SoftReference; (java.base@11.0.7)
 107:          4067          97608  java.util.regex.Pattern$BmpCharProperty (java.base@11.0.7)
 108:          3986          95664  com.intellij.openapi.vfs.newvfs.impl.VfsData$DirectoryData
 109:          1463          93632  com.intellij.codeInsight.template.impl.TemplateImpl
 110:          3881          93144  org.languagetool.rules.patterns.PatternToken$PosToken
 111:          3859          92616  com.intellij.openapi.util.Pair
 112:          1644          92064  com.intellij.openapi.util.IconLoader$CachedImageIcon
 113:          2298          91920  fuck_the_regulations_v321.eE
 114:          1908          91584  javafx.css.SimpleSelector (javafx.graphics@11.0.7)
 115:          1624          90944  com.intellij.openapi.actionSystem.ActionStub
 116:          2265          90600  java.util.WeakHashMap$Entry (java.base@11.0.7)
 117:          2198          87920  fuck_the_regulations_v321.gc
 118:           995          87560  jdk.internal.reflect.DelegatingClassLoader (java.base@11.0.7)
 119:          2174          86960  kotlin.reflect.jvm.internal.impl.protobuf.SmallSortedMap$1
 120:           982          86416  com.intellij.util.io.PagedFileStorage
 121:          3594          86256  com.intellij.patterns.compiler.PatternCompilerImpl$Node
 122:           907          83728  [Ljava.util.WeakHashMap$Entry; (java.base@11.0.7)
 123:          2066          82640  fuck_the_regulations_v321.gc
 124:           409          80096  [S (java.base@11.0.7)
 125:          2498          79936  java.lang.invoke.LambdaForm$Name (java.base@11.0.7)
 126:          3322          79728  fuck_the_regulations_v321.d0
 127:          2486          79552  javax.swing.text.html.parser.ContentModel (java.desktop@11.0.7)
 128:          2485          79520  java.lang.invoke.BoundMethodHandle$Species_L (java.base@11.0.7)
 129:          3308          79392  fuck_the_regulations_v321.bm
 130:          3277          78648  fuck_the_regulations_v321.bs
 131:          3248          77952  com.intellij.util.keyFMap.OneElementFMap
 132:          3138          75312  fuck_the_regulations_v321.by
 133:          3134          75216  org.languagetool.rules.IncorrectExample
 134:          4700          75200  java.util.Collections$UnmodifiableSet (java.base@11.0.7)
 135:           141          74448  [Ljavassist.bytecode.ConstInfo;
 136:          1315          73640  com.intellij.openapi.extensions.impl.InterfaceExtensionPoint
 137:          1500          72000  sun.util.locale.LocaleObjectCache$CacheEntry (java.base@11.0.7)
 138:          1785          71400  java.lang.ref.Finalizer (java.base@11.0.7)
 139:          2958          70992  sun.reflect.annotation.AnnotationInvocationHandler (java.base@11.0.7)
 140:          2948          70752  fuck_the_regulations_v321.a_
 141:          4388          70208  com.intellij.openapi.actionSystem.Presentation$$Lambda$731/0x0000000800917c40
 142:          1213          67928  java.lang.Module (java.base@11.0.7)
 143:          1670          66800  com.intellij.openapi.components.ServiceDescriptor
 144:          1186          66416  java.util.HashMap$TreeNode (java.base@11.0.7)
 145:          1641          65640  com.intellij.serviceContainer.ServiceComponentAdapter
 146:          2688          64512  com.intellij.codeInsight.daemon.HighlightDisplayKey
 147:          2157          64344  [Lcom.sun.javafx.css.ParsedValueImpl; (javafx.graphics@11.0.7)
 148:          1587          63480  java.security.AccessControlContext (java.base@11.0.7)
 149:          1579          63160  com.intellij.ui.JBColor
 150:          1571          62840  com.intellij.openapi.util.IconLoader$CachedImageIcon$MyUrlResolver
 151:          2597          62328  com.intellij.grazie.detector.utils.collections.array.TwoOptimizedFloatArray
 152:          1889          60448  java.util.Collections$SynchronizedMap (java.base@11.0.7)
 153:          3776          60416  java.util.regex.Pattern$BranchConn (java.base@11.0.7)
 154:          1474          58960  org.apache.log4j.Logger
 155:          2447          58728  org.apache.log4j.CategoryKey
 156:            21          58640  [Lcom.intellij.util.containers.ConcurrentIntObjectHashMap$Node;
 157:          1830          58560  java.awt.Rectangle (java.desktop@11.0.7)
 158:          1817          58144  java.util.Vector (java.base@11.0.7)
 159:           558          58032  sun.awt.image.IntegerInterleavedRaster (java.desktop@11.0.7)
 160:          1441          57640  com.intellij.codeInsight.template.impl.Variable
 161:          1441          57640  com.intellij.psi.impl.source.tree.LeafPsiElement
 162:          2390          57360  java.lang.Class$AnnotationData (java.base@11.0.7)
 163:          2383          57192  org.jdom.ImmutableSameTypeAttributeList
 164:          1777          56864  com.intellij.openapi.util.ObjectNode
 165:          1394          55760  com.intellij.reference.SoftReference
 166:           156          54912  javax.swing.JPanel (java.desktop@11.0.7)
 167:           622          54736  kotlin.reflect.jvm.internal.impl.metadata.ProtoBuf$Type
 168:          3379          54064  com.intellij.openapi.actionSystem.Presentation$$Lambda$730/0x0000000800917840
 169:          1348          53920  com.intellij.codeInsight.template.impl.LiveTemplatesOptionsTopHitProvider$Option
 170:           744          53568  java.util.ResourceBundle$CacheKey (java.base@11.0.7)
 171:          1106          53088  jdk.internal.ref.CleanerImpl$PhantomCleanableRef (java.base@11.0.7)
 172:          2174          52176  kotlin.reflect.jvm.internal.impl.protobuf.FieldSet
 173:          1624          51968  com.intellij.openapi.actionSystem.impl.ActionManagerImpl$$Lambda$733/0x0000000800917440
 174:          1297          51880  java.lang.invoke.DirectMethodHandle$Special (java.base@11.0.7)
 175:           922          51632  java.lang.invoke.MethodTypeForm (java.base@11.0.7)
 176:          2137          51288  java.util.regex.Pattern$GroupTail (java.base@11.0.7)
 177:          2128          51072  java.util.regex.Pattern$GroupHead (java.base@11.0.7)
 178:           399          51072  sun.nio.fs.UnixFileAttributes (java.base@11.0.7)
 179:          2124          50976  kotlin.reflect.jvm.internal.ReflectProperties$LazySoftVal
 180:           577          50776  kotlin.reflect.jvm.internal.impl.metadata.ProtoBuf$Function
 181:          1586          50752  com.intellij.util.lang.ClassLoadingLocks$WeakLockReference
 182:          1575          50400  java.lang.ref.ReferenceQueue (java.base@11.0.7)
 183:          1550          49600  org.intellij.markdown.ast.LeafASTNode
 184:          1033          49584  java.nio.HeapByteBuffer (java.base@11.0.7)
 185:          1028          49344  java.nio.HeapCharBuffer (java.base@11.0.7)
 186:          3011          48176  org.languagetool.rules.CorrectExample
 187:          2987          47792  com.intellij.util.containers.LockFreeCopyOnWriteArrayList
 188:          2985          47760  com.intellij.openapi.actionSystem.impl.ProxyShortcutSet
 189:          1488          47616  java.util.ResourceBundle$KeyElementReference (java.base@11.0.7)
 190:          1186          47440  java.security.ProtectionDomain (java.base@11.0.7)
 191:           845          47320  com.intellij.vcs.log.impl.VcsCommitMetadataImpl
 192:          1968          47232  java.util.Collections$SingletonList (java.base@11.0.7)
 193:          1177          47080  java.security.CodeSource (java.base@11.0.7)
 194:          1668          47024  [Lcom.intellij.util.lang.Loader;
 195:          1958          46992  com.intellij.openapi.actionSystem.KeyboardShortcut
 196:          1948          46752  com.sun.javafx.css.PseudoClassState (javafx.graphics@11.0.7)
 197:          1461          46752  java.lang.invoke.LambdaForm$NamedFunction (java.base@11.0.7)
 198:           822          46032  com.intellij.util.containers.SLRUMap$1
 199:           822          46032  com.intellij.util.containers.SLRUMap$2
 200:          1433          45856  jdk.internal.reflect.UnsafeBooleanFieldAccessorImpl (java.base@11.0.7)
 201:          1909          45816  com.sun.javafx.css.StyleClassSet (javafx.graphics@11.0.7)
 202:           708          45312  com.intellij.util.lang.JarLoader
 203:          1119          44760  com.intellij.util.xmlb.OptionTagBinding
 204:          1358          44240  [Ljava.security.ProtectionDomain; (java.base@11.0.7)
 205:          2724          43584  javax.swing.event.EventListenerList (java.desktop@11.0.7)
 206:          1806          43344  org.jdom.Text
 207:          2687          42992  java.util.concurrent.atomic.AtomicBoolean (java.base@11.0.7)
 208:          1072          42880  com.intellij.util.containers.WeakHashMap$WeakKey
 209:          1758          42192  com.intellij.vcs.log.impl.HashImpl
 210:          2623          41968  com.intellij.codeInspection.ex.InspectionToolRegistrar$$Lambda$1245/0x0000000801049c40
 211:          2620          41920  com.intellij.codeInspection.ex.InspectionProfileImpl$$Lambda$1638/0x00000008016e6840
 212:           870          41760  java.util.WeakHashMap (java.base@11.0.7)
 213:          2602          41632  java.util.regex.Pattern$$Lambda$18/0x00000008000d8040 (java.base@11.0.7)
 214:          1277          40864  sun.security.util.ObjectIdentifier (java.base@11.0.7)
 215:           726          40656  org.jetbrains.plugins.scala.lang.psi.impl.toplevel.synthetic.ScSyntheticFunction
 216:          1680          40320  kotlin.reflect.jvm.internal.ReflectProperties$LazySoftVal
 217:          1675          40200  fuck_the_regulations_v321.b7
 218:          1660          39840  java.awt.AWTEventMulticaster (java.desktop@11.0.7)
 219:          1644          39456  com.intellij.openapi.util.IconLoader$CachedImageIcon$MyScaledIconsCache
 220:           702          39312  com.intellij.psi.impl.source.tree.CompositeElement
 221:          1629          39096  sun.reflect.generics.tree.SimpleClassTypeSignature (java.base@11.0.7)
 222:          1600          38400  java.beans.PropertyChangeSupport (java.desktop@11.0.7)
 223:          2361          37776  com.intellij.grazie.detector.utils.collections.array.TrivialOptimizedFloatArray
 224:          1563          37512  java.util.regex.Pattern$CharProperty (java.base@11.0.7)
 225:           688          37280  [Ljava.lang.invoke.LambdaForm$Name; (java.base@11.0.7)
 226:          1164          37248  javafx.css.Declaration (javafx.graphics@11.0.7)
 227:           916          36640  gnu.trove.THashSet
 228:           914          36560  javassist.bytecode.CodeAttribute
 229:           914          36560  javassist.bytecode.MethodInfo
 230:          1517          36408  java.lang.StringBuilder (java.base@11.0.7)
 231:          1133          36256  java.awt.Color (java.desktop@11.0.7)
 232:          1128          36096  javafx.collections.ListChangeBuilder (javafx.base@11.0.7)
 233:           897          35880  com.intellij.util.containers.ConcurrentIntKeyWeakValueHashMap$MyRef
 234:           744          35712  java.util.ResourceBundle$BundleReference (java.base@11.0.7)
 235:           742          35616  com.intellij.codeInsight.intention.IntentionActionBean
 236:           369          35424  com.intellij.util.io.IntToIntBtree
 237:          1476          35424  java.util.regex.Pattern$Ques (java.base@11.0.7)
 238:           880          35200  com.intellij.lang.LanguageExtensionPoint
 239:            88          35200  com.intellij.ui.SimpleColoredComponent
 240:          2198          35168  java.util.HashMap$KeySet (java.base@11.0.7)
 241:          1463          35112  com.intellij.codeInsight.template.impl.TemplateSettings$TemplateKey
 242:           399          35112  com.intellij.codeInspection.InspectionEP
 243:           365          35040  com.intellij.util.io.PersistentBTreeEnumerator
 244:          1451          34824  com.intellij.codeInsight.intention.impl.config.IntentionActionWrapper
 245:           709          34032  com.intellij.codeInsight.intention.impl.config.IntentionActionMetaData
 246:          1400          33600  java.util.regex.Pattern$BitClass (java.base@11.0.7)
 247:          1393          33432  net.loomchild.segment.srx.Rule
 248:          1031          32992  javax.swing.text.html.StyleSheet$SmallConversionSet (java.desktop@11.0.7)
 249:           683          32784  java.lang.invoke.LambdaForm (java.base@11.0.7)
 250:          1365          32760  java.util.regex.Pattern$CharPropertyGreedy (java.base@11.0.7)
 251:          1057          32752  [Lcom.intellij.util.lang.Loader;
 252:          1018          32576  com.intellij.serialization.PropertyAccessor
 253:           365          32120  kotlin.reflect.jvm.internal.impl.metadata.ProtoBuf$Annotation$Argument$Value
 254:          1983          31728  jdk.internal.reflect.DelegatingMethodAccessorImpl (java.base@11.0.7)
 255:           656          31488  org.jetbrains.plugins.scala.lang.psi.types.nonvalue.Parameter
 256:           490          31360  java.nio.DirectByteBuffer (java.base@11.0.7)
 257:           356          31328  com.intellij.util.io.PersistentHashMapValueStorage
 258:           489          31296  kotlin.reflect.jvm.internal.impl.metadata.ProtoBuf$ValueParameter
 259:           973          31136  org.apache.log4j.ProvisionNode
 260:           972          31104  java.util.concurrent.locks.ReentrantLock$NonfairSync (java.base@11.0.7)
 261:          1629          30936  [Lsun.reflect.generics.tree.TypeArgument; (java.base@11.0.7)
 262:           540          30240  com.intellij.openapi.actionSystem.DefaultActionGroup
 263:          1253          30072  sun.font.FontFamily$FontAndStyle (java.desktop@11.0.7)
 264:          1245          29880  jdk.internal.reflect.NativeConstructorAccessorImpl (java.base@11.0.7)
 265:           928          29696  javax.swing.SizeRequirements (java.desktop@11.0.7)
 266:          1235          29640  javassist.bytecode.NameAndTypeInfo
 267:           739          29560  com.intellij.util.io.ResizeableMappedFile
 268:            80          28800  com.intellij.psi.codeStyle.CommonCodeStyleSettings
 269:           865          27680  kotlin.reflect.jvm.internal.impl.name.FqNameUnsafe
 270:            65          27560  com.intellij.ui.components.JBLabel
 271:          1709          27344  java.util.concurrent.atomic.AtomicInteger (java.base@11.0.7)
 272:           243          27216  com.intellij.util.indexing.impl.MapIndexStorage$2
 273:          1121          26904  jdk.internal.reflect.NativeMethodAccessorImpl (java.base@11.0.7)
 274:           558          26784  java.awt.image.DataBufferInt (java.desktop@11.0.7)
 275:           558          26784  java.awt.image.SinglePixelPackedSampleModel (java.desktop@11.0.7)
 276:           659          26360  java.io.FileDescriptor (java.base@11.0.7)
 277:          1644          26304  com.intellij.ui.icons.LazyImageIcon$1
 278:           812          25984  sun.security.util.DerInputBuffer (java.base@11.0.7)
 279:           812          25984  sun.security.util.DerValue (java.base@11.0.7)
 280:           541          25968  java.util.concurrent.locks.ReentrantReadWriteLock$NonfairSync (java.base@11.0.7)
 281:          1619          25904  sun.reflect.generics.tree.ClassTypeSignature (java.base@11.0.7)
 282:          1076          25824  java.util.Arrays$ArrayList (java.base@11.0.7)
 283:           461          25816  java.io.FileCleanable (java.base@11.0.7)
 284:          1613          25808  java.beans.PropertyChangeSupport$PropertyChangeListenerMap (java.desktop@11.0.7)
 285:           356          25632  com.intellij.util.io.PersistentHashMapValueStorage$MyCompressedAppendableFile
 286:           399          25536  java.util.zip.ZipFile$Source (java.base@11.0.7)
 287:           794          25408  fuck_the_regulations_v321.ao
 288:           632          25280  javax.swing.text.GapContent$MarkData (java.desktop@11.0.7)
 289:          1577          25232  java.lang.ref.ReferenceQueue$Lock (java.base@11.0.7)
 290:          1047          25128  javassist.bytecode.MethodrefInfo
 291:           261          25056  sun.font.AttributeValues (java.desktop@11.0.7)
 292:          1034          24816  kotlin.reflect.jvm.internal.ReflectProperties$LazyVal
 293:           509          24432  javax.swing.text.html.HTMLDocument$BlockElement (java.desktop@11.0.7)
 294:           758          24256  java.util.Locale (java.base@11.0.7)
 295:           756          24192  org.languagetool.analysis.AnalyzedToken
 296:           752          24064  sun.util.locale.BaseLocale$Key (java.base@11.0.7)
 297:           751          24032  sun.util.locale.BaseLocale (java.base@11.0.7)
 298:          1493          23888  com.intellij.idea.IdeaLogger
 299:           156          23712  com.intellij.ide.plugins.IdeaPluginDescriptorImpl
 300:           592          23680  com.intellij.openapi.vfs.newvfs.impl.VirtualDirectoryImpl
 301:           985          23640  fuck_the_regulations_v321.b1
 302:           591          23640  java.util.TreeMap$Entry (java.base@11.0.7)
 303:          1463          23408  com.intellij.codeInsight.template.impl.TemplateContext
 304:           968          23232  com.google.common.collect.ImmutableMapEntry
 305:           481          23088  com.intellij.util.containers.ConcurrentSoftValueHashMap$MySoftReference
 306:           955          22920  kotlin.reflect.jvm.internal.ReflectProperties$LazyVal
 307:           948          22752  java.util.regex.Pattern$BmpCharPredicate$$Lambda$55/0x00000008001b7040 (java.base@11.0.7)
 308:            64          22528  com.intellij.ui.components.JBScrollPane$Corner
 309:          1400          22400  java.util.regex.Pattern$$Lambda$20/0x00000008000d8840 (java.base@11.0.7)
 310:          1400          22400  java.util.regex.Pattern$BitClass$$Lambda$19/0x00000008000d8440 (java.base@11.0.7)
 311:           466          22368  gnu.trove.TIntIntHashMap
 312:          1395          22320  javax.swing.ArrayTable (java.desktop@11.0.7)
 313:           979          22280  [Ljavax.swing.text.AttributeSet; (java.desktop@11.0.7)
 314:           463          22224  com.google.gson.internal.LinkedTreeMap$Node
 315:           690          22080  com.intellij.grazie.detector.utils.collections.array.ThreeOptimizedFloatArray
 316:           460          22080  com.intellij.openapi.editor.markup.AttributesFlyweight
 317:            22          22064  [Lcom.intellij.psi.tree.IElementType;
 318:           125          22000  com.intellij.util.ui.GridBag
 319:            55          22000  javax.swing.JLabel (java.desktop@11.0.7)
 320:          1375          22000  jdk.internal.reflect.DelegatingConstructorAccessorImpl (java.base@11.0.7)
 321:           914          21936  javassist.bytecode.ExceptionTable
 322:           914          21936  javassist.bytecode.LineNumberAttribute
 323:           908          21792  javassist.bytecode.LocalVariableAttribute
 324:          1353          21648  java.util.concurrent.atomic.AtomicReference (java.base@11.0.7)
 325:           673          21536  java.io.File (java.base@11.0.7)
 326:           537          21480  javafx.css.Rule (javafx.graphics@11.0.7)
 327:           537          21480  javafx.css.Rule$Observables$1 (javafx.graphics@11.0.7)
 328:           537          21480  javafx.css.Rule$Observables$2 (javafx.graphics@11.0.7)
 329:           895          21480  org.jetbrains.plugins.scala.caches.CachesUtil$Timestamped
 330:           908          21472  [Ljava.lang.reflect.Type; (java.base@11.0.7)
 331:           665          21280  com.intellij.serialization.xml.KotlinAwareBeanBinding
 332:           663          21216  jdk.internal.reflect.UnsafeObjectFieldAccessorImpl (java.base@11.0.7)
 333:           658          21056  com.intellij.util.containers.UnsafeWeakList$MyReference
 334:           873          20952  kotlin.reflect.jvm.internal.impl.name.FqName
 335:           154          20944  com.intellij.ide.plugins.cl.PluginClassLoader
 336:           238          20944  com.intellij.util.indexing.VfsAwareMapReduceIndex
 337:            77          20944  javax.swing.CellRendererPane (java.desktop@11.0.7)
 338:           871          20904  com.intellij.openapi.util.Key
 339:          1303          20848  com.intellij.util.SmartFMap
 340:           519          20760  com.intellij.openapi.actionSystem.impl.ActionManagerImpl$1
 341:          1296          20736  sun.font.Font2DHandle (java.desktop@11.0.7)
 342:            12          20720  [Ljava.nio.ByteBuffer; (java.base@11.0.7)
 343:           616          20576  [[I (java.base@11.0.7)
 344:           367          20552  com.android.tools.lint.detector.api.Issue
 345:           316          20224  fuck_the_regulations_v321.eP
 346:           805          20184  [Ljava.beans.PropertyChangeListener; (java.desktop@11.0.7)
 347:           315          20160  fuck_the_regulations_v321.eH
 348:            50          20000  com.intellij.openapi.actionSystem.impl.ActionToolbarImpl$3
 349:           138          19872  [Lcom.sun.prism.impl.GlyphCache$GlyphData; (javafx.graphics@11.0.7)
 350:            99          19800  org.apache.xerces.impl.dv.xs.XSSimpleTypeDecl
 351:           819          19656  java.util.ArrayDeque (java.base@11.0.7)
 352:           614          19648  com.intellij.ide.plugins.IdeaPluginDescriptorImpl$PluginDependency
 353:           204          19584  javax.swing.text.html.InlineView (java.desktop@11.0.7)
 354:           609          19488  com.intellij.patterns.compiler.PatternCompilerImpl$LazyPresentablePattern
 355:           812          19488  sun.security.util.DerInputStream (java.base@11.0.7)
 356:           808          19392  java.util.regex.Pattern$$Lambda$53/0x00000008001b6840 (java.base@11.0.7)
 357:           269          19368  com.intellij.util.JBHiDPIScaledImage
 358:           482          19280  jdk.internal.ref.Cleaner (java.base@11.0.7)
 359:           176          19200  [D (java.base@11.0.7)
 360:           798          19152  com.intellij.codeInspection.ex.GlobalInspectionToolWrapper
 361:           796          19104  [Lsun.security.x509.AVA; (java.base@11.0.7)
 362:           796          19104  sun.security.x509.AVA (java.base@11.0.7)
 363:           796          19104  sun.security.x509.RDN (java.base@11.0.7)
 364:          1187          18992  java.util.regex.Pattern$$Lambda$1261/0x0000000801123c40 (java.base@11.0.7)
 365:           791          18984  scala.collection.immutable.$colon$colon
 366:          1186          18976  [Ljava.security.Principal; (java.base@11.0.7)
 367:          1186          18976  java.security.ProtectionDomain$Key (java.base@11.0.7)
 368:           474          18960  com.intellij.ide.fileTemplates.impl.DefaultTemplate
 369:           335          18760  sun.security.ssl.CipherSuite (java.base@11.0.7)
 370:           468          18720  com.intellij.util.io.ReadWriteDirectBufferWrapper
 371:           194          18624  java.util.jar.JarFile$JarFileEntry (java.base@11.0.7)
 372:            34          18496  com.intellij.openapi.actionSystem.impl.ActionMenu
 373:           577          18464  org.jetbrains.kotlin.name.FqNameUnsafe
 374:           461          18440  com.intellij.openapi.editor.markup.AttributesFlyweight$FlyweightKey
 375:           763          18312  com.intellij.serialization.stateProperties.ObjectStoredProperty
 376:           570          18240  javax.swing.text.html.CSS$LengthValue (java.desktop@11.0.7)
 377:           759          18216  java.util.concurrent.atomic.AtomicLong (java.base@11.0.7)
 378:          1118          17888  java.util.LinkedHashSet (java.base@11.0.7)
 379:           446          17840  java.lang.Package$VersionInfo (java.base@11.0.7)
 380:           742          17808  scala.collection.mutable.ArrayBuffer
 381:           278          17792  kotlin.reflect.jvm.internal.KMutableProperty1Impl
 382:           676          17768  [Ljavax.swing.text.AbstractDocument$AbstractElement; (java.desktop@11.0.7)
 383:           551          17632  javafx.css.CompoundSelector (javafx.graphics@11.0.7)
 384:           122          17568  java.awt.image.DirectColorModel (java.desktop@11.0.7)
 385:           547          17504  java.awt.Insets (java.desktop@11.0.7)
 386:           727          17448  java.lang.Long (java.base@11.0.7)
 387:           726          17424  com.intellij.codeInsight.intention.impl.config.IntentionManagerSettings$MetaDataKey
 388:           198          17424  sun.awt.image.BufImgSurfaceData (java.desktop@11.0.7)
 389:           363          17424  sun.font.FontFamily (java.desktop@11.0.7)
 390:           434          17360  java.lang.invoke.DirectMethodHandle$Accessor (java.base@11.0.7)
 391:           270          17280  com.intellij.util.lang.JarLoader
 392:           308          17248  javax.swing.text.html.StyleSheet$BoxPainter (java.desktop@11.0.7)
 393:           718          17232  javassist.bytecode.AnnotationsAttribute
 394:           665          17216  [Lcom.intellij.util.xmlb.NestedBinding;
 395:            43          17200  com.intellij.ide.HelpTooltip$Header
 396:          1072          17152  com.intellij.serialization.FieldAccessor
 397:           713          17112  javassist.bytecode.ClassInfo
 398:           356          17088  com.intellij.util.io.PersistentHashMap$4
 399:           708          16992  com.intellij.util.lang.ClasspathCache$NameFilter
 400:           708          16992  javax.swing.KeyStroke (java.desktop@11.0.7)
 401:           707          16968  java.awt.Dimension (java.desktop@11.0.7)
 402:            45          16920  java.lang.Thread (java.base@11.0.7)
 403:           527          16864  javax.swing.text.StyleContext$NamedStyle (java.desktop@11.0.7)
 404:           702          16848  java.util.Collections$SetFromMap (java.base@11.0.7)
 405:           699          16776  com.intellij.codeInsight.intention.impl.config.ResourceTextDescriptor
 406:           298          16688  com.intellij.openapi.extensions.impl.BeanExtensionPoint
 407:           417          16680  com.intellij.util.io.IntToIntBtree$BtreeIndexNodeView
 408:           415          16600  javax.swing.text.html.HTMLDocument$RunElement (java.desktop@11.0.7)
 409:           508          16256  kotlin.reflect.jvm.internal.impl.name.FqNameUnsafe
 410:           156          16224  jdk.nio.zipfs.ZipFileSystem (jdk.zipfs@11.0.7)
 411:           673          16152  fuck_the_regulations_v321.ac
 412:           673          16152  sun.java2d.StateTrackableDelegate (java.desktop@11.0.7)
 413:           665          15960  com.intellij.serialization.BaseBeanBinding
 414:           658          15792  java.security.Provider$ServiceKey (java.base@11.0.7)
 415:           657          15768  com.intellij.psi.stubs.StubFieldAccessor
 416:           491          15712  jdk.internal.reflect.UnsafeIntegerFieldAccessorImpl (java.base@11.0.7)
 417:           490          15680  com.intellij.util.ui.JBInsets
 418:           139          15568  java.awt.GridBagConstraints (java.desktop@11.0.7)
 419:           243          15552  com.intellij.util.io.AppendableStorageBackedByResizableMappedFile
 420:           481          15392  java.nio.DirectByteBuffer$Deallocator (java.base@11.0.7)
 421:           641          15384  com.intellij.openapi.vcs.LocalFilePath
 422:           315          15376  [[Lfuck_the_regulations_v321.aQ;
 423:           240          15360  com.intellij.util.indexing.VfsAwareMapIndexStorage
 424:           476          15232  com.intellij.javaee.ExternalResourceManagerExImpl$Resource
 425:           474          15168  com.intellij.ide.fileTemplates.impl.BundledFileTemplate
 426:           135          15120  kotlin.reflect.jvm.internal.impl.metadata.ProtoBuf$Class
 427:           468          14976  com.intellij.ide.plugins.ContainerDescriptor
 428:           187          14960  sun.net.www.protocol.jar.URLJarFile (java.base@11.0.7)
 429:           622          14928  javax.swing.ActionMap (java.desktop@11.0.7)
 430:           265          14840  com.intellij.openapi.util.registry.RegistryValue
 431:           618          14832  com.intellij.openapi.util.LowMemoryWatcher
 432:           263          14728  java.security.Provider$Service (java.base@11.0.7)
 433:           609          14616  org.intellij.plugins.intelliLang.inject.config.InjectionPlace
 434:           166          14608  kotlin.reflect.jvm.internal.impl.metadata.ProtoBuf$Property
 435:           364          14560  java.lang.invoke.BoundMethodHandle$Species_LLL (java.base@11.0.7)
 436:           351          14040  com.intellij.util.Alarm
 437:           868          13888  java.util.concurrent.locks.ReentrantLock (java.base@11.0.7)
 438:            78          13432  [Lcom.google.common.collect.ImmutableMapEntry;
 439:           239          13384  com.intellij.openapi.vfs.impl.UrlPartNode
 440:           556          13344  fuck_the_regulations_v321.bS
 441:           417          13344  java.util.regex.Pattern$Curly (java.base@11.0.7)
 442:            34          13328  com.intellij.openapi.ui.JBPopupMenu
 443:           554          13296  java.lang.Double (java.base@11.0.7)
 444:           554          13296  sun.reflect.generics.factory.CoreReflectionFactory (java.base@11.0.7)
 445:           236          13216  java.awt.BorderLayout (java.desktop@11.0.7)
 446:           412          13184  com.intellij.util.messages.impl.MessageBusConnectionImpl
 447:           547          13128  sun.reflect.generics.reflectiveObjects.ParameterizedTypeImpl (java.base@11.0.7)
 448:           408          13056  java.io.RandomAccessFile (java.base@11.0.7)
 449:           544          13056  javassist.bytecode.StringInfo
 450:           537          12888  javafx.css.Rule$Observables (javafx.graphics@11.0.7)
 451:           179          12888  sun.nio.ch.FileChannelImpl (java.base@11.0.7)
 452:           532          12768  java.util.concurrent.locks.ReentrantReadWriteLock (java.base@11.0.7)
 453:           531          12744  org.jetbrains.kotlin.name.FqName
 454:           265          12720  com.intellij.util.ui.JBImageIcon
 455:           794          12704  com.intellij.openapi.editor.markup.TextAttributes
 456:           528          12672  org.jetbrains.kotlin.renderer.DescriptorRendererOptionsImpl$property$$inlined$vetoable$1
 457:           571          12664  [Lorg.languagetool.analysis.AnalyzedToken;
 458:           316          12640  com.intellij.reference.SoftReference
 459:           492          12616  [Ljavax.swing.text.View; (java.desktop@11.0.7)
 460:           518          12432  javax.swing.text.html.StyleSheet$ViewAttributeSet (java.desktop@11.0.7)
 461:             5          12384  [Ljava.nio.channels.SelectionKey; (java.base@11.0.7)
 462:           192          12288  com.intellij.ui.components.TwoWayAnimator$MyAnimator
 463:           384          12288  java.lang.ThreadLocal$ThreadLocalMap$Entry (java.base@11.0.7)
 464:           256          12288  java.util.logging.LogManager$LoggerWeakRef (java.logging@11.0.7)
 465:           512          12288  javax.swing.text.GapContent$StickyPosition (java.desktop@11.0.7)
 466:           504          12096  java.util.jar.Attributes$Name (java.base@11.0.7)
 467:           251          12048  com.sun.javafx.font.coretext.CTGlyph (javafx.graphics@11.0.7)
 468:           497          11928  java.util.regex.Pattern$SliceI (java.base@11.0.7)
 469:           297          11880  com.intellij.psi.impl.source.tree.PsiWhiteSpaceImpl
 470:           370          11840  com.intellij.openapi.extensions.LoadingOrder
 471:           370          11840  java.io.DataInputStream (java.base@11.0.7)
 472:           295          11800  kotlin.reflect.jvm.internal.impl.metadata.ProtoBuf$Annotation$Argument
 473:            24          11712  com.intellij.ide.ui.laf.darcula.ui.DarculaComboBoxUI$1
 474:           243          11664  com.intellij.util.indexing.impl.MapIndexStorage$3
 475:           483          11592  org.jetbrains.kotlin.cli.common.arguments.Freezable$FreezableVar
 476:           482          11568  java.lang.invoke.MethodHandleNatives$CallSiteContext (java.base@11.0.7)
 477:           482          11568  java.lang.invoke.MutableCallSite (java.base@11.0.7)
 478:            32          11520  com.intellij.ui.components.panels.NonOpaquePanel
 479:           719          11504  java.lang.Float (java.base@11.0.7)
 480:           287          11480  java.awt.image.BufferedImage (java.desktop@11.0.7)
 481:           478          11472  kotlin.reflect.jvm.internal.impl.name.FqName
 482:           358          11456  java.lang.ref.PhantomReference (java.base@11.0.7)
 483:           357          11424  com.intellij.util.containers.LimitedPool
 484:           356          11392  com.intellij.util.io.UnsyncByteArrayInputStream
 485:           472          11328  java.util.regex.Pattern$BmpCharPropertyGreedy (java.base@11.0.7)
 486:            24          11328  javax.swing.plaf.basic.BasicComboBoxEditor$BorderlessTextField (java.desktop@11.0.7)
 487:           156          11232  java.awt.geom.AffineTransform (java.desktop@11.0.7)
 488:           466          11184  java.lang.module.ModuleDescriptor$Exports (java.base@11.0.7)
 489:           232          11136  gnu.trove.TIntDoubleHashMap
 490:           232          11136  java.util.TreeMap (java.base@11.0.7)
 491:           231          11088  kotlin.reflect.jvm.internal.impl.metadata.ProtoBuf$QualifiedNameTable$QualifiedName
 492:           461          11064  javax.swing.text.html.StyleSheet$ResolvedStyle (java.desktop@11.0.7)
 493:           345          11040  java.util.concurrent.locks.AbstractQueuedSynchronizer$Node (java.base@11.0.7)
 494:           344          11008  java.util.zip.ZipFile$CleanableResource (java.base@11.0.7)
 495:           275          11000  java.lang.invoke.MethodHandleImpl$AsVarargsCollector (java.base@11.0.7)
 496:           342          10944  com.intellij.psi.tree.TokenSet
 497:           171          10944  kotlin.reflect.jvm.internal.KMutableProperty1Impl
 498:           341          10912  jdk.internal.math.FDBigInteger (java.base@11.0.7)
 499:            80          10880  javax.swing.text.html.ParagraphView (java.desktop@11.0.7)
 500:           340          10880  org.jetbrains.plugins.textmate.language.syntax.SyntaxScopeProxyDescriptor
 501:           453          10872  java.lang.ThreadLocal$SuppliedThreadLocal (java.base@11.0.7)
 502:           336          10752  com.intellij.openapi.editor.impl.TextChangeImpl
 503:           335          10720  javafx.scene.paint.Color (javafx.graphics@11.0.7)
 504:           268          10720  org.antlr.v4.runtime.atn.BasicState
 505:           103          10712  javax.swing.text.ParagraphView$Row (java.desktop@11.0.7)
 506:           446          10704  com.intellij.util.xml.impl.DomImplementationClassEP
 507:           334          10688  sun.java2d.DefaultDisposerRecord (java.desktop@11.0.7)
 508:           332          10624  com.intellij.openapi.vfs.impl.VirtualFilePointerImpl
 509:           110          10560  sun.java2d.opengl.CGLSurfaceData$CGLOffScreenSurfaceData (java.desktop@11.0.7)
 510:           262          10480  org.intellij.plugins.markdown.lang.psi.impl.MarkdownCodeFenceContentImpl
 511:           435          10440  org.antlr.v4.runtime.atn.EpsilonTransition
 512:           433          10392  java.util.regex.Pattern$Bound (java.base@11.0.7)
 513:            27          10368  com.intellij.ui.components.JBScrollBar
 514:           427          10248  com.google.common.collect.ImmutableMapEntry$NonTerminalImmutableMapEntry
 515:            21          10080  com.intellij.openapi.actionSystem.impl.StubItem
 516:           315          10080  fuck_the_regulations_v321.cS
 517:           140          10080  javax.swing.plaf.FontUIResource (java.desktop@11.0.7)
 518:            90          10080  javax.swing.text.html.BlockView (java.desktop@11.0.7)
 519:           210          10080  sun.security.x509.X500Name (java.base@11.0.7)
 520:           251          10040  com.sun.prism.impl.GlyphCache$GlyphData (javafx.graphics@11.0.7)
 521:           312           9984  jdk.nio.zipfs.ZipPath (jdk.zipfs@11.0.7)
 522:           416           9984  sun.reflect.generics.scope.ClassScope (java.base@11.0.7)
 523:           415           9960  org.jetbrains.kotlin.diagnostics.DiagnosticFactory0
 524:           414           9936  fuck_the_regulations_v321.aN
 525:           310           9920  com.intellij.util.lang.IntObjectHashMap
 526:           412           9888  javax.swing.text.html.StyleSheet$SelectorMapping (java.desktop@11.0.7)
 527:           411           9864  com.intellij.openapi.util.Couple
 528:           411           9864  com.intellij.util.text.ImmutableText$CompositeNode
 529:           246           9840  java.lang.Throwable (java.base@11.0.7)
 530:           204           9792  com.intellij.openapi.vfs.impl.FilePointerPartNode
 531:           408           9792  com.intellij.serialization.stateProperties.NormalizedStringStoredProperty
 532:           306           9792  sun.reflect.generics.repository.ClassRepository (java.base@11.0.7)
 533:           405           9720  [Lcom.intellij.openapi.components.Storage;
 534:           243           9720  com.intellij.util.io.AppendableStorageBackedByResizableMappedFile$MyBufferedIS
 535:           605           9680  java.util.HashMap$EntrySet (java.base@11.0.7)
 536:           603           9648  java.util.LinkedHashMap$LinkedEntrySet (java.base@11.0.7)
 537:           241           9640  com.intellij.util.indexing.IndexingStamp$IndexVersion
 538:           208           9632  [Ljava.lang.invoke.MethodHandle; (java.base@11.0.7)
 539:           300           9600  sun.security.x509.AlgorithmId (java.base@11.0.7)
 540:            19           9576  com.intellij.openapi.wm.impl.StripeButton
 541:           399           9576  java.util.zip.ZipFile$Source$Key (java.base@11.0.7)
 542:           299           9568  com.intellij.psi.impl.source.resolve.reference.ProviderBinding$ProviderInfo
 543:           199           9552  sun.java2d.loops.Blit (java.desktop@11.0.7)
 544:           236           9536  [Ljavax.swing.text.GapContent$MarkData; (java.desktop@11.0.7)
 545:            99           9504  com.intellij.util.io.PersistentHashMap
 546:           297           9504  com.siyeh.ig.callMatcher.CallMatcher$Simple
 547:            27           9504  javax.swing.Box$Filler (java.desktop@11.0.7)
 548:             9           9360  [Lio.netty.util.Recycler$DefaultHandle;
 549:           289           9248  java.util.logging.LogManager$LogNode (java.logging@11.0.7)
 550:           385           9240  com.intellij.patterns.ObjectPattern$1
 551:           385           9240  javax.swing.InputMap (java.desktop@11.0.7)
 552:           286           9152  java.awt.datatransfer.DataFlavor (java.datatransfer@11.0.7)
 553:           163           9128  java.util.concurrent.ConcurrentHashMap$KeyIterator (java.base@11.0.7)
 554:           377           9048  kotlin.reflect.jvm.internal.impl.protobuf.LiteralByteString
 555:           376           9024  fuck_the_regulations_v321.bX
 556:           188           9024  kotlin.reflect.jvm.internal.impl.metadata.ProtoBuf$Type$Argument
 557:             1           8960  [Lcom.intellij.codeInspection.LocalInspectionEP;
 558:           224           8960  javafx.scene.input.KeyCode (javafx.graphics@11.0.7)
 559:           369           8856  com.intellij.util.io.IntToIntBtree$BtreeRootNode
 560:           369           8856  com.intellij.util.io.PersistentEnumeratorBase$Version
 561:           368           8832  fuck_the_regulations_v321.bj
 562:            69           8832  javax.swing.text.html.HTMLEditorKit$HTMLFactory$BodyBlockView (java.desktop@11.0.7)
 563:           548           8768  java.util.WeakHashMap$KeySet (java.base@11.0.7)
 564:           156           8736  com.intellij.openapi.fileTypes.impl.FileTypeBean
 565:           156           8736  jdk.nio.zipfs.ZipFileSystem$END (jdk.zipfs@11.0.7)
 566:           543           8688  java.util.concurrent.locks.ReentrantReadWriteLock$Sync$ThreadLocalHoldCounter (java.base@11.0.7)
 567:           543           8688  java.util.concurrent.locks.ReentrantReadWriteLock$WriteLock (java.base@11.0.7)
 568:           155           8680  com.intellij.util.lang.ClassPath
 569:           155           8680  org.intellij.plugins.intelliLang.inject.config.BaseInjection
 570:           542           8672  java.util.concurrent.locks.ReentrantReadWriteLock$ReadLock (java.base@11.0.7)
 571:           360           8640  kotlin.reflect.jvm.internal.KCallableImpl$_annotations$1
 572:           360           8640  kotlin.reflect.jvm.internal.KCallableImpl$_parameters$1
 573:           360           8640  kotlin.reflect.jvm.internal.KCallableImpl$_returnType$1
 574:           360           8640  kotlin.reflect.jvm.internal.KCallableImpl$_typeParameters$1
 575:             5           8560  [Lio.netty.buffer.PoolSubpage;
 576:           356           8544  com.intellij.util.io.PersistentHashMap$2
 577:           356           8544  com.intellij.util.io.PersistentHashMapValueStorage$CreationTimeOptions
 578:           353           8472  com.intellij.openapi.editor.impl.view.LineLayout$Chunk
 579:           351           8424  kotlin.reflect.jvm.internal.impl.name.Name
 580:           131           8384  com.intellij.configurationStore.StateStorageManagerImpl$MyFileStorage
 581:           348           8352  java.util.Collections$SynchronizedSet (java.base@11.0.7)
 582:           104           8320  com.google.common.cache.LocalCache$Segment
 583:           260           8320  com.intellij.ui.Gray
 584:           258           8256  com.intellij.util.ui.JBEmptyBorder
 585:             1           8216  [Lscala.math.BigInt;
 586:            18           8208  com.intellij.ide.ui.laf.darcula.ui.DarculaComboBoxUI$CustomComboPopup
 587:           338           8112  kotlin.SafePublicationLazyImpl
 588:           336           8064  com.intellij.openapi.editor.impl.softwrap.SoftWrapImpl
 589:           252           8064  com.sun.javafx.geom.Rectangle (javafx.graphics@11.0.7)
 590:           336           8064  kotlin.reflect.jvm.internal.KCallableImpl$_annotations$1
 591:           336           8064  kotlin.reflect.jvm.internal.KCallableImpl$_parameters$1
 592:           336           8064  kotlin.reflect.jvm.internal.KCallableImpl$_returnType$1
 593:           336           8064  kotlin.reflect.jvm.internal.KCallableImpl$_typeParameters$1
 594:           336           8064  kotlin.reflect.jvm.internal.KPropertyImpl$_descriptor$1
 595:           336           8064  kotlin.reflect.jvm.internal.KPropertyImpl$_javaField$1
 596:           201           8040  com.intellij.util.containers.SLRUMap
 597:           335           8040  fuck_the_regulations_v321.aJ
 598:           251           8032  com.sun.javafx.font.coretext.CGPoint (javafx.graphics@11.0.7)
 599:           251           8032  com.sun.javafx.font.coretext.CGSize (javafx.graphics@11.0.7)
 600:           334           8016  kotlin.reflect.jvm.internal.KProperty1Impl$_getter$1
 601:           334           8016  kotlin.reflect.jvm.internal.KProperty1Impl$delegateField$1
 602:           501           8016  org.jetbrains.plugins.textmate.language.preferences.TextMateBracePair
 603:           250           8000  com.intellij.util.containers.LockFreeCopyOnWriteArrayList$COWIterator
 604:           100           8000  sun.security.x509.X509CertImpl (java.base@11.0.7)
 605:           198           7920  kotlin.reflect.jvm.internal.impl.metadata.ProtoBuf$Annotation
 606:           327           7848  com.sun.javafx.css.SelectorPartitioning$Partition (javafx.graphics@11.0.7)
 607:           196           7840  scala.collection.mutable.HashSet
 608:           163           7824  sun.java2d.loops.ScaledBlit (java.desktop@11.0.7)
 609:           243           7776  com.intellij.util.io.AppendableStorageBackedByResizableMappedFile$MyDataIS
 610:           243           7776  com.intellij.util.io.MappedFileInputStream
 611:           121           7744  kotlin.reflect.jvm.internal.KProperty1Impl
 612:           322           7728  jdk.internal.loader.AbstractClassLoaderValue$Sub (java.base@11.0.7)
 613:           240           7680  com.intellij.util.indexing.MemoryIndexStorage
 614:           317           7608  com.intellij.ui.ColorUtil$$Lambda$1147/0x0000000800e11840
 615:           317           7608  com.sun.javafx.css.SelectorPartitioning$Slot (javafx.graphics@11.0.7)
 616:            19           7600  com.intellij.ui.components.JBViewport
 617:           315           7560  fuck_the_regulations_v321.bW
 618:           315           7560  fuck_the_regulations_v321.dh
 619:           157           7536  com.intellij.util.containers.ObjectLongHashMap
 620:           313           7512  javax.swing.ComponentInputMap (java.desktop@11.0.7)
 621:            67           7504  javax.swing.text.html.HTMLEditorKit$HTMLFactory$1 (java.desktop@11.0.7)
 622:           224           7496  [Lcom.intellij.openapi.extensions.PluginId;
 623:            18           7488  javax.swing.plaf.basic.BasicComboPopup$1 (java.desktop@11.0.7)
 624:           444           7464  [Lsun.reflect.generics.tree.FormalTypeParameter; (java.base@11.0.7)
 625:           233           7456  org.jetbrains.plugins.groovy.lang.lexer.GroovyElementType
 626:           464           7424  com.sun.proxy.$Proxy20
 627:           460           7360  java.util.jar.Attributes (java.base@11.0.7)
 628:           306           7344  sun.reflect.generics.tree.ClassSignature (java.base@11.0.7)
 629:           228           7296  java.util.concurrent.SynchronousQueue$TransferStack$SNode (java.base@11.0.7)
 630:             3           7240  [Ljava.lang.Character$UnicodeScript; (java.base@11.0.7)
 631:           226           7232  javax.swing.plaf.ColorUIResource (java.desktop@11.0.7)
 632:           301           7224  kotlin.SafePublicationLazyImpl
 633:           180           7200  com.intellij.psi.impl.source.resolve.reference.PsiReferenceContributorEP
 634:           450           7200  java.util.LinkedHashMap$LinkedKeySet (java.base@11.0.7)
 635:            18           7200  javax.swing.JScrollPane (java.desktop@11.0.7)
 636:           299           7176  kotlin.reflect.jvm.internal.KPropertyImpl$_descriptor$1
 637:           299           7176  kotlin.reflect.jvm.internal.KPropertyImpl$_javaField$1
 638:           112           7168  java.lang.invoke.BoundMethodHandle$Species_LLLLLLIIL (java.base@11.0.7)
 639:           210           7112  [Lsun.security.x509.RDN; (java.base@11.0.7)
 640:           148           7104  com.intellij.openapi.roots.impl.DirectoryInfoImpl
 641:           296           7104  javassist.bytecode.ParameterAnnotationsAttribute
 642:           296           7104  kotlin.reflect.jvm.internal.impl.name.ClassId
 643:           306           7096  [Lsun.reflect.generics.tree.ClassTypeSignature; (java.base@11.0.7)
 644:           221           7072  com.intellij.configurationStore.ComponentInfoImpl
 645:           441           7056  com.sun.proxy.$Proxy21
 646:           110           7040  com.sun.crypto.provider.CipherCore (java.base@11.0.7)
 647:           110           7040  javax.crypto.Cipher (java.base@11.0.7)
 648:           219           7008  com.intellij.util.xmlb.AttributeBinding
 649:           292           7008  kotlin.reflect.jvm.internal.KProperty1Impl$_getter$1
 650:           292           7008  kotlin.reflect.jvm.internal.KProperty1Impl$delegateField$1
 651:           292           7008  org.languagetool.tagging.disambiguation.rules.DisambiguatedExample
 652:           291           6984  kotlin.SynchronizedLazyImpl
 653:            87           6960  java.net.URI (java.base@11.0.7)
 654:           288           6912  com.intellij.openapi.editor.colors.TextAttributesKey
 655:           216           6912  io.netty.buffer.PoolThreadCache$SubPageMemoryRegionCache
 656:            18           6912  javax.swing.JViewport (java.desktop@11.0.7)
 657:           144           6912  sun.java2d.opengl.OGLSurfaceDataProxy (java.desktop@11.0.7)
 658:           215           6880  sun.nio.fs.UnixFileKey (java.base@11.0.7)
 659:           286           6864  java.awt.datatransfer.MimeType (java.datatransfer@11.0.7)
 660:           170           6800  jdk.internal.reflect.UnsafeQualifiedStaticObjectFieldAccessorImpl (java.base@11.0.7)
 661:           212           6784  com.intellij.openapi.util.io.UniqueNameBuilder$Node
 662:           282           6768  com.intellij.ui.components.ScrollBarPainter$$Lambda$822/0x0000000800a9a440
 663:            18           6768  javax.swing.JScrollPane$ScrollBar (java.desktop@11.0.7)
 664:           281           6744  com.intellij.ui.classFilter.ClassFilter
 665:            14           6720  com.intellij.openapi.ui.FixedSizeButton
 666:           280           6720  javassist.bytecode.IntegerInfo
 667:           278           6672  kotlin.reflect.jvm.internal.KMutableProperty1Impl$_setter$1
 668:           208           6656  com.intellij.serialization.stateProperties.StatePropertyFactoryImpl$obj$1
 669:           166           6640  javax.swing.text.html.parser.AttributeList (java.desktop@11.0.7)
 670:            15           6600  com.intellij.openapi.actionSystem.impl.ActionToolbarImpl
 671:           103           6592  com.intellij.util.concurrency.SchedulingWrapper$MyScheduledFutureTask
 672:           206           6592  java.nio.file.attribute.FileTime (java.base@11.0.7)
 673:           411           6576  com.intellij.openapi.util.Computable$PredefinedValueComputable
 674:           205           6560  com.intellij.openapi.vfs.newvfs.impl.VirtualFileImpl
 675:            16           6528  com.intellij.openapi.ui.ComboBox
 676:           272           6528  com.intellij.util.lang.ClasspathCache$NameFilter
 677:           405           6480  java.lang.Short (java.base@11.0.7)
 678:           270           6480  javafx.css.StyleClass (javafx.graphics@11.0.7)
 679:           270           6480  org.jetbrains.kotlin.name.Name
 680:           269           6456  com.intellij.internal.statistic.local.ActionSummary
 681:           201           6432  javax.swing.text.html.CSS$FontSize (java.desktop@11.0.7)
 682:           266           6384  com.intellij.patterns.StringPattern
 683:           399           6384  sun.nio.fs.UnixFileAttributes$UnixAsBasicFileAttributes (java.base@11.0.7)
 684:           114           6384  sun.security.util.MemoryCache$SoftCacheEntry (java.base@11.0.7)
 685:           199           6368  io.netty.util.AsciiString
 686:           393           6288  com.intellij.openapi.extensions.ExtensionPointName
 687:            13           6240  com.intellij.ui.components.JBCheckBox
 688:           156           6240  com.intellij.util.containers.ConcurrentWeakHashMap$WeakKey
 689:           156           6240  jdk.nio.zipfs.ZipFileSystem$IndexNode (jdk.zipfs@11.0.7)
 690:           259           6216  org.jetbrains.plugins.textmate.language.syntax.SyntaxRootProxyDescriptor
 691:            77           6160  com.intellij.openapi.actionSystem.ActionGroupStub
 692:           110           6160  sun.security.jca.ProviderList$ServiceList (java.base@11.0.7)
 693:           256           6144  java.util.concurrent.locks.AbstractQueuedSynchronizer$ConditionObject (java.base@11.0.7)
 694:           255           6120  com.intellij.plugins.drools.lang.lexer.DroolsElementType
 695:           255           6120  javax.swing.text.html.parser.Entity (java.desktop@11.0.7)
 696:            15           6120  org.jetbrains.plugins.gradle.service.settings.IdeaGradleProjectSettingsControlBuilder$MyItemCellRenderer
 697:           192           6048  [Lorg.intellij.plugins.intelliLang.inject.config.InjectionPlace;
 698:            63           6048  javax.swing.plaf.basic.BasicHTML$BasicDocument (java.desktop@11.0.7)
 699:           251           6024  com.sun.javafx.font.coretext.CGRect (javafx.graphics@11.0.7)
 700:            17           5984  com.intellij.ui.AbstractExpandableItemsHandler$1
 701:           187           5984  java.util.zip.ZipFile$CleanableResource$FinalizableResource (java.base@11.0.7)
 702:           372           5952  com.intellij.openapi.editor.impl.view.LineLayout$SingleChunk
 703:           247           5928  [[Lcom.sun.javafx.css.ParsedValueImpl; (javafx.graphics@11.0.7)
 704:           148           5920  com.intellij.util.xmlb.CollectionBinding
 705:           369           5904  com.intellij.util.io.PersistentBTreeEnumerator$RecordBufferHandler
 706:           243           5832  com.intellij.util.indexing.impl.ValueContainerMap$ValueContainerExternalizer
 707:           121           5808  com.intellij.util.containers.SmartHashSet
 708:           145           5800  com.intellij.ui.MixedColorProducer
 709:           144           5760  com.intellij.ide.ui.PluginBooleanOptionDescriptor
 710:            12           5760  com.intellij.ui.components.fields.ExtendableTextField
 711:           180           5760  com.intellij.util.containers.DisposableWrapperList$DisposableWrapper
 712:           239           5736  java.security.Provider$UString (java.base@11.0.7)
 713:           119           5712  net.miginfocom.layout.DimConstraint
 714:           356           5696  com.intellij.util.io.PersistentHashMap$$Lambda$535/0x00000008006b7840
 715:           356           5696  com.intellij.util.io.PersistentHashMap$1
 716:           356           5696  com.intellij.util.io.PersistentHashMap$3
 717:           118           5664  javax.swing.text.AbstractDocument$BidiRootElement (java.desktop@11.0.7)
 718:           101           5656  java.beans.MethodDescriptor (java.desktop@11.0.7)
 719:           352           5632  com.intellij.util.text.ImmutableText$Leaf8BitNode
 720:           234           5616  com.intellij.openapi.fileTypes.ExtensionFileNameMatcher
 721:           175           5600  java.lang.module.ModuleDescriptor$Requires (java.base@11.0.7)
 722:           100           5600  sun.security.x509.X509CertInfo (java.base@11.0.7)
 723:           349           5584  com.sun.proxy.$Proxy16
 724:            87           5568  com.intellij.psi.codeStyle.CommonCodeStyleSettings$IndentOptions
 725:           116           5568  com.intellij.serviceContainer.MyComponentAdapter
 726:           231           5544  javax.swing.text.html.CSS$ColorValue (java.desktop@11.0.7)
 727:            38           5536  [Ljava.lang.ThreadLocal$ThreadLocalMap$Entry; (java.base@11.0.7)
 728:           230           5520  com.intellij.ui.JBColor$$Lambda$468/0x0000000800570040
 729:           345           5520  com.intellij.util.containers.ContainerUtil$ImmutableListBackedByArray
 730:           138           5520  sun.reflect.generics.repository.MethodRepository (java.base@11.0.7)
 731:            43           5504  com.intellij.ui.popup.ComponentPopupBuilderImpl
 732:            86           5504  java.util.zip.Inflater (java.base@11.0.7)
 733:           229           5496  java.util.Date (java.base@11.0.7)
 734:            49           5488  com.intellij.ide.ui.laf.darcula.ui.TextFieldWithPopupHandlerUI$MouseDragAwareCaret
 735:            68           5440  com.intellij.openapi.editor.impl.RangeHighlighterImpl
 736:           339           5424  fuck_the_regulations_v321.a6
 737:           337           5392  com.sun.javafx.css.SelectorPartitioning$PartitionKey (javafx.graphics@11.0.7)
 738:           134           5360  kotlin.reflect.jvm.internal.impl.metadata.ProtoBuf$TypeTable
 739:            38           5352  [Ljava.lang.ClassValue$Entry; (java.base@11.0.7)
 740:           223           5352  java.util.concurrent.CopyOnWriteArrayList (java.base@11.0.7)
 741:           222           5328  com.intellij.AbstractBundle$$Lambda$864/0x0000000800b2e440
 742:            83           5312  java.awt.event.InvocationEvent (java.desktop@11.0.7)
 743:           132           5280  javassist.bytecode.FieldInfo
 744:           220           5280  org.jetbrains.kotlin.diagnostics.DiagnosticFactory1
 745:           220           5280  scala.collection.mutable.DefaultEntry
 746:            94           5264  javax.swing.Timer (java.desktop@11.0.7)
 747:           219           5256  com.intellij.sql.psi.SqlKeywordTokenType
 748:           109           5232  com.intellij.openapi.MnemonicWrapper$LabelWrapper
 749:            59           5192  com.intellij.openapi.wm.impl.WindowInfoImpl
 750:           213           5112  com.android.tools.lint.detector.api.Implementation
 751:           213           5112  java.util.ImmutableCollections$Set12 (java.base@11.0.7)
 752:            91           5096  java.util.logging.Logger (java.logging@11.0.7)
 753:           159           5088  com.intellij.openapi.util.VolatileNullableLazyValue$1
 754:            12           5088  com.intellij.ui.components.JBScrollPane
 755:           295           5072  [Ljava.lang.reflect.TypeVariable; (java.base@11.0.7)
 756:            79           5056  io.netty.buffer.PoolSubpage
 757:           158           5056  java.util.RegularEnumSet (java.base@11.0.7)
 758:           157           5024  com.intellij.openapi.util.registry.RegistryKeyBean
 759:           125           5000  kotlin.reflect.jvm.internal.pcollections.IntTree
 760:           104           4992  com.alibaba.p3c.idea.inspection.AliPmdInspection
 761:            52           4992  sun.awt.image.ImageRepresentation (java.desktop@11.0.7)
 762:             2           4968  [Ljava.awt.Font; (java.desktop@11.0.7)
 763:           154           4968  [Ljava.lang.ClassLoader; (java.base@11.0.7)
 764:           207           4968  java.beans.MethodRef (java.desktop@11.0.7)
 765:           206           4944  com.intellij.ide.ui.laf.darcula.ui.DarculaLabelUI
 766:           154           4928  com.intellij.openapi.util.registry.RegistryKeyDescriptor
 767:            14           4928  javax.swing.JSeparator (java.desktop@11.0.7)
 768:           308           4928  javax.swing.text.html.CSSBorder (java.desktop@11.0.7)
 769:           205           4920  com.sun.javafx.font.PrismFontFile$DirectoryEntry (javafx.graphics@11.0.7)
 770:           205           4920  kotlin.reflect.jvm.internal.impl.name.Name
 771:           126           4888  [Lkotlin.reflect.KProperty;
 772:           305           4880  com.sun.proxy.$Proxy12
 773:            76           4864  javax.swing.text.html.StyleSheet (java.desktop@11.0.7)
 774:            86           4816  com.intellij.util.ui.TimerUtil$1
 775:           119           4760  com.android.flags.Flag
 776:           198           4752  sun.awt.image.BufImgSurfaceManager (java.desktop@11.0.7)
 777:           118           4720  javax.swing.text.AbstractDocument$BidiElement (java.desktop@11.0.7)
 778:           118           4720  javax.swing.text.GapContent (java.desktop@11.0.7)
 779:            98           4704  java.util.concurrent.LinkedBlockingQueue (java.base@11.0.7)
 780:            13           4680  com.intellij.openapi.roots.ui.configuration.SdkListPresenter$2
 781:           195           4680  com.intellij.patterns.PsiJavaElementPattern$Capture
 782:           192           4608  com.intellij.patterns.ObjectPattern$3
 783:            96           4608  com.intellij.ui.components.ScrollBarPainter$1
 784:            72           4608  javassist.CtClassType
 785:           192           4608  org.apache.xerces.util.SymbolHash$Entry
 786:           191           4584  com.google.wireless.android.sdk.stats.AndroidStudioEvent$EventKind
 787:           286           4576  java.awt.datatransfer.MimeTypeParameterList (java.datatransfer@11.0.7)
 788:           113           4520  net.miginfocom.layout.UnitValue
 789:           141           4512  com.intellij.util.containers.WeakValueHashMap$MyWeakReference
 790:           187           4488  javassist.bytecode.FieldrefInfo
 791:            70           4480  javassist.bytecode.ClassFile
 792:            43           4472  com.intellij.codeInsight.daemon.impl.HighlightInfo
 793:           111           4440  com.intellij.util.xml.impl.DomFileMetaData
 794:           111           4440  org.jetbrains.kotlin.config.LanguageFeature
 795:           277           4432  com.intellij.debugger.streams.trace.impl.interpret.SimplePeekCallTraceInterpreter
 796:            12           4416  com.intellij.openapi.ui.TextFieldWithBrowseButton
 797:            69           4416  javax.swing.text.DefaultStyledDocument$ElementBuffer (java.desktop@11.0.7)
 798:            92           4416  kotlin.reflect.jvm.internal.impl.metadata.ProtoBuf$Constructor
 799:           138           4416  sun.reflect.generics.tree.MethodTypeSignature (java.base@11.0.7)
 800:           110           4400  com.sun.crypto.provider.CipherBlockChaining (java.base@11.0.7)
 801:            61           4392  com.intellij.psi.impl.source.tree.LazyParseableElement
 802:            68           4352  com.intellij.openapi.editor.impl.RangeHighlighterTree$RHNode
 803:           181           4344  javax.swing.text.html.CSS$FontFamily (java.desktop@11.0.7)
 804:           135           4320  com.intellij.serialization.stateProperties.EnumStoredProperty
 805:           179           4296  sun.nio.ch.NativeThreadSet (java.base@11.0.7)
 806:            66           4224  java.lang.module.ModuleDescriptor (java.base@11.0.7)
 807:            88           4224  javax.swing.text.html.parser.Element (java.desktop@11.0.7)
 808:            88           4224  sun.java2d.loops.MaskBlit (java.desktop@11.0.7)
 809:           263           4208  java.util.concurrent.atomic.AtomicReferenceArray (java.base@11.0.7)
 810:           263           4208  javax.swing.event.ChangeEvent (java.desktop@11.0.7)
 811:           220           4168  [Lsun.reflect.generics.tree.FieldTypeSignature; (java.base@11.0.7)
 812:            65           4160  sun.security.ssl.SSLExtension (java.base@11.0.7)
 813:           171           4104  kotlin.reflect.jvm.internal.KMutableProperty1Impl$_setter$1
 814:           120           4096  [Lcom.intellij.openapi.vfs.impl.FilePointerPartNode;
 815:           256           4096  java.lang.Byte (java.base@11.0.7)
 816:           170           4080  com.intellij.sql.dialects.mongo.js.JSElementTypes$JSElType
 817:           169           4056  java.util.concurrent.ConcurrentHashMap$KeySetView (java.base@11.0.7)
 818:           253           4048  sun.java2d.StateTrackableDelegate$1 (java.desktop@11.0.7)
 819:            30           4040  [Lcom.intellij.lang.LanguageExtensionPoint;
 820:           101           4040  com.intellij.diagnostic.ApdexData
 821:           101           4040  javax.swing.DefaultButtonModel (java.desktop@11.0.7)
 822:            84           4032  sun.security.rsa.RSAPublicKeyImpl (java.base@11.0.7)
 823:             1           4024  [Lorg.antlr.v4.runtime.misc.Interval;
 824:           125           4000  com.intellij.util.EventDispatcher
 825:           100           4000  java.io.ObjectStreamField (java.base@11.0.7)
 826:            11           3960  com.intellij.openapi.actionSystem.impl.ActionToolbarImpl$MySeparator
 827:            11           3960  com.intellij.ui.TitledSeparator
 828:           165           3960  kotlin.reflect.jvm.internal.impl.protobuf.SmallSortedMap$Entry
 829:           247           3952  java.util.LinkedHashMap$LinkedValues (java.base@11.0.7)
 830:           164           3936  javax.swing.text.StyleContext$FontKey (java.desktop@11.0.7)
 831:           164           3936  org.jetbrains.plugins.textmate.language.preferences.TextMateShellVariable
 832:            49           3920  javax.swing.text.FieldView (java.desktop@11.0.7)
 833:            81           3888  com.intellij.diagnostic.PerformanceWatcher$FreezeCheckerTask
 834:           243           3888  com.intellij.util.indexing.impl.MapIndexStorage$1
 835:           243           3888  com.intellij.util.indexing.impl.MapReduceIndex$1
 836:           243           3888  com.intellij.util.indexing.impl.MapReduceIndex$2
 837:           243           3888  com.intellij.util.indexing.impl.MapReduceIndex$3
 838:           243           3888  com.intellij.util.indexing.impl.MapReduceIndex$4
 839:           121           3872  com.intellij.serialization.stateProperties.FloatStoredProperty
 840:           121           3872  net.miginfocom.layout.ResizeConstraint
 841:           161           3864  com.intellij.patterns.PsiMethodPattern
 842:            53           3848  [[B (java.base@11.0.7)
 843:            60           3840  com.intellij.openapi.vfs.impl.jar.JarHandler
 844:             8           3840  com.intellij.ui.components.JBTextField
 845:           240           3840  com.intellij.util.indexing.VfsAwareMapReduceIndex$1
 846:            80           3840  javax.swing.text.FlowView$LogicalView (java.desktop@11.0.7)
 847:             9           3816  com.intellij.ui.components.JBList
 848:            53           3816  java.beans.PropertyDescriptor (java.desktop@11.0.7)
 849:            34           3808  com.intellij.ui.plaf.beg.IdeaMenuUI
 850:           119           3808  com.sun.javafx.geom.RectBounds (javafx.graphics@11.0.7)
 851:            95           3800  com.intellij.ui.scale.UserScaleContext
 852:           118           3776  com.intellij.util.keyFMap.PairElementsFMap
 853:           118           3776  javax.swing.text.GapContent$MarkVector (java.desktop@11.0.7)
 854:           117           3744  com.intellij.util.containers.FList
 855:            12           3744  java.util.concurrent.ForkJoinPool$WorkQueue (java.base@11.0.7)
 856:           117           3744  scala.collection.immutable.Map$Map2
 857:           155           3720  com.intellij.util.lang.ClassLoadingLocks
 858:           155           3720  com.intellij.util.lang.ClasspathCache
 859:           116           3712  com.intellij.openapi.components.ComponentConfig
 860:            58           3712  kotlin.reflect.jvm.internal.impl.metadata.ProtoBuf$TypeParameter
 861:            94           3696  [Lcom.intellij.lang.injection.MultiHostInjector;
 862:             2           3688  [Ljava.util.Locale; (java.base@11.0.7)
 863:           115           3680  com.intellij.patterns.TreeElementPattern$4
 864:            92           3680  java.awt.FlowLayout (java.desktop@11.0.7)
 865:            92           3680  java.util.logging.Logger$ConfigurationData (java.logging@11.0.7)
 866:            51           3672  net.sourceforge.pmd.lang.rule.RuleReference
 867:            76           3648  java.awt.GridBagLayout (java.desktop@11.0.7)
 868:            65           3640  jdk.internal.module.ModuleReferenceImpl (java.base@11.0.7)
 869:            91           3640  kotlin.reflect.jvm.internal.pcollections.IntTree
 870:            35           3640  net.miginfocom.layout.CC
 871:           150           3600  com.intellij.openapi.util.NotNullLazyValue$2
 872:           150           3600  com.intellij.patterns.PsiElementPattern$Capture
 873:           150           3600  com.intellij.psi.stubs.StubIndexImpl$3
 874:           150           3600  com.intellij.psi.stubs.StubIndexKey
 875:            90           3600  com.intellij.util.concurrency.BoundedTaskExecutor
 876:           225           3600  com.sun.proxy.$Proxy15
 877:            56           3584  kotlin.reflect.jvm.internal.KProperty1Impl
 878:           220           3520  com.sun.proxy.$Proxy44
 879:           110           3520  javax.crypto.SecretKeyFactory (java.base@11.0.7)
 880:           109           3488  org.antlr.v4.runtime.atn.RuleTransition
 881:           109           3488  sun.security.pkcs11.SunPKCS11$Descriptor (jdk.crypto.cryptoki@11.0.7)
 882:           145           3480  javassist.bytecode.StackMapTable
 883:            54           3456  java.awt.GridBagLayoutInfo (java.desktop@11.0.7)
 884:            72           3456  java.lang.StackTraceElement (java.base@11.0.7)
 885:           144           3456  java.util.regex.Pattern$$Lambda$1262/0x0000000801123440 (java.base@11.0.7)
 886:           108           3456  java.util.regex.Pattern$Behind (java.base@11.0.7)
 887:           143           3432  java.util.regex.Pattern$CharPredicate$$Lambda$54/0x00000008001b6c40 (java.base@11.0.7)
 888:           143           3432  kotlin.reflect.jvm.internal.impl.name.ClassId
 889:           143           3432  org.jetbrains.kotlin.name.ClassId
 890:             6           3408  io.netty.util.internal.shaded.org.jctools.queues.MpscUnboundedArrayQueue
 891:           142           3408  java.lang.Character$UnicodeScript (java.base@11.0.7)
 892:           142           3408  java.util.ImmutableCollections$SetN (java.base@11.0.7)
 893:           106           3392  com.intellij.serialization.stateProperties.IntStoredProperty
 894:             9           3384  com.intellij.util.ui.components.BorderLayoutPanel
 895:            47           3384  javax.swing.text.PlainDocument (java.desktop@11.0.7)
 896:            70           3360  [[Ljavassist.bytecode.ConstInfo;
 897:            70           3360  com.google.gson.internal.LinkedTreeMap
 898:           140           3360  com.intellij.patterns.XmlAttributeValuePattern
 899:           139           3336  com.intellij.psi.impl.source.resolve.reference.PsiReferenceRegistrarImpl$$Lambda$4482/0x00000008028b5040
 900:           139           3336  sun.reflect.generics.scope.MethodScope (java.base@11.0.7)
 901:            26           3328  com.google.common.cache.LocalCache
 902:           104           3328  com.intellij.concurrency.ConcurrentHashMap$Node
 903:             2           3312  [Lsun.java2d.loops.GraphicsPrimitive; (java.desktop@11.0.7)
 904:            59           3304  javax.swing.TransferHandler$SwingDropTarget (java.desktop@11.0.7)
 905:           103           3296  com.intellij.openapi.fileTypes.FileTypeExtensionPoint
 906:           137           3288  com.intellij.openapi.fileTypes.impl.FileTypeManagerImpl$StandardFileType
 907:           137           3288  fuck_the_regulations_v321.b9
 908:            82           3280  java.lang.invoke.DirectMethodHandle$Interface (java.base@11.0.7)
 909:            24           3264  com.intellij.ide.ui.laf.darcula.ui.DarculaComboBoxUI
 910:            51           3264  com.intellij.openapi.vfs.impl.VirtualFilePointerContainerImpl
 911:           136           3264  com.intellij.util.messages.Topic
 912:           136           3264  fuck_the_regulations_v321.aP
 913:           204           3264  java.io.RandomAccessFile$1 (java.base@11.0.7)
 914:           162           3240  [Lcom.intellij.openapi.progress.impl.CoreProgressManager$CheckCanceledHook;
 915:           135           3240  com.intellij.jpa.ql.psi.QlTokenType
 916:           134           3216  jdk.internal.module.ServicesCatalog$ServiceProvider (java.base@11.0.7)
 917:            80           3200  com.intellij.application.options.editor.CheckboxDescriptor$asOptionDescriptor$1
 918:           200           3200  com.sun.proxy.$Proxy29
 919:           200           3200  java.util.regex.CharPredicates$$Lambda$52/0x00000008001b6440 (java.base@11.0.7)
 920:           199           3184  com.intellij.openapi.actionSystem.DataKey
 921:            99           3168  com.google.common.collect.RegularImmutableSet
 922:            33           3168  sun.font.CStrike (java.desktop@11.0.7)
 923:            49           3136  com.intellij.ide.ui.laf.darcula.ui.DarculaTextFieldUI
 924:           130           3120  com.intellij.util.containers.DisposableWrapperList
 925:           129           3096  com.intellij.util.containers.ConcurrentSoftValueHashMap
 926:            11           3080  java.util.concurrent.ConcurrentHashMap$CounterCell (java.base@11.0.7)
 927:           128           3072  java.lang.invoke.Invokers (java.base@11.0.7)
 928:            96           3072  java.util.Stack (java.base@11.0.7)
 929:           191           3056  javax.swing.Timer$DoPostEvent (java.desktop@11.0.7)
 930:           127           3048  com.intellij.openapi.editor.colors.ColorKey
 931:           123           3040  [Lcom.intellij.openapi.extensions.ExtensionPointListener;
 932:            95           3040  com.intellij.util.ui.JBScalableIcon$1
 933:            95           3040  com.intellij.xml.util.HTMLControls$Control
 934:            63           3024  com.intellij.openapi.vfs.newvfs.impl.FsRoot
 935:            21           3024  java.text.DecimalFormat (java.base@11.0.7)
 936:            63           3024  javax.swing.plaf.basic.BasicHTML$Renderer (java.desktop@11.0.7)
 937:            94           3008  com.intellij.lang.javascript.JSKeywordElementType
 938:            47           3008  com.intellij.ui.components.MacScrollBarUI
 939:           125           3000  kotlin.reflect.jvm.internal.pcollections.ConsPStack
 940:             1           2984  [Lcom.intellij.codeInsight.intention.IntentionActionBean;
 941:            93           2976  com.intellij.util.concurrency.Semaphore$Sync
 942:           124           2976  java.util.concurrent.Executors$RunnableAdapter (java.base@11.0.7)
 943:           124           2976  kotlin.reflect.jvm.internal.pcollections.MapEntry
 944:            93           2976  sun.security.x509.BasicConstraintsExtension (java.base@11.0.7)
 945:            93           2976  sun.security.x509.SubjectKeyIdentifierExtension (java.base@11.0.7)
 946:            17           2960  [Lcom.intellij.concurrency.ConcurrentHashMap$Node;
 947:            74           2960  com.intellij.openapi.fileTypes.SyntaxHighlighterFactoryEP
 948:            74           2960  com.intellij.ui.ClickListener$1
 949:           123           2952  javax.swing.text.html.CSS$FontWeight (java.desktop@11.0.7)
 950:           184           2944  com.intellij.util.containers.ImmutableList$Singleton
 951:            92           2944  java.util.regex.Pattern$BnM (java.base@11.0.7)
 952:           122           2928  com.intellij.patterns.ObjectPattern$2
 953:            28           2912  com.intellij.ui.components.WideSelectionListUI
 954:            90           2880  com.intellij.util.indexing.RegisteredIndexes$DocumentUpdateTask
 955:            90           2880  com.intellij.util.lang.ClassLoadingLocks$WeakLockReference
 956:            72           2880  java.lang.invoke.DirectMethodHandle$Constructor (java.base@11.0.7)
 957:            90           2880  javax.swing.text.html.CSS$BorderWidthValue (java.desktop@11.0.7)
 958:            72           2880  org.jetbrains.kotlin.idea.inspections.jdk2k.Replacement
 959:            90           2880  org.owasp.html.ElementAndAttributePolicies
 960:           180           2880  sun.nio.ch.FileDispatcherImpl (java.base@11.0.7)
 961:            89           2848  com.intellij.debugger.streams.lib.impl.FilterOperation
 962:            71           2840  tech.units.indriya.unit.TransformedUnit
 963:           177           2832  sun.nio.ch.FileChannelImpl$Closer (java.base@11.0.7)
 964:            88           2816  javax.swing.text.html.CSS$BackgroundPosition (java.desktop@11.0.7)
 965:           117           2808  java.util.ImmutableCollections$List12 (java.base@11.0.7)
 966:           175           2800  java.util.ImmutableCollections$ListN (java.base@11.0.7)
 967:             7           2800  javax.swing.DefaultListCellRenderer (java.desktop@11.0.7)
 968:           116           2784  java.lang.NamedPackage (java.base@11.0.7)
 969:           116           2784  java.util.regex.Pattern$Dollar (java.base@11.0.7)
 970:            87           2784  sun.security.x509.KeyUsageExtension (java.base@11.0.7)
 971:           115           2760  javax.swing.text.html.StyleSheet$LargeConversionSet (java.desktop@11.0.7)
 972:           115           2760  org.jetbrains.plugins.scala.codeInspection.collections.InvocationTemplate$Condition
 973:            47           2752  [Lorg.apache.xerces.util.SymbolHash$Entry;
 974:            43           2752  com.intellij.ide.HelpTooltip
 975:             7           2744  com.intellij.concurrency.IdeaForkJoinWorkerThreadFactory$1
 976:            49           2744  com.intellij.openapi.MnemonicWrapper$ButtonWrapper
 977:             6           2736  com.intellij.ui.components.labels.ActionLink
 978:            57           2736  com.intellij.util.xmlb.MapBinding
 979:            57           2736  gnu.trove.TObjectIntHashMap
 980:             1           2720  [Lscala.reflect.NameTransformer$OpCodes;
 981:            85           2720  com.intellij.openapi.extensions.impl.ExtensionPointImpl$ObjectComponentAdapter
 982:            85           2720  com.intellij.util.messages.ListenerDescriptor
 983:           113           2712  org.antlr.v4.runtime.atn.AtomTransition
 984:            56           2688  java.lang.invoke.BoundMethodHandle$SpeciesData (java.base@11.0.7)
 985:            67           2680  com.intellij.ide.TypeNameEP
 986:            67           2680  javax.swing.DefaultBoundedRangeModel (java.desktop@11.0.7)
 987:             3           2664  com.intellij.psi.codeStyle.CodeStyleSettings
 988:           111           2664  com.intellij.psi.css.impl.CssElementTypeImpl
 989:           111           2664  org.jetbrains.kotlin.diagnostics.DiagnosticFactory2
 990:           111           2664  sun.reflect.generics.repository.FieldRepository (java.base@11.0.7)
 991:            83           2656  com.intellij.util.xmlb.AccessorBindingWrapper
 992:           110           2640  com.intellij.openapi.extensions.impl.ExtensionPointImpl$$Lambda$394/0x00000008004e9040
 993:           110           2640  com.intellij.openapi.vfs.newvfs.impl.VfsData$Segment
 994:           110           2640  com.sun.crypto.provider.DESCrypt (java.base@11.0.7)
 995:           165           2640  com.sun.proxy.$Proxy51
 996:           110           2640  java.util.AbstractMap$SimpleImmutableEntry (java.base@11.0.7)
 997:            66           2640  jdk.internal.reflect.UnsafeQualifiedStaticLongFieldAccessorImpl (java.base@11.0.7)
 998:            33           2640  sun.font.CStrike$GlyphInfoCache (java.desktop@11.0.7)
 999:           110           2640  sun.security.jca.ProviderList$ServiceList$1 (java.base@11.0.7)
1000:           110           2640  sun.security.util.Cache$EqualByteArray (java.base@11.0.7)
1001:           113           2632  [Ljava.util.Map$Entry; (java.base@11.0.7)
1002:            47           2632  com.intellij.ide.projectView.PresentationData
1003:            65           2600  com.intellij.serialization.stateProperties.LongStoredProperty
1004:            54           2592  com.intellij.notification.NotificationGroup
1005:           108           2592  fuck_the_regulations_v321.b3
1006:           108           2592  org.jetbrains.plugins.scala.lang.lexer.ScalaTokenType
1007:           161           2576  com.intellij.util.ConstantFunction
1008:            80           2560  com.intellij.application.options.editor.CheckboxDescriptor
1009:            32           2560  java.awt.MenuItem (java.desktop@11.0.7)
1010:            80           2560  org.jetbrains.kotlin.cli.common.arguments.Freezable$NullableStringFreezableVar
1011:           105           2552  [[C (java.base@11.0.7)
1012:           159           2544  com.intellij.codeInsight.template.TemplateContextType$$Lambda$716/0x00000008008dd840
1013:           106           2544  com.intellij.sh.psi.ShTokenType
1014:            53           2544  org.antlr.v4.runtime.atn.RuleStartState
1015:           158           2528  java.nio.channels.spi.AbstractInterruptibleChannel$1 (java.base@11.0.7)
1016:           105           2520  com.google.wireless.android.sdk.stats.GradleSyncStats$Trigger
1017:            63           2520  com.intellij.ide.ReopenProjectAction
1018:             7           2520  com.intellij.ui.components.panels.Wrapper
1019:            45           2520  javax.swing.tree.VariableHeightLayoutCache$TreeStateNode (java.desktop@11.0.7)
1020:           105           2520  kotlin.SynchronizedLazyImpl
1021:            17           2512  [Lscala.collection.mutable.HashEntry;
1022:            88           2504  [Ljava.lang.Thread; (java.base@11.0.7)
1023:             6           2496  com.intellij.openapi.roots.ui.configuration.SdkListPresenter
1024:            52           2496  com.intellij.util.containers.RefHashMap$MyMap
1025:            78           2496  com.intellij.util.xmlb.TagBinding
1026:           104           2496  javax.swing.text.html.CSS$BorderStyle (java.desktop@11.0.7)
1027:           103           2472  com.intellij.serialization.stateProperties.ListStoredProperty
1028:           102           2448  com.intellij.openapi.util.AtomicNotNullLazyValue$1
1029:           153           2448  java.lang.Character (java.base@11.0.7)
1030:            51           2448  sun.awt.image.ToolkitImage (java.desktop@11.0.7)
1031:            61           2440  kotlin.reflect.jvm.internal.KProperty1Impl$Getter
1032:           152           2432  com.intellij.openapi.actionSystem.AnAction$$Lambda$863/0x0000000800b2e040
1033:            76           2432  java.util.LinkedList (java.base@11.0.7)
1034:           150           2400  com.intellij.psi.stubs.StubIndexImpl$2
1035:           100           2400  sun.security.util.BitArray (java.base@11.0.7)
1036:           100           2400  sun.security.x509.CertificateValidity (java.base@11.0.7)
1037:            99           2376  java.util.concurrent.LinkedBlockingQueue$Node (java.base@11.0.7)
1038:            74           2368  com.intellij.psi.impl.PsiCachedValueImpl
1039:            37           2368  java.lang.ClassValue$ClassValueMap (java.base@11.0.7)
1040:            37           2368  java.lang.invoke.BoundMethodHandle$Species_LLLLLLII (java.base@11.0.7)
1041:           148           2368  java.util.regex.Pattern$CharPredicate$$Lambda$21/0x00000008000d9040 (java.base@11.0.7)
1042:            98           2352  com.intellij.psi.filters.position.FilterPattern
1043:            98           2352  com.intellij.psi.filters.position.FilterPattern$1
1044:            49           2352  com.intellij.util.containers.WeakHashMap
1045:            21           2352  java.util.GregorianCalendar (java.base@11.0.7)
1046:            73           2336  com.intellij.psi.tree.java.IJavaElementType
1047:            73           2336  java.lang.invoke.VarHandle$AccessDescriptor (java.base@11.0.7)
1048:            58           2320  com.intellij.ui.SimpleColoredComponent$ColoredFragment
1049:            32           2304  com.intellij.ide.RecentProjectMetaInfo
1050:            96           2304  com.intellij.internal.statistic.eventLog.EventLogGroup
1051:            32           2304  com.intellij.util.ui.JBFont$JBFontUIResource
1052:            96           2304  sun.security.x509.CertificateExtensions (java.base@11.0.7)
1053:            11           2288  org.jetbrains.kotlin.renderer.DescriptorRendererOptionsImpl
1054:            57           2280  java.util.PropertyResourceBundle (java.base@11.0.7)
1055:            71           2272  apple.laf.JRSUIConstants$Widget (java.desktop@11.0.7)
1056:             6           2256  com.intellij.openapi.ui.OnePixelDivider
1057:            94           2256  com.intellij.util.messages.impl.MessageBusImpl$DeliveryJob
1058:            47           2256  sun.java2d.loops.MaskFill (java.desktop@11.0.7)
1059:            56           2240  [Ljava.lang.invoke.BoundMethodHandle$SpeciesData; (java.base@11.0.7)
1060:            70           2240  javassist.bytecode.ConstPool
1061:           140           2240  javax.swing.AbstractButton$Handler (java.desktop@11.0.7)
1062:            35           2240  javax.swing.DefaultListSelectionModel (java.desktop@11.0.7)
1063:            93           2232  com.intellij.openapi.editor.impl.view.SimpleTextFragment
1064:            93           2232  com.intellij.sql.dialects.mongo.js.JSElementTypes$Keyword
1065:            93           2232  kotlin.reflect.jvm.internal.KClassImpl
1066:            93           2232  kotlin.reflect.jvm.internal.KClassImpl$data$1
1067:           138           2224  [Lsun.reflect.generics.tree.TypeSignature; (java.base@11.0.7)
1068:           139           2224  javax.swing.text.html.CSS$StringValue (java.desktop@11.0.7)
1069:            92           2208  com.android.support.AndroidxName
1070:            92           2208  com.intellij.lang.javascript.JSElementType
1071:            92           2208  java.util.LinkedList$Node (java.base@11.0.7)
1072:           138           2208  java.util.WeakHashMap$EntrySet (java.base@11.0.7)
1073:            55           2200  java.io.FileOutputStream (java.base@11.0.7)
1074:            55           2200  java.lang.WeakPairMap$Pair$Weak (java.base@11.0.7)
1075:            55           2200  javax.swing.plaf.basic.BasicTextUI$RootView (java.desktop@11.0.7)
1076:            91           2184  com.sun.glass.ui.InvokeLaterDispatcher$Future (javafx.graphics@11.0.7)
1077:            91           2184  java.util.concurrent.LinkedBlockingDeque$Node (java.base@11.0.7)
1078:            91           2184  kotlin.reflect.jvm.internal.pcollections.ConsPStack
1079:            34           2176  com.intellij.openapi.ui.JBPopupMenu$MyLayout
1080:            68           2176  com.intellij.ui.popup.util.PopupState
1081:            68           2176  org.intellij.markdown.ast.CompositeASTNode
1082:             6           2160  com.intellij.openapi.wm.impl.welcomeScreen.FlatWelcomeFrame$FlatWelcomeScreen$JActionLinkPanel
1083:            90           2160  com.intellij.ui.layout.PropertyBinding
1084:            90           2160  com.intellij.util.indexing.FileBasedIndexImpl$$Lambda$539/0x00000008006b6840
1085:            90           2160  com.intellij.util.indexing.ID
1086:            90           2160  kotlin.reflect.jvm.internal.pcollections.MapEntry
1087:            67           2144  com.intellij.jarRepository.RepositoryLibraryDefinition
1088:            67           2144  tech.units.indriya.unit.ProductUnit
1089:            89           2136  tech.units.indriya.unit.ProductUnit$Element
1090:           133           2128  jdk.internal.reflect.BootstrapConstructorAccessorImpl (java.base@11.0.7)
1091:            53           2120  com.intellij.psi.impl.smartPointers.SmartPointerTracker$PointerReference
1092:            53           2120  org.antlr.v4.runtime.atn.RuleStopState
1093:            53           2120  sun.security.util.NamedCurve (java.base@11.0.7)
1094:            33           2112  com.intellij.ui.LayeredIcon
1095:            44           2112  com.intellij.util.ui.update.MergingUpdateQueue
1096:            66           2112  java.lang.invoke.LambdaForm$Kind (java.base@11.0.7)
1097:            88           2112  javax.swing.text.html.CSS (java.desktop@11.0.7)
1098:            88           2112  javax.swing.text.html.CSS$BackgroundImage (java.desktop@11.0.7)
1099:            87           2088  com.intellij.sql.psi.SqlTokenType
1100:            87           2088  java.util.Collections$1 (java.base@11.0.7)
1101:             5           2080  com.intellij.openapi.roots.ui.configuration.SdkComboBox
1102:            65           2080  com.intellij.psi.impl.source.resolve.reference.PsiReferenceRegistrarImpl$$Lambda$4483/0x00000008028b5440
1103:            65           2080  com.intellij.ui.layout.migLayout.patched.SwingComponentWrapper
1104:            26           2080  java.lang.invoke.BoundMethodHandle$Species_LLLLLLLLLIILL (java.base@11.0.7)
1105:            87           2064  [Lcom.intellij.openapi.actionSystem.Shortcut;
1106:            43           2064  com.intellij.execution.impl.RunnerAndConfigurationSettingsImpl
1107:            86           2064  com.intellij.util.indexing.impl.forward.PersistentMapBasedForwardIndex
1108:            86           2064  java.util.zip.Inflater$InflaterZStreamRef (java.base@11.0.7)
1109:            86           2064  scala.collection.immutable.HashSet$HashSet1
1110:             5           2040  com.intellij.ui.OnePixelSplitter
1111:            85           2040  com.intellij.util.indexing.InputMapExternalizer
1112:            85           2040  javax.swing.plaf.basic.BasicButtonListener (java.desktop@11.0.7)
1113:            42           2016  com.intellij.codeInsight.daemon.impl.HighlightInfo$IntentionActionDescriptor
1114:            84           2016  com.intellij.jpa.ql.psi.QlCompositeElementType
1115:            84           2016  com.intellij.openapi.util.SimpleModificationTracker
1116:            84           2016  com.intellij.serialization.stateProperties.StateObjectStoredProperty
1117:            63           2016  com.jetbrains.b.a.U
1118:            21           2016  javax.swing.text.html.BRView (java.desktop@11.0.7)
1119:            63           2016  org.antlr.jetbrains.adapter.lexer.TokenIElementType
1120:            42           2016  sun.font.StrikeCache$SoftDisposerRef (java.desktop@11.0.7)
1121:            21           2016  sun.util.calendar.Gregorian$Date (java.base@11.0.7)
1122:             5           2000  com.intellij.ide.HelpTooltip$Paragraph
1123:            50           2000  sun.font.FontStrikeDesc (java.desktop@11.0.7)
1124:            36           1992  [Ljava.awt.Color; (java.desktop@11.0.7)
1125:            83           1992  com.intellij.util.indexing.impl.InputIndexDataExternalizer
1126:            83           1992  org.owasp.html.CssSchema$Property
1127:            62           1984  net.miginfocom.layout.BoundSize
1128:            31           1984  net.miginfocom.layout.Grid$CompWrap
1129:            62           1984  org.apache.xerces.xni.QName
1130:           124           1984  sun.security.x509.KeyIdentifier (java.base@11.0.7)
1131:            82           1968  sun.awt.EventQueueItem (java.desktop@11.0.7)
1132:            49           1960  javax.swing.text.AbstractDocument$BranchElement (java.desktop@11.0.7)
1133:            49           1960  javax.swing.text.AbstractDocument$LeafElement (java.desktop@11.0.7)
1134:            61           1952  kotlin.reflect.jvm.internal.calls.CallerImpl$Method$Instance
1135:            81           1944  com.intellij.internal.statistic.service.fus.collectors.CounterUsageCollectorEP
1136:            81           1944  com.intellij.openapi.application.TransactionGuardImpl$1
1137:            81           1944  java.awt.EventQueue$4 (java.desktop@11.0.7)
1138:            81           1944  kotlin.reflect.jvm.internal.KClassImpl
1139:            81           1944  kotlin.reflect.jvm.internal.KClassImpl$data$1
1140:            48           1920  com.google.common.collect.RegularImmutableMap
1141:            60           1920  com.intellij.debugger.streams.lib.impl.MappingOperation
1142:            48           1920  com.intellij.ide.ui.laf.darcula.ui.DarculaButtonUI
1143:            60           1920  com.intellij.openapi.actionSystem.EmptyAction
1144:            40           1920  com.intellij.openapi.options.BeanConfigurable$2
1145:             5           1920  com.intellij.openapi.ui.LoadingDecorator$LoadingLayer
1146:            80           1920  com.intellij.patterns.PsiParameterPattern
1147:            20           1920  com.intellij.ui.layout.migLayout.MigLayoutRow
1148:             5           1920  com.intellij.util.ui.AsyncProcessIcon$Big
1149:            16           1920  com.sun.javafx.geom.transform.Affine3D (javafx.graphics@11.0.7)
1150:            80           1920  javax.swing.text.FlowView$FlowStrategy (java.desktop@11.0.7)
1151:             4           1904  [Lcom.sun.prism.ps.Shader; (javafx.graphics@11.0.7)
1152:            34           1904  com.apple.laf.AquaScrollPaneUI (java.desktop@11.0.7)
1153:            79           1896  com.intellij.util.containers.ConcurrentFactoryMap$2
1154:             4           1888  com.intellij.ui.components.JBLabel$1
1155:             4           1888  com.intellij.ui.treeStructure.Tree
1156:            59           1888  java.util.ArrayList$Itr (java.base@11.0.7)
1157:             4           1888  javax.swing.JButton (java.desktop@11.0.7)
1158:             4           1888  javax.swing.JCheckBox (java.desktop@11.0.7)
1159:             4           1888  javax.swing.JTextField (java.desktop@11.0.7)
1160:            78           1872  com.intellij.patterns.PsiNamePatternCondition
1161:            78           1872  org.intellij.markdown.MarkdownElementType
1162:            70           1856  [Ljava.lang.Boolean; (java.base@11.0.7)
1163:           116           1856  javax.swing.text.SimpleAttributeSet (java.desktop@11.0.7)
1164:            21           1848  com.apple.laf.AquaMenuItemUI (java.desktop@11.0.7)
1165:            77           1848  javax.swing.text.html.CSS$LengthUnit (java.desktop@11.0.7)
1166:            77           1848  javax.swing.text.html.HTML$Tag (java.desktop@11.0.7)
1167:            76           1824  com.google.common.cache.LocalCache$WriteQueue$1
1168:            19           1824  com.intellij.openapi.wm.impl.ToolWindowImpl
1169:            76           1824  com.intellij.sh.psi.ShCompositeElementType
1170:            76           1824  java.util.Currency$OtherCurrencyEntry (java.base@11.0.7)
1171:            57           1824  javax.swing.text.JTextComponent$MutableCaretEvent (java.desktop@11.0.7)
1172:            76           1824  org.jetbrains.idea.maven.utils.library.RepositoryLibraryDescription
1173:            57           1824  sun.reflect.generics.reflectiveObjects.TypeVariableImpl (java.base@11.0.7)
1174:             1           1800  [Lcom.intellij.util.xml.impl.DomImplementationClassEP;
1175:             5           1800  com.intellij.openapi.ui.LoadingDecorator$MyLayeredPane
1176:            45           1800  org.antlr.v4.runtime.atn.BlockEndState
1177:            56           1792  io.netty.handler.codec.http.HttpResponseStatus
1178:             4           1792  javax.swing.tree.DefaultTreeCellRenderer (java.desktop@11.0.7)
1179:             4           1792  org.jetbrains.kotlin.cli.common.arguments.K2JVMCompilerArguments
1180:           111           1776  com.intellij.ui.components.ScrollBarPainter$$Lambda$824/0x0000000800a99c40
1181:             9           1768  [Ljava.lang.reflect.Method; (java.base@11.0.7)
1182:             5           1760  com.intellij.openapi.externalSystem.util.PaintAwarePanel
1183:           110           1760  com.sun.crypto.provider.DESCipher (java.base@11.0.7)
1184:           110           1760  com.sun.crypto.provider.DESKeyFactory (java.base@11.0.7)
1185:           110           1760  com.sun.crypto.provider.PKCS5Padding (java.base@11.0.7)
1186:            55           1760  java.lang.WeakPairMap$Pair$Weak$1 (java.base@11.0.7)
1187:            22           1760  java.lang.invoke.BoundMethodHandle$Species_LLLLLLLLLLLLL (java.base@11.0.7)
1188:           110           1760  java.util.concurrent.atomic.AtomicIntegerArray (java.base@11.0.7)
1189:           110           1760  javax.crypto.spec.IvParameterSpec (java.base@11.0.7)
1190:            55           1760  javax.swing.plaf.basic.BasicTextUI$FocusAction (java.desktop@11.0.7)
1191:            55           1760  javax.swing.text.DefaultHighlighter$SafeDamager (java.desktop@11.0.7)
1192:           110           1760  sun.security.x509.SerialNumber (java.base@11.0.7)
1193:            73           1752  javax.swing.plaf.InputMapUIResource (java.desktop@11.0.7)
1194:            73           1752  javax.swing.tree.TreePath (java.desktop@11.0.7)
1195:            36           1728  com.carrotsearch.hppc.CharHashSet
1196:            72           1728  com.intellij.ide.projectView.impl.ProjectViewFileNestingService$NestingRule
1197:            54           1728  com.intellij.openapi.application.impl.FlushQueue$RunnableInfo
1198:            72           1728  com.intellij.psi.tree.IFileElementType
1199:            72           1728  com.jetbrains.b.a.a.a.d.p
1200:            72           1728  fuck_the_regulations_v321.bU
1201:            36           1728  java.lang.invoke.BoundMethodHandle$Species_LLLL (java.base@11.0.7)
1202:            18           1728  kotlin.reflect.jvm.internal.KClassImpl$Data
1203:            54           1728  sun.reflect.annotation.AnnotationType (java.base@11.0.7)
1204:            43           1720  com.intellij.execution.impl.RunnerAndConfigurationSettingsImpl$configurationPerRunnerSettings$1
1205:            43           1720  com.intellij.execution.impl.RunnerAndConfigurationSettingsImpl$runnerSettings$1
1206:            53           1696  com.intellij.lang.javascript.buildTools.npm.rc.NpmCommand
1207:            53           1696  com.intellij.psi.tree.java.IKeywordElementType
1208:            53           1696  java.security.spec.EllipticCurve (java.base@11.0.7)
1209:            53           1696  javax.swing.plaf.basic.BasicTextUI$BasicHighlighter (java.desktop@11.0.7)
1210:            53           1696  org.antlr.jetbrains.adapter.lexer.RuleIElementTypeImpl
1211:            42           1680  com.google.common.collect.SingletonImmutableBiMap
1212:            42           1680  javafx.beans.property.SimpleObjectProperty (javafx.base@11.0.7)
1213:            70           1680  javassist.bytecode.LongVector
1214:            70           1680  javassist.bytecode.SourceFileAttribute
1215:            13           1664  com.apple.laf.ScreenMenu (java.desktop@11.0.7)
1216:            52           1664  com.intellij.openapi.editor.actionSystem.EditorActionHandlerBean
1217:            23           1656  com.intellij.concurrency.ConcurrentHashMap
1218:            69           1656  com.intellij.psi.codeStyle.CodeStyleSettingsCustomizable$SpacingOption
1219:            69           1656  java.awt.dnd.DropTargetContext (java.desktop@11.0.7)
1220:           103           1648  com.sun.proxy.$Proxy25
1221:            41           1640  javax.swing.plaf.basic.BasicTableUI$Actions (java.desktop@11.0.7)
1222:            40           1632  [Ljava.text.Format; (java.base@11.0.7)
1223:             4           1632  com.intellij.ide.util.treeView.NodeRenderer
1224:            51           1632  com.intellij.psi.impl.smartPointers.SmartPsiElementPointerImpl
1225:            68           1632  com.intellij.psi.tree.jsp.el.IELElementType
1226:            68           1632  javax.swing.text.html.CSS$Attribute (java.desktop@11.0.7)
1227:            51           1632  org.antlr.v4.runtime.dfa.DFA
1228:            34           1632  sun.security.ssl.SupportedGroupsExtension$NamedGroup (java.base@11.0.7)
1229:            29           1624  com.intellij.util.containers.ConcurrentIntObjectHashMap
1230:            29           1624  java.util.Properties (java.base@11.0.7)
1231:             1           1616  [Lcom.intellij.codeInspection.InspectionEP;
1232:            67           1608  [Ltech.units.indriya.unit.ProductUnit$Element;
1233:            67           1608  com.intellij.ide.TypeNameEP$1
1234:            67           1608  com.intellij.patterns.ObjectPattern$4
1235:            67           1608  com.siyeh.ig.callMatcher.CallHandler
1236:            67           1608  java.security.spec.ECPoint (java.base@11.0.7)
1237:            67           1608  org.intellij.plugins.markdown.lang.MarkdownElementType
1238:             4           1600  com.intellij.openapi.wm.impl.InternalDecorator$1
1239:            50           1600  com.intellij.ui.SimpleTextAttributes
1240:            20           1600  java.lang.invoke.BoundMethodHandle$Species_LLLLLLLLIILL (java.base@11.0.7)
1241:           100           1600  sun.security.x509.CertificateAlgorithmId (java.base@11.0.7)
1242:           100           1600  sun.security.x509.CertificateSerialNumber (java.base@11.0.7)
1243:           100           1600  sun.security.x509.CertificateVersion (java.base@11.0.7)
1244:           100           1600  sun.security.x509.CertificateX509Key (java.base@11.0.7)
1245:            66           1584  com.intellij.util.ui.update.UiNotifyConnector
1246:            22           1584  java.text.DecimalFormatSymbols (java.base@11.0.7)
1247:            33           1584  java.time.temporal.ValueRange (java.base@11.0.7)
1248:            66           1584  org.jetbrains.plugins.textmate.language.preferences.Preferences
1249:             2           1568  [Lcom.google.wireless.android.sdk.stats.AndroidStudioEvent$EventKind;
1250:             4           1568  com.intellij.openapi.wm.impl.IdeGlassPaneImpl
1251:            49           1568  com.intellij.ui.components.ScrollBarPainter$Thumb
1252:            49           1568  javax.swing.plaf.basic.BasicTextUI$TextActionWrapper (java.desktop@11.0.7)
1253:            65           1560  com.intellij.openapi.util.TextRange
1254:            39           1560  com.intellij.util.containers.OpenTHashSet
1255:            65           1560  java.util.concurrent.ConcurrentLinkedQueue$Node (java.base@11.0.7)
1256:            65           1560  jdk.internal.module.SystemModuleFinders$2 (java.base@11.0.7)
1257:            39           1560  org.jetbrains.kotlin.idea.inspections.collections.AbstractCallChainChecker$Conversion
1258:             4           1536  com.intellij.openapi.wm.impl.Stripe
1259:             4           1536  com.intellij.openapi.wm.impl.status.widget.StatusBarWidgetWrapper$Icon
1260:            48           1536  io.netty.handler.codec.CodecOutputList
1261:            48           1536  java.lang.StringBuffer (java.base@11.0.7)
1262:            64           1536  java.util.regex.Pattern$$Lambda$1264/0x0000000801122c40 (java.base@11.0.7)
1263:             4           1536  jdk.internal.misc.InnocuousThread (java.base@11.0.7)
1264:            32           1536  org.apache.xerces.impl.dv.xs.DecimalDV$XDecimal
1265:            48           1536  org.apache.xerces.impl.xs.traversers.OneAttr
1266:            48           1536  sun.java2d.loops.SurfaceType (java.desktop@11.0.7)
1267:            32           1536  sun.lwawt.macosx.CMenuItem (java.desktop@11.0.7)
1268:            57           1528  [Ljavax.swing.Icon; (java.desktop@11.0.7)
1269:            21           1512  com.intellij.ui.components.JBTextField$1
1270:            63           1512  com.sun.jna.Pointer
1271:            63           1512  java.awt.Point (java.desktop@11.0.7)
1272:            27           1512  sun.util.calendar.ZoneInfo (java.base@11.0.7)
1273:             4           1504  com.intellij.openapi.fileEditor.impl.EditorComposite$TopBottomPanel
1274:             4           1504  com.intellij.openapi.ui.Banner
1275:             4           1504  com.intellij.openapi.wm.impl.status.TextPanel$WithIconAndArrows
1276:            47           1504  com.intellij.ui.components.DefaultScrollBarUI$Listener
1277:             4           1504  javax.swing.JRootPane (java.desktop@11.0.7)
1278:            47           1504  org.apache.xerces.util.SymbolHash
1279:            47           1504  org.jetbrains.kotlin.KtNodeType
1280:            47           1504  org.jetbrains.kotlin.lexer.KtKeywordToken
1281:            62           1488  com.intellij.patterns.PsiClassPattern
1282:            62           1488  com.intellij.patterns.XmlAttributeValuePattern$2
1283:            62           1488  com.intellij.spring.el.lexer.SpringELTokenType$ISpELElementType
1284:            93           1488  com.intellij.util.concurrency.Semaphore
1285:            93           1488  javax.security.auth.x500.X500Principal (java.base@11.0.7)
1286:            62           1488  org.jetbrains.plugins.scala.codeInspection.collections.Qualified
1287:            93           1488  scala.Some
1288:            61           1480  [Lcom.intellij.openapi.fileTypes.FileType;
1289:            92           1472  com.intellij.debugger.streams.resolve.FilterResolver
1290:             4           1472  com.intellij.openapi.ui.LabeledComponent
1291:             4           1472  com.intellij.openapi.ui.ThreeComponentsSplitter$Divider
1292:             4           1472  com.intellij.openapi.wm.impl.InternalDecorator
1293:             8           1472  com.sun.javafx.sg.prism.NGRegion (javafx.graphics@11.0.7)
1294:            46           1472  java.util.Collections$UnmodifiableMap (java.base@11.0.7)
1295:            46           1472  scala.collection.immutable.HashMap$HashMap1
1296:            61           1464  com.intellij.database.model.ObjectKind
1297:            61           1464  com.intellij.internal.statistic.utils.PluginInfo
1298:            61           1464  com.intellij.openapi.util.io.BufferExposingByteArrayOutputStream
1299:            61           1464  com.intellij.psi.tree.xml.IXmlLeafElementType
1300:            61           1464  kotlin.reflect.jvm.internal.KPropertyImpl$Getter$caller$2
1301:            61           1464  kotlin.reflect.jvm.internal.KPropertyImpl$Getter$descriptor$2
1302:            61           1464  org.jetbrains.kotlin.ide.konan.psi.NativeDefinitionsTokenType
1303:            54           1456  [Ljava.security.cert.Certificate; (java.base@11.0.7)
1304:            14           1456  com.intellij.ui.mac.touchbar.TBItemAnActionButton
1305:            26           1456  sun.font.StrikeMetrics (java.desktop@11.0.7)
1306:            10           1440  [Ljava.lang.invoke.MemberName; (java.base@11.0.7)
1307:             4           1440  com.intellij.openapi.editor.toolbar.floating.FloatingToolbarComponentImpl
1308:             4           1440  com.intellij.openapi.ui.Banner$MyText
1309:            10           1440  com.sun.javafx.font.coretext.CTFontFile (javafx.graphics@11.0.7)
1310:            90           1440  com.sun.javafx.tk.Toolkit$$Lambda$3817/0x0000000802213840 (javafx.graphics@11.0.7)
1311:            45           1440  com.sun.org.apache.xerces.internal.xni.QName (java.xml@11.0.7)
1312:            90           1440  java.lang.ThreadLocal (java.base@11.0.7)
1313:            60           1440  javafx.scene.AccessibleAttribute (javafx.graphics@11.0.7)
1314:             4           1440  javax.swing.JLayeredPane (java.desktop@11.0.7)
1315:            36           1440  javax.swing.JToggleButton$ToggleButtonModel (java.desktop@11.0.7)
1316:            45           1440  org.jetbrains.kotlin.lexer.KtSingleValueToken
1317:            30           1440  sun.java2d.loops.DrawGlyphListAA (java.desktop@11.0.7)
1318:            59           1416  com.intellij.aop.psi.AopElementType
1319:            59           1416  com.intellij.freemarker.psi.FtlTokenType
1320:            59           1416  com.intellij.util.io.FileChunkKey
1321:             4           1408  com.intellij.charts.ChartWrapper$CentralPanel
1322:             4           1408  com.intellij.openapi.wm.impl.content.ToolWindowContentUi$TabPanel
1323:            88           1408  com.intellij.psi.codeStyle.SoftMargins
1324:             4           1408  com.intellij.ui.content.impl.ContentManagerImpl$MyNonOpaquePanel
1325:             4           1408  com.intellij.uiDesigner.core.Spacer
1326:            44           1408  com.sun.javafx.scene.DirtyBits (javafx.graphics@11.0.7)
1327:            44           1408  gnu.trove.TObjectHashIterator
1328:            88           1408  javax.swing.text.html.CSS$CssValue (java.desktop@11.0.7)
1329:            88           1408  javax.swing.text.html.CSS$CssValueMapper (java.desktop@11.0.7)
1330:            22           1408  sun.security.ssl.SignatureScheme (java.base@11.0.7)
1331:            25           1400  sun.security.ec.SunEC$ProviderService (jdk.crypto.ec@11.0.7)
1332:            58           1392  com.intellij.patterns.PsiClassNamePatternCondition
1333:            58           1392  com.intellij.patterns.PsiMethodPattern$3
1334:            58           1392  com.intellij.util.messages.impl.MessageBusImpl$$Lambda$480/0x0000000800590440
1335:            29           1392  java.awt.event.ActionEvent (java.desktop@11.0.7)
1336:            58           1392  org.jetbrains.kotlin.psi.stubs.elements.KtStubElementType$$Lambda$3384/0x0000000801f4f440
1337:            15           1376  [Ljava.lang.Byte; (java.base@11.0.7)
1338:             1           1376  [Ljdk.internal.math.FDBigInteger; (java.base@11.0.7)
1339:            43           1376  com.intellij.ui.components.panels.VerticalLayout
1340:            43           1376  com.intellij.util.containers.ContainerUtil$8
1341:            86           1376  com.sun.proxy.$Proxy26
1342:            57           1368  com.intellij.codeInsight.template.impl.DefaultLiveTemplateEP
1343:            57           1368  javax.swing.plaf.ActionMapUIResource (java.desktop@11.0.7)
1344:            57           1368  sun.reflect.generics.tree.FormalTypeParameter (java.base@11.0.7)
1345:             1           1360  [Lsun.security.ssl.CipherSuite; (java.base@11.0.7)
1346:            34           1360  com.intellij.spellchecker.compress.CompressedDictionary
1347:            85           1360  org.languagetool.rules.ErrorTriggeringExample
1348:            10           1360  org.languagetool.rules.patterns.RegexPatternRule
1349:            21           1344  com.intellij.codeInspection.ProblemDescriptorBase
1350:            42           1344  com.intellij.debugger.streams.lib.impl.FlatMappingOperation
1351:            42           1344  com.intellij.execution.configurations.RunConfigurationOptions$OutputFileOptions
1352:            28           1344  gnu.trove.TIntHashSet
1353:            56           1344  java.lang.module.ModuleDescriptor$Provides (java.base@11.0.7)
1354:            56           1344  java.time.LocalDateTime (java.base@11.0.7)
1355:            28           1344  org.antlr.v4.runtime.atn.BasicBlockStartState
1356:             3           1320  com.intellij.sql.dialects.db2.Db2CodeStyleSettings
1357:             3           1320  com.intellij.sql.dialects.derby.DerbyCodeStyleSettings
1358:             3           1320  com.intellij.sql.dialects.h2.H2CodeStyleSettings
1359:             3           1320  com.intellij.sql.dialects.hsql.HsqlCodeStyleSettings
1360:             3           1320  com.intellij.sql.dialects.mssql.MsCodeStyleSettings
1361:             3           1320  com.intellij.sql.dialects.mysql.MysqlCodeStyleSettings
1362:             3           1320  com.intellij.sql.dialects.oracle.OraCodeStyleSettings
1363:             3           1320  com.intellij.sql.dialects.postgres.PgCodeStyleSettings
1364:             3           1320  com.intellij.sql.dialects.sqlite.SqliteCodeStyleSettings
1365:             3           1320  com.intellij.sql.dialects.sybase.AseCodeStyleSettings
1366:             3           1320  com.intellij.sql.formatter.settings.SqlCodeStyleSettings
1367:            55           1320  javax.swing.plaf.basic.BasicTextUI$UpdateHandler (java.desktop@11.0.7)
1368:            55           1320  javax.swing.text.JTextComponent$KeymapActionMap (java.desktop@11.0.7)
1369:            55           1320  javax.swing.text.JTextComponent$KeymapWrapper (java.desktop@11.0.7)
1370:             9           1304  [Ljava.beans.MethodDescriptor; (java.desktop@11.0.7)
1371:             3           1296  [Lcom.intellij.ide.plugins.IdeaPluginDescriptorImpl;
1372:            81           1296  com.intellij.diagnostic.PerformanceWatcher$FreezeCheckerTask$$Lambda$680/0x0000000800875040
1373:             3           1296  com.intellij.ide.navigationToolbar.NavBarItem
1374:            54           1296  com.intellij.openapi.application.impl.ApplicationImpl$$Lambda$368/0x00000008004d1440
1375:            81           1296  com.intellij.refactoring.actions.BaseRefactoringAction$$Lambda$1018/0x0000000800bda440
1376:            54           1296  java.lang.module.ResolvedModule (java.base@11.0.7)
1377:            54           1296  java.util.BitSet (java.base@11.0.7)
1378:            81           1296  javax.swing.text.html.HTML$Attribute (java.desktop@11.0.7)
1379:            54           1296  jdk.internal.module.SystemModuleFinders$SystemModuleReader (java.base@11.0.7)
1380:            27           1296  sun.java2d.loops.BlitBg (java.desktop@11.0.7)
1381:            40           1280  [Ljava.math.BigInteger; (java.base@11.0.7)
1382:            40           1280  com.intellij.codeInsight.template.impl.TemplateGroup
1383:            40           1280  com.intellij.patterns.PsiParameterPattern$1
1384:            40           1280  java.awt.desktop.SystemHotkey (java.desktop@11.0.7)
1385:            32           1280  java.lang.invoke.VarHandleObjects$FieldInstanceReadWrite (java.base@11.0.7)
1386:            80           1280  java.util.Collections$SingletonSet (java.base@11.0.7)
1387:            32           1280  java.util.IdentityHashMap (java.base@11.0.7)
1388:            32           1280  javax.swing.BoxLayout (java.desktop@11.0.7)
1389:            32           1280  kotlin.reflect.jvm.internal.impl.metadata.ProtoBuf$EnumEntry
1390:            32           1280  net.miginfocom.layout.Grid$LinkedDimGroup
1391:            40           1280  sun.awt.image.OffScreenImageSource (java.desktop@11.0.7)
1392:            53           1272  com.intellij.openapi.actionSystem.MouseShortcut
1393:            53           1272  com.intellij.util.concurrency.BoundedScheduledExecutorService
1394:            53           1272  javax.swing.DefaultSingleSelectionModel (java.desktop@11.0.7)
1395:            53           1272  jdk.internal.loader.BuiltinClassLoader$LoadedModule (java.base@11.0.7)
1396:            53           1272  org.jetbrains.plugins.scala.codeInspection.collections.InvocationTemplate$Condition$$Lambda$4170/0x00000008001fa840
1397:            41           1264  [Lorg.apache.xerces.impl.xs.traversers.OneAttr;
1398:            18           1248  [Lio.netty.buffer.PoolThreadCache$MemoryRegionCache;
1399:            64           1248  [Ljava.awt.Component; (java.desktop@11.0.7)
1400:            52           1248  com.alibaba.p3c.idea.inspection.AliLocalInspectionToolProvider$RuleInfo
1401:            26           1248  com.intellij.openapi.wm.ToolWindowEP
1402:             3           1248  com.intellij.openapi.wm.impl.content.TabContentLayout$2
1403:            52           1248  com.intellij.patterns.XmlTagPattern$Capture
1404:            52           1248  com.intellij.play.language.PlayTokenType
1405:            52           1248  com.intellij.psi.stubs.StubElementTypeHolderEP
1406:            52           1248  com.intellij.util.containers.RefHashMap$HardKey
1407:            26           1248  com.sun.jna.Function
1408:            52           1248  java.util.concurrent.ConcurrentLinkedQueue (java.base@11.0.7)
1409:            52           1248  javax.swing.plaf.basic.BasicPopupMenuUI$BasicMenuKeyListener (java.desktop@11.0.7)
1410:            31           1240  com.intellij.ui.components.Interpolator
1411:            31           1240  com.intellij.ui.components.JBScrollBar$Model
1412:            31           1240  sun.security.x509.AuthorityKeyIdentifierExtension (java.base@11.0.7)
1413:            14           1232  com.intellij.configurationStore.schemeManager.SchemeManagerImpl
1414:            51           1224  com.intellij.openapi.vfs.impl.VirtualFilePointerManagerImpl$3
1415:            51           1224  com.intellij.patterns.PsiJavaPatterns$4
1416:             3           1224  com.intellij.ui.ErrorLabel
1417:            76           1216  com.google.common.cache.LocalCache$WriteQueue
1418:            76           1216  com.intellij.util.indexing.impl.forward.MapForwardIndexAccessor
1419:            38           1216  java.lang.ClassValue$Entry (java.base@11.0.7)
1420:            38           1216  jdk.internal.reflect.UnsafeStaticObjectFieldAccessorImpl (java.base@11.0.7)
1421:            30           1200  com.intellij.openapi.wm.impl.FrameInfo
1422:            75           1200  com.sun.proxy.$Proxy39
1423:            30           1200  java.time.temporal.ChronoField (java.base@11.0.7)
1424:            30           1200  javafx.beans.property.SimpleBooleanProperty (javafx.base@11.0.7)
1425:            25           1200  javafx.geometry.Insets (javafx.graphics@11.0.7)
1426:             2           1200  javafx.scene.layout.StackPane (javafx.graphics@11.0.7)
1427:            50           1200  kotlin.reflect.jvm.internal.impl.storage.LockBasedStorageManager$LockBasedNotNullLazyValue
1428:            50           1192  [Lcom.intellij.execution.configurations.ConfigurationFactory;
1429:            74           1184  com.intellij.openapi.util.Disposer$1
1430:             2           1184  javafx.scene.layout.Region (javafx.graphics@11.0.7)
1431:             3           1176  [Lcom.intellij.ui.classFilter.ClassFilter;
1432:            73           1168  com.intellij.openapi.util.Ref
1433:            29           1160  java.util.regex.Pattern$Loop (java.base@11.0.7)
1434:            36           1152  com.intellij.ide.TypeIconEP
1435:            18           1152  com.intellij.ide.ui.laf.darcula.ui.DarculaCheckBoxUI
1436:            48           1152  com.intellij.psi.filters.position.ParentElementFilter
1437:            18           1152  com.intellij.uiDesigner.core.GridConstraints
1438:             3           1152  io.netty.util.concurrent.FastThreadLocalThread
1439:            48           1152  javafx.scene.AccessibleRole (javafx.graphics@11.0.7)
1440:            36           1152  org.intellij.markdown.ast.impl.ListItemCompositeNode
1441:             4           1136  [Ljava.lang.Integer; (java.base@11.0.7)
1442:            47           1128  com.intellij.ui.components.ScrollBarPainter$Track
1443:            47           1128  com.intellij.util.keyFMap.ArrayBackedFMap
1444:            47           1128  com.intellij.util.lang.MemoryResource
1445:            35           1120  [Lcom.siyeh.ig.callMatcher.CallMatcher;
1446:            28           1120  com.android.resources.ResourceType
1447:            20           1120  com.intellij.lang.javascript.flex.run.FlashRunnerParameters$Emulator
1448:            10           1120  com.intellij.ui.content.impl.ContentImpl
1449:            35           1120  com.intellij.vcs.log.impl.VcsRefImpl
1450:            35           1120  java.util.UUID (java.base@11.0.7)
1451:            28           1120  javax.swing.plaf.basic.BasicListUI$Handler (java.desktop@11.0.7)
1452:            14           1120  net.miginfocom.layout.LC
1453:            14           1120  org.intellij.plugins.intelliLang.inject.config.XmlTagInjection
1454:            35           1120  sun.java2d.loops.RenderCache$Entry (java.desktop@11.0.7)
1455:            46           1104  com.intellij.configurationStore.StateMap
1456:             3           1104  com.intellij.ui.SeparatorWithText
1457:             6           1104  com.intellij.ui.tree.ui.DefaultTreeUI
1458:            69           1104  com.siyeh.ipp.base.Intention$$Lambda$4089/0x00000008023cd440
1459:            46           1104  com.sun.javafx.application.PlatformImpl$$Lambda$3784/0x00000008021d4c40 (javafx.graphics@11.0.7)
1460:             8           1088  com.intellij.util.containers.ConcurrentIntObjectHashMap$CounterCell
1461:            17           1088  org.apache.oro.text.regex.Perl5Pattern
1462:            34           1088  sun.security.ssl.Alert (java.base@11.0.7)
1463:             3           1080  com.intellij.ui.GroupedElementsRenderer$List$1
1464:             3           1080  com.intellij.ui.GroupedElementsRenderer$MyComponent
1465:             3           1080  com.intellij.ui.components.JBLoadingPanel
1466:            15           1080  com.intellij.util.concurrency.EdtScheduledExecutorServiceImpl$1
1467:            45           1080  javafx.animation.AnimationTimer$AnimationTimerReceiver$$Lambda$3816/0x0000000802214440 (javafx.graphics@11.0.7)
1468:            45           1080  kotlin.text.Regex
1469:            30           1072  [Ljavax.swing.text.html.CSS$Attribute; (java.desktop@11.0.7)
1470:            67           1072  java.util.HashMap$Values (java.base@11.0.7)
1471:            19           1064  com.intellij.openapi.wm.impl.StripeButtonUI
1472:             2           1056  [[F (java.base@11.0.7)
1473:            44           1056  com.intellij.codeInsight.daemon.impl.TextEditorHighlightingPassRegistrarImpl$PassConfig
1474:            44           1056  com.intellij.database.Dbms
1475:            66           1056  com.intellij.openapi.actionSystem.Presentation$$Lambda$744/0x0000000800988840
1476:            44           1056  com.intellij.openapi.extensions.impl.ExtensionPointImpl$3
1477:            44           1056  com.intellij.openapi.ui.popup.ActiveIcon
1478:            33           1056  com.intellij.psi.impl.smartPointers.SelfElementInfo
1479:             3           1056  com.intellij.ui.components.panels.OpaquePanel
1480:            44           1056  com.intellij.util.KeyedLazyInstanceEP$1
1481:            33           1056  com.intellij.util.ui.JBInsets$JBInsetsUIResource
1482:            44           1056  com.intellij.util.ui.StatusText$1
1483:            44           1056  com.intellij.util.ui.StatusText$2
1484:            11           1056  java.net.SocksSocketImpl (java.base@11.0.7)
1485:            44           1056  org.jetbrains.plugins.textmate.configuration.BundleConfigBean
1486:             1           1040  [Lcom.intellij.ui.Gray;
1487:             1           1040  [Ljava.lang.Long; (java.base@11.0.7)
1488:             1           1040  [Ljava.lang.Short; (java.base@11.0.7)
1489:            13           1040  com.sun.jna.Structure$FFIType
1490:            26           1040  java.awt.SystemColor (java.desktop@11.0.7)
1491:            35           1032  [Ljava.io.ObjectStreamField; (java.base@11.0.7)
1492:            43           1032  com.intellij.util.io.FileAccessorCache$Handle
1493:            32           1024  com.intellij.codeInspection.naming.NamingConventionBean
1494:            16           1024  com.intellij.openapi.editor.impl.FoldingModelImpl$MyMarkerTree$1
1495:            32           1024  com.intellij.util.containers.IntObjectLinkedMap
1496:            64           1024  java.util.concurrent.ConcurrentHashMap$EntrySetView (java.base@11.0.7)
1497:            32           1024  org.jetbrains.kotlin.lexer.KtModifierKeywordToken
1498:            42           1008  com.intellij.codeInspection.ex.QuickFixWrapper
1499:            21           1008  com.intellij.ide.util.newProjectWizard.FrameworkSupportNode
1500:            42           1008  com.intellij.ui.scale.Scale
1501:            42           1008  com.intellij.util.EventDispatcher$1
1502:            63           1008  com.intellij.util.text.ImmutableText$WideLeafNode
1503:            63           1008  com.sun.proxy.$Proxy54
1504:            18           1008  javax.swing.ScrollPaneLayout$UIResource (java.desktop@11.0.7)
1505:            21           1008  sun.font.FontDesignMetrics$KeyReference (java.desktop@11.0.7)
1506:            21           1008  sun.nio.cs.UTF_8$Encoder (java.base@11.0.7)
1507:            14           1008  sun.security.ssl.SSLCipher (java.base@11.0.7)
1508:            10           1000  [Lcom.sun.javafx.font.PrismFontFile$DirectoryEntry; (javafx.graphics@11.0.7)
1509:            44           1000  [Lsun.security.ssl.ProtocolVersion; (java.base@11.0.7)
1510:            25           1000  com.intellij.util.containers.ConcurrentWeakHashMap
1511:            25           1000  kotlin.reflect.jvm.internal.impl.protobuf.GeneratedMessageLite$GeneratedExtension
1512:            25           1000  org.jetbrains.kotlin.psi.stubs.elements.KtPlaceHolderStubElementType
1513:             7            992  [Ljava.lang.reflect.Field; (java.base@11.0.7)
1514:             2            992  com.intellij.execution.actions.RunConfigurationsComboBoxAction$1
1515:            31            992  java.lang.invoke.VarHandle$AccessMode (java.base@11.0.7)
1516:            31            992  javax.swing.text.Segment (java.desktop@11.0.7)
1517:            31            992  net.miginfocom.layout.Grid$Cell
1518:            41            984  java.awt.image.FilteredImageSource (java.desktop@11.0.7)
1519:            41            984  java.time.LocalDate (java.base@11.0.7)
1520:            41            984  java.util.regex.Pattern$Pos (java.base@11.0.7)
1521:            41            984  javafx.event.EventType (javafx.base@11.0.7)
1522:            41            984  tech.units.indriya.function.MultiplyConverter
1523:            29            976  [Ljava.time.format.DateTimeFormatterBuilder$DateTimePrinterParser; (java.base@11.0.7)
1524:            61            976  com.intellij.codeInspection.ex.InspectionToolRegistrar$$Lambda$1244/0x000000080104a440
1525:            12            960  [Lcom.intellij.util.containers.SLRUMap;
1526:            30            960  com.intellij.database.DbmsExtension$InstanceBean
1527:            60            960  com.intellij.debugger.streams.resolve.MapResolver
1528:            40            960  com.intellij.diagram.DiagramCategory
1529:            20            960  com.intellij.ide.util.newProjectWizard.TemplatesGroup
1530:            12            960  com.intellij.openapi.fileChooser.ex.FileTextFieldImpl$Vfs
1531:            40            960  com.intellij.openapi.options.BeanConfigurable$CheckboxField
1532:            20            960  com.intellij.openapi.ui.ShadowAction
1533:            20            960  com.sun.jna.CallbackReference
1534:            40            960  git4idea.commands.GitCommand
1535:            24            960  java.lang.ClassLoader$NativeLibrary (java.base@11.0.7)
1536:            30            960  java.security.Provider$EngineDescription (java.base@11.0.7)
1537:            20            960  java.util.concurrent.ThreadPoolExecutor$Worker (java.base@11.0.7)
1538:            30            960  javax.swing.plaf.InsetsUIResource (java.desktop@11.0.7)
1539:            60            960  jdk.internal.module.SystemModuleFinders$3 (java.base@11.0.7)
1540:            30            960  jdk.internal.reflect.UnsafeQualifiedObjectFieldAccessorImpl (java.base@11.0.7)
1541:            15            960  org.jetbrains.plugins.scala.lang.psi.impl.toplevel.synthetic.SyntheticClasses$$anon$1
1542:            40            960  org.jetbrains.yaml.YAMLElementType
1543:             5            952  [Lcom.intellij.openapi.vfs.VirtualFile;
1544:            17            952  com.intellij.execution.configurations.LocatableRunConfigurationOptions
1545:            17            952  org.antlr.v4.runtime.atn.StarLoopEntryState
1546:            59            944  com.intellij.database.DbmsExtension$Bean$$Lambda$689/0x000000080089fc40
1547:             2            944  com.intellij.openapi.editor.impl.EditorMarkupModelImpl$ErrorStripeButton
1548:             2            944  com.intellij.util.ui.ButtonlessScrollBarUI$EmptyButton
1549:            39            936  com.intellij.lang.javascript.dialects.JSLanguageFeature
1550:            39            936  com.intellij.openapi.fileTypes.ExactFileNameMatcher
1551:            39            936  com.intellij.openapi.options.BeanConfigurable$BeanMethodAccessor
1552:            39            936  com.intellij.ui.SimpleColoredComponent$SimpleTextRenderer
1553:             9            936  com.intellij.util.indexing.SharedIntMapForwardIndex$1
1554:            29            928  com.intellij.database.DbmsExtension$Bean
1555:            58            928  com.intellij.openapi.actionSystem.CustomShortcutSet
1556:            29            928  java.security.Permissions (java.base@11.0.7)
1557:             2            928  javax.swing.JTextPane (java.desktop@11.0.7)
1558:             1            912  [Ljavafx.scene.input.KeyCode; (javafx.graphics@11.0.7)
1559:            19            912  com.intellij.configurationStore.ComponentWithModificationTrackerInfo
1560:            38            912  com.intellij.openapi.actionSystem.Constraints
1561:             2            912  com.intellij.openapi.editor.impl.EditorGutterComponentImpl
1562:            38            912  com.intellij.patterns.PsiExpressionPattern$Capture
1563:            19            912  com.intellij.ui.RowIcon
1564:            19            912  com.intellij.ui.SizedIcon
1565:            38            912  java.lang.ThreadLocal$ThreadLocalMap (java.base@11.0.7)
1566:            38            912  org.intellij.plugins.markdown.lang.psi.impl.MarkdownTableCellImpl
1567:            57            912  org.jetbrains.plugins.scala.codeInspection.collections.OperationOnCollectionInspectionBase$$Lambda$4077/0x0000000802383c40
1568:            57            912  org.jetbrains.plugins.scala.codeInspection.collections.OperationOnCollectionInspectionBase$$Lambda$4078/0x0000000802383040
1569:            57            912  org.jetbrains.plugins.scala.codeInspection.collections.OperationOnCollectionInspectionBase$$Lambda$4079/0x0000000802382840
1570:            57            912  org.jetbrains.plugins.scala.codeInspection.collections.OperationOnCollectionInspectionBase$$Lambda$4080/0x0000000802381840
1571:            28            896  com.fasterxml.jackson.databind.DeserializationFeature
1572:            16            896  com.intellij.execution.configurations.coverage.JavaCoverageEnabledConfiguration
1573:            56            896  com.intellij.openapi.actionSystem.impl.ActionButton$1
1574:            56            896  com.intellij.openapi.actionSystem.impl.ActionButton$2
1575:             2            896  com.intellij.openapi.editor.impl.EditorComponentImpl
1576:            16            896  com.intellij.openapi.editor.impl.FoldRegionImpl
1577:            56            896  com.intellij.serviceContainer.ComponentManagerImpl$getDisposed$1
1578:            28            896  com.intellij.sql.liveTemplates.SqlCodeContextType
1579:            28            896  com.intellij.sql.liveTemplates.SqlDialectSpecificContextType
1580:            28            896  com.intellij.sql.liveTemplates.SqlStatementContextType
1581:            16            896  com.intellij.ui.components.JBScrollPane$Layout
1582:            28            896  io.netty.channel.ChannelOption
1583:            16            896  java.lang.invoke.LambdaFormEditor$Transform (java.base@11.0.7)
1584:            14            896  java.text.DateFormatSymbols (java.base@11.0.7)
1585:            14            896  java.text.SimpleDateFormat (java.base@11.0.7)
1586:            28            896  java.time.format.DateTimeFormatterBuilder$NumberPrinterParser (java.base@11.0.7)
1587:            37            888  com.intellij.patterns.XmlNamedElementPattern$XmlAttributePattern
1588:            37            888  net.loomchild.segment.srx.LanguageMap
1589:            37            888  scala.Tuple2
1590:             2            880  [Lcom.google.wireless.android.sdk.stats.GradleSyncStats$Trigger;
1591:            11            880  com.intellij.psi.impl.source.tree.FileElement
1592:             5            880  com.sun.javafx.scene.EventHandlerProperties (javafx.graphics@11.0.7)
1593:            55            880  javax.swing.JMenuItem$MenuItemFocusListener (java.desktop@11.0.7)
1594:            55            880  javax.swing.text.DefaultCaret$Handler (java.desktop@11.0.7)
1595:            10            880  org.intellij.plugins.intelliLang.inject.config.XmlAttributeInjection
1596:            27            864  com.fasterxml.jackson.databind.MapperFeature
1597:            36            864  com.google.common.cache.LocalCache$AccessQueue$1
1598:            36            864  com.intellij.ide.TypeIconEP$1
1599:             9            864  com.intellij.ide.projectView.impl.nodes.PsiFileNode
1600:            18            864  com.intellij.openapi.fileChooser.FileChooserDescriptor
1601:            36            864  com.intellij.patterns.PsiMethodPattern$2
1602:            36            864  com.intellij.patterns.PsiNameValuePairPattern
1603:            12            864  com.intellij.sql.injection.SqlTypeBasedInjection
1604:             2            864  com.intellij.ui.components.labels.LinkLabel
1605:            27            864  java.net.InetAddress$InetAddressHolder (java.base@11.0.7)
1606:            54            864  java.util.TreeSet (java.base@11.0.7)
1607:            36            864  org.apache.xerces.impl.xs.traversers.SmallContainer
1608:             9            864  org.jetbrains.plugins.scala.lang.psi.impl.toplevel.typedef.ScObjectImpl
1609:            36            864  sun.awt.SunHints$Value (java.desktop@11.0.7)
1610:            18            864  sun.util.locale.provider.LocaleResources$ResourceReference (java.base@11.0.7)
1611:            36            856  [Ljava.net.URL; (java.base@11.0.7)
1612:             2            848  com.intellij.openapi.editor.impl.EditorImpl$MyScrollPane
1613:             2            848  com.intellij.sql.formatter.settings.SqlCodeStyleSettingsDefault
1614:            35            840  com.intellij.framework.library.impl.DownloadableLibraryServiceImpl$1
1615:            35            840  com.intellij.openapi.application.TransactionGuardImpl$2
1616:            15            840  com.intellij.openapi.projectRoots.impl.ProjectJdkImpl
1617:            35            840  com.intellij.patterns.XmlNamedElementPattern$1
1618:            35            840  com.intellij.spellchecker.compress.Alphabet
1619:            15            840  com.intellij.util.SingleAlarm
1620:            35            840  com.intellij.util.containers.MultiMap
1621:            21            840  java.text.DigitList (java.base@11.0.7)
1622:            21            840  java.text.MessageFormat (java.base@11.0.7)
1623:            35            840  org.jetbrains.kotlin.diagnostics.DiagnosticFactory3
1624:            21            840  sun.security.ssl.SSLHandshake (java.base@11.0.7)
1625:            26            832  [Lcom.google.common.cache.LocalCache$Segment;
1626:            13            832  com.intellij.execution.configurations.ModuleBasedConfigurationOptions
1627:             2            832  com.intellij.openapi.actionSystem.SplitButtonAction$SplitButton
1628:             8            832  com.intellij.ui.mac.touchbar.TouchBar
1629:            52            832  com.intellij.util.containers.RefHashMap$MyMap$1
1630:            52            832  com.intellij.util.xml.TypeChooserManager
1631:            26            832  javax.swing.border.EmptyBorder (java.desktop@11.0.7)
1632:            52            832  javax.swing.plaf.basic.BasicPopupMenuUI$BasicPopupMenuListener (java.desktop@11.0.7)
1633:            52            832  org.jetbrains.plugins.scala.codeInspection.collections.InvocationTemplate$$Lambda$4169/0x00000008001fb040
1634:            52            832  org.jetbrains.plugins.scala.codeInspection.collections.package$$$Lambda$4167/0x0000000800206840
1635:            33            824  [Ljava.util.EnumSet; (java.base@11.0.7)
1636:            34            816  com.apple.laf.AquaScrollPaneUI$XYMouseWheelHandler (java.desktop@11.0.7)
1637:            34            816  com.intellij.ide.ui.laf.intellij.MacPopupMenuUI
1638:            34            816  com.intellij.openapi.actionSystem.impl.ActionMenu$MenuListenerImpl
1639:             2            816  com.intellij.openapi.ui.DialogPanel
1640:            34            816  com.intellij.openapi.ui.JBPopupMenu$MyLayout$1
1641:            34            816  com.intellij.ui.layout.CellKt$createPropertyBinding$1
1642:            34            816  com.intellij.ui.layout.CellKt$createPropertyBinding$2
1643:            17            816  com.intellij.ui.popup.MovablePopup
1644:            17            816  com.sun.javafx.scene.EventHandlerProperties$EventHandlerProperty (javafx.graphics@11.0.7)
1645:            34            816  javax.swing.JMenu$MenuChangeListener (java.desktop@11.0.7)
1646:            34            816  javax.swing.JMenu$WinListener (java.desktop@11.0.7)
1647:             2            816  javax.swing.Popup$HeavyWeightWindow (java.desktop@11.0.7)
1648:            34            816  javax.swing.plaf.basic.BasicMenuUI$Handler (java.desktop@11.0.7)
1649:            34            816  kotlin.reflect.jvm.internal.impl.metadata.deserialization.Flags$BooleanFlagField
1650:            17            816  org.antlr.v4.runtime.atn.StarBlockStartState
1651:            34            816  sun.font.TrueTypeFont$DirectoryEntry (java.desktop@11.0.7)
1652:            17            816  sun.java2d.loops.DrawGlyphList (java.desktop@11.0.7)
1653:            17            816  sun.java2d.loops.FillRect (java.desktop@11.0.7)
1654:            25            800  com.intellij.codeInsight.hints.Option
1655:             2            800  com.intellij.diagnostic.IdeErrorsIcon
1656:            20            800  com.intellij.grazie.jlanguage.Lang
1657:             2            800  com.intellij.ide.actions.SearchEverywhereAction$1
1658:             2            800  com.intellij.ide.actions.runAnything.RunAnythingAction$1
1659:             2            800  com.intellij.openapi.editor.impl.EditorImpl$MyScrollBar
1660:             2            800  com.intellij.openapi.fileEditor.impl.text.PsiAwareTextEditorImpl$PsiAwareTextEditorComponent
1661:             2            800  com.intellij.openapi.ui.ThreeComponentsSplitter
1662:             2            800  com.intellij.ui.tabs.impl.ActionButton$2
1663:             2            800  com.intellij.ui.tabs.impl.TabLabel$4
1664:            20            800  com.intellij.ui.tree.StructureTreeModel$Node
1665:            20            800  com.intellij.ui.tree.ui.TreeAction
1666:            20            800  com.intellij.util.io.RandomAccessFileWithLengthAndSizeTracking
1667:            50            800  java.io.FileOutputStream$1 (java.base@11.0.7)
1668:             2            800  javax.swing.plaf.basic.BasicComboBoxRenderer$UIResource (java.desktop@11.0.7)
1669:            25            800  javax.swing.undo.UndoManager (java.desktop@11.0.7)
1670:            25            800  kotlin.reflect.jvm.internal.impl.protobuf.GeneratedMessageLite$ExtensionDescriptor
1671:            10            800  org.jetbrains.plugins.scala.lang.psi.impl.ScalaFileImpl
1672:            10            800  sun.font.FontDesignMetrics (java.desktop@11.0.7)
1673:            50            800  sun.reflect.generics.tree.TypeVariableSignature (java.base@11.0.7)
1674:             9            792  com.intellij.application.options.editor.EditorSmartKeysConfigurableEP
1675:            33            792  com.intellij.util.CachedValueImpl
1676:            33            792  git4idea.GitStandardRemoteBranch
1677:            33            792  java.util.concurrent.locks.ReentrantReadWriteLock$Sync$HoldCounter (java.base@11.0.7)
1678:            33            792  javassist.bytecode.InterfaceMethodrefInfo
1679:            33            792  kotlin.Pair
1680:            33            792  net.loomchild.segment.srx.LanguageRule
1681:            33            792  sun.font.CStrike$GlyphAdvanceCache (java.desktop@11.0.7)
1682:            49            784  com.intellij.ide.ui.laf.darcula.ui.TextFieldWithPopupHandlerUI$Handler
1683:             2            784  com.intellij.openapi.editor.impl.EditorImpl$OpaqueAwareScrollBar
1684:             2            784  com.intellij.openapi.fileEditor.impl.EditorTabbedContainer$EditorTabs$2
1685:            49            784  com.sun.proxy.$Proxy43
1686:            49            784  javax.swing.JScrollBar$ModelListener (java.desktop@11.0.7)
1687:            49            784  javax.swing.JTextField$ScrollRepainter (java.desktop@11.0.7)
1688:            32            768  [Lcom.intellij.psi.filters.ElementFilter;
1689:            24            768  com.fasterxml.jackson.databind.SerializationFeature
1690:             2            768  com.intellij.diagnostic.IdeMessagePanel
1691:            16            768  com.intellij.grazie.remote.RemoteLangDescriptor
1692:             2            768  com.intellij.openapi.editor.impl.EditorImpl
1693:            12            768  com.intellij.plugins.intelliLang.inject.JSInjection
1694:            12            768  com.intellij.ui.layout.migLayout.patched.MigLayout
1695:            32            768  com.intellij.ui.mac.MacDockDelegate$1
1696:            24            768  com.intellij.util.KeyedLazyInstanceEP
1697:            16            768  com.intellij.util.containers.RecentStringInterner$1
1698:            24            768  com.intellij.util.ui.JBRectangle
1699:            24            768  java.security.AlgorithmParameters (java.base@11.0.7)
1700:             8            768  javafx.geometry.BoundingBox (javafx.graphics@11.0.7)
1701:            32            768  org.jetbrains.plugins.cucumber.psi.GherkinElementType
1702:            32            768  org.jetbrains.plugins.scala.lang.scaladoc.lexer.ScalaDocElementType
1703:            24            768  sun.font.EAttribute (java.desktop@11.0.7)
1704:            16            768  sun.java2d.loops.DrawLine (java.desktop@11.0.7)
1705:            16            768  sun.java2d.loops.DrawPath (java.desktop@11.0.7)
1706:            16            768  sun.java2d.loops.DrawPolygons (java.desktop@11.0.7)
1707:            16            768  sun.java2d.loops.DrawRect (java.desktop@11.0.7)
1708:            16            768  sun.java2d.loops.FillPath (java.desktop@11.0.7)
1709:            16            768  sun.java2d.loops.FillSpans (java.desktop@11.0.7)
1710:            24            768  sun.security.x509.OIDMap$OIDInfo (java.base@11.0.7)
1711:            19            760  com.intellij.openapi.wm.impl.ToolWindowEntry
1712:            19            760  org.languagetool.rules.Category
1713:            24            752  [Ljavax.swing.SizeRequirements; (java.desktop@11.0.7)
1714:             2            752  com.intellij.openapi.wm.impl.status.widget.StatusBarWidgetWrapper$Text
1715:            47            752  com.intellij.ui.components.DefaultScrollBarUI$$Lambda$821/0x0000000800a9a040
1716:            47            752  com.intellij.ui.components.DefaultScrollBarUI$$Lambda$823/0x0000000800a99840
1717:             2            752  org.jetbrains.kotlin.idea.formatter.KotlinCommonCodeStyleSettings
1718:            10            744  [Lcom.intellij.openapi.actionSystem.AnAction;
1719:            31            744  com.intellij.scala.ssp.lang.lexer.SspTokenTypes$SspElementType
1720:            31            744  com.sun.javafx.css.PseudoClassImpl (javafx.graphics@11.0.7)
1721:             1            736  [Lcom.intellij.psi.impl.source.resolve.reference.PsiReferenceContributorEP;
1722:            23            736  com.intellij.openapi.util.ClassExtensionPoint
1723:             2            736  com.intellij.ui.HideableTitledSeparator
1724:            23            736  com.intellij.ui.mac.foundation.ID
1725:             2            736  com.intellij.ui.tabs.impl.ActionPanel
1726:            23            736  com.intellij.util.ui.JBDimension$Size2D
1727:            46            736  com.sun.javafx.application.PlatformImpl$$Lambda$3803/0x0000000802217840 (javafx.graphics@11.0.7)
1728:            23            736  java.io.BufferedOutputStream (java.base@11.0.7)
1729:            23            736  javax.imageio.spi.DigraphNode (java.desktop@11.0.7)
1730:            13            728  com.carrotsearch.hppc.IntIntHashMap
1731:            13            728  com.intellij.facet.ui.FacetDependentToolWindow
1732:            13            728  org.jcp.xml.dsig.internal.dom.XMLDSigRI$ProviderService (java.xml.crypto@11.0.7)
1733:            23            720  [Ljava.util.Set; (java.base@11.0.7)
1734:            15            720  com.intellij.configurationStore.ComponentWithStateModificationTrackerInfo
1735:             2            720  com.intellij.guice.model.renderers.GuiceBindingClassPsiElementListCellRenderer
1736:             2            720  com.intellij.ide.projectWizard.ProjectTemplateList
1737:            15            720  com.intellij.lang.javascript.DialectOptionHolder
1738:             2            720  com.intellij.openapi.editor.impl.EditorImpl$6
1739:             2            720  com.intellij.openapi.editor.impl.EditorImpl$MyHeaderPanel
1740:             2            720  com.intellij.openapi.fileEditor.impl.EditorComposite$MyComponent
1741:             2            720  com.intellij.openapi.fileEditor.impl.EditorWindow$TComp
1742:             2            720  com.intellij.openapi.ui.Splitter$DividerImpl
1743:            30            720  com.intellij.psi.codeStyle.PackageEntry
1744:             2            720  com.intellij.ui.components.JBLayeredPane
1745:             9            720  com.intellij.uiDesigner.core.GridLayoutManager
1746:            10            720  com.sun.javafx.geom.transform.Affine2D (javafx.graphics@11.0.7)
1747:            18            720  com.sun.jna.Library$Handler$FunctionInfo
1748:            10            720  java.security.SecureRandom (java.base@11.0.7)
1749:            15            720  java.util.Currency$SpecialCaseEntry (java.base@11.0.7)
1750:            30            720  javax.swing.AncestorNotifier (java.desktop@11.0.7)
1751:            30            720  org.jetbrains.kotlin.idea.inspections.collections.AbstractCallChainChecker$ConversionId
1752:            15            720  sun.lwawt.macosx.CMenu (java.desktop@11.0.7)
1753:             2            704  com.intellij.openapi.editor.toolbar.floating.EditorFloatingToolbar
1754:             2            704  com.intellij.ui.tabs.impl.JBTabsImpl$Toolbar
1755:             2            704  com.intellij.uiDesigner.core.Spacer
1756:            22            704  com.intellij.util.containers.WeakList
1757:             2            704  com.intellij.util.ui.Centerizer
1758:            44            704  com.sun.proxy.$Proxy32
1759:            11            704  java.lang.Class$ReflectionData (java.base@11.0.7)
1760:            44            704  java.util.regex.Pattern$Begin (java.base@11.0.7)
1761:            14            696  [[Ljava.lang.String; (java.base@11.0.7)
1762:            29            696  com.intellij.codeInsight.daemon.impl.HighlightInfoType$HighlightInfoTypeImpl
1763:            29            696  com.intellij.psi.tree.IElementType
1764:            29            696  java.lang.RuntimePermission (java.base@11.0.7)
1765:            29            696  java.time.format.DateTimeFormatterBuilder$CompositePrinterParser (java.base@11.0.7)
1766:            29            696  java.util.regex.Pattern$Prolog (java.base@11.0.7)
1767:            29            696  javax.accessibility.AccessibleState (java.desktop@11.0.7)
1768:            17            688  [Lscala.collection.immutable.HashSet;
1769:             8            688  [Lsun.java2d.loops.RenderCache$Entry; (java.desktop@11.0.7)
1770:            43            688  com.intellij.ide.HelpTooltip$1
1771:            43            688  com.intellij.ide.HelpTooltip$2
1772:            43            688  com.intellij.openapi.util.StaticGetter
1773:            17            680  com.intellij.openapi.wm.RegisterToolWindowTask
1774:            17            680  com.intellij.ui.tree.AsyncTreeModel$Node
1775:            17            680  java.time.format.DateTimeFormatter (java.base@11.0.7)
1776:            17            680  org.antlr.v4.runtime.atn.LoopEndState
1777:            17            680  org.antlr.v4.runtime.atn.StarLoopbackState
1778:            42            672  com.intellij.debugger.streams.resolve.FlatMapResolver
1779:            28            672  com.intellij.internal.statistic.collectors.fus.actions.persistence.ToolWindowCollector$ToolWindowInfo
1780:            42            672  com.intellij.openapi.util.KeyedExtensionCollector$MyExtensionPointListener
1781:            28            672  com.intellij.openapi.vfs.impl.VirtualFilePointerManagerImpl$DelegatingDisposable
1782:            28            672  com.intellij.scala.play.language.lexer.Play2TemplateElementTypes$Play2RoutingElementType
1783:            21            672  com.intellij.util.lang.JavaVersion
1784:            28            672  com.intellij.velocity.psi.VtlTokenType
1785:            14            672  com.sun.beans.util.Cache$Kind$Soft (java.desktop@11.0.7)
1786:            42            672  com.sun.javafx.collections.ListListenerHelper$SingleChange (javafx.base@11.0.7)
1787:            28            672  fuck_the_regulations_v321.ae
1788:            12            672  java.lang.invoke.BoundMethodHandle$Species_LIILLL (java.base@11.0.7)
1789:            28            672  net.miginfocom.layout.AC
1790:            14            672  sun.java2d.loops.TransformHelper (java.desktop@11.0.7)
1791:            21            672  sun.security.x509.URIName (java.base@11.0.7)
1792:            28            672  tech.units.indriya.function.RationalConverter
1793:            21            672  tech.units.indriya.unit.AlternateUnit
1794:             1            656  [Lcom.intellij.codeInsight.template.TemplateContextType;
1795:            41            656  com.google.common.collect.RegularImmutableList
1796:             1            656  com.sun.javafx.webkit.theme.ScrollBarWidget (javafx.web@11.0.7)
1797:            41            656  javax.swing.plaf.basic.BasicTreeUI$Actions (java.desktop@11.0.7)
1798:            27            648  com.intellij.openapi.editor.colors.impl.AdditionalTextAttributesEP
1799:            27            648  kotlin.reflect.jvm.internal.impl.storage.LockBasedStorageManager$MapBasedMemoizedFunction
1800:             3            648  org.jetbrains.plugins.scala.lang.formatting.settings.ScalaCodeStyleSettings
1801:            27            648  org.languagetool.rules.ITSIssueType
1802:             1            640  [Lcom.intellij.openapi.fileTypes.impl.FileTypeBean;
1803:             8            640  [Lio.netty.handler.codec.DefaultHeaders$HeaderEntry;
1804:             2            640  [[[I (java.base@11.0.7)
1805:            16            640  com.intellij.codeInspection.naming.NamingConventionWithFallbackBean
1806:            40            640  com.intellij.openapi.actionSystem.impl.ActionButton$$Lambda$1533/0x0000000801545040
1807:            20            640  com.intellij.openapi.editor.IndentGuideDescriptor
1808:            10            640  com.intellij.openapi.ui.ComponentValidator
1809:            20            640  com.intellij.openapi.vfs.impl.VirtualFileManagerImpl$VirtualFileSystemBean
1810:            40            640  com.intellij.psi.impl.source.resolve.reference.SimpleProviderBinding
1811:            10            640  com.intellij.ui.components.JBList$1
1812:            10            640  com.intellij.uiDesigner.core.GridConstraints
1813:            20            640  com.intellij.util.containers.ConcurrentWeakValueHashMap$MyWeakReference
1814:            16            640  com.intellij.util.io.DataOutputStream
1815:            20            640  com.siyeh.ig.ui.ExternalizableStringSet
1816:            20            640  com.sun.javafx.cursor.StandardCursorFrame (javafx.graphics@11.0.7)
1817:            20            640  com.sun.jna.CallbackReference$DefaultCallbackProxy
1818:            20            640  java.io.ObjectStreamClass$WeakClassKey (java.base@11.0.7)
1819:            20            640  java.rmi.server.UID (java.rmi@11.0.7)
1820:            16            640  sun.font.GlyphLayout$EngineRecord (java.desktop@11.0.7)
1821:            16            640  sun.nio.cs.UTF_8$Decoder (java.base@11.0.7)
1822:            20            640  sun.security.util.LazyCodeSourcePermissionCollection (java.base@11.0.7)
1823:             1            632  com.intellij.openapi.fileEditor.impl.EditorTabbedContainer$EditorTabs
1824:             3            624  [Ljava.lang.invoke.LambdaForm; (java.base@11.0.7)
1825:             3            624  [[J (java.base@11.0.7)
1826:            13            624  com.fasterxml.jackson.databind.type.SimpleType
1827:            26            624  com.google.gson.internal.bind.TypeAdapters$32
1828:             6            624  com.intellij.ide.projectView.impl.nodes.PsiDirectoryNode
1829:            13            624  com.intellij.openapi.MnemonicWrapper$MenuWrapper
1830:            26            624  com.intellij.patterns.ObjectPattern$Capture
1831:            13            624  com.intellij.psi.impl.source.CharTableImpl$StringHashToCharSequencesMap
1832:            26            624  com.intellij.ui.AnimatedIcon$1
1833:            26            624  java.security.spec.ECFieldF2m (java.base@11.0.7)
1834:            26            624  java.time.LocalTime (java.base@11.0.7)
1835:            39            624  java.util.TreeMap$KeySet (java.base@11.0.7)
1836:            13            624  javafx.scene.Node$ReadOnlyObjectWrapperManualFire (javafx.graphics@11.0.7)
1837:            26            624  javax.swing.plaf.ComponentInputMapUIResource (java.desktop@11.0.7)
1838:            13            624  sun.java2d.loops.DrawGlyphListLCD (java.desktop@11.0.7)
1839:            39            624  sun.util.logging.PlatformLogger (java.base@11.0.7)
1840:             1            616  [Lcom.intellij.psi.stubs.StubIndexExtension;
1841:             7            616  com.intellij.application.options.editor.CodeFoldingOptionsProviderEP
1842:            11            616  com.intellij.util.containers.hash.LinkedHashMap
1843:             7            616  javax.swing.JPanel$AccessibleJPanel (java.desktop@11.0.7)
1844:            19            608  [Ljava.lang.StringBuilder; (java.base@11.0.7)
1845:            19            608  com.intellij.debugger.streams.lib.impl.SortedOperation
1846:            19            608  com.intellij.ide.actions.ActivateToolWindowAction
1847:            19            608  com.intellij.openapi.extensions.KeyedFactoryEPBean
1848:            19            608  com.intellij.ui.mac.touchbar.ProjectData$ToolWindowData
1849:            19            608  java.text.FieldPosition (java.base@11.0.7)
1850:            19            608  java.util.AbstractList$Itr (java.base@11.0.7)
1851:             1            608  javafx.scene.control.skin.ScrollBarSkin$1 (javafx.controls@11.0.7)
1852:            38            608  sun.util.logging.internal.LoggingProviderImpl$JULWrapper (java.logging@11.0.7)
1853:             1            600  [Lorg.owasp.html.HtmlElementTables$FreeWrapper;
1854:            15            600  com.apple.laf.AquaUtilControlSize$SizeVariant (java.desktop@11.0.7)
1855:            15            600  com.intellij.openapi.actionSystem.impl.ActionToolbarImpl$1
1856:            25            600  com.intellij.patterns.uast.UElementPattern$filterWithContext$1
1857:            15            600  com.intellij.util.Alarm$Request
1858:            25            600  com.sun.javafx.event.CompositeEventHandler (javafx.base@11.0.7)
1859:             1            600  javafx.scene.control.skin.ScrollBarSkin$2 (javafx.controls@11.0.7)
1860:             1            600  javafx.scene.control.skin.ScrollBarSkin$3 (javafx.controls@11.0.7)
1861:            25            600  kotlin.reflect.jvm.internal.impl.protobuf.ExtensionRegistryLite$ObjectIntPair
1862:            25            600  org.intellij.lang.regexp.RegExpCapability
1863:            25            600  org.jetbrains.kotlin.idea.inspections.IntentionBasedInspection$IntentionData
1864:            25            600  org.jetbrains.plugins.scss.SCSSElementType
1865:            25            600  sun.font.SunFontManager$BundledFontInfo (java.desktop@11.0.7)
1866:             9            592  [Ljava.beans.PropertyDescriptor; (java.desktop@11.0.7)
1867:            14            592  [Ljava.lang.invoke.MethodType; (java.base@11.0.7)
1868:            37            592  javax.swing.JViewport$ViewListener (java.desktop@11.0.7)
1869:            24            576  com.android.flags.FlagGroup
1870:            36            576  com.google.common.cache.LocalCache$AccessQueue
1871:            24            576  com.intellij.compiler.server.CompileServerPlugin
1872:            18            576  com.intellij.database.settings.UserPatterns$ParameterPattern
1873:             9            576  com.intellij.ide.highlighter.custom.SyntaxTable
1874:            24            576  com.intellij.ide.ui.laf.darcula.ui.DarculaComboBoxUI$4
1875:            18            576  com.intellij.ide.ui.laf.darcula.ui.DarculaComboBoxUI$CustomComboPopup$1
1876:             3            576  com.intellij.javaee.JavaeeCodeStyleSettings
1877:            12            576  com.intellij.lang.LanguageExtension
1878:            18            576  com.intellij.openapi.editor.impl.DocumentImpl$RMTreeReference
1879:            12            576  com.intellij.openapi.editor.impl.RangeMarkerTree
1880:             8            576  com.intellij.openapi.keymap.impl.DefaultKeymapImpl
1881:            12            576  com.intellij.testFramework.LightVirtualFile
1882:            24            576  com.intellij.util.messages.impl.Message
1883:            24            576  fuck_the_regulations_v321.bf
1884:            18            576  io.netty.buffer.PoolThreadCache$NormalMemoryRegionCache
1885:             9            576  io.netty.util.Recycler$Stack
1886:            18            576  java.util.concurrent.FutureTask (java.base@11.0.7)
1887:             8            576  java.util.concurrent.ThreadPoolExecutor (java.base@11.0.7)
1888:            18            576  java.util.concurrent.atomic.AtomicReferenceFieldUpdater$AtomicReferenceFieldUpdaterImpl (java.base@11.0.7)
1889:             9            576  java.util.jar.JarFile (java.base@11.0.7)
1890:             2            576  javafx.scene.shape.SVGPath (javafx.graphics@11.0.7)
1891:            24            576  javax.swing.plaf.basic.BasicComboBoxEditor$UIResource (java.desktop@11.0.7)
1892:            24            576  javax.swing.plaf.basic.BasicComboBoxUI$DefaultKeySelectionManager (java.desktop@11.0.7)
1893:             6            576  javax.swing.text.html.HTMLDocument (java.desktop@11.0.7)
1894:             6            576  morfologik.speller.Speller
1895:            24            576  org.intellij.plugins.intelliLang.inject.LanguageInjectionConfigBean
1896:            24            576  org.jetbrains.kotlin.idea.inspections.IntentionBasedInspection$intention$2
1897:            24            576  org.jetbrains.plugins.scala.lang.lexer.ScalaXmlLexer$ScalaXmlTokenType
1898:            24            576  sun.font.GlyphLayout$LayoutEngineKey (java.desktop@11.0.7)
1899:             7            560  [Ljava.util.concurrent.locks.Lock; (java.base@11.0.7)
1900:            35            560  com.intellij.framework.library.DownloadableLibraryType$1
1901:            10            560  com.intellij.ide.actions.NonEmptyActionGroup
1902:            10            560  com.intellij.openapi.actionSystem.DefaultCompactActionGroup
1903:            35            560  com.intellij.openapi.application.impl.FlushQueue$FlushNow
1904:            14            560  com.intellij.util.ui.EmptyIcon
1905:            10            560  com.intellij.util.ui.TimerUtil$2
1906:            14            560  com.intellij.util.xmlb.ArrayBinding
1907:            35            560  com.siyeh.ig.callMatcher.CallMatcher$1
1908:             7            560  java.util.concurrent.TimeUnit (java.base@11.0.7)
1909:             5            560  org.jetbrains.plugins.gradle.service.settings.JavaGradleProjectSettingsControlBuilder
1910:            10            560  sun.java2d.loops.GraphicsPrimitiveProxy (java.desktop@11.0.7)
1911:            23            552  com.intellij.openapi.editor.impl.DocumentImpl$DocumentListenerDisposable
1912:            23            552  com.intellij.openapi.ui.ComboBox$MyEditor
1913:            23            552  com.intellij.openapi.ui.ComboBoxWithWidePopup$AdjustingListCellRenderer
1914:            23            552  com.intellij.openapi.util.ClassExtensionPoint$1
1915:            23            552  com.intellij.openapi.vfs.newvfs.FileAttribute
1916:            23            552  com.intellij.spellchecker.quickfixes.SaveTo
1917:            23            552  com.intellij.sql.psi.stubs.SqlFileElementType
1918:            23            552  com.intellij.util.ui.MyScaler
1919:            23            552  kotlin.reflect.jvm.internal.impl.incremental.components.NoLookupLocation
1920:            23            552  org.jetbrains.plugins.groovy.lang.groovydoc.lexer.GroovyDocElementType
1921:             1            552  org.jetbrains.plugins.scala.lang.parser.ScalaElementType$
1922:             7            544  [Lcom.intellij.openapi.fileTypes.FileTypeExtensionPoint;
1923:            17            544  com.intellij.grazie.detector.model.Language
1924:            17            544  com.intellij.lang.javascript.index.FrameworkIndexingHandlerEP
1925:            17            544  com.intellij.openapi.actionSystem.Separator
1926:            34            544  com.intellij.openapi.actionSystem.impl.ActionMenu$MenuItemSynchronizer
1927:            34            544  com.intellij.spellchecker.compress.Encoder
1928:            17            544  com.intellij.util.concurrency.BoundedTaskExecutor$1
1929:            17            544  com.sun.javafx.css.SubCssMetaData (javafx.graphics@11.0.7)
1930:            17            544  javafx.scene.paint.Stop (javafx.graphics@11.0.7)
1931:            34            544  javax.swing.plaf.basic.BasicScrollPaneUI$Handler (java.desktop@11.0.7)
1932:            17            544  sun.security.ssl.CipherSuite$KeyExchange (java.base@11.0.7)
1933:            34            544  sun.security.x509.GeneralName (java.base@11.0.7)
1934:            22            528  [Lcom.intellij.spellchecker.quickfixes.SpellCheckerQuickFix;
1935:             1            528  [Ljava.lang.Character; (java.base@11.0.7)
1936:             1            528  [Ljava.util.TimerTask; (java.base@11.0.7)
1937:            22            528  com.intellij.debugger.streams.trace.impl.handler.type.ClassTypeImpl
1938:            22            528  com.intellij.openapi.vcs.FileStatusFactory$FileStatusImpl
1939:            22            528  com.intellij.patterns.IElementTypePattern
1940:            22            528  com.intellij.psi.CustomHighlighterTokenType$CustomElementType
1941:            33            528  com.intellij.psi.filters.position.NamespaceFilter
1942:            33            528  com.intellij.ui.LayeredIcon$$Lambda$1054/0x0000000800c2d440
1943:            33            528  com.sun.javafx.collections.TrackableObservableList$$Lambda$3754/0x0000000802191040 (javafx.base@11.0.7)
1944:            11            528  java.lang.invoke.BoundMethodHandle$Species_LLLLL (java.base@11.0.7)
1945:            11            528  javafx.beans.property.ReadOnlyDoubleWrapper (javafx.base@11.0.7)
1946:            22            528  org.intellij.lang.regexp.RegExpElementType
1947:             2            528  org.jetbrains.kotlin.cli.common.arguments.CommonCompilerArguments$DummyImpl
1948:            11            528  org.jetbrains.plugins.grails.util.GrailsArtifact
1949:            22            528  org.jetbrains.plugins.stylus.psi.StylusElementType
1950:            11            528  sun.java2d.opengl.OGLSwToSurfaceBlit (java.desktop@11.0.7)
1951:            11            528  sun.java2d.opengl.OGLSwToSurfaceScale (java.desktop@11.0.7)
1952:            11            528  sun.java2d.opengl.OGLSwToSurfaceTransform (java.desktop@11.0.7)
1953:            11            528  sun.java2d.opengl.OGLSwToTextureBlit (java.desktop@11.0.7)
1954:            18            520  [Lcom.intellij.diagram.DiagramCategory;
1955:            13            520  com.intellij.ide.ui.EditorOptionDescription
1956:             5            520  com.intellij.util.indexing.impl.perFileVersion.PersistentSubIndexerVersionEnumerator$1
1957:            13            520  java.io.DataOutputStream (java.base@11.0.7)
1958:             5            520  java.io.ObjectStreamClass (java.base@11.0.7)
1959:            13            520  javafx.scene.Node$4 (javafx.graphics@11.0.7)
1960:            13            520  javax.swing.plaf.basic.BasicLookAndFeel$AudioAction (java.desktop@11.0.7)
1961:             5            520  net.miginfocom.layout.Grid
1962:            13            520  sun.security.ec.ECPublicKeyImpl (jdk.crypto.ec@11.0.7)
1963:            16            512  [Lnet.miginfocom.layout.UnitValue;
1964:            32            512  com.intellij.openapi.actionSystem.impl.actionholder.IdActionRef
1965:            16            512  com.intellij.openapi.application.ExperimentalFeatureImpl
1966:            16            512  com.intellij.openapi.wm.impl.status.IdeStatusBarImpl$WidgetBean
1967:            32            512  com.intellij.serviceContainer.MyComponentAdapter$doCreateInstance$1
1968:            16            512  com.intellij.util.IntSLRUCache
1969:            16            512  com.intellij.velocity.psi.VtlCompositeStarterTokenType
1970:            16            512  com.sun.javafx.font.FontStrikeDesc (javafx.graphics@11.0.7)
1971:             8            512  com.sun.javafx.font.coretext.CGAffineTransform (javafx.graphics@11.0.7)
1972:            16            512  java.awt.font.FontRenderContext (java.desktop@11.0.7)
1973:            16            512  java.time.temporal.ChronoUnit (java.base@11.0.7)
1974:            16            512  sun.security.x509.DistributionPoint (java.base@11.0.7)
1975:            15            504  [[S (java.base@11.0.7)
1976:            21            504  com.intellij.codeInsight.daemon.impl.LocalInspectionsPass$InspectionHighlightInfoType
1977:             9            504  com.intellij.ide.actions.NonTrivialActionGroup
1978:            21            504  com.intellij.spellchecker.quickfixes.ChangeTo
1979:             1            504  com.intellij.ui.table.JBTable
1980:            21            504  com.intellij.ui.tree.Reference
1981:             9            504  com.intellij.util.indexing.snapshot.SnapshotInputMappings
1982:            21            504  com.intellij.util.text.VersionComparatorUtil$VersionTokenType
1983:            21            504  com.sun.javafx.cursor.CursorType (javafx.graphics@11.0.7)
1984:             9            504  freemarker.template.Version
1985:            21            504  fuck_the_regulations_v321.aV
1986:             7            504  java.lang.invoke.BoundMethodHandle$Species_LLLLLLLIIL (java.base@11.0.7)
1987:             9            504  javafx.scene.Node$2 (javafx.graphics@11.0.7)
1988:            21            504  kotlin.reflect.jvm.internal.impl.load.java.NameAndSignature
1989:            21            504  org.editorconfig.language.psi.EditorConfigElementType
1990:             9            504  org.intellij.plugins.markdown.lang.psi.impl.MarkdownCodeFenceImpl
1991:            21            504  org.jdom.ImmutableText
1992:            21            504  sun.font.FontDesignMetrics$MetricsKey (java.desktop@11.0.7)
1993:            21            504  sun.security.x509.AVAKeyword (java.base@11.0.7)
1994:             6            496  [Lorg.apache.xerces.xni.QName;
1995:             7            496  [Lsun.invoke.util.Wrapper; (java.base@11.0.7)
1996:            31            496  com.intellij.ui.components.Interpolator$TimerListener
1997:            31            496  com.intellij.ui.components.JBScrollBar$$Lambda$826/0x0000000800a99440
1998:            31            496  com.intellij.ui.components.JBScrollBar$$Lambda$827/0x0000000800a98c40
1999:            31            496  com.sun.proxy.$Proxy46
2000:             1            488  com.intellij.ide.util.newProjectWizard.AddSupportForFrameworksPanel$1
2001:            20            480  [Ljava.util.regex.Pattern; (java.base@11.0.7)
2002:            20            480  [Ljavax.swing.text.Position$Bias; (java.desktop@11.0.7)
2003:            10            480  [Lnet.miginfocom.layout.ResizeConstraint;
2004:            10            480  [Lsun.awt.SunHints$Value; (java.desktop@11.0.7)
2005:            20            480  com.intellij.compiler.options.CompileStepBeforeRun$MakeBeforeRunTask
2006:             1            480  com.intellij.ide.projectView.impl.ProjectViewPane$1
2007:            15            480  com.intellij.lang.javascript.DialectOptionHolder$1
2008:            30            480  com.intellij.openapi.actionSystem.impl.PresentationFactory
2009:            20            480  com.intellij.openapi.editor.impl.IndentsModelImpl$IntPair
2010:            12            480  com.intellij.openapi.options.ConfigurableBuilder$2
2011:            15            480  com.intellij.openapi.projectRoots.impl.RootsAsVirtualFilePointers
2012:            15            480  com.intellij.openapi.vfs.newvfs.impl.MapReference
2013:            10            480  com.intellij.openapi.wm.impl.content.ToolWindowContentUi$2
2014:            15            480  com.intellij.pom.java.LanguageLevel
2015:             3            480  com.intellij.psi.codeStyle.JavaCodeStyleSettings
2016:            30            480  com.intellij.psi.filters.AndFilter
2017:            20            480  com.intellij.psi.filters.PsiMethodCallFilter
2018:            20            480  com.intellij.tapestry.psi.TelTokenType
2019:            10            480  com.intellij.ui.ListExpandableItemsHandler
2020:             1            480  com.intellij.ui.SearchTextField$1
2021:            10            480  com.intellij.util.keyFMap.MapBackedFMap
2022:             6            480  com.intellij.util.ui.JBHtmlEditorKit
2023:             1            480  com.intellij.util.ui.ThreeStateCheckBox
2024:            12            480  io.netty.buffer.PoolChunkList
2025:            12            480  io.netty.handler.codec.DefaultHeaders$HeaderEntry
2026:            10            480  java.awt.dnd.DropTarget (java.desktop@11.0.7)
2027:             6            480  java.lang.invoke.BoundMethodHandle$Species_LLLLLLLLLLIIL (java.base@11.0.7)
2028:             6            480  java.lang.invoke.BoundMethodHandle$Species_LLLLLLLLLLLII (java.base@11.0.7)
2029:            20            480  java.net.Inet4Address (java.base@11.0.7)
2030:            12            480  java.util.HashMap$KeyIterator (java.base@11.0.7)
2031:            12            480  java.util.HashMap$ValueIterator (java.base@11.0.7)
2032:            15            480  java.util.regex.Pattern$NotBehind (java.base@11.0.7)
2033:            20            480  javafx.scene.Cursor$StandardCursor (javafx.graphics@11.0.7)
2034:            15            480  javafx.scene.layout.BackgroundFill (javafx.graphics@11.0.7)
2035:            30            480  javax.swing.plaf.basic.BasicListUI$Actions (java.desktop@11.0.7)
2036:            20            480  kotlin.reflect.jvm.internal.impl.storage.LockBasedStorageManager$MapBasedMemoizedFunctionToNotNull
2037:             3            480  org.apache.xerces.impl.xs.SchemaGrammar$BuiltinSchemaGrammar
2038:             3            480  org.coffeescript.formatter.CoffeeScriptCodeStyleSettings
2039:            20            480  org.jetbrains.plugins.gradle.service.settings.IdeaGradleProjectSettingsControlBuilder$TestRunnerItem
2040:            10            480  org.jetbrains.plugins.scala.lang.psi.ScFileViewProvider
2041:            20            480  org.languagetool.rules.patterns.UnifierConfiguration
2042:            10            480  sun.invoke.util.Wrapper (java.base@11.0.7)
2043:            10            480  sun.java2d.loops.Blit$GeneralMaskBlit (java.desktop@11.0.7)
2044:            10            480  sun.java2d.opengl.OGLMaskFill (java.desktop@11.0.7)
2045:            10            480  sun.util.resources.Bundles$BundleReference (java.base@11.0.7)
2046:             1            472  com.intellij.openapi.ui.impl.DialogWrapperPeerImpl$MyDialog
2047:            20            464  [Lcom.sun.jna.FromNativeConverter;
2048:             1            464  [Lorg.jetbrains.kotlin.config.LanguageFeature;
2049:             1            464  javafx.scene.web.WebView (javafx.web@11.0.7)
2050:            29            464  javax.swing.Timer$1 (java.desktop@11.0.7)
2051:            29            464  sun.security.x509.GeneralNames (java.base@11.0.7)
2052:             5            456  [Ljavax.swing.Action; (java.desktop@11.0.7)
2053:            19            456  com.intellij.diagnostic.ActivityCategory
2054:            19            456  com.intellij.ide.b.r
2055:             3            456  com.intellij.lang.typescript.formatter.TypeScriptCodeStyleSettings
2056:            19            456  com.intellij.openapi.wm.impl.StripeButton$1
2057:            19            456  com.intellij.openapi.wm.impl.ToolWindowImpl$showing$1
2058:            19            456  com.intellij.openapi.wm.impl.status.IdeStatusBarImpl$$Lambda$1921/0x00000008018b5040
2059:             1            456  com.intellij.openapi.wm.impl.welcomeScreen.FlatWelcomeFrame
2060:            19            456  com.intellij.patterns.PsiAnnotationPattern
2061:            19            456  com.intellij.psi.tree.xml.IXmlElementType
2062:            19            456  com.intellij.util.descriptors.ConfigFileVersion
2063:            19            456  com.sun.scenario.effect.Blend$Mode (javafx.graphics@11.0.7)
2064:             3            456  io.netty.channel.nio.NioEventLoop
2065:            19            456  java.awt.CardLayout$Card (java.desktop@11.0.7)
2066:            19            456  java.time.Duration (java.base@11.0.7)
2067:            19            456  org.intellij.plugins.markdown.lang.psi.impl.MarkdownParagraphImpl
2068:            19            456  org.intellij.plugins.markdown.lang.psi.impl.MarkdownTableRowImpl
2069:            19            456  org.jetbrains.kotlin.lexer.KtToken
2070:            19            456  org.languagetool.rules.Category$CategoryId
2071:            19            456  sun.java2d.loops.CompositeType (java.desktop@11.0.7)
2072:             9            448  [Ljava.lang.StackTraceElement; (java.base@11.0.7)
2073:            14            448  com.fasterxml.jackson.core.JsonParser$Feature
2074:            14            448  com.intellij.ide.ui.laf.darcula.ui.TextFieldWithPopupHandlerUI$IconHolder
2075:             2            448  com.intellij.openapi.editor.impl.EditorMarkupModelImpl$MyErrorPanel
2076:            14            448  com.intellij.openapi.ui.ComponentWithBrowseButton$MyDoClickAction
2077:             1            448  com.intellij.openapi.wm.impl.IdeFrameImpl
2078:             8            448  com.intellij.serialization.stateProperties.MyMap
2079:            14            448  com.intellij.velocity.psi.VtlOperatorTokenType
2080:             7            448  com.sun.javafx.font.coretext.CTFontStrike (javafx.graphics@11.0.7)
2081:            14            448  com.sun.jna.Structure$FFIType$size_t
2082:            14            448  com.sun.prism.impl.packrect.Level (javafx.graphics@11.0.7)
2083:            14            448  com.sun.prism.impl.ps.BaseShaderContext$MaskType (javafx.graphics@11.0.7)
2084:             8            448  com.sun.security.sasl.Provider$ProviderService (java.security.sasl@11.0.7)
2085:            14            448  java.lang.invoke.VarHandleInts$FieldInstanceReadWrite (java.base@11.0.7)
2086:            14            448  java.security.cert.PolicyQualifierInfo (java.base@11.0.7)
2087:            14            448  java.util.LinkedHashMap$LinkedEntryIterator (java.base@11.0.7)
2088:            28            448  java.util.concurrent.ConcurrentHashMap$ValuesView (java.base@11.0.7)
2089:             7            448  javafx.geometry.Rectangle2D (javafx.graphics@11.0.7)
2090:             7            448  javafx.scene.layout.Background (javafx.graphics@11.0.7)
2091:             7            448  javafx.scene.paint.LinearGradient (javafx.graphics@11.0.7)
2092:             4            448  javax.swing.plaf.basic.BasicTextUI$BasicCaret (java.desktop@11.0.7)
2093:            14            448  jdk.internal.jimage.ImageBufferCache$BufferReference (java.base@11.0.7)
2094:             7            448  kotlin.reflect.jvm.internal.KMutableProperty2Impl
2095:            14            448  kotlin.reflect.jvm.internal.impl.protobuf.WireFormat$FieldType
2096:             7            448  kotlin.reflect.jvm.internal.impl.serialization.deserialization.builtins.BuiltInsPackageFragmentImpl
2097:             7            448  kotlin.reflect.jvm.internal.impl.serialization.deserialization.descriptors.DeserializedPackageMemberScope
2098:             8            448  sun.management.MemoryPoolImpl (java.management@11.0.7)
2099:            14            448  sun.security.util.MemoryCache (java.base@11.0.7)
2100:            14            448  tech.units.indriya.unit.BaseUnit
2101:            11            440  [Lsun.awt.EventQueueItem; (java.desktop@11.0.7)
2102:             1            440  com.intellij.openapi.wm.impl.welcomeScreen.RecentProjectPanel$MyList
2103:            11            440  com.sun.javafx.util.WeakReferenceQueue$ListEntry (javafx.graphics@11.0.7)
2104:             1            432  [[[C (java.base@11.0.7)
2105:            18            432  com.android.tools.lint.detector.api.Category
2106:            18            432  com.intellij.codeInsight.daemon.GutterIconDescriptor$Option
2107:            18            432  com.intellij.ide.ui.laf.darcula.ui.DarculaComboBoxUI$CustomComboPopup$2
2108:             3            432  com.intellij.lang.javascript.formatter.ECMA4CodeStyleSettings
2109:             3            432  com.intellij.lang.javascript.formatter.JSCodeStyleSettings
2110:            18            432  com.intellij.openapi.actionSystem.impl.ToolbarUpdater$$Lambda$1434/0x000000080145bc40
2111:            18            432  com.intellij.openapi.actionSystem.impl.ToolbarUpdater$MyUpdateRunnable
2112:             6            432  com.intellij.openapi.roots.ui.configuration.SdkListModelBuilder
2113:            18            432  com.intellij.openapi.wm.impl.ToolWindowImpl$focusAlarm$2
2114:            18            432  com.intellij.openapi.wm.impl.ToolWindowImpl$focusTask$2
2115:            18            432  com.intellij.psi.tree.jsp.IJspElementType
2116:             1            432  com.intellij.ui.SimpleListCellRenderer$1
2117:             1            432  com.intellij.ui.javafx.JFXPanelWrapper
2118:            18            432  com.intellij.ui.tree.AsyncTreeModel$CommandQueue
2119:            27            432  com.intellij.util.ui.JBValue$Float
2120:            18            432  com.intellij.util.ui.update.UiNotifyConnector$2
2121:             9            432  com.sun.javafx.font.CompositeStrike (javafx.graphics@11.0.7)
2122:             9            432  fuck_the_regulations_v321.e_
2123:             9            432  java.beans.BeanDescriptor (java.desktop@11.0.7)
2124:            27            432  java.security.spec.ECFieldFp (java.base@11.0.7)
2125:            18            432  java.text.DateFormat$Field (java.base@11.0.7)
2126:             9            432  java.util.concurrent.ConcurrentHashMap$TreeNode (java.base@11.0.7)
2127:             9            432  java.util.regex.Pattern$GroupCurly (java.base@11.0.7)
2128:            18            432  javafx.application.ConditionalFeature (javafx.graphics@11.0.7)
2129:             9            432  javafx.scene.Node$9 (javafx.graphics@11.0.7)
2130:             9            432  javassist.CtPrimitiveType
2131:            18            432  javax.swing.DefaultComboBoxModel (java.desktop@11.0.7)
2132:            18            432  kotlin.reflect.jvm.internal.KClassImpl$Data$allMembers$2
2133:            18            432  kotlin.reflect.jvm.internal.KClassImpl$Data$allNonStaticMembers$2
2134:            18            432  kotlin.reflect.jvm.internal.KClassImpl$Data$allStaticMembers$2
2135:            18            432  kotlin.reflect.jvm.internal.KClassImpl$Data$annotations$2
2136:            18            432  kotlin.reflect.jvm.internal.KClassImpl$Data$constructors$2
2137:            18            432  kotlin.reflect.jvm.internal.KClassImpl$Data$declaredMembers$2
2138:            18            432  kotlin.reflect.jvm.internal.KClassImpl$Data$declaredNonStaticMembers$2
2139:            18            432  kotlin.reflect.jvm.internal.KClassImpl$Data$declaredStaticMembers$2
2140:            18            432  kotlin.reflect.jvm.internal.KClassImpl$Data$descriptor$2
2141:            18            432  kotlin.reflect.jvm.internal.KClassImpl$Data$inheritedNonStaticMembers$2
2142:            18            432  kotlin.reflect.jvm.internal.KClassImpl$Data$inheritedStaticMembers$2
2143:            18            432  kotlin.reflect.jvm.internal.KClassImpl$Data$nestedClasses$2
2144:            18            432  kotlin.reflect.jvm.internal.KClassImpl$Data$objectInstance$2
2145:            18            432  kotlin.reflect.jvm.internal.KClassImpl$Data$qualifiedName$2
2146:            18            432  kotlin.reflect.jvm.internal.KClassImpl$Data$sealedSubclasses$2
2147:            18            432  kotlin.reflect.jvm.internal.KClassImpl$Data$simpleName$2
2148:            18            432  kotlin.reflect.jvm.internal.KClassImpl$Data$supertypes$2
2149:            18            432  kotlin.reflect.jvm.internal.KClassImpl$Data$typeParameters$2
2150:            18            432  kotlin.reflect.jvm.internal.KDeclarationContainerImpl$Data$moduleData$2
2151:             9            432  kotlin.reflect.jvm.internal.impl.serialization.deserialization.DeserializationContext
2152:             9            432  kotlin.reflect.jvm.internal.impl.serialization.deserialization.TypeDeserializer
2153:            18            432  kotlin.text.Regex
2154:            18            432  org.apache.xerces.util.XMLStringBuffer
2155:            18            432  org.intellij.plugins.markdown.lang.psi.impl.MarkdownListItemImpl
2156:            18            432  scala.reflect.NameTransformer$OpCodes
2157:             9            432  sun.font.FontStrikeDisposer (java.desktop@11.0.7)
2158:             9            432  sun.nio.cs.StreamEncoder (java.base@11.0.7)
2159:             1            424  [Lcom.sun.org.apache.xerces.internal.util.SymbolTable$Entry; (java.xml@11.0.7)
2160:             1            424  [Lorg.apache.xerces.util.SymbolTable$Entry;
2161:             1            424  com.intellij.openapi.actionSystem.ex.ToolbarLabelAction$MyLabel
2162:             1            424  com.intellij.openapi.roots.ui.configuration.JdkComboBox
2163:             1            424  com.intellij.openapi.wm.impl.content.ContentComboLabel
2164:             1            424  com.intellij.openapi.wm.impl.status.ProcessPopup$3
2165:             1            424  com.intellij.ui.ToolbarDecorator$1
2166:             1            424  javax.swing.SwingUtilities$SharedOwnerFrame (java.desktop@11.0.7)
2167:            15            416  [Lcom.intellij.patterns.ElementPattern;
2168:            13            416  com.intellij.configurationStore.schemeManager.ExternalInfo
2169:             1            416  com.intellij.openapi.fileEditor.impl.EditorsSplitters
2170:             1            416  com.intellij.openapi.wm.impl.content.BaseLabel
2171:             1            416  com.intellij.openapi.wm.impl.status.InfoAndProgressPanel
2172:             1            416  com.intellij.openapi.wm.impl.status.ToolWindowsWidget
2173:            13            416  com.intellij.psi.impl.source.FileTrees
2174:             1            416  com.intellij.ui.CheckboxTreeBase$CheckboxTreeCellRendererBase$1
2175:             1            416  com.intellij.ui.TextFieldWithHistory
2176:            13            416  com.intellij.util.ui.JBDimension
2177:            13            416  javafx.scene.Node$13 (javafx.graphics@11.0.7)
2178:             4            416  org.apache.xerces.impl.dv.xs.AbstractDateTimeDV$DateTimeData
2179:            13            416  sun.security.jca.ProviderConfig (java.base@11.0.7)
2180:             1            416  sun.swing.table.DefaultTableCellHeaderRenderer (java.desktop@11.0.7)
2181:             1            408  com.google.wireless.android.sdk.stats.AndroidStudioEvent
2182:            17            408  com.intellij.diagnostic.PerformanceWatcher$$Lambda$546/0x00000008006db440
2183:            17            408  com.intellij.grazie.detector.model.LanguageISO
2184:             1            408  com.intellij.ide.navigationToolbar.NavBarPanel
2185:             1            408  com.intellij.ide.projectView.impl.ProjectViewRenderer
2186:            17            408  com.intellij.lang.javascript.types.JSFileElementType
2187:             1            408  com.intellij.openapi.wm.impl.IdeMenuBar
2188:             1            408  com.intellij.openapi.wm.impl.IdeRootPane
2189:            17            408  com.intellij.openapi.wm.impl.ToolWindowIcon
2190:            17            408  com.intellij.openapi.wm.impl.ToolWindowManagerImpl$TaskAndBean
2191:            17            408  com.intellij.patterns.PsiNameValuePairPattern$1
2192:            17            408  com.intellij.psi.codeStyle.CodeStyleSettingsCustomizable$BlankLinesOption
2193:            17            408  com.intellij.tasks.jira.jql.JqlElementType
2194:             1            408  com.intellij.ui.JBSplitter
2195:             1            408  com.intellij.xml.breadcrumbs.PsiBreadcrumbs
2196:             3            408  io.netty.util.internal.InternalThreadLocalMap
2197:            17            408  java.util.concurrent.CompletableFuture (java.base@11.0.7)
2198:             1            408  javafx.scene.Scene (javafx.graphics@11.0.7)
2199:             1            408  javax.swing.JWindow (java.desktop@11.0.7)
2200:            17            408  net.jpountz.lz4.LZ4HCJavaUnsafeCompressor
2201:            17            408  org.languagetool.rules.Categories
2202:            17            408  scala.Tuple3
2203:            17            408  scala.collection.immutable.HashSet$HashTrieSet
2204:            17            408  sun.nio.ch.OptionKey (java.base@11.0.7)
2205:            17            408  sun.nio.ch.SocketOptionRegistry$RegistryKey (java.base@11.0.7)
2206:            16            400  [Lcom.intellij.uiDesigner.core.GridConstraints;
2207:             1            400  [Lcom.intellij.xml.util.HTMLControls$Control;
2208:            14            400  [Ljava.awt.Dimension; (java.desktop@11.0.7)
2209:            25            400  com.intellij.debugger.streams.resolve.IdentityResolver
2210:             1            400  com.intellij.notification.impl.widget.IdeNotificationArea
2211:            10            400  com.intellij.openapi.ui.ComponentWithBrowseButton$BrowseFolderActionListener
2212:             1            400  com.intellij.openapi.ui.Splitter
2213:            25            400  com.intellij.openapi.vfs.newvfs.impl.CachedFileType
2214:             1            400  com.intellij.openapi.wm.impl.ToolWindowsPane
2215:             1            400  com.intellij.openapi.wm.impl.status.ProcessPopup$1
2216:             1            400  com.intellij.ui.tree.ui.LoadingNodeRenderer
2217:            10            400  com.sun.javafx.font.FontFileReader (javafx.graphics@11.0.7)
2218:            10            400  com.sun.javafx.scene.control.inputmap.InputMap$KeyMapping (javafx.controls@11.0.7)
2219:            10            400  com.sun.javafx.scene.control.inputmap.KeyBinding (javafx.controls@11.0.7)
2220:            10            400  java.awt.BasicStroke (java.desktop@11.0.7)
2221:            10            400  java.lang.OutOfMemoryError (java.base@11.0.7)
2222:            25            400  java.time.format.DateTimeFormatterBuilder$CharLiteralPrinterParser (java.base@11.0.7)
2223:             1            400  javax.swing.JComboBox (java.desktop@11.0.7)
2224:            10            400  javax.swing.LayoutFocusTraversalPolicy (java.desktop@11.0.7)
2225:            25            400  javax.swing.text.html.CSS$Value (java.desktop@11.0.7)
2226:            10            400  org.apache.xerces.impl.xpath.regex.RangeToken
2227:            10            400  org.jetbrains.kotlin.idea.inspections.NamingConventionInspectionSettings
2228:            10            400  org.jetbrains.plugins.scala.lang.psi.impl.toplevel.synthetic.ScSyntheticClass$methods$
2229:            10            400  sun.rmi.transport.tcp.TCPEndpoint (java.rmi@11.0.7)
2230:            10            392  [Lscala.collection.immutable.HashMap;
2231:             7            392  com.intellij.ide.ui.AppearanceOptionsTopHitProvider$Companion$option$1
2232:             1            392  com.intellij.openapi.ui.SimpleToolWindowPanel
2233:             1            392  com.intellij.openapi.ui.impl.DialogWrapperPeerImpl$MyDialog$DialogRootPane
2234:             1            392  com.intellij.openapi.wm.impl.status.IdeStatusBarImpl
2235:             1            392  com.intellij.openapi.wm.impl.welcomeScreen.FlatWelcomeFrame$1
2236:             1            392  com.intellij.xml.breadcrumbs.BreadcrumbsXmlWrapper
2237:             1            392  com.sun.glass.ui.InvokeLaterDispatcher (javafx.graphics@11.0.7)
2238:             1            392  java.awt.EventDispatchThread (java.desktop@11.0.7)
2239:            20            384  [Ljavax.swing.KeyStroke; (java.desktop@11.0.7)
2240:            12            384  com.fasterxml.jackson.core.JsonParser$Feature
2241:            12            384  com.intellij.debugger.streams.lib.impl.DistinctOperation
2242:            12            384  com.intellij.debugger.streams.lib.impl.OptionalResultOperation
2243:            16            384  com.intellij.grazie.remote.RemoteLangDescriptor$url$2
2244:            24            384  com.intellij.ide.ui.laf.darcula.ui.DarculaComboBoxUI$$Lambda$1321/0x0000000801397840
2245:             6            384  com.intellij.openapi.editor.colors.impl.EditorColorsSchemeImpl
2246:             8            384  com.intellij.openapi.editor.impl.RangeHighlighterTree
2247:             6            384  com.intellij.openapi.editor.impl.RangeMarkerTree$RMNode
2248:            12            384  com.intellij.openapi.fileChooser.ex.FileTextFieldImpl$4
2249:             8            384  com.intellij.openapi.keymap.impl.ModifierKeyDoubleClickHandler$MyDispatcher
2250:            12            384  com.intellij.openapi.observable.properties.GraphPropertyImpl
2251:            16            384  com.intellij.openapi.observable.properties.PropertyGraph$Dependency
2252:            16            384  com.intellij.openapi.options.ConfigurableEP$ClassProducer
2253:            16            384  com.intellij.openapi.projectRoots.JavaSdkVersion
2254:            12            384  com.intellij.openapi.ui.ComponentWithBrowseButton$1
2255:            12            384  com.intellij.openapi.util.IconLoader$4
2256:             1            384  com.intellij.openapi.wm.impl.status.widget.StatusBarWidgetWrapper$MultipleTextValues
2257:             1            384  com.intellij.openapi.wm.impl.welcomeScreen.NewRecentProjectPanel$4
2258:            12            384  com.intellij.patterns.PsiJavaElementPattern$2
2259:             1            384  com.intellij.ui.FieldPanel
2260:             1            384  com.intellij.ui.SearchTextField
2261:             6            384  com.intellij.ui.components.JBPanelWithEmptyText$1
2262:            16            384  com.intellij.ui.components.JBScrollPane$JBMouseWheelListener
2263:             1            384  com.intellij.ui.components.JBSlidingPanel
2264:            12            384  com.intellij.ui.components.fields.ExtendableTextComponent$Extension$1
2265:             1            384  com.intellij.ui.table.JBTable$JBTableHeader
2266:             6            384  com.intellij.ui.treeStructure.Tree$1
2267:             6            384  com.intellij.ui.treeStructure.Tree$MySelectionModel
2268:             1            384  com.intellij.util.ui.AsyncProcessIcon
2269:             6            384  com.intellij.util.ui.JBHtmlEditorKit$StyleSheetCompressionThreshold
2270:            16            384  com.intellij.util.ui.JBValue$UIInteger
2271:            16            384  com.sun.javafx.css.CalculatedValue (javafx.graphics@11.0.7)
2272:             1            384  com.sun.javafx.tk.quantum.QuantumToolkit$1 (javafx.graphics@11.0.7)
2273:             8            384  gnu.trove.TDoubleObjectHashMap
2274:            12            384  io.netty.util.internal.LongAdderCounter
2275:             1            384  io.sentry.connection.AsyncConnection$ShutDownHook
2276:             1            384  java.lang.ref.Finalizer$FinalizerThread (java.base@11.0.7)
2277:             1            384  java.util.TimerThread (java.base@11.0.7)
2278:             1            384  java.util.logging.LogManager$Cleaner (java.logging@11.0.7)
2279:            12            384  javafx.collections.FXCollections$UnmodifiableObservableListImpl (javafx.base@11.0.7)
2280:            12            384  javafx.geometry.Pos (javafx.graphics@11.0.7)
2281:             4            384  javafx.scene.layout.CornerRadii (javafx.graphics@11.0.7)
2282:             8            384  javafx.scene.layout.Region$3 (javafx.graphics@11.0.7)
2283:             8            384  javafx.scene.layout.Region$4 (javafx.graphics@11.0.7)
2284:             8            384  javafx.scene.layout.Region$5 (javafx.graphics@11.0.7)
2285:            24            384  javax.swing.JComboBox$1 (java.desktop@11.0.7)
2286:            24            384  javax.swing.plaf.basic.BasicComboBoxUI$Handler (java.desktop@11.0.7)
2287:             6            384  javax.swing.plaf.basic.BasicEditorPaneUI$StyleSheetUIResource (java.desktop@11.0.7)
2288:            12            384  javax.swing.text.DefaultStyledDocument$AbstractChangeHandler$DocReference (java.desktop@11.0.7)
2289:             8            384  javax.swing.text.html.HTMLEditorKit$InsertHTMLTextAction (java.desktop@11.0.7)
2290:            12            384  javax.swing.text.html.HTMLEditorKit$LinkController (java.desktop@11.0.7)
2291:             8            384  jdk.internal.loader.URLClassPath$JarLoader (java.base@11.0.7)
2292:            12            384  jdk.internal.reflect.UnsafeQualifiedBooleanFieldAccessorImpl (java.base@11.0.7)
2293:            16            384  org.apache.xerces.impl.xpath.regex.Op$RangeOp
2294:            16            384  org.editorconfig.language.psi.EditorConfigTokenType
2295:            16            384  org.intellij.lang.xpath.XPath2ElementType
2296:            16            384  org.jetbrains.kotlin.tools.projectWizard.plugins.kotlin.ModuleSubType
2297:            16            384  org.slf4j.impl.Log4jLoggerAdapter
2298:            24            384  sun.font.CStrike$GlyphInfoCache$$Lambda$4129/0x0000000802414c40 (java.desktop@11.0.7)
2299:            24            384  sun.font.CStrikeDisposer$$Lambda$4130/0x0000000802508040 (java.desktop@11.0.7)
2300:            24            384  sun.font.StrikeCache$2 (java.desktop@11.0.7)
2301:             6            384  sun.java2d.loops.RenderLoops (java.desktop@11.0.7)
2302:             8            384  sun.java2d.pipe.PixelToParallelogramConverter (java.desktop@11.0.7)
2303:            12            384  sun.security.util.DisabledAlgorithmConstraints$KeySizeConstraint (java.base@11.0.7)
2304:             1            376  com.intellij.ide.util.projectWizard.NamePathComponent
2305:             1            376  com.intellij.openapi.wm.impl.ToolWindowsPane$MyLayeredPane
2306:             1            376  com.intellij.openapi.wm.impl.status.StatusPanel
2307:             1            376  com.intellij.openapi.wm.impl.status.StatusPanel$1
2308:             1            376  com.intellij.openapi.wm.impl.status.TextPanel
2309:             1            376  com.intellij.openapi.wm.impl.welcomeScreen.FlatWelcomeFrame$FlatWelcomeScreen
2310:             1            376  com.intellij.openapi.wm.impl.welcomeScreen.NewRecentProjectPanel
2311:             1            376  com.intellij.ui.components.JBPanel
2312:             1            376  com.intellij.ui.speedSearch.ListWithFilter
2313:             1            376  java.lang.ref.Reference$ReferenceHandler (java.base@11.0.7)
2314:             1            376  java.util.prefs.MacOSXPreferencesFile$3 (java.prefs@11.0.7)
2315:             1            376  org.jetbrains.idea.maven.execution.MavenPropertiesPanel
2316:             1            368  [Lcom.intellij.execution.actions.RunConfigurationProducer;
2317:            23            368  com.intellij.facet.FacetTypeId
2318:             1            368  com.intellij.ide.util.newProjectWizard.FrameworksTree$FrameworksTreeRenderer
2319:             2            368  com.intellij.openapi.editor.impl.SettingsImpl
2320:            23            368  com.intellij.openapi.ui.ComboBox$MyEditor$$Lambda$1320/0x0000000801390440
2321:             1            368  com.intellij.openapi.ui.ComponentWithBrowseButton
2322:            23            368  com.intellij.refactoring.actions.BasePlatformRefactoringAction$$Lambda$1085/0x0000000800cad040
2323:            23            368  com.intellij.refactoring.actions.BasePlatformRefactoringAction$$Lambda$1086/0x0000000800cad440
2324:             1            368  com.intellij.ui.CommonActionsPanel
2325:             1            368  com.intellij.ui.HideableDecorator$1
2326:            23            368  java.awt.font.TextAttribute (java.desktop@11.0.7)
2327:            23            368  java.util.TreeMap$Values (java.base@11.0.7)
2328:            15            360  com.android.tools.lint.detector.api.Scope
2329:             1            360  com.intellij.cdi.gutter.CdiEventsModelClassAnnotator$1
2330:             1            360  com.intellij.cdi.gutter.CdiInjectionsClassAnnotator$CdiInjectionPointOwnerCellRenderer
2331:             1            360  com.intellij.cdi.gutter.CdiInjectionsClassAnnotator$InjectedBeansCellRenderer
2332:            15            360  com.intellij.grazie.remote.RemoteLangDescriptor$file$2
2333:             1            360  com.intellij.helidon.providers.HelidonClassAnnotator$1
2334:             5            360  com.intellij.ide.ui.customization.CustomisedActionGroup
2335:            15            360  com.intellij.json.JsonTokenType
2336:            15            360  com.intellij.lang.annotation.HighlightSeverity
2337:             9            360  com.intellij.openapi.editor.colors.impl.FontPreferencesImpl
2338:            15            360  com.intellij.openapi.projectRoots.impl.ProjectJdkImpl$MyRootProvider
2339:             1            360  com.intellij.openapi.ui.DialogWrapper$ErrorText
2340:            15            360  com.intellij.openapi.util.NotNullLazyKey
2341:             9            360  com.intellij.openapi.vcs.configurable.VcsOptionsTopHitProvider$1
2342:            15            360  com.intellij.openapi.wm.impl.ToolWindowImpl$contentManager$1
2343:             1            360  com.intellij.openapi.wm.impl.welcomeScreen.NewRecentProjectPanel$4$1
2344:             1            360  com.intellij.spring.model.cacheable.annotator.SpringCacheableAnnotator$1
2345:             1            360  com.intellij.struts2.annotators.ActionAnnotatorBase$1
2346:             5            360  com.intellij.ui.DeferredIconImpl
2347:            15            360  com.intellij.util.ui.update.UiNotifyConnector$Once
2348:             9            360  com.sun.javafx.collections.ObservableListWrapper (javafx.base@11.0.7)
2349:             1            360  com.sun.org.apache.xerces.internal.impl.XMLNSDocumentScannerImpl (java.xml@11.0.7)
2350:             9            360  com.sun.org.apache.xerces.internal.utils.XMLSecurityManager$Limit (java.xml@11.0.7)
2351:             9            360  java.beans.GenericBeanInfo (java.desktop@11.0.7)
2352:             9            360  java.io.ObjectStreamClass$FieldReflectorKey (java.base@11.0.7)
2353:            15            360  javafx.scene.AccessibleAction (javafx.graphics@11.0.7)
2354:             9            360  javafx.scene.Parent$2 (javafx.graphics@11.0.7)
2355:             9            360  javafx.scene.Parent$4 (javafx.graphics@11.0.7)
2356:            15            360  kotlin.annotation.AnnotationTarget
2357:            15            360  org.intellij.lang.xpath.XPathElementType
2358:             9            360  org.jetbrains.kotlin.konan.target.Family
2359:            15            360  org.jetbrains.plugins.less.LESSTokenType
2360:             9            360  org.jetbrains.plugins.scala.lang.psi.types.api.ValType
2361:             9            360  sun.awt.image.ByteArrayImageSource (java.desktop@11.0.7)
2362:            15            360  sun.security.util.DisabledAlgorithmConstraints$DisabledConstraint (java.base@11.0.7)
2363:             2            352  [Lcom.intellij.lang.javascript.dialects.JSLanguageFeature;
2364:             1            352  com.intellij.ide.navigationToolbar.NavBarRootPaneExtension$1
2365:             1            352  com.intellij.ide.navigationToolbar.NavBarRootPaneExtension$2
2366:             1            352  com.intellij.ide.navigationToolbar.NavBarRootPaneExtension$3
2367:             1            352  com.intellij.ide.projectView.impl.ProjectViewImpl$MyPanel
2368:             1            352  com.intellij.ide.wizard.AbstractWizard$TallImageComponent
2369:             1            352  com.intellij.openapi.fileEditor.SplitEditorToolbar
2370:             1            352  com.intellij.openapi.wm.impl.status.ProcessPopup$ActiveContent
2371:            22            352  com.intellij.psi.impl.source.SubstrateRef$2
2372:            11            352  com.intellij.ui.SideBorder
2373:             1            352  com.intellij.ui.ToolbarDecorator$2
2374:             1            352  com.intellij.ui.components.JBBox
2375:             1            352  com.intellij.ui.components.panels.VerticalBox
2376:             1            352  com.intellij.util.ui.update.MergingUpdateQueue$1
2377:             4            352  java.util.jar.JarVerifier (java.base@11.0.7)
2378:            22            352  javax.swing.LayoutComparator (java.desktop@11.0.7)
2379:            11            352  org.jetbrains.plugins.scala.lang.scaladoc.lexer.docsyntax.ScaladocSyntaxElementType
2380:            11            352  sun.security.x509.CRLDistributionPointsExtension (java.base@11.0.7)
2381:            11            352  sun.security.x509.CertificatePoliciesExtension (java.base@11.0.7)
2382:             1            344  [Lcom.intellij.internal.statistic.service.fus.collectors.CounterUsageCollectorEP;
2383:             1            344  [Ljavax.swing.text.html.HTML$Attribute; (java.desktop@11.0.7)
2384:             4            336  [Lcom.intellij.openapi.editor.event.DocumentListener;
2385:             9            336  [Lorg.jetbrains.kotlin.lexer.KtModifierKeywordToken;
2386:             3            336  [Lsun.font.EAttribute; (java.desktop@11.0.7)
2387:            14            336  com.android.resources.ResourceFolderType
2388:             7            336  com.google.common.cache.LocalCache$StrongWriteEntry
2389:            14            336  com.google.common.collect.ImmutableMapEntrySet$RegularEntrySet
2390:            14            336  com.google.gson.internal.bind.TypeAdapters$32
2391:            14            336  com.google.gson.internal.bind.TypeAdapters$33
2392:            14            336  com.intellij.codeInspection.CharsetObjectCanBeUsedInspection$CharsetConstructorMatcher
2393:            14            336  com.intellij.configurationStore.schemeManager.SchemeListManager
2394:             1            336  com.intellij.ide.ui.UISettingsState
2395:            14            336  com.intellij.ide.ui.laf.darcula.ui.DarculaSeparatorUI
2396:            14            336  com.intellij.openapi.application.impl.ReadMostlyRWLock$Reader
2397:             7            336  com.intellij.openapi.vfs.impl.FilePointerPartNode$1
2398:            14            336  com.intellij.openapi.wm.impl.status.IdeStatusBarImpl$$Lambda$1924/0x00000008018b4c40
2399:            14            336  com.intellij.openapi.wm.impl.status.widget.StatusBarWidgetsManager$$Lambda$1925/0x00000008018b4040
2400:            14            336  com.intellij.psi.impl.ElementBase$ElementIconRequest
2401:            14            336  com.intellij.ui.components.JBViewport$ResourceViewBorder
2402:            21            336  com.intellij.ui.components.TextComponentEmptyText$1
2403:            14            336  com.intellij.ui.mac.touchbar.TBItemButton$$Lambda$1062/0x0000000800c85840
2404:            14            336  com.intellij.util.concurrency.AtomicFieldUpdater
2405:            14            336  com.intellij.util.containers.ImmutableList$Itr
2406:             6            336  com.intellij.util.io.RandomAccessDataFile
2407:             6            336  com.intellij.util.ui.AnimatedIcon$1
2408:            14            336  com.sun.javafx.binding.ExpressionHelper$SingleInvalidation (javafx.base@11.0.7)
2409:             6            336  freemarker.core.TextBlock
2410:            14            336  git4idea.history.GitLogParser$GitLogOption
2411:             7            336  java.net.SocketCleanable (java.base@11.0.7)
2412:             6            336  java.nio.DirectLongBufferU (java.base@11.0.7)
2413:            21            336  java.security.SecureClassLoader$CodeSourceKey (java.base@11.0.7)
2414:            21            336  javax.swing.plaf.basic.BasicMenuItemUI$Handler (java.desktop@11.0.7)
2415:            14            336  javax.swing.plaf.basic.LazyActionMap (java.desktop@11.0.7)
2416:            14            336  javax.swing.text.StyledEditorKit$1 (java.desktop@11.0.7)
2417:             6            336  javax.swing.tree.VariableHeightLayoutCache (java.desktop@11.0.7)
2418:            14            336  org.apache.xerces.impl.xpath.regex.Op$ChildOp
2419:            14            336  org.apache.xerces.util.SymbolTable$Entry
2420:             7            336  org.jetbrains.idea.perforce.perforce.PerforceOptionsTopHitProvider$1
2421:             6            336  org.jetbrains.plugins.gradle.settings.GradleProjectSettings
2422:            14            336  org.jetbrains.plugins.less.LESSElementType
2423:            14            336  scala.collection.generic.GenTraversableFactory$$anon$1
2424:             6            336  sun.java2d.opengl.OGLMaskBlit (java.desktop@11.0.7)
2425:            21            336  sun.security.x509.DNSName (java.base@11.0.7)
2426:             4            328  [Lcom.intellij.openapi.fileEditor.FileEditorProvider;
2427:             1            328  java.util.concurrent.ForkJoinPool (java.base@11.0.7)
2428:             1            328  javafx.scene.text.Text (javafx.graphics@11.0.7)
2429:            10            320  com.fasterxml.jackson.core.JsonGenerator$Feature
2430:            10            320  com.fasterxml.jackson.core.JsonGenerator$Feature
2431:            10            320  com.intellij.codeInspection.CharsetObjectCanBeUsedInspection$CharsetMethodMatcher
2432:             4            320  com.intellij.codeInspection.ex.InspectionProfileImpl
2433:             8            320  com.intellij.ide.highlighter.custom.tokens.BraceTokenParser
2434:            20            320  com.intellij.openapi.editor.colors.DelegatingFontPreferences
2435:             8            320  com.intellij.openapi.fileTypes.impl.AbstractFileType
2436:            20            320  com.intellij.openapi.ui.ShadowAction$1
2437:            20            320  com.intellij.psi.codeStyle.PackageEntryTable
2438:            10            320  com.intellij.ui.layout.CellBuilder$withBinding$1
2439:            10            320  com.intellij.ui.layout.CellBuilder$withBinding$2
2440:            10            320  com.intellij.ui.layout.CellBuilder$withBinding$3
2441:            10            320  com.intellij.ui.layout.migLayout.CellBuilderImpl
2442:            10            320  com.intellij.util.ui.JBDimension$JBDimensionUIResource
2443:            10            320  com.siyeh.ig.naming.FieldNamingConventionInspection$FieldNamingConventionBean
2444:             8            320  com.siyeh.ig.psiutils.MethodMatcher
2445:            10            320  com.sun.javafx.geom.transform.Translate2D (javafx.graphics@11.0.7)
2446:             8            320  io.netty.handler.codec.DefaultHeadersImpl
2447:             4            320  java.awt.event.MouseEvent (java.desktop@11.0.7)
2448:             8            320  java.io.ObjectOutputStream$HandleTable (java.base@11.0.7)
2449:             5            320  java.nio.DirectByteBufferR (java.base@11.0.7)
2450:            20            320  java.util.Collections$UnmodifiableCollection (java.base@11.0.7)
2451:             5            320  java.util.prefs.MacOSXPreferences (java.prefs@11.0.7)
2452:             5            320  javax.swing.text.html.HTMLEditorKit (java.desktop@11.0.7)
2453:             1            320  kotlin.reflect.jvm.internal.impl.builtins.KotlinBuiltIns$FqNames
2454:             1            320  kotlin.reflect.jvm.internal.impl.builtins.KotlinBuiltIns$FqNames
2455:             8            320  kotlin.reflect.jvm.internal.impl.builtins.PrimitiveType
2456:             8            320  kotlin.reflect.jvm.internal.impl.builtins.PrimitiveType
2457:             8            320  kotlin.reflect.jvm.internal.impl.resolve.jvm.JvmPrimitiveType
2458:             8            320  kotlin.reflect.jvm.internal.impl.resolve.jvm.JvmPrimitiveType
2459:            10            320  org.apache.xerces.impl.XMLEntityManager$EncodingInfo
2460:             8            320  org.apache.xerces.util.XMLAttributesImpl$Attribute
2461:             1            320  org.jetbrains.kotlin.builtins.KotlinBuiltIns$FqNames
2462:             8            320  org.jetbrains.kotlin.builtins.PrimitiveType
2463:             4            320  org.jetbrains.kotlin.idea.core.formatter.KotlinCodeStyleSettings
2464:             8            320  org.jetbrains.kotlin.resolve.jvm.JvmPrimitiveType
2465:            10            320  org.jetbrains.plugins.scala.lang.lexer.ScalaModifierTokenType
2466:            10            320  org.languagetool.rules.WrongWordInContextRule$ContextWords
2467:            10            320  sun.font.CCharToGlyphMapper (java.desktop@11.0.7)
2468:            10            320  sun.font.CCharToGlyphMapper$Cache (java.desktop@11.0.7)
2469:             8            320  sun.font.GlyphLayout$SDCache (java.desktop@11.0.7)
2470:             2            320  sun.font.TrueTypeFont (java.desktop@11.0.7)
2471:             8            320  sun.management.MemoryPoolImpl$CollectionSensor (java.management@11.0.7)
2472:             8            320  sun.management.MemoryPoolImpl$PoolSensor (java.management@11.0.7)
2473:             4            320  sun.rmi.transport.ConnectionInputStream (java.rmi@11.0.7)
2474:             5            320  sun.text.normalizer.Trie2_16 (java.base@11.0.7)
2475:            10            320  sun.util.resources.Bundles$CacheKey (java.base@11.0.7)
2476:             3            312  [Lcom.intellij.lang.javascript.buildTools.npm.rc.NpmCommand;
2477:             1            312  [Lcom.intellij.openapi.fileTypes.SyntaxHighlighterFactoryEP;
2478:             1            312  [Ljavax.swing.text.html.HTML$Tag; (java.desktop@11.0.7)
2479:             6            312  [Lorg.apache.xerces.impl.xs.util.SimpleLocator;
2480:            13            312  com.intellij.execution.configurations.JavaRunConfigurationModule
2481:            13            312  com.intellij.grazie.detector.heuristics.list.impl.ListProfile
2482:             3            312  com.intellij.openapi.editor.impl.DocumentImpl
2483:            13            312  com.intellij.openapi.keymap.impl.BundledKeymapBean
2484:            13            312  com.intellij.patterns.StandardPatterns$3
2485:            13            312  com.intellij.ui.layout.CellKt$createPropertyBinding$3
2486:            13            312  com.intellij.ui.layout.CellKt$createPropertyBinding$4
2487:            13            312  com.intellij.util.ui.TempMethodInvocator
2488:            13            312  com.intellij.vcs.log.impl.SimpleRefType
2489:            13            312  javafx.beans.property.ReadOnlyObjectWrapper$ReadOnlyPropertyImpl (javafx.base@11.0.7)
2490:            13            312  javafx.scene.Node$TreeVisiblePropertyReadOnly (javafx.graphics@11.0.7)
2491:             1            312  javafx.scene.ParallelCamera (javafx.graphics@11.0.7)
2492:            13            312  kotlin.reflect.jvm.internal.impl.metadata.ProtoBuf$Annotation$Argument$Value$Type
2493:            13            312  org.apache.log4j.Level
2494:            13            312  org.jetbrains.kotlin.load.java.NameAndSignature
2495:            13            312  sun.security.x509.PolicyInformation (java.base@11.0.7)
2496:             1            304  [Lcom.intellij.execution.configurations.ConfigurationType;
2497:            10            304  [Ljava.util.ArrayList; (java.base@11.0.7)
2498:            19            304  com.intellij.openapi.wm.impl.StripeButton$2
2499:            19            304  com.intellij.openapi.wm.impl.StripeButton$3
2500:            19            304  com.intellij.openapi.wm.impl.status.IdeStatusBarImpl$$Lambda$1922/0x00000008018b5440
2501:            19            304  com.intellij.ui.RowIcon$$Lambda$3207/0x0000000801e4b040
2502:            19            304  com.intellij.ui.components.JBViewport$2
2503:            19            304  com.intellij.util.ObjectUtils$Sentinel
2504:            19            304  com.jetbrains.clones.configuration.BooleanProperty
2505:            19            304  java.util.Comparator$$Lambda$298/0x0000000800425840 (java.base@11.0.7)
2506:            19            304  org.jetbrains.plugins.scala.components.TypeAwareWidgetProvider$Widget$$Lambda$2335/0x0000000801a80040
2507:            19            304  org.jetbrains.plugins.scala.components.TypeAwareWidgetProvider$Widget$$Lambda$2424/0x0000000801ae5040
2508:            19            304  org.jetbrains.plugins.scala.components.TypeAwareWidgetProvider$Widget$$Lambda$2425/0x0000000801ae4040
2509:            19            304  org.jetbrains.plugins.scala.extensions.package$$$Lambda$697/0x000000080089dc40
2510:            19            304  scala.collection.mutable.ArrayOps$ofRef
2511:             2            304  sun.lwawt.LWWindowPeer (java.desktop@11.0.7)
2512:             1            296  [Lcom.intellij.psi.codeStyle.CodeStyleSettingsCustomizable$SpacingOption;
2513:             1            288  [Lcom.intellij.ide.TypeNameEP;
2514:            10            288  [Lcom.intellij.ide.b.w;
2515:             1            288  [Lcom.intellij.jarRepository.RepositoryLibraryDefinition;
2516:             9            288  apple.laf.JRSUIConstants$Variant (java.desktop@11.0.7)
2517:            12            288  com.intellij.codeInspection.javaDoc.JavaDocLocalInspection$Options
2518:             9            288  com.intellij.debugger.streams.lib.impl.MatchingOperation
2519:             9            288  com.intellij.debugger.streams.lib.impl.OrderBasedOperation
2520:            12            288  com.intellij.ide.actions.TabNavigationActionBase$NavigationType
2521:            18            288  com.intellij.ide.ui.laf.darcula.ui.DarculaComboBoxUI$CustomComboPopup$MyDelegateRenderer
2522:            12            288  com.intellij.ide.util.projectWizard.ModuleBuilderFactory
2523:             9            288  com.intellij.ide.util.treeView.TreeState$PathElement
2524:            12            288  com.intellij.javascript.nodejs.util.NodePackageDescriptor
2525:            12            288  com.intellij.openapi.fileChooser.ex.LocalFsFinder$FileChooserFilter
2526:            12            288  com.intellij.openapi.observable.properties.PropertyGraph$PropertyNode
2527:            12            288  com.intellij.openapi.observable.properties.PropertyGraph$register$1
2528:            12            288  com.intellij.openapi.observable.properties.PropertyGraph$register$2
2529:            12            288  com.intellij.openapi.observable.properties.PropertyGraph$register$3
2530:            12            288  com.intellij.openapi.observable.properties.PropertyView
2531:            12            288  com.intellij.openapi.options.ConfigurableBuilder$CallbackAccessor
2532:            12            288  com.intellij.openapi.options.ConfigurableBuilder$CheckboxField
2533:            12            288  com.intellij.openapi.roots.ui.configuration.SdkListModelBuilder$1
2534:            18            288  com.intellij.openapi.util.LowMemoryWatcher$$Lambda$387/0x00000008004ebc40
2535:            12            288  com.intellij.patterns.uast.UExpressionPattern$Capture
2536:            12            288  com.intellij.psi.impl.PsiTreeChangeEventImpl$PsiEventType
2537:             9            288  com.intellij.psi.impl.smartPointers.FileElementInfo
2538:            12            288  com.intellij.serialization.stateProperties.MapStoredProperty
2539:             6            288  com.intellij.ui.TreeExpandableItemsHandler
2540:             9            288  com.intellij.util.containers.ConcurrentWeakKeyWeakValueHashMap
2541:            18            288  com.intellij.util.indexing.DefaultFileTypeSpecificInputFilter
2542:             9            288  com.intellij.util.indexing.SharedIntMapForwardIndex
2543:            18            288  com.intellij.util.ui.update.UiNotifyConnector$1
2544:             9            288  com.sun.javafx.collections.ListListenerHelper$Generic (javafx.base@11.0.7)
2545:            18            288  com.sun.javafx.scene.control.inputmap.InputMap$$Lambda$3981/0x00000008022c1840 (javafx.controls@11.0.7)
2546:             2            288  com.sun.javafx.sg.prism.NGSVGPath (javafx.graphics@11.0.7)
2547:            12            288  com.sun.org.apache.xerces.internal.util.XMLStringBuffer (java.xml@11.0.7)
2548:             6            288  com.sun.prism.es2.ES2RTTextureData (javafx.graphics@11.0.7)
2549:             9            288  com.sun.prism.impl.BaseResourcePool$WeakLinkedList (javafx.graphics@11.0.7)
2550:            18            288  com.sun.proxy.$Proxy24
2551:            18            288  com.sun.proxy.jdk.proxy1.$Proxy1 (jdk.proxy1@)
2552:             9            288  io.netty.util.Recycler$DefaultHandle
2553:            12            288  java.awt.AlphaComposite (java.desktop@11.0.7)
2554:             9            288  java.awt.Toolkit$SelectiveAWTEventListener (java.desktop@11.0.7)
2555:            12            288  java.lang.ProcessEnvironment$Value (java.base@11.0.7)
2556:            12            288  java.lang.ProcessEnvironment$Variable (java.base@11.0.7)
2557:            12            288  java.net.StandardSocketOptions$StdSocketOption (java.base@11.0.7)
2558:            12            288  java.rmi.server.ObjID (java.rmi@11.0.7)
2559:            12            288  java.time.Month (java.base@11.0.7)
2560:             9            288  java.util.concurrent.atomic.AtomicIntegerFieldUpdater$AtomicIntegerFieldUpdaterImpl (java.base@11.0.7)
2561:             6            288  java.util.concurrent.locks.StampedLock (java.base@11.0.7)
2562:             9            288  java.util.logging.Level (java.logging@11.0.7)
2563:             9            288  java.util.logging.Level$KnownLevel (java.logging@11.0.7)
2564:             9            288  javafx.scene.Parent$3 (javafx.graphics@11.0.7)
2565:             9            288  javafx.scene.text.FontWeight (javafx.graphics@11.0.7)
2566:             2            288  javafx.scene.transform.Transform$ImmutableTransform (javafx.graphics@11.0.7)
2567:            12            288  javassist.ClassPathList
2568:             6            288  javax.swing.JEditorPane$1 (java.desktop@11.0.7)
2569:            12            288  javax.swing.event.SwingPropertyChangeSupport (java.desktop@11.0.7)
2570:            18            288  javax.swing.plaf.basic.BasicComboPopup$Handler (java.desktop@11.0.7)
2571:             6            288  javax.swing.plaf.basic.BasicTreeUI$Handler (java.desktop@11.0.7)
2572:             9            288  javax.swing.text.StyledEditorKit$FontSizeAction (java.desktop@11.0.7)
2573:             9            288  jdk.internal.org.objectweb.asm.Type (java.base@11.0.7)
2574:             9            288  jdk.internal.reflect.UnsafeLongFieldAccessorImpl (java.base@11.0.7)
2575:             9            288  kotlin.reflect.jvm.internal.impl.metadata.builtins.BuiltInsBinaryVersion
2576:            12            288  net.sourceforge.pmd.properties.PropertyDescriptorField
2577:            12            288  org.apache.xerces.impl.xpath.regex.Token$CharToken
2578:            12            288  org.apache.xerces.xni.XMLString
2579:            12            288  org.jetbrains.kotlin.renderer.DescriptorRendererModifier
2580:            12            288  org.jetbrains.kotlin.tools.projectWizard.core.entity.SettingValidator$and$1
2581:            18            288  org.jetbrains.plugins.groovy.codeInspection.naming.NewGroovyClassNamingConventionInspection$1
2582:             4            288  org.languagetool.language.AmericanEnglish
2583:            12            288  org.owasp.html.HtmlElementTables$FreeWrapper
2584:            12            288  org.owasp.html.HtmlInputSplitter$State
2585:            12            288  org.owasp.html.HtmlTokenType
2586:             9            288  org.zmlx.hg4idea.util.HgVersion
2587:             6            288  sun.java2d.loops.DrawGlyphListColor$General (java.desktop@11.0.7)
2588:             4            288  sun.java2d.loops.MaskBlit$General (java.desktop@11.0.7)
2589:             3            288  sun.nio.ch.KQueueSelectorImpl (java.base@11.0.7)
2590:             6            288  sun.nio.cs.StreamDecoder (java.base@11.0.7)
2591:            12            288  sun.reflect.generics.tree.Wildcard (java.base@11.0.7)
2592:             4            288  sun.rmi.transport.ConnectionOutputStream (java.rmi@11.0.7)
2593:             9            288  sun.rmi.transport.LiveRef (java.rmi@11.0.7)
2594:             6            288  sun.rmi.transport.tcp.TCPChannel (java.rmi@11.0.7)
2595:             9            288  sun.security.ssl.ProtocolVersion (java.base@11.0.7)
2596:             6            288  xce.nvm.d
2597:             1            280  [Ljava.lang.invoke.LambdaForm$Kind; (java.base@11.0.7)
2598:            11            280  [Lorg.jetbrains.kotlin.idea.inspections.NamingRule;
2599:             1            280  [Lsun.security.ssl.SSLExtension; (java.base@11.0.7)
2600:             7            280  com.intellij.ide.browsers.ConfigurableWebBrowser
2601:             5            280  com.intellij.openapi.ui.LoadingDecorator$1
2602:             5            280  com.intellij.openapi.wm.ext.LibraryDependentToolWindow
2603:             5            280  com.intellij.ui.content.impl.ContentManagerImpl
2604:             7            280  com.intellij.ui.mac.touchbar.SpacingItem
2605:             7            280  com.intellij.util.concurrency.QueueProcessor
2606:             7            280  com.sun.prism.paint.Color (javafx.graphics@11.0.7)
2607:             5            280  java.net.SocketInputStream (java.base@11.0.7)
2608:             5            280  java.net.SocketOutputStream (java.base@11.0.7)
2609:             7            280  javafx.scene.CssStyleHelper$CacheContainer (javafx.graphics@11.0.7)
2610:             7            280  org.jetbrains.plugins.scala.codeInspection.feature.Feature
2611:             7            280  scala.collection.mutable.HashMap
2612:             5            280  sun.rmi.transport.tcp.TCPConnection (java.rmi@11.0.7)
2613:             5            272  [Lio.netty.util.internal.PriorityQueueNode;
2614:            17            272  com.intellij.grazie.detector.model.Language$Information
2615:            17            272  com.intellij.lang.javascript.index.FrameworkIndexingHandlerEP$$Lambda$834/0x0000000800aeec40
2616:            17            272  com.intellij.ui.AbstractExpandableItemsHandler$2
2617:            17            272  com.intellij.ui.AbstractExpandableItemsHandler$3
2618:            17            272  com.intellij.ui.AbstractExpandableItemsHandler$4
2619:            17            272  com.intellij.ui.AbstractExpandableItemsHandler$5
2620:            17            272  com.intellij.ui.AbstractExpandableItemsHandler$6
2621:            17            272  com.intellij.ui.AbstractExpandableItemsHandler$7
2622:            17            272  com.intellij.ui.popup.MovablePopup$$Lambda$767/0x00000008009d5040
2623:            17            272  com.intellij.ui.popup.MovablePopup$1
2624:            17            272  com.intellij.util.concurrency.BoundedTaskExecutor$1$$Lambda$488/0x0000000800595040
2625:            17            272  sun.invoke.util.ValueConversions$WrapperCache (java.base@11.0.7)
2626:            11            264  com.android.tools.idea.lang.rs.RenderscriptTokenType
2627:            11            264  com.fasterxml.jackson.annotation.JsonFormat$Shape
2628:            11            264  com.intellij.codeInspection.ProblemHighlightType
2629:            11            264  com.intellij.lang.javascript.psi.types.JSDecoratedType$TypeDecoration
2630:             1            264  com.intellij.openapi.application.impl.ApplicationInfoImpl
2631:            11            264  com.intellij.openapi.keymap.impl.KeymapImpl$gestureToListOfIds$2
2632:            11            264  com.intellij.openapi.util.registry.RegistryValue$$Lambda$459/0x000000080055d840
2633:            11            264  com.intellij.openapi.vfs.impl.LightFilePointer
2634:            11            264  com.intellij.openapi.vfs.impl.local.NativeFileWatcherImpl$WatcherOp
2635:            11            264  com.intellij.openapi.vfs.impl.local.WatchRootsManager$WatchRequestImpl
2636:            11            264  com.intellij.patterns.PsiElementPattern$5
2637:            11            264  com.intellij.psi.ProviderRegistration
2638:            11            264  com.intellij.psi.UastReferenceRegistrar$registerUastReferenceProvider$1
2639:             3            264  com.intellij.psi.formatter.xml.HtmlCodeStyleSettings
2640:            11            264  com.intellij.ui.icons.IconLoadMeasurer$Counter
2641:            11            264  com.intellij.util.containers.WeakValueHashMap
2642:            11            264  com.jetbrains.clones.languagescope.common.CommonDuplicateInspectionConfiguration
2643:            11            264  com.sun.jna.NativeMappedConverter
2644:            11            264  com.sun.org.apache.xerces.internal.util.SymbolTable$Entry (java.xml@11.0.7)
2645:            11            264  fuck_the_regulations_v321.bq
2646:             3            264  io.netty.buffer.PooledUnsafeDirectByteBuf
2647:            11            264  io.netty.handler.codec.http.HttpObjectDecoder$State
2648:            11            264  java.awt.event.FocusEvent$Cause (java.desktop@11.0.7)
2649:            11            264  java.lang.annotation.ElementType (java.base@11.0.7)
2650:            11            264  java.lang.invoke.MethodHandleImpl$Intrinsic (java.base@11.0.7)
2651:            11            264  java.util.regex.Pattern$Neg (java.base@11.0.7)
2652:            11            264  net.sourceforge.pmd.lang.LanguageVersion
2653:            11            264  org.intellij.lang.regexp.psi.RegExpGroup$Type
2654:            11            264  org.jdom.AttributeType
2655:            11            264  org.jetbrains.kotlin.renderer.DescriptorRendererImpl
2656:            11            264  org.jetbrains.kotlin.renderer.DescriptorRendererImpl$functionTypeAnnotationsRenderer$2
2657:            11            264  org.jetbrains.kotlin.renderer.DescriptorRendererImpl$functionTypeParameterTypesRenderer$2
2658:             3            264  org.jetbrains.plugins.groovy.codeStyle.GroovyCodeStyleSettings
2659:             1            264  org.jetbrains.plugins.scala.codeInspection.collections.package$
2660:            11            264  scala.util.matching.Regex
2661:            11            264  sun.util.locale.provider.LocaleServiceProviderPool (java.base@11.0.7)
2662:             2            256  [Lcom.android.resources.ResourceType;
2663:             2            256  [Lcom.fasterxml.jackson.databind.DeserializationFeature;
2664:             2            256  [Lcom.fasterxml.jackson.databind.MapperFeature;
2665:             1            256  [Lcom.intellij.codeInsight.editorActions.TypedHandlerDelegate;
2666:            11            256  [Lcom.intellij.ide.util.projectWizard.ModuleWizardStep;
2667:             1            256  [Lcom.intellij.ui.EditorNotifications$Provider;
2668:             1            256  [Lcom.intellij.util.xml.impl.DomFileMetaData;
2669:             1            256  [Ljavafx.scene.AccessibleAttribute; (javafx.graphics@11.0.7)
2670:             8            256  [Ljdk.internal.jimage.ImageBufferCache$BufferReference; (java.base@11.0.7)
2671:             4            256  [Lorg.apache.xerces.impl.xs.XSElementDecl;
2672:             4            256  com.fasterxml.jackson.databind.introspect.AnnotatedClass
2673:             4            256  com.intellij.charts.XYLineChart
2674:             8            256  com.intellij.codeInspection.dataFlow.rangeSet.LongRangeSet$Range
2675:             8            256  com.intellij.debugger.streams.lib.impl.CollapseOperation
2676:             8            256  com.intellij.debugger.streams.trace.impl.handler.type.ArrayTypeImpl
2677:             8            256  com.intellij.javaee.run.configuration.J2EEConfigurationFactoryImpl$MyConfigurationFactory
2678:             8            256  com.intellij.lang.javascript.types.JSEmbeddedContentElementType
2679:            16            256  com.intellij.openapi.actionSystem.Separator$$Lambda$753/0x00000008009a0440
2680:             8            256  com.intellij.openapi.editor.impl.IntervalTreeImpl$IntervalNode$WeakReferencedGetter
2681:            16            256  com.intellij.openapi.options.ConfigurableEP$$Lambda$891/0x0000000800b8f040
2682:             8            256  com.intellij.openapi.util.AtomicNullableLazyValue$1
2683:             8            256  com.intellij.openapi.vcs.impl.VcsInitObject
2684:            16            256  com.intellij.openapi.wm.impl.ToolWindowManagerImplKt$getStripeTitleSupplier$1
2685:             4            256  com.intellij.openapi.wm.impl.content.ToolWindowContentUi
2686:            16            256  com.intellij.patterns.XmlNamedElementPattern$XmlAttributePattern$1
2687:             8            256  com.intellij.ui.mac.touchbar.ItemsContainer
2688:            16            256  com.intellij.util.io.PersistentHashMapValueStorage$OutputStreamOverRandomAccessFileCache
2689:             4            256  com.intellij.vcs.log.ui.actions.VcsLogToolbarPopupActionGroup
2690:             8            256  com.sun.javafx.event.EventHandlerManager (javafx.base@11.0.7)
2691:             8            256  com.sun.javafx.font.PrismFont (javafx.graphics@11.0.7)
2692:             8            256  com.sun.prism.PixelFormat (javafx.graphics@11.0.7)
2693:             4            256  io.netty.util.concurrent.ScheduledFutureTask
2694:             8            256  java.lang.reflect.ProxyGenerator$PrimitiveTypeInfo (java.base@11.0.7)
2695:             8            256  java.security.MessageDigest$Delegate (java.base@11.0.7)
2696:            16            256  java.util.Comparator$$Lambda$128/0x0000000800279440 (java.base@11.0.7)
2697:             8            256  java.util.ImmutableCollections$MapN (java.base@11.0.7)
2698:             8            256  java.util.concurrent.CountDownLatch$Sync (java.base@11.0.7)
2699:            16            256  javax.accessibility.AccessibleRelationSet (java.desktop@11.0.7)
2700:             8            256  javax.swing.plaf.BorderUIResource$EmptyBorderUIResource (java.desktop@11.0.7)
2701:             8            256  javax.swing.text.DefaultEditorKit$NextVisualPositionAction (java.desktop@11.0.7)
2702:             8            256  kotlin.reflect.jvm.internal.impl.metadata.ProtoBuf$QualifiedNameTable
2703:             8            256  kotlin.reflect.jvm.internal.impl.metadata.ProtoBuf$StringTable
2704:            16            256  kotlinx.coroutines.internal.Symbol
2705:             4            256  org.jetbrains.kotlin.idea.caches.resolve.ProjectResolutionFacade
2706:             4            256  sun.net.www.http.KeepAliveStream (java.base@11.0.7)
2707:            16            256  sun.security.util.ECParameters (java.base@11.0.7)
2708:             1            248  [Lcom.intellij.codeInsight.template.impl.DefaultLiveTemplateEP;
2709:             1            248  [Lcom.intellij.psi.impl.smartPointers.SmartPointerTracker$PointerReference;
2710:             2            248  [Ljava.time.LocalDateTime; (java.base@11.0.7)
2711:             3            248  [Lorg.jetbrains.kotlin.idea.inspections.jdk2k.Replacement;
2712:             1            240  [Lcom.intellij.refactoring.rename.RenameHandler;
2713:             3            240  [Lio.netty.handler.codec.CodecOutputList;
2714:             3            240  [Lorg.apache.xerces.impl.xs.XSComplexTypeDecl;
2715:             2            240  [Lorg.intellij.lang.regexp.RegExpCapability;
2716:             5            240  apple.laf.JRSUIControl (java.desktop@11.0.7)
2717:            15            240  com.android.ide.common.repository.GradleCoordinate$NumberComponent
2718:            10            240  com.android.tools.idea.lang.proguard.psi.ProguardTokenType
2719:            15            240  com.apple.laf.ScreenMenuPropertyListener (java.desktop@11.0.7)
2720:             3            240  com.google.gson.Gson
2721:            10            240  com.google.gson.stream.JsonToken
2722:            10            240  com.google.gson.stream.JsonToken
2723:            10            240  com.intellij.codeHighlighting.HighlightDisplayLevel
2724:            10            240  com.intellij.codeInsight.folding.impl.actions.BaseExpandToLevelAction$1
2725:             5            240  com.intellij.configurationStore.StateStorageManagerImpl$MyDirectoryStorage
2726:            10            240  com.intellij.diagram.VisibilityLevel
2727:            10            240  com.intellij.diagram.settings.DiagramConfigElement
2728:            10            240  com.intellij.formatting.IndentImpl
2729:            10            240  com.intellij.grazie.utils.LazyGrazieConfig
2730:             1            240  com.intellij.ide.IdeEventQueue
2731:            10            240  com.intellij.ide.highlighter.custom.tokens.TokenInfo
2732:            15            240  com.intellij.ide.projectView.impl.ProjectViewImpl$Action$$Lambda$1075/0x0000000800ca8c40
2733:            10            240  com.intellij.json.JsonElementType
2734:            15            240  com.intellij.openapi.actionSystem.impl.ToolbarUpdater$MyKeymapManagerListener
2735:            15            240  com.intellij.openapi.actionSystem.impl.ToolbarUpdater$MyTimerListener
2736:            15            240  com.intellij.openapi.actionSystem.impl.WeakTimerListener
2737:             5            240  com.intellij.openapi.fileEditor.impl.text.TextEditorState$CaretState
2738:             2            240  com.intellij.openapi.roots.impl.ProjectRootManagerComponent
2739:            10            240  com.intellij.openapi.ui.ComponentValidator$2
2740:            10            240  com.intellij.openapi.ui.DialogPanel$registerCustomValidationRequestors$1
2741:             6            240  com.intellij.openapi.util.WindowStateServiceImpl$CachedState
2742:            10            240  com.intellij.openapi.util.io.PathExecLazyValue
2743:            10            240  com.intellij.openapi.vfs.DiskQueryRelay
2744:            10            240  com.intellij.openapi.vfs.impl.BulkVirtualFileListenerAdapter
2745:            10            240  com.intellij.openapi.wm.FocusWatcher
2746:            10            240  com.intellij.openapi.wm.impl.content.ToolWindowContentUi$3
2747:            10            240  com.intellij.patterns.CharPattern
2748:            10            240  com.intellij.patterns.PsiAnnotationPattern$2
2749:            10            240  com.intellij.patterns.PsiMethodCallPattern
2750:            10            240  com.intellij.psi.PsiPrimitiveType
2751:            15            240  com.intellij.psi.filters.TextFilter
2752:            15            240  com.intellij.psi.impl.source.resolve.reference.impl.providers.CustomizableReferenceProvider$CustomizationKey
2753:            10            240  com.intellij.scala.play.language.lexer.Play2TemplateElementTypes$Play2ElementType
2754:            10            240  com.intellij.ui.ExpandedItemListCellRendererWrapper
2755:            10            240  com.intellij.ui.ListExpandableItemsHandler$1
2756:            10            240  com.intellij.ui.ListExpandableItemsHandler$2
2757:            10            240  com.intellij.ui.ListExpandableItemsHandler$3
2758:            10            240  com.intellij.ui.ListExpandableItemsHandler$4
2759:            10            240  com.intellij.ui.layout.CellKt$bind$3
2760:            10            240  com.intellij.ui.layout.CellKt$bind$4
2761:            10            240  com.intellij.ui.layout.migLayout.CellBuilderImpl$withValidationOnApply$1
2762:            10            240  com.intellij.ui.layout.migLayout.CellBuilderImpl$withValidationOnInput$1
2763:            10            240  com.intellij.ui.layout.migLayout.CellBuilderImpl$withValidationOnInput$2$1
2764:             6            240  com.intellij.uiDesigner.core.HorizontalInfo
2765:             6            240  com.intellij.uiDesigner.core.LayoutState
2766:             6            240  com.intellij.uiDesigner.core.VerticalInfo
2767:            10            240  com.jetbrains.clones.languagescope.common.CommonDuplicateScope$indexConfiguration$2
2768:             6            240  com.sun.javafx.binding.ExpressionHelper$Generic (javafx.base@11.0.7)
2769:             5            240  com.sun.jna.NativeLibrary
2770:            10            240  com.sun.org.apache.xerces.internal.impl.XMLScanner$NameType (java.xml@11.0.7)
2771:            10            240  com.sun.org.apache.xerces.internal.xni.XMLString (java.xml@11.0.7)
2772:             5            240  com.sun.prism.es2.ES2Shader (javafx.graphics@11.0.7)
2773:            10            240  com.sun.prism.es2.ES2Shader$Uniform (javafx.graphics@11.0.7)
2774:            10            240  gnu.trove.THashMap$KeyView
2775:            10            240  gnu.trove.THashMap$ValueView
2776:            10            240  java.awt.Window$WindowDisposerRecord (java.desktop@11.0.7)
2777:             6            240  java.io.BufferedInputStream (java.base@11.0.7)
2778:            10            240  java.lang.StringCoding$Result (java.base@11.0.7)
2779:            10            240  java.lang.invoke.VarForm (java.base@11.0.7)
2780:            10            240  java.nio.charset.CoderResult (java.base@11.0.7)
2781:            10            240  java.nio.file.StandardOpenOption (java.base@11.0.7)
2782:            10            240  java.security.CryptoPrimitive (java.base@11.0.7)
2783:             6            240  javafx.scene.Node$11 (javafx.graphics@11.0.7)
2784:             6            240  javafx.scene.Node$12 (javafx.graphics@11.0.7)
2785:            10            240  javafx.scene.input.KeyCombination$Modifier (javafx.graphics@11.0.7)
2786:            10            240  kotlin.reflect.jvm.internal.impl.resolve.scopes.DescriptorKindFilter
2787:            10            240  kotlin.reflect.jvm.internal.impl.resolve.scopes.DescriptorKindFilter$Companion$MaskToName
2788:            10            240  kotlin.reflect.jvm.internal.impl.serialization.deserialization.AnnotationDeserializer
2789:             6            240  morfologik.fsa.ByteSequenceIterator
2790:            10            240  net.miginfocom.layout.Grid$FlowSizeSpec
2791:            10            240  net.sourceforge.pmd.RuleSetReference
2792:            10            240  net.sourceforge.pmd.lang.java.AbstractJavaHandler$JavaMetricsProvider
2793:            10            240  net.sourceforge.pmd.lang.java.JavaLanguageHandler
2794:            10            240  org.jetbrains.idea.maven.utils.library.RepositoryLibrarySupportInModuleProvider
2795:            15            240  org.jetbrains.plugins.gradle.execution.test.runner.TestTasksChooser
2796:            10            240  org.jetbrains.plugins.gradle.service.settings.IdeaGradleProjectSettingsControlBuilder$BuildRunItem
2797:            10            240  org.jetbrains.plugins.gradle.service.settings.IdeaGradleProjectSettingsControlBuilder$DistributionTypeItem
2798:            10            240  org.jetbrains.plugins.scala.lang.lexer.ScalaModifier
2799:            10            240  scala.collection.immutable.HashMap$HashTrieMap
2800:            10            240  scala.collection.mutable.WrappedArray$ofRef
2801:            10            240  sun.awt.SunHints$Key (java.desktop@11.0.7)
2802:             5            240  sun.java2d.loops.DrawParallelogram (java.desktop@11.0.7)
2803:             5            240  sun.java2d.loops.FillParallelogram (java.desktop@11.0.7)
2804:             6            240  sun.lwawt.macosx.NamedCursor (java.desktop@11.0.7)
2805:            10            240  sun.reflect.generics.reflectiveObjects.WildcardTypeImpl (java.base@11.0.7)
2806:             5            240  xce.nvm.d
2807:             5            232  [Lkotlin.annotation.AnnotationTarget;
2808:             1            232  [Lorg.antlr.v4.runtime.atn.RuleStartState;
2809:             1            232  [Lorg.antlr.v4.runtime.atn.RuleStopState;
2810:             2            224  [Lcom.fasterxml.jackson.databind.SerializationFeature;
2811:             1            224  [Lcom.intellij.openapi.editor.actionSystem.EditorActionHandlerBean;
2812:             1            224  [Lcom.intellij.psi.stubs.StubElementTypeHolderEP;
2813:             1            224  [Lcom.intellij.util.xml.DomFileDescription;
2814:             4            224  [Ljava.io.ObjectInputStream$HandleTable$HandleList; (java.base@11.0.7)
2815:             5            224  [Ljava.lang.invoke.LambdaForm$NamedFunction; (java.base@11.0.7)
2816:             1            224  [Lorg.antlr.v4.runtime.dfa.DFA;
2817:             7            224  apple.laf.JRSUIConstants$State (java.desktop@11.0.7)
2818:             2            224  com.apple.laf.AquaCaret (java.desktop@11.0.7)
2819:             7            224  com.apple.laf.AquaIcon$SystemIcon (java.desktop@11.0.7)
2820:            14            224  com.apple.laf.AquaUtils$RecyclableSingletonFromDefaultConstructor (java.desktop@11.0.7)
2821:             4            224  com.intellij.charts.Grid
2822:             7            224  com.intellij.debugger.streams.lib.impl.ConcatOperation
2823:             4            224  com.intellij.execution.process.BaseOSProcessHandler$SimpleOutputReader
2824:             7            224  com.intellij.openapi.actionSystem.impl.ActionToolbarImpl$ToolbarReference
2825:             7            224  com.intellij.openapi.editor.GenericLineWrapPositionStrategy$Rule
2826:             2            224  com.intellij.openapi.editor.impl.EditorMarkupModelImpl
2827:             7            224  com.intellij.openapi.module.ModuleTypeEP
2828:             4            224  com.intellij.openapi.ui.DetailsComponent
2829:             7            224  com.intellij.openapi.vcs.changes.ui.ChangesViewContentManager$TabOrderWeight
2830:             4            224  com.intellij.openapi.wm.impl.ToolWindowHeader$1
2831:            14            224  com.intellij.psi.filters.ScopeFilter
2832:             7            224  com.intellij.spring.SpringLibraryUtil$SpringVersion
2833:             7            224  com.intellij.ui.PopupHandler$2
2834:             7            224  com.intellij.ui.components.JBList$2
2835:            14            224  com.intellij.ui.mac.touchbar.TBItemAnActionButton$$Lambda$1061/0x0000000800c86040
2836:             2            224  com.intellij.ui.tabs.TabInfo
2837:             4            224  com.intellij.util.containers.ConcurrentLongObjectHashMap
2838:             4            224  com.intellij.util.containers.FilteredTraverserBase$Meta
2839:             7            224  com.intellij.util.ui.TimedDeadzone
2840:             4            224  com.intellij.xdebugger.impl.breakpoints.BreakpointState
2841:             7            224  com.sun.beans.util.Cache$CacheEntry (java.desktop@11.0.7)
2842:             7            224  com.sun.javafx.css.StyleCacheEntry$Key (javafx.graphics@11.0.7)
2843:             7            224  com.sun.javafx.font.coretext.CTStrikeDisposer (javafx.graphics@11.0.7)
2844:             4            224  com.sun.javafx.geom.Path2D (javafx.graphics@11.0.7)
2845:             7            224  com.sun.javafx.scene.EnteredExitedHandler (javafx.graphics@11.0.7)
2846:             7            224  com.sun.javafx.webkit.prism.WCFontImpl (javafx.web@11.0.7)
2847:             7            224  com.sun.prism.Texture$WrapMode (javafx.graphics@11.0.7)
2848:             7            224  com.theoryinpractice.testng.model.TestType
2849:             7            224  de.plushnikov.intellij.plugin.inspection.modifiers.RedundantModifiersInfo
2850:             4            224  java.io.ObjectInputStream$BlockDataInputStream (java.base@11.0.7)
2851:             4            224  java.lang.invoke.BoundMethodHandle$Species_LLLLLL (java.base@11.0.7)
2852:             7            224  java.net.Socket (java.base@11.0.7)
2853:             7            224  java.security.BasicPermissionCollection (java.base@11.0.7)
2854:             7            224  java.util.concurrent.SynchronousQueue (java.base@11.0.7)
2855:            14            224  javax.swing.text.StyledEditorKit$AttributeTracker (java.desktop@11.0.7)
2856:             2            224  javax.swing.text.html.ListView (java.desktop@11.0.7)
2857:            14            224  kotlin.properties.NotNullVar
2858:             7            224  kotlin.reflect.jvm.internal.impl.serialization.deserialization.ProtoBasedClassDataFinder
2859:             1            224  org.apache.xerces.impl.XMLNSDocumentScannerImpl
2860:             7            224  org.jetbrains.kotlin.config.JvmTarget
2861:            14            224  org.jetbrains.kotlin.config.MavenComparableVersion$IntegerItem
2862:             7            224  org.jetbrains.plugins.scala.project.Version
2863:             7            224  org.owasp.html.PolicyFactory
2864:             4            224  sun.rmi.transport.Target (java.rmi@11.0.7)
2865:             4            224  sun.security.provider.SHA (java.base@11.0.7)
2866:             9            216  [Lcom.intellij.ide.plugins.PluginXmlFactory;
2867:             9            216  [Lcom.intellij.openapi.actionSystem.KeyboardShortcut;
2868:             9            216  [Ljavafx.collections.ListChangeListener; (javafx.base@11.0.7)
2869:             9            216  com.intellij.cloudConfig.StatusInfo
2870:             9            216  com.intellij.compiler.CompilerConfigurationImpl$CompiledPattern
2871:             9            216  com.intellij.configurationStore.StateStorageManagerImpl$Macro
2872:             9            216  com.intellij.execution.ui.ConsoleViewContentType
2873:             9            216  com.intellij.ide.IdeEventQueue$$Lambda$323/0x000000080044d840
2874:             9            216  com.intellij.ide.navigationToolbar.NavBarUpdateQueue$ID
2875:             9            216  com.intellij.ide.navigationToolbar.ui.AbstractNavBarUI$ImageType
2876:             9            216  com.intellij.javascript.jest.JestPkgInfo
2877:             9            216  com.intellij.lang.jvm.types.JvmPrimitiveTypeKind
2878:             9            216  com.intellij.openapi.actionSystem.AnAction$$Lambda$774/0x00000008009d2040
2879:             9            216  com.intellij.openapi.externalSystem.model.ProjectSystemId
2880:             9            216  com.intellij.openapi.vfs.impl.VirtualFileManagerImpl$$Lambda$1854/0x000000080182c840
2881:             9            216  com.intellij.openapi.wm.impl.IdeBackgroundUtil$Anchor
2882:             9            216  com.intellij.patterns.compiler.PatternCompilerImpl$State
2883:             9            216  com.intellij.patterns.uast.UastPatterns$injectionHostUExpression$1
2884:             9            216  com.intellij.psi.codeStyle.CodeStyleSettingsCustomizable$IndentOption
2885:             9            216  com.intellij.sql.psi.SqlTokenType$Synthetic
2886:             9            216  com.intellij.ui.border.CustomLineBorder
2887:             9            216  com.intellij.util.indexing.snapshot.HashIdForwardIndexAccessor
2888:             3            216  com.intellij.util.messages.impl.MessageBusImpl
2889:             3            216  com.intellij.vcs.log.data.index.VcsLogFullDetailsIndex$MyMapReduceIndex
2890:             9            216  com.jetbrains.performancePlugin.lang.psi.IJPerfTokenType
2891:             9            216  com.sun.javafx.font.CompositeStrikeDisposer (javafx.graphics@11.0.7)
2892:             9            216  com.sun.javafx.geom.transform.GeneralTransform3D (javafx.graphics@11.0.7)
2893:             3            216  freemarker.core.DollarVariable
2894:             9            216  io.netty.handler.codec.http.HttpMethod$EnumNameMap$Node
2895:             9            216  java.io.OutputStreamWriter (java.base@11.0.7)
2896:             9            216  java.net.NetPermission (java.base@11.0.7)
2897:             9            216  java.nio.file.attribute.PosixFilePermission (java.base@11.0.7)
2898:             9            216  javafx.scene.Node$TreeShowingPropertyReadOnly (javafx.graphics@11.0.7)
2899:             9            216  javax.crypto.spec.DHParameterSpec (java.base@11.0.7)
2900:             9            216  kotlin.reflect.jvm.internal.impl.protobuf.WireFormat$JavaType
2901:             9            216  kotlin.reflect.jvm.internal.impl.serialization.deserialization.MemberDeserializer
2902:             9            216  kotlin.reflect.jvm.internal.impl.serialization.deserialization.TypeDeserializer$classDescriptors$1
2903:             9            216  kotlin.reflect.jvm.internal.impl.serialization.deserialization.TypeDeserializer$typeAliasDescriptors$1
2904:             1            216  org.apache.xerces.impl.XMLDocumentScannerImpl
2905:             9            216  org.apache.xerces.util.AugmentationsImpl$SmallContainer
2906:             9            216  org.jetbrains.kotlin.idea.inspections.NamingConventionInspection$namingSettings$1
2907:             9            216  org.jetbrains.plugins.haml.psi.HAMLElementType
2908:             9            216  org.jetbrains.plugins.scala.lang.psi.impl.base.ScStableCodeReferenceImpl
2909:             9            216  org.jetbrains.plugins.scala.lang.psi.impl.toplevel.packaging.ScPackagingImpl
2910:             3            216  org.jetbrains.plugins.scala.lang.psi.impl.toplevel.synthetic.ScSyntheticTypeParameter
2911:             9            216  sun.awt.OSInfo$WindowsVersion (java.desktop@11.0.7)
2912:             9            216  sun.font.SunLayoutEngine (java.desktop@11.0.7)
2913:             9            216  sun.rmi.runtime.Log$LoggerLog (java.rmi@11.0.7)
2914:             3            216  sun.security.provider.NativePRNG$RandomIO (java.base@11.0.7)
2915:             9            216  sun.security.x509.Extension (java.base@11.0.7)
2916:             9            216  sun.util.logging.PlatformLogger$Level (java.base@11.0.7)
2917:             2            208  [Lcom.intellij.util.text.VersionComparatorUtil$VersionTokenType;
2918:             6            208  [Ljava.lang.annotation.ElementType; (java.base@11.0.7)
2919:             1            208  [Ljavafx.scene.AccessibleRole; (javafx.graphics@11.0.7)
2920:             9            208  [Ljavax.swing.tree.TreePath; (java.desktop@11.0.7)
2921:            13            208  com.google.common.cache.LocalCache$LocalLoadingCache
2922:            13            208  com.google.common.cache.LocalCache$LocalManualCache
2923:            13            208  com.intellij.ide.util.frameworkSupport.FrameworkRole
2924:             2            208  com.intellij.openapi.editor.impl.view.EditorView
2925:            13            208  com.intellij.psi.PsiLock
2926:             1            208  com.intellij.util.ImageLoader$1
2927:             2            208  com.sun.glass.ui.Screen (javafx.graphics@11.0.7)
2928:            13            208  com.sun.proxy.$Proxy34
2929:             1            208  freemarker.template.Template
2930:             2            208  io.netty.channel.socket.nio.NioServerSocketChannel
2931:             1            208  java.awt.Canvas (java.desktop@11.0.7)
2932:            13            208  java.util.regex.CharPredicates$$Lambda$4320/0x0000000802789840 (java.base@11.0.7)
2933:            13            208  javafx.scene.Node$$Lambda$3750/0x0000000802190040 (javafx.graphics@11.0.7)
2934:            13            208  javafx.scene.Node$$Lambda$3751/0x0000000802190440 (javafx.graphics@11.0.7)
2935:            13            208  javafx.scene.Node$$Lambda$3752/0x0000000802190840 (javafx.graphics@11.0.7)
2936:            13            208  javafx.scene.Node$$Lambda$3753/0x0000000802190c40 (javafx.graphics@11.0.7)
2937:             1            208  javax.swing.ImageIcon$2$1 (java.desktop@11.0.7)
2938:             1            208  javax.swing.ImageIcon$3 (java.desktop@11.0.7)
2939:            13            208  org.jetbrains.plugins.scala.caches.CachesUtil$$anon$3
2940:             1            208  sun.java2d.SunGraphics2D (java.desktop@11.0.7)
2941:             2            208  sun.lwawt.macosx.CPlatformWindow (java.desktop@11.0.7)
2942:            13            208  sun.security.x509.CertificatePolicyId (java.base@11.0.7)
2943:             2            200  [Ljava.text.DateFormat$Field; (java.base@11.0.7)
2944:             2            200  [Lsun.security.ssl.SupportedGroupsExtension$NamedGroup; (java.base@11.0.7)
2945:             5            200  com.apple.laf.AquaImageFactory$SystemColorProxy (java.desktop@11.0.7)
2946:             5            200  com.intellij.application.options.editor.EditorTabPlacementKt$asOptionDescriptor$1
2947:             5            200  com.intellij.charts.XYLineDataset
2948:             5            200  com.intellij.ide.fileTemplates.impl.FTManager
2949:             1            200  com.intellij.ide.projectWizard.NewProjectWizard
2950:             5            200  com.intellij.openapi.vfs.newvfs.persistent.VfsDependentEnum
2951:             5            200  com.intellij.openapi.wm.impl.welcomeScreen.FlatWelcomeFrame$FlatWelcomeScreen$7
2952:             5            200  com.intellij.profiler.api.monitor.CpuAndMemoryDemo$ValueDotPainter
2953:             5            200  com.intellij.ui.components.JBLoadingPanel$1
2954:             5            200  com.sun.javafx.font.PrismMetrics (javafx.graphics@11.0.7)
2955:             5            200  com.sun.javafx.geom.Vec3d (javafx.graphics@11.0.7)
2956:             5            200  freemarker.core.Identifier
2957:             1            200  freemarker.template.Configuration
2958:             5            200  java.awt.Cursor (java.desktop@11.0.7)
2959:             5            200  java.io.BufferedWriter (java.base@11.0.7)
2960:             5            200  java.util.stream.StreamOpFlag (java.base@11.0.7)
2961:             5            200  java.util.zip.ZipFile (java.base@11.0.7)
2962:             5            200  javafx.scene.Node$6 (javafx.graphics@11.0.7)
2963:             5            200  jdk.internal.math.FloatingDecimal$BinaryToASCIIBuffer (java.base@11.0.7)
2964:             5            200  kotlin.reflect.jvm.internal.impl.metadata.jvm.deserialization.JvmMetadataVersion
2965:             5            200  kotlin.reflect.jvm.internal.impl.types.ErrorType
2966:             5            200  org.jetbrains.kotlin.psi.stubs.elements.KtConstantExpressionElementType
2967:             5            200  sun.rmi.transport.tcp.TCPTransport$ConnectionHandler (java.rmi@11.0.7)
2968:             5            200  sun.security.ssl.CipherSuite$MacAlg (java.base@11.0.7)
2969:             5            200  sun.text.normalizer.Trie2$UTrie2Header (java.base@11.0.7)
2970:             1            192  [Lcom.intellij.codeHighlighting.TextEditorHighlightingPassFactoryRegistrar;
2971:             1            192  [Lcom.intellij.framework.FrameworkTypeEx;
2972:             2            192  [Lcom.intellij.lang.javascript.flex.run.FlashRunnerParameters$Emulator;
2973:             1            192  [Lcom.intellij.openapi.roots.libraries.LibraryType;
2974:             1            192  [Lcom.sun.javafx.scene.DirtyBits; (javafx.graphics@11.0.7)
2975:             2            192  [Lcom.sun.org.apache.xerces.internal.xni.QName; (java.xml@11.0.7)
2976:             2            192  [Lmorfologik.stemming.DictionaryAttribute;
2977:             8            192  [[[B (java.base@11.0.7)
2978:             6            192  apple.laf.JRSUIState (java.desktop@11.0.7)
2979:             8            192  com.android.tools.idea.res.ResourceNotificationManager$Reason
2980:             4            192  com.fasterxml.jackson.databind.introspect.BasicBeanDescription
2981:             8            192  com.google.common.collect.SingletonImmutableSet
2982:            12            192  com.google.gson.TypeAdapter$1
2983:             6            192  com.intellij.charts.ChartUtils$generator$2
2984:             8            192  com.intellij.configurationStore.ObsoleteStorageBean
2985:             6            192  com.intellij.debugger.streams.lib.impl.ToCollectionOperation
2986:            12            192  com.intellij.debugger.streams.resolve.DistinctResolver
2987:            12            192  com.intellij.debugger.streams.resolve.OptionalOrderResolver
2988:            12            192  com.intellij.debugger.streams.trace.impl.interpret.DistinctCallTraceInterpreter
2989:            12            192  com.intellij.debugger.streams.trace.impl.interpret.OptionalTraceInterpreter
2990:             3            192  com.intellij.diagnostic.ActivityImpl
2991:             8            192  com.intellij.diagnostic.LoadingState
2992:             4            192  com.intellij.execution.actions.RunContextAction
2993:             3            192  com.intellij.ide.actions.SmartPopupActionGroup
2994:             8            192  com.intellij.ide.actions.ToolWindowMoveAction$Anchor
2995:             6            192  com.intellij.ide.actions.searcheverywhere.SEActionStub
2996:             4            192  com.intellij.ide.navigationToolbar.NavBarPanel$1
2997:             2            192  com.intellij.ide.scratch.ScratchProjectViewPane$MyRootNode
2998:             4            192  com.intellij.ide.ui.laf.darcula.ui.DarculaEditorPaneUI
2999:             6            192  com.intellij.ide.ui.laf.darcula.ui.DarculaJBPopupComboPopup
3000:             8            192  com.intellij.internal.statistic.utils.PluginType
3001:             4            192  com.intellij.javascript.nodejs.util.JSLinterPackage
3002:             6            192  com.intellij.lang.javascript.dialects.JSLanguageLevel
3003:             8            192  com.intellij.openapi.editor.actions.CaretStopPolicy
3004:             8            192  com.intellij.openapi.editor.actions.NextPrevWordHandler
3005:             8            192  com.intellij.openapi.editor.colors.EditorFontType
3006:             2            192  com.intellij.openapi.editor.impl.CaretImpl
3007:             2            192  com.intellij.openapi.editor.impl.view.EditorSizeManager
3008:             8            192  com.intellij.openapi.editor.markup.EffectType
3009:             4            192  com.intellij.openapi.editor.toolbar.floating.ToolbarVisibilityController
3010:            12            192  com.intellij.openapi.extensions.ProjectExtensionPointName
3011:            12            192  com.intellij.openapi.fileChooser.ex.FileTextFieldImpl$1
3012:            12            192  com.intellij.openapi.fileChooser.ex.FileTextFieldImpl$2
3013:            12            192  com.intellij.openapi.fileChooser.ex.FileTextFieldImpl$3
3014:            12            192  com.intellij.openapi.fileChooser.ex.FileTextFieldImpl$CancelAction
3015:            12            192  com.intellij.openapi.fileChooser.ex.LocalFsFinder
3016:             6            192  com.intellij.openapi.roots.ui.configuration.SdkListModel
3017:            12            192  com.intellij.openapi.ui.ComponentWithBrowseButton$$Lambda$1399/0x0000000801417440
3018:             4            192  com.intellij.openapi.ui.MasterDetailsComponent$MyRootNode$1
3019:             4            192  com.intellij.openapi.vcs.impl.VcsEP
3020:             4            192  com.intellij.openapi.wm.impl.Stripe$LayoutData
3021:             8            192  com.intellij.patterns.PsiAnnotationPattern$1
3022:             8            192  com.intellij.patterns.PsiElementPattern$2
3023:             6            192  com.intellij.patterns.TreeElementPattern$6
3024:             8            192  com.intellij.patterns.XmlNamedElementPattern$2
3025:            12            192  com.intellij.psi.AbstractFileViewProvider$VirtualFileContent
3026:            12            192  com.intellij.psi.impl.source.CharTableImpl
3027:             8            192  com.intellij.psi.util.CachedValuesManager$1
3028:             8            192  com.intellij.spring.boot.library.SpringBootLibraryUtil$SpringBootVersion
3029:             2            192  com.intellij.tasks.impl.LocalTaskImpl
3030:             8            192  com.intellij.ui.RelativeFont
3031:             8            192  com.intellij.ui.components.ScrollBarPainter$$Lambda$3507/0x0000000802060440
3032:             8            192  com.intellij.ui.layout.Cell$textField$1
3033:             8            192  com.intellij.ui.layout.Cell$textField$2
3034:             8            192  com.intellij.ui.mac.touchbar.TouchBar$Updater
3035:             6            192  com.intellij.ui.tree.ui.DefaultControl
3036:             8            192  com.intellij.util.containers.FactoryMap$1
3037:             6            192  com.intellij.util.containers.OrderedSet
3038:             8            192  com.intellij.util.diff.DiffTree$ThreeElementMatchResult
3039:             2            192  com.intellij.util.hash.ContentHashEnumerator
3040:             6            192  com.intellij.util.io.CachingEnumerator
3041:             4            192  com.intellij.util.io.FileAccessorCache$1
3042:             6            192  com.intellij.util.ui.CenteredIcon
3043:             6            192  com.intellij.util.ui.JBHtmlEditorKit$MouseExitSupportLinkController
3044:             8            192  com.intellij.util.xmlb.JDOMElementBinding
3045:             8            192  com.jetbrains.performancePlugin.lang.psi.IJPerfElementType
3046:             8            192  com.sun.beans.introspect.PropertyInfo$Name (java.desktop@11.0.7)
3047:             8            192  com.sun.javafx.event.CompositeEventHandler$NormalEventHandlerRecord (javafx.base@11.0.7)
3048:             4            192  com.sun.javafx.font.CMap$CMapFormat4 (javafx.graphics@11.0.7)
3049:             6            192  com.sun.javafx.scene.NodeEventDispatcher (javafx.graphics@11.0.7)
3050:             4            192  com.sun.jna.Structure$StructField
3051:             4            192  com.sun.org.apache.xerces.internal.util.XMLAttributesImpl$Attribute (java.xml@11.0.7)
3052:             4            192  com.sun.prism.es2.ES2TextureResource (javafx.graphics@11.0.7)
3053:             8            192  gnu.trove.TIntArrayList
3054:             3            192  io.netty.buffer.PoolThreadCache
3055:             3            192  io.netty.channel.ChannelOutboundBuffer$Entry
3056:             8            192  java.awt.Queue (java.desktop@11.0.7)
3057:             8            192  java.awt.Toolkit$ToolkitEventMulticaster (java.desktop@11.0.7)
3058:             4            192  java.lang.ThreadGroup (java.base@11.0.7)
3059:             3            192  java.lang.invoke.BoundMethodHandle$Species_LLLLLLLII (java.base@11.0.7)
3060:             6            192  java.lang.invoke.LambdaForm$BasicType (java.base@11.0.7)
3061:             8            192  java.math.RoundingMode (java.base@11.0.7)
3062:             6            192  java.time.format.TextStyle (java.base@11.0.7)
3063:             6            192  java.util.Random (java.base@11.0.7)
3064:             6            192  java.util.concurrent.atomic.AtomicLongFieldUpdater$CASUpdater (java.base@11.0.7)
3065:             8            192  java.util.regex.Pattern$$Lambda$1267/0x0000000801121840 (java.base@11.0.7)
3066:             4            192  javafx.beans.property.ReadOnlyObjectWrapper (javafx.base@11.0.7)
3067:             4            192  javafx.beans.property.ReadOnlyStringWrapper (javafx.base@11.0.7)
3068:             4            192  javafx.beans.property.SimpleDoubleProperty (javafx.base@11.0.7)
3069:            12            192  javafx.collections.FXCollections$UnmodifiableObservableListImpl$$Lambda$3745/0x0000000802174440 (javafx.base@11.0.7)
3070:            12            192  javafx.collections.WeakListChangeListener (javafx.base@11.0.7)
3071:             3            192  javafx.scene.Node$MiscProperties (javafx.graphics@11.0.7)
3072:             8            192  javafx.scene.layout.Region$InsetsProperty (javafx.graphics@11.0.7)
3073:            12            192  javassist.ClassClassPath
3074:             8            192  javax.swing.DropMode (java.desktop@11.0.7)
3075:             3            192  javax.swing.JRootPane$1 (java.desktop@11.0.7)
3076:             3            192  javax.swing.UIDefaults (java.desktop@11.0.7)
3077:            12            192  javax.swing.plaf.basic.BasicComboBoxUI$Actions (java.desktop@11.0.7)
3078:             6            192  jdk.internal.reflect.UnsafeStaticIntegerFieldAccessorImpl (java.base@11.0.7)
3079:             8            192  kotlin.reflect.jvm.internal.impl.builtins.jvm.JavaToKotlinClassMap$PlatformMutabilityMapping
3080:             8            192  kotlin.reflect.jvm.internal.impl.builtins.jvm.JavaToKotlinClassMap$PlatformMutabilityMapping
3081:             8            192  kotlin.reflect.jvm.internal.impl.protobuf.LazyStringArrayList
3082:             8            192  kotlin.reflect.jvm.internal.impl.protobuf.UnmodifiableLazyStringList
3083:             8            192  kotlin.reflect.jvm.internal.impl.serialization.deserialization.descriptors.DeserializedMemberScope$classNames$2
3084:             8            192  kotlin.reflect.jvm.internal.impl.serialization.deserialization.descriptors.DeserializedMemberScope$functionNamesLazy$2
3085:             8            192  kotlin.reflect.jvm.internal.impl.serialization.deserialization.descriptors.DeserializedMemberScope$functions$1
3086:             8            192  kotlin.reflect.jvm.internal.impl.serialization.deserialization.descriptors.DeserializedMemberScope$properties$1
3087:             8            192  kotlin.reflect.jvm.internal.impl.serialization.deserialization.descriptors.DeserializedMemberScope$typeAliasByName$1
3088:             8            192  kotlin.reflect.jvm.internal.impl.serialization.deserialization.descriptors.DeserializedMemberScope$variableNamesLazy$2
3089:             6            192  morfologik.speller.HMatrix
3090:             8            192  org.antlr.v4.runtime.misc.Interval
3091:             6            192  org.apache.xerces.impl.xpath.regex.Token$ClosureToken
3092:             4            192  org.apache.xerces.impl.xs.SchemaGrammar$BuiltinAttrDecl
3093:             1            192  org.apache.xerces.parsers.XIncludeAwareParserConfiguration
3094:             8            192  org.intellij.plugins.markdown.lang.stubs.impl.MarkdownHeaderStubElementType
3095:             8            192  org.jdom.Namespace
3096:             8            192  org.jdom.output.LineSeparator
3097:             6            192  org.jetbrains.idea.maven.execution.MavenExecutionOptions$LoggingLevel
3098:             4            192  org.jetbrains.idea.svn.SvnOptionsTopHitProvider$1
3099:             8            192  org.jetbrains.kotlin.builtins.jvm.JavaToKotlinClassMap$PlatformMutabilityMapping
3100:             8            192  org.jetbrains.kotlin.idea.inspections.NamingRule
3101:             8            192  org.jetbrains.kotlin.kdoc.lexer.KDocToken
3102:             8            192  org.jetbrains.kotlin.platform.jvm.JdkPlatform
3103:             4            192  org.jetbrains.kotlin.tools.projectWizard.core.entity.InternalSetting
3104:             8            192  org.jetbrains.plugins.textmate.Constants$StringKey
3105:            12            192  org.languagetool.rules.en.date.FutureDateFilter
3106:             8            192  org.languagetool.tagging.disambiguation.rules.DisambiguationPatternRule$DisambiguatorAction
3107:             8            192  org.zmlx.hg4idea.HgFileStatusEnum
3108:             2            192  sun.font.CCompositeFont (java.desktop@11.0.7)
3109:             8            192  sun.font.GlyphLayout$SDCache$SDKey (java.desktop@11.0.7)
3110:             2            192  sun.java2d.opengl.CGLSurfaceData$CGLLayerSurfaceData (java.desktop@11.0.7)
3111:             2            192  sun.nio.ch.ServerSocketChannelImpl (java.base@11.0.7)
3112:             8            192  sun.rmi.transport.ObjectEndpoint (java.rmi@11.0.7)
3113:             2            192  sun.security.provider.Sun (java.base@11.0.7)
3114:             6            192  sun.security.ssl.EphemeralKeyManager$EphemeralKeyPair (java.base@11.0.7)
3115:             6            192  sun.security.ssl.SSLKeyExchange$T12KeyAgreement (java.base@11.0.7)
3116:             6            192  sun.security.ssl.SSLSessionContextImpl (java.base@11.0.7)
3117:             8            192  sun.text.bidi.BidiBase$ImpTabPair (java.base@11.0.7)
3118:             6            192  sun.util.locale.provider.LocaleResources (java.base@11.0.7)
3119:             1            184  [Lcom.intellij.psi.codeStyle.LanguageCodeStyleSettingsProvider;
3120:             9            184  [Ljava.security.CodeSigner; (java.base@11.0.7)
3121:             2            184  [Lorg.jetbrains.kotlin.idea.inspections.collections.AbstractCallChainChecker$Conversion;
3122:             2            176  [Lcom.intellij.grazie.detector.model.LanguageISO;
3123:             3            176  [Lcom.sun.beans.util.Cache$CacheEntry; (java.desktop@11.0.7)
3124:             2            176  [Lsun.font.TrueTypeFont$DirectoryEntry; (java.desktop@11.0.7)
3125:            11            176  com.intellij.diagram.EmptyDiagramVisibilityManager
3126:             2            176  com.intellij.execution.junit.JUnitConfiguration$Data
3127:             1            176  com.intellij.ide.projectView.impl.ProjectViewImpl
3128:            11            176  com.intellij.javascript.nodejs.interpreter.NodeJsInterpreterRef
3129:            11            176  com.intellij.openapi.editor.colors.impl.TextAttributesReader
3130:             2            176  com.intellij.openapi.module.impl.ModuleManagerComponent
3131:             2            176  com.intellij.ui.layout.migLayout.MigLayoutBuilder$build$1
3132:            11            176  com.intellij.ws.references.WSReferenceContributor$MyReferenceProviderWrapper
3133:             2            176  com.jetbrains.plugins.webDeployment.config.PublishConfig$State
3134:             2            176  com.theoryinpractice.testng.model.TestData
3135:            11            176  java.text.NumberFormat$Field (java.base@11.0.7)
3136:             2            176  javax.swing.JLabel$AccessibleJLabel (java.desktop@11.0.7)
3137:             1            176  org.apache.xerces.impl.dtd.XMLDTDValidator
3138:             1            176  org.apache.xerces.impl.dtd.XMLNSDTDValidator
3139:            11            176  org.apache.xerces.impl.xs.util.XInt
3140:            11            176  org.jetbrains.kotlin.psi.UserDataProperty
3141:             1            176  sun.font.CFontManager (java.desktop@11.0.7)
3142:             7            168  [Lcom.apple.laf.AquaKeyBindings$BindingsProvider; (java.desktop@11.0.7)
3143:             5            168  [Lcom.intellij.ide.ui.search.BooleanOptionDescription;
3144:             6            168  [Ljavafx.scene.layout.BackgroundFill; (javafx.graphics@11.0.7)
3145:             1            168  [[Ljava.math.BigInteger; (java.base@11.0.7)
3146:             7            168  com.android.sdklib.AndroidVersion
3147:             7            168  com.apple.laf.AquaKeyBindings$LateBoundInputMap (java.desktop@11.0.7)
3148:             7            168  com.fasterxml.jackson.annotation.JsonInclude$Include
3149:             7            168  com.intellij.database.plan.ui.PlanView$MyColumnInfo
3150:             3            168  com.intellij.execution.configurations.RunConfigurationOptions
3151:             7            168  com.intellij.execution.services.ServiceEventListener$EventType
3152:             7            168  com.intellij.ide.scopeView.NamedScopeFilter
3153:             7            168  com.intellij.ide.util.newProjectWizard.OldFrameworkSupportProviderWrapper
3154:             7            168  com.intellij.ide.util.newProjectWizard.OldFrameworkSupportProviderWrapper$FrameworkSupportProviderBasedType
3155:             3            168  com.intellij.openapi.actionSystem.EmptyActionGroup
3156:             7            168  com.intellij.openapi.actionSystem.impl.ActionToolbarImpl$6
3157:             7            168  com.intellij.openapi.externalSystem.service.project.manage.ExternalSystemTaskActivator$Phase
3158:             7            168  com.intellij.openapi.util.JDOMExternalizableStringList
3159:             7            168  com.intellij.openapi.util.Pair
3160:             7            168  com.intellij.patterns.PsiBinaryExpressionPattern
3161:             7            168  com.intellij.patterns.compiler.PatternCompilerImpl
3162:             3            168  com.intellij.psi.css.codeStyle.CssCodeStyleSettings
3163:             7            168  com.intellij.psi.impl.PsiManagerImpl$$Lambda$1649/0x00000008016e3c40
3164:             7            168  com.intellij.psi.impl.smartPointers.Identikit$ByType
3165:             3            168  com.intellij.ui.OffsetIcon
3166:             7            168  com.intellij.util.containers.ConcurrentFactoryMap$3
3167:             7            168  com.intellij.util.containers.ConcurrentWeakValueHashMap
3168:             7            168  com.intellij.util.containers.ContainerUtil$$Lambda$1912/0x00000008018b7c40
3169:             7            168  com.intellij.util.containers.Stack
3170:             3            168  com.intellij.util.io.Page
3171:             7            168  com.intellij.util.ui.BaseButtonBehavior$MyMouseListener
3172:             7            168  com.intellij.ws.utils.WsReferenceProvidersHelper$1
3173:             7            168  com.sun.javafx.css.StyleCache$Key (javafx.graphics@11.0.7)
3174:             7            168  com.sun.javafx.font.OpenTypeGlyphMapper (javafx.graphics@11.0.7)
3175:             1            168  com.sun.prism.es2.ES2Context (javafx.graphics@11.0.7)
3176:             7            168  de.plushnikov.intellij.plugin.language.psi.LombokConfigTokenType
3177:             7            168  git4idea.history.GitChangeType
3178:             7            168  git4idea.log.GitRefManager$RefType
3179:             7            168  java.lang.System$Logger$Level (java.base@11.0.7)
3180:             3            168  java.net.SocketPermission (java.base@11.0.7)
3181:             7            168  java.time.DayOfWeek (java.base@11.0.7)
3182:             7            168  java.time.ZoneOffset (java.base@11.0.7)
3183:             7            168  java.util.Comparator$$Lambda$2282/0x0000000801a25840 (java.base@11.0.7)
3184:             3            168  java.util.concurrent.ConcurrentHashMap$ValueIterator (java.base@11.0.7)
3185:             7            168  javafx.scene.CssStyleHelper (javafx.graphics@11.0.7)
3186:             3            168  javafx.scene.layout.BorderWidths (javafx.graphics@11.0.7)
3187:             7            168  javax.swing.text.html.StyleSheet$SearchBuffer (java.desktop@11.0.7)
3188:             7            168  kotlin.UnsafeLazyImpl
3189:             7            168  kotlin.reflect.jvm.internal.KMutableProperty2Impl$_setter$1
3190:             7            168  kotlin.reflect.jvm.internal.KPackageImpl
3191:             7            168  kotlin.reflect.jvm.internal.KPackageImpl$data$1
3192:             7            168  kotlin.reflect.jvm.internal.KProperty2Impl$_getter$1
3193:             7            168  kotlin.reflect.jvm.internal.KProperty2Impl$delegateField$1
3194:             7            168  kotlin.reflect.jvm.internal.impl.metadata.ProtoBuf$Class$Kind
3195:             7            168  kotlin.reflect.jvm.internal.impl.metadata.deserialization.NameResolverImpl
3196:             7            168  kotlin.reflect.jvm.internal.impl.serialization.deserialization.DeserializedPackageFragmentImpl$classDataFinder$1
3197:             7            168  kotlin.reflect.jvm.internal.impl.serialization.deserialization.DeserializedPackageFragmentImpl$initialize$1
3198:             7            168  morfologik.fsa.builders.FSABuilder$InfoEntry
3199:             3            168  morfologik.stemming.DictionaryMetadata
3200:             3            168  org.apache.xerces.impl.xs.XSDDescription
3201:             7            168  org.jdom.Content$CType
3202:             3            168  org.jetbrains.idea.maven.utils.MavenMergingUpdateQueue
3203:             7            168  org.jetbrains.kotlin.config.ApiVersion
3204:             7            168  org.jetbrains.kotlin.config.JvmTarget$bytecodeVersion$2
3205:             7            168  org.jetbrains.kotlin.config.MavenComparableVersion
3206:             7            168  org.jetbrains.kotlin.config.MavenComparableVersion$ListItem
3207:             7            168  org.jetbrains.kotlin.ide.konan.psi.NativeDefinitionsElementType
3208:             7            168  org.jetbrains.kotlin.idea.vfilefinder.KotlinFileIndexBase$indexer$1
3209:             7            168  org.jetbrains.kotlin.konan.target.Architecture
3210:             3            168  org.jetbrains.plugins.less.settings.LessCodeStyleSettings
3211:             3            168  org.jetbrains.plugins.sass.settings.SassCodeStyleSettings
3212:             7            168  org.jetbrains.plugins.scala.project.Version$Group
3213:             3            168  org.jetbrains.plugins.scala.testingSupport.test.testdata.ClassTestData
3214:             3            168  org.jetbrains.plugins.scss.settings.ScssCodeStyleSettings
3215:             3            168  org.jetbrains.plugins.stylus.settings.StylusCodeStyleSettings
3216:             7            168  org.jetbrains.plugins.textmate.plist.PlistValueType
3217:             7            168  org.languagetool.language.English$sentenceTokenizer$2
3218:             7            168  org.languagetool.language.English$synthesizer$2
3219:             7            168  scala.collection.immutable.Set$Set2
3220:             7            168  sun.security.x509.NetscapeCertTypeExtension$MapEntry (java.base@11.0.7)
3221:             2            160  [Lcom.android.tools.lint.detector.api.Scope;
3222:             1            160  [Lcom.intellij.ide.TypeIconEP;
3223:             3            160  [Lcom.intellij.openapi.editor.colors.TextAttributesKey;
3224:             2            160  [Lcom.intellij.pom.java.LanguageLevel;
3225:             2            160  [Lcom.intellij.util.containers.ConcurrentLongObjectHashMap$Node;
3226:             2            160  [Ljava.util.concurrent.RunnableScheduledFuture; (java.base@11.0.7)
3227:             3            160  [Ljava.util.logging.Level; (java.logging@11.0.7)
3228:             2            160  [Ljavafx.css.SizeUnits; (javafx.graphics@11.0.7)
3229:             5            160  [[Lsun.awt.FontDescriptor; (java.desktop@11.0.7)
3230:             4            160  com.alibaba.p3c.pmd.I18nResources$XmlResourceBundle
3231:             5            160  com.android.ide.common.repository.GradleCoordinate
3232:             4            160  com.fasterxml.jackson.core.Base64Variant
3233:            10            160  com.google.common.cache.LocalCache$StrongValueReference
3234:            10            160  com.intellij.credentialStore.kdbx.DateValueCreator
3235:             5            160  com.intellij.database.run.actions.ChangePageSizeAction
3236:             5            160  com.intellij.database.run.actions.TransactionAction$IsolationLevelAction
3237:             5            160  com.intellij.database.util.DbImplUtil$StringLiteralDecorator
3238:             5            160  com.intellij.debugger.streams.trace.dsl.impl.DslImpl
3239:            10            160  com.intellij.debugger.streams.trace.dsl.impl.TextExpression
3240:             5            160  com.intellij.diagnostic.VMOptions$MemoryKind
3241:             5            160  com.intellij.execution.services.ServiceViewManagerImpl$ActivateToolWindowByContributorAction
3242:             2            160  com.intellij.find.FindModel
3243:             5            160  com.intellij.ide.TypePresentationServiceImpl$AnnotationBasedTemplate
3244:             4            160  com.intellij.ide.a.c$$Lambda$3341/0x0000000801ecb840
3245:             1            160  com.intellij.ide.actions.SearchEverywhereAction
3246:             5            160  com.intellij.ide.actions.ShowContentAction
3247:             5            160  com.intellij.ide.b.z
3248:             5            160  com.intellij.internal.statistic.collectors.fus.fileTypes.FileTypeUsageCounterCollector$FileTypeUsageSchemaDescriptorEP
3249:            10            160  com.intellij.javaee.run.configuration.J2EEConfigurationType$$Lambda$1345/0x00000008013bf840
3250:             5            160  com.intellij.jpa.JpaDataSourceDetectorBase$$Lambda$2323/0x0000000801a3bc40
3251:             4            160  com.intellij.jpa.actions.AddJpaProviderSupport$1
3252:             4            160  com.intellij.openapi.command.impl.UndoRedoStacksHolder
3253:             5            160  com.intellij.openapi.externalSystem.service.project.wizard.ExternalModuleSettingsStep
3254:             5            160  com.intellij.openapi.fileEditor.impl.text.TextEditorState
3255:             5            160  com.intellij.openapi.progress.EmptyProgressIndicator
3256:             4            160  com.intellij.openapi.roots.impl.libraries.LibraryTableBase$LibraryModel
3257:             5            160  com.intellij.openapi.roots.ui.configuration.SdkComboBoxModel
3258:            10            160  com.intellij.openapi.ui.ComponentValidator$$Lambda$1486/0x00000008008dec40
3259:            10            160  com.intellij.openapi.ui.ComponentValidator$1
3260:             4            160  com.intellij.openapi.wm.impl.content.TabContentLayout
3261:             5            160  com.intellij.patterns.TreeElementPattern$10
3262:             4            160  com.intellij.profiler.api.monitor.CpuAndMemoryDemo$ValueDisplay
3263:             4            160  com.intellij.psi.impl.smartPointers.AnchorElementInfo
3264:             5            160  com.intellij.psi.templateLanguages.TemplateDataElementType
3265:             5            160  com.intellij.ui.IconDeferrerImpl$$Lambda$784/0x0000000800a31c40
3266:            10            160  com.intellij.ui.JBColor$$Lambda$1475/0x00000008014d4440
3267:             4            160  com.intellij.ui.content.tabs.TabbedContentAction$CloseAllAction
3268:             4            160  com.intellij.ui.content.tabs.TabbedContentAction$MyNextTabAction
3269:             4            160  com.intellij.ui.content.tabs.TabbedContentAction$MyPreviousTabAction
3270:             5            160  com.intellij.ui.layout.migLayout.patched.SwingContainerWrapper
3271:             4            160  com.intellij.ui.tree.AsyncTreeModel$CmdGetChildren
3272:             4            160  com.intellij.uiDesigner.actions.SurroundAction
3273:             2            160  com.intellij.uiDesigner.core.GridLayoutManager
3274:             5            160  com.intellij.util.indexing.impl.perFileVersion.PersistentSubIndexerVersionEnumerator
3275:             2            160  com.intellij.util.messages.impl.MessageBusImpl$RootBus
3276:             5            160  com.intellij.vcs.log.graph.utils.impl.SmartDeltaCompressor
3277:             5            160  com.jetbrains.b.a.c
3278:            10            160  com.siyeh.ig.callMatcher.CallMapper$$Lambda$4165/0x0000000800205840
3279:             2            160  com.sun.javafx.text.PrismTextLayout (javafx.graphics@11.0.7)
3280:             5            160  com.sun.org.apache.xerces.internal.util.AugmentationsImpl$SmallContainer (java.xml@11.0.7)
3281:             5            160  com.sun.prism.es2.ES2Shader$ES2ShaderDisposerRecord (javafx.graphics@11.0.7)
3282:             4            160  io.netty.handler.codec.http.DefaultFullHttpResponse
3283:             5            160  io.netty.handler.codec.http.HttpStatusClass
3284:             4            160  java.io.ObjectOutputStream$BlockDataOutputStream (java.base@11.0.7)
3285:             4            160  java.io.ObjectStreamClass$FieldReflector (java.base@11.0.7)
3286:             4            160  java.lang.Process$PipeInputStream (java.base@11.0.7)
3287:             4            160  java.lang.ProcessImpl$ProcessPipeInputStream (java.base@11.0.7)
3288:             5            160  java.lang.invoke.VarHandle$AccessType (java.base@11.0.7)
3289:            10            160  java.security.spec.MGF1ParameterSpec (java.base@11.0.7)
3290:            10            160  java.util.Formatter$Flags (java.base@11.0.7)
3291:            10            160  java.util.Optional (java.base@11.0.7)
3292:             2            160  java.util.concurrent.ScheduledThreadPoolExecutor (java.base@11.0.7)
3293:            10            160  java.util.regex.CharPredicates$$Lambda$1263/0x0000000801122840 (java.base@11.0.7)
3294:             5            160  java.util.stream.Collectors$CollectorImpl (java.base@11.0.7)
3295:             4            160  javafx.geometry.Point3D (javafx.graphics@11.0.7)
3296:             5            160  javax.imageio.spi.SubRegistry (java.desktop@11.0.7)
3297:            10            160  javax.swing.UIDefaults$LazyInputMap (java.desktop@11.0.7)
3298:            10            160  javax.swing.plaf.IconUIResource (java.desktop@11.0.7)
3299:            10            160  javax.swing.plaf.basic.BasicScrollPaneUI$Actions (java.desktop@11.0.7)
3300:             5            160  javax.swing.tree.DefaultMutableTreeNode (java.desktop@11.0.7)
3301:             4            160  javax.xml.catalog.CatalogFeatures$Feature (java.xml@11.0.7)
3302:             4            160  kotlin.reflect.jvm.internal.impl.storage.LockBasedStorageManager$4
3303:             5            160  net.sourceforge.pmd.RulePriority
3304:             5            160  org.apache.log4j.helpers.PatternParser$LiteralPatternConverter
3305:             4            160  org.apache.xerces.impl.dtd.XMLSimpleType
3306:             5            160  org.ini4j.spi.UnicodeInputStreamReader$Bom
3307:             5            160  org.jetbrains.kotlin.config.LanguageVersion
3308:            10            160  org.jetbrains.kotlin.idea.vfilefinder.KotlinFileIndexBase$KEY_DESCRIPTOR$1
3309:             4            160  org.jetbrains.kotlin.psi.stubs.elements.KtPlaceHolderWithTextStubElementType
3310:             5            160  org.jetbrains.kotlin.tools.projectWizard.moduleConfigurators.KotlinTestFramework
3311:            10            160  org.jetbrains.kotlin.tools.projectWizard.settings.version.maven.ComparableVersion$IntItem
3312:            10            160  org.jetbrains.plugins.scala.project.package$ProjectPsiFileExt$$$Lambda$3001/0x0000000801d4f040
3313:             4            160  org.jetbrains.plugins.textmate.bundles.BundleType
3314:             5            160  scala.Enumeration$Val
3315:             4            160  scala.collection.immutable.Map$Map3
3316:             4            160  sun.rmi.server.UnicastServerRef (java.rmi@11.0.7)
3317:             4            160  sun.rmi.transport.StreamRemoteCall (java.rmi@11.0.7)
3318:             4            160  sun.rmi.transport.WeakRef (java.rmi@11.0.7)
3319:            10            160  sun.security.provider.NativePRNG (java.base@11.0.7)
3320:             5            160  sun.security.ssl.ContentType (java.base@11.0.7)
3321:             5            160  sun.security.ssl.X509Authentication (java.base@11.0.7)
3322:             2            160  sun.text.normalizer.NormalizerImpl (java.base@11.0.7)
3323:             5            160  sun.util.locale.provider.LocaleProviderAdapter$Type (java.base@11.0.7)
3324:             6            152  [Lcom.intellij.codeInspection.LocalQuickFix;
3325:             2            152  [Ljava.time.ZoneOffset; (java.base@11.0.7)
3326:             1            152  [Lsun.security.ssl.Alert; (java.base@11.0.7)
3327:             1            152  com.sun.javafx.tk.quantum.QuantumToolkit (javafx.graphics@11.0.7)
3328:             1            152  com.sun.org.apache.xerces.internal.impl.XMLEntityManager (java.xml@11.0.7)
3329:             1            152  org.apache.xerces.impl.XMLDTDScannerImpl
3330:             2            144  [Lcom.android.resources.ResourceFolderType;
3331:             1            144  [Lcom.fasterxml.jackson.core.sym.CharsToNameCanonicalizer$Bucket;
3332:             1            144  [Lcom.fasterxml.jackson.core.sym.CharsToNameCanonicalizer$Bucket;
3333:             1            144  [Lcom.intellij.ide.IconProvider;
3334:             4            144  [Lcom.intellij.uiDesigner.core.GridConstraints;
3335:             1            144  [Lgit4idea.config.GitVersionSpecialty;
3336:             3            144  [Lgit4idea.log.GitRefManager$RefType;
3337:             2            144  [Ljava.awt.Cursor; (java.desktop@11.0.7)
3338:             1            144  [Ljava.lang.invoke.VarHandle$AccessMode; (java.base@11.0.7)
3339:             6            144  [Ljava.util.concurrent.ConcurrentHashMap$CounterCell; (java.base@11.0.7)
3340:             1            144  [Ljava.util.concurrent.ForkJoinTask$ExceptionNode; (java.base@11.0.7)
3341:             2            144  [[D (java.base@11.0.7)
3342:             6            144  apple.laf.JRSUIConstants$PropertyEncoding (java.desktop@11.0.7)
3343:             2            144  com.android.tools.idea.experimental.PermissionUsageInspection
3344:             6            144  com.android.tools.idea.lang.proguard.psi.ProguardElementType
3345:             6            144  com.android.tools.idea.run.TargetSelectionMode
3346:             6            144  com.fasterxml.jackson.annotation.JsonAutoDetect$Visibility
3347:             6            144  com.fasterxml.jackson.core.JsonParser$NumberType
3348:             3            144  com.google.common.cache.LocalCache$StrongAccessEntry
3349:             1            144  com.google.wireless.android.play.playlog.proto.ClientAnalytics$LogEvent
3350:             9            144  com.intellij.codeInsight.hints.SettingsKey
3351:             6            144  com.intellij.codeInspection.java18StreamApi.StaticPseudoFunctionalStyleMethodOptions$PipelineElement
3352:             9            144  com.intellij.debugger.streams.resolve.AllToResultResolver
3353:             3            144  com.intellij.execution.actions.CreateAction
3354:             6            144  com.intellij.find.FindModel$SearchContext
3355:             6            144  com.intellij.grazie.detector.model.alphabet.Alphabet$Group
3356:             9            144  com.intellij.ide.projectView.impl.ProjectViewImpl$$Lambda$3121/0x0000000801dc5840
3357:             6            144  com.intellij.ide.ui.UITheme$PaletteScope
3358:             3            144  com.intellij.ide.util.projectWizard.JavaModuleBuilder
3359:             6            144  com.intellij.lang.PerFileMappingsBase$1
3360:             6            144  com.intellij.lang.javascript.formatter.JSCodeStyleSettings$JSFileNameStyle
3361:             6            144  com.intellij.openapi.editor.actions.CaretStopBoundary
3362:             6            144  com.intellij.openapi.editor.colors.impl.TextAttributesReader$Effect
3363:             6            144  com.intellij.openapi.editor.impl.ComplementaryFontsRegistry$FontKey
3364:             6            144  com.intellij.openapi.editor.impl.MarkupModelImpl$$Lambda$3447/0x0000000801ffa840
3365:             2            144  com.intellij.openapi.fileEditor.impl.EditorWithProviderComposite
3366:             6            144  com.intellij.openapi.fileTypes.WildcardFileNameMatcher
3367:             6            144  com.intellij.openapi.keymap.impl.KeyState
3368:             2            144  com.intellij.openapi.keymap.impl.MacOSDefaultKeymap
3369:             3            144  com.intellij.openapi.module.impl.ModuleManagerImpl$ModuleModelImpl
3370:             3            144  com.intellij.openapi.module.impl.scopes.ModuleWithDependenciesScope
3371:             2            144  com.intellij.openapi.roots.impl.libraries.LibraryImpl
3372:             6            144  com.intellij.openapi.roots.ui.configuration.SdkListModelBuilder$$Lambda$1459/0x00000008014b5440
3373:             6            144  com.intellij.openapi.roots.ui.configuration.SdkListModelBuilder$$Lambda$1460/0x00000008014b4840
3374:             6            144  com.intellij.openapi.util.MultiValuesMap
3375:             6            144  com.intellij.openapi.util.MultiValuesMap$1
3376:             3            144  com.intellij.openapi.util.RecursionManager$CalculationStack
3377:             6            144  com.intellij.openapi.vcs.VcsConfiguration$StandardOption
3378:             6            144  com.intellij.openapi.vcs.VcsShowOptionsSettingImpl
3379:             6            144  com.intellij.openapi.vcs.changes.InvokeAfterUpdateMode
3380:             6            144  com.intellij.openapi.vfs.encoding.EncodingUtil$FailReason
3381:             6            144  com.intellij.openapi.wm.impl.status.widget.StatusBarWidgetWrapper$StatusBarWidgetClickListener
3382:             6            144  com.intellij.patterns.PsiElementPattern$11
3383:             6            144  com.intellij.patterns.PsiJavaPatterns$3
3384:             9            144  com.intellij.psi.ReferenceProviderType$CompositePsiReferenceProvider
3385:             6            144  com.intellij.psi.codeStyle.LanguageCodeStyleSettingsProvider$SettingsType
3386:             6            144  com.intellij.psi.css.impl.stubs.CssStylesheetStubElementType
3387:             3            144  com.intellij.psi.formatter.xml.XmlCodeStyleSettings
3388:             6            144  com.intellij.psi.search.scope.packageSet.NamedScopesHolder$$Lambda$1415/0x0000000801459040
3389:             6            144  com.intellij.ui.TreeExpandableItemsHandler$1
3390:             6            144  com.intellij.ui.TreeExpandableItemsHandler$2
3391:             6            144  com.intellij.ui.TreeExpandableItemsHandler$3
3392:             6            144  com.intellij.ui.TreeExpandableItemsHandler$4
3393:             6            144  com.intellij.ui.components.labels.ActionLink$1
3394:             6            144  com.intellij.ui.layout.CCFlags
3395:             6            144  com.intellij.ui.layout.LCFlags
3396:             2            144  com.intellij.ui.layout.migLayout.MigLayoutBuilder
3397:             6            144  com.intellij.ui.mac.touchbar.BarType
3398:             6            144  com.intellij.ui.popup.AbstractPopup$State
3399:             3            144  com.intellij.ui.tabs.FileColorsOptionsTopHitProvider$Option
3400:             6            144  com.intellij.ui.tree.ui.DefaultTreeUI$2
3401:             6            144  com.intellij.ui.tree.ui.DefaultTreeUI$3
3402:             6            144  com.intellij.util.containers.ConcurrentBitSet
3403:             6            144  com.intellij.util.containers.ConcurrentRefHashMap$HardKey
3404:             3            144  com.intellij.util.containers.SoftHashMap
3405:             6            144  com.intellij.util.io.OpenChannelsCache$ChannelDescriptor
3406:             6            144  com.intellij.util.lang.Resource$Attribute
3407:             6            144  com.intellij.util.lang.Resource$Attribute
3408:             2            144  com.intellij.util.lang.SecureJarLoader
3409:             6            144  com.intellij.util.text.DateFormatUtil$Period
3410:             6            144  com.intellij.util.ui.JBHtmlEditorKit$2
3411:             6            144  com.intellij.util.ui.JBValue$CachedFloat
3412:             3            144  com.intellij.vcs.log.data.index.VcsLogFullDetailsIndex$MyMapIndexStorage
3413:             6            144  com.intellij.vcs.log.impl.VcsUserImpl
3414:             6            144  com.intellij.vfs.AsyncVfsEventsPostProcessorImpl$ListenerAndDisposable
3415:             6            144  com.intellij.vfs.AsyncVfsEventsPostProcessorImpl$addListener$1
3416:             3            144  com.intellij.webcore.libraries.ScriptingLibraryModel
3417:             9            144  com.siyeh.ig.callMatcher.CallMapper
3418:             6            144  com.sun.javafx.UnmodifiableArrayList (javafx.base@11.0.7)
3419:             6            144  com.sun.javafx.binding.ExpressionHelper$SingleChange (javafx.base@11.0.7)
3420:             9            144  com.sun.javafx.collections.VetoableListDecorator$$Lambda$3755/0x0000000802191440 (javafx.base@11.0.7)
3421:             2            144  com.sun.javafx.font.LogicalFont (javafx.graphics@11.0.7)
3422:             3            144  com.sun.javafx.scene.control.inputmap.InputMap$1 (javafx.controls@11.0.7)
3423:             1            144  com.sun.javafx.sg.prism.NGDefaultCamera (javafx.graphics@11.0.7)
3424:             1            144  com.sun.javafx.sg.prism.NGParallelCamera (javafx.graphics@11.0.7)
3425:             3            144  com.sun.prism.BasicStroke (javafx.graphics@11.0.7)
3426:             2            144  com.sun.prism.es2.ES2RTTexture (javafx.graphics@11.0.7)
3427:             2            144  com.sun.prism.es2.ES2Texture (javafx.graphics@11.0.7)
3428:             2            144  com.sun.prism.es2.MacGLContext (javafx.graphics@11.0.7)
3429:             6            144  com.sun.prism.impl.ps.BaseShaderContext$SpecialShaderType (javafx.graphics@11.0.7)
3430:             2            144  freemarker.template.DefaultObjectWrapper
3431:             3            144  git4idea.config.GitOptionsTopHitProvider$2
3432:             1            144  io.netty.buffer.PoolArena$DirectArena
3433:             1            144  io.netty.buffer.PoolArena$HeapArena
3434:             3            144  io.netty.handler.codec.DateFormatter
3435:             9            144  io.netty.handler.codec.http.HttpMethod
3436:             3            144  java.lang.ProcessHandleImpl (java.base@11.0.7)
3437:             6            144  java.lang.Thread$State (java.base@11.0.7)
3438:             2            144  java.lang.invoke.BoundMethodHandle$Species_LLLLLLLLIIL (java.base@11.0.7)
3439:             6            144  java.lang.invoke.StringConcatFactory$Strategy (java.base@11.0.7)
3440:             6            144  java.net.InetAddress (java.base@11.0.7)
3441:             6            144  java.net.InetSocketAddress$InetSocketAddressHolder (java.base@11.0.7)
3442:             9            144  java.rmi.server.Operation (java.rmi@11.0.7)
3443:             3            144  java.time.temporal.JulianFields$Field (java.base@11.0.7)
3444:             6            144  java.util.Collections$SynchronizedCollection (java.base@11.0.7)
3445:             9            144  java.util.Hashtable$EntrySet (java.base@11.0.7)
3446:             9            144  java.util.IdentityHashMap$KeySet (java.base@11.0.7)
3447:             3            144  java.util.TreeMap$AscendingSubMap (java.base@11.0.7)
3448:             3            144  java.util.concurrent.ArrayBlockingQueue (java.base@11.0.7)
3449:             6            144  javafx.beans.property.ReadOnlyBooleanWrapper$ReadOnlyPropertyImpl (javafx.base@11.0.7)
3450:             6            144  javafx.concurrent.Worker$State (javafx.graphics@11.0.7)
3451:             6            144  javafx.scene.CacheHint (javafx.graphics@11.0.7)
3452:             2            144  javafx.scene.Node$NodeTransformation (javafx.graphics@11.0.7)
3453:             3            144  javafx.scene.Scene$ClickCounter (javafx.graphics@11.0.7)
3454:             6            144  javafx.scene.image.PixelFormat$Type (javafx.graphics@11.0.7)
3455:             6            144  javassist.bytecode.ConstantAttribute
3456:             6            144  javassist.bytecode.InnerClassesAttribute
3457:             6            144  javax.net.ssl.SSLEngineResult$HandshakeStatus (java.base@11.0.7)
3458:             6            144  javax.swing.plaf.basic.BasicRootPaneUI$RootPaneInputMap (java.desktop@11.0.7)
3459:             9            144  javax.swing.text.StyleConstants$ParagraphConstants (java.desktop@11.0.7)
3460:             6            144  jdk.internal.perf.PerfCounter (java.base@11.0.7)
3461:             6            144  kotlin.reflect.jvm.internal.impl.descriptors.ClassKind
3462:             2            144  kotlin.reflect.jvm.internal.impl.descriptors.impl.MutableClassDescriptor
3463:             6            144  kotlin.reflect.jvm.internal.impl.load.kotlin.header.KotlinClassHeader$Kind
3464:             6            144  kotlin.reflect.jvm.internal.impl.metadata.ProtoBuf$Visibility
3465:             9            144  kotlin.reflect.jvm.internal.impl.metadata.deserialization.TypeTable
3466:             6            144  morfologik.fsa.FSAFlags
3467:             6            144  morfologik.fsa.MatchResult
3468:             6            144  net.jpountz.lz4.LZ4FrameOutputStream$FLG$Bits
3469:             6            144  org.antlr.v4.runtime.misc.IntervalSet
3470:             1            144  org.apache.xerces.parsers.DOMParser
3471:             9            144  org.apache.xerces.util.AugmentationsImpl
3472:             6            144  org.cef.CefApp$CefAppState
3473:             6            144  org.intellij.lang.xpath.xslt.impl.XsltChecker$State
3474:             3            144  org.jetbrains.android.actions.CreateTypedResourceFileAction
3475:             6            144  org.jetbrains.idea.devkit.inspections.RegistrationCheckerUtil$RegistrationType
3476:             6            144  org.jetbrains.idea.maven.model.MavenId
3477:             6            144  org.jetbrains.idea.svn.api.Depth
3478:             6            144  org.jetbrains.kotlin.tools.projectWizard.phases.GenerationPhase
3479:             3            144  org.jetbrains.kotlin.tools.projectWizard.settings.buildsystem.Module
3480:             2            144  org.jetbrains.osgi.bnd.run.BndRunConfigurationOptions
3481:             6            144  org.jetbrains.plugins.groovy.lang.psi.patterns.GroovyElementPattern$Capture
3482:             9            144  org.jetbrains.plugins.scala.codeInspection.collections.package$$$Lambda$4171/0x0000000800170840
3483:             2            144  org.jetbrains.plugins.scala.externalHighlighters.CustomTrafficLightRendererContributor$$anon$1
3484:             2            144  org.languagetool.language.BritishEnglish
3485:             2            144  org.languagetool.language.CanadianEnglish
3486:             6            144  org.languagetool.rules.patterns.Match$CaseConversion
3487:             6            144  org.languagetool.rules.spelling.morfologik.MorfologikSpeller
3488:             1            144  org.owasp.html.HtmlElementTables
3489:             6            144  org.owasp.html.HtmlElementTables$TextContentModelBit
3490:             6            144  org.owasp.html.HtmlTextEscapingMode
3491:             1            144  org.zmlx.hg4idea.HgVcs
3492:             6            144  sun.awt.OSInfo$OSType (java.desktop@11.0.7)
3493:             3            144  sun.awt.SoftCache$ValueCell (java.desktop@11.0.7)
3494:             3            144  sun.java2d.loops.DrawGlyphList$General (java.desktop@11.0.7)
3495:             3            144  sun.java2d.loops.DrawGlyphListAA$General (java.desktop@11.0.7)
3496:             6            144  sun.lwawt.LWWindowPeer$PeerType (java.desktop@11.0.7)
3497:             3            144  sun.lwawt.macosx.CInputMethod (java.desktop@11.0.7)
3498:             3            144  sun.nio.ch.IOVecWrapper (java.base@11.0.7)
3499:             6            144  sun.security.provider.certpath.X509CertPath (java.base@11.0.7)
3500:             6            144  sun.security.util.DisabledAlgorithmConstraints$Constraint$Operator (java.base@11.0.7)
3501:             3            136  [Lcom.intellij.codeInsight.intention.numeric.NumberConverter;
3502:             3            136  [Lcom.intellij.codeInspection.naming.NamingConvention;
3503:             1            136  [Lcom.intellij.database.DbmsExtension$Bean;
3504:             1            136  [Lcom.intellij.database.DbmsExtension$InstanceBean;
3505:             1            136  [Lcom.intellij.javaee.StandardResourceProvider;
3506:             2            136  [Lcom.intellij.ui.AnimatedIcon$Frame;
3507:             2            136  [Lgit4idea.history.GitLogParser$GitLogOption;
3508:             1            136  [Ljava.time.temporal.ChronoField; (java.base@11.0.7)
3509:             1            136  [Ljavafx.scene.Node; (javafx.graphics@11.0.7)
3510:             1            136  [Lorg.apache.xerces.impl.dv.xs.TypeValidator;
3511:             4            136  [Lsun.invoke.util.ValueConversions$WrapperCache; (java.base@11.0.7)
3512:             1            136  com.sun.javafx.stage.EmbeddedWindow (javafx.graphics@11.0.7)
3513:             1            136  git4idea.config.GitVcsOptions
3514:             1            136  org.jetbrains.plugins.cucumber.java.run.CucumberJavaConfigurationOptions
3515:             1            136  sun.security.pkcs11.SunPKCS11 (jdk.crypto.cryptoki@11.0.7)
3516:             2            128  [Lcom.intellij.openapi.util.ClassExtensionPoint;
3517:             4            128  [Lcom.intellij.openapi.util.Pair;
3518:             2            128  [Lcom.intellij.openapi.vfs.impl.local.NativeFileWatcherImpl$WatcherOp;
3519:             1            128  [Lcom.intellij.psi.PsiElementFinder;
3520:             2            128  [Lcom.intellij.util.KeyedLazyInstanceEP;
3521:             3            128  [Lcom.intellij.util.descriptors.ConfigFileVersion;
3522:             3            128  [Lcom.intellij.vcs.log.VcsRefType;
3523:             2            128  [Ljava.time.Month; (java.base@11.0.7)
3524:             4            128  [Lkotlin.reflect.KClass;
3525:             2            128  [Lorg.intellij.lang.regexp.psi.RegExpGroup$Type;
3526:             2            128  [Lorg.jdom.AttributeType;
3527:             1            128  [Lorg.languagetool.rules.ITSIssueType;
3528:             2            128  [Lsun.awt.image.BufferedImageGraphicsConfig; (java.desktop@11.0.7)
3529:             4            128  [Lsun.nio.fs.NativeBuffer; (java.base@11.0.7)
3530:             4            128  apple.laf.JRSUIConstants$Size (java.desktop@11.0.7)
3531:             8            128  com.apple.laf.AquaKeyBindings$SimpleBinding (java.desktop@11.0.7)
3532:             8            128  com.google.common.collect.SingletonImmutableList
3533:             1            128  com.intellij.cloudConfig.CloudConfigManager
3534:             8            128  com.intellij.codeInspection.naming.AbstractNamingConventionInspection$1
3535:             4            128  com.intellij.configurationStore.TrackingPathMacroSubstitutorImpl
3536:             4            128  com.intellij.database.csv.CsvRecordFormat$Quotes
3537:             4            128  com.intellij.database.csv.PersistentCsvFormat$Quotes
3538:             4            128  com.intellij.database.plan.ui.PlanFlameGraphsGroup$PlanFlameGraphsAction
3539:             8            128  com.intellij.debugger.streams.resolve.CollapseResolver
3540:             4            128  com.intellij.dvcs.branch.BranchStorage
3541:             4            128  com.intellij.execution.ExecutorRegistryImpl$ExecutorAction
3542:             4            128  com.intellij.execution.dashboard.actions.RunDashboardFilterActionGroup$RunDashboardStatusFilterToggleAction
3543:             8            128  com.intellij.ide.highlighter.custom.impl.CustomFileTypeQuoteHandler
3544:             8            128  com.intellij.ide.highlighter.custom.impl.StandardFileTypeRegistrar$MyCommenter
3545:             4            128  com.intellij.ide.impl.DataManagerImpl$MyDataContext
3546:             2            128  com.intellij.ide.ui.UITheme
3547:             4            128  com.intellij.lang.javascript.formatter.JSCodeStyleSettings$JSXAttributeValuePresentation
3548:             4            128  com.intellij.lang.javascript.types.TypeScriptEmbeddedContentElementType
3549:             4            128  com.intellij.openapi.WeakReferenceDisposableWrapper
3550:             4            128  com.intellij.openapi.actionSystem.PressureShortcut
3551:             2            128  com.intellij.openapi.command.impl.UndoManagerImpl
3552:             8            128  com.intellij.openapi.components.ServiceManager$$Lambda$1409/0x0000000801413840
3553:             2            128  com.intellij.openapi.editor.colors.impl.DefaultColorsScheme
3554:             2            128  com.intellij.openapi.editor.colors.impl.EditorColorsManagerImpl$BundledScheme
3555:             4            128  com.intellij.openapi.editor.ex.util.EditorScrollingPositionKeeper
3556:             2            128  com.intellij.openapi.editor.impl.EditorImpl$MyColorSchemeDelegate
3557:             2            128  com.intellij.openapi.editor.impl.EditorMarkupModelImpl$EditorFragmentRenderer
3558:             2            128  com.intellij.openapi.editor.impl.SoftWrapModelImpl
3559:             2            128  com.intellij.openapi.editor.impl.softwrap.mapping.SoftWrapApplianceManager
3560:             4            128  com.intellij.openapi.externalSystem.model.settings.LocationSettingType
3561:             4            128  com.intellij.openapi.fileTypes.impl.FileTypeAssocTable
3562:             4            128  com.intellij.openapi.roots.DependencyScope
3563:             4            128  com.intellij.openapi.ui.MasterDetailsComponent$MyRootNode
3564:             4            128  com.intellij.openapi.updateSettings.impl.ChannelStatus
3565:             4            128  com.intellij.openapi.vcs.StartedActivated$MySection
3566:             1            128  com.intellij.openapi.vcs.VcsConfiguration
3567:             4            128  com.intellij.openapi.wm.impl.ToolWindowManagerImpl$ToolWindowFocusWatcher
3568:             4            128  com.intellij.openapi.wm.impl.content.TabContentLayout$1
3569:             4            128  com.intellij.openapi.wm.impl.content.ToolWindowContentUi$1
3570:             2            128  com.intellij.psi.impl.PsiDocumentManagerImpl
3571:             2            128  com.intellij.remoteServer.impl.configuration.deployment.DeployToServerRunConfiguration
3572:             2            128  com.intellij.spring.boot.run.SpringBootApplicationRunConfiguration$SpringBootApplicationRunConfigurationBean
3573:             4            128  com.intellij.spring.persistence.integration.utils.SpringDataSourceDetector$$Lambda$2324/0x0000000801a3b440
3574:             1            128  com.intellij.ui.TableToolbarDecorator
3575:             2            128  com.intellij.ui.components.ComponentsKt$installFileCompletionAndBrowseDialog$1
3576:             8            128  com.intellij.ui.components.labels.LinkLabel$2
3577:             8            128  com.intellij.ui.components.labels.LinkLabel$3
3578:             8            128  com.intellij.ui.components.labels.LinkLabel$MyMouseHandler
3579:             2            128  com.intellij.ui.layout.SpacingConfigurationKt$createIntelliJSpacingConfiguration$1
3580:             4            128  com.intellij.ui.navigation.History
3581:             2            128  com.intellij.ui.tabs.impl.ActionPanel$1
3582:             2            128  com.intellij.ui.tabs.impl.TabLabel$MyTabLabelLayout
3583:             8            128  com.intellij.util.containers.MultiMap$1
3584:             8            128  com.intellij.util.containers.StringInterner
3585:             4            128  com.intellij.util.io.BaseInputStreamReader
3586:             4            128  com.intellij.util.pico.DefaultPicoContainer
3587:             2            128  com.intellij.webcore.libraries.ScriptingLibraryMappings$CompoundLibrary
3588:             1            128  com.sun.javafx.sg.prism.web.NGWebView (javafx.web@11.0.7)
3589:             4            128  com.sun.jna.Library$Handler
3590:             4            128  com.sun.prism.impl.GlyphCache (javafx.graphics@11.0.7)
3591:             4            128  com.sun.prism.paint.Paint$Type (javafx.graphics@11.0.7)
3592:             8            128  com.sun.proxy.$Proxy47
3593:             8            128  com.sun.proxy.jdk.proxy1.$Proxy2 (jdk.proxy1@)
3594:             4            128  com.sun.scenario.effect.Color4f (javafx.graphics@11.0.7)
3595:             4            128  freemarker.ext.beans.BooleanModel
3596:             4            128  git4idea.repo.GitRemote
3597:             2            128  io.netty.buffer.UnpooledByteBufAllocator$InstrumentedUnpooledUnsafeDirectByteBuf
3598:             2            128  io.netty.channel.ChannelOutboundBuffer
3599:             2            128  io.netty.channel.DefaultChannelPipeline$HeadContext
3600:             2            128  io.netty.channel.socket.nio.NioServerSocketChannel$NioServerSocketChannelConfig
3601:             8            128  io.netty.handler.codec.http.DefaultHttpHeaders
3602:             4            128  io.netty.util.concurrent.DefaultPromise
3603:             2            128  java.awt.color.ICC_ColorSpace (java.desktop@11.0.7)
3604:             2            128  java.io.ExpiringCache$1 (java.base@11.0.7)
3605:             4            128  java.io.ObjectInputStream$HandleTable (java.base@11.0.7)
3606:             4            128  java.io.ObjectInputStream$PeekInputStream (java.base@11.0.7)
3607:             4            128  java.lang.ProcessImpl$Platform (java.base@11.0.7)
3608:             4            128  java.lang.invoke.VarHandleLongs$FieldInstanceReadWrite (java.base@11.0.7)
3609:             4            128  java.security.spec.PSSParameterSpec (java.base@11.0.7)
3610:             8            128  java.util.concurrent.CountDownLatch (java.base@11.0.7)
3611:             8            128  javafx.css.converter.EnumConverter (javafx.graphics@11.0.7)
3612:             4            128  javafx.scene.Scene$TouchGesture (javafx.graphics@11.0.7)
3613:             2            128  javafx.scene.effect.DropShadow (javafx.graphics@11.0.7)
3614:             8            128  javafx.scene.input.DataFormat (javafx.graphics@11.0.7)
3615:             8            128  javafx.scene.layout.Region$$Lambda$3786/0x00000008021d4440 (javafx.graphics@11.0.7)
3616:             2            128  javax.swing.MultiUIDefaults (java.desktop@11.0.7)
3617:             8            128  javax.swing.plaf.basic.BasicTableHeaderUI$Actions (java.desktop@11.0.7)
3618:             2            128  javax.swing.table.TableColumn (java.desktop@11.0.7)
3619:             4            128  javax.swing.text.DefaultEditorKit$VerticalPageAction (java.desktop@11.0.7)
3620:             4            128  javax.swing.text.JTextComponent$DefaultKeymap (java.desktop@11.0.7)
3621:             4            128  jdk.internal.reflect.UnsafeStaticBooleanFieldAccessorImpl (java.base@11.0.7)
3622:             2            128  kotlin.reflect.jvm.internal.KMutableProperty0Impl
3623:             4            128  kotlin.reflect.jvm.internal.impl.builtins.functions.FunctionClassDescriptor$Kind
3624:             4            128  kotlin.reflect.jvm.internal.impl.builtins.functions.FunctionClassDescriptor$Kind
3625:             2            128  kotlin.reflect.jvm.internal.impl.descriptors.impl.TypeParameterDescriptorImpl
3626:             2            128  org.apache.xerces.impl.xpath.regex.RegularExpression
3627:             4            128  org.apache.xerces.util.XMLResourceIdentifierImpl
3628:             2            128  org.intellij.markdown.flavours.gfm.lexer._GFMLexer
3629:             4            128  org.jetbrains.idea.maven.execution.MavenExecutionOptions$FailureMode
3630:             2            128  org.jetbrains.idea.maven.indices.MavenIndex
3631:             8            128  org.jetbrains.jps.model.JpsElementChildRole
3632:             4            128  org.jetbrains.kotlin.builtins.functions.FunctionClassDescriptor$Kind
3633:             8            128  org.jetbrains.kotlin.diagnostics.PositioningStrategies$modifierSetPosition$1
3634:             4            128  org.jetbrains.kotlin.idea.intentions.ConvertToScopeIntention$ScopeFunction
3635:             8            128  org.jetbrains.kotlin.idea.run.MultiplatformTestTasksChooser
3636:             4            128  org.jetbrains.kotlin.tools.projectWizard.SettingsOwner$dropDownSetting$2
3637:             4            128  org.jetbrains.kotlin.tools.projectWizard.settings.buildsystem.Sourceset
3638:             1            128  org.jetbrains.plugins.scala.lang.psi.impl.ScalaPsiManager
3639:             2            128  org.languagetool.rules.ReadabilityRule
3640:             8            128  org.languagetool.rules.en.date.DateCheckFilter
3641:             1            128  org.languagetool.rules.en.speller.MorfologikAmericanSpellerRule
3642:             2            128  sun.awt.im.InputMethodContext (java.desktop@11.0.7)
3643:             2            128  sun.font.CoreMetrics (java.desktop@11.0.7)
3644:             8            128  sun.java2d.loops.RenderCache (java.desktop@11.0.7)
3645:             2            128  sun.java2d.opengl.OGLAnyCompositeBlit (java.desktop@11.0.7)
3646:             2            128  sun.lwawt.macosx.CPlatformResponder (java.desktop@11.0.7)
3647:             4            128  sun.nio.fs.NativeBuffer (java.base@11.0.7)
3648:             8            128  sun.rmi.transport.Transport$$Lambda$1738/0x0000000801766040 (java.rmi@11.0.7)
3649:             4            128  sun.rmi.transport.Transport$1 (java.rmi@11.0.7)
3650:             2            128  sun.security.provider.SHA2$SHA256 (java.base@11.0.7)
3651:             2            128  sun.security.provider.SHA5$SHA512 (java.base@11.0.7)
3652:             4            128  sun.security.ssl.Finished$VerifyDataScheme (java.base@11.0.7)
3653:             8            128  sun.security.ssl.SSLKeyExchange$T13KeyAgreement (java.base@11.0.7)
3654:             4            128  sun.security.ssl.SSLTrafficKeyDerivation (java.base@11.0.7)
3655:             4            128  sun.security.x509.ExtendedKeyUsageExtension (java.base@11.0.7)
3656:             8            128  sun.swing.StringUIClientPropertyKey (java.desktop@11.0.7)
3657:             8            128  tech.units.indriya.quantity.QuantityDimension
3658:             5            120  [Lcom.intellij.lang.Language;
3659:             5            120  [Lcom.intellij.openapi.fileEditor.impl.text.TextEditorState$CaretState;
3660:             3            120  [Lcom.sun.javafx.font.CharToGlyphMapper; (javafx.graphics@11.0.7)
3661:             3            120  [Lcom.sun.javafx.font.FontStrike; (javafx.graphics@11.0.7)
3662:             1            120  [Ljava.awt.SystemColor; (java.desktop@11.0.7)
3663:             3            120  [Ljava.lang.invoke.LambdaForm$BasicType; (java.base@11.0.7)
3664:             5            120  [Ljava.util.HashMap; (java.base@11.0.7)
3665:             3            120  [Ljavafx.beans.InvalidationListener; (javafx.base@11.0.7)
3666:             3            120  [Ljavafx.beans.value.ChangeListener; (javafx.base@11.0.7)
3667:             3            120  [Lorg.jetbrains.kotlin.tools.projectWizard.moduleConfigurators.KotlinTestFramework;
3668:             2            120  [[Z (java.base@11.0.7)
3669:             5            120  com.android.tools.lint.detector.api.Severity
3670:             5            120  com.apple.laf.AquaUtilControlSize$SizeDescriptor (java.desktop@11.0.7)
3671:             5            120  com.fasterxml.jackson.annotation.Nulls
3672:             5            120  com.fasterxml.jackson.databind.util.LRUMap
3673:             5            120  com.google.common.collect.ImmutableMapEntry$NonTerminalImmutableMapEntry
3674:             5            120  com.google.gson.internal.bind.TypeAdapters$33
3675:             5            120  com.google.wireless.android.sdk.stats.AndroidStudioEvent$IdeBrand
3676:             3            120  com.intellij.application.options.editor.EditorCloseButtonPositionKt$asOptionDescriptor$1
3677:             5            120  com.intellij.codeInsight.hint.TooltipGroup
3678:             5            120  com.intellij.codeInspection.java18StreamApi.PseudoLambdaReplaceTemplate
3679:             5            120  com.intellij.concurrency.ConcurrentHashMap$KeySetView
3680:             3            120  com.intellij.database.DbmsExtension
3681:             5            120  com.intellij.database.data.types.domain.LikeOpType
3682:             5            120  com.intellij.database.debugger.SqlDebugSessionRunner$SqlDebugAvailability
3683:             5            120  com.intellij.database.run.ReservedCellValue
3684:             5            120  com.intellij.database.util.Case
3685:             5            120  com.intellij.debugger.streams.trace.impl.handler.type.GenericTypeImpl
3686:             1            120  com.intellij.execution.application.JvmMainMethodRunConfigurationOptions
3687:             1            120  com.intellij.execution.scratch.JavaScratchConfigurationOptions
3688:             5            120  com.intellij.extapi.psi.ASTWrapperPsiElement
3689:             3            120  com.intellij.find.findUsages.JavaClassFindUsagesOptions
3690:             3            120  com.intellij.find.findUsages.JavaMethodFindUsagesOptions
3691:             5            120  com.intellij.grazie.grammar.strategy.GrammarCheckingStrategy$TextDomain
3692:             5            120  com.intellij.ide.TypePresentationServiceImpl$AnnotationBasedTemplate$1
3693:             5            120  com.intellij.ide.TypePresentationServiceImpl$AnnotationBasedTemplate$2
3694:             5            120  com.intellij.ide.actions.ToolWindowViewModeAction$ViewMode
3695:             3            120  com.intellij.ide.browsers.BrowserFamily
3696:             5            120  com.intellij.ide.plugins.IdeaPluginDescriptorImpl$OS
3697:             3            120  com.intellij.ide.ui.SystemOptionsTopHitProvider$1
3698:             5            120  com.intellij.internal.ml.completion.JarCompletionModelProvider$lazyModel$2
3699:             5            120  com.intellij.jpa.ql.JpqlLanguage$4
3700:             5            120  com.intellij.jpa.ql.QlFileType
3701:             3            120  com.intellij.json.formatter.JsonCodeStyleSettings
3702:             5            120  com.intellij.lang.javascript.index.JSPackageIndexInfo$Kind
3703:             5            120  com.intellij.lang.javascript.uml.FlashUmlDependenciesSettingsOption
3704:             5            120  com.intellij.openapi.application.ImportOldConfigsUsagesCollector$ImportOldConfigType
3705:             5            120  com.intellij.openapi.components.ServiceDescriptor$PreloadMode
3706:             5            120  com.intellij.openapi.editor.EditorKind
3707:             5            120  com.intellij.openapi.editor.ScrollType
3708:             5            120  com.intellij.openapi.editor.impl.DisplayedFoldingAnchor$Type
3709:             5            120  com.intellij.openapi.editor.impl.EditorImpl$$Lambda$3435/0x0000000801ffd840
3710:             3            120  com.intellij.openapi.editor.impl.FontInfo
3711:             3            120  com.intellij.openapi.fileEditor.impl.IdeDocumentHistoryImpl$PlaceInfo
3712:             5            120  com.intellij.openapi.roots.ui.configuration.SdkComboBox$ModelReloadProvider
3713:             5            120  com.intellij.openapi.roots.ui.configuration.SdkComboBoxModel$Companion$createJdkComboBoxModel$noJavaSdkTypes$1
3714:             5            120  com.intellij.openapi.roots.ui.configuration.SdkComboBoxModel$Companion$createJdkComboBoxModel$sdkTypeCreationFilter$1
3715:             5            120  com.intellij.openapi.util.ClearableLazyValue$2
3716:             5            120  com.intellij.openapi.util.KeyWithDefaultValue$2
3717:             5            120  com.intellij.openapi.util.Trinity
3718:             3            120  com.intellij.openapi.util.io.FileAttributes
3719:             3            120  com.intellij.openapi.vcs.configurable.VcsOptionsTopHitProvider$3
3720:             5            120  com.intellij.openapi.wm.impl.IdeGlassPaneImpl$$Lambda$3171/0x0000000801e17840
3721:             5            120  com.intellij.openapi.wm.impl.IdeMenuBar$State
3722:             5            120  com.intellij.openapi.wm.impl.welcomeScreen.FlatWelcomeFrame$FlatWelcomeScreen$8
3723:             5            120  com.intellij.patterns.CaseInsensitiveValuePatternCondition
3724:             5            120  com.intellij.patterns.ElementPatternCondition
3725:             5            120  com.intellij.patterns.PsiFilePattern$Capture
3726:             5            120  com.intellij.patterns.uast.UCallExpressionPattern
3727:             5            120  com.intellij.patterns.uast.UElementPattern$Capture
3728:             5            120  com.intellij.patterns.uast.UExpressionPattern$annotationParams$1
3729:             5            120  com.intellij.patterns.uast.UExpressionPattern$qualifiedNamePattern$1
3730:             5            120  com.intellij.psi.css.impl.util.CssStylesheetLazyElementType
3731:             5            120  com.intellij.psi.impl.smartPointers.DirElementInfo
3732:             5            120  com.intellij.spring.factories.SpringFactoryBeanEP
3733:             5            120  com.intellij.ui.AutoScrollToSourceHandler$1
3734:             5            120  com.intellij.ui.AutoScrollToSourceHandler$2
3735:             5            120  com.intellij.ui.AutoScrollToSourceHandler$3
3736:             5            120  com.intellij.ui.CollectionComboBoxModel
3737:             5            120  com.intellij.ui.CommonActionsPanel$Buttons
3738:             5            120  com.intellij.ui.tree.AbstractTreeWalker$State
3739:             5            120  com.intellij.util.concurrency.SynchronizedClearableLazy
3740:             5            120  com.intellij.util.containers.BidirectionalMap
3741:             3            120  com.intellij.util.containers.ConcurrentSoftHashMap
3742:             5            120  com.intellij.util.containers.MultiMap$7
3743:             3            120  com.intellij.util.descriptors.ConfigFileMetaData
3744:             5            120  com.intellij.util.indexing.impl.perFileVersion.PersistentSubIndexerRetriever
3745:             5            120  com.intellij.util.io.EnumDataDescriptor
3746:             5            120  com.intellij.util.xmlb.SmartSerializer
3747:             5            120  com.intellij.vcs.log.graph.api.EdgeFilter
3748:             5            120  com.intellij.vcs.log.graph.api.elements.GraphEdgeType
3749:             3            120  com.jetbrains.clones.languagescope.xml.XmlIndexConfiguration
3750:             5            120  com.sun.crypto.provider.DHParameters (java.base@11.0.7)
3751:             3            120  com.sun.javafx.font.CMap$CMapFormat12 (javafx.graphics@11.0.7)
3752:             3            120  com.sun.javafx.font.CompositeGlyphMapper (javafx.graphics@11.0.7)
3753:             5            120  com.sun.javafx.geom.Point2D (javafx.graphics@11.0.7)
3754:             5            120  com.sun.javafx.geom.transform.BaseTransform$Degree (javafx.graphics@11.0.7)
3755:             3            120  com.sun.javafx.scene.control.inputmap.InputMap (javafx.controls@11.0.7)
3756:             1            120  com.sun.javafx.tk.quantum.EmbeddedScene (javafx.graphics@11.0.7)
3757:             5            120  com.sun.org.apache.xerces.internal.utils.XMLSecurityManager$State (java.xml@11.0.7)
3758:             5            120  com.sun.org.apache.xerces.internal.utils.XMLSecurityPropertyManager$State (java.xml@11.0.7)
3759:             5            120  com.sun.prism.CompositeMode (javafx.graphics@11.0.7)
3760:             5            120  fuck_the_regulations_v321.ep
3761:             3            120  git4idea.config.GitVersion
3762:             5            120  git4idea.config.GitVersion$Type
3763:             3            120  io.netty.util.internal.ObjectPool$RecyclerObjectPool$1
3764:             3            120  java.io.FileInputStream (java.base@11.0.7)
3765:             3            120  java.lang.UnsatisfiedLinkError (java.base@11.0.7)
3766:             5            120  java.security.CodeSigner (java.base@11.0.7)
3767:             5            120  java.time.format.SignStyle (java.base@11.0.7)
3768:             5            120  java.util.Comparator$$Lambda$1892/0x0000000801878040 (java.base@11.0.7)
3769:             3            120  java.util.TreeMap$NavigableSubMap$SubMapKeyIterator (java.base@11.0.7)
3770:             3            120  java.util.concurrent.LinkedBlockingDeque (java.base@11.0.7)
3771:             5            120  java.util.regex.Pattern$CharPredicate$$Lambda$1212/0x0000000801000040 (java.base@11.0.7)
3772:             5            120  java.util.stream.StreamOpFlag$Type (java.base@11.0.7)
3773:             5            120  javafx.scene.Scene$DirtyBits (javafx.graphics@11.0.7)
3774:             3            120  javafx.stage.Screen (javafx.graphics@11.0.7)
3775:             5            120  javassist.bytecode.stackmap.TypeData$BasicType
3776:             5            120  javax.imageio.spi.PartiallyOrderedSet (java.desktop@11.0.7)
3777:             5            120  javax.swing.tree.DefaultTreeModel (java.desktop@11.0.7)
3778:             1            120  jdk.internal.loader.ClassLoaders$AppClassLoader (java.base@11.0.7)
3779:             5            120  jdk.internal.math.FloatingDecimal$PreparedASCIIToBinaryBuffer (java.base@11.0.7)
3780:             5            120  jdk.net.ExtendedSocketOptions$ExtSocketOption (jdk.net@11.0.7)
3781:             5            120  kotlin.reflect.jvm.internal.impl.types.ErrorUtils$2
3782:             1            120  org.apache.xerces.impl.XMLEntityManager
3783:             3            120  org.apache.xerces.impl.dtd.XMLEntityDecl
3784:             3            120  org.apache.xerces.impl.xs.XSParticleDecl
3785:             5            120  org.apache.xerces.impl.xs.traversers.LargeContainer
3786:             5            120  org.imgscalr.Scalr$Method
3787:             3            120  org.jetbrains.android.formatter.AndroidXmlCodeStyleSettings
3788:             5            120  org.jetbrains.concurrency.AsyncPromise
3789:             1            120  org.jetbrains.idea.maven.project.MavenProjectsManager
3790:             3            120  org.jetbrains.kotlin.config.CompilerSettings
3791:             5            120  org.jetbrains.kotlin.idea.inspections.PropertyNameInspectionBase$PropertyKind
3792:             3            120  org.jetbrains.kotlin.tools.projectWizard.settings.version.maven.DefaultArtifactVersion
3793:             5            120  org.jetbrains.kotlin.utils.SmartList
3794:             5            120  org.jetbrains.plugins.gradle.service.settings.GradleProjectSettingsControl
3795:             1            120  org.jetbrains.plugins.scala.lang.lexer.ScalaXmlTokenTypes$
3796:             3            120  org.jetbrains.plugins.scala.lang.psi.types.api.StdType
3797:             5            120  org.jetbrains.plugins.scala.project.DebuggingInfoLevel
3798:             5            120  org.jetbrains.plugins.textmate.language.syntax.InjectionNodeDescriptor
3799:             1            120  scala.package$
3800:             3            120  sun.awt.image.BufferedImageGraphicsConfig (java.desktop@11.0.7)
3801:             1            120  sun.awt.image.ByteInterleavedRaster (java.desktop@11.0.7)
3802:             5            120  sun.font.SunLayoutEngine$FaceRef (java.desktop@11.0.7)
3803:             3            120  sun.java2d.pipe.Region (java.desktop@11.0.7)
3804:             5            120  sun.security.jca.ServiceId (java.base@11.0.7)
3805:             3            120  sun.security.provider.DSAPublicKeyImpl (java.base@11.0.7)
3806:             5            120  sun.security.ssl.SupportedGroupsExtension$NamedGroupType (java.base@11.0.7)
3807:             5            120  sun.security.util.DisabledAlgorithmConstraints (java.base@11.0.7)
3808:             5            120  sun.security.x509.AccessDescription (java.base@11.0.7)
3809:             1            112  [Lcom.intellij.codeInspection.CharsetObjectCanBeUsedInspection$CharsetCallMatcher;
3810:             1            112  [Lcom.intellij.codeInspection.ex.InspectionElementsMerger;
3811:             1            112  [Lcom.intellij.compiler.server.CompileServerPlugin;
3812:             4            112  [Lcom.intellij.execution.ui.ConsoleViewContentType;
3813:             1            112  [Lcom.intellij.find.findUsages.FindUsagesHandlerFactory;
3814:             2            112  [Lcom.intellij.openapi.fileTypes.ex.FileTypeIdentifiableByVirtualFile;
3815:             2            112  [Lcom.intellij.openapi.wm.impl.IdeBackgroundUtil$Anchor;
3816:             1            112  [Lcom.intellij.refactoring.move.MoveHandlerDelegate;
3817:             2            112  [Ljava.nio.file.attribute.PosixFilePermission; (java.base@11.0.7)
3818:             2            112  [Ljava.security.CryptoPrimitive; (java.base@11.0.7)
3819:             1            112  [Ljava.time.LocalTime; (java.base@11.0.7)
3820:             1            112  [Ljavax.swing.text.html.CSS$Value; (java.desktop@11.0.7)
3821:             1            112  [Lkotlin.reflect.jvm.internal.impl.incremental.components.NoLookupLocation;
3822:             1            112  [Lorg.intellij.plugins.intelliLang.inject.LanguageInjectionConfigBean;
3823:             2            112  [Lorg.jetbrains.plugins.scala.lang.lexer.ScalaModifier;
3824:             2            112  [Lsun.security.util.ObjectIdentifier; (java.base@11.0.7)
3825:             7            112  com.apple.laf.AquaIcon$SystemIconUIResourceSingleton (java.desktop@11.0.7)
3826:             2            112  com.fasterxml.jackson.databind.cfg.BaseSettings
3827:             7            112  com.google.common.cache.CacheLoader$SupplierToCacheLoader
3828:             2            112  com.intellij.codeInspection.javaDoc.JavaDocLocalInspection
3829:             7            112  com.intellij.credentialStore.kdbx.ConstantValueCreator
3830:             7            112  com.intellij.debugger.streams.lib.impl.LibrarySupportBase$interpreterFactory$1
3831:             7            112  com.intellij.debugger.streams.lib.impl.LibrarySupportBase$resolverFactory$1
3832:             2            112  com.intellij.execution.ExecutorRegistryImpl$ExecutorGroupActionGroup
3833:             2            112  com.intellij.ide.actions.PopupInMainMenuActionGroup
3834:             7            112  com.intellij.ide.projectView.impl.AbstractProjectViewPane$$Lambda$3113/0x0000000801dc7840
3835:             7            112  com.intellij.ide.projectView.impl.AbstractProjectViewPane$1
3836:             1            112  com.intellij.lang.javascript.flex.run.FlashRunnerParameters
3837:             1            112  com.intellij.lang.typescript.compiler.TypeScriptCompilerSettingsState
3838:             7            112  com.intellij.openapi.actionSystem.impl.ActionToolbarImpl$5
3839:             1            112  com.intellij.openapi.application.impl.ApplicationImpl
3840:             2            112  com.intellij.openapi.command.impl.CommandMerger
3841:             2            112  com.intellij.openapi.editor.impl.CaretModelImpl
3842:             2            112  com.intellij.openapi.editor.impl.FoldingModelImpl
3843:             2            112  com.intellij.openapi.editor.impl.FoldingModelImpl$MyMarkerTree
3844:             2            112  com.intellij.openapi.editor.impl.view.TextLayoutCache$1
3845:             7            112  com.intellij.openapi.externalSystem.ModuleOptionDelegate
3846:             7            112  com.intellij.openapi.ui.ShadowAction$2
3847:             2            112  com.intellij.openapi.vcs.actions.VcsActionGroup
3848:             2            112  com.intellij.openapi.vcs.changes.ChangeListChange
3849:             2            112  com.intellij.openapi.wm.impl.PaintersHelper$1
3850:             2            112  com.intellij.platform.templates.LocalArchivedTemplate
3851:             2            112  com.intellij.psi.impl.PsiManagerImpl
3852:             1            112  com.intellij.scala.play.language.parser.tokens.Play2ASTTokens$
3853:             2            112  com.intellij.ui.tabs.impl.JBTabsImpl$AccessibleTabPage
3854:             1            112  com.intellij.util.indexing.FileBasedIndexImpl
3855:             7            112  com.intellij.util.text.SyncDateFormat
3856:             7            112  com.intellij.util.ui.BaseButtonBehavior$MyMouseMotionListener
3857:             2            112  com.intellij.util.ui.ButtonlessScrollBarUI$10
3858:             2            112  com.intellij.util.ui.ButtonlessScrollBarUI$11
3859:             2            112  com.intellij.util.ui.ButtonlessScrollBarUI$12
3860:             7            112  com.intellij.velocity.psi.VtlExpressionTypeCalculator$BooleanExpressionTypeCalculator
3861:             2            112  com.intellij.xdebugger.impl.breakpoints.XBreakpointBase
3862:             2            112  com.jetbrains.plugins.webDeployment.actions.DeploymentActionGroup
3863:             7            112  com.sun.proxy.$Proxy60
3864:             2            112  com.sun.security.sasl.gsskerb.JdkSASL$ProviderService (jdk.security.jgss@11.0.7)
3865:             1            112  com.sun.webkit.WebPage (javafx.web@11.0.7)
3866:             2            112  freemarker.ext.beans.ClassIntrospector
3867:             2            112  git4idea.actions.GitMenu
3868:             2            112  io.netty.channel.DefaultChannelHandlerContext
3869:             2            112  io.netty.channel.DefaultChannelPipeline$TailContext
3870:             1            112  java.awt.image.ComponentColorModel (java.desktop@11.0.7)
3871:             2            112  java.lang.invoke.BoundMethodHandle$Species_LLIILL (java.base@11.0.7)
3872:             2            112  java.lang.invoke.BoundMethodHandle$Species_LLLLLII (java.base@11.0.7)
3873:             2            112  java.nio.DirectIntBufferRU (java.base@11.0.7)
3874:             7            112  java.util.concurrent.CopyOnWriteArraySet (java.base@11.0.7)
3875:             7            112  java.util.concurrent.SynchronousQueue$TransferStack (java.base@11.0.7)
3876:             2            112  javafx.scene.Node$MiscProperties$10 (javafx.graphics@11.0.7)
3877:             7            112  javax.swing.text.StyleConstants$CharacterConstants (java.desktop@11.0.7)
3878:             7            112  jdk.internal.loader.ClassLoaderValue (java.base@11.0.7)
3879:             1            112  jdk.internal.loader.ClassLoaders$BootClassLoader (java.base@11.0.7)
3880:             1            112  jdk.internal.loader.ClassLoaders$PlatformClassLoader (java.base@11.0.7)
3881:             2            112  jdk.internal.ref.CleanerImpl$SoftCleanableRef (java.base@11.0.7)
3882:             2            112  org.jetbrains.idea.svn.actions.SubversionGroup
3883:             7            112  org.jetbrains.kotlin.idea.inspections.collections.AbstractUselessCallInspection$Conversion
3884:             7            112  org.jetbrains.kotlin.platform.TargetPlatform
3885:             7            112  org.jetbrains.kotlin.tools.projectWizard.GeneratedIdentificator
3886:             2            112  org.jetbrains.plugins.grails.actions.GrailsActionGroup
3887:             1            112  org.jetbrains.sbt.Sbt$
3888:             2            112  org.languagetool.rules.en.avs.AvsAnRule
3889:             2            112  scala.collection.immutable.Vector
3890:             2            112  sun.font.CMap$CMapFormat4 (java.desktop@11.0.7)
3891:             2            112  sun.java2d.loops.MaskFill$General (java.desktop@11.0.7)
3892:             2            112  sun.java2d.opengl.OGLGeneralBlit (java.desktop@11.0.7)
3893:             2            112  sun.java2d.opengl.OGLSurfaceToSwBlit (java.desktop@11.0.7)
3894:             2            112  sun.lwawt.macosx.CCustomCursor (java.desktop@11.0.7)
3895:             2            112  sun.lwawt.macosx.CPlatformView (java.desktop@11.0.7)
3896:             7            112  sun.rmi.server.UnicastRef (java.rmi@11.0.7)
3897:             2            112  sun.security.jgss.SunProvider$ProviderService (java.security.jgss@11.0.7)
3898:             2            104  [Lcom.google.common.collect.ImmutableMapEntry;
3899:             1            104  [Lcom.intellij.execution.BeforeRunTaskProvider;
3900:             4            104  [Lcom.intellij.openapi.roots.OrderRootType;
3901:             1            104  [Lcom.sun.javafx.cursor.CursorType; (javafx.graphics@11.0.7)
3902:             2            104  [Ljavafx.css.CssMetaData; (javafx.graphics@11.0.7)
3903:             2            104  [Lorg.jetbrains.plugins.grails.util.GrailsArtifact;
3904:             1            104  [Lsun.security.ssl.SSLHandshake; (java.base@11.0.7)
3905:             1            104  [Lsun.security.ssl.SignatureScheme; (java.base@11.0.7)
3906:             2            104  [Lsun.util.logging.PlatformLogger$Level; (java.base@11.0.7)
3907:             1            104  com.android.tools.idea.gradle.project.sync.GradleSyncState
3908:             1            104  com.intellij.openapi.fileTypes.impl.FileTypeManagerImpl
3909:             1            104  com.intellij.openapi.roots.ui.configuration.projectRoot.ModuleStructureConfigurable
3910:             1            104  com.intellij.openapi.vcs.ExternallyAddedFilesProcessorImpl
3911:             1            104  com.intellij.openapi.vcs.ex.ChangelistsLocalLineStatusTracker
3912:             1            104  com.intellij.openapi.vfs.newvfs.RefreshProgress
3913:             1            104  com.intellij.psi.stubs.StubUpdatingIndex$MyIndex
3914:             1            104  com.intellij.util.lang.UrlClassLoader
3915:             1            104  com.intellij.util.lang.UrlClassLoader
3916:             1            104  com.sun.scenario.animation.AnimationPulse (javafx.graphics@11.0.7)
3917:             1            104  git4idea.repo.GitRepositoryFiles
3918:             1            104  javafx.scene.web.WebEngine (javafx.web@11.0.7)
3919:             1            104  kotlin.reflect.jvm.internal.impl.serialization.deserialization.descriptors.DeserializedClassDescriptor
3920:             1            104  org.jetbrains.kotlin.idea.configuration.KotlinGradleMobileMultiplatformModuleBuilder
3921:             1            104  org.jetbrains.kotlin.idea.configuration.KotlinGradleMobileSharedMultiplatformModuleBuilder
3922:             1            104  org.jetbrains.kotlin.idea.configuration.KotlinGradleSharedMultiplatformModuleBuilder
3923:             1            104  sun.font.CFontConfiguration (java.desktop@11.0.7)
3924:             2             96  [Lcom.android.tools.idea.res.ResourceNotificationManager$Reason;
3925:             2             96  [Lcom.google.common.cache.LocalCache$EntryFactory;
3926:             1             96  [Lcom.intellij.diagnostic.ActivityCategory;
3927:             1             96  [Lcom.intellij.diagram.DiagramProvider;
3928:             1             96  [Lcom.intellij.grazie.jlanguage.Lang;
3929:             1             96  [Lcom.intellij.ide.b.r;
3930:             3             96  [Lcom.intellij.ide.projectView.ProjectViewNodeDecorator;
3931:             1             96  [Lcom.intellij.microservices.EndpointsProvider;
3932:             2             96  [Lcom.intellij.openapi.editor.FoldRegion;
3933:             2             96  [Lcom.intellij.openapi.editor.colors.EditorFontType;
3934:             1             96  [Lcom.intellij.openapi.extensions.KeyedFactoryEPBean;
3935:             1             96  [Lcom.intellij.openapi.vfs.impl.VirtualFileManagerImpl$VirtualFileSystemBean;
3936:             1             96  [Lcom.intellij.psi.codeStyle.CodeStyleSettingsProvider;
3937:             1             96  [Lcom.intellij.ui.breadcrumbs.BreadcrumbsProvider;
3938:             1             96  [Lcom.intellij.ui.tree.ui.TreeAction;
3939:             4             96  [Lcom.intellij.util.containers.ConcurrentIntObjectHashMap$CounterCell;
3940:             1             96  [Lcom.jetbrains.b.a.c;
3941:             2             96  [Lcom.sun.org.apache.xerces.internal.utils.XMLSecurityManager$State; (java.xml@11.0.7)
3942:             1             96  [Lcom.sun.scenario.effect.Blend$Mode; (javafx.graphics@11.0.7)
3943:             3             96  [Lfreemarker.core.TemplateElement;
3944:             2             96  [Ljava.lang.System$Logger$Level; (java.base@11.0.7)
3945:             3             96  [Ljava.lang.invoke.LambdaFormEditor$Transform; (java.base@11.0.7)
3946:             2             96  [Ljava.time.DayOfWeek; (java.base@11.0.7)
3947:             2             96  [Lkotlin.reflect.jvm.internal.impl.builtins.PrimitiveType;
3948:             2             96  [Lkotlin.reflect.jvm.internal.impl.builtins.PrimitiveType;
3949:             2             96  [Lkotlin.reflect.jvm.internal.impl.metadata.ProtoBuf$Class$Kind;
3950:             1             96  [Lorg.apache.xerces.impl.xpath.regex.RegularExpression;
3951:             2             96  [Lorg.jetbrains.kotlin.builtins.PrimitiveType;
3952:             4             96  [Lorg.jetbrains.kotlin.name.FqName;
3953:             2             96  [Lorg.jetbrains.plugins.textmate.Constants$StringKey;
3954:             2             96  [Lorg.languagetool.tagging.disambiguation.rules.DisambiguationPatternRule$DisambiguatorAction;
3955:             2             96  [Lorg.zmlx.hg4idea.HgFileStatusEnum;
3956:             1             96  [Lsun.font.CompositeFont; (java.desktop@11.0.7)
3957:             1             96  [Lsun.font.FileFont; (java.desktop@11.0.7)
3958:             3             96  apple.laf.JRSUIConstants$AlignmentHorizontal (java.desktop@11.0.7)
3959:             3             96  apple.laf.JRSUIConstants$AlignmentVertical (java.desktop@11.0.7)
3960:             1             96  apple.security.AppleProvider (java.base@11.0.7)
3961:             1             96  com.android.tools.idea.testartifacts.instrumented.AndroidTestRunConfiguration
3962:             4             96  com.android.tools.lint.detector.api.TextFormat
3963:             3             96  com.apple.eawt.event.GestureHandler (java.desktop@11.0.7)
3964:             4             96  com.apple.laf.AquaPainter$AquaSingleImagePainter (java.desktop@11.0.7)
3965:             2             96  com.apple.laf.AquaTextPaneUI (java.desktop@11.0.7)
3966:             4             96  com.fasterxml.jackson.core.JsonFactory$Feature
3967:             4             96  com.fasterxml.jackson.core.JsonFactory$Feature
3968:             6             96  com.fasterxml.jackson.databind.ser.std.ToStringSerializer
3969:             4             96  com.google.common.base.AbstractIterator$State
3970:             4             96  com.google.common.base.AbstractIterator$State
3971:             4             96  com.google.common.collect.AbstractIterator$State
3972:             4             96  com.google.common.collect.ImmutableMapEntry
3973:             6             96  com.google.gson.TypeAdapter$1
3974:             3             96  com.google.gson.internal.bind.ReflectiveTypeAdapterFactory
3975:             4             96  com.google.wireless.android.sdk.stats.StudioToolWindowActionStats$EventType
3976:             6             96  com.intellij.analysis.BaseAnalysisAction$$Lambda$1120/0x0000000800d6f840
3977:             6             96  com.intellij.analysis.BaseAnalysisAction$$Lambda$1121/0x0000000800d6fc40
3978:             4             96  com.intellij.codeHighlighting.TextEditorHighlightingPassRegistrar$Anchor
3979:             6             96  com.intellij.codeInsight.CharTailType
3980:             1             96  com.intellij.codeInsight.daemon.impl.DaemonCodeAnalyzerImpl$MyDaemonProgressIndicator
3981:             2             96  com.intellij.codeInsight.daemon.impl.SeverityRegistrar$OrderMap
3982:             4             96  com.intellij.codeInsight.daemon.impl.analysis.FileHighlightingSetting
3983:             4             96  com.intellij.codeInsight.generation.GenerateGetterHandler
3984:             4             96  com.intellij.codeInsight.generation.GenerateSetterHandler
3985:             4             96  com.intellij.codeInsight.lookup.impl.actions.ChooseItemAction$Handler
3986:             4             96  com.intellij.codeInsight.navigation.CtrlMouseHandler$BrowseMode
3987:             4             96  com.intellij.codeInspection.ex.InspectionProfileImpl$2
3988:             2             96  com.intellij.codeInspection.unusedSymbol.UnusedSymbolLocalInspection
3989:             3             96  com.intellij.coldFusion.model.formatter.CfmlCodeStyleSettings
3990:             4             96  com.intellij.configurationStore.TypeMarker
3991:             4             96  com.intellij.configurationStore.schemeManager.SchemeFileTracker
3992:             4             96  com.intellij.configurationStore.schemeManager.SchemeManagerFactoryBase$ProjectSchemeManagerFactory$createFileChangeSubscriber$1
3993:             2             96  com.intellij.database.csv.CsvRecordFormat
3994:             2             96  com.intellij.database.csv.PersistentCsvFormat$Record
3995:             4             96  com.intellij.database.dataSource.DataSourceStorage$Format
3996:             4             96  com.intellij.database.dataSource.LocalDataSource$Storage
3997:             3             96  com.intellij.database.run.actions.TransactionAction$TxIsolation
3998:             3             96  com.intellij.database.settings.DatabaseSettings$ExecOption
3999:             4             96  com.intellij.database.util.Casing
4000:             3             96  com.intellij.debugger.streams.lib.impl.ParallelOperation
4001:             3             96  com.intellij.debugger.streams.lib.impl.StandardLibrarySupport
4002:             6             96  com.intellij.debugger.streams.trace.impl.interpret.CollectIdentityTraceInterpreter
4003:             6             96  com.intellij.diagram.BaseDiagramProvider$1
4004:             6             96  com.intellij.diagram.DiagramAction$$Lambda$1134/0x0000000800daf840
4005:             4             96  com.intellij.dmserver.artifacts.plan.DMArtifactElementType
4006:             4             96  com.intellij.dmserver.facet.DMUnitType
4007:             4             96  com.intellij.execution.InputRedirectAware$InputRedirectOptionsImpl
4008:             4             96  com.intellij.execution.configurations.RunConfigurationModule
4009:             4             96  com.intellij.execution.configurations.RunConfigurationSingletonPolicy
4010:             4             96  com.intellij.execution.dashboard.RunDashboardRunConfigurationStatus
4011:             4             96  com.intellij.execution.process.ProcessHandler$State
4012:             3             96  com.intellij.find.findUsages.JavaPackageFindUsagesOptions
4013:             3             96  com.intellij.find.findUsages.JavaThrowFindUsagesOptions
4014:             3             96  com.intellij.find.findUsages.JavaVariableFindUsagesOptions
4015:             3             96  com.intellij.flex.model.bc.OutputType
4016:             6             96  com.intellij.formatting.Indent$Type
4017:             6             96  com.intellij.grazie.grammar.strategy.impl.RuleGroup
4018:             6             96  com.intellij.ide.actions.CreateTemplateInPackageAction$$Lambda$1047/0x0000000800c2f840
4019:             4             96  com.intellij.ide.diff.DirDiffSettings$CompareMode
4020:             2             96  com.intellij.ide.dnd.DnDSupport
4021:             4             96  com.intellij.ide.navigationToolbar.NavBarPanel$2
4022:             4             96  com.intellij.ide.plugins.PluginNode$Status
4023:             1             96  com.intellij.ide.projectView.impl.nodes.ExternalLibrariesNode
4024:             1             96  com.intellij.ide.projectView.impl.nodes.NamedLibraryElementNode
4025:             1             96  com.intellij.ide.projectView.impl.nodes.ProjectViewProjectNode
4026:             2             96  com.intellij.ide.projectWizard.ProjectTemplateList$2
4027:             1             96  com.intellij.ide.scratch.ScratchProjectViewPane$MyProjectNode
4028:             3             96  com.intellij.ide.ui.AntialiasingType
4029:             4             96  com.intellij.internal.statistic.collectors.fus.actions.persistence.ToolWindowCollector$ToolWindowEventType
4030:             3             96  com.intellij.internal.statistic.configurable.SendPeriod
4031:             2             96  com.intellij.javascript.nodejs.interpreter.local.NodeJsLocalInterpreter
4032:             4             96  com.intellij.javascript.nodejs.util.NodePackageRef
4033:             3             96  com.intellij.json.formatter.JsonCodeStyleSettings$PropertyAlignment
4034:             4             96  com.intellij.lang.BracePair
4035:             4             96  com.intellij.lang.javascript.flex.run.FlashRunnerParameters$AirMobileRunTarget
4036:             3             96  com.intellij.lang.javascript.inspections.JSEqualityComparisonWithCoercionInspection$Severity
4037:             4             96  com.intellij.lang.javascript.linter.FilesMirror
4038:             4             96  com.intellij.lang.javascript.psi.ecmal4.JSAttributeList$AccessType
4039:             3             96  com.intellij.lang.properties.psi.codeStyle.PropertiesCodeStyleSettings
4040:             4             96  com.intellij.microservices.EndpointsViewListener$ChangeType
4041:             3             96  com.intellij.microservices.url.references.UrlPathReferenceInjector
4042:             4             96  com.intellij.notification.NotificationDisplayType
4043:             4             96  com.intellij.openapi.actionSystem.ActionToolbarPosition
4044:             2             96  com.intellij.openapi.actionSystem.EmptyAction$DelegatingCompactActionGroup
4045:             2             96  com.intellij.openapi.actionSystem.ex.ComboBoxAction$ComboBoxButton$MyButtonModel
4046:             4             96  com.intellij.openapi.components.RoamingType
4047:             2             96  com.intellij.openapi.diagnostic.FrequentEventDetector
4048:             4             96  com.intellij.openapi.editor.Inlay$Placement
4049:             4             96  com.intellij.openapi.editor.VisualPosition
4050:             4             96  com.intellij.openapi.editor.actions.DeleteToWordBoundaryHandler
4051:             6             96  com.intellij.openapi.editor.colors.impl.AbstractColorsScheme$$Lambda$491/0x0000000800594c40
4052:             4             96  com.intellij.openapi.editor.colors.impl.TextAttributesReader$FontStyle
4053:             2             96  com.intellij.openapi.editor.ex.util.LexerEditorHighlighter
4054:             3             96  com.intellij.openapi.editor.impl.ComplementaryFontsRegistry$FallBackInfo
4055:             2             96  com.intellij.openapi.editor.impl.EditorImpl$ScrollingTimer
4056:             2             96  com.intellij.openapi.editor.impl.FoldRegionsTree$CachedData
4057:             4             96  com.intellij.openapi.editor.impl.FoldingModelImpl$$Lambda$3448/0x0000000801ffac40
4058:             2             96  com.intellij.openapi.editor.impl.InlayModelImpl
4059:             2             96  com.intellij.openapi.editor.impl.InlayModelImpl$AfterLineEndElementTree
4060:             2             96  com.intellij.openapi.editor.impl.InlayModelImpl$BlockElementsTree
4061:             2             96  com.intellij.openapi.editor.impl.InlayModelImpl$InlineElementsTree
4062:             3             96  com.intellij.openapi.editor.impl.RangeMarkerImpl
4063:             2             96  com.intellij.openapi.editor.impl.ScrollingModelImpl
4064:             2             96  com.intellij.openapi.editor.impl.softwrap.TextBasedSoftWrapPainter
4065:             4             96  com.intellij.openapi.editor.toolbar.floating.AbstractFloatingToolbarProvider$register$1
4066:             4             96  com.intellij.openapi.editor.toolbar.floating.VisibilityController$State
4067:             4             96  com.intellij.openapi.extensions.ExtensionPointUtil$1
4068:             4             96  com.intellij.openapi.extensions.impl.ExtensionsAreaImpl
4069:             4             96  com.intellij.openapi.fileEditor.FileEditorPolicy
4070:             3             96  com.intellij.openapi.fileEditor.impl.LoadTextUtil$SevenBitCharset
4071:             2             96  com.intellij.openapi.fileEditor.impl.text.AsyncEditorLoader
4072:             6             96  com.intellij.openapi.fileEditor.impl.text.EditorHighlighterUpdater$3
4073:             4             96  com.intellij.openapi.keymap.impl.WeakKeymapManagerListener
4074:             4             96  com.intellij.openapi.project.DumbServiceImpl$State
4075:             4             96  com.intellij.openapi.roots.impl.ProjectRootManagerImpl$BatchSession
4076:             6             96  com.intellij.openapi.roots.ui.configuration.SdkComboBoxBase$1
4077:             6             96  com.intellij.openapi.roots.ui.configuration.SdkListModelBuilder$$Lambda$1456/0x00000008014b6440
4078:             6             96  com.intellij.openapi.roots.ui.configuration.SdkListModelBuilder$$Lambda$1465/0x00000008014b3c40
4079:             1             96  com.intellij.openapi.roots.ui.configuration.projectRoot.FacetStructureConfigurable
4080:             6             96  com.intellij.openapi.ui.ComboBox$2
4081:             4             96  com.intellij.openapi.ui.MasterDetailsComponent$5
4082:             4             96  com.intellij.openapi.ui.MasterDetailsState
4083:             3             96  com.intellij.openapi.ui.MessageType
4084:             6             96  com.intellij.openapi.ui.OnePixelDivider$MyMouseAdapter
4085:             2             96  com.intellij.openapi.ui.ThreeComponentsSplitter$MyFocusTraversalPolicy
4086:             4             96  com.intellij.openapi.ui.popup.Balloon$Position
4087:             4             96  com.intellij.openapi.util.NotNullLazyValue$1
4088:             6             96  com.intellij.openapi.util.RecursionManager$1
4089:             1             96  com.intellij.openapi.vcs.ProjectConfigurationFilesProcessorImpl
4090:             2             96  com.intellij.openapi.vcs.changes.Change
4091:             4             96  com.intellij.openapi.vcs.changes.Change$Type
4092:             3             96  com.intellij.openapi.vcs.changes.actions.ScheduleForAdditionWithIgnoredFilesConfirmationAction
4093:             1             96  com.intellij.openapi.vcs.changes.ignore.IgnoreFilesProcessorImpl
4094:             4             96  com.intellij.openapi.vcs.ex.Range$InnerRange
4095:             4             96  com.intellij.openapi.vcs.impl.FileStatusManagerImpl$3
4096:             4             96  com.intellij.openapi.vfs.CharsetToolkit$GuessedEncoding
4097:             1             96  com.intellij.openapi.vfs.impl.local.NativeFileWatcherImpl$MyProcessHandler
4098:             4             96  com.intellij.openapi.wm.ToolWindowType
4099:             4             96  com.intellij.openapi.wm.impl.KeyState
4100:             4             96  com.intellij.openapi.wm.impl.PaintersHelper
4101:             4             96  com.intellij.openapi.wm.impl.ToolWindowHeader$5
4102:             4             96  com.intellij.openapi.wm.impl.ToolWindowImpl$createContentManager$2
4103:             4             96  com.intellij.openapi.wm.impl.ToolWindowManagerImpl$ToolWindowFocusWatcher$1
4104:             4             96  com.intellij.openapi.wm.impl.ToolWindowProperty
4105:             4             96  com.intellij.openapi.wm.impl.simpleTitleParts.RegistryOption
4106:             4             96  com.intellij.openapi.wm.impl.simpleTitleParts.SimpleTitleInfoProvider$1
4107:             4             96  com.intellij.openapi.wm.impl.status.EditorBasedStatusBarPopup$1
4108:             3             96  com.intellij.openapi.wm.impl.status.EditorBasedStatusBarPopup$WidgetState
4109:             3             96  com.intellij.openapi.wm.impl.status.widget.StatusBarWidgetProviderToFactoryAdapter
4110:             2             96  com.intellij.packageDependencies.DependencyValidationManagerImpl
4111:             4             96  com.intellij.patterns.CollectionPattern
4112:             4             96  com.intellij.patterns.DomElementPattern$Capture
4113:             3             96  com.intellij.patterns.PsiExpressionPattern$2
4114:             4             96  com.intellij.patterns.PsiJavaPatterns$1
4115:             4             96  com.intellij.patterns.PsiMethodPattern$1
4116:             4             96  com.intellij.patterns.StandardPatterns$5
4117:             4             96  com.intellij.patterns.VirtualFilePattern
4118:             4             96  com.intellij.patterns.uast.UCallExpressionPattern$withResolvedMethod$1
4119:             4             96  com.intellij.patterns.uast.UExpressionPattern$callParameter$1
4120:             3             96  com.intellij.platform.ProjectTemplateEP
4121:             4             96  com.intellij.psi.ChunkTag
4122:             6             96  com.intellij.psi.NonClasspathClassFinder$$Lambda$2789/0x0000000801c40840
4123:             6             96  com.intellij.psi.NonClasspathClassFinder$1
4124:             6             96  com.intellij.psi.ReferenceProviderType
4125:             4             96  com.intellij.psi.UElementTypePatternAdapter
4126:             4             96  com.intellij.psi.UElementTypePatternAdapter$condition$1
4127:             4             96  com.intellij.psi.UastReferenceContributorChunk
4128:             2             96  com.intellij.psi.impl.file.impl.FileManagerImpl
4129:             3             96  com.intellij.psi.impl.source.resolve.reference.PsiReferenceRegistrarImpl$1
4130:             6             96  com.intellij.psi.tree.DefaultRoleFinder
4131:             3             96  com.intellij.remoteServer.impl.configuration.deployment.DeployToServerConfigurationType$SingletonTypeConfigurationFactory
4132:             4             96  com.intellij.serviceContainer.ComponentManagerImpl$ContainerState
4133:             3             96  com.intellij.sh.codeStyle.ShCodeStyleSettings
4134:             4             96  com.intellij.spring.boot.model.SpringBootModelConfigFileNameContributor$CustomSettingDescriptor
4135:             3             96  com.intellij.spring.model.actions.GenerateSpringDomElementAction
4136:             3             96  com.intellij.tapestry.intellij.actions.navigation.ClassTemplateNavigation
4137:             4             96  com.intellij.tasks.TaskType
4138:             6             96  com.intellij.testIntegration.BaseGenerateTestSupportMethodAction$MyHandler
4139:             2             96  com.intellij.ui.ColorUtil$1
4140:             2             96  com.intellij.ui.JBCardLayout
4141:             3             96  com.intellij.ui.SpeedSearchBase$5
4142:             1             96  com.intellij.ui.components.JBList$AccessibleJBList
4143:             4             96  com.intellij.ui.components.JBScrollPane$Alignment
4144:             4             96  com.intellij.ui.components.JBScrollPane$Flip
4145:             4             96  com.intellij.ui.components.JBViewport$ViewBorder
4146:             4             96  com.intellij.ui.mac.TouchbarDataKeys$DlgButtonDesc
4147:             4             96  com.intellij.ui.paint.LinePainter2D$StrokeType
4148:             4             96  com.intellij.ui.tabs.JBTabsPosition
4149:             4             96  com.intellij.ui.tree.LeafState
4150:             4             96  com.intellij.ui.tree.TreeVisitor$Action
4151:             6             96  com.intellij.ui.tree.ui.DefaultTreeUI$1
4152:             6             96  com.intellij.ui.tree.ui.DispatchThreadValidator
4153:             1             96  com.intellij.ui.treeStructure.Tree$AccessibleTree
4154:             6             96  com.intellij.ui.treeStructure.Tree$MyFocusListener
4155:             6             96  com.intellij.ui.treeStructure.Tree$MyMouseListener
4156:             4             96  com.intellij.util.Alarm$ThreadToUse
4157:             3             96  com.intellij.util.LineSeparator
4158:             6             96  com.intellij.util.MethodInvocator
4159:             4             96  com.intellij.util.containers.LinkedMultiMap
4160:             2             96  com.intellij.util.containers.ObjectIntHashMap
4161:             4             96  com.intellij.util.containers.ThreadLocalRandom$Tlr
4162:             4             96  com.intellij.util.containers.WeakHashSet
4163:             4             96  com.intellij.util.diff.DiffTree$CompareResult
4164:             4             96  com.intellij.util.indexing.impl.forward.SingleEntryIndexForwardIndexAccessor
4165:             4             96  com.intellij.util.indexing.impl.forward.SingleEntryIndexForwardIndexAccessor$1
4166:             4             96  com.intellij.util.io.BaseDataReader$$Lambda$124/0x0000000800252040
4167:             6             96  com.intellij.util.io.PersistentHashMapValueStorage$ReaderOverRandomAccessFileCache
4168:             4             96  com.intellij.util.io.PoolPageKey
4169:             4             96  com.intellij.util.pico.DefaultPicoContainer$LinkedHashSetWrapper
4170:             4             96  com.intellij.util.text.ImmutableText
4171:             3             96  com.intellij.util.text.SemVer
4172:             6             96  com.intellij.util.ui.AnimatedIcon$2
4173:             6             96  com.intellij.util.ui.JBHtmlEditorKit$1
4174:             4             96  com.intellij.util.ui.UIUtil$ComponentStyle
4175:             2             96  com.intellij.util.ui.UIUtil$GrayFilter$GrayFilterUIResource
4176:             4             96  com.intellij.util.ui.tree.TreeModelAdapter$EventType
4177:             4             96  com.intellij.util.xmlb.CompactCollectionBinding
4178:             1             96  com.intellij.vcs.log.data.VcsLogStorageImpl$MyPersistentBTreeEnumerator
4179:             3             96  com.intellij.vcs.log.data.index.VcsLogFullDetailsIndex$MyIndexExtension
4180:             4             96  com.intellij.vcs.log.data.index.VcsLogPathsIndex$ChangeKind
4181:             4             96  com.intellij.vcs.log.graph.utils.impl.CompressedIntList
4182:             1             96  com.intellij.vcs.log.util.PersistentSetImpl
4183:             6             96  com.intellij.ws.utils.WsReferenceProvidersHelper$PsiReferenceProviderWrapper
4184:             4             96  com.jetbrains.clones.configuration.RestrictedDuplicateScope
4185:             4             96  com.jetbrains.clones.languagescope.JSDuplicateScope
4186:             3             96  com.jetbrains.plugins.webDeployment.config.sftp.HostKeyCheckingLevel
4187:             1             96  com.sun.crypto.provider.SunJCE (java.base@11.0.7)
4188:             3             96  com.sun.javafx.font.PrismCompositeFontResource (javafx.graphics@11.0.7)
4189:             4             96  com.sun.javafx.scene.CssFlags (javafx.graphics@11.0.7)
4190:             4             96  com.sun.javafx.sg.prism.NGShape$Mode (javafx.graphics@11.0.7)
4191:             2             96  com.sun.javafx.sg.prism.NodeEffectInput (javafx.graphics@11.0.7)
4192:             3             96  com.sun.javafx.util.WeakReferenceQueue (javafx.graphics@11.0.7)
4193:             4             96  com.sun.javafx.webkit.UIClientImpl$FileExtensionInfo (javafx.web@11.0.7)
4194:             3             96  com.sun.marlin.OffHeapArray (javafx.graphics@11.0.7)
4195:             1             96  com.sun.net.ssl.internal.ssl.Provider (java.base@11.0.7)
4196:             3             96  com.sun.org.apache.xerces.internal.utils.XMLSecurityManager$NameMap (java.xml@11.0.7)
4197:             4             96  com.sun.prism.PhongMaterial$MapType (javafx.graphics@11.0.7)
4198:             4             96  com.sun.prism.impl.PrismSettings$RasterizerType (javafx.graphics@11.0.7)
4199:             6             96  com.sun.proxy.$Proxy72
4200:             4             96  com.sun.scenario.effect.AbstractShadow$ShadowMode (javafx.graphics@11.0.7)
4201:             3             96  com.sun.scenario.effect.Offset (javafx.graphics@11.0.7)
4202:             1             96  com.sun.security.sasl.Provider (java.security.sasl@11.0.7)
4203:             1             96  com.sun.security.sasl.gsskerb.JdkSASL (jdk.security.jgss@11.0.7)
4204:             3             96  com.sun.webkit.Disposer$WeakDisposerRecord (javafx.web@11.0.7)
4205:             3             96  com.sun.webkit.perf.PerfLogger (javafx.web@11.0.7)
4206:             4             96  de.plushnikov.intellij.plugin.inspection.modifiers.RedundantModifiersInfoType
4207:             4             96  fuck_the_regulations_v321.aO
4208:             4             96  git4idea.GitRevisionNumber
4209:             3             96  git4idea.config.UpdateMethod
4210:             4             96  git4idea.history.GitCommitRequirements$DiffRenameLimit
4211:             4             96  gnu.trove.THashMap$EntryView
4212:             2             96  gnu.trove.TIntFloatHashMap
4213:             2             96  gnu.trove.TIntLongHashMap
4214:             2             96  gnu.trove.TObjectFloatHashMap
4215:             3             96  io.netty.buffer.PoolThreadCache$MemoryRegionCache$Entry
4216:             3             96  io.netty.channel.AdaptiveRecvByteBufAllocator
4217:             2             96  io.netty.channel.DefaultChannelPipeline
4218:             4             96  io.netty.channel.VoidChannelPromise
4219:             3             96  io.netty.handler.codec.CodecOutputList$CodecOutputLists
4220:             4             96  io.netty.util.ResourceLeakDetector$Level
4221:             4             96  io.netty.util.internal.DefaultPriorityQueue
4222:             4             96  java.awt.Dialog$ModalityType (java.desktop@11.0.7)
4223:             2             96  java.awt.ImageMediaEntry (java.desktop@11.0.7)
4224:             1             96  java.awt.PopupMenu (java.desktop@11.0.7)
4225:             2             96  java.io.BufferedReader (java.base@11.0.7)
4226:             4             96  java.io.ObjectOutputStream$ReplaceTable (java.base@11.0.7)
4227:             2             96  java.lang.ProcessImpl (java.base@11.0.7)
4228:             3             96  java.lang.Runtime$Version (java.base@11.0.7)
4229:             3             96  java.lang.invoke.SimpleMethodHandle (java.base@11.0.7)
4230:             4             96  java.lang.module.ModuleDescriptor$Modifier (java.base@11.0.7)
4231:             4             96  java.lang.module.ModuleDescriptor$Opens (java.base@11.0.7)
4232:             4             96  java.lang.module.ModuleDescriptor$Requires$Modifier (java.base@11.0.7)
4233:             4             96  java.math.MathContext (java.base@11.0.7)
4234:             6             96  java.net.InetSocketAddress (java.base@11.0.7)
4235:             2             96  java.net.NetworkInterface (java.base@11.0.7)
4236:             4             96  java.nio.file.FileVisitResult (java.base@11.0.7)
4237:             4             96  java.text.Normalizer$Form (java.base@11.0.7)
4238:             4             96  java.time.format.DateTimeFormatterBuilder$OffsetIdPrinterParser (java.base@11.0.7)
4239:             4             96  java.time.format.DateTimeFormatterBuilder$SettingsParser (java.base@11.0.7)
4240:             6             96  java.util.Collections$UnmodifiableMap$UnmodifiableEntrySet (java.base@11.0.7)
4241:             3             96  java.util.concurrent.atomic.LongAdder (java.base@11.0.7)
4242:             2             96  java.util.concurrent.locks.ReentrantReadWriteLock$FairSync (java.base@11.0.7)
4243:             4             96  java.util.regex.Pattern$BmpCharPredicate$$Lambda$1266/0x0000000801122440 (java.base@11.0.7)
4244:             4             96  java.util.regex.Pattern$Qtype (java.base@11.0.7)
4245:             4             96  java.util.stream.StreamShape (java.base@11.0.7)
4246:             4             96  javafx.css.StyleOrigin (javafx.graphics@11.0.7)
4247:             4             96  javafx.geometry.Side (javafx.graphics@11.0.7)
4248:             4             96  javafx.geometry.VPos (javafx.graphics@11.0.7)
4249:             4             96  javafx.scene.effect.BlurType (javafx.graphics@11.0.7)
4250:             4             96  javafx.scene.input.MouseButton (javafx.graphics@11.0.7)
4251:             2             96  javafx.scene.layout.BackgroundPosition (javafx.graphics@11.0.7)
4252:             4             96  javafx.scene.layout.BackgroundRepeat (javafx.graphics@11.0.7)
4253:             4             96  javafx.scene.text.TextAlignment (javafx.graphics@11.0.7)
4254:             1             96  javafx.stage.Window$TKBoundsConfigurator (javafx.graphics@11.0.7)
4255:             4             96  javassist.bytecode.AttributeInfo
4256:             4             96  javax.swing.ClientPropertyKey (java.desktop@11.0.7)
4257:             3             96  javax.swing.JComponent$ActionStandin (java.desktop@11.0.7)
4258:             6             96  javax.swing.JRootPane$RootLayout (java.desktop@11.0.7)
4259:             6             96  javax.swing.JTree$TreeModelHandler (java.desktop@11.0.7)
4260:             6             96  javax.swing.JTree$TreeSelectionRedirector (java.desktop@11.0.7)
4261:             3             96  javax.swing.TimerQueue$DelayedTimer (java.desktop@11.0.7)
4262:             4             96  javax.swing.UIManager$LookAndFeelInfo (java.desktop@11.0.7)
4263:             6             96  javax.swing.plaf.basic.BasicPopupMenuUI$Actions (java.desktop@11.0.7)
4264:             3             96  javax.swing.text.DefaultEditorKit$BeginLineAction (java.desktop@11.0.7)
4265:             3             96  javax.swing.text.DefaultEditorKit$BeginParagraphAction (java.desktop@11.0.7)
4266:             3             96  javax.swing.text.DefaultEditorKit$BeginWordAction (java.desktop@11.0.7)
4267:             3             96  javax.swing.text.DefaultEditorKit$EndLineAction (java.desktop@11.0.7)
4268:             3             96  javax.swing.text.DefaultEditorKit$EndParagraphAction (java.desktop@11.0.7)
4269:             3             96  javax.swing.text.DefaultEditorKit$EndWordAction (java.desktop@11.0.7)
4270:             6             96  javax.swing.text.DefaultStyledDocument$StyleChangeHandler (java.desktop@11.0.7)
4271:             6             96  javax.swing.text.DefaultStyledDocument$StyleContextChangeHandler (java.desktop@11.0.7)
4272:             4             96  javax.swing.text.PlainView$FPMethodArgs (java.desktop@11.0.7)
4273:             3             96  javax.swing.text.StyledEditorKit$AlignmentAction (java.desktop@11.0.7)
4274:             3             96  javax.swing.text.StyledEditorKit$FontFamilyAction (java.desktop@11.0.7)
4275:             2             96  javax.swing.text.html.StyleSheet$ListPainter (java.desktop@11.0.7)
4276:             1             96  jdk.internal.jimage.ImageReader$SharedImageReader (java.base@11.0.7)
4277:             4             96  jdk.internal.logger.BootstrapLogger$LoggingBackend (java.base@11.0.7)
4278:             3             96  jdk.internal.logger.LazyLoggers$LazyLoggerAccessor (java.base@11.0.7)
4279:             4             96  jdk.internal.module.IllegalAccessLogger$Mode (java.base@11.0.7)
4280:             2             96  jdk.internal.ref.CleanerImpl$WeakCleanableRef (java.base@11.0.7)
4281:             3             96  jdk.internal.reflect.UnsafeFloatFieldAccessorImpl (java.base@11.0.7)
4282:             4             96  kotlin.collections.State
4283:             4             96  kotlin.reflect.KVisibility
4284:             4             96  kotlin.reflect.jvm.internal.impl.descriptors.CallableMemberDescriptor$Kind
4285:             4             96  kotlin.reflect.jvm.internal.impl.descriptors.Modality
4286:             1             96  kotlin.reflect.jvm.internal.impl.descriptors.impl.ClassConstructorDescriptorImpl
4287:             1             96  kotlin.reflect.jvm.internal.impl.descriptors.impl.PropertyDescriptorImpl
4288:             4             96  kotlin.reflect.jvm.internal.impl.metadata.ProtoBuf$MemberKind
4289:             4             96  kotlin.reflect.jvm.internal.impl.metadata.ProtoBuf$Modality
4290:             4             96  kotlin.reflect.jvm.internal.impl.metadata.ProtoBuf$Type$Argument$Projection
4291:             4             96  kotlin.reflect.jvm.internal.impl.metadata.deserialization.Flags$EnumLiteFlagField
4292:             4             96  kotlin.reflect.jvm.internal.impl.resolve.ExternalOverridabilityCondition$Result
4293:             4             96  kotlin.reflect.jvm.internal.impl.serialization.deserialization.AnnotatedCallableKind
4294:             4             96  kotlin.reflect.jvm.internal.impl.types.AbstractTypeConstructor$supertypes$1
4295:             4             96  kotlin.reflect.jvm.internal.impl.types.AbstractTypeConstructor$supertypes$3
4296:             3             96  kotlin.reflect.jvm.internal.impl.types.ClassTypeConstructorImpl
4297:             3             96  kotlin.reflect.jvm.internal.impl.types.Variance
4298:             4             96  kotlin.reflect.jvm.internal.impl.types.checker.TypeCheckingProcedure$EnrichedProjectionKind
4299:             3             96  kotlin.reflect.jvm.internal.impl.utils.Jsr305State
4300:             4             96  kotlinx.coroutines.CoroutineStart
4301:             3             96  morfologik.fsa.CFSA2
4302:             6             96  morfologik.fsa.FSATraversal
4303:             4             96  net.jpountz.lz4.LZ4FrameOutputStream$BLOCKSIZE
4304:             3             96  net.sourceforge.pmd.properties.StringProperty
4305:             4             96  org.antlr.v4.runtime.atn.SetTransition
4306:             3             96  org.apache.log4j.helpers.PatternParser$BasicPatternConverter
4307:             1             96  org.apache.xerces.impl.dtd.XMLDTDProcessor
4308:             4             96  org.apache.xerces.impl.xpath.regex.Token$ParenToken
4309:             4             96  org.apache.xerces.impl.xpath.regex.Token$UnionToken
4310:             2             96  org.apache.xerces.util.XMLAttributesImpl
4311:             4             96  org.imgscalr.Scalr$Mode
4312:             1             96  org.intellij.lang.xpath.xslt.run.XsltRunConfiguration
4313:             3             96  org.intellij.markdown.flavours.gfm.TablesGeneratingProvider$Alignment
4314:             4             96  org.intellij.markdown.html.TransparentInlineHolderProvider
4315:             2             96  org.intellij.markdown.lexer.MarkdownLexer
4316:             4             96  org.intellij.plugins.intelliLang.Configuration$DfaOption
4317:             2             96  org.intellij.plugins.markdown.highlighting.MarkdownHighlightingLexer
4318:             4             96  org.intellij.plugins.markdown.lang.MarkdownLazyElementType
4319:             2             96  org.intellij.plugins.markdown.lang.lexer.MarkdownToplevelLexer
4320:             4             96  org.intellij.plugins.markdown.lang.psi.impl.MarkdownHeaderImpl
4321:             3             96  org.intellij.plugins.markdown.ui.split.SplitFileEditor$SplitEditorLayout
4322:             1             96  org.jcp.xml.dsig.internal.dom.XMLDSigRI (java.xml.crypto@11.0.7)
4323:             4             96  org.jdom.output.Format$TextMode
4324:             3             96  org.jetbrains.idea.devkit.inspections.DescriptionType
4325:             3             96  org.jetbrains.idea.devkit.util.ComponentType
4326:             3             96  org.jetbrains.idea.maven.dom.generate.MavenGenerateDomElementProvider
4327:             3             96  org.jetbrains.idea.maven.dom.generate.MavenGenerateTemplateAction
4328:             3             96  org.jetbrains.idea.maven.execution.MavenExecutionOptions$ChecksumPolicy
4329:             3             96  org.jetbrains.idea.maven.execution.MavenExecutionOptions$PluginUpdatePolicy
4330:             2             96  org.jetbrains.idea.maven.indices.MavenIndex$IndexData
4331:             6             96  org.jetbrains.idea.maven.indices.MavenIndex$SetDescriptor
4332:             4             96  org.jetbrains.idea.maven.project.MavenImportingSettings$GeneratedSourcesFolder
4333:             4             96  org.jetbrains.idea.maven.tasks.MavenTasksManager$Phase
4334:             3             96  org.jetbrains.io.ChannelRegistrar
4335:             4             96  org.jetbrains.kotlin.config.JVMAssertionsMode
4336:             4             96  org.jetbrains.kotlin.config.LanguageFeature$State
4337:             4             96  org.jetbrains.kotlin.context.GlobalContextImpl
4338:             1             96  org.jetbrains.kotlin.ide.konan.gradle.KotlinGradleNativeMultiplatformModuleBuilder
4339:             1             96  org.jetbrains.kotlin.idea.configuration.KotlinGradleWebMultiplatformModuleBuilder
4340:             3             96  org.jetbrains.kotlin.idea.configuration.RepositoryDescription
4341:             4             96  org.jetbrains.kotlin.idea.inspections.IntentionBasedInspection$1
4342:             1             96  org.jetbrains.kotlin.idea.run.script.standalone.KotlinStandaloneScriptRunConfiguration
4343:             4             96  org.jetbrains.kotlin.idea.versions.LibInfo
4344:             4             96  org.jetbrains.kotlin.idea.vfilefinder.KotlinMetadataFileIndexBase$INDEXER$1
4345:             4             96  org.jetbrains.kotlin.storage.LockBasedStorageManager
4346:             4             96  org.jetbrains.kotlin.tools.projectWizard.core.entity.DropDownSettingType
4347:             4             96  org.jetbrains.kotlin.tools.projectWizard.plugins.buildSystem.BuildSystemType
4348:             4             96  org.jetbrains.kotlin.tools.projectWizard.plugins.kotlin.ModuleType
4349:             1             96  org.jetbrains.kotlin.tools.projectWizard.settings.buildsystem.Module$Companion$parser$1
4350:             4             96  org.jetbrains.kotlin.tools.projectWizard.settings.buildsystem.ModuleKind
4351:             3             96  org.jetbrains.kotlin.tools.projectWizard.templates.KtorServerEngine
4352:             4             96  org.jetbrains.plugins.gradle.settings.DistributionType
4353:             3             96  org.jetbrains.plugins.scala.caches.stats.CacheTracker$TrackedCacheTypeImpl
4354:             6             96  org.jetbrains.plugins.scala.codeInsight.intention.stringLiteral.FormatConversionIntention$Parts$
4355:             2             96  org.jetbrains.plugins.scala.lang.psi.impl.toplevel.synthetic.SyntheticClasses
4356:             3             96  org.jetbrains.plugins.scala.lang.psi.stubs.elements.ScStubFileElementType
4357:             1             96  org.jetbrains.plugins.scala.lang.psi.stubs.index.ScalaIndexKeys$
4358:             3             96  org.jetbrains.plugins.scala.lang.psi.types.api.TypeParameterType
4359:             1             96  org.jetbrains.plugins.scala.settings.ScalaProjectSettings
4360:             4             96  org.jetbrains.plugins.scala.testingSupport.test.TestRunConfigurationForm$TestKind
4361:             3             96  org.jetbrains.yaml.formatter.YAMLCodeStyleSettings
4362:             3             96  org.languagetool.rules.spelling.morfologik.MorfologikMultiSpeller
4363:             2             96  org.languagetool.tools.resource.ResourceBundleWithFallback
4364:             4             96  org.owasp.html.HtmlLexer$State
4365:             2             96  org.zmlx.hg4idea.HgOptionsTopHitProvider$1
4366:             3             96  sun.awt.SoftCache (java.desktop@11.0.7)
4367:             3             96  sun.awt.image.BufferedImageDevice (java.desktop@11.0.7)
4368:             2             96  sun.awt.image.URLImageSource (java.desktop@11.0.7)
4369:             4             96  sun.java2d.StateTrackable$State (java.desktop@11.0.7)
4370:             3             96  sun.java2d.marlin.OffHeapArray (java.desktop@11.0.7)
4371:             2             96  sun.java2d.opengl.CGLLayer (java.desktop@11.0.7)
4372:             6             96  sun.java2d.pipe.AAShapePipe (java.desktop@11.0.7)
4373:             6             96  sun.java2d.pipe.TextRenderer (java.desktop@11.0.7)
4374:             2             96  sun.lwawt.macosx.CMenuBar (java.desktop@11.0.7)
4375:             3             96  sun.lwawt.macosx.CMouseDragGestureRecognizer (java.desktop@11.0.7)
4376:             4             96  sun.lwawt.macosx.CPlatformResponder$DeltaAccumulator (java.desktop@11.0.7)
4377:             3             96  sun.net.spi.DefaultProxySelector$NonProxyInfo (java.base@11.0.7)
4378:             3             96  sun.nio.ch.AllocatedNativeObject (java.base@11.0.7)
4379:             2             96  sun.nio.ch.SelectionKeyImpl (java.base@11.0.7)
4380:             4             96  sun.nio.fs.NativeBuffer$Deallocator (java.base@11.0.7)
4381:             1             96  sun.reflect.misc.MethodUtil (java.base@11.0.7)
4382:             1             96  sun.security.ec.SunEC (jdk.crypto.ec@11.0.7)
4383:             1             96  sun.security.jca.ProviderList$1 (java.base@11.0.7)
4384:             1             96  sun.security.jgss.SunProvider (java.security.jgss@11.0.7)
4385:             1             96  sun.security.provider.certpath.ldap.JdkLDAP (java.naming@11.0.7)
4386:             1             96  sun.security.rsa.SunRsaSign (java.base@11.0.7)
4387:             1             96  sun.security.smartcardio.SunPCSC (java.smartcardio@11.0.7)
4388:             3             96  sun.security.ssl.CipherSuite$HashAlg (java.base@11.0.7)
4389:             4             96  sun.security.ssl.CipherType (java.base@11.0.7)
4390:             3             96  sun.security.ssl.ECPointFormatsExtension$ECPointFormat (java.base@11.0.7)
4391:             2             96  sun.security.ssl.SSLContextImpl$TLSContext (java.base@11.0.7)
4392:             3             96  sun.security.ssl.SignatureScheme$SigAlgParamSpec (java.base@11.0.7)
4393:             3             96  sun.security.ssl.X509TrustManagerImpl (java.base@11.0.7)
4394:             3             96  sun.security.x509.AuthorityInfoAccessExtension (java.base@11.0.7)
4395:             3             96  sun.security.x509.NetscapeCertTypeExtension (java.base@11.0.7)
4396:             2             88  [Lcom.intellij.codeInsight.daemon.impl.HighlightInfoFilter;
4397:             3             88  [Lcom.intellij.database.settings.UserPatterns$ParameterPattern;
4398:             1             88  [Lcom.intellij.grazie.detector.model.Language;
4399:             1             88  [Lcom.intellij.ide.projectView.TreeStructureProvider;
4400:             3             88  [Lcom.intellij.ide.util.treeView.TreeState$PathElement;
4401:             1             88  [Lcom.intellij.lang.javascript.index.FrameworkIndexingHandlerEP;
4402:             2             88  [Lcom.intellij.openapi.editor.colors.ColorKey;
4403:             1             88  [Lcom.intellij.pom.PomDeclarationSearcher;
4404:             1             88  [Lcom.intellij.psi.codeStyle.CodeStyleSettingsCustomizable$BlankLinesOption;
4405:             1             88  [Ljava.awt.geom.AffineTransform; (java.desktop@11.0.7)
4406:             3             88  [Ljava.rmi.server.Operation; (java.rmi@11.0.7)
4407:             2             88  [Ljava.util.Map; (java.base@11.0.7)
4408:             1             88  [Ljavafx.application.ConditionalFeature; (javafx.graphics@11.0.7)
4409:             2             88  [Lkotlin.Pair;
4410:             1             88  [Lkotlin.reflect.jvm.internal.impl.protobuf.WireFormat$FieldType;
4411:             1             88  [Lnet.jpountz.lz4.LZ4Compressor;
4412:             2             88  [Lsun.security.jca.ProviderConfig; (java.base@11.0.7)
4413:             1             88  [Lsun.security.ssl.CipherSuite$KeyExchange; (java.base@11.0.7)
4414:             1             88  [[Ljava.lang.Byte; (java.base@11.0.7)
4415:             1             88  com.android.tools.adtui.webp.WebpImageReaderSpi
4416:             1             88  com.android.tools.adtui.webp.WebpImageWriterSpi
4417:             1             88  com.android.tools.idea.testartifacts.junit.AndroidJUnitConfiguration$1
4418:             1             88  com.intellij.compiler.server.BuildManager
4419:             1             88  com.intellij.database.settings.DatabaseSettings
4420:             1             88  com.intellij.execution.impl.RunManagerImpl
4421:             1             88  com.intellij.ide.projectWizard.ProjectTypeStep
4422:             1             88  com.intellij.openapi.actionSystem.impl.ActionManagerImpl
4423:             1             88  com.intellij.openapi.editor.ex.EditorSettingsExternalizable$OptionSet
4424:             1             88  com.intellij.openapi.progress.util.ProgressIndicatorBase
4425:             1             88  com.intellij.openapi.project.impl.DefaultProject$1$1
4426:             1             88  com.intellij.openapi.project.impl.ProjectImpl
4427:             1             88  com.intellij.openapi.roots.ui.configuration.projectRoot.GlobalLibrariesConfigurable
4428:             1             88  com.intellij.openapi.roots.ui.configuration.projectRoot.ProjectLibrariesConfigurable
4429:             1             88  com.intellij.openapi.vcs.changes.ChangeListManagerImpl
4430:             1             88  com.intellij.profiler.api.monitor.CpuAndMemoryDemo
4431:             1             88  com.intellij.psi.search.FileTypeMapReduceIndex
4432:             1             88  com.sun.imageio.plugins.bmp.BMPImageReaderSpi (java.desktop@11.0.7)
4433:             1             88  com.sun.imageio.plugins.bmp.BMPImageWriterSpi (java.desktop@11.0.7)
4434:             1             88  com.sun.imageio.plugins.gif.GIFImageReaderSpi (java.desktop@11.0.7)
4435:             1             88  com.sun.imageio.plugins.gif.GIFImageWriterSpi (java.desktop@11.0.7)
4436:             1             88  com.sun.imageio.plugins.jpeg.JPEGImageReaderSpi (java.desktop@11.0.7)
4437:             1             88  com.sun.imageio.plugins.jpeg.JPEGImageWriterSpi (java.desktop@11.0.7)
4438:             1             88  com.sun.imageio.plugins.png.PNGImageReaderSpi (java.desktop@11.0.7)
4439:             1             88  com.sun.imageio.plugins.png.PNGImageWriterSpi (java.desktop@11.0.7)
4440:             1             88  com.sun.imageio.plugins.tiff.TIFFImageReaderSpi (java.desktop@11.0.7)
4441:             1             88  com.sun.imageio.plugins.tiff.TIFFImageWriterSpi (java.desktop@11.0.7)
4442:             1             88  com.sun.imageio.plugins.wbmp.WBMPImageReaderSpi (java.desktop@11.0.7)
4443:             1             88  com.sun.imageio.plugins.wbmp.WBMPImageWriterSpi (java.desktop@11.0.7)
4444:             1             88  com.sun.javafx.tk.quantum.PerformanceTrackerImpl (javafx.graphics@11.0.7)
4445:             1             88  com.sun.javafx.tk.quantum.QuantumRenderer (javafx.graphics@11.0.7)
4446:             1             88  com.twelvemonkeys.imageio.plugins.tiff.BigTIFFImageReaderSpi
4447:             1             88  com.twelvemonkeys.imageio.plugins.tiff.TIFFImageReaderSpi
4448:             1             88  com.twelvemonkeys.imageio.plugins.tiff.TIFFImageWriterSpi
4449:             1             88  io.netty.buffer.PoolChunk
4450:             1             88  java.awt.Menu (java.desktop@11.0.7)
4451:             1             88  javafx.scene.Scene$MouseHandler (javafx.graphics@11.0.7)
4452:             1             88  javafx.scene.control.skin.ScrollBarSkin (javafx.controls@11.0.7)
4453:             1             88  javax.swing.JMenuBar$AccessibleJMenuBar (java.desktop@11.0.7)
4454:             1             88  javax.swing.JViewport$AccessibleJViewport (java.desktop@11.0.7)
4455:             1             88  javax.swing.ToolTipManager (java.desktop@11.0.7)
4456:             1             88  javax.swing.text.html.parser.DTD (java.desktop@11.0.7)
4457:             1             88  kotlin.reflect.jvm.internal.impl.serialization.deserialization.DeserializationComponents
4458:             1             88  org.apache.log4j.RollingFileAppender
4459:             1             88  org.apache.oro.text.regex.Perl5Matcher
4460:             1             88  org.jetbrains.idea.maven.wizards.MavenStructureWizardStep
4461:             1             88  org.jetbrains.idea.svn.SvnConfigurationState
4462:             1             88  org.jetbrains.plugins.gradle.service.project.wizard.GradleStructureWizardStep
4463:             1             88  org.jetbrains.plugins.scala.findUsages.compilerReferences.ScalaCompilerReferenceService
4464:             1             88  org.jetbrains.plugins.scala.lang.lexer.ScalaTokenType$
4465:             1             88  org.jetbrains.plugins.scala.lang.psi.api.PropertyMethods$
4466:             1             88  org.jetbrains.plugins.scala.lang.psi.types.api.StdTypes
4467:             1             88  scala.collection.convert.Wrappers$
4468:             1             88  scala.reflect.ClassTag$
4469:             1             88  scala.reflect.ManifestFactory$
4470:             1             88  sun.font.GlyphList (java.desktop@11.0.7)
4471:             2             80  [Lcom.google.wireless.android.sdk.stats.AndroidStudioEvent$IdeBrand;
4472:             1             80  [Lcom.intellij.codeInsight.highlighting.HighlightUsagesHandlerFactory;
4473:             3             80  [Lcom.intellij.diagram.actions.DiagramCreateNewNodeElementAction;
4474:             2             80  [Lcom.intellij.grazie.detector.model.alphabet.Alphabet$Group;
4475:             1             80  [Lcom.intellij.grazie.remote.RemoteLangDescriptor;
4476:             1             80  [Lcom.intellij.ide.SelectInTarget;
4477:             2             80  [Lcom.intellij.ide.browsers.BrowserFamily;
4478:             2             80  [Lcom.intellij.ide.ui.search.OptionDescription;
4479:             1             80  [Lcom.intellij.lang.javascript.DialectOptionHolder;
4480:             2             80  [Lcom.intellij.lang.javascript.index.JSPackageIndexInfo$Kind;
4481:             1             80  [Lcom.intellij.openapi.actionSystem.ActionPromoter;
4482:             1             80  [Lcom.intellij.openapi.application.ExperimentalFeatureImpl;
4483:             2             80  [Lcom.intellij.openapi.editor.colors.impl.TextAttributesReader$Effect;
4484:             1             80  [Lcom.intellij.openapi.fileEditor.impl.EditorTabTitleProvider;
4485:             1             80  [Lcom.intellij.openapi.projectRoots.JavaSdkVersion;
4486:             1             80  [Lcom.intellij.openapi.wm.StatusBarWidgetFactory;
4487:             1             80  [Lcom.intellij.packaging.artifacts.ArtifactType;
4488:             1             80  [Lcom.intellij.psi.injection.ReferenceInjector;
4489:             1             80  [Lcom.intellij.spring.security.references.extensions.SpringSecurityRolesProvider;
4490:             2             80  [Lcom.intellij.ui.CommonActionsPanel$Buttons;
4491:             1             80  [Lcom.intellij.ui.stripe.ErrorStripePainter$Value;
4492:             1             80  [Lcom.intellij.util.IntSLRUCache;
4493:             1             80  [Lcom.intellij.util.containers.SLRUCache;
4494:             2             80  [Lcom.intellij.util.lang.Resource$Attribute;
4495:             2             80  [Lcom.intellij.util.lang.Resource$Attribute;
4496:             2             80  [Lcom.intellij.util.text.DateFormatUtil$Period;
4497:             2             80  [Lcom.sun.javafx.font.FontResource; (javafx.graphics@11.0.7)
4498:             1             80  [Lcom.sun.javafx.font.LogicalFont; (javafx.graphics@11.0.7)
4499:             1             80  [Lio.netty.handler.codec.http.HttpMethod$EnumNameMap$Node;
4500:             1             80  [Ljava.time.temporal.ChronoUnit; (java.base@11.0.7)
4501:             1             80  [Ljava.util.concurrent.ForkJoinPool$WorkQueue; (java.base@11.0.7)
4502:             1             80  [Ljava.util.concurrent.atomic.AtomicLong; (java.base@11.0.7)
4503:             1             80  [Ljava.util.concurrent.locks.ReadWriteLock; (java.base@11.0.7)
4504:             5             80  [Ljava.util.prefs.NodeChangeListener; (java.prefs@11.0.7)
4505:             5             80  [Ljava.util.prefs.PreferenceChangeListener; (java.prefs@11.0.7)
4506:             2             80  [Ljava.util.stream.StreamOpFlag$Type; (java.base@11.0.7)
4507:             1             80  [Ljavafx.scene.AccessibleAction; (javafx.graphics@11.0.7)
4508:             2             80  [Lkotlin.reflect.jvm.internal.impl.metadata.ProtoBuf$Visibility;
4509:             2             80  [Lmorfologik.fsa.FSAFlags;
4510:             1             80  [Lorg.jetbrains.kotlin.idea.codeInsight.KotlinBreadcrumbsInfoProvider$ElementHandler;
4511:             5             80  [Lorg.jetbrains.kotlin.psi.KtConstantExpression;
4512:             1             80  [Lorg.jetbrains.kotlin.tools.projectWizard.plugins.kotlin.ModuleSubType;
4513:             2             80  [Lorg.languagetool.rules.patterns.Match$CaseConversion;
4514:             2             80  [Lsun.security.ssl.SupportedGroupsExtension$NamedGroupType; (java.base@11.0.7)
4515:             1             80  [[Lorg.antlr.v4.runtime.atn.ATNConfig;
4516:             1             80  com.alibaba.p3c.pmd.lang.java.rule.comment.AbstractMethodOrInterfaceMethodMustUseJavadocRule
4517:             1             80  com.alibaba.p3c.pmd.lang.java.rule.comment.AvoidCommentBehindStatementRule
4518:             1             80  com.alibaba.p3c.pmd.lang.java.rule.comment.ClassMustHaveAuthorRule
4519:             1             80  com.alibaba.p3c.pmd.lang.java.rule.comment.CommentsMustBeJavadocFormatRule
4520:             1             80  com.alibaba.p3c.pmd.lang.java.rule.comment.EnumConstantsMustHaveCommentRule
4521:             1             80  com.alibaba.p3c.pmd.lang.java.rule.comment.RemoveCommentedCodeRule
4522:             1             80  com.alibaba.p3c.pmd.lang.java.rule.concurrent.AvoidCallStaticSimpleDateFormatRule
4523:             1             80  com.alibaba.p3c.pmd.lang.java.rule.concurrent.AvoidConcurrentCompetitionRandomRule
4524:             1             80  com.alibaba.p3c.pmd.lang.java.rule.concurrent.AvoidManuallyCreateThreadRule
4525:             1             80  com.alibaba.p3c.pmd.lang.java.rule.concurrent.AvoidUseTimerRule
4526:             1             80  com.alibaba.p3c.pmd.lang.java.rule.concurrent.CountDownShouldInFinallyRule
4527:             1             80  com.alibaba.p3c.pmd.lang.java.rule.concurrent.LockShouldWithTryFinallyRule
4528:             1             80  com.alibaba.p3c.pmd.lang.java.rule.concurrent.ThreadLocalShouldRemoveRule
4529:             1             80  com.alibaba.p3c.pmd.lang.java.rule.concurrent.ThreadPoolCreationRule
4530:             1             80  com.alibaba.p3c.pmd.lang.java.rule.concurrent.ThreadShouldSetNameRule
4531:             1             80  com.alibaba.p3c.pmd.lang.java.rule.constant.UndefineMagicConstantRule
4532:             1             80  com.alibaba.p3c.pmd.lang.java.rule.exception.AvoidReturnInFinallyRule
4533:             1             80  com.alibaba.p3c.pmd.lang.java.rule.exception.MethodReturnWrapperTypeRule
4534:             1             80  com.alibaba.p3c.pmd.lang.java.rule.exception.TransactionMustHaveRollbackRule
4535:             1             80  com.alibaba.p3c.pmd.lang.java.rule.flowcontrol.AvoidComplexConditionRule
4536:             1             80  com.alibaba.p3c.pmd.lang.java.rule.flowcontrol.AvoidNegationOperatorRule
4537:             1             80  com.alibaba.p3c.pmd.lang.java.rule.flowcontrol.SwitchStatementRule
4538:             1             80  com.alibaba.p3c.pmd.lang.java.rule.naming.AbstractClassShouldStartWithAbstractNamingRule
4539:             1             80  com.alibaba.p3c.pmd.lang.java.rule.naming.AvoidStartWithDollarAndUnderLineNamingRule
4540:             1             80  com.alibaba.p3c.pmd.lang.java.rule.naming.BooleanPropertyShouldNotStartWithIsRule
4541:             1             80  com.alibaba.p3c.pmd.lang.java.rule.naming.ClassNamingShouldBeCamelRule
4542:             1             80  com.alibaba.p3c.pmd.lang.java.rule.naming.ConstantFieldShouldBeUpperCaseRule
4543:             1             80  com.alibaba.p3c.pmd.lang.java.rule.naming.ExceptionClassShouldEndWithExceptionRule
4544:             1             80  com.alibaba.p3c.pmd.lang.java.rule.naming.LowerCamelCaseVariableNamingRule
4545:             1             80  com.alibaba.p3c.pmd.lang.java.rule.naming.PackageNamingRule
4546:             1             80  com.alibaba.p3c.pmd.lang.java.rule.naming.ServiceOrDaoClassShouldEndWithImplRule
4547:             1             80  com.alibaba.p3c.pmd.lang.java.rule.naming.TestClassShouldEndWithTestNamingRule
4548:             1             80  com.alibaba.p3c.pmd.lang.java.rule.oop.BigDecimalAvoidDoubleConstructorRule
4549:             1             80  com.alibaba.p3c.pmd.lang.java.rule.oop.PojoMustOverrideToStringRule
4550:             1             80  com.alibaba.p3c.pmd.lang.java.rule.oop.PojoMustUsePrimitiveFieldRule
4551:             1             80  com.alibaba.p3c.pmd.lang.java.rule.oop.PojoNoDefaultValueRule
4552:             1             80  com.alibaba.p3c.pmd.lang.java.rule.oop.StringConcatRule
4553:             1             80  com.alibaba.p3c.pmd.lang.java.rule.orm.IbatisMethodQueryForListRule
4554:             1             80  com.alibaba.p3c.pmd.lang.java.rule.other.AvoidApacheBeanUtilsCopyRule
4555:             1             80  com.alibaba.p3c.pmd.lang.java.rule.other.AvoidDoubleOrFloatEqualCompareRule
4556:             1             80  com.alibaba.p3c.pmd.lang.java.rule.other.AvoidMissUseOfMathRandomRule
4557:             1             80  com.alibaba.p3c.pmd.lang.java.rule.other.AvoidNewDateGetTimeRule
4558:             1             80  com.alibaba.p3c.pmd.lang.java.rule.other.AvoidPatternCompileInMethodRule
4559:             1             80  com.alibaba.p3c.pmd.lang.java.rule.other.MethodTooLongRule
4560:             1             80  com.alibaba.p3c.pmd.lang.java.rule.other.UseRightCaseForDateFormatRule
4561:             1             80  com.alibaba.p3c.pmd.lang.java.rule.set.ClassCastExceptionWithSubListToArrayListRule
4562:             1             80  com.alibaba.p3c.pmd.lang.java.rule.set.ClassCastExceptionWithToArrayRule
4563:             1             80  com.alibaba.p3c.pmd.lang.java.rule.set.CollectionInitShouldAssignCapacityRule
4564:             1             80  com.alibaba.p3c.pmd.lang.java.rule.set.ConcurrentExceptionWithModifyOriginSubListRule
4565:             1             80  com.alibaba.p3c.pmd.lang.java.rule.set.DontModifyInForeachCircleRule
4566:             1             80  com.alibaba.p3c.pmd.lang.java.rule.set.UnsupportedExceptionWithModifyAsListRule
4567:             1             80  com.alibaba.p3c.pmd.lang.vm.rule.other.UseQuietReferenceNotationRule
4568:             1             80  com.android.tools.idea.testartifacts.junit.AndroidJUnitConfiguration
4569:             1             80  com.apple.eawt._AppEventHandler (java.desktop@11.0.7)
4570:             1             80  com.fasterxml.jackson.databind.DeserializationConfig
4571:             1             80  com.fasterxml.jackson.databind.SerializationConfig
4572:             2             80  com.google.common.collect.ImmutableSortedMap
4573:             2             80  com.google.protobuf.SmallSortedMap$1
4574:             2             80  com.intellij.application.options.CodeStyleCachedValueProvider$AsyncComputation
4575:             1             80  com.intellij.codeInsight.CodeInsightSettings
4576:             1             80  com.intellij.codeInsight.daemon.impl.DaemonCodeAnalyzerImpl
4577:             2             80  com.intellij.codeInsight.daemon.impl.SeverityRegistrar
4578:             1             80  com.intellij.codeInsight.daemon.impl.analysis.HighlightVisitorImpl
4579:             2             80  com.intellij.codeInspection.deadCode.UnusedDeclarationInspection
4580:             1             80  com.intellij.compiler.CompilerConfigurationImpl
4581:             5             80  com.intellij.debugger.streams.resolve.AppendResolver
4582:             5             80  com.intellij.designer.LightToolWindowManager$$Lambda$1751/0x000000080176d040
4583:             5             80  com.intellij.designer.LightToolWindowManager$$Lambda$1752/0x000000080176d440
4584:             5             80  com.intellij.designer.LightToolWindowManager$$Lambda$1753/0x000000080176c840
4585:             2             80  com.intellij.dvcs.branch.DvcsBranchSettings
4586:             1             80  com.intellij.execution.junit.JUnitConfiguration
4587:             1             80  com.intellij.execution.process.OSProcessHandler$Silent
4588:             5             80  com.intellij.execution.testframework.TestSearchScope$Wrapper
4589:             2             80  com.intellij.formatting.SpacingImpl
4590:             1             80  com.intellij.ide.IdeKeyboardFocusManager
4591:             1             80  com.intellij.ide.IdeTooltipManager
4592:             1             80  com.intellij.ide.scopeView.ScopeViewPane
4593:             2             80  com.intellij.ide.ui.DaemonCodeAnalyzerOptionDescription
4594:             5             80  com.intellij.ide.ui.SplitterProportionsDataImpl
4595:             2             80  com.intellij.ide.util.newProjectWizard.FrameworkGroupNode
4596:             1             80  com.intellij.ide.util.projectWizard.NamePathComponent$NameFieldDocument
4597:             1             80  com.intellij.ide.util.projectWizard.NamePathComponent$PathFieldDocument
4598:             2             80  com.intellij.idea.PrintStreamLogger
4599:             1             80  com.intellij.javascript.nodejs.library.NodeModulesDirectoryManager
4600:             2             80  com.intellij.lang.javascript.JSInjectionBracesUtil$$Lambda$1210/0x0000000800f68840
4601:             2             80  com.intellij.openapi.actionSystem.AnActionEvent
4602:             1             80  com.intellij.openapi.application.Preloader$1
4603:             2             80  com.intellij.openapi.application.impl.FlushQueue
4604:             2             80  com.intellij.openapi.command.impl.FileUndoProvider
4605:             5             80  com.intellij.openapi.editor.event.EditorMouseEventArea
4606:             2             80  com.intellij.openapi.editor.impl.CaretImpl$PositionMarker
4607:             2             80  com.intellij.openapi.editor.impl.MarkupModelImpl
4608:             2             80  com.intellij.openapi.editor.impl.view.LogicalPositionCache
4609:             2             80  com.intellij.openapi.editor.impl.view.TextLayoutCache
4610:             2             80  com.intellij.openapi.fileEditor.impl.EditorTabbedContainer$CloseTab
4611:             2             80  com.intellij.openapi.fileEditor.impl.text.PsiAwareTextEditorImpl
4612:             5             80  com.intellij.openapi.fileTypes.WildcardFileNameMatcher$SuffixMatcher
4613:             1             80  com.intellij.openapi.module.impl.ModuleImpl
4614:             1             80  com.intellij.openapi.project.DumbServiceImpl
4615:             2             80  com.intellij.openapi.roots.impl.CompilerModuleExtensionImpl
4616:             5             80  com.intellij.openapi.roots.ui.configuration.SdkComboBox$1
4617:             5             80  com.intellij.openapi.roots.ui.configuration.SdkComboBoxModel$Companion$createJdkComboBoxModel$sdkTypeFilter$1
4618:             5             80  com.intellij.openapi.roots.ui.configuration.SdkComboBoxModel$Companion$createSdkComboBoxModel$sdkTypeCondition$1$1
4619:             5             80  com.intellij.openapi.roots.ui.configuration.SdkComboBoxModel$Companion$createSdkComboBoxModel$sdkTypeCreationCondition$1$1
4620:             5             80  com.intellij.openapi.roots.ui.configuration.SdkListItem$ProjectSdkItem
4621:             2             80  com.intellij.openapi.util.KeyedExtensionCollector
4622:             2             80  com.intellij.openapi.vcs.ex.LocalRange
4623:             5             80  com.intellij.openapi.wm.impl.IdeGlassPaneImpl$$Lambda$874/0x0000000800b2a440
4624:             5             80  com.intellij.openapi.wm.impl.content.BaseLabel$1
4625:             2             80  com.intellij.openapi.wm.impl.welcomeScreen.FlatWelcomeFrame$FlatWelcomeScreen$5
4626:             5             80  com.intellij.play.references.PlayPathViewsPsiReferenceProvider
4627:             1             80  com.intellij.plugins.jboss.arquillian.runConfiguration.ArquillianJUnitRunConfiguration
4628:             1             80  com.intellij.plugins.jboss.arquillian.runConfiguration.ArquillianTestNGRunConfiguration
4629:             1             80  com.intellij.psi.refResolve.RefResolveServiceImpl
4630:             1             80  com.intellij.scala.ssp.lang.parser.SspElementTypes$
4631:             5             80  com.intellij.spellchecker.tokenizer.CommentTokenizer
4632:             5             80  com.intellij.spellchecker.tokenizer.SpellcheckingStrategy$XmlAttributeValueTokenizer
4633:             1             80  com.intellij.spring.boot.initializr.SpringInitializrApplicationInfoStep
4634:             5             80  com.intellij.ui.CoreIconManager$$Lambda$3189/0x0000000801e12840
4635:             2             80  com.intellij.ui.InplaceButton$1
4636:             2             80  com.intellij.ui.TreeSpeedSearch$MySelectAllAction
4637:             2             80  com.intellij.ui.mac.touchbar.BarContainer
4638:             1             80  com.intellij.ui.tabs.impl.DragHelper
4639:             1             80  com.intellij.ui.tabs.impl.singleRow.SingleRowPassInfo
4640:             2             80  com.intellij.uml.diff.DiffUmlProvider
4641:             5             80  com.intellij.util.SofterReference
4642:             5             80  com.intellij.util.concurrency.BoundedTaskExecutor$$Lambda$479/0x0000000800590040
4643:             2             80  com.intellij.util.concurrency.Invoker$Background
4644:             5             80  com.intellij.util.concurrency.QueueProcessor$$Lambda$2296/0x0000000801a30840
4645:             5             80  com.intellij.util.containers.WeakInterner
4646:             5             80  com.intellij.util.indexing.IndexId
4647:             5             80  com.intellij.util.indexing.impl.forward.EmptyForwardIndex
4648:             5             80  com.intellij.util.indexing.impl.perFileVersion.PersistentSubIndexerVersionEnumerator$MyEnumerator
4649:             2             80  com.intellij.util.ui.ButtonlessScrollBarUI$9
4650:             5             80  com.intellij.util.xmlb.SmartSerializer$1
4651:             1             80  com.intellij.vcs.commit.message.CommitMessageInspectionProfile
4652:             5             80  com.intellij.vcs.log.VcsLogProperties$VcsLogProperty
4653:             1             80  com.intellij.vcs.log.data.VcsLogData
4654:             1             80  com.intellij.vcs.log.data.index.VcsLogPersistentIndex
4655:             1             80  com.intellij.xdebugger.impl.breakpoints.XBreakpointManagerImpl
4656:             5             80  com.jetbrains.clones.configuration.IntProperty
4657:             1             80  com.jetbrains.nodejs.run.NodeJsRunConfigurationState
4658:             1             80  com.jetbrains.plugins.webDeployment.config.OldPublishConfigStateHolder$State
4659:             2             80  com.siyeh.ig.naming.FieldNamingConventionInspection
4660:             2             80  com.siyeh.ig.naming.NewClassNamingConventionInspection
4661:             2             80  com.siyeh.ig.naming.NewMethodNamingConventionInspection
4662:             2             80  com.sun.javafx.event.EventDispatchChainImpl (javafx.base@11.0.7)
4663:             1             80  com.sun.javafx.tk.quantum.MasterTimer (javafx.graphics@11.0.7)
4664:             5             80  com.sun.org.apache.xerces.internal.util.AugmentationsImpl (java.xml@11.0.7)
4665:             2             80  com.sun.prism.es2.ES2TextureData (javafx.graphics@11.0.7)
4666:             5             80  com.sun.proxy.$Proxy0
4667:             5             80  com.sun.proxy.$Proxy30
4668:             5             80  com.sun.proxy.$Proxy40
4669:             5             80  com.sun.proxy.$Proxy45
4670:             2             80  com.sun.scenario.effect.BoxShadow (javafx.graphics@11.0.7)
4671:             2             80  com.sun.scenario.effect.DropShadow (javafx.graphics@11.0.7)
4672:             2             80  com.sun.scenario.effect.impl.prism.ps.PPSRenderer (javafx.graphics@11.0.7)
4673:             2             80  freemarker.ext.beans.BeansModelCache
4674:             5             80  freemarker.log._Log4jLoggerFactory$Log4jLogger
4675:             2             80  io.netty.bootstrap.ServerBootstrap$ServerBootstrapAcceptor
4676:             2             80  io.netty.channel.AbstractChannel$CloseFuture
4677:             2             80  io.netty.channel.nio.AbstractNioMessageChannel$NioMessageUnsafe
4678:             2             80  io.netty.handler.codec.http.HttpVersion
4679:             2             80  io.netty.util.Signal
4680:             5             80  io.netty.util.internal.TypeParameterMatcher$ReflectiveMatcher
4681:             1             80  java.awt.EventQueue (java.desktop@11.0.7)
4682:             2             80  java.awt.image.RescaleOp (java.desktop@11.0.7)
4683:             2             80  java.io.ExpiringCache (java.base@11.0.7)
4684:             2             80  java.io.PrintStream (java.base@11.0.7)
4685:             2             80  java.lang.ModuleLayer (java.base@11.0.7)
4686:             2             80  java.lang.VirtualMachineError (java.base@11.0.7)
4687:             2             80  java.lang.invoke.MethodHandleImpl$IntrinsicMethodHandle (java.base@11.0.7)
4688:             2             80  java.lang.invoke.VarHandleObjects$Array (java.base@11.0.7)
4689:             2             80  java.lang.module.Configuration (java.base@11.0.7)
4690:             5             80  java.rmi.server.RemoteObjectInvocationHandler (java.rmi@11.0.7)
4691:             5             80  java.util.AbstractMap$1 (java.base@11.0.7)
4692:             2             80  java.util.Locale$Category (java.base@11.0.7)
4693:             2             80  java.util.concurrent.CancellationException (java.base@11.0.7)
4694:             2             80  java.util.concurrent.CompletableFuture$UniHandle (java.base@11.0.7)
4695:             5             80  javafx.beans.WeakInvalidationListener (javafx.base@11.0.7)
4696:             2             80  javafx.beans.property.SimpleIntegerProperty (javafx.base@11.0.7)
4697:             2             80  javafx.scene.Node$17 (javafx.graphics@11.0.7)
4698:             2             80  javafx.scene.effect.DropShadow$1 (javafx.graphics@11.0.7)
4699:             2             80  javafx.scene.effect.DropShadow$2 (javafx.graphics@11.0.7)
4700:             2             80  javafx.scene.effect.DropShadow$3 (javafx.graphics@11.0.7)
4701:             2             80  javafx.scene.effect.DropShadow$4 (javafx.graphics@11.0.7)
4702:             2             80  javafx.scene.effect.DropShadow$5 (javafx.graphics@11.0.7)
4703:             2             80  javafx.scene.effect.DropShadow$6 (javafx.graphics@11.0.7)
4704:             2             80  javafx.scene.effect.DropShadow$7 (javafx.graphics@11.0.7)
4705:             2             80  javafx.scene.effect.DropShadow$8 (javafx.graphics@11.0.7)
4706:             2             80  javafx.scene.layout.Region$ShapeProperty (javafx.graphics@11.0.7)
4707:             2             80  javafx.scene.shape.SVGPath$3 (javafx.graphics@11.0.7)
4708:             1             80  javax.swing.RepaintManager (java.desktop@11.0.7)
4709:             2             80  javax.swing.border.TitledBorder (java.desktop@11.0.7)
4710:             2             80  javax.swing.plaf.basic.BasicSpinnerUI$ArrowButtonHandler (java.desktop@11.0.7)
4711:             2             80  jdk.internal.ref.CleanerImpl$CleanerCleanable (java.base@11.0.7)
4712:             5             80  kotlin.reflect.jvm.internal.impl.types.ErrorUtils$ErrorScope
4713:             2             80  kotlinx.coroutines.internal.LockFreeTaskQueueCore
4714:             2             80  org.apache.xerces.impl.dtd.XMLDTDDescription
4715:             2             80  org.apache.xerces.impl.validation.ValidationState
4716:             2             80  org.intellij.markdown.ast.impl.ListCompositeNode
4717:             2             80  org.jdom.output.Format
4718:             1             80  org.jetbrains.idea.maven.project.MavenGeneralSettings
4719:             2             80  org.jetbrains.idea.maven.server.MavenIndexerWrapper$IndexData
4720:             2             80  org.jetbrains.idea.svn.actions.AddToIgnoreListAction
4721:             1             80  org.jetbrains.idea.svn.actions.IgnoreActionGroup
4722:             2             80  org.jetbrains.idea.svn.actions.RemoveFromIgnoreListAction
4723:             2             80  org.jetbrains.kotlin.psi.stubs.elements.KtClassElementType
4724:             2             80  org.jetbrains.kotlin.psi.stubs.elements.KtValueArgumentElementType
4725:             5             80  org.jetbrains.plugins.gradle.service.settings.IdeaGradleProjectSettingsControlBuilder$$Lambda$1441/0x0000000801459c40
4726:             5             80  org.jetbrains.plugins.gradle.service.settings.IdeaGradleProjectSettingsControlBuilder$$Lambda$1473/0x00000008014d4c40
4727:             5             80  org.jetbrains.plugins.gradle.service.settings.IdeaGradleProjectSettingsControlBuilder$1
4728:             5             80  org.jetbrains.plugins.gradle.service.settings.IdeaGradleProjectSettingsControlBuilder$2
4729:             5             80  org.jetbrains.plugins.gradle.service.settings.IdeaGradleProjectSettingsControlBuilder$3
4730:             2             80  org.jetbrains.plugins.groovy.codeInspection.naming.NewGroovyClassNamingConventionInspection
4731:             2             80  org.jetbrains.plugins.scala.codeInspection.collections.ComparingLengthInspection
4732:             2             80  org.jetbrains.plugins.scala.codeInspection.collections.FilterSetContainsInspection
4733:             2             80  org.jetbrains.plugins.scala.codeInspection.collections.SomeToOptionInspection
4734:             5             80  org.jetbrains.uast.UastCallKind
4735:             1             80  org.languagetool.rules.en.unit.UnitConversionRuleUS
4736:             2             80  sun.lwawt.macosx.CImage (java.desktop@11.0.7)
4737:             2             80  sun.lwawt.macosx.CPlatformComponent (java.desktop@11.0.7)
4738:             5             80  sun.rmi.server.WeakClassHashMap$ValueCell (java.rmi@11.0.7)
4739:             1             80  sun.rmi.transport.DGCClient$EndpointEntry (java.rmi@11.0.7)
4740:             5             80  sun.rmi.transport.tcp.TCPTransport$ConnectionHandler$$Lambda$1736/0x0000000801765840 (java.rmi@11.0.7)
4741:             2             80  sun.security.ssl.CertStatusExtension$OCSPStatusRequest (java.base@11.0.7)
4742:             5             80  sun.security.ssl.SSLCipher$T10BlockReadCipherGenerator (java.base@11.0.7)
4743:             5             80  sun.security.ssl.SSLCipher$T10BlockWriteCipherGenerator (java.base@11.0.7)
4744:             5             80  sun.security.ssl.X509Authentication$X509PossessionGenerator (java.base@11.0.7)
4745:             5             80  sun.security.util.DisabledAlgorithmConstraints$Constraints (java.base@11.0.7)
4746:             2             80  sun.swing.PrintColorUIResource (java.desktop@11.0.7)
4747:             1             80  sun.util.cldr.CLDRLocaleProviderAdapter (java.base@11.0.7)
4748:             1             80  sun.util.locale.provider.JRELocaleProviderAdapter (java.base@11.0.7)
4749:             1             80  sun.util.locale.provider.LocaleProviderAdapter$NonExistentAdapter (java.base@11.0.7)
4750:             1             72  [Lcom.fasterxml.jackson.core.JsonParser$Feature;
4751:             3             72  [Lcom.intellij.diagram.DiagramElementsProvider;
4752:             3             72  [Lcom.intellij.diagram.actions.DiagramCreateNewElementAction;
4753:             1             72  [Lcom.intellij.facet.ui.FacetDependentToolWindow;
4754:             1             72  [Lcom.intellij.framework.detection.FrameworkDetector;
4755:             1             72  [Lcom.intellij.ide.util.frameworkSupport.FrameworkSupportProvider;
4756:             1             72  [Lcom.intellij.lang.documentation.DocumentationProvider;
4757:             1             72  [Lcom.intellij.openapi.keymap.impl.BundledKeymapBean;
4758:             3             72  [Lcom.intellij.psi.search.scope.packageSet.NamedScope;
4759:             1             72  [Lcom.intellij.tasks.TaskRepositoryType;
4760:             1             72  [Lcom.intellij.xdebugger.breakpoints.XBreakpointType;
4761:             1             72  [Lcom.sun.prism.impl.ps.BaseShaderContext$MaskType; (javafx.graphics@11.0.7)
4762:             2             72  [Lfuck_the_regulations_v321.b3;
4763:             3             72  [Ljava.awt.Point; (java.desktop@11.0.7)
4764:             3             72  [Ljava.io.ObjectStreamClass$ClassDataSlot; (java.base@11.0.7)
4765:             3             72  [Ljava.net.InetAddress; (java.base@11.0.7)
4766:             1             72  [Lkotlin.reflect.jvm.internal.impl.metadata.ProtoBuf$Annotation$Argument$Value$Type;
4767:             3             72  [Lorg.apache.xerces.impl.xs.XSGroupDecl;
4768:             3             72  [Lorg.languagetool.rules.spelling.morfologik.MorfologikSpeller;
4769:             3             72  [Lsun.security.ssl.EphemeralKeyManager$EphemeralKeyPair; (java.base@11.0.7)
4770:             1             72  [Lsun.security.ssl.SSLCipher; (java.base@11.0.7)
4771:             3             72  com.android.ide.common.repository.GradleVersion$VersionSegment
4772:             3             72  com.android.resources.ResourceType$Kind
4773:             3             72  com.android.tools.idea.lint.ParcelableQuickFix
4774:             3             72  com.android.tools.idea.lint.ParcelableQuickFix$Operation
4775:             1             72  com.apple.laf.AquaFonts$DerivedUIResourceFont (java.desktop@11.0.7)
4776:             3             72  com.apple.laf.AquaListUI$ComponentPainter (java.desktop@11.0.7)
4777:             1             72  com.apple.laf.ScreenMenuBar (java.desktop@11.0.7)
4778:             3             72  com.fasterxml.jackson.databind.PropertyName
4779:             1             72  com.fasterxml.jackson.databind.deser.DefaultDeserializationContext$Impl
4780:             1             72  com.fasterxml.jackson.databind.ser.DefaultSerializerProvider$Impl
4781:             3             72  com.fasterxml.jackson.databind.ser.std.NumberSerializer
4782:             3             72  com.google.common.cache.LocalCache$KeySet
4783:             3             72  com.google.common.collect.RegularImmutableMap$KeySet
4784:             3             72  com.google.gson.internal.ConstructorConstructor
4785:             3             72  com.google.gson.internal.bind.MapTypeAdapterFactory
4786:             3             72  com.google.gson.reflect.TypeToken
4787:             3             72  com.intellij.application.options.JspCodeStyleSettings
4788:             3             72  com.intellij.application.options.ReplacePathToMacroMap
4789:             3             72  com.intellij.charts.LineStepped
4790:             3             72  com.intellij.codeInsight.NonCodeAnnotationsLineMarkerProvider$LineMarkerType
4791:             3             72  com.intellij.codeInsight.daemon.impl.DaemonListeners$$Lambda$1658/0x0000000801710840
4792:             3             72  com.intellij.codeInsight.daemon.impl.HighlightInfoType$HighlightInfoTypeSeverityByKey
4793:             3             72  com.intellij.codeInsight.daemon.impl.WholeFileLocalInspectionsPassFactory
4794:             3             72  com.intellij.codeInsight.editorActions.SmartBackspaceMode
4795:             3             72  com.intellij.codeInsight.folding.impl.UpdateFoldRegionsOperation$ApplyDefaultStateMode
4796:             3             72  com.intellij.configurationScript.ConfigurationFileManager$registerClearableLazyValue$1
4797:             3             72  com.intellij.configurationStore.FileStorageAnnotation
4798:             3             72  com.intellij.configurationStore.StateLoadPolicy
4799:             3             72  com.intellij.database.actions.ActionStatus
4800:             1             72  com.intellij.database.console.runConfiguration.DatabaseScriptRunConfigurationOptions
4801:             3             72  com.intellij.database.console.session.PerProjectFileAttributes
4802:             3             72  com.intellij.database.dataSource.srcStorage.DbSrcFileSystem$ItemType
4803:             1             72  com.intellij.database.dialects.mssql.testing.tsqlt.TSqltRunConfigurationOptions
4804:             1             72  com.intellij.database.dialects.oracle.testing.utplsql.UtPlSqlRunConfigurationOptions
4805:             3             72  com.intellij.database.introspection.DBIntrospectionOptions$SourceLoading
4806:             3             72  com.intellij.debugger.streams.lib.impl.LibrarySupportBase$createHandlerFactory$1
4807:             3             72  com.intellij.diagnostic.MessagePool$State
4808:             3             72  com.intellij.diagnostic.PerformanceWatcher$CheckerState
4809:             3             72  com.intellij.diagram.settings.DiagramConfigElement$Type
4810:             3             72  com.intellij.diff.comparison.ComparisonPolicy
4811:             3             72  com.intellij.dvcs.branch.DvcsSyncSettings$Value
4812:             1             72  com.intellij.dvcs.ignore.IgnoredToExcludedSynchronizer
4813:             3             72  com.intellij.execution.AlternativeJrePathConverter
4814:             3             72  com.intellij.execution.configurations.GeneralCommandLine$ParentEnvironmentType
4815:             3             72  com.intellij.execution.impl.RunConfigurationLevel
4816:             3             72  com.intellij.execution.junit.codeInsight.references.JUnitReferenceContributor$TestAnnotationFilter
4817:             1             72  com.intellij.execution.process.ProcessIOExecutorService
4818:             3             72  com.intellij.execution.process.ProcessOutputType
4819:             3             72  com.intellij.facet.impl.FacetFinderImpl$$Lambda$3418/0x0000000801fd5840
4820:             3             72  com.intellij.facet.impl.FacetFinderImpl$AllFacetsOfTypeModificationTracker
4821:             3             72  com.intellij.facet.impl.ProjectWideFacetListenersRegistryImpl$2
4822:             3             72  com.intellij.flex.model.bc.TargetPlatform
4823:             1             72  com.intellij.formatting.FormatterImpl
4824:             3             72  com.intellij.frameworks.starters.dependencies.WebStarterDependenciesStep
4825:             3             72  com.intellij.grazie.detector.LanguageDetector$Type
4826:             3             72  com.intellij.grazie.grammar.strategy.GrammarCheckingStrategy$ElementBehavior
4827:             3             72  com.intellij.ide.GeneralSettings$ProcessCloseConfirmation
4828:             3             72  com.intellij.ide.IdeEventQueue$SearchEverywhereTypeaheadState
4829:             3             72  com.intellij.ide.State
4830:             3             72  com.intellij.ide.b.f.f
4831:             1             72  com.intellij.ide.b.l.T
4832:             1             72  com.intellij.ide.b.l.X
4833:             3             72  com.intellij.ide.b.l.ay
4834:             3             72  com.intellij.ide.browsers.DefaultBrowserPolicy
4835:             1             72  com.intellij.ide.dnd.DnDManagerImpl
4836:             3             72  com.intellij.ide.gdpr.ConsentOptions$Permission
4837:             3             72  com.intellij.ide.navigationToolbar.NavBarPanel$3
4838:             3             72  com.intellij.ide.navigationToolbar.NavBarPanel$4
4839:             1             72  com.intellij.ide.navigationToolbar.NavBarUpdateQueue
4840:             3             72  com.intellij.ide.navigationToolbar.ui.AbstractNavBarUI$$Lambda$3216/0x0000000801e4e440
4841:             3             72  com.intellij.ide.ui.UINumericRange
4842:             1             72  com.intellij.ide.util.newProjectWizard.AddSupportForFrameworksPanel
4843:             1             72  com.intellij.ide.util.projectWizard.WizardContext
4844:             3             72  com.intellij.idea.SocketLock$ActivationStatus
4845:             3             72  com.intellij.internal.statistic.State
4846:             3             72  com.intellij.javahttp.UrlPathReferenceContextInjector$injector$2
4847:             3             72  com.intellij.lang.javascript.buildTools.base.JsbtService$2
4848:             1             72  com.intellij.lang.javascript.flex.flexunit.FlexUnitRunnerParameters
4849:             3             72  com.intellij.lang.javascript.flex.flexunit.FlexUnitRunnerParameters$Scope
4850:             3             72  com.intellij.lang.javascript.flex.run.LauncherParameters$LauncherType
4851:             3             72  com.intellij.lang.javascript.formatter.JSCodeStyleSettings$PathMappingOption
4852:             3             72  com.intellij.lang.javascript.formatter.JSCodeStyleSettings$TrailingCommaOption
4853:             3             72  com.intellij.lang.typescript.compiler.TypeScriptCompilerSettings$TypeScriptCompilerVersionType
4854:             3             72  com.intellij.microservices.url.references.UrlPksParser
4855:             3             72  com.intellij.openapi.actionSystem.SplitButtonAction$SplitButton$MousePressType
4856:             1             72  com.intellij.openapi.actionSystem.impl.ActionManagerImpl$MyTimer
4857:             3             72  com.intellij.openapi.actionSystem.impl.MenuItemPresentationFactory
4858:             3             72  com.intellij.openapi.application.EdtReplacementThread
4859:             3             72  com.intellij.openapi.command.UndoConfirmationPolicy
4860:             3             72  com.intellij.openapi.command.impl.UndoManagerImpl$OperationState
4861:             3             72  com.intellij.openapi.components.StateStorageChooserEx$Resolution
4862:             3             72  com.intellij.openapi.diagnostic.FrequentEventDetector$Level
4863:             3             72  com.intellij.openapi.editor.CaretVisualAttributes$Weight
4864:             3             72  com.intellij.openapi.editor.EditorMouseHoverPopupManager$Context$Relation
4865:             3             72  com.intellij.openapi.editor.GenericLineWrapPositionStrategy$WrapCondition
4866:             3             72  com.intellij.openapi.editor.actions.CaretStopOptionsTransposed
4867:             3             72  com.intellij.openapi.editor.ex.BidiTextDirection
4868:             3             72  com.intellij.openapi.editor.impl.LineSet
4869:             3             72  com.intellij.openapi.editor.impl.LockFreeCOWSortedArray
4870:             3             72  com.intellij.openapi.editor.impl.softwrap.SoftWrapAppliancePlaces
4871:             3             72  com.intellij.openapi.editor.markup.LineMarkerRendererEx$Position
4872:             3             72  com.intellij.openapi.editor.markup.TextAttributesEffectsBuilder$EffectSlot
4873:             3             72  com.intellij.openapi.externalSystem.autoimport.ExternalSystemProjectTrackerSettings$AutoReloadType
4874:             3             72  com.intellij.openapi.externalSystem.service.ui.ExternalToolWindowManager$1
4875:             3             72  com.intellij.openapi.fileEditor.FileEditorStateLevel
4876:             1             72  com.intellij.openapi.fileEditor.impl.PsiAwareFileEditorManagerImpl
4877:             3             72  com.intellij.openapi.options.DslConfigurableBase$panel$1
4878:             3             72  com.intellij.openapi.options.SchemeState
4879:             3             72  com.intellij.openapi.progress.EmptyProgressIndicator$RunState
4880:             3             72  com.intellij.openapi.progress.impl.CoreProgressManager$CheckCanceledBehavior
4881:             1             72  com.intellij.openapi.progress.util.StandardProgressIndicatorBase
4882:             3             72  com.intellij.openapi.project.FileContentQueue$PreloadState
4883:             3             72  com.intellij.openapi.roots.OrderEnumerationHandler$AddDependencyType
4884:             3             72  com.intellij.openapi.roots.impl.OrderEnumeratorBase$ProcessEntryActionType
4885:             3             72  com.intellij.openapi.roots.impl.OrderRootsCache
4886:             3             72  com.intellij.openapi.ui.DialogWrapper$IdeModalityType
4887:             3             72  com.intellij.openapi.ui.Splitter$DividerPositionStrategy
4888:             3             72  com.intellij.openapi.ui.Splitter$LackOfSpaceStrategy
4889:             3             72  com.intellij.openapi.ui.ThreeComponentsSplitter$Divider$1
4890:             1             72  com.intellij.openapi.ui.impl.ShadowPainter
4891:             3             72  com.intellij.openapi.util.IconLoader$3
4892:             3             72  com.intellij.openapi.util.KeyWithDefaultValue$1
4893:             3             72  com.intellij.openapi.util.TraceableDisposable
4894:             3             72  com.intellij.openapi.util.io.FileAttributes$Type
4895:             3             72  com.intellij.openapi.vcs.VcsShowConfirmationOption$Value
4896:             3             72  com.intellij.openapi.vcs.ex.LocalLineStatusTracker$Mode
4897:             3             72  com.intellij.openapi.vcs.impl.VcsInitialization$Status
4898:             3             72  com.intellij.openapi.vfs.VFileProperty
4899:             3             72  com.intellij.openapi.vfs.encoding.EncodingProjectManagerImpl$BOMForNewUTF8Files
4900:             3             72  com.intellij.openapi.vfs.impl.VirtualFileManagerImpl$$Lambda$504/0x00000008005e9840
4901:             3             72  com.intellij.openapi.vfs.newvfs.VirtualFileFilteringListener
4902:             3             72  com.intellij.openapi.wm.ex.WindowManagerEx$WindowShadowMode
4903:             3             72  com.intellij.openapi.wm.impl.IdeBackgroundUtil$Fill
4904:             3             72  com.intellij.openapi.wm.impl.ToolWindowHeader$1$children$2
4905:             3             72  com.intellij.openapi.wm.impl.status.IdeStatusBarImpl$Position
4906:             3             72  com.intellij.openapi.wm.impl.welcomeScreen.FlatWelcomeFrame$4
4907:             3             72  com.intellij.patterns.ObjectPattern$8
4908:             3             72  com.intellij.patterns.PsiStatementPattern$Capture
4909:             3             72  com.intellij.patterns.StringPattern$2
4910:             3             72  com.intellij.patterns.StringPattern$4
4911:             1             72  com.intellij.plugins.intelliLang.inject.JSTaggedLiteralInjection
4912:             3             72  com.intellij.psi.codeStyle.CodeStyleSettings$QuoteStyle
4913:             3             72  com.intellij.psi.codeStyle.CodeStyleSettingsCustomizable$CommenterOption
4914:             3             72  com.intellij.psi.codeStyle.CodeStyleSettingsCustomizable$OptionAnchor
4915:             3             72  com.intellij.psi.codeStyle.CommonCodeStyleSettings$WrapOnTyping
4916:             3             72  com.intellij.psi.codeStyle.CommonCodeStyleSettingsManager
4917:             3             72  com.intellij.psi.codeStyle.ExcludedFiles
4918:             3             72  com.intellij.psi.stubs.StubList$ChildrenStorage
4919:             3             72  com.intellij.psi.tree.IStubFileElementType
4920:             3             72  com.intellij.remoteServer.configuration.deployment.SingletonDeploymentSourceType$SingletonDeploymentSource
4921:             3             72  com.intellij.serialization.stateProperties.CollectionStoredProperty
4922:             3             72  com.intellij.spellchecker.SpellCheckerManager$DictionaryLevel
4923:             3             72  com.intellij.spring.boot.library.SpringBootLibraryUtil$1
4924:             3             72  com.intellij.spring.model.actions.generate.SpringBeanGenerateProvider
4925:             3             72  com.intellij.sql.psi.SqlElementType
4926:             3             72  com.intellij.sql.psi.SqlStringLeafTokenType
4927:             3             72  com.intellij.swagger.SwDownloadableFileType
4928:             1             72  com.intellij.tapestry.intellij.view.TapestryProjectViewPane
4929:             3             72  com.intellij.ui.JBCardLayout$SwipeDirection
4930:             3             72  com.intellij.ui.MouseMovementTracker
4931:             3             72  com.intellij.ui.SpeedSearchComparator
4932:             3             72  com.intellij.ui.content.ContentManagerEvent$ContentOperation
4933:             3             72  com.intellij.ui.icons.RowIcon$Alignment
4934:             3             72  com.intellij.ui.scale.DerivedScaleType
4935:             3             72  com.intellij.ui.scale.ScaleContext$Cache
4936:             3             72  com.intellij.ui.scale.ScaleType
4937:             3             72  com.intellij.ui.stripe.ErrorStripePainter$Alignment
4938:             3             72  com.intellij.util.ConcurrencyUtil$$Lambda$502/0x00000008005da040
4939:             3             72  com.intellij.util.JdkBundle
4940:             3             72  com.intellij.util.ThreeState
4941:             1             72  com.intellij.util.concurrency.AppScheduledExecutorService$BackendThreadPoolExecutor
4942:             3             72  com.intellij.util.containers.ConcurrentRefHashMap$EntrySet
4943:             3             72  com.intellij.util.containers.JBIterator$Do
4944:             3             72  com.intellij.util.containers.RefHashMap$EntrySet
4945:             3             72  com.intellij.util.containers.SoftKeySoftValueHashMap
4946:             3             72  com.intellij.util.containers.TreeTraversal$BiOrderIt$Order
4947:             3             72  com.intellij.util.containers.WeakKeyIntValueHashMap
4948:             3             72  com.intellij.util.exception.FrequentErrorLogger
4949:             3             72  com.intellij.util.indexing.FileBasedIndexImpl$FileIndexingState
4950:             3             72  com.intellij.util.indexing.RebuildStatus
4951:             3             72  com.intellij.util.indexing.snapshot.CompositeHashIdEnumerator
4952:             3             72  com.intellij.util.io.Page$Range
4953:             3             72  com.intellij.util.io.PagedFileStorage$StorageLockContext
4954:             3             72  com.intellij.util.io.storage.DataTable
4955:             3             72  com.intellij.util.messages.Topic$BroadcastDirection
4956:             1             72  com.intellij.util.net.HttpConfigurable
4957:             3             72  com.intellij.util.text.ImmutableText$InnerLeaf
4958:             3             72  com.intellij.util.ui.Centerizer$TYPE
4959:             3             72  com.intellij.util.ui.ThreeStateCheckBox$State
4960:             3             72  com.intellij.util.ui.UIUtil$FontSize
4961:             3             72  com.intellij.util.xmlb.TextBinding
4962:             3             72  com.intellij.vcs.log.data.CurrentBranchConditionCache$State
4963:             3             72  com.intellij.vcs.log.data.VcsLogData$State
4964:             3             72  com.intellij.vcs.log.util.SequentialLimitedLifoExecutor
4965:             3             72  com.intellij.webcore.libraries.ScriptingLibraryModel$LibraryLevel
4966:             3             72  com.intellij.xdebugger.breakpoints.SuspendPolicy
4967:             3             72  com.intellij.xml.util.HTMLControls$TagState
4968:             3             72  com.jetbrains.ls.responses.Action
4969:             3             72  com.jetbrains.ls.responses.ResponseCode
4970:             1             72  com.jetbrains.nodejs.mocha.execution.MochaRunSettings
4971:             3             72  com.jetbrains.plugins.webDeployment.config.PublishConfig$PromptOnRemoteOverwrite
4972:             3             72  com.jetbrains.plugins.webDeployment.config.PublishConfig$TraceLevel
4973:             3             72  com.siyeh.ig.performance.ToArrayCallWithZeroLengthArrayArgumentInspection$PreferEmptyArray
4974:             3             72  com.sun.javafx.scene.LayoutFlags (javafx.graphics@11.0.7)
4975:             3             72  com.sun.javafx.scene.control.inputmap.KeyBinding$OptionalBoolean (javafx.controls@11.0.7)
4976:             3             72  com.sun.javafx.sg.prism.NGNode$DirtyFlag (javafx.graphics@11.0.7)
4977:             3             72  com.sun.javafx.sg.prism.NodeEffectInput$RenderType (javafx.graphics@11.0.7)
4978:             3             72  com.sun.prism.PixelFormat$DataType (javafx.graphics@11.0.7)
4979:             3             72  com.sun.prism.Texture$Usage (javafx.graphics@11.0.7)
4980:             3             72  com.sun.prism.es2.GLGPUInfo (javafx.graphics@11.0.7)
4981:             1             72  com.sun.prism.impl.ps.BaseShaderContext$State (javafx.graphics@11.0.7)
4982:             3             72  com.sun.scenario.effect.impl.Renderer$RendererState (javafx.graphics@11.0.7)
4983:             1             72  com.theoryinpractice.testng.configuration.TestNGConfiguration
4984:             3             72  de.plushnikov.intellij.plugin.language.psi.LombokConfigElementType
4985:             3             72  fuck_the_regulations_v321.aR
4986:             1             72  git4idea.branch.GitBranchIncomingOutgoingManager
4987:             3             72  git4idea.commands.GitAuthenticationMode
4988:             3             72  git4idea.commands.GitCommand$LockingPolicy
4989:             3             72  git4idea.config.GitIncomingCheckStrategy
4990:             3             72  git4idea.config.GitVcsApplicationSettings$AnnotateDetectMovementsOption
4991:             3             72  git4idea.history.GitCommitRequirements$DiffInMergeCommits
4992:             1             72  git4idea.repo.GitUntrackedFilesHolder
4993:             3             72  io.netty.buffer.PoolArena$SizeClass
4994:             1             72  io.netty.channel.AdaptiveRecvByteBufAllocator$HandleImpl
4995:             3             72  io.netty.channel.nio.SelectedSelectionKeySet
4996:             3             72  io.netty.channel.nio.SelectedSelectionKeySetSelector
4997:             3             72  io.netty.util.Recycler$2
4998:             3             72  io.netty.util.internal.ThreadExecutorMap$1
4999:             3             72  io.netty.util.internal.ThreadExecutorMap$2
5000:             3             72  io.protostuff.jetbrains.plugin.formatter.ProtoCodeStyleSettings
5001:             3             72  java.awt.Dialog$ModalExclusionType (java.desktop@11.0.7)
5002:             3             72  java.awt.EventFilter$FilterAction (java.desktop@11.0.7)
5003:             3             72  java.awt.GraphicsDevice$WindowTranslucency (java.desktop@11.0.7)
5004:             3             72  java.awt.MediaTracker (java.desktop@11.0.7)
5005:             3             72  java.awt.Window$Type (java.desktop@11.0.7)
5006:             3             72  java.io.ObjectInputFilter$Status (java.base@11.0.7)
5007:             3             72  java.io.ObjectStreamClass$ClassDataSlot (java.base@11.0.7)
5008:             3             72  java.lang.ClassValue$Version (java.base@11.0.7)
5009:             3             72  java.lang.ProcessImpl$LaunchMechanism (java.base@11.0.7)
5010:             3             72  java.lang.StackStreamFactory$WalkerState (java.base@11.0.7)
5011:             3             72  java.lang.StackWalker$Option (java.base@11.0.7)
5012:             3             72  java.lang.WeakPairMap (java.base@11.0.7)
5013:             3             72  java.lang.annotation.RetentionPolicy (java.base@11.0.7)
5014:             1             72  java.lang.invoke.BoundMethodHandle$Species_LLLLLIILLL (java.base@11.0.7)
5015:             1             72  java.lang.invoke.BoundMethodHandle$Species_LLLLLIILLLL (java.base@11.0.7)
5016:             1             72  java.lang.invoke.BoundMethodHandle$Species_LLLLLLLLLII (java.base@11.0.7)
5017:             3             72  java.lang.invoke.MethodHandles$Lookup (java.base@11.0.7)
5018:             3             72  java.lang.invoke.StringConcatFactory$Mode (java.base@11.0.7)
5019:             3             72  java.net.Proxy$Type (java.base@11.0.7)
5020:             3             72  java.nio.file.AccessMode (java.base@11.0.7)
5021:             3             72  java.nio.file.FileTreeWalker$EventType (java.base@11.0.7)
5022:             3             72  java.nio.file.StandardCopyOption (java.base@11.0.7)
5023:             3             72  java.rmi.dgc.VMID (java.rmi@11.0.7)
5024:             3             72  java.security.SecurityPermission (java.base@11.0.7)
5025:             3             72  java.time.Instant (java.base@11.0.7)
5026:             3             72  java.time.format.ResolverStyle (java.base@11.0.7)
5027:             3             72  java.util.Base64$Encoder (java.base@11.0.7)
5028:             3             72  java.util.Comparators$NullComparator (java.base@11.0.7)
5029:             3             72  java.util.concurrent.ConcurrentLinkedDeque$Node (java.base@11.0.7)
5030:             3             72  java.util.concurrent.Executors$DefaultThreadFactory (java.base@11.0.7)
5031:             1             72  java.util.concurrent.ScheduledThreadPoolExecutor$ScheduledFutureTask (java.base@11.0.7)
5032:             3             72  java.util.regex.CharPredicates$$Lambda$1265/0x0000000801122040 (java.base@11.0.7)
5033:             1             72  java.util.regex.Matcher (java.base@11.0.7)
5034:             3             72  java.util.stream.Collector$Characteristics (java.base@11.0.7)
5035:             3             72  java.util.stream.MatchOps$MatchKind (java.base@11.0.7)
5036:             3             72  javafx.geometry.HPos (javafx.graphics@11.0.7)
5037:             3             72  javafx.geometry.NodeOrientation (javafx.graphics@11.0.7)
5038:             3             72  javafx.scene.DepthTest (javafx.graphics@11.0.7)
5039:             3             72  javafx.scene.Scene$TargetWrapper (javafx.graphics@11.0.7)
5040:             3             72  javafx.scene.input.KeyCombination$ModifierValue (javafx.graphics@11.0.7)
5041:             3             72  javafx.scene.paint.CycleMethod (javafx.graphics@11.0.7)
5042:             3             72  javafx.scene.shape.Shape$3 (javafx.graphics@11.0.7)
5043:             3             72  javafx.scene.shape.StrokeLineCap (javafx.graphics@11.0.7)
5044:             3             72  javafx.scene.shape.StrokeLineJoin (javafx.graphics@11.0.7)
5045:             3             72  javafx.scene.shape.StrokeType (javafx.graphics@11.0.7)
5046:             3             72  javafx.scene.text.TextBoundsType (javafx.graphics@11.0.7)
5047:             3             72  javax.crypto.spec.SecretKeySpec (java.base@11.0.7)
5048:             1             72  javax.swing.BufferStrategyPaintManager (java.desktop@11.0.7)
5049:             1             72  javax.swing.JTree$AccessibleJTree$AccessibleJTreeNode (java.desktop@11.0.7)
5050:             3             72  javax.swing.border.TitledBorder$1 (java.desktop@11.0.7)
5051:             3             72  javax.swing.text.DefaultEditorKit$DefaultKeyTypedAction (java.desktop@11.0.7)
5052:             3             72  javax.swing.text.StyleContext$SmallAttributeSet (java.desktop@11.0.7)
5053:             3             72  jdk.internal.math.FloatingDecimal$ExceptionalBinaryToASCIIBuffer (java.base@11.0.7)
5054:             3             72  jdk.internal.misc.Signal (java.base@11.0.7)
5055:             3             72  kotlin.DeprecationLevel
5056:             3             72  kotlin.DeprecationLevel
5057:             3             72  kotlin.LazyThreadSafetyMode
5058:             3             72  kotlin.LazyThreadSafetyMode
5059:             3             72  kotlin.annotation.AnnotationRetention
5060:             3             72  kotlin.coroutines.intrinsics.CoroutineSingletons
5061:             3             72  kotlin.coroutines.intrinsics.CoroutineSingletons
5062:             3             72  kotlin.reflect.jvm.internal.WeakClassLoaderBox
5063:             3             72  kotlin.reflect.jvm.internal.impl.builtins.jvm.JvmBuiltIns$Kind
5064:             3             72  kotlin.reflect.jvm.internal.impl.load.java.BuiltinMethodsWithSpecialGenericSignature$TypeSafeBarrierDescription
5065:             3             72  kotlin.reflect.jvm.internal.impl.load.java.lazy.types.JavaTypeFlexibility
5066:             3             72  kotlin.reflect.jvm.internal.impl.load.kotlin.AbstractBinaryClassAnnotationAndConstantLoader$PropertyRelatedElement
5067:             3             72  kotlin.reflect.jvm.internal.impl.metadata.ProtoBuf$QualifiedNameTable$QualifiedName$Kind
5068:             3             72  kotlin.reflect.jvm.internal.impl.metadata.ProtoBuf$TypeParameter$Variance
5069:             3             72  kotlin.reflect.jvm.internal.impl.metadata.ProtoBuf$VersionRequirement$Level
5070:             3             72  kotlin.reflect.jvm.internal.impl.metadata.ProtoBuf$VersionRequirement$VersionKind
5071:             3             72  kotlin.reflect.jvm.internal.impl.metadata.jvm.JvmProtoBuf$StringTableTypes$Record$Operation
5072:             3             72  kotlin.reflect.jvm.internal.impl.resolve.ExternalOverridabilityCondition$Contract
5073:             3             72  kotlin.reflect.jvm.internal.impl.resolve.OverridingUtil$OverrideCompatibilityInfo$Result
5074:             1             72  kotlin.reflect.jvm.internal.impl.serialization.deserialization.descriptors.DeserializedClassDescriptor$DeserializedClassMemberScope
5075:             3             72  kotlin.reflect.jvm.internal.impl.serialization.deserialization.descriptors.DeserializedMemberDescriptor$CoroutinesCompatibilityMode
5076:             3             72  kotlin.reflect.jvm.internal.impl.storage.LockBasedStorageManager$NotValue
5077:             3             72  kotlin.reflect.jvm.internal.impl.types.TypeSubstitutor$VarianceConflictType
5078:             3             72  kotlin.reflect.jvm.internal.impl.utils.Jsr305State$description$2
5079:             3             72  kotlin.reflect.jvm.internal.impl.utils.ReportLevel
5080:             3             72  morfologik.stemming.Dictionary
5081:             3             72  morfologik.stemming.DictionaryAttribute
5082:             3             72  org.angular2.inspections.AngularModuleConfigurationInspection$ProblemType
5083:             3             72  org.antlr.v4.runtime.atn.PredictionMode
5084:             3             72  org.apache.log4j.helpers.OnlyOnceErrorHandler
5085:             1             72  org.apache.xerces.impl.xs.models.XSDFACM
5086:             3             72  org.editorconfig.settings.EditorConfigSettings
5087:             3             72  org.intellij.lang.xpath.context.ContextType
5088:             3             72  org.intellij.lang.xpath.xslt.impl.XsltChecker$LanguageLevel
5089:             3             72  org.intellij.lang.xpath.xslt.run.XsltRunConfiguration$OutputType
5090:             3             72  org.intellij.markdown.parser.markerblocks.MarkerBlock$ProcessingResult
5091:             3             72  org.intellij.plugins.intelliLang.Configuration$InstrumentationType
5092:             3             72  org.intellij.plugins.intelliLang.util.StringMatcher$Any
5093:             3             72  org.intellij.plugins.markdown.settings.MarkdownCssSettings
5094:             3             72  org.intellij.plugins.markdown.ui.actions.styling.BaseToggleStateAction$SelectionState
5095:             1             72  org.intellij.plugins.markdown.ui.preview.MarkdownPreviewFileEditor
5096:             3             72  org.jetbrains.android.formatter.AndroidXmlCodeStyleSettings$LayoutSettings
5097:             3             72  org.jetbrains.android.formatter.AndroidXmlCodeStyleSettings$ManifestSettings
5098:             3             72  org.jetbrains.android.formatter.AndroidXmlCodeStyleSettings$OtherSettings
5099:             3             72  org.jetbrains.android.formatter.AndroidXmlCodeStyleSettings$ValueResourceFileSettings
5100:             3             72  org.jetbrains.concurrency.Promise$State
5101:             3             72  org.jetbrains.idea.maven.indices.MavenSearchIndex$Kind
5102:             3             72  org.jetbrains.idea.svn.SvnConfiguration$SSLProtocols
5103:             3             72  org.jetbrains.idea.svn.SvnConfiguration$SshConnectionType
5104:             3             72  org.jetbrains.jps.model.java.JdkVersionDetector$JdkVersionInfo
5105:             3             72  org.jetbrains.kotlin.config.ExplicitApiMode
5106:             3             72  org.jetbrains.kotlin.config.JvmDefaultMode
5107:             1             72  org.jetbrains.kotlin.config.KotlinFacetSettings
5108:             3             72  org.jetbrains.kotlin.config.KotlinModuleKind
5109:             3             72  org.jetbrains.kotlin.config.KotlinMultiplatformVersion
5110:             3             72  org.jetbrains.kotlin.config.LanguageFeature$Kind
5111:             3             72  org.jetbrains.kotlin.diagnostics.Severity
5112:             3             72  org.jetbrains.kotlin.idea.caches.resolve.util.CompositeExceptionTracker
5113:             3             72  org.jetbrains.kotlin.idea.inspections.KotlinJUnitStaticEntryPoint
5114:             1             72  org.jetbrains.kotlin.idea.run.KotlinRunConfiguration
5115:             3             72  org.jetbrains.kotlin.load.java.BuiltinMethodsWithSpecialGenericSignature$TypeSafeBarrierDescription
5116:             3             72  org.jetbrains.kotlin.name.State
5117:             3             72  org.jetbrains.kotlin.renderer.AnnotationArgumentsRenderingPolicy
5118:             3             72  org.jetbrains.kotlin.renderer.OverrideRenderingPolicy
5119:             3             72  org.jetbrains.kotlin.renderer.ParameterNameRenderingPolicy
5120:             3             72  org.jetbrains.kotlin.renderer.PropertyAccessorRenderingPolicy
5121:             3             72  org.jetbrains.kotlin.tools.projectWizard.core.entity.SettingValidatorKt$inValidatorContext$1
5122:             3             72  org.jetbrains.kotlin.tools.projectWizard.settings.buildsystem.Module$validator$2
5123:             3             72  org.jetbrains.kotlin.tools.projectWizard.settings.buildsystem.Module$validator$3
5124:             3             72  org.jetbrains.kotlin.tools.projectWizard.settings.version.maven.ComparableVersion
5125:             3             72  org.jetbrains.kotlin.tools.projectWizard.settings.version.maven.ComparableVersion$ListItem
5126:             3             72  org.jetbrains.kotlin.tools.projectWizard.templates.SimpleJsClientTemplate$RenderEngine
5127:             3             72  org.jetbrains.kotlin.tools.projectWizard.transformers.interceptors.InterceptionPoint
5128:             3             72  org.jetbrains.plugins.github.util.GithubAuthData$AuthType
5129:             1             72  org.jetbrains.plugins.gradle.service.project.wizard.InternalGradleModuleBuilder
5130:             3             72  org.jetbrains.plugins.gradle.settings.TestRunner
5131:             3             72  org.jetbrains.plugins.groovy.intentions.conversions.ClassNameDiffersFromFileNamePredicate
5132:             3             72  org.jetbrains.plugins.groovy.lang.psi.patterns.GroovyAnnotationArgumentPattern$Capture
5133:             1             72  org.jetbrains.plugins.groovy.runner.GroovyScriptRunConfiguration
5134:             1             72  org.jetbrains.plugins.scala.buildinfo.BuildInfo$
5135:             1             72  org.jetbrains.plugins.scala.components.ScalaPluginUpdater$
5136:             1             72  org.jetbrains.plugins.scala.findUsages.compilerReferences.ScalaDirtyScopeHolder
5137:             3             72  org.jetbrains.plugins.scala.lang.formatting.settings.ScalaCodeStyleSettings$TrailingCommaMode
5138:             1             72  org.jetbrains.plugins.scala.lang.psi.types.api.StdType$Name$
5139:             3             72  org.jetbrains.plugins.scala.lang.psi.types.api.TypeParameter$ScalaTypeParameter
5140:             3             72  org.jetbrains.plugins.scala.project.CompileOrder
5141:             3             72  org.jetbrains.plugins.scala.project.VersionStatus
5142:             3             72  org.jetbrains.plugins.scala.settings.ScalaApplicationSettings$ReturnTypeLevel
5143:             3             72  org.jetbrains.plugins.scala.settings.ScalaApplicationSettings$pluginBranch
5144:             3             72  org.jetbrains.plugins.scala.settings.ScalaProjectSettings$Ivy2IndexingMode
5145:             3             72  org.jetbrains.plugins.scala.settings.ScalaProjectSettings$ScFileMode
5146:             3             72  org.jetbrains.plugins.scala.settings.ScalaProjectSettings$ScalaCollectionHighlightingLevel
5147:             3             72  org.jetbrains.plugins.scala.settings.ScalaProjectSettings$ScalaMetaMode
5148:             3             72  org.jetbrains.plugins.scala.settings.ScalaProjectSettings$TrailingCommasMode
5149:             3             72  org.jetbrains.plugins.scala.testingSupport.test.TestRunConfigurationForm$SearchForTest
5150:             1             72  org.jetbrains.plugins.scala.testingSupport.test.scalatest.ScalaTestRunConfiguration
5151:             1             72  org.jetbrains.plugins.scala.testingSupport.test.specs2.Specs2RunConfiguration
5152:             1             72  org.jetbrains.plugins.scala.testingSupport.test.utest.UTestRunConfiguration
5153:             3             72  org.jetbrains.plugins.textmate.Constants$CaptureKey
5154:             3             72  org.jetbrains.settingsRepository.SyncType
5155:             1             72  org.languagetool.JLanguageTool
5156:             3             72  org.languagetool.JLanguageTool$Mode
5157:             3             72  org.languagetool.JLanguageTool$ParagraphHandling
5158:             3             72  org.languagetool.rules.GrammarSeverity
5159:             1             72  org.languagetool.rules.en.CompoundRule
5160:             1             72  org.languagetool.rules.en.heuristics.EnglishUnpairedBracketsRule
5161:             3             72  org.languagetool.rules.patterns.Match$IncludeRange
5162:             3             72  org.owasp.html.HtmlElementTables$DenseElementBinaryMatrix
5163:             3             72  org.zmlx.hg4idea.provider.update.HgUpdateType
5164:             3             72  scala.collection.immutable.Set$Set3
5165:             1             72  scala.reflect.ClassManifestFactory$
5166:             3             72  sun.awt.AppContext$State (java.desktop@11.0.7)
5167:             1             72  sun.awt.CGraphicsDevice (java.desktop@11.0.7)
5168:             3             72  sun.awt.im.InputMethodLocator (java.desktop@11.0.7)
5169:             3             72  sun.awt.util.IdentityArrayList (java.desktop@11.0.7)
5170:             3             72  sun.java2d.cmm.lcms.LCMSProfile$TagData (java.desktop@11.0.7)
5171:             3             72  sun.net.www.protocol.http.HttpURLConnection$TunnelState (java.base@11.0.7)
5172:             3             72  sun.rmi.transport.SequenceEntry (java.rmi@11.0.7)
5173:             3             72  sun.security.provider.DSAParameters (java.base@11.0.7)
5174:             3             72  sun.security.provider.NativePRNG$Variant (java.base@11.0.7)
5175:             3             72  sun.security.ssl.ClientAuthType (java.base@11.0.7)
5176:             3             72  sun.security.ssl.SSLMasterKeyDerivation (java.base@11.0.7)
5177:             3             72  sun.swing.SwingUtilities2$LSBCacheEntry (java.desktop@11.0.7)
5178:             1             64  [Lcom.fasterxml.jackson.annotation.JsonFormat$Shape;
5179:             1             64  [Lcom.fasterxml.jackson.core.JsonParser$Feature;
5180:             2             64  [Lcom.google.wireless.android.sdk.stats.StudioToolWindowActionStats$EventType;
5181:             1             64  [Lcom.intellij.codeInspection.ProblemHighlightType;
5182:             1             64  [Lcom.intellij.database.model.ObjectKind;
5183:             2             64  [Lcom.intellij.database.run.actions.ColumnFilterByGroup$FilterTemplate;
5184:             3             64  [Lcom.intellij.diagram.settings.DiagramConfigGroup;
5185:             1             64  [Lcom.intellij.ide.FileIconProvider;
5186:             2             64  [Lcom.intellij.ide.GeneralSettings$ProcessCloseConfirmation;
5187:             1             64  [Lcom.intellij.ide.actions.TabNavigationActionBase$NavigationType;
5188:             1             64  [Lcom.intellij.ide.actions.runAnything.activity.RunAnythingProvider;
5189:             2             64  [Lcom.intellij.ide.ui.AntialiasingType;
5190:             1             64  [Lcom.intellij.ide.util.projectWizard.ModuleBuilderFactory;
5191:             3             64  [Lcom.intellij.javaee.deployment.DeploymentMethod;
5192:             2             64  [Lcom.intellij.lang.javascript.psi.ecmal4.JSAttributeList$AccessType;
5193:             1             64  [Lcom.intellij.lang.javascript.psi.types.JSDecoratedType$TypeDecoration;
5194:             2             64  [Lcom.intellij.notification.NotificationDisplayType;
5195:             1             64  [Lcom.intellij.openapi.application.PathMacroFilter;
5196:             2             64  [Lcom.intellij.openapi.components.RoamingType;
5197:             2             64  [Lcom.intellij.openapi.editor.colors.impl.TextAttributesReader$FontStyle;
5198:             2             64  [Lcom.intellij.openapi.editor.impl.softwrap.SoftWrapAppliancePlaces;
5199:             3             64  [Lcom.intellij.openapi.editor.impl.view.LineLayout$BidiRun;
5200:             3             64  [Lcom.intellij.openapi.fileEditor.FileEditor;
5201:             1             64  [Lcom.intellij.openapi.startup.StartupActivity;
5202:             2             64  [Lcom.intellij.openapi.wm.ToolWindowType;
5203:             2             64  [Lcom.intellij.openapi.wm.impl.IdeBackgroundUtil$Fill;
5204:             1             64  [Lcom.intellij.psi.impl.PsiTreeChangeEventImpl$PsiEventType;
5205:             1             64  [Lcom.intellij.psi.impl.include.FileIncludeProvider;
5206:             2             64  [Lcom.intellij.spellchecker.SpellCheckerManager$DictionaryLevel;
5207:             1             64  [Lcom.intellij.spring.dom.SpringCustomNamespaces;
5208:             1             64  [Lcom.intellij.testIntegration.TestFramework;
5209:             2             64  [Lcom.intellij.ui.scale.ScaleType;
5210:             2             64  [Lcom.intellij.util.ThreeState;
5211:             1             64  [Lcom.intellij.xml.XmlExtension;
5212:             2             64  [Lcom.intellij.xml.util.HTMLControls$TagState;
5213:             2             64  [Lcom.jetbrains.ls.responses.Action;
5214:             2             64  [Lcom.jetbrains.ls.responses.ResponseCode;
5215:             2             64  [Lcom.sun.javafx.font.FallbackResource; (javafx.graphics@11.0.7)
5216:             2             64  [Lcom.sun.org.apache.xerces.internal.utils.XMLSecurityPropertyManager$State; (java.xml@11.0.7)
5217:             2             64  [Lde.plushnikov.intellij.plugin.inspection.modifiers.RedundantModifiersInfo;
5218:             1             64  [Lio.netty.handler.codec.http.HttpObjectDecoder$State;
5219:             2             64  [Ljava.awt.Queue; (java.desktop@11.0.7)
5220:             2             64  [Ljava.awt.Rectangle; (java.desktop@11.0.7)
5221:             1             64  [Ljava.awt.event.FocusEvent$Cause; (java.desktop@11.0.7)
5222:             2             64  [Ljava.lang.ProcessImpl$LaunchMechanism; (java.base@11.0.7)
5223:             2             64  [Ljava.lang.StackWalker$Option; (java.base@11.0.7)
5224:             2             64  [Ljava.lang.ThreadGroup; (java.base@11.0.7)
5225:             4             64  [Ljava.lang.annotation.Annotation; (java.base@11.0.7)
5226:             2             64  [Ljava.lang.annotation.RetentionPolicy; (java.base@11.0.7)
5227:             1             64  [Ljava.lang.invoke.MethodHandleImpl$Intrinsic; (java.base@11.0.7)
5228:             2             64  [Ljava.lang.module.ModuleDescriptor$Modifier; (java.base@11.0.7)
5229:             2             64  [Ljava.lang.module.ModuleDescriptor$Requires$Modifier; (java.base@11.0.7)
5230:             2             64  [Ljava.nio.charset.CoderResult; (java.base@11.0.7)
5231:             4             64  [Ljava.security.cert.X509Certificate; (java.base@11.0.7)
5232:             2             64  [Ljava.util.stream.Collector$Characteristics; (java.base@11.0.7)
5233:             2             64  [Ljavafx.css.StyleOrigin; (javafx.graphics@11.0.7)
5234:             1             64  [Ljavafx.geometry.Pos; (javafx.graphics@11.0.7)
5235:             2             64  [Ljavafx.scene.effect.BlurType; (javafx.graphics@11.0.7)
5236:             2             64  [Ljavafx.scene.input.MouseButton; (javafx.graphics@11.0.7)
5237:             2             64  [Ljavafx.scene.paint.CycleMethod; (javafx.graphics@11.0.7)
5238:             2             64  [Lkotlin.DeprecationLevel;
5239:             2             64  [Lkotlin.DeprecationLevel;
5240:             2             64  [Lkotlin.annotation.AnnotationRetention;
5241:             2             64  [Lkotlin.reflect.jvm.internal.impl.metadata.ProtoBuf$MemberKind;
5242:             2             64  [Lkotlin.reflect.jvm.internal.impl.metadata.ProtoBuf$Modality;
5243:             2             64  [Lmorfologik.stemming.EncoderType;
5244:             2             64  [Lnet.jpountz.lz4.LZ4FrameOutputStream$FLG$Bits;
5245:             1             64  [Lnet.sourceforge.pmd.properties.PropertyDescriptorField;
5246:             2             64  [Lorg.apache.xerces.impl.XMLEntityManager$CharacterBuffer;
5247:             2             64  [Lorg.apache.xerces.util.XMLAttributesImpl$Attribute;
5248:             2             64  [Lorg.intellij.plugins.intelliLang.Configuration$InstrumentationType;
5249:             2             64  [Lorg.intellij.plugins.markdown.ui.split.SplitFileEditor$SplitEditorLayout;
5250:             2             64  [Lorg.jetbrains.idea.maven.indices.MavenSearchIndex$Kind;
5251:             1             64  [Lorg.jetbrains.kotlin.renderer.DescriptorRendererModifier;
5252:             2             64  [Lorg.jetbrains.kotlin.tools.projectWizard.templates.KtorServerEngine;
5253:             2             64  [Lorg.jetbrains.kotlin.tools.projectWizard.templates.SimpleJsClientTemplate$RenderEngine;
5254:             2             64  [Lorg.jetbrains.plugins.scala.testingSupport.test.TestRunConfigurationForm$SearchForTest;
5255:             2             64  [Lorg.jetbrains.plugins.scala.testingSupport.test.TestRunConfigurationForm$TestKind;
5256:             2             64  [Lorg.jetbrains.plugins.textmate.Constants$CaptureKey;
5257:             2             64  [Lorg.languagetool.rules.GrammarSeverity;
5258:             2             64  [Lorg.languagetool.rules.patterns.Match$IncludeRange;
5259:             1             64  [Lorg.owasp.html.HtmlInputSplitter$State;
5260:             1             64  [Lorg.owasp.html.HtmlTokenType;
5261:             2             64  AbstractClassShouldStartWithAbstractNamingRuleInspection
5262:             2             64  AbstractMethodOrInterfaceMethodMustUseJavadocRuleInspection
5263:             2             64  AvoidApacheBeanUtilsCopyRuleInspection
5264:             2             64  AvoidCallStaticSimpleDateFormatRuleInspection
5265:             2             64  AvoidCommentBehindStatementRuleInspection
5266:             2             64  AvoidComplexConditionRuleInspection
5267:             2             64  AvoidConcurrentCompetitionRandomRuleInspection
5268:             2             64  AvoidDoubleOrFloatEqualCompareRuleInspection
5269:             2             64  AvoidManuallyCreateThreadRuleInspection
5270:             2             64  AvoidMissUseOfMathRandomRuleInspection
5271:             2             64  AvoidNegationOperatorRuleInspection
5272:             2             64  AvoidNewDateGetTimeRuleInspection
5273:             2             64  AvoidPatternCompileInMethodRuleInspection
5274:             2             64  AvoidReturnInFinallyRuleInspection
5275:             2             64  AvoidStartWithDollarAndUnderLineNamingRuleInspection
5276:             2             64  AvoidUseTimerRuleInspection
5277:             2             64  BigDecimalAvoidDoubleConstructorRuleInspection
5278:             2             64  BooleanPropertyShouldNotStartWithIsRuleInspection
5279:             2             64  ClassCastExceptionWithSubListToArrayListRuleInspection
5280:             2             64  ClassCastExceptionWithToArrayRuleInspection
5281:             2             64  ClassMustHaveAuthorRuleInspection
5282:             2             64  ClassNamingShouldBeCamelRuleInspection
5283:             2             64  CollectionInitShouldAssignCapacityRuleInspection
5284:             2             64  CommentsMustBeJavadocFormatRuleInspection
5285:             2             64  ConcurrentExceptionWithModifyOriginSubListRuleInspection
5286:             2             64  ConstantFieldShouldBeUpperCaseRuleInspection
5287:             2             64  CountDownShouldInFinallyRuleInspection
5288:             2             64  DelegateAliAccessStaticViaInstanceInspection
5289:             2             64  DelegateAliArrayNamingShouldHaveBracketInspection
5290:             2             64  DelegateAliControlFlowStatementWithoutBracesInspection
5291:             2             64  DelegateAliDeprecationInspection
5292:             2             64  DelegateAliEqualsAvoidNullInspection
5293:             2             64  DelegateAliLongLiteralsEndingWithLowercaseLInspection
5294:             2             64  DelegateAliMissingOverrideAnnotationInspection
5295:             2             64  DelegateAliWrapperTypeEqualityInspection
5296:             2             64  DelegateMapOrSetKeyShouldOverrideHashCodeEqualsInspection
5297:             2             64  DontModifyInForeachCircleRuleInspection
5298:             2             64  EnumConstantsMustHaveCommentRuleInspection
5299:             2             64  ExceptionClassShouldEndWithExceptionRuleInspection
5300:             2             64  IbatisMethodQueryForListRuleInspection
5301:             2             64  LockShouldWithTryFinallyRuleInspection
5302:             2             64  LowerCamelCaseVariableNamingRuleInspection
5303:             2             64  MethodReturnWrapperTypeRuleInspection
5304:             2             64  MethodTooLongRuleInspection
5305:             2             64  PackageNamingRuleInspection
5306:             2             64  PojoMustOverrideToStringRuleInspection
5307:             2             64  PojoMustUsePrimitiveFieldRuleInspection
5308:             2             64  PojoNoDefaultValueRuleInspection
5309:             2             64  RemoveCommentedCodeRuleInspection
5310:             2             64  ServiceOrDaoClassShouldEndWithImplRuleInspection
5311:             2             64  StringConcatRuleInspection
5312:             2             64  SwitchStatementRuleInspection
5313:             2             64  TestClassShouldEndWithTestNamingRuleInspection
5314:             2             64  ThreadLocalShouldRemoveRuleInspection
5315:             2             64  ThreadPoolCreationRuleInspection
5316:             2             64  ThreadShouldSetNameRuleInspection
5317:             2             64  TransactionMustHaveRollbackRuleInspection
5318:             2             64  UndefineMagicConstantRuleInspection
5319:             2             64  UnsupportedExceptionWithModifyAsListRuleInspection
5320:             2             64  UseQuietReferenceNotationRuleInspection
5321:             2             64  UseRightCaseForDateFormatRuleInspection
5322:             2             64  com.alibaba.p3c.idea.inspection.AliArrayNamingShouldHaveBracketInspection
5323:             2             64  com.alibaba.p3c.idea.inspection.AliWrapperTypeEqualityInspection
5324:             2             64  com.alibaba.p3c.idea.inspection.standalone.AliDeprecationInspection
5325:             2             64  com.alibaba.p3c.idea.inspection.standalone.AliMissingOverrideAnnotationInspection
5326:             2             64  com.alibaba.p3c.idea.inspection.standalone.MapOrSetKeyShouldOverrideHashCodeEqualsInspection
5327:             1             64  com.android.tools.idea.editors.layeredimage.LayersManager
5328:             2             64  com.android.tools.idea.lint.AndroidLintAaptCrashInspection
5329:             2             64  com.android.tools.idea.lint.AndroidLintAccidentalOctalInspection
5330:             2             64  com.android.tools.idea.lint.AndroidLintAdapterViewChildrenInspection
5331:             2             64  com.android.tools.idea.lint.AndroidLintAddJavascriptInterfaceInspection
5332:             2             64  com.android.tools.idea.lint.AndroidLintAllCapsInspection
5333:             2             64  com.android.tools.idea.lint.AndroidLintAllowAllHostnameVerifierInspection
5334:             2             64  com.android.tools.idea.lint.AndroidLintAllowBackupInspection
5335:             2             64  com.android.tools.idea.lint.AndroidLintAlwaysShowActionInspection
5336:             2             64  com.android.tools.idea.lint.AndroidLintAnimatorKeepInspection
5337:             2             64  com.android.tools.idea.lint.AndroidLintAnnotationProcessorOnCompilePathInspection
5338:             2             64  com.android.tools.idea.lint.AndroidLintAppCompatCustomViewInspection
5339:             2             64  com.android.tools.idea.lint.AndroidLintAppCompatMethodInspection
5340:             2             64  com.android.tools.idea.lint.AndroidLintAppCompatResourceInspection
5341:             2             64  com.android.tools.idea.lint.AndroidLintAppIndexingServiceInspection
5342:             2             64  com.android.tools.idea.lint.AndroidLintAppLinkUrlErrorInspection
5343:             2             64  com.android.tools.idea.lint.AndroidLintAppLinksAutoVerifyErrorInspection
5344:             2             64  com.android.tools.idea.lint.AndroidLintAppLinksAutoVerifyWarningInspection
5345:             2             64  com.android.tools.idea.lint.AndroidLintApplySharedPrefInspection
5346:             2             64  com.android.tools.idea.lint.AndroidLintAssertInspection
5347:             2             64  com.android.tools.idea.lint.AndroidLintAuthLeakInspection
5348:             2             64  com.android.tools.idea.lint.AndroidLintAutofillInspection
5349:             2             64  com.android.tools.idea.lint.AndroidLintBackButtonInspection
5350:             2             64  com.android.tools.idea.lint.AndroidLintBadHostnameVerifierInspection
5351:             2             64  com.android.tools.idea.lint.AndroidLintBatteryLifeInspection
5352:             2             64  com.android.tools.idea.lint.AndroidLintBlockedPrivateApiInspection
5353:             2             64  com.android.tools.idea.lint.AndroidLintBottomAppBarInspection
5354:             2             64  com.android.tools.idea.lint.AndroidLintBrokenIteratorInspection
5355:             2             64  com.android.tools.idea.lint.AndroidLintButtonCaseInspection
5356:             2             64  com.android.tools.idea.lint.AndroidLintButtonOrderInspection
5357:             2             64  com.android.tools.idea.lint.AndroidLintButtonStyleInspection
5358:             2             64  com.android.tools.idea.lint.AndroidLintByteOrderMarkInspection
5359:             2             64  com.android.tools.idea.lint.AndroidLintCanvasSizeInspection
5360:             2             64  com.android.tools.idea.lint.AndroidLintCheckResultInspection
5361:             2             64  com.android.tools.idea.lint.AndroidLintClickableViewAccessibilityInspection
5362:             2             64  com.android.tools.idea.lint.AndroidLintCommitPrefEditsInspection
5363:             2             64  com.android.tools.idea.lint.AndroidLintCommitTransactionInspection
5364:             2             64  com.android.tools.idea.lint.AndroidLintConstantLocaleInspection
5365:             2             64  com.android.tools.idea.lint.AndroidLintContentDescriptionInspection
5366:             2             64  com.android.tools.idea.lint.AndroidLintConvertToWebpInspection
5367:             2             64  com.android.tools.idea.lint.AndroidLintCustomViewStyleableInspection
5368:             2             64  com.android.tools.idea.lint.AndroidLintCutPasteIdInspection
5369:             2             64  com.android.tools.idea.lint.AndroidLintDataBindingWithoutKaptInspection
5370:             2             64  com.android.tools.idea.lint.AndroidLintDefaultLocaleInspection
5371:             2             64  com.android.tools.idea.lint.AndroidLintDeletedProviderInspection
5372:             2             64  com.android.tools.idea.lint.AndroidLintDeprecatedInspection
5373:             2             64  com.android.tools.idea.lint.AndroidLintDeprecatedProviderInspection
5374:             2             64  com.android.tools.idea.lint.AndroidLintDevModeObsoleteInspection
5375:             2             64  com.android.tools.idea.lint.AndroidLintDeviceAdminInspection
5376:             2             64  com.android.tools.idea.lint.AndroidLintDiffUtilEqualsInspection
5377:             2             64  com.android.tools.idea.lint.AndroidLintDisableBaselineAlignmentInspection
5378:             2             64  com.android.tools.idea.lint.AndroidLintDiscouragedPrivateApiInspection
5379:             2             64  com.android.tools.idea.lint.AndroidLintDrawAllocationInspection
5380:             2             64  com.android.tools.idea.lint.AndroidLintDuplicateActivityInspection
5381:             2             64  com.android.tools.idea.lint.AndroidLintDuplicateDefinitionInspection
5382:             2             64  com.android.tools.idea.lint.AndroidLintDuplicateDividerInspection
5383:             2             64  com.android.tools.idea.lint.AndroidLintDuplicateIdsInspection
5384:             2             64  com.android.tools.idea.lint.AndroidLintDuplicateIncludedIdsInspection
5385:             2             64  com.android.tools.idea.lint.AndroidLintDuplicatePlatformClassesInspection
5386:             2             64  com.android.tools.idea.lint.AndroidLintDuplicateStringsInspection
5387:             2             64  com.android.tools.idea.lint.AndroidLintDuplicateUsesFeatureInspection
5388:             2             64  com.android.tools.idea.lint.AndroidLintEasterEggInspection
5389:             2             64  com.android.tools.idea.lint.AndroidLintEllipsizeMaxLinesInspection
5390:             2             64  com.android.tools.idea.lint.AndroidLintEnforceUTF8Inspection
5391:             2             64  com.android.tools.idea.lint.AndroidLintEnqueueWorkInspection
5392:             2             64  com.android.tools.idea.lint.AndroidLintExifInterfaceInspection
5393:             2             64  com.android.tools.idea.lint.AndroidLintExpiredTargetSdkVersionInspection
5394:             2             64  com.android.tools.idea.lint.AndroidLintExpiringTargetSdkVersionInspection
5395:             2             64  com.android.tools.idea.lint.AndroidLintExportedContentProviderInspection
5396:             2             64  com.android.tools.idea.lint.AndroidLintExportedPreferenceActivityInspection
5397:             2             64  com.android.tools.idea.lint.AndroidLintExportedReceiverInspection
5398:             2             64  com.android.tools.idea.lint.AndroidLintExportedServiceInspection
5399:             2             64  com.android.tools.idea.lint.AndroidLintExtraTextInspection
5400:             2             64  com.android.tools.idea.lint.AndroidLintExtraTranslationInspection
5401:             2             64  com.android.tools.idea.lint.AndroidLintFindViewByIdCastInspection
5402:             2             64  com.android.tools.idea.lint.AndroidLintFontValidationErrorInspection
5403:             2             64  com.android.tools.idea.lint.AndroidLintFontValidationWarningInspection
5404:             2             64  com.android.tools.idea.lint.AndroidLintFullBackupContentInspection
5405:             2             64  com.android.tools.idea.lint.AndroidLintGetContentDescriptionOverrideInspection
5406:             2             64  com.android.tools.idea.lint.AndroidLintGetInstanceInspection
5407:             2             64  com.android.tools.idea.lint.AndroidLintGetLocalesInspection
5408:             2             64  com.android.tools.idea.lint.AndroidLintGifUsageInspection
5409:             2             64  com.android.tools.idea.lint.AndroidLintGoogleAppIndexingApiWarningInspection
5410:             2             64  com.android.tools.idea.lint.AndroidLintGoogleAppIndexingWarningInspection
5411:             2             64  com.android.tools.idea.lint.AndroidLintGradleCompatibleInspection
5412:             2             64  com.android.tools.idea.lint.AndroidLintGradleDependencyInspection
5413:             2             64  com.android.tools.idea.lint.AndroidLintGradleDeprecatedConfigurationInspection
5414:             2             64  com.android.tools.idea.lint.AndroidLintGradleDeprecatedInspection
5415:             2             64  com.android.tools.idea.lint.AndroidLintGradleDynamicVersionInspection
5416:             2             64  com.android.tools.idea.lint.AndroidLintGradleGetterInspection
5417:             2             64  com.android.tools.idea.lint.AndroidLintGradleIdeErrorInspection
5418:             2             64  com.android.tools.idea.lint.AndroidLintGradleOverridesInspection
5419:             2             64  com.android.tools.idea.lint.AndroidLintGradlePathInspection
5420:             2             64  com.android.tools.idea.lint.AndroidLintGradlePluginVersionInspection
5421:             2             64  com.android.tools.idea.lint.AndroidLintGrantAllUrisInspection
5422:             2             64  com.android.tools.idea.lint.AndroidLintGridLayoutInspection
5423:             2             64  com.android.tools.idea.lint.AndroidLintHalfFloatInspection
5424:             2             64  com.android.tools.idea.lint.AndroidLintHandlerLeakInspection
5425:             2             64  com.android.tools.idea.lint.AndroidLintHardcodedDebugModeInspection
5426:             2             64  com.android.tools.idea.lint.AndroidLintHardcodedTextInspection
5427:             2             64  com.android.tools.idea.lint.AndroidLintHardwareIdsInspection
5428:             2             64  com.android.tools.idea.lint.AndroidLintHighAppVersionCodeInspection
5429:             2             64  com.android.tools.idea.lint.AndroidLintIconColorsInspection
5430:             2             64  com.android.tools.idea.lint.AndroidLintIconDensitiesInspection
5431:             2             64  com.android.tools.idea.lint.AndroidLintIconDipSizeInspection
5432:             2             64  com.android.tools.idea.lint.AndroidLintIconDuplicatesConfigInspection
5433:             2             64  com.android.tools.idea.lint.AndroidLintIconDuplicatesInspection
5434:             2             64  com.android.tools.idea.lint.AndroidLintIconExpectedSizeInspection
5435:             2             64  com.android.tools.idea.lint.AndroidLintIconExtensionInspection
5436:             2             64  com.android.tools.idea.lint.AndroidLintIconLauncherShapeInspection
5437:             2             64  com.android.tools.idea.lint.AndroidLintIconLocationInspection
5438:             2             64  com.android.tools.idea.lint.AndroidLintIconMissingDensityFolderInspection
5439:             2             64  com.android.tools.idea.lint.AndroidLintIconMixedNinePatchInspection
5440:             2             64  com.android.tools.idea.lint.AndroidLintIconNoDpiInspection
5441:             2             64  com.android.tools.idea.lint.AndroidLintIconXmlAndPngInspection
5442:             2             64  com.android.tools.idea.lint.AndroidLintIgnoreWithoutReasonInspection
5443:             2             64  com.android.tools.idea.lint.AndroidLintIllegalResourceRefInspection
5444:             2             64  com.android.tools.idea.lint.AndroidLintImplicitSamInstanceInspection
5445:             2             64  com.android.tools.idea.lint.AndroidLintImpliedQuantityInspection
5446:             2             64  com.android.tools.idea.lint.AndroidLintImpliedTouchscreenHardwareInspection
5447:             2             64  com.android.tools.idea.lint.AndroidLintInOrMmUsageInspection
5448:             2             64  com.android.tools.idea.lint.AndroidLintIncludeLayoutParamInspection
5449:             2             64  com.android.tools.idea.lint.AndroidLintIncompatibleMediaBrowserServiceCompatVersionInspection
5450:             2             64  com.android.tools.idea.lint.AndroidLintInconsistentArraysInspection
5451:             2             64  com.android.tools.idea.lint.AndroidLintInconsistentLayoutInspection
5452:             2             64  com.android.tools.idea.lint.AndroidLintInefficientWeightInspection
5453:             2             64  com.android.tools.idea.lint.AndroidLintInflateParamsInspection
5454:             2             64  com.android.tools.idea.lint.AndroidLintInlinedApiInspection
5455:             2             64  com.android.tools.idea.lint.AndroidLintInnerclassSeparatorInspection
5456:             2             64  com.android.tools.idea.lint.AndroidLintInsecureBaseConfigurationInspection
5457:             2             64  com.android.tools.idea.lint.AndroidLintInstantAppsInspection
5458:             2             64  com.android.tools.idea.lint.AndroidLintIntentResetInspection
5459:             2             64  com.android.tools.idea.lint.AndroidLintInvalidAnalyticsNameInspection
5460:             2             64  com.android.tools.idea.lint.AndroidLintInvalidIdInspection
5461:             2             64  com.android.tools.idea.lint.AndroidLintInvalidImeActionIdInspection
5462:             2             64  com.android.tools.idea.lint.AndroidLintInvalidNavigationInspection
5463:             2             64  com.android.tools.idea.lint.AndroidLintInvalidPermissionInspection
5464:             2             64  com.android.tools.idea.lint.AndroidLintInvalidResourceFolderInspection
5465:             2             64  com.android.tools.idea.lint.AndroidLintInvalidUsesTagAttributeInspection
5466:             2             64  com.android.tools.idea.lint.AndroidLintInvalidVectorPathInspection
5467:             2             64  com.android.tools.idea.lint.AndroidLintInvalidWakeLockTagInspection
5468:             2             64  com.android.tools.idea.lint.AndroidLintInvalidWearFeatureAttributeInspection
5469:             2             64  com.android.tools.idea.lint.AndroidLintJavascriptInterfaceInspection
5470:             2             64  com.android.tools.idea.lint.AndroidLintJobSchedulerServiceInspection
5471:             2             64  com.android.tools.idea.lint.AndroidLintKeyboardInaccessibleWidgetInspection
5472:             2             64  com.android.tools.idea.lint.AndroidLintKotlinPropertyAccessInspection
5473:             2             64  com.android.tools.idea.lint.AndroidLintLabelForInspection
5474:             2             64  com.android.tools.idea.lint.AndroidLintLambdaLastInspection
5475:             2             64  com.android.tools.idea.lint.AndroidLintLibraryCustomViewInspection
5476:             2             64  com.android.tools.idea.lint.AndroidLintLifecycleAnnotationProcessorWithJava8Inspection
5477:             2             64  com.android.tools.idea.lint.AndroidLintLintBaselineInspection
5478:             2             64  com.android.tools.idea.lint.AndroidLintLocalSuppressInspection
5479:             2             64  com.android.tools.idea.lint.AndroidLintLocaleFolderInspection
5480:             2             64  com.android.tools.idea.lint.AndroidLintLockedOrientationActivityInspection
5481:             2             64  com.android.tools.idea.lint.AndroidLintLogConditionalInspection
5482:             2             64  com.android.tools.idea.lint.AndroidLintLogTagMismatchInspection
5483:             2             64  com.android.tools.idea.lint.AndroidLintLongLogTagInspection
5484:             2             64  com.android.tools.idea.lint.AndroidLintMangledCRLFInspection
5485:             2             64  com.android.tools.idea.lint.AndroidLintManifestOrderInspection
5486:             2             64  com.android.tools.idea.lint.AndroidLintManifestResourceInspection
5487:             2             64  com.android.tools.idea.lint.AndroidLintMenuTitleInspection
5488:             2             64  com.android.tools.idea.lint.AndroidLintMergeMarkerInspection
5489:             2             64  com.android.tools.idea.lint.AndroidLintMergeRootFrameInspection
5490:             2             64  com.android.tools.idea.lint.AndroidLintMinSdkTooLowInspection
5491:             2             64  com.android.tools.idea.lint.AndroidLintMipmapIconsInspection
5492:             2             64  com.android.tools.idea.lint.AndroidLintMissingApplicationIconInspection
5493:             2             64  com.android.tools.idea.lint.AndroidLintMissingBackupPinInspection
5494:             2             64  com.android.tools.idea.lint.AndroidLintMissingConstraintsInspection
5495:             2             64  com.android.tools.idea.lint.AndroidLintMissingDefaultResourceInspection
5496:             2             64  com.android.tools.idea.lint.AndroidLintMissingFirebaseInstanceTokenRefreshInspection
5497:             2             64  com.android.tools.idea.lint.AndroidLintMissingIdInspection
5498:             2             64  com.android.tools.idea.lint.AndroidLintMissingIntentFilterForMediaSearchInspection
5499:             2             64  com.android.tools.idea.lint.AndroidLintMissingLeanbackLauncherInspection
5500:             2             64  com.android.tools.idea.lint.AndroidLintMissingLeanbackSupportInspection
5501:             2             64  com.android.tools.idea.lint.AndroidLintMissingMediaBrowserServiceIntentFilterInspection
5502:             2             64  com.android.tools.idea.lint.AndroidLintMissingOnPlayFromSearchInspection
5503:             2             64  com.android.tools.idea.lint.AndroidLintMissingPermissionInspection
5504:             2             64  com.android.tools.idea.lint.AndroidLintMissingPrefixInspection
5505:             2             64  com.android.tools.idea.lint.AndroidLintMissingQuantityInspection
5506:             2             64  com.android.tools.idea.lint.AndroidLintMissingSuperCallInspection
5507:             2             64  com.android.tools.idea.lint.AndroidLintMissingTranslationInspection
5508:             2             64  com.android.tools.idea.lint.AndroidLintMissingTvBannerInspection
5509:             2             64  com.android.tools.idea.lint.AndroidLintMissingVersionInspection
5510:             2             64  com.android.tools.idea.lint.AndroidLintMockLocationInspection
5511:             2             64  com.android.tools.idea.lint.AndroidLintMultipleUsesSdkInspection
5512:             2             64  com.android.tools.idea.lint.AndroidLintNamespaceTypoInspection
5513:             2             64  com.android.tools.idea.lint.AndroidLintNegativeMarginInspection
5514:             2             64  com.android.tools.idea.lint.AndroidLintNestedScrollingInspection
5515:             2             64  com.android.tools.idea.lint.AndroidLintNestedWeightsInspection
5516:             2             64  com.android.tools.idea.lint.AndroidLintNetworkSecurityConfigInspection
5517:             2             64  com.android.tools.idea.lint.AndroidLintNewApiInspection
5518:             2             64  com.android.tools.idea.lint.AndroidLintNewerVersionAvailableInspection
5519:             2             64  com.android.tools.idea.lint.AndroidLintNfcTechWhitespaceInspection
5520:             2             64  com.android.tools.idea.lint.AndroidLintNoHardKeywordsInspection
5521:             2             64  com.android.tools.idea.lint.AndroidLintNonResizeableActivityInspection
5522:             2             64  com.android.tools.idea.lint.AndroidLintNotInterpolatedInspection
5523:             2             64  com.android.tools.idea.lint.AndroidLintNotSiblingInspection
5524:             2             64  com.android.tools.idea.lint.AndroidLintNotificationIconCompatibilityInspection
5525:             2             64  com.android.tools.idea.lint.AndroidLintObjectAnimatorBindingInspection
5526:             2             64  com.android.tools.idea.lint.AndroidLintObsoleteLayoutParamInspection
5527:             2             64  com.android.tools.idea.lint.AndroidLintObsoleteSdkIntInspection
5528:             2             64  com.android.tools.idea.lint.AndroidLintOldTargetApiInspection
5529:             2             64  com.android.tools.idea.lint.AndroidLintOnClickInspection
5530:             2             64  com.android.tools.idea.lint.AndroidLintOrientationInspection
5531:             2             64  com.android.tools.idea.lint.AndroidLintOutdatedLibraryInspection
5532:             2             64  com.android.tools.idea.lint.AndroidLintOverdrawInspection
5533:             2             64  com.android.tools.idea.lint.AndroidLintOverrideAbstractInspection
5534:             2             64  com.android.tools.idea.lint.AndroidLintOverrideInspection
5535:             2             64  com.android.tools.idea.lint.AndroidLintPackageManagerGetSignaturesInspection
5536:             2             64  com.android.tools.idea.lint.AndroidLintPackagedPrivateKeyInspection
5537:             2             64  com.android.tools.idea.lint.AndroidLintParcelClassLoaderInspection
5538:             2             64  com.android.tools.idea.lint.AndroidLintParcelCreatorInspection
5539:             2             64  com.android.tools.idea.lint.AndroidLintPendingBindingsInspection
5540:             2             64  com.android.tools.idea.lint.AndroidLintPermissionImpliesUnsupportedChromeOsHardwareInspection
5541:             2             64  com.android.tools.idea.lint.AndroidLintPermissionImpliesUnsupportedHardwareInspection
5542:             2             64  com.android.tools.idea.lint.AndroidLintPinSetExpiryInspection
5543:             2             64  com.android.tools.idea.lint.AndroidLintPluralsCandidateInspection
5544:             2             64  com.android.tools.idea.lint.AndroidLintPrivateApiInspection
5545:             2             64  com.android.tools.idea.lint.AndroidLintPrivateResourceInspection
5546:             2             64  com.android.tools.idea.lint.AndroidLintProguardInspection
5547:             2             64  com.android.tools.idea.lint.AndroidLintProguardSplitInspection
5548:             2             64  com.android.tools.idea.lint.AndroidLintPropertyEscapeInspection
5549:             2             64  com.android.tools.idea.lint.AndroidLintProtectedPermissionsInspection
5550:             2             64  com.android.tools.idea.lint.AndroidLintProxyPasswordInspection
5551:             2             64  com.android.tools.idea.lint.AndroidLintPxUsageInspection
5552:             2             64  com.android.tools.idea.lint.AndroidLintRangeInspection
5553:             2             64  com.android.tools.idea.lint.AndroidLintRecycleInspection
5554:             2             64  com.android.tools.idea.lint.AndroidLintRecyclerViewInspection
5555:             2             64  com.android.tools.idea.lint.AndroidLintRedundantNamespaceInspection
5556:             2             64  com.android.tools.idea.lint.AndroidLintReferenceTypeInspection
5557:             2             64  com.android.tools.idea.lint.AndroidLintRegisteredInspection
5558:             2             64  com.android.tools.idea.lint.AndroidLintRelativeOverlapInspection
5559:             2             64  com.android.tools.idea.lint.AndroidLintRequiredSizeInspection
5560:             2             64  com.android.tools.idea.lint.AndroidLintRequiresFeatureInspection
5561:             2             64  com.android.tools.idea.lint.AndroidLintResAutoInspection
5562:             2             64  com.android.tools.idea.lint.AndroidLintResourceAsColorInspection
5563:             2             64  com.android.tools.idea.lint.AndroidLintResourceCycleInspection
5564:             2             64  com.android.tools.idea.lint.AndroidLintResourceNameInspection
5565:             2             64  com.android.tools.idea.lint.AndroidLintResourceTypeInspection
5566:             2             64  com.android.tools.idea.lint.AndroidLintRestrictedApiInspection
5567:             2             64  com.android.tools.idea.lint.AndroidLintRiskyLibraryInspection
5568:             2             64  com.android.tools.idea.lint.AndroidLintRtlCompatInspection
5569:             2             64  com.android.tools.idea.lint.AndroidLintRtlEnabledInspection
5570:             2             64  com.android.tools.idea.lint.AndroidLintRtlHardcodedInspection
5571:             2             64  com.android.tools.idea.lint.AndroidLintRtlSymmetryInspection
5572:             2             64  com.android.tools.idea.lint.AndroidLintSQLiteStringInspection
5573:             2             64  com.android.tools.idea.lint.AndroidLintSSLCertificateSocketFactoryCreateSocketInspection
5574:             2             64  com.android.tools.idea.lint.AndroidLintSSLCertificateSocketFactoryGetInsecureInspection
5575:             2             64  com.android.tools.idea.lint.AndroidLintScrollViewCountInspection
5576:             2             64  com.android.tools.idea.lint.AndroidLintScrollViewSizeInspection
5577:             2             64  com.android.tools.idea.lint.AndroidLintSdCardPathInspection
5578:             2             64  com.android.tools.idea.lint.AndroidLintSecureRandomInspection
5579:             2             64  com.android.tools.idea.lint.AndroidLintSelectableTextInspection
5580:             2             64  com.android.tools.idea.lint.AndroidLintServiceCastInspection
5581:             2             64  com.android.tools.idea.lint.AndroidLintSetJavaScriptEnabledInspection
5582:             2             64  com.android.tools.idea.lint.AndroidLintSetTextI18nInspection
5583:             2             64  com.android.tools.idea.lint.AndroidLintSetWorldReadableInspection
5584:             2             64  com.android.tools.idea.lint.AndroidLintSetWorldWritableInspection
5585:             2             64  com.android.tools.idea.lint.AndroidLintShiftFlagsInspection
5586:             2             64  com.android.tools.idea.lint.AndroidLintShortAlarmInspection
5587:             2             64  com.android.tools.idea.lint.AndroidLintShowToastInspection
5588:             2             64  com.android.tools.idea.lint.AndroidLintSignatureOrSystemPermissionsInspection
5589:             2             64  com.android.tools.idea.lint.AndroidLintSimpleDateFormatInspection
5590:             2             64  com.android.tools.idea.lint.AndroidLintSlicesInspection
5591:             2             64  com.android.tools.idea.lint.AndroidLintSmallSpInspection
5592:             2             64  com.android.tools.idea.lint.AndroidLintSoonBlockedPrivateApiInspection
5593:             2             64  com.android.tools.idea.lint.AndroidLintSourceLockedOrientationActivityInspection
5594:             2             64  com.android.tools.idea.lint.AndroidLintSpUsageInspection
5595:             2             64  com.android.tools.idea.lint.AndroidLintStateListReachableInspection
5596:             2             64  com.android.tools.idea.lint.AndroidLintStaticFieldLeakInspection
5597:             2             64  com.android.tools.idea.lint.AndroidLintStopShipInspection
5598:             2             64  com.android.tools.idea.lint.AndroidLintStringEscapingInspection
5599:             2             64  com.android.tools.idea.lint.AndroidLintStringFormatCountInspection
5600:             2             64  com.android.tools.idea.lint.AndroidLintStringFormatInvalidInspection
5601:             2             64  com.android.tools.idea.lint.AndroidLintStringFormatMatchesInspection
5602:             2             64  com.android.tools.idea.lint.AndroidLintStringShouldBeIntInspection
5603:             2             64  com.android.tools.idea.lint.AndroidLintSupportAnnotationUsageInspection
5604:             2             64  com.android.tools.idea.lint.AndroidLintSuspicious0dpInspection
5605:             2             64  com.android.tools.idea.lint.AndroidLintSuspiciousImportInspection
5606:             2             64  com.android.tools.idea.lint.AndroidLintSwitchIntDefInspection
5607:             2             64  com.android.tools.idea.lint.AndroidLintSyntheticAccessorInspection
5608:             2             64  com.android.tools.idea.lint.AndroidLintTestAppLinkInspection
5609:             2             64  com.android.tools.idea.lint.AndroidLintTextFieldsInspection
5610:             2             64  com.android.tools.idea.lint.AndroidLintTextViewEditsInspection
5611:             2             64  com.android.tools.idea.lint.AndroidLintTooDeepLayoutInspection
5612:             2             64  com.android.tools.idea.lint.AndroidLintTooManyViewsInspection
5613:             2             64  com.android.tools.idea.lint.AndroidLintTranslucentOrientationInspection
5614:             2             64  com.android.tools.idea.lint.AndroidLintTrustAllX509TrustManagerInspection
5615:             2             64  com.android.tools.idea.lint.AndroidLintTypographyDashesInspection
5616:             2             64  com.android.tools.idea.lint.AndroidLintTypographyEllipsisInspection
5617:             2             64  com.android.tools.idea.lint.AndroidLintTypographyFractionsInspection
5618:             2             64  com.android.tools.idea.lint.AndroidLintTypographyOtherInspection
5619:             2             64  com.android.tools.idea.lint.AndroidLintTypographyQuotesInspection
5620:             2             64  com.android.tools.idea.lint.AndroidLintTyposInspection
5621:             2             64  com.android.tools.idea.lint.AndroidLintUniqueConstantsInspection
5622:             2             64  com.android.tools.idea.lint.AndroidLintUniquePermissionInspection
5623:             2             64  com.android.tools.idea.lint.AndroidLintUnknownIdInLayoutInspection
5624:             2             64  com.android.tools.idea.lint.AndroidLintUnknownIdInspection
5625:             2             64  com.android.tools.idea.lint.AndroidLintUnknownNullnessInspection
5626:             2             64  com.android.tools.idea.lint.AndroidLintUnlocalizedSmsInspection
5627:             2             64  com.android.tools.idea.lint.AndroidLintUnpackedNativeCodeInspection
5628:             2             64  com.android.tools.idea.lint.AndroidLintUnprotectedSMSBroadcastReceiverInspection
5629:             2             64  com.android.tools.idea.lint.AndroidLintUnsafeDynamicallyLoadedCodeInspection
5630:             2             64  com.android.tools.idea.lint.AndroidLintUnsafeNativeCodeLocationInspection
5631:             2             64  com.android.tools.idea.lint.AndroidLintUnsafeProtectedBroadcastReceiverInspection
5632:             2             64  com.android.tools.idea.lint.AndroidLintUnsupportedChromeOsCameraSystemFeatureInspection
5633:             2             64  com.android.tools.idea.lint.AndroidLintUnsupportedChromeOsHardwareInspection
5634:             2             64  com.android.tools.idea.lint.AndroidLintUnsupportedTvHardwareInspection
5635:             2             64  com.android.tools.idea.lint.AndroidLintUntranslatableInspection
5636:             2             64  com.android.tools.idea.lint.AndroidLintUnusedAttributeInspection
5637:             2             64  com.android.tools.idea.lint.AndroidLintUnusedIdsInspection
5638:             2             64  com.android.tools.idea.lint.AndroidLintUnusedNavigationInspection
5639:             2             64  com.android.tools.idea.lint.AndroidLintUnusedQuantityInspection
5640:             2             64  com.android.tools.idea.lint.AndroidLintUnusedResourcesInspection
5641:             2             64  com.android.tools.idea.lint.AndroidLintUsableSpaceInspection
5642:             2             64  com.android.tools.idea.lint.AndroidLintUseAlpha2Inspection
5643:             2             64  com.android.tools.idea.lint.AndroidLintUseCheckPermissionInspection
5644:             2             64  com.android.tools.idea.lint.AndroidLintUseCompoundDrawablesInspection
5645:             2             64  com.android.tools.idea.lint.AndroidLintUseOfBundledGooglePlayServicesInspection
5646:             2             64  com.android.tools.idea.lint.AndroidLintUseSparseArraysInspection
5647:             2             64  com.android.tools.idea.lint.AndroidLintUseValueOfInspection
5648:             2             64  com.android.tools.idea.lint.AndroidLintUselessLeafInspection
5649:             2             64  com.android.tools.idea.lint.AndroidLintUselessParentInspection
5650:             2             64  com.android.tools.idea.lint.AndroidLintUsesMinSdkAttributesInspection
5651:             2             64  com.android.tools.idea.lint.AndroidLintUsingC2DMInspection
5652:             2             64  com.android.tools.idea.lint.AndroidLintUsingHttpInspection
5653:             2             64  com.android.tools.idea.lint.AndroidLintValidActionsXmlInspection
5654:             2             64  com.android.tools.idea.lint.AndroidLintValidFragmentInspection
5655:             2             64  com.android.tools.idea.lint.AndroidLintValidRestrictionsInspection
5656:             2             64  com.android.tools.idea.lint.AndroidLintVectorDrawableCompatInspection
5657:             2             64  com.android.tools.idea.lint.AndroidLintVectorPathInspection
5658:             2             64  com.android.tools.idea.lint.AndroidLintVectorRasterInspection
5659:             2             64  com.android.tools.idea.lint.AndroidLintViewConstructorInspection
5660:             2             64  com.android.tools.idea.lint.AndroidLintViewHolderInspection
5661:             2             64  com.android.tools.idea.lint.AndroidLintViewTagInspection
5662:             2             64  com.android.tools.idea.lint.AndroidLintVisibleForTestsInspection
5663:             2             64  com.android.tools.idea.lint.AndroidLintWakelockTimeoutInspection
5664:             2             64  com.android.tools.idea.lint.AndroidLintWearStandaloneAppFlagInspection
5665:             2             64  com.android.tools.idea.lint.AndroidLintWearableBindListenerInspection
5666:             2             64  com.android.tools.idea.lint.AndroidLintWebViewApiAvailabilityInspection
5667:             2             64  com.android.tools.idea.lint.AndroidLintWebViewLayoutInspection
5668:             2             64  com.android.tools.idea.lint.AndroidLintWebpUnsupportedInspection
5669:             2             64  com.android.tools.idea.lint.AndroidLintWifiManagerLeakInspection
5670:             2             64  com.android.tools.idea.lint.AndroidLintWifiManagerPotentialLeakInspection
5671:             2             64  com.android.tools.idea.lint.AndroidLintWorldReadableFilesInspection
5672:             2             64  com.android.tools.idea.lint.AndroidLintWorldWriteableFilesInspection
5673:             2             64  com.android.tools.idea.lint.AndroidLintWrongCallInspection
5674:             2             64  com.android.tools.idea.lint.AndroidLintWrongCaseInspection
5675:             2             64  com.android.tools.idea.lint.AndroidLintWrongConstantInspection
5676:             2             64  com.android.tools.idea.lint.AndroidLintWrongFolderInspection
5677:             2             64  com.android.tools.idea.lint.AndroidLintWrongRegionInspection
5678:             2             64  com.android.tools.idea.lint.AndroidLintWrongThreadInspection
5679:             2             64  com.android.tools.idea.lint.AndroidLintWrongThreadInterproceduralInspection
5680:             2             64  com.android.tools.idea.lint.AndroidLintWrongViewCastInspection
5681:             2             64  com.android.tools.idea.lint.AndroidLintXmlEscapeNeededInspection
5682:             1             64  com.android.tools.idea.navigator.AndroidProjectViewPane
5683:             1             64  com.android.tools.idea.run.deployment.DeviceAndSnapshotComboBoxAction
5684:             2             64  com.apple.laf.AquaHighlighter (java.desktop@11.0.7)
5685:             4             64  com.apple.laf.AquaImageFactory$IconUIResourceSingleton (java.desktop@11.0.7)
5686:             4             64  com.apple.laf.AquaImageFactory$NamedImageSingleton (java.desktop@11.0.7)
5687:             2             64  com.fasterxml.jackson.core.io.SerializedString
5688:             1             64  com.fasterxml.jackson.core.sym.ByteQuadsCanonicalizer
5689:             1             64  com.fasterxml.jackson.core.sym.ByteQuadsCanonicalizer
5690:             1             64  com.fasterxml.jackson.core.sym.CharsToNameCanonicalizer
5691:             1             64  com.fasterxml.jackson.core.sym.CharsToNameCanonicalizer
5692:             1             64  com.fasterxml.jackson.databind.MappingJsonFactory
5693:             1             64  com.fasterxml.jackson.databind.ObjectMapper
5694:             2             64  com.fasterxml.jackson.databind.ser.std.NumberSerializers$DoubleSerializer
5695:             2             64  com.fasterxml.jackson.databind.ser.std.NumberSerializers$IntegerSerializer
5696:             2             64  com.fasterxml.jackson.databind.ser.std.NumberSerializers$LongSerializer
5697:             2             64  com.google.common.base.Splitter
5698:             1             64  com.google.common.cache.CacheStats
5699:             2             64  com.google.common.collect.HashMultiset
5700:             2             64  com.google.common.collect.RegularImmutableSortedSet
5701:             2             64  com.google.gson.internal.bind.TreeTypeAdapter$SingleTypeFactory
5702:             1             64  com.google.protobuf.CodedInputStream$ArrayDecoder
5703:             4             64  com.intellij.a.e.a.a
5704:             4             64  com.intellij.charts.ChartUtils$xPainter$1
5705:             4             64  com.intellij.charts.ChartWrapper$MouseAware
5706:             4             64  com.intellij.codeHighlighting.HighlightDisplayLevel$SingleColorIcon
5707:             2             64  com.intellij.codeInsight.daemon.DaemonCodeAnalyzerSettingsImpl
5708:             2             64  com.intellij.codeInsight.daemon.impl.EditorTracker$$Lambda$3504/0x0000000802044840
5709:             1             64  com.intellij.codeInsight.documentation.DocumentationManager
5710:             2             64  com.intellij.codeInsight.folding.impl.DocumentFoldingInfo
5711:             2             64  com.intellij.codeInsight.generation.GenerateGetterAndSetterHandler
5712:             1             64  com.intellij.codeInsight.hint.HintManagerImpl
5713:             2             64  com.intellij.codeInspection.AnonymousHasLambdaAlternativeInspection$AnonymousLambdaAlternative
5714:             2             64  com.intellij.codeInspection.ex.InspectionToolRegistrar$1
5715:             1             64  com.intellij.compiler.backwardRefs.DirtyScopeHolder
5716:             1             64  com.intellij.configurationStore.DefaultProjectStorage
5717:             2             64  com.intellij.configurationStore.ExportSettingsAction
5718:             2             64  com.intellij.configurationStore.ImportSettingsAction
5719:             1             64  com.intellij.configurationStore.ModuleStateStorageManager$ModuleFileStorage
5720:             2             64  com.intellij.configurationStore.RestoreDefaultSettingsAction
5721:             4             64  com.intellij.configurationStore.schemeManager.SchemeChangeApplicator
5722:             2             64  com.intellij.database.actions.OpenConsoleAction$CreateNew
5723:             2             64  com.intellij.database.csv.CsvFormat
5724:             2             64  com.intellij.database.csv.PersistentCsvFormat
5725:             1             64  com.intellij.database.dataSource.DataSourceStorage$Prj
5726:             2             64  com.intellij.database.run.actions.ChangeColumnLanguageAction
5727:             4             64  com.intellij.database.run.actions.ColumnFilterByGroup$FilterTemplate
5728:             1             64  com.intellij.debugger.settings.DebuggerSettings
5729:             2             64  com.intellij.debugger.streams.lib.impl.StreamExLibrarySupport
5730:             4             64  com.intellij.diagnostic.ITNReporter
5731:             2             64  com.intellij.diff.actions.CompareFilesAction
5732:             2             64  com.intellij.diff.actions.ShowDiffAction
5733:             2             64  com.intellij.diff.util.Range
5734:             4             64  com.intellij.dmserver.artifacts.DMArtifactTypeBase$ByExtensionFilter
5735:             4             64  com.intellij.execution.ExecutorRegistryImpl$ExecutorAction$$Lambda$861/0x0000000800b2e840
5736:             2             64  com.intellij.execution.Platform
5737:             2             64  com.intellij.execution.ShortenCommandLine
5738:             4             64  com.intellij.execution.actions.RunContextAction$$Lambda$865/0x0000000800b2d840
5739:             1             64  com.intellij.execution.application.ApplicationConfiguration
5740:             1             64  com.intellij.execution.dashboard.RunDashboardManagerImpl
5741:             2             64  com.intellij.execution.impl.RunConfigurationSchemeManager
5742:             1             64  com.intellij.execution.scratch.JavaScratchConfiguration
5743:             2             64  com.intellij.find.findUsages.JavaFindUsagesHandlerFactory
5744:             1             64  com.intellij.grazie.detector.ngram.NgramDetector
5745:             4             64  com.intellij.html.HtmlLineMarkerProvider
5746:             1             64  com.intellij.ide.HelpTooltipManager
5747:             1             64  com.intellij.ide.IdeDependentActionGroup
5748:             2             64  com.intellij.ide.actions.CollectZippedLogsAction
5749:             2             64  com.intellij.ide.actions.CreateDesktopEntryAction
5750:             2             64  com.intellij.ide.actions.EditCustomPropertiesAction
5751:             2             64  com.intellij.ide.actions.EditCustomVmOptionsAction
5752:             2             64  com.intellij.ide.actions.EditSourceAction
5753:             2             64  com.intellij.ide.actions.NewProjectAction
5754:             2             64  com.intellij.ide.actions.ShowSettingsAction
5755:             2             64  com.intellij.ide.actions.TemplateProjectStructureAction
5756:             2             64  com.intellij.ide.actions.ToggleDistractionFreeModeAction
5757:             1             64  com.intellij.ide.actions.ToolWindowMoveAction$Group
5758:             1             64  com.intellij.ide.actions.ToolWindowViewModeAction$Group
5759:             2             64  com.intellij.ide.actions.ViewToolbarAction
5760:             2             64  com.intellij.ide.b.e.a
5761:             2             64  com.intellij.ide.browsers.actions.OpenFileInDefaultBrowserAction
5762:             2             64  com.intellij.ide.browsers.chrome.ChromeSettings
5763:             1             64  com.intellij.ide.projectView.impl.PackageViewPane
5764:             1             64  com.intellij.ide.projectView.impl.ProjectViewPane
5765:             1             64  com.intellij.ide.projectWizard.ProjectTypeStep$4
5766:             1             64  com.intellij.ide.scratch.ScratchProjectViewPane
5767:             1             64  com.intellij.ide.ui.UISettings
5768:             2             64  com.intellij.ide.ui.laf.UIThemeBasedLookAndFeelInfo
5769:             2             64  com.intellij.idea.OutputStreamLogger
5770:             4             64  com.intellij.internal.statistic.eventLog.FeatureUsageData
5771:             1             64  com.intellij.javaee.ExternalResourceManagerExImpl
5772:             2             64  com.intellij.javaee.StandardResourceEP
5773:             1             64  com.intellij.lang.javascript.flex.FlexModuleBuilder
5774:             2             64  com.intellij.lang.javascript.flex.run.LauncherParameters
5775:             2             64  com.intellij.lang.javascript.linter.LinterCodeStyleImportSourceTracker
5776:             2             64  com.intellij.lang.javascript.linter.jscs.JscsExternalAnnotator
5777:             2             64  com.intellij.microservices.url.UrlResolveRequest
5778:             4             64  com.intellij.openapi.actionSystem.Anchor
5779:             4             64  com.intellij.openapi.actionSystem.Presentation$$Lambda$2313/0x0000000801a3e440
5780:             2             64  com.intellij.openapi.actionSystem.ex.ActionUtil$ActionUpdateData
5781:             2             64  com.intellij.openapi.components.impl.ProjectPathMacroManager
5782:             4             64  com.intellij.openapi.editor.actions.CaretStop
5783:             4             64  com.intellij.openapi.editor.colors.impl.AbstractColorsScheme$$Lambda$592/0x0000000800770c40
5784:             1             64  com.intellij.openapi.editor.colors.impl.EmptyColorScheme
5785:             2             64  com.intellij.openapi.editor.ex.util.SegmentArrayWithData
5786:             2             64  com.intellij.openapi.editor.impl.DefaultEditorTextRepresentationHelper
5787:             2             64  com.intellij.openapi.editor.impl.EditorImpl$CaretCursor
5788:             2             64  com.intellij.openapi.editor.impl.EditorImpl$CaretRectangle
5789:             4             64  com.intellij.openapi.editor.impl.EditorImpl$OpaqueAwareScrollBar$$Lambda$3427/0x0000000801fff840
5790:             4             64  com.intellij.openapi.editor.impl.EditorImpl$OpaqueAwareScrollBar$$Lambda$3428/0x0000000801fffc40
5791:             2             64  com.intellij.openapi.editor.impl.EditorSizeAdjustmentStrategy
5792:             2             64  com.intellij.openapi.editor.impl.FocusModeModel
5793:             2             64  com.intellij.openapi.editor.impl.FrozenDocument
5794:             2             64  com.intellij.openapi.editor.impl.view.LineLayout$BidiRun
5795:             2             64  com.intellij.openapi.editor.toolbar.floating.EditorFloatingToolbar$4
5796:             4             64  com.intellij.openapi.editor.toolbar.floating.VisibilityController$1
5797:             4             64  com.intellij.openapi.editor.toolbar.floating.VisibilityController$2
5798:             1             64  com.intellij.openapi.externalSystem.action.task.ExternalSystemTaskMenu
5799:             2             64  com.intellij.openapi.externalSystem.settings.AbstractExternalSystemLocalSettings$State
5800:             2             64  com.intellij.openapi.fileEditor.impl.HistoryEntry
5801:             1             64  com.intellij.openapi.fileEditor.impl.IdeDocumentHistoryImpl
5802:             4             64  com.intellij.openapi.fileEditor.impl.text.FileDropHandler
5803:             1             64  com.intellij.openapi.keymap.impl.IdeKeyEventDispatcher
5804:             1             64  com.intellij.openapi.keymap.impl.KeymapImpl
5805:             1             64  com.intellij.openapi.keymap.impl.keyGestures.KeyboardGestureProcessor
5806:             2             64  com.intellij.openapi.observable.properties.PropertyGraph
5807:             2             64  com.intellij.openapi.progress.BackgroundTaskQueue
5808:             2             64  com.intellij.openapi.project.DumbAwareAction$SimpleDumbAwareAction
5809:             2             64  com.intellij.openapi.roots.LanguageLevelModuleExtensionImpl
5810:             2             64  com.intellij.openapi.roots.LanguageLevelState
5811:             2             64  com.intellij.openapi.roots.PersistentOrderRootType
5812:             2             64  com.intellij.openapi.roots.impl.LanguageLevelProjectExtensionImpl
5813:             2             64  com.intellij.openapi.roots.impl.PackageDirectoryCache$PackageInfo
5814:             2             64  com.intellij.openapi.roots.impl.ProjectRootManagerImpl$JdkTableMultiListener
5815:             1             64  com.intellij.openapi.roots.impl.RootModelImpl
5816:             4             64  com.intellij.openapi.roots.ui.configuration.projectRoot.BaseStructureConfigurable$1
5817:             2             64  com.intellij.openapi.roots.ui.configuration.projectRoot.ProjectSdksModel
5818:             4             64  com.intellij.openapi.ui.MasterDetailsComponent$1
5819:             4             64  com.intellij.openapi.ui.MasterDetailsComponent$2
5820:             4             64  com.intellij.openapi.ui.ThreeComponentsSplitter$Divider$MyMouseAdapter
5821:             2             64  com.intellij.openapi.updateSettings.impl.CheckForUpdateAction
5822:             1             64  com.intellij.openapi.updateSettings.impl.UpdateOptions
5823:             2             64  com.intellij.openapi.util.ZipperUpdater
5824:             2             64  com.intellij.openapi.util.io.UniqueNameBuilder
5825:             4             64  com.intellij.openapi.vcs.VcsKey
5826:             1             64  com.intellij.openapi.vcs.actions.VcsGroupsWrapper
5827:             2             64  com.intellij.openapi.vcs.changes.ChangeListManagerSerialization$RevisionSide
5828:             1             64  com.intellij.openapi.vcs.changes.committed.CommittedChangesCache
5829:             4             64  com.intellij.openapi.vcs.changes.ignore.lang.IgnoreParserDefinition
5830:             2             64  com.intellij.openapi.vcs.ex.DocumentTracker$MyDocumentListener
5831:             1             64  com.intellij.openapi.vcs.impl.PartialLineStatusTrackerManagerState
5832:             1             64  com.intellij.openapi.vcs.impl.ProjectLevelVcsManagerImpl
5833:             1             64  com.intellij.openapi.vcs.impl.projectlevelman.NewMappings
5834:             4             64  com.intellij.openapi.wm.ToolWindowAnchor
5835:             4             64  com.intellij.openapi.wm.impl.InternalDecorator$$Lambda$2314/0x0000000801a3d840
5836:             4             64  com.intellij.openapi.wm.impl.InternalDecorator$InnerPanelBorder
5837:             1             64  com.intellij.openapi.wm.impl.ProjectWindowActionGroup
5838:             4             64  com.intellij.openapi.wm.impl.Stripe$AdaptiveBorder
5839:             4             64  com.intellij.openapi.wm.impl.ToolWindowHeader$2
5840:             4             64  com.intellij.openapi.wm.impl.ToolWindowHeader$3
5841:             4             64  com.intellij.openapi.wm.impl.ToolWindowHeader$4
5842:             4             64  com.intellij.openapi.wm.impl.ToolWindowHeader$6
5843:             4             64  com.intellij.openapi.wm.impl.ToolWindowImpl$createContentManager$1
5844:             4             64  com.intellij.openapi.wm.impl.ToolWindowImpl$createContentManager$2$alarm$1
5845:             4             64  com.intellij.openapi.wm.impl.ToolWindowImplKt$addContentNotInHierarchyComponents$1
5846:             1             64  com.intellij.openapi.wm.impl.ToolWindowManagerImpl
5847:             4             64  com.intellij.openapi.wm.impl.content.ToolWindowContentUi$1$1
5848:             4             64  com.intellij.openapi.wm.impl.simpleTitleParts.RegistryOption$1
5849:             4             64  com.intellij.openapi.wm.impl.status.EditorBasedStatusBarPopup$2
5850:             2             64  com.intellij.patterns.PsiElementPattern$6
5851:             2             64  com.intellij.patterns.PsiJavaElementPattern$3
5852:             2             64  com.intellij.profiler.linux.KernelVariable
5853:             2             64  com.intellij.psi.impl.PsiModificationTrackerImpl
5854:             2             64  com.intellij.psi.impl.PsiParameterizedCachedValue
5855:             2             64  com.intellij.psi.impl.PsiToDocumentSynchronizer
5856:             4             64  com.intellij.psi.impl.compiled.ClassFileStubBuilder
5857:             2             64  com.intellij.psi.impl.source.PostprocessReformattingAspect
5858:             2             64  com.intellij.psi.impl.source.PostprocessReformattingAspect$Context
5859:             1             64  com.intellij.psi.impl.source.PsiPlainTextFileImpl
5860:             1             64  com.intellij.psi.impl.source.html.HtmlFileImpl
5861:             2             64  com.intellij.psi.search.scope.packageSet.NamedScopeManager
5862:             4             64  com.intellij.spring.webflow.navigation.WebflowRelatedItemLineMarkerProvider$MyRelatedDomItemProvider
5863:             1             64  com.intellij.tasks.impl.TaskManagerImpl$1
5864:             1             64  com.intellij.ui.BalloonLayoutImpl
5865:             1             64  com.intellij.ui.SingleSelectionModel
5866:             4             64  com.intellij.ui.components.JBLabel$2
5867:             2             64  com.intellij.ui.layout.migLayout.DefaultComponentConstraintCreator
5868:             2             64  com.intellij.ui.mac.touchbar.ProjectData$EditorData
5869:             4             64  com.intellij.ui.speedSearch.SpeedSearchSupply$$Lambda$837/0x0000000800aedc40
5870:             1             64  com.intellij.ui.table.JBTable$1
5871:             2             64  com.intellij.ui.tree.ui.ClassicPainter
5872:             2             64  com.intellij.uml.core.actions.UmlViewStructure
5873:             2             64  com.intellij.uml.project.actions.ShowModuleCyclesAction
5874:             2             64  com.intellij.uml.project.actions.ShowPathsToModuleAction
5875:             2             64  com.intellij.util.CachedValuesManagerImpl
5876:             2             64  com.intellij.util.FieldAccessor
5877:             2             64  com.intellij.util.FileIconKey
5878:             2             64  com.intellij.util.containers.ConcurrentSoftKeySoftValueHashMap
5879:             2             64  com.intellij.util.containers.Queue
5880:             2             64  com.intellij.util.containers.WeakKeyIntValueHashMap$MyReference
5881:             1             64  com.intellij.util.indexing.RegisteredIndexes
5882:             4             64  com.intellij.util.io.BaseDataReader$$Lambda$125/0x0000000800251840
5883:             1             64  com.intellij.util.io.PagePool
5884:             1             64  com.intellij.util.io.PagePool$1
5885:             1             64  com.intellij.util.io.PagePool$2
5886:             2             64  com.intellij.util.lang.IntObjectHashMap
5887:             2             64  com.intellij.util.ui.JBEmptyBorder$JBEmptyBorderUIResource
5888:             2             64  com.intellij.vcs.log.data.DataPack
5889:             2             64  com.intellij.vcs.log.data.RefsModel
5890:             2             64  com.intellij.velocity.psi.VtlCommentType
5891:             2             64  com.jetbrains.plugins.webDeployment.actions.createproject.CreateWebProjectAction
5892:             2             64  com.sun.javafx.webkit.theme.RenderThemeImpl (javafx.web@11.0.7)
5893:             2             64  com.sun.javafx.webkit.theme.RenderThemeImpl$Pool (javafx.web@11.0.7)
5894:             2             64  com.sun.jna.Memory
5895:             1             64  com.sun.org.apache.xerces.internal.impl.XMLEntityScanner (java.xml@11.0.7)
5896:             1             64  com.sun.org.apache.xerces.internal.impl.XMLStreamReaderImpl (java.xml@11.0.7)
5897:             2             64  com.sun.org.apache.xerces.internal.util.XMLResourceIdentifierImpl (java.xml@11.0.7)
5898:             2             64  com.sun.org.apache.xerces.internal.utils.XMLSecurityPropertyManager$Property (java.xml@11.0.7)
5899:             4             64  com.sun.proxy.$Proxy155
5900:             4             64  com.sun.proxy.$Proxy5
5901:             4             64  com.sun.proxy.$Proxy52
5902:             4             64  com.sun.proxy.$Proxy64
5903:             4             64  com.sun.proxy.jdk.proxy1.$Proxy3 (jdk.proxy1@)
5904:             2             64  com.sun.scenario.effect.Merge (javafx.graphics@11.0.7)
5905:             2             64  com.sun.scenario.effect.impl.ImagePool (javafx.graphics@11.0.7)
5906:             2             64  com.sun.scenario.effect.impl.state.BoxShadowState (javafx.graphics@11.0.7)
5907:             1             64  freemarker.core.IteratorBlock
5908:             2             64  freemarker.ext.beans.ClassIntrospectorBuilder
5909:             1             64  git4idea.GitVcs
5910:             2             64  git4idea.config.GitSetupProjectConfig$ConfigVariables
5911:             1             64  git4idea.ignore.GitRepositoryIgnoredFilesHolder
5912:             1             64  git4idea.vfs.GitVFSListener
5913:             2             64  io.netty.buffer.EmptyByteBuf
5914:             1             64  io.netty.buffer.PooledByteBufAllocator
5915:             2             64  io.netty.channel.DefaultChannelId
5916:             2             64  io.netty.util.Signal$SignalConstant
5917:             1             64  io.netty.util.concurrent.GlobalEventExecutor
5918:             1             64  io.sentry.SentryClient
5919:             2             64  java.awt.CardLayout (java.desktop@11.0.7)
5920:             2             64  java.awt.geom.Point2D$Double (java.desktop@11.0.7)
5921:             1             64  java.awt.image.ColorConvertOp (java.desktop@11.0.7)
5922:             2             64  java.io.ByteArrayInputStream (java.base@11.0.7)
5923:             4             64  java.io.ObjectInputStream$ValidationList (java.base@11.0.7)
5924:             2             64  java.lang.ClassLoader$NativeLibrary$Unloader (java.base@11.0.7)
5925:             2             64  java.lang.ProcessHandleImpl$1 (java.base@11.0.7)
5926:             2             64  java.lang.ProcessImpl$ProcessPipeOutputStream (java.base@11.0.7)
5927:             2             64  java.lang.StackWalker (java.base@11.0.7)
5928:             1             64  java.lang.invoke.BoundMethodHandle$Species_LLIILLLL (java.base@11.0.7)
5929:             1             64  java.lang.invoke.BoundMethodHandle$Species_LLLIILLLL (java.base@11.0.7)
5930:             2             64  java.lang.ref.ReferenceQueue$Null (java.base@11.0.7)
5931:             4             64  java.net.Socket$2 (java.base@11.0.7)
5932:             4             64  java.net.Socket$3 (java.base@11.0.7)
5933:             2             64  java.time.format.DateTimeFormatterBuilder$TextPrinterParser (java.base@11.0.7)
5934:             2             64  java.time.temporal.IsoFields$Unit (java.base@11.0.7)
5935:             2             64  java.util.PriorityQueue (java.base@11.0.7)
5936:             4             64  java.util.TreeMap$EntrySet (java.base@11.0.7)
5937:             4             64  java.util.WeakHashMap$Values (java.base@11.0.7)
5938:             2             64  java.util.concurrent.ScheduledThreadPoolExecutor$DelayedWorkQueue (java.base@11.0.7)
5939:             2             64  java.util.concurrent.Semaphore$NonfairSync (java.base@11.0.7)
5940:             1             64  java.util.logging.LogManager$RootLogger (java.logging@11.0.7)
5941:             2             64  java.util.stream.FindOps$FindOp (java.base@11.0.7)
5942:             1             64  java.util.stream.ReferencePipeline$7 (java.base@11.0.7)
5943:             2             64  javafx.scene.Node$10 (javafx.graphics@11.0.7)
5944:             2             64  javax.swing.border.BevelBorder (java.desktop@11.0.7)
5945:             1             64  javax.swing.plaf.basic.BasicHTML$BasicEditorKit (java.desktop@11.0.7)
5946:             2             64  javax.swing.text.DefaultEditorKit$BeginAction (java.desktop@11.0.7)
5947:             2             64  javax.swing.text.DefaultEditorKit$EndAction (java.desktop@11.0.7)
5948:             2             64  javax.swing.text.DefaultEditorKit$NextWordAction (java.desktop@11.0.7)
5949:             2             64  javax.swing.text.DefaultEditorKit$PageAction (java.desktop@11.0.7)
5950:             2             64  javax.swing.text.DefaultEditorKit$PreviousWordAction (java.desktop@11.0.7)
5951:             4             64  javax.swing.text.StyleConstants (java.desktop@11.0.7)
5952:             4             64  javax.swing.text.StyleConstants$FontConstants (java.desktop@11.0.7)
5953:             2             64  javax.swing.text.StyledEditorKit (java.desktop@11.0.7)
5954:             2             64  javax.swing.text.html.HTMLEditorKit$BeginAction (java.desktop@11.0.7)
5955:             2             64  javax.swing.text.html.HTMLEditorKit$NavigateLinkAction (java.desktop@11.0.7)
5956:             2             64  jdk.internal.ref.CleanerImpl (java.base@11.0.7)
5957:             2             64  jdk.internal.reflect.UnsafeCharacterFieldAccessorImpl (java.base@11.0.7)
5958:             2             64  jdk.internal.reflect.UnsafeShortFieldAccessorImpl (java.base@11.0.7)
5959:             4             64  kotlin.reflect.jvm.internal.impl.descriptors.impl.AbstractClassDescriptor$1
5960:             4             64  kotlin.reflect.jvm.internal.impl.descriptors.impl.AbstractClassDescriptor$2
5961:             4             64  kotlin.reflect.jvm.internal.impl.descriptors.impl.AbstractClassDescriptor$3
5962:             2             64  kotlin.reflect.jvm.internal.impl.descriptors.impl.EmptyPackageFragmentDescriptor
5963:             1             64  kotlin.reflect.jvm.internal.impl.descriptors.impl.ModuleDescriptorImpl
5964:             1             64  kotlin.reflect.jvm.internal.impl.metadata.jvm.JvmProtoBuf$StringTableTypes$Record
5965:             2             64  kotlin.reflect.jvm.internal.impl.metadata.jvm.deserialization.JvmBytecodeBinaryVersion
5966:             4             64  kotlin.reflect.jvm.internal.impl.protobuf.SmallSortedMap$EntrySet
5967:             1             64  kotlin.reflect.jvm.internal.impl.serialization.deserialization.builtins.BuiltInSerializerProtocol
5968:             1             64  kotlin.reflect.jvm.internal.impl.types.ErrorUtils$ErrorClassDescriptor
5969:             1             64  kotlinx.coroutines.scheduling.CoroutineScheduler
5970:             4             64  net.sourceforge.pmd.util.TypeMap
5971:             2             64  org.antlr.v4.runtime.VocabularyImpl
5972:             1             64  org.apache.log4j.ConsoleAppender
5973:             2             64  org.apache.log4j.varia.LevelRangeFilter
5974:             2             64  org.apache.xerces.impl.XMLEntityManager$ByteBufferPool
5975:             2             64  org.apache.xerces.impl.dtd.XMLElementDecl
5976:             1             64  org.apache.xerces.impl.xs.SchemaGrammar$XSAnyType
5977:             2             64  org.apache.xerces.impl.xs.XSModelGroupImpl
5978:             2             64  org.apache.xerces.impl.xs.XSWildcardDecl
5979:             2             64  org.editorconfig.plugincomponents.SettingsProviderComponent$$Lambda$3499/0x0000000802046440
5980:             4             64  org.intellij.idea.lang.javascript.intention.number.JSConvertIntegerIntentionBase$ConvertPredicate
5981:             2             64  org.intellij.plugins.markdown.lang.lexer.MarkdownMergingLexer
5982:             1             64  org.intellij.plugins.markdown.lang.psi.impl.MarkdownFile
5983:             1             64  org.jetbrains.android.actions.CreateResourceFileActionGroup
5984:             2             64  org.jetbrains.android.actions.RunAndroidAvdManagerAction
5985:             4             64  org.jetbrains.idea.devkit.dom.index.PluginXmlIndexBase$1
5986:             2             64  org.jetbrains.idea.maven.importing.MavenSourceFoldersModuleExtension
5987:             1             64  org.jetbrains.idea.maven.project.MavenEnvironmentForm
5988:             2             64  org.jetbrains.idea.maven.project.MavenEnvironmentForm$PathOverrider
5989:             1             64  org.jetbrains.idea.maven.wizards.InternalMavenModuleBuilder
5990:             2             64  org.jetbrains.io.BuiltInServer$Companion$configureChildHandler$1
5991:             1             64  org.jetbrains.java.debugger.breakpoints.properties.JavaExceptionBreakpointProperties
5992:             2             64  org.jetbrains.kotlin.KtNodeType$KtLeftBoundNodeType
5993:             4             64  org.jetbrains.kotlin.idea.caches.resolve.ProjectResolutionFacade$analysisResults$1
5994:             4             64  org.jetbrains.kotlin.idea.caches.resolve.ProjectResolutionFacade$cachedValue$1
5995:             2             64  org.jetbrains.kotlin.idea.configuration.ExperimentalFeature
5996:             1             64  org.jetbrains.kotlin.idea.core.script.configuration.DefaultScriptConfigurationManager
5997:             2             64  org.jetbrains.kotlin.idea.decompiler.common.KotlinMetadataStubBuilder
5998:             2             64  org.jetbrains.kotlin.idea.inspections.collections.SimplifiableCallInspection$Conversion
5999:             2             64  org.jetbrains.kotlin.idea.inspections.migration.ObsoleteExtensionFunctionUsage
6000:             2             64  org.jetbrains.kotlin.idea.inspections.migration.ObsoleteTopLevelFunctionUsage
6001:             2             64  org.jetbrains.kotlin.idea.intentions.loopToCallChain.UseWithIndexIntention
6002:             2             64  org.jetbrains.kotlin.idea.maven.actions.KotlinMavenExecutionProvider
6003:             2             64  org.jetbrains.kotlin.idea.versions.DeprecatedLibInfo
6004:             4             64  org.jetbrains.kotlin.idea.versions.KotlinMetadataVersionIndexBase$getKeyDescriptor$1
6005:             2             64  org.jetbrains.kotlin.idea.vfilefinder.KotlinMetadataFileIndex
6006:             2             64  org.jetbrains.kotlin.idea.vfilefinder.KotlinMetadataFilePackageIndex
6007:             1             64  org.jetbrains.kotlin.tools.projectWizard.settings.version.Version$Companion$parser$1
6008:             1             64  org.jetbrains.kotlin.tools.projectWizard.templates.KtorServerTemplate
6009:             1             64  org.jetbrains.plugins.cucumber.java.run.CucumberJavaRunConfiguration
6010:             1             64  org.jetbrains.plugins.grails.feature.forge.GrailsForgeModuleBuilder
6011:             1             64  org.jetbrains.plugins.grails.projectView.GrailsProjectViewPane
6012:             1             64  org.jetbrains.plugins.grails.runner.GrailsRunConfiguration
6013:             2             64  org.jetbrains.plugins.groovy.codeInspection.bugs.GrRemoveModifierFix
6014:             1             64  org.jetbrains.plugins.groovy.config.GroovyAwareModuleBuilder
6015:             4             64  org.jetbrains.plugins.javaFX.indexing.JavaFxControllerClassIndex$MyInputFilter
6016:             1             64  org.jetbrains.plugins.scala.codeInspection.collections.SimplifiableFoldOrReduceInspection
6017:             1             64  org.jetbrains.plugins.scala.lang.TokenSets$
6018:             1             64  org.jetbrains.plugins.scala.lang.psi.impl.toplevel.synthetic.SyntheticClasses$$anon$2
6019:             1             64  org.jetbrains.plugins.scala.lang.psi.impl.toplevel.synthetic.SyntheticClasses$$anon$3
6020:             4             64  org.jetbrains.plugins.scala.project.package$ProjectExt$$anon$1
6021:             1             64  org.jetbrains.plugins.scala.project.settings.ScalaCompilerSettings
6022:             2             64  org.jetbrains.plugins.scss.psi.SassScssFileElementType
6023:             1             64  org.languagetool.rules.en.EnglishWrongWordInContextRule
6024:             4             64  org.languagetool.rules.en.date.NewYearDateFilter
6025:             2             64  sun.font.CCharToGlyphMapper$Cache$SparseBitShiftingTwoLayerArray (java.desktop@11.0.7)
6026:             2             64  sun.font.CCompositeGlyphMapper (java.desktop@11.0.7)
6027:             2             64  sun.font.FreetypeFontScaler (java.desktop@11.0.7)
6028:             1             64  sun.font.GlyphLayout (java.desktop@11.0.7)
6029:             2             64  sun.font.TrueTypeGlyphMapper (java.desktop@11.0.7)
6030:             2             64  sun.java2d.ReentrantContextProviderTL$1 (java.desktop@11.0.7)
6031:             2             64  sun.java2d.cmm.lcms.LCMSProfile (java.desktop@11.0.7)
6032:             1             64  sun.java2d.opengl.OGLContext (java.desktop@11.0.7)
6033:             1             64  sun.java2d.pipe.BufferedRenderPipe$BufferedDrawHandler (java.desktop@11.0.7)
6034:             1             64  sun.lwawt.macosx.LWCToolkit (java.desktop@11.0.7)
6035:             2             64  sun.nio.ch.ServerSocketAdaptor (java.base@11.0.7)
6036:             4             64  sun.rmi.server.MarshalOutputStream$1 (java.rmi@11.0.7)
6037:             2             64  sun.rmi.transport.DGCClient$EndpointEntry$RefEntry (java.rmi@11.0.7)
6038:             2             64  sun.rmi.transport.DGCClient$EndpointEntry$RefEntry$PhantomLiveRef (java.rmi@11.0.7)
6039:             2             64  sun.rmi.transport.GC$LatencyRequest (java.rmi@11.0.7)
6040:             2             64  sun.security.provider.FileInputStreamPool$StreamRef (java.base@11.0.7)
6041:             2             64  sun.security.ssl.Alert$Level (java.base@11.0.7)
6042:             2             64  sun.security.ssl.CertStatusExtension$CertStatusRequestType (java.base@11.0.7)
6043:             2             64  sun.security.ssl.PskKeyExchangeModesExtension$PskKeyExchangeMode (java.base@11.0.7)
6044:             4             64  sun.security.ssl.SSLCipher$T11BlockReadCipherGenerator (java.base@11.0.7)
6045:             4             64  sun.security.ssl.SSLCipher$T11BlockWriteCipherGenerator (java.base@11.0.7)
6046:             2             64  sun.security.x509.SubjectAlternativeNameExtension (java.base@11.0.7)
6047:             2             64  sun.swing.SwingUtilities2$$Lambda$165/0x00000008002f0c40 (java.desktop@11.0.7)
6048:             2             64  sun.util.locale.UnicodeLocaleExtension (java.base@11.0.7)
6049:             1             56  [Lcom.fasterxml.jackson.core.JsonGenerator$Feature;
6050:             1             56  [Lcom.fasterxml.jackson.core.JsonGenerator$Feature;
6051:             1             56  [Lcom.google.gson.stream.JsonToken;
6052:             1             56  [Lcom.google.gson.stream.JsonToken;
6053:             1             56  [Lcom.intellij.application.options.editor.EditorSmartKeysConfigurableEP;
6054:             1             56  [Lcom.intellij.cloudConfig.StatusInfo;
6055:             1             56  [Lcom.intellij.codeInsight.daemon.impl.HighlightVisitor;
6056:             1             56  [Lcom.intellij.codeInspection.reference.EntryPoint;
6057:             1             56  [Lcom.intellij.ide.favoritesTreeView.FavoriteNodeProvider;
6058:             1             56  [Lcom.intellij.ide.highlighter.custom.tokens.TokenParser;
6059:             1             56  [Lcom.intellij.ide.navigationToolbar.NavBarModelExtension;
6060:             1             56  [Lcom.intellij.ide.navigationToolbar.NavBarUpdateQueue$ID;
6061:             1             56  [Lcom.intellij.ide.navigationToolbar.ui.AbstractNavBarUI$ImageType;
6062:             1             56  [Lcom.intellij.ide.scratch.RootType;
6063:             1             56  [Lcom.intellij.javaee.appServerIntegrations.AppServerIntegration;
6064:             1             56  [Lcom.intellij.patterns.compiler.PatternCompilerImpl$State;
6065:             1             56  [Lcom.intellij.platform.ProjectTemplatesFactory;
6066:             1             56  [Lcom.intellij.psi.codeStyle.CodeStyleSettingsCustomizable$IndentOption;
6067:             1             56  [Lcom.intellij.psi.search.PsiShortNamesCache;
6068:             2             56  [Lcom.intellij.sql.psi.SqlTokenType;
6069:             1             56  [Lcom.intellij.util.indexing.IndexableSetContributor;
6070:             1             56  [Lcom.sun.org.apache.xerces.internal.impl.XMLScanner$NameType; (java.xml@11.0.7)
6071:             1             56  [Lcom.sun.org.apache.xerces.internal.utils.XMLSecurityManager$Limit; (java.xml@11.0.7)
6072:             1             56  [Lfuck_the_regulations_v321.eR;
6073:             1             56  [Ljava.lang.Runnable; (java.base@11.0.7)
6074:             2             56  [Ljava.nio.file.OpenOption; (java.base@11.0.7)
6075:             1             56  [Ljava.nio.file.StandardOpenOption; (java.base@11.0.7)
6076:             3             56  [Ljava.util.Collection; (java.base@11.0.7)
6077:             2             56  [Ljava.util.List; (java.base@11.0.7)
6078:             1             56  [Ljavafx.scene.input.KeyCombination$Modifier; (javafx.graphics@11.0.7)
6079:             1             56  [Ljavafx.scene.text.FontWeight; (javafx.graphics@11.0.7)
6080:             1             56  [Ljavassist.CtClass;
6081:             1             56  [Lkotlin.reflect.jvm.internal.impl.protobuf.WireFormat$JavaType;
6082:             1             56  [Lorg.apache.xerces.impl.dv.XSSimpleType;
6083:             1             56  [Lorg.apache.xerces.impl.xs.util.XInt;
6084:             1             56  [Lorg.jetbrains.kotlin.konan.target.Family;
6085:             1             56  [[Lsun.awt.SunHints$Value; (java.desktop@11.0.7)
6086:             1             56  apple.security.AppleProvider$ProviderService (java.base@11.0.7)
6087:             1             56  com.alibaba.p3c.pmd.lang.java.util.namelist.NameListServiceImpl$LinkedProperties
6088:             1             56  com.android.tools.idea.dom.xml.PathsDomFileDescription
6089:             1             56  com.android.tools.idea.res.ResourceNotificationManager
6090:             1             56  com.carrotsearch.hppc.ObjectObjectHashMap
6091:             1             56  com.fasterxml.jackson.core.JsonFactory
6092:             1             56  com.intellij.a.e.a.d
6093:             1             56  com.intellij.cloudConfig.StatusBarInfoManager$MenuGroup
6094:             1             56  com.intellij.codeHighlighting.HighlightDisplayLevel$MyColorIcon
6095:             1             56  com.intellij.codeInsight.completion.actions.CodeCompletionGroup
6096:             1             56  com.intellij.codeInsight.documentation.QuickDocOnMouseOverManager
6097:             1             56  com.intellij.codeInsight.navigation.CtrlMouseHandler
6098:             1             56  com.intellij.compiler.CompilerManagerImpl
6099:             1             56  com.intellij.compiler.backwardRefs.CompilerReferenceServiceImpl
6100:             1             56  com.intellij.configurationScript.providers.MyProjectStore
6101:             1             56  com.intellij.configurationStore.ProjectStateStorageManager
6102:             1             56  com.intellij.coverage.CoverageDataManagerImpl
6103:             1             56  com.intellij.database.actions.DatabaseViewActions$AddActionGroupPopup
6104:             1             56  com.intellij.database.actions.DatabaseViewActions$NewGroup
6105:             1             56  com.intellij.database.actions.DatabaseViewActions$ToolsPopupGroup
6106:             1             56  com.intellij.database.actions.GenerateSqlActions$SqlActionsGroup
6107:             1             56  com.intellij.database.dataSource.DataSourceStorage$App
6108:             1             56  com.intellij.database.run.actions.ChangePageSizeActionGroup
6109:             1             56  com.intellij.database.run.actions.TransactionAction$ChangeIsolationLevel
6110:             1             56  com.intellij.database.run.actions.TransactionAction$TxSettings
6111:             1             56  com.intellij.diagnostic.DialogAppender
6112:             1             56  com.intellij.docker.action.DockerFilterActionGroup
6113:             1             56  com.intellij.execution.dashboard.actions.RunDashboardFilterActionGroup
6114:             1             56  com.intellij.execution.jar.JarApplicationConfiguration
6115:             1             56  com.intellij.execution.services.AddServiceActionGroup
6116:             1             56  com.intellij.execution.services.OpenInNewTabActionGroup
6117:             1             56  com.intellij.facet.impl.ProjectFacetsConfigurator
6118:             1             56  com.intellij.find.findUsages.UsageHistory$1
6119:             1             56  com.intellij.find.impl.FindManagerImpl
6120:             1             56  com.intellij.find.impl.FindSettingsImpl
6121:             1             56  com.intellij.grazie.GrazieConfig$State
6122:             1             56  com.intellij.guice.actions.GuiceActionGroup
6123:             1             56  com.intellij.gwt.actions.GwtCreateActionGroup
6124:             1             56  com.intellij.history.integration.ui.actions.LocalHistoryGroup
6125:             1             56  com.intellij.ide.actions.WeighingNewActionGroup
6126:             1             56  com.intellij.ide.browsers.actions.OpenInBrowserBaseGroupAction$OpenInBrowserEditorContextBarGroupAction
6127:             1             56  com.intellij.ide.browsers.actions.OpenInBrowserBaseGroupAction$OpenInBrowserGroupAction
6128:             1             56  com.intellij.ide.plugins.PluginLoadingResult
6129:             1             56  com.intellij.ide.projectView.actions.MarkRootGroup
6130:             1             56  com.intellij.ide.projectView.impl.AbstractProjectViewPSIPane$MySpeedSearch
6131:             1             56  com.intellij.ide.projectWizard.ProjectSettingsStep
6132:             1             56  com.intellij.ide.projectWizard.ProjectTypeStep$3
6133:             1             56  com.intellij.ide.todo.TodoPanel$GroupByActionGroup
6134:             1             56  com.intellij.ide.ui.laf.LafManagerImpl
6135:             1             56  com.intellij.ide.util.projectWizard.JavaSettingsStep
6136:             1             56  com.intellij.javaee.module.view.web.WebPageActionGroup
6137:             1             56  com.intellij.javascript.debugger.execution.JavaScriptDebugConfiguration
6138:             1             56  com.intellij.javascript.jest.JestRunSettings
6139:             1             56  com.intellij.javascript.nodejs.interpreter.local.NodeJsLocalInterpreterManager
6140:             1             56  com.intellij.jpa.actions.AddJpaProviderSupport
6141:             1             56  com.intellij.jpa.actions.GenerateJpaMappingActionGroup
6142:             1             56  com.intellij.lang.java.lexer._JavaLexer
6143:             1             56  com.intellij.lang.javascript.buildTools.npm.PackageJsonBuildFileManager
6144:             1             56  com.intellij.lang.javascript.library.ui.JSLibrariesMenuGroup
6145:             1             56  com.intellij.lang.typescript.library.TypeScriptLibraries
6146:             1             56  com.intellij.microservices.ui.actions.GroupEndpointsActionGroup
6147:             1             56  com.intellij.openapi.editor.impl.event.EditorEventMulticasterImpl
6148:             1             56  com.intellij.openapi.externalSystem.action.ExternalSystemRunConfigurationMenu
6149:             1             56  com.intellij.openapi.externalSystem.autoimport.ProjectRefreshActionGroup
6150:             1             56  com.intellij.openapi.externalSystem.autoimport.ToggleAutoReloadActionGroup
6151:             1             56  com.intellij.openapi.externalSystem.service.project.manage.ExternalProjectsManagerImpl
6152:             1             56  com.intellij.openapi.fileTypes.SyntaxHighlighterLanguageFactory
6153:             1             56  com.intellij.openapi.progress.impl.ProgressManagerImpl
6154:             1             56  com.intellij.openapi.roots.ui.configuration.projectRoot.daemon.ProjectStructureDaemonAnalyzer
6155:             1             56  com.intellij.openapi.vcs.actions.VcsQuickListPopupAction$NonVcsAware
6156:             1             56  com.intellij.openapi.vcs.actions.VcsQuickListPopupAction$VcsAware
6157:             1             56  com.intellij.openapi.vcs.changes.ChangeListWorker
6158:             1             56  com.intellij.openapi.vcs.changes.actions.SelectChangesGroupingActionGroup
6159:             1             56  com.intellij.openapi.vcs.impl.LineStatusTrackerManager
6160:             1             56  com.intellij.openapi.vfs.impl.local.NativeFileWatcherImpl
6161:             1             56  com.intellij.openapi.vfs.newvfs.impl.UserDataInterner$1
6162:             1             56  com.intellij.openapi.wm.impl.FocusManagerImpl
6163:             1             56  com.intellij.openapi.wm.impl.ProjectFrameHelper
6164:             1             56  com.intellij.openapi.wm.impl.welcomeScreen.MoveProjectToGroupActionGroup
6165:             1             56  com.intellij.platform.templates.TemplateModuleBuilder
6166:             1             56  com.intellij.psi.css.inspections.CssBrowserCompatibilityForPropertiesInspection
6167:             1             56  com.intellij.sh.run.ShRunConfiguration
6168:             1             56  com.intellij.spellchecker.SpellCheckerManager
6169:             1             56  com.intellij.spring.model.actions.GenerateSpringDomElementActionGroup
6170:             1             56  com.intellij.spring.model.actions.patterns.frameworks.FrameworkIntegrationActionGroup
6171:             1             56  com.intellij.swagger.codegen.CodegenSettings
6172:             1             56  com.intellij.tapestry.core.TapestryProject
6173:             1             56  com.intellij.tapestry.intellij.actions.navigation.TemplatesNavigation
6174:             1             56  com.intellij.tasks.impl.TaskManagerImpl
6175:             1             56  com.intellij.tasks.impl.TaskManagerImpl$Config
6176:             1             56  com.intellij.ui.CommonActionsPanel$AddButton
6177:             1             56  com.intellij.ui.CommonActionsPanel$EditButton
6178:             1             56  com.intellij.ui.CommonActionsPanel$RemoveButton
6179:             1             56  com.intellij.ui.TreeSpeedSearch
6180:             1             56  com.intellij.ui.border.IdeaTitledBorder
6181:             1             56  com.intellij.ui.stripe.ErrorStripePainter
6182:             1             56  com.intellij.ui.tabs.impl.JBTabsImpl$5
6183:             1             56  com.intellij.ui.tabs.layout.singleRowLayout.ScrollableSingleRowLayout
6184:             1             56  com.intellij.util.PausesStat
6185:             1             56  com.intellij.util.io.PagedFileStorage$StorageLock
6186:             1             56  com.intellij.util.io.PagedFileStorage$StorageLock$1
6187:             1             56  com.intellij.util.lang.ClassPath
6188:             1             56  com.intellij.util.proxy.CommonProxy$CommonAuthenticator
6189:             1             56  com.intellij.util.xml.NanoXmlUtil$ParserStoppedXmlException
6190:             1             56  com.intellij.vcs.log.data.MiniDetailsGetter
6191:             1             56  com.intellij.vcs.log.data.VcsLogRefresherImpl
6192:             1             56  com.intellij.vcs.log.graph.GraphColorManagerImpl$HeadsComparator$1
6193:             1             56  com.intellij.ws.actions.environment.HttpRequestNewEnvironmentFileGroup
6194:             1             56  com.intellij.xml.actions.XmlActionsGroup
6195:             1             56  com.jetbrains.jsonSchema.widget.JsonSchemaStatusWidget
6196:             1             56  com.jetbrains.nodejs.run.profile.V8ProfilingActionGroup
6197:             1             56  com.sixrr.xrp.RefactorXMenuGroup
6198:             1             56  com.sjhy.plugin.actions.MainActionGroup
6199:             1             56  com.sun.javafx.font.coretext.CTFactory (javafx.graphics@11.0.7)
6200:             1             56  com.sun.org.apache.xerces.internal.util.XMLAttributesIteratorImpl (java.xml@11.0.7)
6201:             1             56  com.sun.prism.es2.ES2VramPool (javafx.graphics@11.0.7)
6202:             1             56  freemarker.core.ConditionalBlock
6203:             1             56  git4idea.ignore.actions.GitIgnoreFileActionGroup
6204:             1             56  git4idea.repo.GitRepoInfo
6205:             1             56  git4idea.repo.GitRepositoryImpl
6206:             1             56  io.sentry.connection.HttpConnection
6207:             1             56  java.awt.MenuBar (java.desktop@11.0.7)
6208:             1             56  java.awt.image.PixelInterleavedSampleModel (java.desktop@11.0.7)
6209:             1             56  java.lang.invoke.BoundMethodHandle$Specializer (java.base@11.0.7)
6210:             1             56  java.lang.invoke.BoundMethodHandle$Species_LLIILLL (java.base@11.0.7)
6211:             1             56  java.util.ServiceLoader (java.base@11.0.7)
6212:             1             56  java.util.concurrent.ConcurrentHashMap$KeySpliterator (java.base@11.0.7)
6213:             1             56  java.util.logging.LogManager (java.logging@11.0.7)
6214:             1             56  java.util.stream.ReferencePipeline$Head (java.base@11.0.7)
6215:             1             56  javafx.scene.Node$NodeTransformation$LocalToSceneTransformProperty (javafx.graphics@11.0.7)
6216:             1             56  javafx.scene.Scene$3 (javafx.graphics@11.0.7)
6217:             1             56  javafx.scene.Scene$4 (javafx.graphics@11.0.7)
6218:             1             56  javafx.scene.Scene$5 (javafx.graphics@11.0.7)
6219:             1             56  javafx.scene.web.WebEngine$LoadWorker (javafx.web@11.0.7)
6220:             1             56  javafx.stage.Window$SceneModel (javafx.graphics@11.0.7)
6221:             1             56  kotlin.reflect.jvm.internal.impl.metadata.ProtoBuf$Package
6222:             1             56  kotlin.reflect.jvm.internal.impl.metadata.ProtoBuf$PackageFragment
6223:             1             56  kotlin.reflect.jvm.internal.impl.metadata.ProtoBuf$VersionRequirement
6224:             1             56  org.antlr.v4.runtime.atn.ATN
6225:             1             56  org.apache.commons.logging.impl.WeakHashtable
6226:             1             56  org.apache.xerces.impl.xpath.regex.RegularExpression$Context
6227:             1             56  org.intellij.plugins.markdown.lang.MarkdownFileViewProvider
6228:             1             56  org.intellij.plugins.markdown.ui.preview.MarkdownSplitEditor
6229:             1             56  org.intellij.plugins.markdown.ui.preview.javafx.MarkdownJavaFxHtmlPanel
6230:             1             56  org.jetbrains.android.AndroidPlugin$1
6231:             1             56  org.jetbrains.android.actions.AndroidToolsActionGroup
6232:             1             56  org.jetbrains.android.actions.CreateResourceFileActionGroup$1
6233:             1             56  org.jetbrains.android.actions.CreateResourceFileActionGroup$2
6234:             1             56  org.jetbrains.android.actions.CreateResourceFileActionGroup$3
6235:             1             56  org.jetbrains.android.actions.CreateResourceFileActionGroup$4
6236:             1             56  org.jetbrains.android.actions.CreateResourceFileActionGroup$5
6237:             1             56  org.jetbrains.android.actions.CreateResourceFileActionGroup$6
6238:             1             56  org.jetbrains.android.actions.CreateResourceFileActionGroup$7
6239:             1             56  org.jetbrains.android.dom.animation.fileDescriptions.GridLayoutAnimationControllerDomFileDescription
6240:             1             56  org.jetbrains.android.dom.animation.fileDescriptions.InterpolatorDomFileDescription
6241:             1             56  org.jetbrains.android.dom.animation.fileDescriptions.LayoutAnimationControllerDomFileDescription
6242:             1             56  org.jetbrains.android.dom.animation.fileDescriptions.TweenAlphaFileDescription
6243:             1             56  org.jetbrains.android.dom.animation.fileDescriptions.TweenRotateFileDescription
6244:             1             56  org.jetbrains.android.dom.animation.fileDescriptions.TweenScaleFileDescription
6245:             1             56  org.jetbrains.android.dom.animation.fileDescriptions.TweenSetFileDescription
6246:             1             56  org.jetbrains.android.dom.animation.fileDescriptions.TweenTranslateFileDescription
6247:             1             56  org.jetbrains.android.dom.animator.fileDescriptions.AnimatorDomFileDescription
6248:             1             56  org.jetbrains.android.dom.animator.fileDescriptions.AnimatorSetDomFileDescription
6249:             1             56  org.jetbrains.android.dom.animator.fileDescriptions.AnimatorStateListDomFileDescription
6250:             1             56  org.jetbrains.android.dom.animator.fileDescriptions.ObjectAnimatorDomFileDescription
6251:             1             56  org.jetbrains.android.dom.color.fileDescriptions.ColorGradientDomFileDescription
6252:             1             56  org.jetbrains.android.dom.color.fileDescriptions.ColorStateListDomFileDescription
6253:             1             56  org.jetbrains.android.dom.drawable.fileDescriptions.AdaptiveIconDomFileDescription
6254:             1             56  org.jetbrains.android.dom.drawable.fileDescriptions.AnimatedRotateDomFileDescription
6255:             1             56  org.jetbrains.android.dom.drawable.fileDescriptions.AnimatedStateListDomFileDescription
6256:             1             56  org.jetbrains.android.dom.drawable.fileDescriptions.AnimatedVectorDomFileDescription
6257:             1             56  org.jetbrains.android.dom.drawable.fileDescriptions.AnimationListDomFileDescription
6258:             1             56  org.jetbrains.android.dom.drawable.fileDescriptions.BitmapDomFileDescription
6259:             1             56  org.jetbrains.android.dom.drawable.fileDescriptions.ClipDomFileDescription
6260:             1             56  org.jetbrains.android.dom.drawable.fileDescriptions.ColorDrawableDomFileDescription
6261:             1             56  org.jetbrains.android.dom.drawable.fileDescriptions.CustomDrawableDomFileDescription
6262:             1             56  org.jetbrains.android.dom.drawable.fileDescriptions.DrawableStateListDomFileDescription
6263:             1             56  org.jetbrains.android.dom.drawable.fileDescriptions.InsetDomFileDescription
6264:             1             56  org.jetbrains.android.dom.drawable.fileDescriptions.LayerListDomFileDescription
6265:             1             56  org.jetbrains.android.dom.drawable.fileDescriptions.LevelListDomFileDescription
6266:             1             56  org.jetbrains.android.dom.drawable.fileDescriptions.NinePatchDomFileDescription
6267:             1             56  org.jetbrains.android.dom.drawable.fileDescriptions.RippleDomFileDescription
6268:             1             56  org.jetbrains.android.dom.drawable.fileDescriptions.RotateDomFileDescription
6269:             1             56  org.jetbrains.android.dom.drawable.fileDescriptions.ScaleDomFileDescription
6270:             1             56  org.jetbrains.android.dom.drawable.fileDescriptions.ShapeDomFileDescription
6271:             1             56  org.jetbrains.android.dom.drawable.fileDescriptions.VectorDomFileDescription
6272:             1             56  org.jetbrains.android.dom.font.FontFamilyDomFileDescription
6273:             1             56  org.jetbrains.android.dom.layout.DataBindingDomFileDescription
6274:             1             56  org.jetbrains.android.dom.layout.FragmentLayoutDomFileDescription
6275:             1             56  org.jetbrains.android.dom.layout.ViewLayoutDomFileDescription
6276:             1             56  org.jetbrains.android.dom.menu.MenuDomFileDescription
6277:             1             56  org.jetbrains.android.dom.motion.MotionDomFileDescription
6278:             1             56  org.jetbrains.android.dom.navigation.NavigationDomFileDescription
6279:             1             56  org.jetbrains.android.dom.raw.RawDomFileDescription
6280:             1             56  org.jetbrains.android.dom.transition.TransitionDomFileDescription
6281:             1             56  org.jetbrains.android.dom.transitionManager.TransitionManagerDomFileDescription
6282:             1             56  org.jetbrains.android.dom.xml.XmlResourceDomFileDescription
6283:             1             56  org.jetbrains.idea.maven.dom.generate.MavenGenerateDomActionGroup
6284:             1             56  org.jetbrains.idea.maven.indices.MavenIndicesManager
6285:             1             56  org.jetbrains.idea.maven.navigator.actions.MavenBuildMenu
6286:             1             56  org.jetbrains.idea.maven.navigator.actions.MavenRunConfigurationMenu
6287:             1             56  org.jetbrains.idea.maven.project.MavenImportingSettings
6288:             1             56  org.jetbrains.idea.maven.project.actions.DownloadActionGroup
6289:             1             56  org.jetbrains.idea.maven.utils.actions.MavenActionGroup
6290:             1             56  org.jetbrains.idea.perforce.actions.PerforceMenu
6291:             1             56  org.jetbrains.idea.svn.SvnConfiguration
6292:             1             56  org.jetbrains.kotlin.idea.actions.KotlinActionGroup
6293:             1             56  org.jetbrains.kotlin.idea.core.script.configuration.utils.DefaultBackgroundExecutor
6294:             1             56  org.jetbrains.kotlin.tools.projectWizard.core.ParserKt$pathParser$1
6295:             1             56  org.jetbrains.plugins.grails.config.GrailsModuleBuilder
6296:             1             56  org.jetbrains.plugins.groovy.compiler.CheckResourcesAction$Group
6297:             1             56  org.jetbrains.plugins.groovy.mvc.MvcActionGroup
6298:             1             56  org.jetbrains.plugins.scala.annotator.usageTracker.ScalaRefCountHolderService$TimestampedValueMap$$anon$1
6299:             1             56  org.jetbrains.plugins.scala.caches.stats.Tracer
6300:             1             56  org.jetbrains.plugins.scala.caches.stats.Tracer$NoOp$
6301:             1             56  org.jetbrains.plugins.scala.debugger.filters.ScalaDebuggerSettings
6302:             1             56  org.jetbrains.plugins.scala.editor.mouseHandler.MouseHoverHandler$MouseHoverHandlerListeners
6303:             1             56  org.jetbrains.plugins.scala.settings.ScalaApplicationSettings
6304:             1             56  org.jetbrains.plugins.textmate.TextMateServiceImpl
6305:             1             56  org.jetbrains.sbt.settings.SbtSettings
6306:             1             56  org.jetbrains.settingsRepository.IcsManager
6307:             1             56  org.languagetool.rules.CommaWhitespaceRule
6308:             1             56  org.languagetool.rules.DoublePunctuationRule
6309:             1             56  org.languagetool.rules.EmptyLineRule
6310:             1             56  org.languagetool.rules.LongParagraphRule
6311:             1             56  org.languagetool.rules.LongSentenceRule
6312:             1             56  org.languagetool.rules.MultipleWhitespaceRule
6313:             1             56  org.languagetool.rules.ParagraphRepeatBeginningRule
6314:             1             56  org.languagetool.rules.PunctuationMarkAtParagraphEnd
6315:             1             56  org.languagetool.rules.SentenceWhitespaceRule
6316:             1             56  org.languagetool.rules.UppercaseSentenceStartRule
6317:             1             56  org.languagetool.rules.WhiteSpaceAtBeginOfParagraph
6318:             1             56  org.languagetool.rules.WhiteSpaceBeforeParagraphEnd
6319:             1             56  org.languagetool.rules.en.WordCoherencyRule
6320:             1             56  org.languagetool.rules.en.repeat.EnglishWordRepeatBeginningRule
6321:             1             56  org.languagetool.rules.en.repeat.EnglishWordRepeatRule
6322:             1             56  org.languagetool.rules.en.replace.ContractionSpellingRule
6323:             1             56  org.zmlx.hg4idea.action.HgMercurialMenu
6324:             1             56  org.zmlx.hg4idea.ignore.actions.HgIgnoreFileActionGroup
6325:             1             56  sun.awt.AppContext (java.desktop@11.0.7)
6326:             1             56  sun.awt.im.ExecutableInputMethodManager (java.desktop@11.0.7)
6327:             1             56  sun.awt.image.MultiResolutionToolkitImage (java.desktop@11.0.7)
6328:             1             56  sun.awt.image.SunVolatileImage (java.desktop@11.0.7)
6329:             1             56  sun.java2d.NullSurfaceData (java.desktop@11.0.7)
6330:             1             56  sun.java2d.opengl.CGLGraphicsConfig (java.desktop@11.0.7)
6331:             1             56  sun.java2d.opengl.CGLVolatileSurfaceManager (java.desktop@11.0.7)
6332:             1             56  sun.java2d.opengl.OGLGeneralTransformedBlit (java.desktop@11.0.7)
6333:             1             56  sun.security.provider.certpath.ldap.JdkLDAP$ProviderService (java.naming@11.0.7)
6334:             1             56  sun.security.smartcardio.SunPCSC$ProviderService (java.smartcardio@11.0.7)
6335:             2             48  [Lcom.android.tools.idea.run.editor.DeployTargetProvider;
6336:             2             48  [Lcom.android.tools.lint.detector.api.Platform;
6337:             1             48  [Lcom.fasterxml.jackson.annotation.JsonInclude$Include;
6338:             3             48  [Lcom.fasterxml.jackson.databind.JavaType;
6339:             2             48  [Lcom.intellij.beanValidation.highlighting.checkers.BvChecker;
6340:             1             48  [Lcom.intellij.codeInsight.daemon.ChangeLocalityDetector;
6341:             2             48  [Lcom.intellij.codeInsight.daemon.GutterIconDescriptor$Option;
6342:             1             48  [Lcom.intellij.codeInsight.daemon.ProblemHighlightFilter;
6343:             2             48  [Lcom.intellij.codeInsight.folding.impl.ElementSignatureProvider;
6344:             2             48  [Lcom.intellij.codeInsight.generation.PsiElementClassMember;
6345:             2             48  [Lcom.intellij.compiler.backwardRefs.LanguageCompilerRefAdapter;
6346:             1             48  [Lcom.intellij.configurationStore.ObsoleteStorageBean;
6347:             1             48  [Lcom.intellij.conversion.ConverterProvider;
6348:             1             48  [Lcom.intellij.coverage.CoverageRunner;
6349:             1             48  [Lcom.intellij.database.autoconfig.DataSourceDetector;
6350:             2             48  [Lcom.intellij.database.csv.CsvRecordFormat$Quotes;
6351:             1             48  [Lcom.intellij.diagnostic.LoadingState;
6352:             2             48  [Lcom.intellij.diagram.VisibilityLevel;
6353:             2             48  [Lcom.intellij.diagram.actions.DiagramNodeIntentionAction;
6354:             2             48  [Lcom.intellij.dvcs.repo.VcsRepositoryCreator;
6355:             1             48  [Lcom.intellij.execution.services.ServiceEventListener$EventType;
6356:             1             48  [Lcom.intellij.ide.actions.QualifiedNameProvider;
6357:             1             48  [Lcom.intellij.ide.actions.ToolWindowMoveAction$Anchor;
6358:             1             48  [Lcom.intellij.ide.macro.Macro;
6359:             1             48  [Lcom.intellij.ide.projectView.ProjectViewNestingRulesProvider;
6360:             1             48  [Lcom.intellij.ide.projectView.impl.AbstractProjectViewPane;
6361:             1             48  [Lcom.intellij.internal.statistic.utils.PluginType;
6362:             1             48  [Lcom.intellij.javaee.toolwindow.view.JavaeeViewFrameworkProvider;
6363:             1             48  [Lcom.intellij.lang.javascript.library.JSPredefinedLibraryProvider;
6364:             1             48  [Lcom.intellij.lexer.EmbeddedTokenTypesProvider;
6365:             2             48  [Lcom.intellij.microservices.utils.pathVariables.usageReference.PathVariableDefinitionsSearcher;
6366:             2             48  [Lcom.intellij.openapi.command.impl.UndoProvider;
6367:             2             48  [Lcom.intellij.openapi.command.undo.DocumentReference;
6368:             1             48  [Lcom.intellij.openapi.diagnostic.ErrorReportSubmitter;
6369:             2             48  [Lcom.intellij.openapi.editor.impl.EditorImpl$CaretRectangle;
6370:             2             48  [Lcom.intellij.openapi.editor.impl.softwrap.SoftWrapDrawingType;
6371:             1             48  [Lcom.intellij.openapi.editor.markup.EffectType;
6372:             1             48  [Lcom.intellij.openapi.externalSystem.service.project.manage.ExternalSystemTaskActivator$Phase;
6373:             1             48  [Lcom.intellij.openapi.fileTypes.FileTypeFactory;
6374:             1             48  [Lcom.intellij.openapi.fileTypes.FileTypeRegistry$FileTypeDetector;
6375:             1             48  [Lcom.intellij.openapi.module.ModuleTypeEP;
6376:             2             48  [Lcom.intellij.openapi.project.Project;
6377:             1             48  [Lcom.intellij.openapi.projectRoots.SdkType;
6378:             1             48  [Lcom.intellij.openapi.roots.AdditionalLibraryRootsProvider;
6379:             2             48  [Lcom.intellij.openapi.roots.ProjectExtension;
6380:             1             48  [Lcom.intellij.openapi.roots.impl.FilePropertyPusher;
6381:             1             48  [Lcom.intellij.openapi.roots.ui.configuration.ModuleSourceRootEditHandler;
6382:             2             48  [Lcom.intellij.openapi.util.Condition;
6383:             1             48  [Lcom.intellij.openapi.vcs.changes.ui.ChangesViewContentManager$TabOrderWeight;
6384:             1             48  [Lcom.intellij.openapi.vcs.impl.VcsInitObject;
6385:             1             48  [Lcom.intellij.openapi.vfs.AsyncFileListener;
6386:             2             48  [Lcom.intellij.openapi.vfs.local.PluggableFileWatcher;
6387:             1             48  [Lcom.intellij.play.utils.processors.PlayDeclarationsProcessor;
6388:             2             48  [Lcom.intellij.plugins.intelliLang.inject.JSInjection$Priority;
6389:             1             48  [Lcom.intellij.psi.tree.TokenSet;
6390:             1             48  [Lcom.intellij.spellchecker.BundledDictionaryProvider;
6391:             1             48  [Lcom.intellij.spring.SpringLibraryUtil$SpringVersion;
6392:             1             48  [Lcom.intellij.spring.boot.library.SpringBootLibraryUtil$SpringBootVersion;
6393:             1             48  [Lcom.intellij.task.ProjectTaskRunner;
6394:             1             48  [Lcom.intellij.testIntegration.TestIntegrationUtils$MethodKind;
6395:             2             48  [Lcom.intellij.ui.paint.LinePainter2D$Align;
6396:             2             48  [Lcom.intellij.util.Function;
6397:             1             48  [Lcom.intellij.util.diff.DiffTree$ThreeElementMatchResult;
6398:             2             48  [Lcom.intellij.util.xmlb.annotations.Property$Style;
6399:             2             48  [Lcom.intellij.util.xmlb.annotations.XCollection$Style;
6400:             1             48  [Lcom.sun.beans.introspect.PropertyInfo$Name; (java.desktop@11.0.7)
6401:             2             48  [Lcom.sun.javafx.scene.layout.region.RepeatStruct; (javafx.graphics@11.0.7)
6402:             1             48  [Lcom.sun.prism.PixelFormat; (javafx.graphics@11.0.7)
6403:             1             48  [Lcom.sun.prism.Texture$WrapMode; (javafx.graphics@11.0.7)
6404:             1             48  [Lcom.theoryinpractice.testng.model.TestType;
6405:             1             48  [Lgit4idea.history.GitChangeType;
6406:             2             48  [Lio.netty.buffer.PoolArena;
6407:             1             48  [Ljava.beans.WeakIdentityMap$Entry; (java.desktop@11.0.7)
6408:             1             48  [Ljava.lang.management.MemoryPoolMXBean; (java.management@11.0.7)
6409:             2             48  [Ljava.lang.module.ModuleDescriptor$Exports$Modifier; (java.base@11.0.7)
6410:             2             48  [Ljava.lang.module.ModuleDescriptor$Opens$Modifier; (java.base@11.0.7)
6411:             1             48  [Ljava.math.RoundingMode; (java.base@11.0.7)
6412:             2             48  [Ljava.net.InterfaceAddress; (java.base@11.0.7)
6413:             2             48  [Ljava.nio.file.FileVisitOption; (java.base@11.0.7)
6414:             1             48  [Ljava.util.UUID; (java.base@11.0.7)
6415:             1             48  [Ljava.util.concurrent.TimeUnit; (java.base@11.0.7)
6416:             1             48  [Ljavafx.event.EventDispatcher; (javafx.base@11.0.7)
6417:             2             48  [Ljavafx.geometry.Insets; (javafx.graphics@11.0.7)
6418:             1             48  [Ljavax.swing.DropMode; (java.desktop@11.0.7)
6419:             1             48  [Lkotlin.reflect.jvm.internal.impl.builtins.jvm.JavaToKotlinClassMap$PlatformMutabilityMapping;
6420:             1             48  [Lkotlin.reflect.jvm.internal.impl.builtins.jvm.JavaToKotlinClassMap$PlatformMutabilityMapping;
6421:             1             48  [Lkotlin.reflect.jvm.internal.impl.resolve.jvm.JvmPrimitiveType;
6422:             1             48  [Lkotlin.reflect.jvm.internal.impl.resolve.jvm.JvmPrimitiveType;
6423:             1             48  [Lmorfologik.fsa.builders.FSABuilder$InfoEntry;
6424:             1             48  [Lorg.intellij.plugins.intelliLang.inject.LanguageInjectionSupport;
6425:             2             48  [Lorg.intellij.plugins.markdown.ui.preview.MarkdownHtmlPanelProvider;
6426:             1             48  [Lorg.jdom.Content$CType;
6427:             1             48  [Lorg.jdom.output.LineSeparator;
6428:             1             48  [Lorg.jetbrains.kotlin.builtins.jvm.JavaToKotlinClassMap$PlatformMutabilityMapping;
6429:             1             48  [Lorg.jetbrains.kotlin.config.JvmTarget;
6430:             1             48  [Lorg.jetbrains.kotlin.idea.parameterInfo.HintType;
6431:             1             48  [Lorg.jetbrains.kotlin.konan.target.Architecture;
6432:             1             48  [Lorg.jetbrains.kotlin.resolve.jvm.JvmPrimitiveType;
6433:             1             48  [Lorg.jetbrains.kotlin.tools.projectWizard.projectTemplates.ProjectTemplate;
6434:             1             48  [Lorg.jetbrains.plugins.textmate.plist.PlistValueType;
6435:             1             48  [Lorg.zmlx.hg4idea.provider.HgChangeProvider$HgChangeProcessor;
6436:             2             48  [Lsun.font.CharToGlyphMapper; (java.desktop@11.0.7)
6437:             1             48  [Lsun.font.FontStrike; (java.desktop@11.0.7)
6438:             2             48  [Lsun.font.PhysicalFont; (java.desktop@11.0.7)
6439:             2             48  [Lsun.security.validator.CADistrustPolicy; (java.base@11.0.7)
6440:             1             48  [Lsun.security.x509.NetscapeCertTypeExtension$MapEntry; (java.base@11.0.7)
6441:             2             48  com.alibaba.p3c.idea.inspection.AliControlFlowStatementWithoutBracesInspection
6442:             2             48  com.alibaba.p3c.idea.inspection.AliEqualsAvoidNullInspection
6443:             2             48  com.alibaba.p3c.idea.inspection.AliLongLiteralsEndingWithLowercaseLInspection
6444:             2             48  com.alibaba.p3c.idea.inspection.standalone.AliAccessStaticViaInstanceInspection
6445:             1             48  com.android.ide.common.repository.GradleVersion
6446:             1             48  com.android.tools.idea.databinding.cache.LayoutBindingShortNamesCache$LightBindingCacheProvider
6447:             1             48  com.android.tools.idea.databinding.finders.LayoutBindingPackageFinder$1
6448:             3             48  com.android.tools.idea.databinding.index.BindingXmlIndex$getValueExternalizer$1
6449:             1             48  com.android.tools.idea.gradle.project.build.invoker.GradleBuildInvoker
6450:             1             48  com.android.tools.idea.gradle.project.sync.GradleFiles
6451:             2             48  com.android.tools.idea.lang.multiDexKeep.psi.MultiDexKeepElementType
6452:             2             48  com.android.tools.idea.lang.multiDexKeep.psi.MultiDexKeepTokenType
6453:             1             48  com.android.tools.idea.profiling.view.AnalysisResultsManager
6454:             1             48  com.android.tools.idea.profiling.view.EmptyManager
6455:             1             48  com.android.tools.idea.run.ui.ApplyChangesAction
6456:             1             48  com.android.tools.idea.run.ui.CodeSwapAction
6457:             2             48  com.android.tools.idea.run.util.SwapInfo$SwapType
6458:             1             48  com.android.tools.idea.uibuilder.editor.NlPreviewManager
6459:             1             48  com.android.tools.idea.uibuilder.visual.VisualizationManager
6460:             1             48  com.android.tools.idea.updater.AndroidSdkUpdaterPlugin$AndroidAuthenticator
6461:             2             48  com.android.tools.lint.detector.api.Platform
6462:             2             48  com.apple.eawt.QuitStrategy (java.desktop@11.0.7)
6463:             3             48  com.apple.laf.AquaButtonLabeledUI$RecyclableSizingIcon (java.desktop@11.0.7)
6464:             3             48  com.apple.laf.AquaMenuPainter$RecyclableBorder (java.desktop@11.0.7)
6465:             1             48  com.apple.laf.AquaTableUI (java.desktop@11.0.7)
6466:             2             48  com.fasterxml.jackson.core.util.DefaultIndenter
6467:             1             48  com.fasterxml.jackson.databind.cfg.ConfigOverride$Empty
6468:             2             48  com.fasterxml.jackson.databind.ser.std.BooleanSerializer
6469:             1             48  com.fasterxml.jackson.databind.util.StdDateFormat
6470:             1             48  com.google.common.collect.ArrayListMultimap
6471:             2             48  com.google.common.collect.ConcurrentHashMultiset
6472:             1             48  com.google.common.collect.EmptyImmutableListMultimap
6473:             3             48  com.google.common.collect.IndexedImmutableSet$1
6474:             3             48  com.google.common.util.concurrent.InterruptibleTask$DoNothingRunnable
6475:             3             48  com.google.gson.Gson$1
6476:             3             48  com.google.gson.Gson$2
6477:             3             48  com.google.gson.Gson$4
6478:             3             48  com.google.gson.Gson$5
6479:             3             48  com.google.gson.internal.bind.CollectionTypeAdapterFactory
6480:             3             48  com.google.gson.internal.bind.JsonAdapterAnnotationTypeAdapterFactory
6481:             2             48  com.google.gson.internal.bind.TypeAdapters$35
6482:             2             48  com.google.gson.internal.bind.TypeAdapters$35
6483:             2             48  com.google.protobuf.FieldSet
6484:             2             48  com.intellij.application.options.CodeStyleCachedValueProvider
6485:             2             48  com.intellij.application.options.editor.EditorSmartKeysConfigurableKt$myCbHonorCamelHumpsWhenSelectingByClicking$1
6486:             2             48  com.intellij.application.options.editor.EditorSmartKeysConfigurableKt$myCbHonorCamelHumpsWhenSelectingByClicking$2
6487:             1             48  com.intellij.cdi.microprofile.starter.MicroprofileApplicationInfoStepImpl
6488:             1             48  com.intellij.cdi.microprofile.starter.MicroprofileModuleBuilder
6489:             2             48  com.intellij.codeInsight.ExternalAnnotationLineMarkerProvider
6490:             1             48  com.intellij.codeInsight.completion.CompletionExtension
6491:             2             48  com.intellij.codeInsight.completion.OffsetKey
6492:             1             48  com.intellij.codeInsight.daemon.LineMarkerProviders
6493:             2             48  com.intellij.codeInsight.daemon.impl.DaemonEditorPopup
6494:             2             48  com.intellij.codeInsight.daemon.impl.DaemonTooltipRendererProvider
6495:             2             48  com.intellij.codeInsight.daemon.impl.EditorTracker$$Lambda$3503/0x0000000802045440
6496:             2             48  com.intellij.codeInsight.daemon.impl.EditorTracker$3
6497:             2             48  com.intellij.codeInsight.daemon.impl.FileStatusMap$FileStatus
6498:             2             48  com.intellij.codeInsight.daemon.impl.TextEditorBackgroundHighlighter
6499:             3             48  com.intellij.codeInsight.daemon.impl.WholeFileLocalInspectionsPassFactory$1
6500:             2             48  com.intellij.codeInsight.daemon.impl.actions.GotoElementUnderCaretUsageBase$Direction
6501:             2             48  com.intellij.codeInsight.daemon.impl.quickfix.FetchExtResourceAction
6502:             2             48  com.intellij.codeInsight.editorActions.JavaMethodOverloadSwitchHandler
6503:             2             48  com.intellij.codeInsight.editorActions.moveLeftRight.MoveElementLeftRightActionHandler
6504:             2             48  com.intellij.codeInsight.editorActions.moveUpDown.MoveLineHandler
6505:             2             48  com.intellij.codeInsight.editorActions.moveUpDown.MoveStatementHandler
6506:             2             48  com.intellij.codeInsight.folding.impl.FoldingUpdate$$Lambda$4325/0x0000000802788c40
6507:             2             48  com.intellij.codeInsight.hint.PrevNextParameterHandler
6508:             1             48  com.intellij.codeInsight.hints.InlayHintsProviderExtension
6509:             1             48  com.intellij.codeInsight.hints.InlayParameterHintsExtension
6510:             1             48  com.intellij.codeInsight.hints.JavaInlayParameterHintsProvider
6511:             1             48  com.intellij.codeInsight.intention.impl.CachedIntentions
6512:             2             48  com.intellij.codeInsight.lookup.impl.LookupActionHandler$UpDownInEditorHandler
6513:             2             48  com.intellij.codeInsight.lookup.impl.LookupManagerImpl$6
6514:             1             48  com.intellij.codeInsight.template.impl.TemplateSettings
6515:             2             48  com.intellij.codeInsight.template.impl.editorActions.ExpandLiveTemplateCustomAction$1
6516:             1             48  com.intellij.codeInspection.LanguageInspectionSuppressors
6517:             2             48  com.intellij.codeInspection.SimplifyOptionalCallChainsInspection$OrElseType
6518:             2             48  com.intellij.codeInspection.SimplifyOptionalCallChainsInspection$RewrappingCase
6519:             2             48  com.intellij.codeInspection.SimplifyOptionalCallChainsInspection$RewrappingCase$Type
6520:             2             48  com.intellij.codeInspection.SimplifyStreamApiCallChainsInspection$ReplaceCollectionStreamFix
6521:             1             48  com.intellij.codeInspection.actions.CodeCleanupAction
6522:             1             48  com.intellij.codeInspection.actions.CodeInspectionAction
6523:             3             48  com.intellij.codeInspection.deadCode.DeprecatedEntryPoint
6524:             2             48  com.intellij.codeInspection.deadCode.UnusedParametersInspection
6525:             3             48  com.intellij.codeInspection.ejb.EjbEntryPoint
6526:             1             48  com.intellij.codeInspection.i18n.I18nInspection
6527:             2             48  com.intellij.codeInspection.java18StreamApi.PseudoLambdaReplaceTemplate$LambdaRole
6528:             3             48  com.intellij.codeInspection.java19modules.Java9ModuleEntryPoint
6529:             1             48  com.intellij.codeInspection.ui.actions.QuickFixesViewActionGroup
6530:             1             48  com.intellij.codeInspection.ui.actions.suppress.SuppressActionWrapper
6531:             1             48  com.intellij.coldFusion.UI.runner.CfmlRunConfiguration
6532:             3             48  com.intellij.concurrency.ConcurrentHashMap$ValuesView
6533:             2             48  com.intellij.concurrency.JobLauncherImpl$VoidForkJoinTask$Status
6534:             1             48  com.intellij.configurationStore.ApplicationStorageManager
6535:             3             48  com.intellij.configurationStore.CompoundStreamProvider
6536:             1             48  com.intellij.configurationStore.ModuleStateStorageManager
6537:             1             48  com.intellij.configurationStore.SaveAndSyncHandlerImpl
6538:             1             48  com.intellij.configurationStore.SchemeManagerIprProvider
6539:             2             48  com.intellij.configurationStore.StateStorageManagerImpl$Companion$createDefaultVirtualTracker$1
6540:             1             48  com.intellij.database.actions.DatabaseViewActions$AddDataSourcesGroup
6541:             1             48  com.intellij.database.actions.DdlActions$PublicCreateObjectGroup
6542:             1             48  com.intellij.database.actions.GenerateDbObjectGroup
6543:             1             48  com.intellij.database.actions.GenerateDbObjectGroup$1
6544:             1             48  com.intellij.database.actions.GenerateDbObjectGroup$2
6545:             1             48  com.intellij.database.actions.GenerateDbObjectGroup$3
6546:             1             48  com.intellij.database.actions.GenerateDbObjectGroup$4
6547:             1             48  com.intellij.database.actions.RunExtensionScriptActionGroup
6548:             2             48  com.intellij.database.console.runConfiguration.DatabaseScriptRunConfigurationOptions$Mode
6549:             3             48  com.intellij.database.console.session.PerProjectFileAttributes$attributes$1
6550:             2             48  com.intellij.database.csv.CsvRecordFormat$QuotationPolicy
6551:             2             48  com.intellij.database.data.types.LikePredicateOperation
6552:             2             48  com.intellij.database.dataSource.DataSourceStorage$6
6553:             1             48  com.intellij.database.dataSource.srcStorage.DbSrcChangesTracker$App
6554:             2             48  com.intellij.database.dialects.oracle.debugger.SteppingMode
6555:             1             48  com.intellij.database.plan.ui.PlanFlameGraphsGroup
6556:             1             48  com.intellij.database.run.actions.ChooseExtractorAction
6557:             1             48  com.intellij.database.run.actions.ChooseExtractorAction$BuiltInGroup
6558:             1             48  com.intellij.database.run.actions.ChooseExtractorAction$CsvGroup
6559:             1             48  com.intellij.database.run.actions.ChooseExtractorAction$ScriptedGroup
6560:             1             48  com.intellij.database.run.actions.ChoosePasteFormatAction
6561:             1             48  com.intellij.database.run.actions.ChooseSchemaAction
6562:             1             48  com.intellij.database.run.actions.ChooseSessionAction
6563:             1             48  com.intellij.database.run.actions.ColumnFilterByGroup
6564:             1             48  com.intellij.database.run.actions.CompareWithGroup
6565:             1             48  com.intellij.debugger.actions.ViewAsGroup
6566:             3             48  com.intellij.debugger.streams.resolve.PairMapResolver
6567:             3             48  com.intellij.debugger.streams.trace.impl.interpret.AllMatchTraceInterpreter
6568:             3             48  com.intellij.debugger.streams.trace.impl.interpret.AnyMatchTraceInterpreter
6569:             3             48  com.intellij.debugger.streams.trace.impl.interpret.NoneMatchTraceInterpreter
6570:             2             48  com.intellij.diagnostic.DebugLogManager$DebugLogLevel
6571:             1             48  com.intellij.diagnostic.PerformanceWatcher
6572:             2             48  com.intellij.diagram.settings.DiagramConfigGroup
6573:             2             48  com.intellij.diff.util.Side
6574:             1             48  com.intellij.dmserver.editor.AvailableBundlesProvider
6575:             2             48  com.intellij.dmserver.facet.DMCompositeType
6576:             2             48  com.intellij.dvcs.repo.Repository$State
6577:             1             48  com.intellij.dvcs.repo.VcsRepositoryManager
6578:             3             48  com.intellij.execution.application.JvmMainMethodRunConfigurationOptions$redirectOptions$1
6579:             3             48  com.intellij.execution.junit.JUnitConfiguration$1
6580:             3             48  com.intellij.execution.junit.JUnitConfiguration$2
6581:             3             48  com.intellij.execution.junit.JUnitConfiguration$3
6582:             2             48  com.intellij.execution.junit.JUnitConfigurationType$1
6583:             3             48  com.intellij.execution.junit2.inspection.JUnitEntryPoint
6584:             2             48  com.intellij.execution.process.BaseOSProcessHandler$1$$Lambda$351/0x00000008004a2440
6585:             2             48  com.intellij.execution.process.ProcessHandler$TasksRunner
6586:             2             48  com.intellij.execution.process.ProcessWaitFor
6587:             2             48  com.intellij.execution.process.ProcessWaitFor$$Lambda$348/0x00000008004a3440
6588:             2             48  com.intellij.execution.process.ProcessWaitFor$$Lambda$349/0x00000008004a2840
6589:             2             48  com.intellij.execution.rmi.RemoteUtil$1
6590:             1             48  com.intellij.execution.services.ServiceViewActionProvider$ItemPopupActionGroup
6591:             1             48  com.intellij.execution.services.ServiceViewActionProvider$ItemToolbarActionGroup
6592:             1             48  com.intellij.execution.services.ServiceViewManagerImpl
6593:             2             48  com.intellij.execution.target.TargetPlatform$Arch
6594:             1             48  com.intellij.execution.testframework.sm.runner.history.actions.ImportTestsGroup
6595:             2             48  com.intellij.facet.impl.ProjectFacetManagerImpl
6596:             1             48  com.intellij.find.impl.ShowRecentFindUsagesGroup
6597:             3             48  com.intellij.freemarker.FtlFileIndex$2
6598:             2             48  com.intellij.freemarker.psi.FtlCompositeElementType
6599:             2             48  com.intellij.grazie.GrazieConfig$Version
6600:             1             48  com.intellij.grazie.ide.language.LanguageGrammarChecking$Companion
6601:             3             48  com.intellij.gwt.references.GwtModuleReferencesProvider
6602:             3             48  com.intellij.gwt.superSource.GwtModuleSuperSourceIndex$2
6603:             3             48  com.intellij.htmltools.html.HtmlTagIdIndex$2
6604:             1             48  com.intellij.ide.GeneralSettings
6605:             2             48  com.intellij.ide.GeneralSettings$$Lambda$1084/0x0000000800cacc40
6606:             2             48  com.intellij.ide.IdeEventQueue$MyFireIdleRequest
6607:             2             48  com.intellij.ide.NativeIconProvider$Ext
6608:             1             48  com.intellij.ide.RecentProjectManagerState
6609:             1             48  com.intellij.ide.actionMacro.ActionMacroManager
6610:             1             48  com.intellij.ide.actionMacro.actions.MacrosGroup
6611:             1             48  com.intellij.ide.actions.NewActionGroup
6612:             1             48  com.intellij.ide.actions.QuickChangeLookAndFeel
6613:             1             48  com.intellij.ide.actions.RecentProjectsGroup
6614:             1             48  com.intellij.ide.actions.ResizeToolWindowAction$Down
6615:             1             48  com.intellij.ide.actions.ResizeToolWindowAction$Left
6616:             1             48  com.intellij.ide.actions.ResizeToolWindowAction$Right
6617:             1             48  com.intellij.ide.actions.ResizeToolWindowAction$Up
6618:             1             48  com.intellij.ide.actions.ToolWindowsGroup
6619:             2             48  com.intellij.ide.actions.runAnything.activity.RunAnythingNotifiableProvider$1
6620:             2             48  com.intellij.ide.actions.runAnything.activity.RunAnythingNotifiableProvider$ExecutionStatus
6621:             1             48  com.intellij.ide.b.f.e
6622:             1             48  com.intellij.ide.b.l.V
6623:             2             48  com.intellij.ide.bookmarks.actions.GotoBookmarkActionBase$1
6624:             1             48  com.intellij.ide.favoritesTreeView.actions.AddAllToFavoritesActionGroup
6625:             1             48  com.intellij.ide.favoritesTreeView.actions.AddToFavoritesActionGroup
6626:             1             48  com.intellij.ide.favoritesTreeView.actions.SendToFavoritesGroup
6627:             1             48  com.intellij.ide.fileTemplates.actions.CreateFromTemplateGroup
6628:             1             48  com.intellij.ide.fileTemplates.actions.FileTemplateSeparator
6629:             1             48  com.intellij.ide.fileTemplates.impl.ExportableFileTemplateSettings
6630:             2             48  com.intellij.ide.gdpr.Version
6631:             1             48  com.intellij.ide.hierarchy.LanguageCallHierarchy
6632:             1             48  com.intellij.ide.hierarchy.LanguageMethodHierarchy
6633:             1             48  com.intellij.ide.hierarchy.LanguageTypeHierarchy
6634:             3             48  com.intellij.ide.impl.PsiElementDataValidator
6635:             1             48  com.intellij.ide.palette.impl.PaletteToolWindowManager
6636:             1             48  com.intellij.ide.plugins.DescriptorListLoadingContext
6637:             1             48  com.intellij.ide.plugins.MainRunner$2
6638:             1             48  com.intellij.ide.projectView.actions.MarkSourceRootActionGroup
6639:             1             48  com.intellij.ide.projectView.impl.AbstractProjectViewPSIPane$1
6640:             1             48  com.intellij.ide.projectView.impl.AsyncProjectViewSupport$1
6641:             2             48  com.intellij.ide.projectView.impl.GroupByTypeComparator
6642:             1             48  com.intellij.ide.projectView.impl.MoveModuleToGroupTopLevel
6643:             1             48  com.intellij.ide.projectWizard.ProjectTypeStep$2
6644:             1             48  com.intellij.ide.ui.NotRoamableUiOptions
6645:             2             48  com.intellij.ide.ui.UITheme$1
6646:             2             48  com.intellij.ide.ui.UITheme$PaletteScopeManager
6647:             2             48  com.intellij.ide.ui.UIThemeProvider
6648:             1             48  com.intellij.ide.ui.customization.CustomizationUtil$1
6649:             1             48  com.intellij.ide.ui.laf.darcula.DarculaLaf
6650:             2             48  com.intellij.ide.ui.laf.darcula.DarculaTableSelectedCellHighlightBorder
6651:             3             48  com.intellij.ide.ui.laf.darcula.ui.DarculaTextBorder
6652:             1             48  com.intellij.ide.ui.search.IndexedCharsInterner$1
6653:             2             48  com.intellij.idea.cloudConfig.CloudConfigClientUtil$UserController
6654:             2             48  com.intellij.javaee.ExternalResourceManagerEx$XMLSchemaVersion
6655:             3             48  com.intellij.javaee.module.view.JavaeeAbstractCreateAction$$Lambda$1035/0x0000000800c07c40
6656:             1             48  com.intellij.javaee.module.view.ejb.actions.OpenEjbERDiagramAction$EjbDiagramProvider
6657:             1             48  com.intellij.javaee.oss.glassfish.editor.GlassfishWebRootProvider
6658:             1             48  com.intellij.javaee.oss.jboss.editor.JBossAppRootProvider
6659:             1             48  com.intellij.javaee.oss.jboss.editor.JBossCmpRootProvider
6660:             1             48  com.intellij.javaee.oss.jboss.editor.JBossEjbRootProvider
6661:             1             48  com.intellij.javaee.oss.jboss.editor.JBossWebRootProvider
6662:             2             48  com.intellij.javascript.flex.mxml.FlexXmlBackedClassesIndex$2
6663:             2             48  com.intellij.javascript.nodejs.library.NodeModulesDirectoryManager$2
6664:             2             48  com.intellij.javascript.nodejs.util.NodePackage
6665:             1             48  com.intellij.javascript.protractor.ProtractorRunSettings
6666:             1             48  com.intellij.jboss.core.module.JbossModuleBuilder
6667:             1             48  com.intellij.jpa.actions.NewGroupPersistence
6668:             1             48  com.intellij.jpa.actions.OpenJpaERDiagramAction$JpaDiagramProvider
6669:             1             48  com.intellij.jpa.scripts.JpaGenerateScriptsActionGroup
6670:             2             48  com.intellij.json.navigation.JsonQualifiedNameKind
6671:             1             48  com.intellij.lang.ExternalLanguageAnnotators
6672:             1             48  com.intellij.lang.LanguageASTFactory
6673:             1             48  com.intellij.lang.LanguageAnnotators
6674:             1             48  com.intellij.lang.LanguageBraceMatching
6675:             1             48  com.intellij.lang.LanguageDocumentation
6676:             1             48  com.intellij.lang.LanguageFormatting
6677:             1             48  com.intellij.lang.LanguageImportStatements
6678:             1             48  com.intellij.lang.LanguageNamesValidation
6679:             1             48  com.intellij.lang.LanguageParserDefinitions
6680:             1             48  com.intellij.lang.ant.config.actions.AntBuildGroup
6681:             3             48  com.intellij.lang.aspectj.highlight.AjEntryPoint
6682:             1             48  com.intellij.lang.findUsages.LanguageFindUsages$1
6683:             1             48  com.intellij.lang.folding.LanguageFolding
6684:             3             48  com.intellij.lang.javascript.buildTools.base.JsbtFileManager$1
6685:             2             48  com.intellij.lang.javascript.buildTools.base.JsbtSortingMode
6686:             1             48  com.intellij.lang.javascript.buildTools.npm.rc.NpmRunSettings
6687:             1             48  com.intellij.lang.javascript.buildTools.webpack.WebPackConfigCache
6688:             2             48  com.intellij.lang.javascript.flex.run.FlashRunnerParameters$AirMobileDebugTransport
6689:             2             48  com.intellij.lang.javascript.flex.run.FlashRunnerParameters$AppDescriptorForEmulator
6690:             3             48  com.intellij.lang.javascript.index.JSIdIndexer
6691:             3             48  com.intellij.lang.javascript.index.JSImplicitElementsIndex$2
6692:             1             48  com.intellij.lang.javascript.library.JSLibraryMappings
6693:             1             48  com.intellij.lang.javascript.library.ui.JSLibraryListGroup
6694:             2             48  com.intellij.lang.javascript.service.highlighting.JSLanguageServiceHighlightingStateHolder
6695:             2             48  com.intellij.lang.javascript.types.JSEmbeddedExpressionElementType
6696:             2             48  com.intellij.lang.javascript.types.JSReferenceListElementType
6697:             2             48  com.intellij.lang.properties.ResourceBundleReferenceProvider
6698:             2             48  com.intellij.lang.properties.UastPropertiesReferenceProvider
6699:             2             48  com.intellij.microservices.url.UrlSpecialSegmentMarker
6700:             1             48  com.intellij.openapi.actionSystem.ActionGroup$1
6701:             2             48  com.intellij.openapi.actionSystem.KeyboardGestureAction$ModifierType
6702:             2             48  com.intellij.openapi.actionSystem.KeyboardModifierGestureShortcut$DblClick
6703:             1             48  com.intellij.openapi.actionSystem.SplitButtonAction
6704:             2             48  com.intellij.openapi.actionSystem.ex.ComboBoxAction$ComboBoxButton$1
6705:             2             48  com.intellij.openapi.actionSystem.ex.ComboBoxAction$ComboBoxButton$2
6706:             2             48  com.intellij.openapi.actionSystem.impl.ActionToolbarImpl$1ToolbarClicksCollectorListener
6707:             2             48  com.intellij.openapi.application.impl.ExecutionThread
6708:             3             48  com.intellij.openapi.command.impl.DocumentReferenceByVirtualFile
6709:             2             48  com.intellij.openapi.command.impl.NonUndoableAction
6710:             2             48  com.intellij.openapi.command.impl.UndoManagerImpl$1
6711:             2             48  com.intellij.openapi.components.StateStorageOperation
6712:             2             48  com.intellij.openapi.components.StorageScheme
6713:             3             48  com.intellij.openapi.diagnostic.DefaultLogger
6714:             1             48  com.intellij.openapi.editor.EditorMouseHoverPopupManager
6715:             2             48  com.intellij.openapi.editor.GenericLineWrapPositionStrategy$Storage
6716:             1             48  com.intellij.openapi.editor.LanguageLineWrapPositionStrategy
6717:             2             48  com.intellij.openapi.editor.LogicalPosition
6718:             2             48  com.intellij.openapi.editor.actions.BackwardParagraphAction$Handler
6719:             2             48  com.intellij.openapi.editor.actions.CloneCaretActionHandler
6720:             2             48  com.intellij.openapi.editor.actions.ConvertIndentsActionBase$Handler
6721:             2             48  com.intellij.openapi.editor.actions.CutLineActionHandler
6722:             2             48  com.intellij.openapi.editor.actions.ForwardParagraphAction$Handler
6723:             2             48  com.intellij.openapi.editor.actions.IncrementalFindAction$Handler
6724:             2             48  com.intellij.openapi.editor.actions.IndentSelectionAction$Handler
6725:             2             48  com.intellij.openapi.editor.actions.KillRingSaveAction$Handler
6726:             2             48  com.intellij.openapi.editor.actions.MoveCaretLeftOrRightHandler
6727:             2             48  com.intellij.openapi.editor.actions.MoveCaretLeftOrRightHandler$Direction
6728:             2             48  com.intellij.openapi.editor.actions.MoveCaretLeftOrRightWithSelectionHandler
6729:             2             48  com.intellij.openapi.editor.impl.CaretImpl$VerticalInfo
6730:             2             48  com.intellij.openapi.editor.impl.ColorProvider$ColorSchemeBasedHolder
6731:             2             48  com.intellij.openapi.editor.impl.DefaultEditorTextRepresentationHelper$Key
6732:             3             48  com.intellij.openapi.editor.impl.DocumentImpl$1
6733:             2             48  com.intellij.openapi.editor.impl.EditorComponentImpl$EditorAccessibilityDocument
6734:             2             48  com.intellij.openapi.editor.impl.EditorFilteringMarkupModelEx
6735:             2             48  com.intellij.openapi.editor.impl.EditorImpl$$Lambda$3449/0x0000000801ffa040
6736:             2             48  com.intellij.openapi.editor.impl.EditorImpl$$Lambda$3488/0x0000000802042840
6737:             2             48  com.intellij.openapi.editor.impl.EditorImpl$2
6738:             2             48  com.intellij.openapi.editor.impl.EditorImpl$MyInputMethodHandler
6739:             2             48  com.intellij.openapi.editor.impl.EditorImpl$MyTransferHandler
6740:             2             48  com.intellij.openapi.editor.impl.FocusModeModel$1
6741:             2             48  com.intellij.openapi.editor.impl.FoldingModelImpl$1
6742:             2             48  com.intellij.openapi.editor.impl.ImmediatePainter
6743:             2             48  com.intellij.openapi.editor.impl.IndentsModelImpl
6744:             2             48  com.intellij.openapi.editor.impl.ScrollingModelImpl$MyChangeListener
6745:             2             48  com.intellij.openapi.editor.impl.SelectionModelImpl
6746:             2             48  com.intellij.openapi.editor.impl.softwrap.CompositeSoftWrapPainter
6747:             2             48  com.intellij.openapi.editor.impl.softwrap.SoftWrapDrawingType
6748:             2             48  com.intellij.openapi.editor.impl.softwrap.SoftWrapsStorage
6749:             2             48  com.intellij.openapi.editor.impl.softwrap.mapping.CachingSoftWrapDataMapper
6750:             2             48  com.intellij.openapi.editor.impl.softwrap.mapping.SoftWrapApplianceManager$IndentType
6751:             2             48  com.intellij.openapi.editor.impl.view.CharWidthCache
6752:             2             48  com.intellij.openapi.editor.impl.view.EditorCoordinateMapper
6753:             2             48  com.intellij.openapi.editor.impl.view.LineLayout$MultiChunk
6754:             2             48  com.intellij.openapi.editor.impl.view.LineLayout$WithSize
6755:             2             48  com.intellij.openapi.editor.impl.view.TabFragment
6756:             2             48  com.intellij.openapi.editor.markup.HighlighterTargetArea
6757:             2             48  com.intellij.openapi.extensions.impl.ExtensionPointImpl$ExtensionEvent
6758:             1             48  com.intellij.openapi.externalSystem.ExternalStateModule
6759:             1             48  com.intellij.openapi.externalSystem.model.execution.ExternalSystemTaskExecutionSettings
6760:             3             48  com.intellij.openapi.externalSystem.service.project.ProjectRenameAware$1
6761:             2             48  com.intellij.openapi.externalSystem.service.project.wizard.MavenizedStructureWizardStep$1
6762:             2             48  com.intellij.openapi.externalSystem.service.project.wizard.MavenizedStructureWizardStep$2
6763:             2             48  com.intellij.openapi.externalSystem.service.project.wizard.MavenizedStructureWizardStep$3
6764:             2             48  com.intellij.openapi.externalSystem.service.project.wizard.MavenizedStructureWizardStep$4
6765:             2             48  com.intellij.openapi.externalSystem.service.project.wizard.MavenizedStructureWizardStep$5
6766:             2             48  com.intellij.openapi.externalSystem.service.project.wizard.MavenizedStructureWizardStep$6
6767:             2             48  com.intellij.openapi.externalSystem.service.project.wizard.MavenizedStructureWizardStep$7
6768:             2             48  com.intellij.openapi.externalSystem.service.project.wizard.MavenizedStructureWizardStep$8
6769:             1             48  com.intellij.openapi.externalSystem.service.project.wizard.MavenizedStructureWizardStep$Companion$EMPTY_VIEW$1
6770:             2             48  com.intellij.openapi.externalSystem.service.project.wizard.MavenizedStructureWizardStep$artifactIdProperty$1
6771:             2             48  com.intellij.openapi.externalSystem.service.project.wizard.MavenizedStructureWizardStep$contentPanel$2
6772:             2             48  com.intellij.openapi.externalSystem.service.project.wizard.MavenizedStructureWizardStep$contentPanel$2$$special$$inlined$panel$lambda$2
6773:             2             48  com.intellij.openapi.externalSystem.service.project.wizard.MavenizedStructureWizardStep$contentPanel$2$$special$$inlined$panel$lambda$2$1
6774:             2             48  com.intellij.openapi.externalSystem.service.project.wizard.MavenizedStructureWizardStep$contentPanel$2$$special$$inlined$panel$lambda$2$2
6775:             2             48  com.intellij.openapi.externalSystem.service.project.wizard.MavenizedStructureWizardStep$contentPanel$2$$special$$inlined$panel$lambda$3
6776:             2             48  com.intellij.openapi.externalSystem.service.project.wizard.MavenizedStructureWizardStep$contentPanel$2$$special$$inlined$panel$lambda$3$1
6777:             2             48  com.intellij.openapi.externalSystem.service.project.wizard.MavenizedStructureWizardStep$contentPanel$2$$special$$inlined$panel$lambda$3$2
6778:             2             48  com.intellij.openapi.externalSystem.service.project.wizard.MavenizedStructureWizardStep$contentPanel$2$$special$$inlined$panel$lambda$3$3
6779:             2             48  com.intellij.openapi.externalSystem.service.project.wizard.MavenizedStructureWizardStep$contentPanel$2$$special$$inlined$panel$lambda$4
6780:             2             48  com.intellij.openapi.externalSystem.service.project.wizard.MavenizedStructureWizardStep$contentPanel$2$$special$$inlined$panel$lambda$4$1
6781:             2             48  com.intellij.openapi.externalSystem.service.project.wizard.MavenizedStructureWizardStep$contentPanel$2$$special$$inlined$panel$lambda$4$1$1
6782:             2             48  com.intellij.openapi.externalSystem.service.project.wizard.MavenizedStructureWizardStep$contentPanel$2$$special$$inlined$panel$lambda$4$1$2
6783:             2             48  com.intellij.openapi.externalSystem.service.project.wizard.MavenizedStructureWizardStep$contentPanel$2$$special$$inlined$panel$lambda$4$2
6784:             2             48  com.intellij.openapi.externalSystem.service.project.wizard.MavenizedStructureWizardStep$contentPanel$2$$special$$inlined$panel$lambda$4$2$1
6785:             2             48  com.intellij.openapi.externalSystem.service.project.wizard.MavenizedStructureWizardStep$contentPanel$2$$special$$inlined$panel$lambda$4$2$2
6786:             2             48  com.intellij.openapi.externalSystem.service.project.wizard.MavenizedStructureWizardStep$contentPanel$2$$special$$inlined$panel$lambda$4$3
6787:             2             48  com.intellij.openapi.externalSystem.service.project.wizard.MavenizedStructureWizardStep$contentPanel$2$$special$$inlined$panel$lambda$4$3$1
6788:             2             48  com.intellij.openapi.externalSystem.service.project.wizard.MavenizedStructureWizardStep$contentPanel$2$$special$$inlined$panel$lambda$4$3$2
6789:             2             48  com.intellij.openapi.externalSystem.service.project.wizard.MavenizedStructureWizardStep$entityNameProperty$1
6790:             2             48  com.intellij.openapi.externalSystem.service.project.wizard.MavenizedStructureWizardStep$groupIdProperty$1
6791:             2             48  com.intellij.openapi.externalSystem.service.project.wizard.MavenizedStructureWizardStep$location$2
6792:             2             48  com.intellij.openapi.externalSystem.service.project.wizard.MavenizedStructureWizardStep$location$3
6793:             2             48  com.intellij.openapi.externalSystem.service.project.wizard.MavenizedStructureWizardStep$locationProperty$1
6794:             2             48  com.intellij.openapi.externalSystem.service.project.wizard.MavenizedStructureWizardStep$parentProperty$1
6795:             2             48  com.intellij.openapi.externalSystem.service.project.wizard.MavenizedStructureWizardStep$versionProperty$1
6796:             3             48  com.intellij.openapi.externalSystem.settings.AbstractExternalSystemSettings$$Lambda$2000/0x0000000801932c40
6797:             2             48  com.intellij.openapi.fileEditor.impl.EditorComposite$1
6798:             1             48  com.intellij.openapi.fileEditor.impl.EditorsSplitters$MyFocusTraversalPolicy
6799:             1             48  com.intellij.openapi.fileEditor.impl.FileDocumentManagerImpl
6800:             2             48  com.intellij.openapi.fileEditor.impl.LoadTextUtil$AutoDetectionReason
6801:             2             48  com.intellij.openapi.fileEditor.impl.text.EditorHighlighterUpdater
6802:             3             48  com.intellij.openapi.fileEditor.impl.text.PsiAwareTextEditorProvider
6803:             2             48  com.intellij.openapi.fileEditor.impl.text.TextEditorComponent$$Lambda$3517/0x0000000802065040
6804:             2             48  com.intellij.openapi.fileEditor.impl.text.TextEditorComponent$MyDocumentListener
6805:             1             48  com.intellij.openapi.fileTypes.LanguageSyntaxHighlighters
6806:             1             48  com.intellij.openapi.keymap.impl.keyGestures.StateContext
6807:             2             48  com.intellij.openapi.module.JavaModuleType
6808:             1             48  com.intellij.openapi.module.WebModuleBuilder
6809:             2             48  com.intellij.openapi.progress.impl.ProgressRunner$ThreadToUse
6810:             1             48  com.intellij.openapi.roots.impl.InheritedJdkOrderEntryImpl
6811:             2             48  com.intellij.openapi.roots.impl.JavaModuleExternalPathsImpl
6812:             1             48  com.intellij.openapi.roots.impl.ModuleRootManagerComponent
6813:             3             48  com.intellij.openapi.roots.impl.NonProjectDirectoryInfo
6814:             2             48  com.intellij.openapi.roots.impl.OrderEnumeratorBase$ProcessEntryAction
6815:             2             48  com.intellij.openapi.roots.impl.PackageDirectoryCache$PackageInfo$1
6816:             2             48  com.intellij.openapi.roots.impl.ProjectRootManagerImpl$RootProviderChangeListener
6817:             2             48  com.intellij.openapi.ui.DialogWrapper$DialogStyle
6818:             1             48  com.intellij.openapi.ui.VerticalFlowLayout
6819:             1             48  com.intellij.openapi.ui.impl.DialogWrapperPeerImpl$MyDialog$1
6820:             2             48  com.intellij.openapi.ui.popup.Balloon$Layer
6821:             2             48  com.intellij.openapi.util.ActionCallback$ExecutedExecutionCallback
6822:             2             48  com.intellij.openapi.util.ActionCallback$IgnoreExecutionCallback
6823:             2             48  com.intellij.openapi.util.Bitness
6824:             2             48  com.intellij.openapi.util.ExecutionCallback
6825:             1             48  com.intellij.openapi.util.IconLoader$2
6826:             2             48  com.intellij.openapi.util.LowMemoryWatcher$LowMemoryWatcherType
6827:             3             48  com.intellij.openapi.util.ThreadLocalCachedByteArray
6828:             3             48  com.intellij.openapi.util.ThreadLocalCachedIntArray
6829:             3             48  com.intellij.openapi.util.UserDataHolderBase
6830:             2             48  com.intellij.openapi.vcs.RemoteDifferenceStrategy
6831:             2             48  com.intellij.openapi.vcs.VcsConfiguration$StandardConfirmation
6832:             2             48  com.intellij.openapi.vcs.VcsRootError$Type
6833:             2             48  com.intellij.openapi.vcs.VcsShowConfirmationOptionImpl
6834:             1             48  com.intellij.openapi.vcs.VcsVFSListener$StateProcessor
6835:             1             48  com.intellij.openapi.vcs.actions.ShowAnnotateOperationsPopup$Group
6836:             1             48  com.intellij.openapi.vcs.actions.VcsQuickListPopupAction$Providers
6837:             1             48  com.intellij.openapi.vcs.actions.VcsQuickListPopupAction$VcsNameSeparator
6838:             2             48  com.intellij.openapi.vcs.changes.ChangeListsIndexes$Data
6839:             1             48  com.intellij.openapi.vcs.changes.FileHolderComposite
6840:             1             48  com.intellij.openapi.vcs.changes.RemoteRevisionsCache
6841:             1             48  com.intellij.openapi.vcs.changes.RemoteRevisionsNumbersCache
6842:             2             48  com.intellij.openapi.vcs.changes.SwitchedFileHolder
6843:             2             48  com.intellij.openapi.vcs.changes.TextRevisionNumber
6844:             1             48  com.intellij.openapi.vcs.changes.UpdateRequestsQueue
6845:             2             48  com.intellij.openapi.vcs.changes.VirtualFileHolder
6846:             1             48  com.intellij.openapi.vcs.changes.conflicts.ChangelistConflictTracker
6847:             3             48  com.intellij.openapi.vcs.changes.ignore.codeInsight.IgnoreDirectoryMarkerProvider
6848:             1             48  com.intellij.openapi.vcs.changes.shelf.ShelveChangesManager
6849:             2             48  com.intellij.openapi.vcs.changes.ui.VcsToolWindowFactory$init$1
6850:             2             48  com.intellij.openapi.vcs.changes.ui.VcsToolWindowFactory$init$2
6851:             1             48  com.intellij.openapi.vcs.configurable.VcsOptionsTopHitProvider$2
6852:             2             48  com.intellij.openapi.vcs.ex.ChangelistsLocalLineStatusTracker$MyBlockData
6853:             1             48  com.intellij.openapi.vcs.ex.ChangelistsLocalLineStatusTracker$MyLineStatusMarkerRenderer
6854:             2             48  com.intellij.openapi.vcs.ex.DocumentTracker$Block
6855:             2             48  com.intellij.openapi.vcs.ex.LineStatusMarkerRenderer$3
6856:             2             48  com.intellij.openapi.vcs.impl.ContentRevisionCache$UniqueType
6857:             1             48  com.intellij.openapi.vcs.impl.LineStatusTrackerManager$MyBaseRevisionLoader
6858:             1             48  com.intellij.openapi.vcs.roots.VcsRootProblemNotifier
6859:             2             48  com.intellij.openapi.vfs.VirtualFileVisitor$Result
6860:             1             48  com.intellij.openapi.vfs.encoding.EncodingProjectManagerImpl
6861:             1             48  com.intellij.openapi.vfs.impl.local.FileWatcher
6862:             2             48  com.intellij.openapi.vfs.impl.local.FileWatcher$DirtyPaths
6863:             1             48  com.intellij.openapi.vfs.impl.local.LocalFileSystemImpl
6864:             1             48  com.intellij.openapi.vfs.impl.local.WatchRootsManager
6865:             1             48  com.intellij.openapi.vfs.newvfs.persistent.FSRecords$DbConnection$2
6866:             2             48  com.intellij.openapi.wm.impl.FrameInfoHelper
6867:             1             48  com.intellij.openapi.wm.impl.ProjectWindowAction
6868:             2             48  com.intellij.openapi.wm.impl.ToolWindowsPane$ImageCache
6869:             1             48  com.intellij.openapi.wm.impl.WindowManagerImpl
6870:             2             48  com.intellij.openapi.wm.impl.simpleTitleParts.VMOOption
6871:             3             48  com.intellij.openapi.wm.impl.status.EditorBasedStatusBarPopup$3
6872:             1             48  com.intellij.openapi.wm.impl.status.EncodingPanel
6873:             1             48  com.intellij.openapi.wm.impl.status.IdeStatusBarImpl$2
6874:             1             48  com.intellij.openapi.wm.impl.status.LineSeparatorPanel
6875:             1             48  com.intellij.openapi.wm.impl.status.PositionPanel
6876:             1             48  com.intellij.openapi.wm.impl.status.ProcessPopup
6877:             1             48  com.intellij.openapi.wm.impl.status.widget.StatusBarWidgetsActionGroup
6878:             2             48  com.intellij.packageDependencies.ChangeListScope
6879:             2             48  com.intellij.packageDependencies.DependencyValidationManagerImpl$State
6880:             2             48  com.intellij.patterns.CollectionPattern$3
6881:             2             48  com.intellij.patterns.DomPatterns$1
6882:             2             48  com.intellij.patterns.PsiBinaryExpressionPattern$3
6883:             2             48  com.intellij.patterns.PsiElementPattern$12
6884:             2             48  com.intellij.patterns.PsiElementPattern$3
6885:             2             48  com.intellij.patterns.PsiJavaPatterns$2
6886:             2             48  com.intellij.patterns.PsiMethodCallPattern$1
6887:             2             48  com.intellij.patterns.PsiTypeCastExpressionPattern
6888:             2             48  com.intellij.patterns.PsiTypePattern
6889:             2             48  com.intellij.patterns.StringPattern$3
6890:             2             48  com.intellij.patterns.StringPattern$8
6891:             2             48  com.intellij.patterns.TreeElementPattern$2
6892:             2             48  com.intellij.patterns.XmlAttributeValuePattern$3
6893:             2             48  com.intellij.patterns.XmlElementPattern$Capture
6894:             2             48  com.intellij.persistence.diagram.PersistenceDiagramProvider$4
6895:             2             48  com.intellij.persistence.diagram.PersistenceDiagramProvider$5
6896:             3             48  com.intellij.play.references.PlayFakeRenameableReferenceProvider
6897:             3             48  com.intellij.plugins.drools.lang.psi.indexes.DroolsDeclareStatementScalarIndex$getValueExternalizer$1
6898:             2             48  com.intellij.plugins.intelliLang.inject.JSInjection$Priority
6899:             1             48  com.intellij.profiler.actions.ImportProfilerResultGroup
6900:             1             48  com.intellij.psi.LanguageFileViewProviders
6901:             1             48  com.intellij.psi.LanguageSubstitutors
6902:             2             48  com.intellij.psi.PsiArrayType
6903:             3             48  com.intellij.psi.RefQueueIndex$3
6904:             1             48  com.intellij.psi.SingleRootFileViewProvider
6905:             2             48  com.intellij.psi.UastReferenceRegistrar$uastInjectionHostReferenceProvider$1
6906:             2             48  com.intellij.psi.UastReferenceRegistrar$uastReferenceProvider$1
6907:             2             48  com.intellij.psi.codeStyle.CodeStyleGroup
6908:             2             48  com.intellij.psi.codeStyle.CodeStyleSettings$HtmlTagNewLineStyle
6909:             3             48  com.intellij.psi.codeStyle.ExcludedFiles$State
6910:             1             48  com.intellij.psi.codeStyle.ProjectCodeStyleSettingsManager
6911:             1             48  com.intellij.psi.codeStyle.statusbar.CodeStyleStatusBarWidget
6912:             2             48  com.intellij.psi.css.impl.CssElementTypes$CssDeclarationBlockElementType
6913:             1             48  com.intellij.psi.impl.JavaPsiFacadeImpl
6914:             2             48  com.intellij.psi.impl.file.SourceRootIconProvider$FileLayerProvider$$Lambda$3367/0x0000000801edec40
6915:             3             48  com.intellij.psi.impl.include.FileIncludeIndex$2
6916:             3             48  com.intellij.psi.impl.java.JavaBinaryPlusExpressionIndex$1
6917:             3             48  com.intellij.psi.impl.java.JavaFunctionalExpressionIndex$3
6918:             1             48  com.intellij.psi.impl.source.codeStyle.CodeStyleSchemeImpl
6919:             3             48  com.intellij.psi.impl.source.jsp.TaglibIndex$3
6920:             2             48  com.intellij.psi.impl.source.resolve.reference.impl.providers.JavaClassReferenceProvider
6921:             2             48  com.intellij.psi.search.scope.packageSet.FilteredNamedScope$1
6922:             2             48  com.intellij.psi.stubs.SerializedStubTreeDataExternalizer
6923:             1             48  com.intellij.psi.stubs.StubSerializationHelper
6924:             2             48  com.intellij.psi.xml.XmlElementType$XmlTagElementType
6925:             1             48  com.intellij.quarkus.starter.QuarkusApplicationInfoStepImpl
6926:             1             48  com.intellij.quarkus.starter.QuarkusModuleBuilder
6927:             2             48  com.intellij.reactivestreams.reactor.intention.ReactorFinishStepVerifierQuickFix
6928:             1             48  com.intellij.refactoring.changeSignature.inplace.LanguageChangeSignatureDetectors
6929:             1             48  com.intellij.refactoring.suggested.SuggestedRefactoringSupport$Companion
6930:             1             48  com.intellij.remoteServer.impl.configuration.deployment.DeployToServerConfigurationType
6931:             2             48  com.intellij.remoteServer.impl.runtime.ui.RemoteServersServiceViewContributor$ActionGroups
6932:             1             48  com.intellij.remoteServer.impl.runtime.ui.tree.actions.AddCloudConnectionActionGroup
6933:             2             48  com.intellij.scala.play.navigation.Play2TemplateUsageAnnotator
6934:             1             48  com.intellij.spellchecker.settings.SpellCheckerSettings
6935:             1             48  com.intellij.spellchecker.tokenizer.LanguageSpellchecking
6936:             1             48  com.intellij.spring.boot.initializr.SpringInitializrModuleBuilder
6937:             2             48  com.intellij.spring.boot.model.SpringBootModelConfigFileNameContributor$CustomizationPresentation
6938:             3             48  com.intellij.spring.boot.model.autoconfigure.AutoConfigureMetadataIndex$getValueExternalizer$1
6939:             1             48  com.intellij.spring.boot.run.SpringBootApplicationRunConfiguration
6940:             1             48  com.intellij.spring.dom.SpringDomFileDescription
6941:             3             48  com.intellij.spring.spi.SpringSpiFileIndex$getValueExternalizer$1
6942:             3             48  com.intellij.sql.SqlRoutineIndex$getValueExternalizer$1
6943:             1             48  com.intellij.sql.dialects.ChangeDialectToolbarAction
6944:             1             48  com.intellij.sql.editor.SqlGenerateGroup
6945:             2             48  com.intellij.sql.inspections.DropPsiListItemFix
6946:             2             48  com.intellij.swagger.codegen.SwConfigurationType
6947:             1             48  com.intellij.tasks.timeTracking.TimeTrackingManager
6948:             1             48  com.intellij.testIntegration.GenerateFromTestCreatorsGroup
6949:             1             48  com.intellij.tools.ExternalToolsGroup
6950:             2             48  com.intellij.ui.CollectionListModel
6951:             1             48  com.intellij.ui.JBCardLayout$1
6952:             1             48  com.intellij.ui.LicensingFacade
6953:             3             48  com.intellij.ui.OffsetIcon$$Lambda$2169/0x00000008019c7040
6954:             2             48  com.intellij.ui.SimpleColoredText
6955:             3             48  com.intellij.ui.SpeedSearchBase$1
6956:             3             48  com.intellij.ui.SpeedSearchBase$2
6957:             3             48  com.intellij.ui.SpeedSearchBase$3
6958:             3             48  com.intellij.ui.SpeedSearchBase$4
6959:             1             48  com.intellij.ui.TableExpandableItemsHandler
6960:             2             48  com.intellij.ui.components.MacScrollBarUI$Style
6961:             1             48  com.intellij.ui.docking.impl.DockManagerImpl
6962:             2             48  com.intellij.ui.icons.ImageType
6963:             2             48  com.intellij.ui.layout.Cell$textFieldWithBrowseButton$3
6964:             2             48  com.intellij.ui.layout.Cell$textFieldWithBrowseButton$4
6965:             2             48  com.intellij.ui.mac.MacGestureSupportForEditor
6966:             2             48  com.intellij.ui.mac.MacGestureSupportForEditor$1
6967:             2             48  com.intellij.ui.paint.LinePainter2D$Align
6968:             2             48  com.intellij.ui.paint.PaintUtil$ParityMode
6969:             1             48  com.intellij.ui.speedSearch.NameFilteringListModel
6970:             2             48  com.intellij.ui.tabs.FileColorConfiguration
6971:             2             48  com.intellij.ui.tabs.impl.ActionButton$1
6972:             1             48  com.intellij.ui.tabs.impl.JBTabsImpl$6
6973:             2             48  com.intellij.ui.tabs.impl.TabLabel$1
6974:             1             48  com.intellij.ui.tabs.impl.singleRow.ScrollableSingleRowLayout
6975:             1             48  com.intellij.uiDesigner.actions.ChooseLocaleAction
6976:             1             48  com.intellij.uiDesigner.actions.SurroundActionGroup
6977:             1             48  com.intellij.uiDesigner.propertyInspector.DesignerToolWindowManager
6978:             1             48  com.intellij.uml.java.JavaUmlProvider
6979:             1             48  com.intellij.uml.project.ModulesUmlProvider
6980:             2             48  com.intellij.util.ComponentTreeEventDispatcher
6981:             2             48  com.intellij.util.ComponentTreeEventDispatcher$$Lambda$481/0x0000000800597c40
6982:             2             48  com.intellij.util.LazyInitializer$MutableNotNullValue
6983:             2             48  com.intellij.util.PathUtilRt$Platform
6984:             2             48  com.intellij.util.PathUtilRt$Platform
6985:             2             48  com.intellij.util.concurrency.QueueProcessor$ThreadToUse
6986:             3             48  com.intellij.util.containers.ClassMap
6987:             2             48  com.intellij.util.containers.ConcurrentIntKeySoftValueHashMap
6988:             2             48  com.intellij.util.containers.ConcurrentMultiMap
6989:             2             48  com.intellij.util.containers.ConcurrentWeakKeySoftValueHashMap$HardKey
6990:             3             48  com.intellij.util.containers.ContainerUtil$ImmutableListBackedByList
6991:             2             48  com.intellij.util.containers.FilteredTraverserBase$Cond
6992:             2             48  com.intellij.util.containers.HashSetQueue
6993:             2             48  com.intellij.util.containers.HashSetQueue$QueueEntry
6994:             3             48  com.intellij.util.containers.JBTreeTraverser
6995:             2             48  com.intellij.util.containers.MultiMap$6
6996:             2             48  com.intellij.util.containers.MultiMap$8
6997:             1             48  com.intellij.util.indexing.ChangedFilesCollector
6998:             2             48  com.intellij.util.indexing.DumbModeAccessType
6999:             2             48  com.intellij.util.indexing.IndicesRegistrationResult$IndexState
7000:             3             48  com.intellij.util.indexing.snapshot.CompositeHashIdDescriptor
7001:             1             48  com.intellij.util.io.CompressedAppendableFile$FileChunkReadCache
7002:             3             48  com.intellij.util.io.NullableDataExternalizer
7003:             3             48  com.intellij.util.io.Page$PageLock
7004:             3             48  com.intellij.util.io.PersistentEnumeratorDelegate
7005:             2             48  com.intellij.util.io.PersistentStringEnumerator
7006:             1             48  com.intellij.util.net.IdeaWideAuthenticator
7007:             1             48  com.intellij.util.net.ssl.ConfirmingTrustManager$MutableTrustManager
7008:             2             48  com.intellij.util.ui.ButtonlessScrollBarUI$1
7009:             2             48  com.intellij.util.ui.ButtonlessScrollBarUI$7
7010:             2             48  com.intellij.util.ui.ButtonlessScrollBarUI$8
7011:             2             48  com.intellij.util.ui.NSScrollerHelper$ClickBehavior
7012:             2             48  com.intellij.util.ui.NSScrollerHelper$Style
7013:             1             48  com.intellij.util.ui.ThreeStateCheckBox$1
7014:             2             48  com.intellij.util.ui.UIUtil$FontColor
7015:             2             48  com.intellij.util.ui.accessibility.ScreenReader$1
7016:             1             48  com.intellij.util.xml.impl.DomApplicationComponent
7017:             1             48  com.intellij.util.xml.impl.DomManagerImpl
7018:             1             48  com.intellij.util.xml.tree.actions.AddDomElementActionGroup
7019:             3             48  com.intellij.util.xmlb.SkipDefaultValuesSerializationFilters
7020:             2             48  com.intellij.util.xmlb.annotations.Property$Style
7021:             2             48  com.intellij.util.xmlb.annotations.XCollection$Style
7022:             2             48  com.intellij.vcs.commit.message.BodyLimitInspection
7023:             2             48  com.intellij.vcs.commit.message.CommitMessageSpellCheckingInspection
7024:             2             48  com.intellij.vcs.commit.message.SubjectBodySeparationInspection
7025:             2             48  com.intellij.vcs.commit.message.SubjectLimitInspection
7026:             1             48  com.intellij.vcs.log.data.CommitDetailsGetter
7027:             1             48  com.intellij.vcs.log.data.index.VcsLogPersistentIndex$IndexStorage
7028:             1             48  com.intellij.vcs.log.data.index.VcsLogPersistentIndex$MySingleTaskController
7029:             2             48  com.intellij.vcs.log.graph.utils.impl.BitSetFlags
7030:             1             48  com.intellij.vcs.log.impl.VcsLogManager
7031:             1             48  com.intellij.vcs.log.impl.VcsProjectLog
7032:             1             48  com.intellij.vcs.log.ui.actions.CollapseGraphAction
7033:             1             48  com.intellij.vcs.log.ui.actions.ExpandGraphAction
7034:             1             48  com.intellij.vcs.log.ui.actions.HighlightersActionGroup
7035:             1             48  com.intellij.vcs.log.ui.actions.ToggleLogColumnsActionGroup
7036:             3             48  com.intellij.vcs.log.util.SequentialLimitedLifoExecutor$DetailsLoadingTask
7037:             2             48  com.intellij.websocket.view.communications.WebSocketViewProvider
7038:             2             48  com.intellij.ws.actions.environment.HttpRequestNewEnvironmentFileAction$EnvironmentType
7039:             3             48  com.intellij.ws.http.request.environment.HttpRequestEnvironmentIndex$HttpRequestEnvironmentExternalizer
7040:             2             48  com.intellij.ws.http.request.run.config.HttpRequestRunType
7041:             2             48  com.intellij.ws.utils.WsReferenceProvidersHelper$2
7042:             2             48  com.intellij.xdebugger.evaluation.EvaluationMode
7043:             1             48  com.intellij.xdebugger.impl.BreakpointManagerState
7044:             1             48  com.intellij.xdebugger.impl.XDebuggerManagerImpl
7045:             1             48  com.intellij.xdebugger.impl.ui.DebuggerTitleInfoProvider
7046:             1             48  com.intellij.xdebugger.impl.ui.ExecutionPointHighlighter
7047:             3             48  com.intellij.xml.index.SchemaTypeInheritanceIndex$2
7048:             2             48  com.intellij.xml.index.XmlIndex$2
7049:             3             48  com.intellij.xml.index.XmlNamespaceIndex$3
7050:             2             48  com.jetbrains.clones.languagescope.TypeScriptDuplicateScope
7051:             1             48  com.jetbrains.nodejs.run.NodeJsRunConfiguration
7052:             1             48  com.jetbrains.plugins.remotesdk.tools.RemoteExternalToolActionGroup
7053:             1             48  com.siyeh.ig.logging.ClassWithoutLoggerInspection
7054:             1             48  com.siyeh.ig.logging.LogStatementGuardedByLogConditionInspection
7055:             1             48  com.siyeh.ig.naming.LocalVariableNamingConventionInspection
7056:             2             48  com.siyeh.ig.psiutils.EquivalenceChecker$Match
7057:             1             48  com.siyeh.ig.resources.AutoCloseableResourceInspection
7058:             2             48  com.siyeh.ipp.switchtoif.ReplaceSwitchWithIfIntention
7059:             2             48  com.sun.javafx.effect.EffectDirtyBits (javafx.graphics@11.0.7)
7060:             1             48  com.sun.javafx.font.FallbackResource (javafx.graphics@11.0.7)
7061:             2             48  com.sun.javafx.geom.BaseBounds$BoundsType (javafx.graphics@11.0.7)
7062:             2             48  com.sun.javafx.scene.control.behavior.BehaviorBase$$Lambda$3990/0x00000008022e1440 (javafx.controls@11.0.7)
7063:             3             48  com.sun.javafx.scene.control.inputmap.InputMap$$Lambda$3971/0x00000008022c4040 (javafx.controls@11.0.7)
7064:             3             48  com.sun.javafx.scene.control.inputmap.InputMap$$Lambda$3972/0x00000008022c4440 (javafx.controls@11.0.7)
7065:             2             48  com.sun.javafx.scene.layout.region.BorderImageSlices (javafx.graphics@11.0.7)
7066:             2             48  com.sun.javafx.scene.layout.region.RepeatStruct (javafx.graphics@11.0.7)
7067:             2             48  com.sun.javafx.sg.prism.EffectFilter (javafx.graphics@11.0.7)
7068:             2             48  com.sun.javafx.webkit.prism.WCGraphicsPrismContext$Type (javafx.web@11.0.7)
7069:             3             48  com.sun.marlin.OffHeapArray$$Lambda$4123/0x0000000802417c40 (javafx.graphics@11.0.7)
7070:             2             48  com.sun.org.apache.xerces.internal.impl.PropertyManager (java.xml@11.0.7)
7071:             1             48  com.sun.org.apache.xerces.internal.impl.XMLDocumentFragmentScannerImpl$ElementStack (java.xml@11.0.7)
7072:             2             48  com.sun.prism.GraphicsPipeline$ShaderType (javafx.graphics@11.0.7)
7073:             1             48  com.sun.prism.es2.ES2ResourceFactory (javafx.graphics@11.0.7)
7074:             1             48  com.sun.prism.impl.packrect.RectanglePacker (javafx.graphics@11.0.7)
7075:             3             48  com.sun.proxy.$Proxy120
7076:             3             48  com.sun.proxy.$Proxy61
7077:             2             48  com.sun.scenario.effect.impl.prism.PrFilterContext (javafx.graphics@11.0.7)
7078:             2             48  com.sun.webkit.Timer$Mode (javafx.web@11.0.7)
7079:             3             48  com.sun.webkit.perf.PerfLogger$$Lambda$3757/0x0000000802197c40 (javafx.web@11.0.7)
7080:             3             48  com.sun.webkit.perf.PerfLogger$$Lambda$3758/0x0000000802197040 (javafx.web@11.0.7)
7081:             1             48  com.sun.xml.internal.stream.StaxErrorReporter (java.xml@11.0.7)
7082:             3             48  com.theoryinpractice.testng.inspection.TestNGEntryPoint
7083:             1             48  com.wuzhizhan.mybatis.dom.description.ConfigurationDescription
7084:             1             48  com.wuzhizhan.mybatis.dom.description.MapperDescription
7085:             3             48  de.plushnikov.intellij.plugin.lombokconfig.LombokConfigIndex$3
7086:             1             48  freemarker.cache.SoftCacheStorage$SoftValueReference
7087:             1             48  freemarker.cache.TemplateCache
7088:             1             48  freemarker.core.MixedContent
7089:             2             48  freemarker.ext.beans.StaticModels
7090:             2             48  freemarker.ext.beans._EnumModels
7091:             1             48  fuck_the_regulations_v321.fj
7092:             2             48  fuck_the_regulations_v321.x
7093:             1             48  git4idea.actions.GitAbortOperationAction$CherryPick
7094:             1             48  git4idea.actions.GitAbortOperationAction$Merge
7095:             1             48  git4idea.actions.GitAbortOperationAction$Revert
7096:             1             48  git4idea.actions.GitCheckoutActionGroup
7097:             2             48  git4idea.branch.GitBranchType
7098:             1             48  git4idea.commands.GitHttpAuthServiceImpl
7099:             2             48  git4idea.history.GitLogParser$NameStatus
7100:             2             48  git4idea.log.GitLogIndexer
7101:             1             48  git4idea.ui.branch.GitBranchWidget
7102:             1             48  git4idea.ui.branch.GitLogBranchOperationsActionGroup
7103:             1             48  gnu.trove.TByteObjectHashMap
7104:             2             48  gnu.trove.TLongArrayList
7105:             1             48  gnu.trove.TLongObjectHashMap
7106:             3             48  gnu.trove.TObjectIdentityHashingStrategy
7107:             2             48  io.netty.bootstrap.ServerBootstrap$ServerBootstrapAcceptor$1
7108:             2             48  io.netty.buffer.UnreleasableByteBuf
7109:             2             48  io.netty.channel.ChannelMetadata
7110:             2             48  io.netty.channel.SucceededChannelFuture
7111:             3             48  io.netty.channel.nio.NioEventLoop$1
7112:             3             48  io.netty.util.concurrent.FastThreadLocalRunnable
7113:             3             48  io.netty.util.concurrent.PromiseTask$SentinelRunnable
7114:             3             48  io.netty.util.concurrent.SingleThreadEventExecutor$4
7115:             3             48  io.netty.util.internal.ObjectPool$RecyclerObjectPool
7116:             1             48  io.sentry.connection.LockdownManager
7117:             3             48  java.awt.ComponentOrientation (java.desktop@11.0.7)
7118:             1             48  java.awt.LightweightDispatcher (java.desktop@11.0.7)
7119:             2             48  java.awt.dnd.DragSource (java.desktop@11.0.7)
7120:             1             48  java.awt.event.KeyEvent$2 (java.desktop@11.0.7)
7121:             2             48  java.awt.geom.Point2D$Float (java.desktop@11.0.7)
7122:             1             48  java.awt.geom.Rectangle2D$Double (java.desktop@11.0.7)
7123:             1             48  java.awt.image.DataBufferByte (java.desktop@11.0.7)
7124:             2             48  java.io.File$PathStatus (java.base@11.0.7)
7125:             2             48  java.io.InputStreamReader (java.base@11.0.7)
7126:             2             48  java.io.ObjectStreamClass$ExceptionInfo (java.base@11.0.7)
7127:             3             48  java.lang.ClassValue$Identity (java.base@11.0.7)
7128:             2             48  java.lang.ProcessHandleImpl$ExitCompletion (java.base@11.0.7)
7129:             1             48  java.lang.invoke.BoundMethodHandle$Specializer$Factory (java.base@11.0.7)
7130:             2             48  java.lang.management.ManagementPermission (java.management@11.0.7)
7131:             2             48  java.lang.management.MemoryType (java.management@11.0.7)
7132:             2             48  java.lang.module.ModuleDescriptor$Exports$Modifier (java.base@11.0.7)
7133:             2             48  java.lang.module.ModuleDescriptor$Opens$Modifier (java.base@11.0.7)
7134:             2             48  java.lang.reflect.ReflectPermission (java.base@11.0.7)
7135:             2             48  java.net.InterfaceAddress (java.base@11.0.7)
7136:             2             48  java.net.ServerSocket (java.base@11.0.7)
7137:             2             48  java.net.SocketPermissionCollection (java.base@11.0.7)
7138:             2             48  java.net.StandardProtocolFamily (java.base@11.0.7)
7139:             3             48  java.nio.channels.FileChannel$MapMode (java.base@11.0.7)
7140:             3             48  java.nio.channels.spi.AbstractSelector$1 (java.base@11.0.7)
7141:             3             48  java.nio.charset.CodingErrorAction (java.base@11.0.7)
7142:             2             48  java.security.AllPermissionCollection (java.base@11.0.7)
7143:             3             48  java.text.AttributedCharacterIterator$Attribute (java.base@11.0.7)
7144:             1             48  java.text.AttributedString$AttributedStringIterator (java.base@11.0.7)
7145:             2             48  java.time.Clock$SystemClock (java.base@11.0.7)
7146:             2             48  java.time.format.DateTimeFormatterBuilder$1 (java.base@11.0.7)
7147:             2             48  java.time.format.DateTimeFormatterBuilder$ZoneIdPrinterParser (java.base@11.0.7)
7148:             2             48  java.time.format.DateTimeTextProvider$LocaleStore (java.base@11.0.7)
7149:             3             48  java.util.Base64$Decoder (java.base@11.0.7)
7150:             3             48  java.util.Collections$ReverseComparator2 (java.base@11.0.7)
7151:             2             48  java.util.Collections$UnmodifiableSortedSet (java.base@11.0.7)
7152:             3             48  java.util.ResourceBundle$NoFallbackControl (java.base@11.0.7)
7153:             1             48  java.util.WeakHashMap$KeyIterator (java.base@11.0.7)
7154:             1             48  java.util.concurrent.ConcurrentHashMap$TreeBin (java.base@11.0.7)
7155:             1             48  java.util.concurrent.ConcurrentSkipListMap (java.base@11.0.7)
7156:             2             48  java.util.concurrent.ConcurrentSkipListMap$Index (java.base@11.0.7)
7157:             2             48  java.util.concurrent.ConcurrentSkipListMap$Node (java.base@11.0.7)
7158:             3             48  java.util.concurrent.Semaphore (java.base@11.0.7)
7159:             2             48  java.util.function.BiConsumer$$Lambda$3832/0x000000080223e440 (java.base@11.0.7)
7160:             2             48  java.util.jar.Manifest (java.base@11.0.7)
7161:             1             48  java.util.logging.ConsoleHandler (java.logging@11.0.7)
7162:             2             48  java.util.logging.Logger$LoggerBundle (java.logging@11.0.7)
7163:             2             48  java.util.logging.LoggingPermission (java.logging@11.0.7)
7164:             2             48  java.util.regex.Pattern$BackRef (java.base@11.0.7)
7165:             2             48  java.util.regex.Pattern$CharPredicate$$Lambda$4489/0x00000008028f1040 (java.base@11.0.7)
7166:             1             48  javafx.beans.property.ReadOnlyIntegerWrapper (javafx.base@11.0.7)
7167:             2             48  javafx.geometry.Orientation (javafx.graphics@11.0.7)
7168:             2             48  javafx.scene.Node$MiscProperties$10$1 (javafx.graphics@11.0.7)
7169:             1             48  javafx.scene.Node$NodeTransformation$2 (javafx.graphics@11.0.7)
7170:             1             48  javafx.scene.Node$NodeTransformation$3 (javafx.graphics@11.0.7)
7171:             1             48  javafx.scene.Scene$12 (javafx.graphics@11.0.7)
7172:             1             48  javafx.scene.control.Control$2 (javafx.controls@11.0.7)
7173:             1             48  javafx.scene.control.Control$4 (javafx.controls@11.0.7)
7174:             2             48  javafx.scene.shape.FillRule (javafx.graphics@11.0.7)
7175:             2             48  javafx.scene.text.FontPosture (javafx.graphics@11.0.7)
7176:             2             48  javafx.scene.text.FontSmoothingType (javafx.graphics@11.0.7)
7177:             1             48  javafx.scene.web.WebHistory$1 (javafx.web@11.0.7)
7178:             1             48  javafx.scene.web.WebView$1 (javafx.web@11.0.7)
7179:             1             48  javafx.stage.Window$12 (javafx.graphics@11.0.7)
7180:             1             48  javafx.stage.Window$3 (javafx.graphics@11.0.7)
7181:             1             48  javafx.stage.Window$4 (javafx.graphics@11.0.7)
7182:             1             48  javafx.stage.Window$5 (javafx.graphics@11.0.7)
7183:             1             48  javassist.compiler.KeywordTable
7184:             2             48  javax.crypto.CryptoPermissions (java.base@11.0.7)
7185:             2             48  javax.net.ssl.SSLContext (java.base@11.0.7)
7186:             1             48  javax.swing.ImageIcon (java.desktop@11.0.7)
7187:             1             48  javax.swing.TransferHandler$DropHandler (java.desktop@11.0.7)
7188:             3             48  javax.swing.TransferHandler$TransferAction (java.desktop@11.0.7)
7189:             1             48  javax.swing.UIDefaults$TextAndMnemonicHashMap (java.desktop@11.0.7)
7190:             1             48  javax.swing.UIManager$LAFState (java.desktop@11.0.7)
7191:             3             48  javax.swing.event.DocumentEvent$EventType (java.desktop@11.0.7)
7192:             1             48  javax.swing.plaf.basic.BasicPopupMenuUI$MenuKeyboardHelper (java.desktop@11.0.7)
7193:             3             48  javax.swing.plaf.basic.BasicRootPaneUI$Actions (java.desktop@11.0.7)
7194:             2             48  javax.swing.plaf.basic.BasicScrollBarUI$ScrollListener (java.desktop@11.0.7)
7195:             1             48  javax.swing.plaf.basic.BasicTextUI$TextTransferHandler (java.desktop@11.0.7)
7196:             2             48  javax.swing.text.DefaultEditorKit$DeleteWordAction (java.desktop@11.0.7)
7197:             1             48  javax.swing.text.html.HTMLEditorKit$InsertHRAction (java.desktop@11.0.7)
7198:             2             48  javax.swing.text.html.StyleSheet$BoxPainter$HorizontalMargin (java.desktop@11.0.7)
7199:             1             48  jdk.internal.jimage.ImageHeader (java.base@11.0.7)
7200:             3             48  jdk.internal.logger.LazyLoggers$JdkLazyLogger (java.base@11.0.7)
7201:             2             48  jdk.internal.misc.Signal$NativeHandler (java.base@11.0.7)
7202:             3             48  jdk.internal.module.ServicesCatalog (java.base@11.0.7)
7203:             2             48  kotlin.io.FileWalkDirection
7204:             2             48  kotlin.reflect.jvm.internal.KDeclarationContainerImpl$MemberBelonginess
7205:             2             48  kotlin.reflect.jvm.internal.KMutableProperty0Impl$_setter$1
7206:             2             48  kotlin.reflect.jvm.internal.KProperty0Impl$_getter$1
7207:             2             48  kotlin.reflect.jvm.internal.KProperty0Impl$delegateFieldValue$1
7208:             2             48  kotlin.reflect.jvm.internal.impl.descriptors.impl.AbstractTypeParameterDescriptor$1
7209:             2             48  kotlin.reflect.jvm.internal.impl.descriptors.impl.AbstractTypeParameterDescriptor$2
7210:             2             48  kotlin.reflect.jvm.internal.impl.load.java.components.TypeUsage
7211:             2             48  kotlin.reflect.jvm.internal.impl.load.java.structure.LightClassOriginKind
7212:             1             48  kotlin.reflect.jvm.internal.impl.metadata.jvm.JvmProtoBuf$JvmPropertySignature
7213:             3             48  kotlin.reflect.jvm.internal.impl.protobuf.ExtensionRegistryLite
7214:             2             48  kotlin.reflect.jvm.internal.impl.resolve.OverridingUtil
7215:             1             48  kotlin.reflect.jvm.internal.impl.serialization.deserialization.ProtoContainer$Class
7216:             2             48  kotlin.reflect.jvm.internal.impl.storage.LockBasedStorageManager$LockBasedLazyValue
7217:             2             48  kotlin.reflect.jvm.internal.impl.types.NullableSimpleType
7218:             2             48  kotlin.reflect.jvm.internal.impl.types.TypeUtils$SpecialType
7219:             2             48  kotlin.reflect.jvm.internal.pcollections.HashPMap
7220:             2             48  kotlin.reflect.jvm.internal.pcollections.HashPMap
7221:             2             48  net.loomchild.segment.srx.SrxDocument
7222:             2             48  one.util.streamex.StreamContext
7223:             2             48  org.angular2.codeInsight.refs.Angular2ReferencesContributor$4
7224:             2             48  org.antlr.v4.runtime.atn.ATNDeserializer$UnicodeDeserializingMode
7225:             2             48  org.antlr.v4.runtime.atn.ATNType
7226:             1             48  org.antlr.v4.runtime.atn.Transition$1
7227:             1             48  org.apache.commons.logging.impl.LogFactoryImpl
7228:             1             48  org.apache.log4j.Hierarchy
7229:             1             48  org.apache.log4j.helpers.PatternParser
7230:             2             48  org.apache.xerces.impl.XMLDocumentFragmentScannerImpl$ElementStack
7231:             2             48  org.apache.xerces.impl.dtd.DTDGrammarBucket
7232:             2             48  org.apache.xerces.impl.dtd.XMLAttributeDecl
7233:             3             48  org.apache.xerces.impl.dv.dtd.ListDatatypeValidator
7234:             1             48  org.apache.xerces.impl.xs.XSAttributeGroupDecl
7235:             1             48  org.apache.xerces.jaxp.DocumentBuilderImpl
7236:             1             48  org.apache.xerces.util.URI
7237:             3             48  org.editorconfig.language.index.EditorConfigIdentifierIndex$getValueExternalizer$1
7238:             1             48  org.ini4j.Config
7239:             2             48  org.intellij.lang.xpath.XPathFileType
7240:             2             48  org.intellij.lang.xpath.context.XPathVersion
7241:             1             48  org.intellij.lang.xpath.xslt.associations.impl.AssociationsGroup
7242:             2             48  org.intellij.lang.xpath.xslt.run.XsltRunConfiguration$JdkChoice
7243:             2             48  org.intellij.markdown.ast.impl.ListCompositeNode$loose$2
7244:             3             48  org.intellij.markdown.flavours.commonmark.CommonMarkFlavourDescriptor$sequentialParserManager$1
7245:             2             48  org.intellij.markdown.flavours.gfm.lexer._GFMLexer$ParseDelimited
7246:             2             48  org.intellij.markdown.parser.markerblocks.MarkerBlock$EventAction
7247:             1             48  org.intellij.plugins.intelliLang.Configuration$AdvancedConfiguration
7248:             2             48  org.intellij.plugins.markdown.lang.lexer.MarkdownLexerAdapter
7249:             2             48  org.intellij.plugins.markdown.lang.parser.MarkdownParserManager$ParsingInfo
7250:             2             48  org.intellij.plugins.markdown.ui.split.SplitFileEditor$MyFileEditorState
7251:             3             48  org.jetbrains.android.AndroidGotoRelatedLineMarkerProvider
7252:             1             48  org.jetbrains.android.actions.CreateMultiRootResourceFileAction
7253:             1             48  org.jetbrains.android.dom.lint.LintSettingsFileDescription
7254:             1             48  org.jetbrains.android.dom.manifest.ManifestDomFileDescription
7255:             1             48  org.jetbrains.android.dom.resources.ResourcesDomFileDescription
7256:             3             48  org.jetbrains.android.inspections.AndroidComponentEntryPoint
7257:             1             48  org.jetbrains.git4idea.ssh.GitXmlRpcNativeSshService
7258:             1             48  org.jetbrains.idea.devkit.module.PluginModuleBuilder
7259:             1             48  org.jetbrains.idea.maven.server.MavenServerManager
7260:             2             48  org.jetbrains.idea.maven.server.MavenServerSettings$UpdatePolicy
7261:             2             48  org.jetbrains.idea.maven.tasks.MavenTasksManager$1MyCompileTask
7262:             1             48  org.jetbrains.idea.maven.wizards.SelectPropertiesStep
7263:             2             48  org.jetbrains.io.BuiltInServer
7264:             2             48  org.jetbrains.jps.model.java.JavaResourceRootType
7265:             2             48  org.jetbrains.jps.model.java.JavaSourceRootType
7266:             1             48  org.jetbrains.jps.model.java.impl.compiler.ProcessorConfigProfileImpl
7267:             2             48  org.jetbrains.kotlin.caches.project.CacheUtilKt$cache$1
7268:             1             48  org.jetbrains.kotlin.cli.common.arguments.ArgumentParseErrors
7269:             2             48  org.jetbrains.kotlin.ide.konan.index.KotlinNativeMetaFileIndex
7270:             1             48  org.jetbrains.kotlin.idea.actions.NewKotlinScriptAction
7271:             1             48  org.jetbrains.kotlin.idea.actions.NewKotlinWorksheetAction
7272:             1             48  org.jetbrains.kotlin.idea.caches.resolve.KotlinCacheServiceImpl$globalFacadesPerPlatformAndSdk$1
7273:             1             48  org.jetbrains.kotlin.idea.caches.trackers.KotlinCodeBlockModificationListener
7274:             1             48  org.jetbrains.kotlin.idea.core.script.configuration.utils.ScriptClassRootsCache
7275:             2             48  org.jetbrains.kotlin.idea.debugger.sequence.psi.impl.TerminatedChainBuilder
7276:             2             48  org.jetbrains.kotlin.idea.debugger.sequence.psi.impl.TerminatedChainBuilder$MyExistenceChecker
7277:             2             48  org.jetbrains.kotlin.idea.debugger.sequence.trace.dsl.KotlinStatementFactory
7278:             2             48  org.jetbrains.kotlin.idea.debugger.sequence.trace.impl.KotlinTraceExpressionBuilder
7279:             2             48  org.jetbrains.kotlin.idea.decompiler.common.KotlinMetadataDecompiler$metadataStubBuilder$1
7280:             2             48  org.jetbrains.kotlin.idea.inspections.AbstractImplicitTypeInspection$1
7281:             1             48  org.jetbrains.kotlin.idea.inspections.coroutines.DeferredIsResultInspection
7282:             1             48  org.jetbrains.kotlin.idea.inspections.coroutines.DirectUseOfResultTypeInspection
7283:             1             48  org.jetbrains.kotlin.idea.migration.CodeMigrationAction
7284:             2             48  org.jetbrains.kotlin.idea.project.KotlinMultiplatformAnalysisModeComponent$Mode
7285:             2             48  org.jetbrains.kotlin.idea.versions.KotlinJsMetadataVersionIndex
7286:             2             48  org.jetbrains.kotlin.idea.versions.KotlinJvmMetadataVersionIndex
7287:             2             48  org.jetbrains.kotlin.idea.vfilefinder.KotlinClassFileIndex
7288:             2             48  org.jetbrains.kotlin.idea.vfilefinder.KotlinJavaScriptMetaFileIndex
7289:             2             48  org.jetbrains.kotlin.psi.NotNullableUserDataProperty
7290:             2             48  org.jetbrains.kotlin.psi.PlainTextArgumentType
7291:             2             48  org.jetbrains.kotlin.psi.PsiElementArgumentType
7292:             2             48  org.jetbrains.kotlin.tools.projectWizard.moduleConfigurators.ModuleConfiguratorWithSettings$settingDelegate$$inlined$cached$1
7293:             2             48  org.jetbrains.kotlin.tools.projectWizard.moduleConfigurators.ModuleConfiguratorWithTests$$special$$inlined$enumSetting$2
7294:             2             48  org.jetbrains.kotlin.tools.projectWizard.plugins.kotlin.ProjectKind
7295:             2             48  org.jetbrains.kotlin.tools.projectWizard.projectTemplates.SettingWithValue
7296:             2             48  org.jetbrains.kotlin.tools.projectWizard.settings.buildsystem.SourcesetType
7297:             3             48  org.jetbrains.kotlin.tools.projectWizard.settings.version.Version
7298:             1             48  org.jetbrains.kotlin.tools.projectWizard.templates.SimpleJsClientTemplate
7299:             2             48  org.jetbrains.kotlin.tools.projectWizard.templates.Template$settingDelegate$$inlined$cached$1
7300:             3             48  org.jetbrains.osgi.highlighting.OsgiEntryPoint
7301:             3             48  org.jetbrains.plugins.cucumber.CucumberStepIndex$$Lambda$830/0x0000000800aef840
7302:             1             48  org.jetbrains.plugins.github.GHOpenInBrowserActionGroup
7303:             1             48  org.jetbrains.plugins.github.GithubCreatePullRequestAction
7304:             1             48  org.jetbrains.plugins.github.GithubRebaseAction
7305:             1             48  org.jetbrains.plugins.github.GithubViewPullRequestsAction
7306:             2             48  org.jetbrains.plugins.github.util.GitRemoteUrlCoordinates
7307:             1             48  org.jetbrains.plugins.gradle.service.execution.GradleRunConfiguration
7308:             1             48  org.jetbrains.plugins.grails.editor.toolbar.GoToControllerAction
7309:             1             48  org.jetbrains.plugins.grails.editor.toolbar.GoToDomainAction
7310:             1             48  org.jetbrains.plugins.grails.editor.toolbar.GoToServiceAction
7311:             1             48  org.jetbrains.plugins.grails.editor.toolbar.GoToTestAction
7312:             1             48  org.jetbrains.plugins.grails.editor.toolbar.GoToViewAction
7313:             1             48  org.jetbrains.plugins.grails.util.GrailsArtifact$1
7314:             1             48  org.jetbrains.plugins.grails.util.GrailsArtifact$2
7315:             3             48  org.jetbrains.plugins.groovy.intentions.declaration.GrChangeMemberVisibilityModifierBase$1
7316:             1             48  org.jetbrains.plugins.groovy.shell.GroovyShellAction
7317:             3             48  org.jetbrains.plugins.javaFX.JavaFxEntryPoint
7318:             3             48  org.jetbrains.plugins.javaFX.indexing.FxmlDataExternalizer
7319:             1             48  org.jetbrains.plugins.scala.actions.NewPackageObjectAction
7320:             3             48  org.jetbrains.plugins.scala.caches.CleanupScheduler
7321:             3             48  org.jetbrains.plugins.scala.caches.stats.MyConcurrentMap
7322:             1             48  org.jetbrains.plugins.scala.codeInspection.collections.OperationOnCollectionInspectionBase$
7323:             1             48  org.jetbrains.plugins.scala.compiler.ScalaCompileServerSettings
7324:             2             48  org.jetbrains.plugins.scala.findUsages.compilerReferences.ScalaDirtyScopeHolder$ScopedModule
7325:             1             48  org.jetbrains.plugins.scala.findUsages.compilerReferences.indices.CompilerReferenceIndexer
7326:             1             48  org.jetbrains.plugins.scala.lang.formatting.scalafmt.ScalaFmtSuggesterService
7327:             3             48  org.jetbrains.plugins.scala.lang.formatting.settings.inference.ScalaDocAsteriskAlignStyleIndexer$$anon$1
7328:             2             48  org.jetbrains.plugins.scala.project.IncrementalityType
7329:             2             48  org.jetbrains.plugins.scala.project.template.WizardEntity
7330:             1             48  org.jetbrains.plugins.scala.worksheet.actions.NewScalaWorksheetAction
7331:             2             48  org.jetbrains.sbt.project.module.SbtModuleType
7332:             3             48  org.jetbrains.yaml.navigation.YAMLKeysIndex$2
7333:             2             48  org.languagetool.rules.patterns.EquivalenceTypeLocator
7334:             2             48  org.languagetool.rules.patterns.XMLRuleHandler$RegexpMode
7335:             2             48  org.languagetool.synthesis.ManualSynthesizer
7336:             1             48  org.languagetool.synthesis.en.EnglishSynthesizer
7337:             1             48  org.osmorc.make.ViewGeneratedManifestGroup
7338:             3             48  org.owasp.html.FilterUrlByProtocolAttributePolicy
7339:             2             48  org.owasp.html.HtmlPolicyBuilder$RelsOnLinksPolicy
7340:             2             48  org.picocontainer.defaults.CollectionComponentParameter
7341:             2             48  org.picocontainer.defaults.ComponentParameter
7342:             2             48  org.zmlx.hg4idea.branch.HgBranchType
7343:             1             48  scala.Array$
7344:             2             48  scala.Enumeration$ValueSet
7345:             1             48  scala.Predef$
7346:             2             48  scala.collection.immutable.BitSet$BitSet1
7347:             2             48  scala.collection.mutable.WeakHashMap
7348:             2             48  sun.awt.MostRecentKeyValue (java.desktop@11.0.7)
7349:             2             48  sun.font.CStrike$GlyphAdvanceCache$SparseBitShiftingTwoLayerArray (java.desktop@11.0.7)
7350:             1             48  sun.font.CompositeStrike (java.desktop@11.0.7)
7351:             2             48  sun.font.FileFont$CreatedFontFileDisposerRecord (java.desktop@11.0.7)
7352:             2             48  sun.font.FontLineMetrics (java.desktop@11.0.7)
7353:             1             48  sun.font.ScriptRun (java.desktop@11.0.7)
7354:             2             48  sun.instrument.TransformerManager (java.instrument@11.0.7)
7355:             1             48  sun.java2d.SurfaceData$PixelToPgramLoopConverter (java.desktop@11.0.7)
7356:             2             48  sun.java2d.cmm.lcms.LCMSProfile$TagCache (java.desktop@11.0.7)
7357:             1             48  sun.java2d.loops.DrawGlyphListColor (java.desktop@11.0.7)
7358:             1             48  sun.java2d.loops.OpaqueCopyAnyToArgb (java.desktop@11.0.7)
7359:             1             48  sun.java2d.loops.OpaqueCopyArgbToAny (java.desktop@11.0.7)
7360:             1             48  sun.java2d.loops.SetDrawLineANY (java.desktop@11.0.7)
7361:             1             48  sun.java2d.loops.SetDrawPathANY (java.desktop@11.0.7)
7362:             1             48  sun.java2d.loops.SetDrawPolygonsANY (java.desktop@11.0.7)
7363:             1             48  sun.java2d.loops.SetDrawRectANY (java.desktop@11.0.7)
7364:             1             48  sun.java2d.loops.SetFillPathANY (java.desktop@11.0.7)
7365:             1             48  sun.java2d.loops.SetFillRectANY (java.desktop@11.0.7)
7366:             1             48  sun.java2d.loops.SetFillSpansANY (java.desktop@11.0.7)
7367:             1             48  sun.java2d.loops.TransformBlit (java.desktop@11.0.7)
7368:             3             48  sun.java2d.marlin.OffHeapArray$$Lambda$1099/0x0000000800cd5840 (java.desktop@11.0.7)
7369:             3             48  sun.java2d.opengl.CGLLayer$$Lambda$279/0x00000008003bf040 (java.desktop@11.0.7)
7370:             1             48  sun.java2d.opengl.OGLRTTSurfaceToSurfaceBlit (java.desktop@11.0.7)
7371:             1             48  sun.java2d.opengl.OGLRTTSurfaceToSurfaceScale (java.desktop@11.0.7)
7372:             1             48  sun.java2d.opengl.OGLRTTSurfaceToSurfaceTransform (java.desktop@11.0.7)
7373:             1             48  sun.java2d.opengl.OGLSurfaceToSurfaceBlit (java.desktop@11.0.7)
7374:             1             48  sun.java2d.opengl.OGLSurfaceToSurfaceScale (java.desktop@11.0.7)
7375:             1             48  sun.java2d.opengl.OGLSurfaceToSurfaceTransform (java.desktop@11.0.7)
7376:             1             48  sun.java2d.opengl.OGLTextureToSurfaceBlit (java.desktop@11.0.7)
7377:             1             48  sun.java2d.opengl.OGLTextureToSurfaceScale (java.desktop@11.0.7)
7378:             1             48  sun.java2d.opengl.OGLTextureToSurfaceTransform (java.desktop@11.0.7)
7379:             1             48  sun.java2d.pipe.RenderBuffer (java.desktop@11.0.7)
7380:             3             48  sun.java2d.pipe.SpanClipRenderer (java.desktop@11.0.7)
7381:             1             48  sun.lwawt.macosx.CClipboard (java.desktop@11.0.7)
7382:             1             48  sun.net.www.http.KeepAliveCache (java.base@11.0.7)
7383:             3             48  sun.nio.ch.IOVecWrapper$Deallocator (java.base@11.0.7)
7384:             2             48  sun.nio.ch.Util$BufferCache (java.base@11.0.7)
7385:             1             48  sun.rmi.runtime.Log$InternalStreamHandler (java.rmi@11.0.7)
7386:             2             48  sun.security.jca.ProviderList (java.base@11.0.7)
7387:             2             48  sun.security.jca.ProviderList$3 (java.base@11.0.7)
7388:             1             48  sun.security.pkcs12.PKCS12KeyStore (java.base@11.0.7)
7389:             2             48  sun.security.rsa.RSAUtil$KeyType (java.base@11.0.7)
7390:             3             48  sun.security.ssl.EphemeralKeyManager (java.base@11.0.7)
7391:             2             48  sun.security.ssl.SSLAlgorithmConstraints (java.base@11.0.7)
7392:             3             48  sun.security.ssl.SSLCipher$StreamReadCipherGenerator (java.base@11.0.7)
7393:             3             48  sun.security.ssl.SSLCipher$StreamWriteCipherGenerator (java.base@11.0.7)
7394:             1             48  sun.security.ssl.SSLContextImpl$DefaultSSLContext (java.base@11.0.7)
7395:             3             48  sun.security.util.AlgorithmDecomposer (java.base@11.0.7)
7396:             2             48  sun.security.util.DisabledAlgorithmConstraints$UsageConstraint (java.base@11.0.7)
7397:             2             48  sun.security.util.DisabledAlgorithmConstraints$jdkCAConstraint (java.base@11.0.7)
7398:             3             48  sun.security.x509.RFC822Name (java.base@11.0.7)
7399:             3             48  sun.swing.SwingUtilities2$KeyArray (java.desktop@11.0.7)
7400:             1             48  sun.text.normalizer.CharTrie (java.base@11.0.7)
7401:             2             48  sun.text.normalizer.Norm2AllModes (java.base@11.0.7)
7402:             2             48  sun.text.normalizer.Norm2AllModes$ComposeNormalizer2 (java.base@11.0.7)
7403:             2             48  sun.text.normalizer.Norm2AllModes$Norm2AllModesSingleton (java.base@11.0.7)
7404:             1             48  sun.text.normalizer.UCharacterProperty (java.base@11.0.7)
7405:             3             48  sun.text.normalizer.VersionInfo (java.base@11.0.7)
7406:             2             48  sun.util.locale.LocaleExtensions (java.base@11.0.7)
7407:             2             48  sun.util.locale.provider.CurrencyNameProviderImpl (java.base@11.0.7)
7408:             2             48  sun.util.locale.provider.DateFormatProviderImpl (java.base@11.0.7)
7409:             2             48  sun.util.locale.provider.DateFormatSymbolsProviderImpl (java.base@11.0.7)
7410:             2             48  sun.util.locale.provider.DecimalFormatSymbolsProviderImpl (java.base@11.0.7)
7411:             2             48  sun.util.locale.provider.LocaleNameProviderImpl (java.base@11.0.7)
7412:             2             48  sun.util.locale.provider.NumberFormatProviderImpl (java.base@11.0.7)
7413:             3             48  sun.util.resources.LocaleData (java.base@11.0.7)
7414:             2             48  tech.units.indriya.function.AddConverter
7415:             1             40  [Lcom.android.tools.idea.run.TargetSelectionMode;
7416:             1             40  [Lcom.android.tools.lint.detector.api.Severity;
7417:             1             40  [Lcom.fasterxml.jackson.annotation.JsonAutoDetect$Visibility;
7418:             1             40  [Lcom.fasterxml.jackson.annotation.Nulls;
7419:             1             40  [Lcom.fasterxml.jackson.core.JsonParser$NumberType;
7420:             1             40  [Lcom.google.gson.FieldNamingPolicy;
7421:             1             40  [Lcom.google.gson.FieldNamingPolicy;
7422:             1             40  [Lcom.intellij.codeInsight.daemon.impl.analysis.DefaultHighlightingSettingProvider;
7423:             1             40  [Lcom.intellij.coverage.CoverageEngine;
7424:             1             40  [Lcom.intellij.coverage.JavaCoverageEngineExtension;
7425:             1             40  [Lcom.intellij.database.data.types.domain.LikeOpType;
7426:             1             40  [Lcom.intellij.database.debugger.SqlDebugSessionRunner$SqlDebugAvailability;
7427:             1             40  [Lcom.intellij.database.run.ReservedCellValue;
7428:             1             40  [Lcom.intellij.database.run.actions.TransactionAction$TxIsolation;
7429:             1             40  [Lcom.intellij.database.util.Case;
7430:             1             40  [Lcom.intellij.database.util.DbImplUtil$StringLiteralDecorator;
7431:             1             40  [Lcom.intellij.debugger.streams.lib.LibrarySupportProvider;
7432:             1             40  [Lcom.intellij.diagnostic.VMOptions$MemoryKind;
7433:             1             40  [Lcom.intellij.dvcs.repo.Repository$State;
7434:             1             40  [Lcom.intellij.execution.Executor;
7435:             1             40  [Lcom.intellij.execution.junit.RuntimeConfigurationProducer;
7436:             1             40  [Lcom.intellij.execution.services.ServiceViewContributor;
7437:             1             40  [Lcom.intellij.find.FindModel$SearchContext;
7438:             1             40  [Lcom.intellij.grazie.grammar.strategy.GrammarCheckingStrategy$TextDomain;
7439:             1             40  [Lcom.intellij.ide.actions.ToolWindowViewModeAction$ViewMode;
7440:             1             40  [Lcom.intellij.ide.fileTemplates.CreateFromTemplateHandler;
7441:             1             40  [Lcom.intellij.ide.fileTemplates.impl.FTManager;
7442:             1             40  [Lcom.intellij.ide.plugins.IdeaPluginDescriptorImpl$OS;
7443:             1             40  [Lcom.intellij.ide.util.projectWizard.ModuleBuilder;
7444:             1             40  [Lcom.intellij.internal.ml.completion.RankingModelProvider;
7445:             1             40  [Lcom.intellij.internal.statistic.collectors.fus.fileTypes.FileTypeUsageCounterCollector$FileTypeUsageSchemaDescriptorEP;
7446:             1             40  [Lcom.intellij.lang.annotation.HighlightSeverity;
7447:             1             40  [Lcom.intellij.lang.javascript.dialects.JSLanguageLevel;
7448:             1             40  [Lcom.intellij.lang.javascript.formatter.JSCodeStyleSettings$JSFileNameStyle;
7449:             1             40  [Lcom.intellij.lang.javascript.uml.FlashUmlDependenciesSettingsOption;
7450:             1             40  [Lcom.intellij.navigation.ChooseByNameContributor;
7451:             1             40  [Lcom.intellij.openapi.actionSystem.DataKey;
7452:             1             40  [Lcom.intellij.openapi.application.ImportOldConfigsUsagesCollector$ImportOldConfigType;
7453:             1             40  [Lcom.intellij.openapi.components.ServiceDescriptor$PreloadMode;
7454:             1             40  [Lcom.intellij.openapi.editor.EditorKind;
7455:             1             40  [Lcom.intellij.openapi.editor.ScrollType;
7456:             1             40  [Lcom.intellij.openapi.editor.impl.DisplayedFoldingAnchor$Type;
7457:             1             40  [Lcom.intellij.openapi.keymap.impl.KeyState;
7458:             2             40  [Lcom.intellij.openapi.module.Module;
7459:             1             40  [Lcom.intellij.openapi.roots.GeneratedSourcesFilter;
7460:             2             40  [Lcom.intellij.openapi.roots.OrderEntry;
7461:             1             40  [Lcom.intellij.openapi.roots.OrderEnumerationHandler$Factory;
7462:             1             40  [Lcom.intellij.openapi.roots.PersistentOrderRootType;
7463:             1             40  [Lcom.intellij.openapi.roots.impl.DirectoryIndexExcludePolicy;
7464:             1             40  [Lcom.intellij.openapi.util.Pair;
7465:             1             40  [Lcom.intellij.openapi.vcs.VcsConfiguration$StandardOption;
7466:             1             40  [Lcom.intellij.openapi.vcs.changes.IgnoredFileProvider;
7467:             1             40  [Lcom.intellij.openapi.vcs.changes.InvokeAfterUpdateMode;
7468:             1             40  [Lcom.intellij.openapi.vfs.encoding.EncodingUtil$FailReason;
7469:             1             40  [Lcom.intellij.openapi.wm.ext.LibraryDependentToolWindow;
7470:             1             40  [Lcom.intellij.openapi.wm.impl.IdeMenuBar$State;
7471:             1             40  [Lcom.intellij.psi.LanguageInjector;
7472:             2             40  [Lcom.intellij.psi.PsiElement;
7473:             1             40  [Lcom.intellij.psi.codeStyle.LanguageCodeStyleSettingsProvider$SettingsType;
7474:             2             40  [Lcom.intellij.psi.codeStyle.modifier.CodeStyleSettingsModifier;
7475:             1             40  [Lcom.intellij.psi.compiled.ClassFileDecompilers$Decompiler;
7476:             1             40  [Lcom.intellij.psi.search.SearchScopeProvider;
7477:             1             40  [Lcom.intellij.psi.search.scope.packageSet.CustomScopesProvider;
7478:             1             40  [Lcom.intellij.psi.xml.XmlFileNSInfoProvider;
7479:             1             40  [Lcom.intellij.refactoring.copy.CopyHandlerDelegate;
7480:             1             40  [Lcom.intellij.remoteServer.configuration.deployment.DeploymentSourceType;
7481:             1             40  [Lcom.intellij.spring.factories.SpringFactoryBeanEP;
7482:             1             40  [Lcom.intellij.ui.JBColor;
7483:             1             40  [Lcom.intellij.ui.layout.CCFlags;
7484:             1             40  [Lcom.intellij.ui.layout.LCFlags;
7485:             1             40  [Lcom.intellij.ui.mac.touchbar.BarType;
7486:             1             40  [Lcom.intellij.ui.paint.EffectPainter2D;
7487:             1             40  [Lcom.intellij.ui.paint.EffectPainter;
7488:             1             40  [Lcom.intellij.ui.popup.AbstractPopup$State;
7489:             1             40  [Lcom.intellij.ui.tree.AbstractTreeWalker$State;
7490:             1             40  [Lcom.intellij.util.ui.UIUtilities$LSBCacheEntry;
7491:             1             40  [Lcom.intellij.vcs.log.graph.api.EdgeFilter;
7492:             1             40  [Lcom.intellij.vcs.log.graph.api.elements.GraphEdgeType;
7493:             1             40  [Lcom.intellij.xdebugger.settings.XDebuggerSettings;
7494:             1             40  [Lcom.jetbrains.jsonSchema.extension.JsonSchemaEnabler;
7495:             1             40  [Lcom.jetbrains.nodejs.mocha.execution.MochaTestKind;
7496:             1             40  [Lcom.sun.javafx.geom.transform.BaseTransform$Degree; (javafx.graphics@11.0.7)
7497:             1             40  [Lcom.sun.javafx.sg.prism.NodePath; (javafx.graphics@11.0.7)
7498:             1             40  [Lcom.sun.prism.CompositeMode; (javafx.graphics@11.0.7)
7499:             1             40  [Lcom.sun.prism.impl.BaseResourcePool$Predicate; (javafx.graphics@11.0.7)
7500:             1             40  [Lcom.sun.prism.impl.ps.BaseShaderContext$SpecialShaderType; (javafx.graphics@11.0.7)
7501:             1             40  [Lcom.sun.scenario.animation.AnimationPulse$PulseData$Accessor; (javafx.graphics@11.0.7)
7502:             1             40  [Lgit4idea.config.GitVersion$Type;
7503:             1             40  [Lio.netty.handler.codec.http.HttpStatusClass;
7504:             1             40  [Ljava.lang.Double; (java.base@11.0.7)
7505:             1             40  [Ljava.lang.Thread$State; (java.base@11.0.7)
7506:             1             40  [Ljava.lang.invoke.StringConcatFactory$Strategy; (java.base@11.0.7)
7507:             1             40  [Ljava.lang.invoke.VarHandle$AccessType; (java.base@11.0.7)
7508:             1             40  [Ljava.nio.charset.Charset; (java.base@11.0.7)
7509:             1             40  [Ljava.time.format.SignStyle; (java.base@11.0.7)
7510:             1             40  [Ljava.time.format.TextStyle; (java.base@11.0.7)
7511:             1             40  [Ljava.util.stream.StreamOpFlag; (java.base@11.0.7)
7512:             1             40  [Ljavafx.concurrent.Worker$State; (javafx.graphics@11.0.7)
7513:             1             40  [Ljavafx.scene.CacheHint; (javafx.graphics@11.0.7)
7514:             1             40  [Ljavafx.scene.Scene$DirtyBits; (javafx.graphics@11.0.7)
7515:             1             40  [Ljavafx.scene.image.PixelFormat$Type; (javafx.graphics@11.0.7)
7516:             1             40  [Ljavax.net.ssl.SSLEngineResult$HandshakeStatus; (java.base@11.0.7)
7517:             1             40  [Ljavax.swing.plaf.FontUIResource; (java.desktop@11.0.7)
7518:             1             40  [Lkotlin.reflect.jvm.internal.impl.descriptors.ClassKind;
7519:             1             40  [Lkotlin.reflect.jvm.internal.impl.load.kotlin.header.KotlinClassHeader$Kind;
7520:             1             40  [Lnet.sourceforge.pmd.RulePriority;
7521:             1             40  [Lorg.apache.xerces.impl.xs.XSAttributeUseImpl;
7522:             1             40  [Lorg.cef.CefApp$CefAppState;
7523:             1             40  [Lorg.imgscalr.Scalr$Method;
7524:             1             40  [Lorg.ini4j.spi.UnicodeInputStreamReader$Bom;
7525:             1             40  [Lorg.intellij.lang.xpath.xslt.impl.XsltChecker$State;
7526:             1             40  [Lorg.jetbrains.idea.devkit.inspections.RegistrationCheckerUtil$RegistrationType;
7527:             1             40  [Lorg.jetbrains.idea.maven.execution.MavenExecutionOptions$LoggingLevel;
7528:             1             40  [Lorg.jetbrains.idea.svn.api.Depth;
7529:             1             40  [Lorg.jetbrains.kotlin.config.LanguageVersion;
7530:             1             40  [Lorg.jetbrains.kotlin.idea.inspections.PropertyNameInspectionBase$PropertyKind;
7531:             1             40  [Lorg.jetbrains.kotlin.idea.inspections.migration.CoroutineMigrationProblem;
7532:             1             40  [Lorg.jetbrains.kotlin.idea.util.KotlinBinaryExtension;
7533:             1             40  [Lorg.jetbrains.kotlin.psi.ArgumentType;
7534:             1             40  [Lorg.jetbrains.kotlin.tools.projectWizard.phases.GenerationPhase;
7535:             1             40  [Lorg.jetbrains.plugins.groovy.mvc.MvcModuleStructureSynchronizer$SyncAction;
7536:             1             40  [Lorg.jetbrains.plugins.scala.project.DebuggingInfoLevel;
7537:             1             40  [Lorg.owasp.html.HtmlElementTables$TextContentModelBit;
7538:             1             40  [Lorg.owasp.html.HtmlTextEscapingMode;
7539:             1             40  [Lsun.awt.OSInfo$OSType; (java.desktop@11.0.7)
7540:             1             40  [Lsun.font.FontDesignMetrics; (java.desktop@11.0.7)
7541:             2             40  [Lsun.instrument.TransformerManager$TransformerInfo; (java.instrument@11.0.7)
7542:             1             40  [Lsun.java2d.loops.RenderLoops; (java.desktop@11.0.7)
7543:             1             40  [Lsun.java2d.loops.SurfaceType; (java.desktop@11.0.7)
7544:             1             40  [Lsun.lwawt.LWWindowPeer$PeerType; (java.desktop@11.0.7)
7545:             1             40  [Lsun.security.ssl.CipherSuite$MacAlg; (java.base@11.0.7)
7546:             1             40  [Lsun.security.ssl.ContentType; (java.base@11.0.7)
7547:             1             40  [Lsun.security.ssl.SSLKeyExchange$T12KeyAgreement; (java.base@11.0.7)
7548:             1             40  [Lsun.security.ssl.X509Authentication; (java.base@11.0.7)
7549:             1             40  [Lsun.security.util.DisabledAlgorithmConstraints$Constraint$Operator; (java.base@11.0.7)
7550:             1             40  [Lsun.swing.SwingUtilities2$LSBCacheEntry; (java.desktop@11.0.7)
7551:             1             40  [Lsun.util.locale.provider.LocaleProviderAdapter$Type; (java.base@11.0.7)
7552:             1             40  [[Ljava.lang.invoke.LambdaForm$Name; (java.base@11.0.7)
7553:             1             40  [[[Lsun.awt.FontDescriptor; (java.desktop@11.0.7)
7554:             1             40  [[[S (java.base@11.0.7)
7555:             1             40  com.alibaba.p3c.idea.action.SwitchLanguageAction
7556:             1             40  com.alibaba.p3c.idea.config.P3cConfig
7557:             1             40  com.android.tools.adtui.workbench.DetachedToolWindowManager
7558:             1             40  com.android.tools.analytics.AnalyticsSettingsData
7559:             1             40  com.android.tools.idea.actions.annotations.InferSupportAnnotationsAction
7560:             1             40  com.android.tools.idea.databinding.cache.LayoutBindingShortNamesCache
7561:             1             40  com.android.tools.idea.gradle.project.ProjectStructure
7562:             1             40  com.android.tools.idea.npw.ideahost.AndroidModuleBuilder
7563:             1             40  com.apple.eawt._AppEventHandler$_OpenAppDispatcher (java.desktop@11.0.7)
7564:             1             40  com.apple.eawt._AppEventHandler$_OpenFileDispatcher (java.desktop@11.0.7)
7565:             1             40  com.apple.eawt._AppEventHandler$_OpenURIDispatcher (java.desktop@11.0.7)
7566:             1             40  com.apple.eawt._AppEventHandler$_PrintFileDispatcher (java.desktop@11.0.7)
7567:             1             40  com.apple.laf.AquaMenuBarUI (java.desktop@11.0.7)
7568:             1             40  com.apple.laf.AquaPainter$1 (java.desktop@11.0.7)
7569:             1             40  com.fasterxml.jackson.annotation.JsonFormat$Value
7570:             1             40  com.fasterxml.jackson.core.sym.ByteQuadsCanonicalizer$TableInfo
7571:             1             40  com.fasterxml.jackson.core.sym.ByteQuadsCanonicalizer$TableInfo
7572:             1             40  com.fasterxml.jackson.core.util.DefaultPrettyPrinter
7573:             1             40  com.fasterxml.jackson.databind.cfg.ConfigOverrides
7574:             1             40  com.google.common.collect.RegularImmutableMap
7575:             1             40  com.google.gson.internal.Excluder
7576:             1             40  com.google.gson.internal.Excluder
7577:             1             40  com.google.wireless.android.sdk.stats.StudioToolWindowActionStats
7578:             1             40  com.intellij.build.SyncViewManager
7579:             1             40  com.intellij.cdi.diagram.CdiDiagramProvider
7580:             1             40  com.intellij.codeInsight.completion.CompletionData$1
7581:             1             40  com.intellij.codeInsight.daemon.impl.DefaultHighlightVisitor
7582:             1             40  com.intellij.codeInsight.daemon.impl.EditorTracker
7583:             1             40  com.intellij.codeInsight.daemon.impl.JavaLineMarkerProvider
7584:             1             40  com.intellij.codeInsight.daemon.impl.actions.GotoNextElementUnderCaretUsageAction
7585:             1             40  com.intellij.codeInsight.daemon.impl.actions.GotoPrevElementUnderCaretUsageAction
7586:             1             40  com.intellij.codeInsight.daemon.impl.actions.ShowErrorDescriptionAction
7587:             1             40  com.intellij.codeInsight.documentation.render.ToggleRenderedDocPresentationAction
7588:             1             40  com.intellij.codeInsight.editorActions.BraceOrQuoteOutAction
7589:             1             40  com.intellij.codeInsight.editorActions.CodeBlockEndAction
7590:             1             40  com.intellij.codeInsight.editorActions.CodeBlockEndWithSelectionAction
7591:             1             40  com.intellij.codeInsight.editorActions.CodeBlockStartAction
7592:             1             40  com.intellij.codeInsight.editorActions.CodeBlockStartWithSelectionAction
7593:             1             40  com.intellij.codeInsight.editorActions.FixDocCommentAction
7594:             1             40  com.intellij.codeInsight.editorActions.JavaMethodOverloadSwitchDownAction
7595:             1             40  com.intellij.codeInsight.editorActions.JavaMethodOverloadSwitchUpAction
7596:             1             40  com.intellij.codeInsight.editorActions.MatchBraceAction
7597:             1             40  com.intellij.codeInsight.editorActions.moveLeftRight.MoveElementLeftAction
7598:             1             40  com.intellij.codeInsight.editorActions.moveLeftRight.MoveElementRightAction
7599:             1             40  com.intellij.codeInsight.editorActions.moveUpDown.MoveLineDownAction
7600:             1             40  com.intellij.codeInsight.editorActions.moveUpDown.MoveLineUpAction
7601:             1             40  com.intellij.codeInsight.editorActions.moveUpDown.MoveStatementDownAction
7602:             1             40  com.intellij.codeInsight.editorActions.moveUpDown.MoveStatementUpAction
7603:             1             40  com.intellij.codeInsight.editorActions.smartEnter.SmartEnterAction
7604:             1             40  com.intellij.codeInsight.folding.impl.actions.CollapseAllRegionsAction
7605:             1             40  com.intellij.codeInsight.folding.impl.actions.CollapseRegionAction
7606:             1             40  com.intellij.codeInsight.folding.impl.actions.CollapseRegionRecursivelyAction
7607:             1             40  com.intellij.codeInsight.folding.impl.actions.ExpandAllRegionsAction
7608:             1             40  com.intellij.codeInsight.folding.impl.actions.ExpandAllToLevel1Action
7609:             1             40  com.intellij.codeInsight.folding.impl.actions.ExpandAllToLevel2Action
7610:             1             40  com.intellij.codeInsight.folding.impl.actions.ExpandAllToLevel3Action
7611:             1             40  com.intellij.codeInsight.folding.impl.actions.ExpandAllToLevel4Action
7612:             1             40  com.intellij.codeInsight.folding.impl.actions.ExpandAllToLevel5Action
7613:             1             40  com.intellij.codeInsight.folding.impl.actions.ExpandRegionAction
7614:             1             40  com.intellij.codeInsight.folding.impl.actions.ExpandRegionRecursivelyAction
7615:             1             40  com.intellij.codeInsight.folding.impl.actions.ExpandToLevel1Action
7616:             1             40  com.intellij.codeInsight.folding.impl.actions.ExpandToLevel2Action
7617:             1             40  com.intellij.codeInsight.folding.impl.actions.ExpandToLevel3Action
7618:             1             40  com.intellij.codeInsight.folding.impl.actions.ExpandToLevel4Action
7619:             1             40  com.intellij.codeInsight.folding.impl.actions.ExpandToLevel5Action
7620:             1             40  com.intellij.codeInsight.generation.actions.ImplementMethodsAction
7621:             1             40  com.intellij.codeInsight.generation.actions.OverrideMethodsAction
7622:             1             40  com.intellij.codeInsight.highlighting.FileTypeBraceMather
7623:             1             40  com.intellij.codeInsight.hint.actions.NextParameterAction
7624:             1             40  com.intellij.codeInsight.hint.actions.PrevParameterAction
7625:             1             40  com.intellij.codeInsight.hint.actions.ShowExpressionTypeAction
7626:             1             40  com.intellij.codeInsight.hint.actions.ShowImplementationsAction
7627:             1             40  com.intellij.codeInsight.hint.actions.ShowParameterInfoAction
7628:             1             40  com.intellij.codeInsight.hint.actions.ShowSiblingsAction
7629:             1             40  com.intellij.codeInsight.hint.actions.ShowTypeDefinitionAction
7630:             1             40  com.intellij.codeInsight.lookup.impl.LookupActionHandler$DownAction
7631:             1             40  com.intellij.codeInsight.lookup.impl.LookupActionHandler$UpAction
7632:             1             40  com.intellij.codeInsight.lookup.impl.actions.ChooseItemAction$ChooseWithDot
7633:             1             40  com.intellij.codeInsight.lookup.impl.actions.ChooseItemAction$CompletingStatement
7634:             1             40  com.intellij.codeInsight.lookup.impl.actions.ChooseItemAction$FocusedOnly
7635:             1             40  com.intellij.codeInsight.lookup.impl.actions.ChooseItemAction$Replacing
7636:             1             40  com.intellij.codeInsight.navigation.actions.GotoSuperAction
7637:             1             40  com.intellij.codeInsight.template.emmet.actions.GoToEditPointAction$Backward
7638:             1             40  com.intellij.codeInsight.template.emmet.actions.GoToEditPointAction$Forward
7639:             1             40  com.intellij.codeInsight.template.impl.actions.NextVariableAction
7640:             1             40  com.intellij.codeInsight.template.impl.actions.PreviousVariableAction
7641:             1             40  com.intellij.codeInsight.template.impl.editorActions.ExpandLiveTemplateByTabAction
7642:             1             40  com.intellij.codeInsight.template.impl.editorActions.ExpandLiveTemplateCustomAction
7643:             1             40  com.intellij.codeInspection.actions.RunInspectionAction
7644:             1             40  com.intellij.codeInspection.inferNullity.InferNullityAnnotationsAction
7645:             1             40  com.intellij.codeInspection.suspiciousNameCombination.SuspiciousNameCombinationInspection
7646:             1             40  com.intellij.coldFusion.UI.runner.CfmlRunConfigurationType
7647:             1             40  com.intellij.configurationScript.inspection.ExternallyConfigurableProjectInspectionProfileManager
7648:             1             40  com.intellij.configurationStore.ApplicationStoreImpl
7649:             1             40  com.intellij.copyright.CopyrightManager
7650:             1             40  com.intellij.cyclicDependencies.actions.CyclicDependenciesAction
7651:             1             40  com.intellij.database.console.runConfiguration.DatabaseScriptRunConfiguration
7652:             1             40  com.intellij.database.console.runConfiguration.DatabaseScriptRunConfigurationType
7653:             1             40  com.intellij.database.diagram.DbDiagramProvider
7654:             1             40  com.intellij.database.dialects.mssql.testing.tsqlt.TSqltRunConfiguration
7655:             1             40  com.intellij.database.dialects.oracle.testing.utplsql.UtPlSqlRunConfiguration
7656:             1             40  com.intellij.database.psi.DbPsiFacadeImpl
7657:             1             40  com.intellij.database.run.actions.TransactionAction$TxSettings$1
7658:             1             40  com.intellij.database.run.actions.TransactionAction$TxSettings$2
7659:             1             40  com.intellij.database.vfs.DbStorageFileType$H2Storage
7660:             1             40  com.intellij.database.vfs.DbStorageFileType$SqliteStorage
7661:             1             40  com.intellij.debugger.impl.DebuggerManagerImpl
7662:             1             40  com.intellij.debugger.streams.action.TraceStreamAction
7663:             1             40  com.intellij.dmserver.editor.AvailableBundlesProvider$RepositoryIndex
7664:             1             40  com.intellij.dmserver.facet.DMWebFacetFrameworkSupportProvider
7665:             1             40  com.intellij.dsm.actions.DsmAnalysisAction
7666:             1             40  com.intellij.dupLocator.DuplocateAction
7667:             1             40  com.intellij.execution.actions.RunConfigurationsComboBoxAction
7668:             1             40  com.intellij.execution.compound.CompoundRunConfigurationType
7669:             1             40  com.intellij.execution.configurations.UnknownConfigurationType
7670:             1             40  com.intellij.execution.impl.ExecutionManagerImpl
7671:             1             40  com.intellij.execution.jar.JarApplicationConfiguration$JarApplicationConfigurationBean
7672:             1             40  com.intellij.execution.jar.JarApplicationConfigurationType
7673:             1             40  com.intellij.execution.remote.RemoteConfigurationType
7674:             1             40  com.intellij.execution.scratch.JavaScratchConfigurationType
7675:             1             40  com.intellij.execution.testframework.export.ExportTestResultsAction
7676:             1             40  com.intellij.featureStatistics.fusCollectors.EventsIdentityThrottle
7677:             1             40  com.intellij.featureStatistics.fusCollectors.EventsRateThrottle
7678:             1             40  com.intellij.framework.detection.impl.FrameworkDetectionManager
7679:             1             40  com.intellij.framework.detection.impl.FrameworkDetectorRegistryImpl
7680:             1             40  com.intellij.freemarker.psi.FtlLanguage$AngleDialect
7681:             1             40  com.intellij.freemarker.psi.FtlLanguage$InjectableFtlDialect
7682:             1             40  com.intellij.freemarker.psi.FtlLanguage$SquareDialect
7683:             1             40  com.intellij.gwt.actions.CreateGwtEventWithHandlerAction
7684:             1             40  com.intellij.history.integration.LocalHistoryImpl
7685:             1             40  com.intellij.ide.RecentProjectsManagerBase
7686:             1             40  com.intellij.ide.actions.MoveTabDownAction
7687:             1             40  com.intellij.ide.actions.MoveTabRightAction
7688:             1             40  com.intellij.ide.actions.QuickChangeCodeStyleSchemeAction
7689:             1             40  com.intellij.ide.actions.QuickChangeColorSchemeAction
7690:             1             40  com.intellij.ide.actions.QuickChangeInspectionProfileAction
7691:             1             40  com.intellij.ide.actions.QuickChangeKeymapAction
7692:             1             40  com.intellij.ide.actions.QuickChangeSchemesAction
7693:             1             40  com.intellij.ide.actions.QuickChangeViewModeAction
7694:             1             40  com.intellij.ide.actions.SearchAgainAction
7695:             1             40  com.intellij.ide.actions.SearchBackAction
7696:             1             40  com.intellij.ide.actions.SelectAllAction
7697:             1             40  com.intellij.ide.actions.SplitHorizontallyAction
7698:             1             40  com.intellij.ide.actions.SplitVerticallyAction
7699:             1             40  com.intellij.ide.actions.WindowAction$DecrementHeight
7700:             1             40  com.intellij.ide.actions.WindowAction$DecrementWidth
7701:             1             40  com.intellij.ide.actions.WindowAction$IncrementHeight
7702:             1             40  com.intellij.ide.actions.WindowAction$IncrementWidth
7703:             1             40  com.intellij.ide.bookmarks.BookmarkManager
7704:             1             40  com.intellij.ide.bookmarks.actions.NextBookmarkAction
7705:             1             40  com.intellij.ide.bookmarks.actions.PreviousBookmarkAction
7706:             1             40  com.intellij.ide.bookmarks.actions.ToggleBookmarkWithMnemonicAction
7707:             1             40  com.intellij.ide.browsers.BrowserFamily$1
7708:             1             40  com.intellij.ide.browsers.BrowserFamily$2
7709:             1             40  com.intellij.ide.browsers.WebBrowserManager
7710:             1             40  com.intellij.ide.cds.CDSPaths
7711:             1             40  com.intellij.ide.favoritesTreeView.FavoritesManager
7712:             1             40  com.intellij.ide.favoritesTreeView.actions.AddToFavoritesPopupAction
7713:             1             40  com.intellij.ide.fileTemplates.impl.FileTemplateManagerImpl
7714:             1             40  com.intellij.ide.hierarchy.CallHierarchyBrowserBase$BaseOnThisMethodAction
7715:             1             40  com.intellij.ide.hierarchy.MethodHierarchyBrowserBase$BaseOnThisMethodAction
7716:             1             40  com.intellij.ide.hierarchy.TypeHierarchyBrowserBase$BaseOnThisTypeAction
7717:             1             40  com.intellij.ide.highlighter.custom.AbstractCustomLexer
7718:             1             40  com.intellij.ide.macro.IdePathMacros
7719:             1             40  com.intellij.ide.navigationToolbar.JavaNavBarExtension
7720:             1             40  com.intellij.ide.navigationToolbar.NavBarModel
7721:             1             40  com.intellij.ide.navigationToolbar.NavBarRootPaneExtension
7722:             1             40  com.intellij.ide.projectWizard.ChooseTemplateStep
7723:             1             40  com.intellij.ide.projectWizard.ModuleNameLocationComponent
7724:             1             40  com.intellij.ide.startup.impl.StartupManagerImpl
7725:             1             40  com.intellij.ide.ui.customization.CustomActionsSchema
7726:             1             40  com.intellij.ide.util.newProjectWizard.FrameworkVersionComponent
7727:             1             40  com.intellij.ide.util.newProjectWizard.StepSequence
7728:             1             40  com.intellij.ide.util.projectWizard.EmptyModuleBuilder
7729:             1             40  com.intellij.ide.util.projectWizard.JavaSettingsStep$1
7730:             1             40  com.intellij.internal.statistic.eventLog.fus.FeatureUsageEventLoggerProvider
7731:             1             40  com.intellij.javadoc.actions.GenerateJavadocAction
7732:             1             40  com.intellij.javaee.application.facet.JavaeeApplicationFacetType
7733:             1             40  com.intellij.javaee.ejb.facet.EjbFacetType
7734:             1             40  com.intellij.javaee.model.xml.web.actions.GenerateFilterAction
7735:             1             40  com.intellij.javaee.model.xml.web.actions.GenerateServletAction
7736:             1             40  com.intellij.javaee.module.view.ejb.actions.CreateBMPEntityBeanAction
7737:             1             40  com.intellij.javaee.module.view.ejb.actions.CreateCMPEntityBeanAction
7738:             1             40  com.intellij.javaee.module.view.ejb.actions.CreateMessageBeanAction
7739:             1             40  com.intellij.javaee.module.view.ejb.actions.CreateSingletonBeanAction
7740:             1             40  com.intellij.javaee.module.view.ejb.actions.CreateStatefulBeanAction
7741:             1             40  com.intellij.javaee.module.view.ejb.actions.CreateStatelessBeanAction
7742:             1             40  com.intellij.javaee.web.facet.WebFacetType
7743:             1             40  com.intellij.javascript.debugger.execution.JavascriptDebugConfigurationType
7744:             1             40  com.intellij.javascript.debugger.settings.JavaScriptDebuggerSettings
7745:             1             40  com.intellij.javascript.jest.JestConfigurationType
7746:             1             40  com.intellij.javascript.jest.JestRunConfiguration
7747:             1             40  com.intellij.javascript.nodejs.library.yarn.YarnPnpManager
7748:             1             40  com.intellij.javascript.nodejs.packageJson.notification.PackageJsonUpdateNotifier
7749:             1             40  com.intellij.javascript.protractor.ProtractorConfigurationType
7750:             1             40  com.intellij.javascript.protractor.ProtractorRunConfiguration
7751:             1             40  com.intellij.jboss.jbpm.diagram.BpmnDiagramProvider
7752:             1             40  com.intellij.jpa.providers.EclipseLinkProvider
7753:             1             40  com.intellij.jpa.providers.HibernateProvider
7754:             1             40  com.intellij.jpa.providers.OpenJPAProvider
7755:             1             40  com.intellij.jpa.providers.ToplinkProvider
7756:             1             40  com.intellij.jsp.taglibs.actions.GenerateJspFunctionAction
7757:             1             40  com.intellij.jsp.taglibs.actions.GenerateJspTagAction
7758:             1             40  com.intellij.lang.ant.config.execution.AntRunConfigurationType
7759:             1             40  com.intellij.lang.aspectj.psi.presentation.AjNavBarExtension
7760:             1             40  com.intellij.lang.dtd.DTDLanguage
7761:             1             40  com.intellij.lang.html.HTMLLanguage
7762:             1             40  com.intellij.lang.java.lexer.JavaLexer
7763:             1             40  com.intellij.lang.javascript.buildTools.grunt.GruntfileManager
7764:             1             40  com.intellij.lang.javascript.buildTools.grunt.rc.GruntConfigurationType
7765:             1             40  com.intellij.lang.javascript.buildTools.gulp.GulpfileManager
7766:             1             40  com.intellij.lang.javascript.buildTools.gulp.rc.GulpConfigurationType
7767:             1             40  com.intellij.lang.javascript.buildTools.gulp.rc.GulpRunConfiguration
7768:             1             40  com.intellij.lang.javascript.buildTools.npm.rc.NpmConfigurationType
7769:             1             40  com.intellij.lang.javascript.buildTools.npm.rc.NpmRunConfiguration
7770:             1             40  com.intellij.lang.javascript.buildTools.webpack.WebPackConfigManager
7771:             1             40  com.intellij.lang.javascript.buildTools.webpack.WebPackResolve
7772:             1             40  com.intellij.lang.javascript.dialects.ECMA6LanguageDialect
7773:             1             40  com.intellij.lang.javascript.dialects.ECMAL4LanguageDialect
7774:             1             40  com.intellij.lang.javascript.dialects.FlowJSLanguageDialect
7775:             1             40  com.intellij.lang.javascript.dialects.GwtLanguageDialect
7776:             1             40  com.intellij.lang.javascript.dialects.JS15LanguageDialect
7777:             1             40  com.intellij.lang.javascript.dialects.JS18LanguageDialect
7778:             1             40  com.intellij.lang.javascript.dialects.JSXHarmonyLanguageDialect
7779:             1             40  com.intellij.lang.javascript.dialects.TypeScriptJSXLanguageDialect
7780:             1             40  com.intellij.lang.javascript.dialects.TypeScriptLanguageDialect
7781:             1             40  com.intellij.lang.javascript.flex.MxmlLanguage
7782:             1             40  com.intellij.lang.javascript.flex.flexunit.FlexUnitRunConfiguration
7783:             1             40  com.intellij.lang.javascript.flex.flexunit.FlexUnitRunConfigurationType
7784:             1             40  com.intellij.lang.javascript.flex.run.FlashRunConfiguration
7785:             1             40  com.intellij.lang.javascript.flex.run.FlashRunConfigurationType
7786:             1             40  com.intellij.lang.javascript.inspections.JSEqualityComparisonWithCoercionInspection
7787:             1             40  com.intellij.lang.javascript.inspections.JSEqualityComparisonWithCoercionInspection$TSInspection
7788:             1             40  com.intellij.lang.javascript.inspections.JSMismatchedCollectionQueryUpdateInspection
7789:             1             40  com.intellij.lang.javascript.inspections.JSSuspiciousNameCombinationInspection
7790:             1             40  com.intellij.lang.javascript.nashorn.NashornJSLanguageDialect
7791:             1             40  com.intellij.lang.javascript.refactoring.introduceVariable.JSIntroduceDestructuringVariablesAction
7792:             1             40  com.intellij.lang.javascript.refactoring.react.ReactClassToFunctionalComponentAction
7793:             1             40  com.intellij.lang.javascript.refactoring.react.ReactFunctionalToClassComponentAction
7794:             1             40  com.intellij.lang.javascript.refactoring.react.extractComponent.ReactExtractComponentAction
7795:             1             40  com.intellij.lang.javascript.uml.FlashUmlProvider
7796:             1             40  com.intellij.lang.jsp.NewJspLanguage
7797:             1             40  com.intellij.lang.jspx.JSPXLanguage
7798:             1             40  com.intellij.lang.jvm.JvmMetaLanguage
7799:             1             40  com.intellij.lang.typescript.refactoring.TypeScriptExtractTypeAliasAction
7800:             1             40  com.intellij.lang.xhtml.XHTMLLanguage
7801:             1             40  com.intellij.lang.xml.XMLLanguage
7802:             1             40  com.intellij.lexer.MergingLexerAdapter
7803:             1             40  com.intellij.navigation.ItemPresentationProviders
7804:             1             40  com.intellij.openapi.actionSystem.ex.InvokeQuickListAction
7805:             1             40  com.intellij.openapi.application.ApplicationNamesInfo
7806:             1             40  com.intellij.openapi.application.impl.ReadMostlyRWLock
7807:             1             40  com.intellij.openapi.editor.LineExtensionInfo
7808:             1             40  com.intellij.openapi.editor.actions.BackspaceAction
7809:             1             40  com.intellij.openapi.editor.actions.BackwardParagraphAction
7810:             1             40  com.intellij.openapi.editor.actions.BackwardParagraphWithSelectionAction
7811:             1             40  com.intellij.openapi.editor.actions.CloneCaretAbove
7812:             1             40  com.intellij.openapi.editor.actions.CloneCaretBelow
7813:             1             40  com.intellij.openapi.editor.actions.ConvertIndentsToSpacesAction
7814:             1             40  com.intellij.openapi.editor.actions.ConvertIndentsToTabsAction
7815:             1             40  com.intellij.openapi.editor.actions.CopyAction
7816:             1             40  com.intellij.openapi.editor.actions.CutAction
7817:             1             40  com.intellij.openapi.editor.actions.CutLineBackwardAction
7818:             1             40  com.intellij.openapi.editor.actions.CutLineEndAction
7819:             1             40  com.intellij.openapi.editor.actions.DeleteAction
7820:             1             40  com.intellij.openapi.editor.actions.DeleteLineAction
7821:             1             40  com.intellij.openapi.editor.actions.DeleteToLineEndAction
7822:             1             40  com.intellij.openapi.editor.actions.DeleteToLineStartAction
7823:             1             40  com.intellij.openapi.editor.actions.DeleteToWordEndAction
7824:             1             40  com.intellij.openapi.editor.actions.DeleteToWordEndInDifferentHumpsModeAction
7825:             1             40  com.intellij.openapi.editor.actions.DeleteToWordStartAction
7826:             1             40  com.intellij.openapi.editor.actions.DeleteToWordStartInDifferentHumpsModeAction
7827:             1             40  com.intellij.openapi.editor.actions.DuplicateAction
7828:             1             40  com.intellij.openapi.editor.actions.DuplicateLinesAction
7829:             1             40  com.intellij.openapi.editor.actions.EnterAction
7830:             1             40  com.intellij.openapi.editor.actions.EscapeAction
7831:             1             40  com.intellij.openapi.editor.actions.FindAction
7832:             1             40  com.intellij.openapi.editor.actions.FindWordAtCaretAction
7833:             1             40  com.intellij.openapi.editor.actions.FocusGutterAction
7834:             1             40  com.intellij.openapi.editor.actions.ForwardParagraphAction
7835:             1             40  com.intellij.openapi.editor.actions.ForwardParagraphWithSelectionAction
7836:             1             40  com.intellij.openapi.editor.actions.HungryBackspaceAction
7837:             1             40  com.intellij.openapi.editor.actions.IncrementalFindAction
7838:             1             40  com.intellij.openapi.editor.actions.IndentLineOrSelectionAction
7839:             1             40  com.intellij.openapi.editor.actions.JoinLinesAction
7840:             1             40  com.intellij.openapi.editor.actions.KillRegionAction
7841:             1             40  com.intellij.openapi.editor.actions.KillRingSaveAction
7842:             1             40  com.intellij.openapi.editor.actions.KillToWordEndAction
7843:             1             40  com.intellij.openapi.editor.actions.KillToWordStartAction
7844:             1             40  com.intellij.openapi.editor.actions.LangIndentSelectionAction
7845:             1             40  com.intellij.openapi.editor.actions.LineEndAction
7846:             1             40  com.intellij.openapi.editor.actions.LineEndWithSelectionAction
7847:             1             40  com.intellij.openapi.editor.actions.LineStartAction
7848:             1             40  com.intellij.openapi.editor.actions.LineStartWithSelectionAction
7849:             1             40  com.intellij.openapi.editor.actions.MoveCaretDownAction
7850:             1             40  com.intellij.openapi.editor.actions.MoveCaretDownWithSelectionAction
7851:             1             40  com.intellij.openapi.editor.actions.MoveCaretLeftAction
7852:             1             40  com.intellij.openapi.editor.actions.MoveCaretLeftWithSelectionAction
7853:             1             40  com.intellij.openapi.editor.actions.MoveCaretRightAction
7854:             1             40  com.intellij.openapi.editor.actions.MoveCaretRightWithSelectionAction
7855:             1             40  com.intellij.openapi.editor.actions.MoveCaretUpAction
7856:             1             40  com.intellij.openapi.editor.actions.MoveCaretUpWithSelectionAction
7857:             1             40  com.intellij.openapi.editor.actions.MoveDownAndScrollAction
7858:             1             40  com.intellij.openapi.editor.actions.MoveDownWithSelectionAndScrollAction
7859:             1             40  com.intellij.openapi.editor.actions.MoveUpAndScrollAction
7860:             1             40  com.intellij.openapi.editor.actions.MoveUpWithSelectionAndScrollAction
7861:             1             40  com.intellij.openapi.editor.actions.NextWordAction
7862:             1             40  com.intellij.openapi.editor.actions.NextWordInDifferentHumpsModeAction
7863:             1             40  com.intellij.openapi.editor.actions.NextWordInDifferentHumpsModeWithSelectionAction
7864:             1             40  com.intellij.openapi.editor.actions.NextWordWithSelectionAction
7865:             1             40  com.intellij.openapi.editor.actions.PageBottomAction
7866:             1             40  com.intellij.openapi.editor.actions.PageBottomWithSelectionAction
7867:             1             40  com.intellij.openapi.editor.actions.PageDownAction
7868:             1             40  com.intellij.openapi.editor.actions.PageDownWithSelectionAction
7869:             1             40  com.intellij.openapi.editor.actions.PageTopAction
7870:             1             40  com.intellij.openapi.editor.actions.PageTopWithSelectionAction
7871:             1             40  com.intellij.openapi.editor.actions.PageUpAction
7872:             1             40  com.intellij.openapi.editor.actions.PageUpWithSelectionAction
7873:             1             40  com.intellij.openapi.editor.actions.PasteAction
7874:             1             40  com.intellij.openapi.editor.actions.PasteFromX11Action
7875:             1             40  com.intellij.openapi.editor.actions.PreviousWordAction
7876:             1             40  com.intellij.openapi.editor.actions.PreviousWordInDifferentHumpsModeAction
7877:             1             40  com.intellij.openapi.editor.actions.PreviousWordInDifferentHumpsModeWithSelectionAction
7878:             1             40  com.intellij.openapi.editor.actions.PreviousWordWithSelectionAction
7879:             1             40  com.intellij.openapi.editor.actions.ReplaceAction
7880:             1             40  com.intellij.openapi.editor.actions.ResetFontSizeAction
7881:             1             40  com.intellij.openapi.editor.actions.ReverseLinesAction
7882:             1             40  com.intellij.openapi.editor.actions.ScrollDownAction
7883:             1             40  com.intellij.openapi.editor.actions.ScrollDownAndMoveAction
7884:             1             40  com.intellij.openapi.editor.actions.ScrollLeftAction
7885:             1             40  com.intellij.openapi.editor.actions.ScrollRightAction
7886:             1             40  com.intellij.openapi.editor.actions.ScrollToBottomAction
7887:             1             40  com.intellij.openapi.editor.actions.ScrollToCenterAction
7888:             1             40  com.intellij.openapi.editor.actions.ScrollToTopAction
7889:             1             40  com.intellij.openapi.editor.actions.ScrollUpAction
7890:             1             40  com.intellij.openapi.editor.actions.ScrollUpAndMoveAction
7891:             1             40  com.intellij.openapi.editor.actions.SelectAllOccurrencesAction
7892:             1             40  com.intellij.openapi.editor.actions.SelectLineAction
7893:             1             40  com.intellij.openapi.editor.actions.SelectNextOccurrenceAction
7894:             1             40  com.intellij.openapi.editor.actions.SelectWordAtCaretAction
7895:             1             40  com.intellij.openapi.editor.actions.ShowFontsUsedByEditorAction
7896:             1             40  com.intellij.openapi.editor.actions.ShowGutterIconTooltipAction
7897:             1             40  com.intellij.openapi.editor.actions.SimplePasteAction
7898:             1             40  com.intellij.openapi.editor.actions.SortLinesAction
7899:             1             40  com.intellij.openapi.editor.actions.SplitLineAction
7900:             1             40  com.intellij.openapi.editor.actions.StartNewLineAction
7901:             1             40  com.intellij.openapi.editor.actions.StartNewLineBeforeAction
7902:             1             40  com.intellij.openapi.editor.actions.SwapSelectionBoundariesAction
7903:             1             40  com.intellij.openapi.editor.actions.TabAction
7904:             1             40  com.intellij.openapi.editor.actions.TextEndAction
7905:             1             40  com.intellij.openapi.editor.actions.TextEndWithSelectionAction
7906:             1             40  com.intellij.openapi.editor.actions.TextStartAction
7907:             1             40  com.intellij.openapi.editor.actions.TextStartWithSelectionAction
7908:             1             40  com.intellij.openapi.editor.actions.ToggleCaseAction
7909:             1             40  com.intellij.openapi.editor.actions.ToggleInsertStateAction
7910:             1             40  com.intellij.openapi.editor.actions.ToggleStickySelectionModeAction
7911:             1             40  com.intellij.openapi.editor.actions.ToggleUseSoftWrapsMenuAction
7912:             1             40  com.intellij.openapi.editor.actions.UnindentSelectionAction
7913:             1             40  com.intellij.openapi.editor.actions.UnselectPreviousOccurrenceAction
7914:             1             40  com.intellij.openapi.editor.actions.UnselectWordAtCaretAction
7915:             1             40  com.intellij.openapi.editor.ex.EditorSettingsExternalizable
7916:             1             40  com.intellij.openapi.extensions.ExtensionNotApplicableException
7917:             1             40  com.intellij.openapi.extensions.SimpleSmartExtensionPoint$2
7918:             1             40  com.intellij.openapi.externalSystem.ExternalStateComponent
7919:             1             40  com.intellij.openapi.externalSystem.configurationStore.ExternalSystemStreamProviderFactory
7920:             1             40  com.intellij.openapi.externalSystem.service.ExternalSystemFacadeManager
7921:             1             40  com.intellij.openapi.externalSystem.service.project.manage.SourceFolderManagerImpl
7922:             1             40  com.intellij.openapi.fileEditor.impl.DockableEditorTabbedContainer
7923:             1             40  com.intellij.openapi.fileTypes.FileTypeEditorHighlighterProviders
7924:             1             40  com.intellij.openapi.fileTypes.FileTypeExtension
7925:             1             40  com.intellij.openapi.keymap.impl.IdeMouseEventDispatcher
7926:             1             40  com.intellij.openapi.keymap.impl.KeyProcessorContext
7927:             1             40  com.intellij.openapi.keymap.impl.SystemShortcuts
7928:             1             40  com.intellij.openapi.project.impl.DefaultProject$1
7929:             1             40  com.intellij.openapi.project.impl.ProjectManagerImpl
7930:             1             40  com.intellij.openapi.roots.impl.ContentEntryImpl
7931:             1             40  com.intellij.openapi.roots.impl.RootIndex
7932:             1             40  com.intellij.openapi.roots.ui.configuration.ModulesConfigurator
7933:             1             40  com.intellij.openapi.util.ClassExtension
7934:             1             40  com.intellij.openapi.util.ObjectTree
7935:             1             40  com.intellij.openapi.util.TimeoutCachedValue
7936:             1             40  com.intellij.openapi.vcs.actions.VcsQuickListPopupAction
7937:             1             40  com.intellij.openapi.vcs.changes.RemoteRevisionsStateCache
7938:             1             40  com.intellij.openapi.vcs.changes.VcsDirtyScopeVfsListener
7939:             1             40  com.intellij.openapi.vcs.changes.actions.CreatePatchFromChangesAction$Clipboard
7940:             1             40  com.intellij.openapi.vcs.changes.actions.CreatePatchFromChangesAction$Dialog
7941:             1             40  com.intellij.openapi.vcs.changes.committed.CommittedChangesCacheState
7942:             1             40  com.intellij.openapi.vcs.changes.ignore.lang.IgnoreLanguage
7943:             1             40  com.intellij.openapi.vcs.changes.shelf.ShelvedChangesViewManager
7944:             1             40  com.intellij.openapi.vcs.ex.DocumentTracker
7945:             1             40  com.intellij.openapi.vcs.impl.ContentRevisionCache
7946:             1             40  com.intellij.openapi.vcs.impl.FileStatusManagerImpl
7947:             1             40  com.intellij.openapi.vcs.impl.VcsInitialization
7948:             1             40  com.intellij.openapi.vcs.impl.projectlevelman.AllVcses
7949:             1             40  com.intellij.openapi.vcs.impl.projectlevelman.FileWatchRequestModifier
7950:             1             40  com.intellij.openapi.vcs.update.CommonIntegrateFileOrDirectoryAction
7951:             1             40  com.intellij.openapi.vcs.update.CommonIntegrateProjectAction
7952:             1             40  com.intellij.openapi.vcs.update.CommonStatusFileOrDirectoryAction
7953:             1             40  com.intellij.openapi.vcs.update.CommonUpdateFileOrDirectoryAction
7954:             1             40  com.intellij.openapi.vcs.update.CommonUpdateProjectAction
7955:             1             40  com.intellij.openapi.vfs.PlatformVirtualFileManager
7956:             1             40  com.intellij.openapi.vfs.ex.temp.TempFileSystem$FSDir
7957:             1             40  com.intellij.openapi.vfs.impl.VirtualFilePointerManagerImpl
7958:             1             40  com.intellij.openapi.vfs.impl.http.RemoteFileManagerImpl
7959:             1             40  com.intellij.openapi.vfs.impl.jrt.JrtHandler
7960:             1             40  com.intellij.openapi.vfs.newvfs.RefreshQueueImpl
7961:             1             40  com.intellij.openapi.vfs.newvfs.impl.VfsData
7962:             1             40  com.intellij.openapi.vfs.newvfs.persistent.PersistentFSImpl
7963:             1             40  com.intellij.openapi.wm.ex.IdeFocusTraversalPolicy
7964:             1             40  com.intellij.openapi.wm.impl.ToolWindowHeader$ShowOptionsAction
7965:             1             40  com.intellij.openapi.wm.impl.simpleTitleParts.ProductTitleInfoProvider
7966:             1             40  com.intellij.openapi.wm.impl.simpleTitleParts.SuperUserSuffixTitleInfoProvider
7967:             1             40  com.intellij.openapi.wm.impl.status.TogglePopupHintsPanel
7968:             1             40  com.intellij.openapi.wm.impl.status.widget.StatusBarWidgetsManager
7969:             1             40  com.intellij.packageDependencies.actions.AnalyzeDependenciesAction
7970:             1             40  com.intellij.packageDependencies.actions.BackwardDependenciesAction
7971:             1             40  com.intellij.packaging.impl.artifacts.ArtifactManagerImpl
7972:             1             40  com.intellij.pom.core.impl.PomModelImpl
7973:             1             40  com.intellij.profiler.actions.AttachProfilerToProcessAction
7974:             1             40  com.intellij.psi.FileTypeFileViewProviders
7975:             1             40  com.intellij.psi.ReferenceProviderType$1
7976:             1             40  com.intellij.psi.css.inspections.CssUnknownPropertyInspection
7977:             1             40  com.intellij.psi.css.inspections.clones.CssDuplicatesIndexConfiguration
7978:             1             40  com.intellij.psi.impl.cache.impl.id.IdIndexers
7979:             1             40  com.intellij.psi.impl.cache.impl.todo.TodoIndexers
7980:             1             40  com.intellij.psi.impl.source.tree.injected.InjectedLanguageManagerImpl
7981:             1             40  com.intellij.psi.search.LocalSearchScope
7982:             1             40  com.intellij.psi.search.ProjectScopeBuilderImpl$2
7983:             1             40  com.intellij.psi.search.ProjectScopeBuilderImpl$3
7984:             1             40  com.intellij.psi.search.searches.ExtensibleQueryFactory$1
7985:             1             40  com.intellij.psi.stubs.BinaryFileStubBuilders
7986:             1             40  com.intellij.psi.stubs.SerializationManagerImpl
7987:             1             40  com.intellij.psi.stubs.StubIndexImpl
7988:             1             40  com.intellij.refactoring.actions.ChangeSignatureAction
7989:             1             40  com.intellij.refactoring.actions.ExtractClassAction
7990:             1             40  com.intellij.refactoring.actions.ExtractIncludeAction
7991:             1             40  com.intellij.refactoring.actions.ExtractInterfaceAction
7992:             1             40  com.intellij.refactoring.actions.ExtractMethodAction
7993:             1             40  com.intellij.refactoring.actions.ExtractModuleAction
7994:             1             40  com.intellij.refactoring.actions.ExtractSuperclassAction
7995:             1             40  com.intellij.refactoring.actions.InlineAction
7996:             1             40  com.intellij.refactoring.actions.IntroduceConstantAction
7997:             1             40  com.intellij.refactoring.actions.IntroduceFieldAction
7998:             1             40  com.intellij.refactoring.actions.IntroduceFunctionalParameterAction
7999:             1             40  com.intellij.refactoring.actions.IntroduceFunctionalVariableAction
8000:             1             40  com.intellij.refactoring.actions.IntroduceParameterAction
8001:             1             40  com.intellij.refactoring.actions.IntroduceVariableAction
8002:             1             40  com.intellij.refactoring.actions.PullUpAction
8003:             1             40  com.intellij.refactoring.actions.PushDownAction
8004:             1             40  com.intellij.refactoring.actions.RefactoringQuickListPopupAction
8005:             1             40  com.intellij.refactoring.suggested.SuggestedRefactoringChangeListener
8006:             1             40  com.intellij.scala.akka.codeInsight.generation.actions.GeneratePropsFactoryAction
8007:             1             40  com.intellij.scala.play.util.ProjectLanguageImportsUtil
8008:             1             40  com.intellij.sh.run.ShConfigurationType
8009:             1             40  com.intellij.spellchecker.engine.BaseSpellChecker
8010:             1             40  com.intellij.spring.model.actions.GenerateSpringDomElementActionGroup$1
8011:             1             40  com.intellij.spring.model.actions.GenerateSpringDomElementActionGroup$2
8012:             1             40  com.intellij.spring.model.actions.GenerateSpringDomElementActionGroup$3
8013:             1             40  com.intellij.spring.perspectives.diagrams.SpringDiagramProvider
8014:             1             40  com.intellij.spring.webflow.diagram.WebflowDiagramProvider
8015:             1             40  com.intellij.sql.dialects.cassandra.CassDialect
8016:             1             40  com.intellij.sql.dialects.clickhouse.CHouseDialect
8017:             1             40  com.intellij.sql.dialects.db2.Db2LUWDialect
8018:             1             40  com.intellij.sql.dialects.db2.iseries.Db2ISDialect
8019:             1             40  com.intellij.sql.dialects.db2.zos.Db2ZOSDialect
8020:             1             40  com.intellij.sql.dialects.derby.DerbyDialect
8021:             1             40  com.intellij.sql.dialects.exasol.ExaDialect
8022:             1             40  com.intellij.sql.dialects.generic.GenericDialect
8023:             1             40  com.intellij.sql.dialects.greenplum.GPlumDialect
8024:             1             40  com.intellij.sql.dialects.h2.H2Dialect
8025:             1             40  com.intellij.sql.dialects.hive.HiveDialect
8026:             1             40  com.intellij.sql.dialects.hsql.HsqlDialect
8027:             1             40  com.intellij.sql.dialects.maria.MariaDialect
8028:             1             40  com.intellij.sql.dialects.mongo.js.MongoJSExternalLanguage
8029:             1             40  com.intellij.sql.dialects.mssql.MsDialect
8030:             1             40  com.intellij.sql.dialects.mysql.MysqlDialect
8031:             1             40  com.intellij.sql.dialects.oracle.OraDialect
8032:             1             40  com.intellij.sql.dialects.oraplus.OraPlusDialect
8033:             1             40  com.intellij.sql.dialects.postgres.PgDialect
8034:             1             40  com.intellij.sql.dialects.redshift.RsDialect
8035:             1             40  com.intellij.sql.dialects.snowflake.SFlakeDialect
8036:             1             40  com.intellij.sql.dialects.spark.SparkDialect
8037:             1             40  com.intellij.sql.dialects.sql92.Sql92Dialect
8038:             1             40  com.intellij.sql.dialects.sqlite.SqliteDialect
8039:             1             40  com.intellij.sql.dialects.sybase.AseDialect
8040:             1             40  com.intellij.sql.dialects.vertica.VertDialect
8041:             1             40  com.intellij.sql.refactoring.extractFunction.SqlExtractFunctionAction
8042:             1             40  com.intellij.swagger.codegen.SwaggerCodegenConfigurationType
8043:             1             40  com.intellij.swagger.codegen.SwaggerCodegenRunConfiguration
8044:             1             40  com.intellij.tapestry.lang.TmlLanguage
8045:             1             40  com.intellij.tasks.actions.SwitchTaskAction
8046:             1             40  com.intellij.uast.UastMetaLanguage
8047:             1             40  com.intellij.ui.AppIcon$MacAppIcon
8048:             1             40  com.intellij.ui.ListSpeedSearch$MySelectAllAction
8049:             1             40  com.intellij.ui.speedSearch.ListWithFilter$MySpeedSearch
8050:             1             40  com.intellij.ui.tabs.impl.JBTabsImpl$7
8051:             1             40  com.intellij.ui.tabs.impl.JBTabsImpl$SelectNextAction
8052:             1             40  com.intellij.ui.tabs.impl.JBTabsImpl$SelectPreviousAction
8053:             1             40  com.intellij.ui.tree.AsyncTreeModel
8054:             1             40  com.intellij.ui.tree.StructureTreeModel
8055:             1             40  com.intellij.uiDesigner.actions.CreateComponentAction
8056:             1             40  com.intellij.uiDesigner.actions.CreateFormAction
8057:             1             40  com.intellij.uiDesigner.actions.MorphAction
8058:             1             40  com.intellij.uiDesigner.actions.SurroundPopupAction
8059:             1             40  com.intellij.uiDesigner.core.HorizontalInfo
8060:             1             40  com.intellij.uiDesigner.core.LayoutState
8061:             1             40  com.intellij.uiDesigner.core.VerticalInfo
8062:             1             40  com.intellij.uml.core.actions.ShowDiagramPopup
8063:             1             40  com.intellij.uml.diff.ShowChangesAction
8064:             1             40  com.intellij.uml.diff.ShowDiffOnUmlAction
8065:             1             40  com.intellij.util.concurrency.AppDelayQueue
8066:             1             40  com.intellij.util.concurrency.AppScheduledExecutorService
8067:             1             40  com.intellij.util.indexing.ChangedFilesCollector$1
8068:             1             40  com.intellij.util.ui.EmptyIcon$EmptyIconUIResource
8069:             1             40  com.intellij.vcs.ProgressManagerQueue$1
8070:             1             40  com.intellij.vcs.log.data.ContainingBranchesGetter
8071:             1             40  com.intellij.vcs.log.data.VcsLogRefresherImpl$1
8072:             1             40  com.intellij.vcs.log.data.VcsLogStatusBarProgress
8073:             1             40  com.intellij.vcs.log.data.index.IndexDataGetter
8074:             1             40  com.intellij.vcs.log.data.index.VcsLogMessagesTrigramIndex
8075:             1             40  com.intellij.vcs.log.data.index.VcsLogPathsIndex
8076:             1             40  com.intellij.vcs.log.data.index.VcsLogUserIndex
8077:             1             40  com.intellij.vcs.log.graph.impl.facade.PermanentGraphImpl
8078:             1             40  com.intellij.vcs.log.util.StorageId
8079:             1             40  com.intellij.ws.http.request.run.config.HttpRequestRunConfiguration
8080:             1             40  com.intellij.xdebugger.impl.XDebuggerState
8081:             1             40  com.intellij.xdebugger.impl.actions.AttachToProcessAction
8082:             1             40  com.intellij.xdebugger.impl.pinned.items.XDebuggerPinToTopManager
8083:             1             40  com.jetbrains.clones.languagescope.common.CommonDuplicateIndexConfiguration
8084:             1             40  com.jetbrains.firefox.FirefoxRemoteDebugConfigurationType
8085:             1             40  com.jetbrains.nodejs.mocha.execution.MochaConfigurationType
8086:             1             40  com.jetbrains.nodejs.mocha.execution.MochaRunConfiguration
8087:             1             40  com.jetbrains.nodejs.run.NodeJsRunConfigurationType
8088:             1             40  com.jetbrains.plugins.webDeployment.config.WebServersConfigManagerBaseImpl$App
8089:             1             40  com.jetbrains.plugins.webDeployment.config.WebServersConfigManagerBaseImpl$ProjectInstance
8090:             1             40  com.maddyhome.idea.copyright.actions.UpdateCopyrightAction
8091:             1             40  com.sixrr.inspectjs.naming.FunctionNamingConventionJSInspection
8092:             1             40  com.sixrr.inspectjs.naming.JSClassNamingConventionInspection
8093:             1             40  com.sixrr.inspectjs.naming.LocalVariableNamingConventionJSInspection
8094:             1             40  com.sixrr.inspectjs.naming.ParameterNamingConventionJSInspection
8095:             1             40  com.siyeh.ig.abstraction.TypeMayBeWeakenedInspection
8096:             1             40  com.siyeh.ig.bugs.MalformedFormatStringInspection
8097:             1             40  com.siyeh.ig.bugs.MismatchedCollectionQueryUpdateInspection
8098:             1             40  com.siyeh.ig.errorhandling.BadExceptionDeclaredInspection
8099:             1             40  com.siyeh.ig.initialization.InstanceVariableUninitializedUseInspection
8100:             1             40  com.siyeh.ig.logging.LoggerInitializedWithForeignClassInspection
8101:             1             40  com.siyeh.ig.naming.BooleanMethodNameMustStartWithQuestionInspection
8102:             1             40  com.siyeh.ig.naming.LambdaParameterNamingConventionInspection
8103:             1             40  com.siyeh.ig.naming.NonBooleanMethodNameMayNotStartWithQuestionInspection
8104:             1             40  com.siyeh.ig.naming.PackageNamingConventionInspection
8105:             1             40  com.siyeh.ig.naming.ParameterNamingConventionInspection
8106:             1             40  com.siyeh.ig.resources.IOResourceInspection
8107:             1             40  com.siyeh.ig.security.SerializableDeserializableClassInSecureContextInspection
8108:             1             40  com.siyeh.ig.serialization.NonSerializableFieldInSerializableClassInspection
8109:             1             40  com.siyeh.ig.serialization.SerializableHasSerialVersionUIDFieldInspection
8110:             1             40  com.siyeh.ig.serialization.SerializableHasSerializationMethodsInspection
8111:             1             40  com.siyeh.ig.serialization.SerializableInnerClassHasSerialVersionUIDFieldInspection
8112:             1             40  com.siyeh.ig.serialization.SerializableInnerClassWithNonSerializableOuterClassInspection
8113:             1             40  com.sun.beans.finder.MethodFinder$1 (java.desktop@11.0.7)
8114:             1             40  com.sun.beans.introspect.ClassInfo$1 (java.desktop@11.0.7)
8115:             1             40  com.sun.glass.ui.mac.MacApplication (javafx.graphics@11.0.7)
8116:             1             40  com.sun.javafx.css.StyleManager (javafx.graphics@11.0.7)
8117:             1             40  com.sun.javafx.css.StyleManager$StylesheetContainer (javafx.graphics@11.0.7)
8118:             1             40  com.sun.javafx.geom.BoxBounds (javafx.graphics@11.0.7)
8119:             1             40  com.sun.javafx.geom.RoundRectangle2D (javafx.graphics@11.0.7)
8120:             1             40  com.sun.javafx.scene.KeyboardShortcutsHandler (javafx.graphics@11.0.7)
8121:             1             40  com.sun.javafx.scene.traversal.SceneTraversalEngine (javafx.graphics@11.0.7)
8122:             1             40  com.sun.javafx.util.TempState (javafx.graphics@11.0.7)
8123:             1             40  com.sun.jna.Structure$LayoutInfo
8124:             1             40  com.sun.management.internal.DiagnosticCommandImpl (jdk.management@11.0.7)
8125:             1             40  com.sun.org.apache.xerces.internal.impl.XMLDocumentFragmentScannerImpl$ElementStack2 (java.xml@11.0.7)
8126:             1             40  com.sun.org.apache.xerces.internal.impl.XMLEntityScanner$1 (java.xml@11.0.7)
8127:             1             40  com.sun.org.apache.xerces.internal.impl.dtd.XMLDTDDescription (java.xml@11.0.7)
8128:             1             40  com.sun.org.apache.xerces.internal.util.SymbolTable (java.xml@11.0.7)
8129:             1             40  com.sun.org.apache.xerces.internal.utils.XMLLimitAnalyzer (java.xml@11.0.7)
8130:             1             40  com.sun.org.apache.xerces.internal.utils.XMLSecurityManager (java.xml@11.0.7)
8131:             1             40  com.sun.prism.es2.GLPixelFormat$Attributes (javafx.graphics@11.0.7)
8132:             1             40  com.sun.prism.es2.MacGLFactory (javafx.graphics@11.0.7)
8133:             1             40  com.sun.prism.impl.VertexBuffer (javafx.graphics@11.0.7)
8134:             1             40  com.sun.scenario.animation.AbstractMasterTimer$MainLoop (javafx.graphics@11.0.7)
8135:             1             40  com.sun.xml.internal.stream.XMLEntityStorage (java.xml@11.0.7)
8136:             1             40  com.theoryinpractice.testng.configuration.TestNGConfigurationType
8137:             1             40  freemarker.core.ExistsExpression
8138:             1             40  freemarker.template.DefaultObjectWrapperBuilder
8139:             1             40  fuck_the_regulations_v321.ee
8140:             1             40  git4idea.actions.GitCommitAndPushExecutorAction
8141:             1             40  git4idea.config.GitOptionsTopHitProvider$3
8142:             1             40  git4idea.ignore.lang.GitExcludeLanguage
8143:             1             40  git4idea.ignore.lang.GitIgnoreLanguage
8144:             1             40  git4idea.repo.GitRepositoryUpdater
8145:             1             40  io.sentry.connection.AsyncConnection
8146:             1             40  java.awt.datatransfer.SystemFlavorMap (java.datatransfer@11.0.7)
8147:             1             40  java.beans.WeakIdentityMap$Entry (java.desktop@11.0.7)
8148:             1             40  java.io.FilePermission (java.base@11.0.7)
8149:             1             40  java.io.IOException (java.base@11.0.7)
8150:             1             40  java.lang.ArithmeticException (java.base@11.0.7)
8151:             1             40  java.lang.Exception (java.base@11.0.7)
8152:             1             40  java.lang.NullPointerException (java.base@11.0.7)
8153:             1             40  java.lang.UnsupportedOperationException (java.base@11.0.7)
8154:             1             40  java.lang.invoke.BoundMethodHandle$Species_LI (java.base@11.0.7)
8155:             1             40  java.lang.invoke.VarHandleObjects$FieldStaticReadWrite (java.base@11.0.7)
8156:             1             40  java.net.InetAddress$CachedAddresses (java.base@11.0.7)
8157:             1             40  java.time.format.DateTimeFormatterBuilder (java.base@11.0.7)
8158:             1             40  java.time.format.DateTimeFormatterBuilder$FractionPrinterParser (java.base@11.0.7)
8159:             1             40  java.time.zone.ZoneRules (java.base@11.0.7)
8160:             1             40  java.util.ResourceBundle$2 (java.base@11.0.7)
8161:             1             40  java.util.ServiceLoader$LazyClassPathLookupIterator (java.base@11.0.7)
8162:             1             40  java.util.concurrent.locks.StampedLock$WNode (java.base@11.0.7)
8163:             1             40  javafx.beans.property.ReadOnlyBooleanWrapper (javafx.base@11.0.7)
8164:             1             40  javafx.css.Stylesheet$1 (javafx.graphics@11.0.7)
8165:             1             40  javafx.embed.swing.SwingDnD (javafx.swing@11.0.7)
8166:             1             40  javafx.scene.Node$14 (javafx.graphics@11.0.7)
8167:             1             40  javafx.scene.Scene$10 (javafx.graphics@11.0.7)
8168:             1             40  javafx.scene.Scene$7 (javafx.graphics@11.0.7)
8169:             1             40  javafx.scene.Scene$8 (javafx.graphics@11.0.7)
8170:             1             40  javafx.scene.Scene$TouchMap (javafx.graphics@11.0.7)
8171:             1             40  javafx.scene.control.Control$5 (javafx.controls@11.0.7)
8172:             1             40  javafx.scene.control.ScrollBar$1 (javafx.controls@11.0.7)
8173:             1             40  javafx.scene.input.KeyCodeCombination (javafx.graphics@11.0.7)
8174:             1             40  javafx.scene.layout.BackgroundSize (javafx.graphics@11.0.7)
8175:             1             40  javafx.scene.text.Font (javafx.graphics@11.0.7)
8176:             1             40  javafx.scene.web.WebView$10 (javafx.web@11.0.7)
8177:             1             40  javafx.scene.web.WebView$9 (javafx.web@11.0.7)
8178:             1             40  javafx.stage.Window$2 (javafx.graphics@11.0.7)
8179:             1             40  javassist.ClassPool
8180:             1             40  javax.crypto.CryptoAllPermission (java.base@11.0.7)
8181:             1             40  javax.swing.plaf.basic.BasicTableUI$Handler (java.desktop@11.0.7)
8182:             1             40  javax.swing.plaf.basic.BasicTextUI$BasicCursor (java.desktop@11.0.7)
8183:             1             40  javax.swing.plaf.basic.DefaultMenuLayout (java.desktop@11.0.7)
8184:             1             40  javax.swing.table.DefaultTableColumnModel (java.desktop@11.0.7)
8185:             1             40  javax.swing.text.JTextComponent$4 (java.desktop@11.0.7)
8186:             1             40  javax.swing.text.StyleContext (java.desktop@11.0.7)
8187:             1             40  jdk.internal.loader.URLClassPath (java.base@11.0.7)
8188:             1             40  kotlin.reflect.jvm.internal.impl.descriptors.impl.LazyPackageViewDescriptorImpl
8189:             1             40  kotlin.reflect.jvm.internal.impl.metadata.jvm.JvmProtoBuf$JvmFieldSignature
8190:             1             40  kotlin.reflect.jvm.internal.impl.metadata.jvm.JvmProtoBuf$JvmMethodSignature
8191:             1             40  kotlin.reflect.jvm.internal.impl.metadata.jvm.JvmProtoBuf$StringTableTypes
8192:             1             40  kotlin.reflect.jvm.internal.impl.types.SimpleTypeImpl
8193:             1             40  kotlinx.coroutines.scheduling.DefaultScheduler
8194:             1             40  kotlinx.coroutines.scheduling.LimitingDispatcher
8195:             1             40  net.jpountz.lz4.LZ4Factory
8196:             1             40  net.sourceforge.pmd.lang.java.JavaLanguageModule
8197:             1             40  net.sourceforge.pmd.lang.vm.VmLanguageModule
8198:             1             40  net.sourceforge.pmd.properties.EnumeratedProperty
8199:             1             40  org.angular2.lang.expr.Angular2Language
8200:             1             40  org.angular2.lang.html.Angular2HtmlLanguage
8201:             1             40  org.angular2.lang.svg.Angular2SvgLanguage
8202:             1             40  org.angularjs.lang.AngularJSLanguage
8203:             1             40  org.antlr.v4.runtime.atn.ATNConfigSet
8204:             1             40  org.antlr.v4.runtime.atn.ATNConfigSet$ConfigHashSet
8205:             1             40  org.antlr.v4.runtime.dfa.DFAState
8206:             1             40  org.apache.log4j.helpers.CountingQuietWriter
8207:             1             40  org.apache.log4j.helpers.PatternParser$CategoryPatternConverter
8208:             1             40  org.apache.log4j.helpers.PatternParser$DatePatternConverter
8209:             1             40  org.apache.log4j.spi.RootLogger
8210:             1             40  org.apache.xerces.impl.XMLEntityManager$CharacterBufferPool
8211:             1             40  org.apache.xerces.impl.XMLEntityScanner$1
8212:             1             40  org.apache.xerces.impl.XMLErrorReporter
8213:             1             40  org.apache.xerces.util.SymbolTable
8214:             1             40  org.coffeescript.CoffeeScriptLanguage
8215:             1             40  org.coffeescript.CoffeeScriptLiterateLanguage
8216:             1             40  org.intellij.images.fileTypes.impl.SvgLanguage
8217:             1             40  org.intellij.lang.xpath.validation.inspections.ImplicitTypeConversion
8218:             1             40  org.intellij.plugins.intelliLang.Configuration$App
8219:             1             40  org.intellij.plugins.intelliLang.Configuration$Prj
8220:             1             40  org.jetbrains.android.actions.CreateResourceFileAction
8221:             1             40  org.jetbrains.android.refactoring.AndroidExtractAsIncludeAction
8222:             1             40  org.jetbrains.android.refactoring.AndroidExtractStyleAction
8223:             1             40  org.jetbrains.android.refactoring.AndroidFindStyleApplicationsAction
8224:             1             40  org.jetbrains.android.refactoring.AndroidInlineIncludeAction
8225:             1             40  org.jetbrains.android.refactoring.AndroidInlineStyleReferenceAction
8226:             1             40  org.jetbrains.concurrency.MessageError
8227:             1             40  org.jetbrains.ide.OpenFileHttpService
8228:             1             40  org.jetbrains.idea.devkit.actions.NewActionAction
8229:             1             40  org.jetbrains.idea.devkit.actions.NewThemeAction
8230:             1             40  org.jetbrains.idea.devkit.inspections.PluginXmlDomInspection
8231:             1             40  org.jetbrains.idea.devkit.run.PluginConfigurationType
8232:             1             40  org.jetbrains.idea.gradle.ext.uml.GradleUmlProvider
8233:             1             40  org.jetbrains.idea.maven.execution.MavenRunConfiguration
8234:             1             40  org.jetbrains.idea.maven.execution.MavenRunnerParameters
8235:             1             40  org.jetbrains.idea.maven.execution.MavenRunnerSettings
8236:             1             40  org.jetbrains.idea.maven.ext.uml.MavenUmlProvider
8237:             1             40  org.jetbrains.java.generate.inspection.ClassHasNoToStringMethodInspection
8238:             1             40  org.jetbrains.kotlin.ide.konan.decompiler.KotlinNativeMetadataDecompiler
8239:             1             40  org.jetbrains.kotlin.idea.actions.generate.KotlinGenerateTestSupportActionBase$Data
8240:             1             40  org.jetbrains.kotlin.idea.actions.generate.KotlinGenerateTestSupportActionBase$SetUp
8241:             1             40  org.jetbrains.kotlin.idea.actions.generate.KotlinGenerateTestSupportActionBase$TearDown
8242:             1             40  org.jetbrains.kotlin.idea.actions.generate.KotlinGenerateTestSupportActionBase$Test
8243:             1             40  org.jetbrains.kotlin.idea.caches.PerModulePackageCacheService
8244:             1             40  org.jetbrains.kotlin.idea.caches.resolve.KotlinCacheServiceImpl
8245:             1             40  org.jetbrains.kotlin.idea.caches.resolve.KotlinCacheServiceImpl$GlobalFacade
8246:             1             40  org.jetbrains.kotlin.idea.caches.trackers.KotlinModuleOutOfCodeBlockModificationTracker$Updater
8247:             1             40  org.jetbrains.kotlin.idea.decompiler.builtIns.KotlinBuiltInDecompiler
8248:             1             40  org.jetbrains.kotlin.idea.decompiler.js.KotlinJavaScriptMetaFileDecompiler
8249:             1             40  org.jetbrains.kotlin.idea.findUsages.KotlinClassFindUsagesOptions
8250:             1             40  org.jetbrains.kotlin.idea.findUsages.KotlinFunctionFindUsagesOptions
8251:             1             40  org.jetbrains.kotlin.idea.findUsages.KotlinPropertyFindUsagesOptions
8252:             1             40  org.jetbrains.kotlin.idea.inspections.HasPlatformTypeInspection
8253:             1             40  org.jetbrains.kotlin.idea.inspections.PublicApiImplicitTypeInspection
8254:             1             40  org.jetbrains.kotlin.idea.inspections.RemoveCurlyBracesFromTemplateInspection
8255:             1             40  org.jetbrains.kotlin.idea.inspections.UnnecessaryVariableInspection
8256:             1             40  org.jetbrains.kotlin.idea.inspections.api.AddIncompatibleApiAction
8257:             1             40  org.jetbrains.kotlin.idea.inspections.branchedTransformations.IfThenToElvisInspection
8258:             1             40  org.jetbrains.kotlin.idea.inspections.branchedTransformations.IfThenToSafeAccessInspection
8259:             1             40  org.jetbrains.kotlin.idea.inspections.substring.ReplaceSubstringWithDropLastInspection
8260:             1             40  org.jetbrains.kotlin.idea.inspections.substring.ReplaceSubstringWithIndexingOperationInspection
8261:             1             40  org.jetbrains.kotlin.idea.inspections.substring.ReplaceSubstringWithSubstringAfterInspection
8262:             1             40  org.jetbrains.kotlin.idea.inspections.substring.ReplaceSubstringWithSubstringBeforeInspection
8263:             1             40  org.jetbrains.kotlin.idea.inspections.substring.ReplaceSubstringWithTakeInspection
8264:             1             40  org.jetbrains.kotlin.idea.intentions.AddForLoopIndicesIntention
8265:             1             40  org.jetbrains.kotlin.idea.intentions.AddJvmStaticIntention
8266:             1             40  org.jetbrains.kotlin.idea.intentions.AddPropertyAccessorsIntention
8267:             1             40  org.jetbrains.kotlin.idea.intentions.AddPropertyGetterIntention
8268:             1             40  org.jetbrains.kotlin.idea.intentions.AddPropertySetterIntention
8269:             1             40  org.jetbrains.kotlin.idea.intentions.ChangeVisibilityModifierIntention$Internal
8270:             1             40  org.jetbrains.kotlin.idea.intentions.ChangeVisibilityModifierIntention$Private
8271:             1             40  org.jetbrains.kotlin.idea.intentions.ChangeVisibilityModifierIntention$Protected
8272:             1             40  org.jetbrains.kotlin.idea.intentions.ChangeVisibilityModifierIntention$Public
8273:             1             40  org.jetbrains.kotlin.idea.intentions.ChopArgumentListIntention
8274:             1             40  org.jetbrains.kotlin.idea.intentions.ChopParameterListIntention
8275:             1             40  org.jetbrains.kotlin.idea.intentions.ConvertCollectionConstructorToFunction
8276:             1             40  org.jetbrains.kotlin.idea.intentions.ConvertFunctionToPropertyIntention
8277:             1             40  org.jetbrains.kotlin.idea.intentions.ConvertToAlsoIntention
8278:             1             40  org.jetbrains.kotlin.idea.intentions.ConvertToApplyIntention
8279:             1             40  org.jetbrains.kotlin.idea.intentions.ConvertToRunIntention
8280:             1             40  org.jetbrains.kotlin.idea.intentions.ConvertToWithIntention
8281:             1             40  org.jetbrains.kotlin.idea.intentions.JoinArgumentListIntention
8282:             1             40  org.jetbrains.kotlin.idea.intentions.JoinParameterListIntention
8283:             1             40  org.jetbrains.kotlin.idea.intentions.RemoveForLoopIndicesIntention
8284:             1             40  org.jetbrains.kotlin.idea.intentions.RemoveRedundantCallsOfConversionMethodsIntention
8285:             1             40  org.jetbrains.kotlin.idea.intentions.RemoveSingleExpressionStringTemplateInspection
8286:             1             40  org.jetbrains.kotlin.idea.intentions.ReplaceAddWithPlusAssignIntention
8287:             1             40  org.jetbrains.kotlin.idea.intentions.UsePropertyAccessSyntaxInspection
8288:             1             40  org.jetbrains.kotlin.idea.nodejs.protractor.KotlinProtractorRunConfiguration
8289:             1             40  org.jetbrains.kotlin.idea.nodejs.protractor.KotlinProtractorRunSettings
8290:             1             40  org.jetbrains.kotlin.idea.refactoring.introduce.extractFunction.ExtractFunctionAction
8291:             1             40  org.jetbrains.kotlin.idea.refactoring.introduce.extractFunction.ExtractFunctionToScopeAction
8292:             1             40  org.jetbrains.kotlin.idea.refactoring.introduce.introduceProperty.IntroducePropertyAction
8293:             1             40  org.jetbrains.kotlin.idea.refactoring.introduce.introduceTypeAlias.IntroduceTypeAliasAction
8294:             1             40  org.jetbrains.kotlin.idea.refactoring.introduce.introduceTypeParameter.IntroduceTypeParameterAction
8295:             1             40  org.jetbrains.kotlin.idea.run.KotlinRunConfigurationType
8296:             1             40  org.jetbrains.kotlin.idea.run.script.standalone.KotlinStandaloneScriptRunConfigurationType
8297:             1             40  org.jetbrains.kotlin.idea.scripting.gradle.GradleScriptInputsWatcher$Storage
8298:             1             40  org.jetbrains.kotlin.psi.stubs.elements.KtAnnotationEntryElementType
8299:             1             40  org.jetbrains.kotlin.psi.stubs.elements.KtAnnotationUseSiteTargetElementType
8300:             1             40  org.jetbrains.kotlin.psi.stubs.elements.KtDotQualifiedExpressionElementType
8301:             1             40  org.jetbrains.kotlin.psi.stubs.elements.KtEnumEntrySuperClassReferenceExpressionElementType
8302:             1             40  org.jetbrains.kotlin.psi.stubs.elements.KtFunctionElementType
8303:             1             40  org.jetbrains.kotlin.psi.stubs.elements.KtImportAliasElementType
8304:             1             40  org.jetbrains.kotlin.psi.stubs.elements.KtImportDirectiveElementType
8305:             1             40  org.jetbrains.kotlin.psi.stubs.elements.KtModifierListElementType
8306:             1             40  org.jetbrains.kotlin.psi.stubs.elements.KtNameReferenceExpressionElementType
8307:             1             40  org.jetbrains.kotlin.psi.stubs.elements.KtObjectElementType
8308:             1             40  org.jetbrains.kotlin.psi.stubs.elements.KtParameterElementType
8309:             1             40  org.jetbrains.kotlin.psi.stubs.elements.KtPropertyAccessorElementType
8310:             1             40  org.jetbrains.kotlin.psi.stubs.elements.KtPropertyElementType
8311:             1             40  org.jetbrains.kotlin.psi.stubs.elements.KtScriptElementType
8312:             1             40  org.jetbrains.kotlin.psi.stubs.elements.KtStringTemplateExpressionElementType
8313:             1             40  org.jetbrains.kotlin.psi.stubs.elements.KtTypeAliasElementType
8314:             1             40  org.jetbrains.kotlin.psi.stubs.elements.KtTypeParameterElementType
8315:             1             40  org.jetbrains.kotlin.psi.stubs.elements.KtTypeProjectionElementType
8316:             1             40  org.jetbrains.kotlin.psi.stubs.elements.KtUserTypeElementType
8317:             1             40  org.jetbrains.kotlin.psi.stubs.elements.KtValueArgumentListElementType
8318:             1             40  org.jetbrains.osgi.bnd.run.BndRunConfigurationBase$Launch
8319:             1             40  org.jetbrains.osgi.bnd.run.BndRunConfigurationBase$Test
8320:             1             40  org.jetbrains.plugins.github.util.GithubSettings$State
8321:             1             40  org.jetbrains.plugins.gradle.settings.GradleLocalSettings$MyState
8322:             1             40  org.jetbrains.plugins.gradle.settings.GradleSettings
8323:             1             40  org.jetbrains.plugins.grails.lang.gsp.GspLanguage
8324:             1             40  org.jetbrains.plugins.groovy.codeInsight.GroovyLineMarkerProvider
8325:             1             40  org.jetbrains.plugins.groovy.codeInspection.naming.GroovyConstantNamingConventionInspection
8326:             1             40  org.jetbrains.plugins.groovy.codeInspection.naming.GroovyInstanceMethodNamingConventionInspection
8327:             1             40  org.jetbrains.plugins.groovy.codeInspection.naming.GroovyInstanceVariableNamingConventionInspection
8328:             1             40  org.jetbrains.plugins.groovy.codeInspection.naming.GroovyLocalVariableNamingConventionInspection
8329:             1             40  org.jetbrains.plugins.groovy.codeInspection.naming.GroovyParameterNamingConventionInspection
8330:             1             40  org.jetbrains.plugins.groovy.codeInspection.naming.GroovyStaticMethodNamingConventionInspection
8331:             1             40  org.jetbrains.plugins.groovy.codeInspection.naming.GroovyStaticVariableNamingConventionInspection
8332:             1             40  org.jetbrains.plugins.scala.actions.ShowImplicitConversionsAction
8333:             1             40  org.jetbrains.plugins.scala.annotator.usageTracker.ScalaRefCountHolderService$TimestampedValueMap
8334:             1             40  org.jetbrains.plugins.scala.caches.RecursionManager$CalculationStack
8335:             1             40  org.jetbrains.plugins.scala.codeInsight.generation.actions.ScalaGenerateCompanionObjectAction
8336:             1             40  org.jetbrains.plugins.scala.codeInsight.generation.actions.ScalaGenerateEqualsAction
8337:             1             40  org.jetbrains.plugins.scala.codeInsight.generation.actions.ScalaGeneratePropertyAction
8338:             1             40  org.jetbrains.plugins.scala.codeInsight.generation.actions.ScalaGenerateToStringAction
8339:             1             40  org.jetbrains.plugins.scala.codeInsight.hints.ScalaTypeHintsConfigurable$ToggleMethodChainInlayHintsAction
8340:             1             40  org.jetbrains.plugins.scala.codeInsight.hints.ScalaTypeHintsConfigurable$ToggleTypeHintsAction
8341:             1             40  org.jetbrains.plugins.scala.codeInsight.implicits.MouseHandler
8342:             1             40  org.jetbrains.plugins.scala.codeInspection.collections.CollectHeadOptionInspection
8343:             1             40  org.jetbrains.plugins.scala.codeInspection.collections.ComparingDiffCollectionKindsInspection
8344:             1             40  org.jetbrains.plugins.scala.codeInspection.collections.CorrespondsUnsortedInspection
8345:             1             40  org.jetbrains.plugins.scala.codeInspection.collections.DropTakeToSliceInspection
8346:             1             40  org.jetbrains.plugins.scala.codeInspection.collections.EmptyCheckInspection
8347:             1             40  org.jetbrains.plugins.scala.codeInspection.collections.EmulateFlattenInspection
8348:             1             40  org.jetbrains.plugins.scala.codeInspection.collections.EqualityToSameElementsInspection
8349:             1             40  org.jetbrains.plugins.scala.codeInspection.collections.ExistsEqualsInspection
8350:             1             40  org.jetbrains.plugins.scala.codeInspection.collections.ExistsForallReplaceInspection
8351:             1             40  org.jetbrains.plugins.scala.codeInspection.collections.FilterEmptyCheckInspection
8352:             1             40  org.jetbrains.plugins.scala.codeInspection.collections.FilterHeadOptionInspection
8353:             1             40  org.jetbrains.plugins.scala.codeInspection.collections.FilterOtherContainsInspection
8354:             1             40  org.jetbrains.plugins.scala.codeInspection.collections.FilterSizeInspection
8355:             1             40  org.jetbrains.plugins.scala.codeInspection.collections.FindAndMapToApplyInspection
8356:             1             40  org.jetbrains.plugins.scala.codeInspection.collections.FindEmptyCheckInspection
8357:             1             40  org.jetbrains.plugins.scala.codeInspection.collections.FoldTrueAndInspection
8358:             1             40  org.jetbrains.plugins.scala.codeInspection.collections.GetGetOrElseInspection
8359:             1             40  org.jetbrains.plugins.scala.codeInspection.collections.GetOrElseNullInspection
8360:             1             40  org.jetbrains.plugins.scala.codeInspection.collections.HeadOrLastOptionInspection
8361:             1             40  org.jetbrains.plugins.scala.codeInspection.collections.IfElseToFilteredOptionInspection
8362:             1             40  org.jetbrains.plugins.scala.codeInspection.collections.IfElseToOptionInspection
8363:             1             40  org.jetbrains.plugins.scala.codeInspection.collections.IndexBoundsCheckInspection
8364:             1             40  org.jetbrains.plugins.scala.codeInspection.collections.LastIndexToLastInspection
8365:             1             40  org.jetbrains.plugins.scala.codeInspection.collections.MapFlattenInspection
8366:             1             40  org.jetbrains.plugins.scala.codeInspection.collections.MapGetEmptinessCheckInspection
8367:             1             40  org.jetbrains.plugins.scala.codeInspection.collections.MapGetGetInspection
8368:             1             40  org.jetbrains.plugins.scala.codeInspection.collections.MapGetOrElseBooleanInspection
8369:             1             40  org.jetbrains.plugins.scala.codeInspection.collections.MapGetOrElseInspection
8370:             1             40  org.jetbrains.plugins.scala.codeInspection.collections.MapKeysInspection
8371:             1             40  org.jetbrains.plugins.scala.codeInspection.collections.MapLiftInspection
8372:             1             40  org.jetbrains.plugins.scala.codeInspection.collections.MapToBooleanContainsInspection
8373:             1             40  org.jetbrains.plugins.scala.codeInspection.collections.MapValuesInspection
8374:             1             40  org.jetbrains.plugins.scala.codeInspection.collections.OptionEqualsSomeToContainsInspection
8375:             1             40  org.jetbrains.plugins.scala.codeInspection.collections.RangeToIndicesInspection
8376:             1             40  org.jetbrains.plugins.scala.codeInspection.collections.RedundantCollectionConversionInspection
8377:             1             40  org.jetbrains.plugins.scala.codeInspection.collections.RedundantHeadOrLastOptionInspection
8378:             1             40  org.jetbrains.plugins.scala.codeInspection.collections.ReplaceToWithUntilInspection
8379:             1             40  org.jetbrains.plugins.scala.codeInspection.collections.ReverseIteratorInspection
8380:             1             40  org.jetbrains.plugins.scala.codeInspection.collections.ReverseMapInspection
8381:             1             40  org.jetbrains.plugins.scala.codeInspection.collections.ReverseTakeReverseInspection
8382:             1             40  org.jetbrains.plugins.scala.codeInspection.collections.SameElementsToEqualsInspection
8383:             1             40  org.jetbrains.plugins.scala.codeInspection.collections.SideEffectsInMonadicTransformationInspection
8384:             1             40  org.jetbrains.plugins.scala.codeInspection.collections.SizeToLengthInspection
8385:             1             40  org.jetbrains.plugins.scala.codeInspection.collections.SortFilterInspection
8386:             1             40  org.jetbrains.plugins.scala.codeInspection.collections.SortedMaxMinInspection
8387:             1             40  org.jetbrains.plugins.scala.codeInspection.collections.ToSetAndBackInspection
8388:             1             40  org.jetbrains.plugins.scala.codeInspection.collections.UnitInMapInspection
8389:             1             40  org.jetbrains.plugins.scala.codeInspection.collections.UnzipSingleElementInspection
8390:             1             40  org.jetbrains.plugins.scala.codeInspection.collections.ZeroIndexToHeadInspection
8391:             1             40  org.jetbrains.plugins.scala.codeInspection.collections.ZipWithIndexInspection
8392:             1             40  org.jetbrains.plugins.scala.codeInspection.syntacticClarification.ConcealedApplyCall
8393:             1             40  org.jetbrains.plugins.scala.console.actions.ScalaConsoleCleanAction
8394:             1             40  org.jetbrains.plugins.scala.console.actions.ScalaConsoleNewLineAction
8395:             1             40  org.jetbrains.plugins.scala.editor.mouseHandler.ShowQuickDocAtPinnedWindowFromTooltipAction
8396:             1             40  org.jetbrains.plugins.scala.lang.formatting.settings.ScalaLanguageCodeStyleSettingsProvider$
8397:             1             40  org.jetbrains.plugins.scala.lang.formatting.settings.ScalaLanguageCodeStyleSettingsProvider$WrappingAndBracesCustomGroupNames$
8398:             1             40  org.jetbrains.plugins.scala.lang.psi.api.statements.params.package$
8399:             1             40  org.jetbrains.plugins.scala.lang.psi.impl.toplevel.synthetic.SyntheticClasses$
8400:             1             40  org.jetbrains.plugins.scala.lang.psi.types.api.StdTypes$$anon$1
8401:             1             40  org.jetbrains.plugins.scala.lang.psi.types.api.StdTypes$$anon$2
8402:             1             40  org.jetbrains.plugins.scala.lang.psi.types.api.StdTypes$$anon$3
8403:             1             40  org.jetbrains.plugins.scala.lang.refactoring.extractTrait.ScalaExtractTraitAction
8404:             1             40  org.jetbrains.plugins.scala.lang.scaladoc.generate.ScaladocAction
8405:             1             40  org.jetbrains.plugins.scala.worksheet.actions.topmenu.CleanWorksheetAction
8406:             1             40  org.jetbrains.plugins.scala.worksheet.actions.topmenu.CopyWorksheetAction
8407:             1             40  org.jetbrains.plugins.scala.worksheet.actions.topmenu.RunWorksheetAction
8408:             1             40  org.jetbrains.plugins.terminal.action.RenameTerminalSessionAction
8409:             1             40  org.jetbrains.settingsRepository.git.GitRepositoryManager
8410:             1             40  org.languagetool.noop.NoopLanguage
8411:             1             40  org.languagetool.tagging.en.EnglishTagger
8412:             1             40  org.osmorc.run.OsgiConfigurationType
8413:             1             40  org.zmlx.hg4idea.HgProjectSettings$State
8414:             1             40  org.zmlx.hg4idea.action.HgCommitAndPushExecutorAction
8415:             1             40  org.zmlx.hg4idea.ignore.lang.HgIgnoreLanguage
8416:             1             40  scala.concurrent.duration.Duration$
8417:             1             40  scala.util.control.BreakControl
8418:             1             40  sun.awt.AWTAutoShutdown (java.desktop@11.0.7)
8419:             1             40  sun.awt.CGraphicsEnvironment (java.desktop@11.0.7)
8420:             1             40  sun.awt.resources.awt (java.desktop@11.0.7)
8421:             1             40  sun.awt.resources.awtosx (java.desktop@11.0.7)
8422:             1             40  sun.font.FontRunIterator (java.desktop@11.0.7)
8423:             1             40  sun.java2d.SurfaceDataProxy$1 (java.desktop@11.0.7)
8424:             1             40  sun.java2d.pipe.AAShapePipe$TileState (java.desktop@11.0.7)
8425:             1             40  sun.lwawt.macosx.LWCToolkit$AppleSpecificColor (java.desktop@11.0.7)
8426:             1             40  sun.net.idn.StringPrep (java.base@11.0.7)
8427:             1             40  sun.nio.ch.FileChannelImpl$Unmapper (java.base@11.0.7)
8428:             1             40  sun.nio.ch.FileLockImpl (java.base@11.0.7)
8429:             1             40  sun.nio.cs.StandardCharsets$Aliases (java.base@11.0.7)
8430:             1             40  sun.nio.cs.StandardCharsets$Cache (java.base@11.0.7)
8431:             1             40  sun.nio.cs.StandardCharsets$Classes (java.base@11.0.7)
8432:             1             40  sun.security.pkcs12.PKCS12KeyStore$DualFormatPKCS12 (java.base@11.0.7)
8433:             1             40  sun.security.ssl.Plaintext (java.base@11.0.7)
8434:             1             40  sun.security.ssl.TrustStoreManager$TrustStoreDescriptor (java.base@11.0.7)
8435:             1             40  sun.text.normalizer.UCharacterProperty$1 (java.base@11.0.7)
8436:             1             40  sun.util.resources.Bundles$1 (java.base@11.0.7)
8437:             1             32  [Lcom.android.resources.ResourceType$Kind;
8438:             1             32  [Lcom.android.tools.idea.gradle.notification.ProjectSyncStatusNotificationProvider$NotificationPanel$Type;
8439:             1             32  [Lcom.android.tools.idea.lint.ParcelableQuickFix$Operation;
8440:             1             32  [Lcom.android.tools.idea.run.profiler.CpuProfilerConfig$Technology;
8441:             1             32  [Lcom.android.tools.lint.detector.api.TextFormat;
8442:             1             32  [Lcom.carrotsearch.hppc.HashOrderMixing$Strategy;
8443:             1             32  [Lcom.fasterxml.jackson.core.JsonFactory$Feature;
8444:             1             32  [Lcom.fasterxml.jackson.core.JsonFactory$Feature;
8445:             2             32  [Lcom.fasterxml.jackson.databind.deser.Deserializers;
8446:             1             32  [Lcom.google.common.base.AbstractIterator$State;
8447:             1             32  [Lcom.google.common.base.AbstractIterator$State;
8448:             1             32  [Lcom.google.common.cache.LocalCache$Strength;
8449:             1             32  [Lcom.google.common.collect.AbstractIterator$State;
8450:             1             32  [Lcom.intellij.a.e.i;
8451:             1             32  [Lcom.intellij.charts.LineStepped;
8452:             1             32  [Lcom.intellij.codeHighlighting.TextEditorHighlightingPassRegistrar$Anchor;
8453:             1             32  [Lcom.intellij.codeInsight.NonCodeAnnotationsLineMarkerProvider$LineMarkerType;
8454:             1             32  [Lcom.intellij.codeInsight.daemon.impl.IntentionActionFilter;
8455:             1             32  [Lcom.intellij.codeInsight.daemon.impl.IntentionMenuContributor;
8456:             1             32  [Lcom.intellij.codeInsight.daemon.impl.analysis.FileHighlightingSetting;
8457:             1             32  [Lcom.intellij.codeInsight.editorActions.SmartBackspaceMode;
8458:             1             32  [Lcom.intellij.codeInsight.folding.impl.UpdateFoldRegionsOperation$ApplyDefaultStateMode;
8459:             1             32  [Lcom.intellij.codeInsight.intention.impl.SortContentAction$Sortable;
8460:             1             32  [Lcom.intellij.codeInsight.intention.impl.SortContentAction$SortingStrategy;
8461:             1             32  [Lcom.intellij.codeInsight.navigation.CtrlMouseHandler$BrowseMode;
8462:             1             32  [Lcom.intellij.codeInsight.preview.PreviewHintProvider;
8463:             1             32  [Lcom.intellij.codeInspection.EnhancedSwitchBackwardMigrationInspection$SwitchMigrationCase;
8464:             1             32  [Lcom.intellij.codeInspection.EnhancedSwitchMigrationInspection$SwitchConversion;
8465:             1             32  [Lcom.intellij.codeInspection.OptionalIsPresentInspection$OptionalIsPresentCase;
8466:             2             32  [Lcom.intellij.codeInspection.ProblemDescriptor;
8467:             1             32  [Lcom.intellij.codeInspection.XmlSuppressionProvider;
8468:             1             32  [Lcom.intellij.codeInspection.reflectiveAccess.JavaLangInvokeHandleSignatureInspection$CallChecker;
8469:             1             32  [Lcom.intellij.configurationStore.StateLoadPolicy;
8470:             1             32  [Lcom.intellij.configurationStore.TypeMarker;
8471:             1             32  [Lcom.intellij.database.actions.ActionStatus;
8472:             1             32  [Lcom.intellij.database.dataSource.DataSourceStorage$Format;
8473:             1             32  [Lcom.intellij.database.dataSource.LocalDataSource$Storage;
8474:             1             32  [Lcom.intellij.database.dataSource.srcStorage.DbSrcFileSystem$ItemType;
8475:             1             32  [Lcom.intellij.database.introspection.DBIntrospectionOptions$SourceLoading;
8476:             1             32  [Lcom.intellij.database.psi.DataSourceManager;
8477:             1             32  [Lcom.intellij.database.script.PersistenceConsoleProvider;
8478:             1             32  [Lcom.intellij.diagnostic.MessagePool$State;
8479:             1             32  [Lcom.intellij.diagnostic.PerformanceWatcher$CheckerState;
8480:             1             32  [Lcom.intellij.diagram.settings.DiagramConfigElement$Type;
8481:             1             32  [Lcom.intellij.diff.comparison.ComparisonPolicy;
8482:             1             32  [Lcom.intellij.dmserver.artifacts.plan.DMArtifactElementType;
8483:             1             32  [Lcom.intellij.dmserver.facet.DMUnitType;
8484:             1             32  [Lcom.intellij.dvcs.branch.DvcsSyncSettings$Value;
8485:             1             32  [Lcom.intellij.execution.ShortenCommandLine;
8486:             1             32  [Lcom.intellij.execution.configurations.GeneralCommandLine$ParentEnvironmentType;
8487:             1             32  [Lcom.intellij.execution.configurations.RunConfigurationSingletonPolicy;
8488:             1             32  [Lcom.intellij.execution.impl.RunConfigurationLevel;
8489:             1             32  [Lcom.intellij.execution.process.ProcessHandler$State;
8490:             1             32  [Lcom.intellij.facet.FacetTypeId;
8491:             1             32  [Lcom.intellij.flex.model.bc.OutputType;
8492:             1             32  [Lcom.intellij.flex.model.bc.TargetPlatform;
8493:             1             32  [Lcom.intellij.grazie.GrazieConfig$Version;
8494:             1             32  [Lcom.intellij.grazie.detector.LanguageDetector$Type;
8495:             1             32  [Lcom.intellij.grazie.grammar.strategy.GrammarCheckingStrategy$ElementBehavior;
8496:             1             32  [Lcom.intellij.ide.FileIconPatcher;
8497:             1             32  [Lcom.intellij.ide.HelpTooltip$Alignment;
8498:             1             32  [Lcom.intellij.ide.IconLayerProvider;
8499:             1             32  [Lcom.intellij.ide.IdeEventQueue$SearchEverywhereTypeaheadState;
8500:             1             32  [Lcom.intellij.ide.State;
8501:             1             32  [Lcom.intellij.ide.b.l.ay;
8502:             1             32  [Lcom.intellij.ide.browsers.DefaultBrowserPolicy;
8503:             1             32  [Lcom.intellij.ide.browsers.WebBrowserUrlProvider;
8504:             1             32  [Lcom.intellij.ide.diff.DirDiffSettings$CompareMode;
8505:             1             32  [Lcom.intellij.ide.gdpr.ConsentOptions$Permission;
8506:             1             32  [Lcom.intellij.ide.plugins.PluginNode$Status;
8507:             1             32  [Lcom.intellij.ide.projectWizard.ProjectCategory;
8508:             1             32  [Lcom.intellij.ide.ui.laf.darcula.DarculaUIUtil$Outline;
8509:             1             32  [Lcom.intellij.ide.util.projectWizard.ProjectTemplateParameterFactory;
8510:             1             32  [Lcom.intellij.idea.SocketLock$ActivationStatus;
8511:             1             32  [Lcom.intellij.internal.statistic.State;
8512:             1             32  [Lcom.intellij.internal.statistic.collectors.fus.actions.persistence.ToolWindowCollector$ToolWindowEventType;
8513:             1             32  [Lcom.intellij.internal.statistic.configurable.SendPeriod;
8514:             1             32  [Lcom.intellij.javascript.jest.scope.JestScopeKind;
8515:             1             32  [Lcom.intellij.javascript.protractor.scope.ProtractorScopeKind;
8516:             1             32  [Lcom.intellij.jpa.JpaImplementationProvider;
8517:             1             32  [Lcom.intellij.json.formatter.JsonCodeStyleSettings$PropertyAlignment;
8518:             1             32  [Lcom.intellij.lang.BracePair;
8519:             1             32  [Lcom.intellij.lang.MetaLanguage;
8520:             1             32  [Lcom.intellij.lang.folding.CustomFoldingProvider;
8521:             1             32  [Lcom.intellij.lang.javascript.buildTools.base.JsbtService;
8522:             1             32  [Lcom.intellij.lang.javascript.flex.flexunit.FlexUnitRunnerParameters$Scope;
8523:             1             32  [Lcom.intellij.lang.javascript.flex.run.FlashRunnerParameters$AirMobileRunTarget;
8524:             1             32  [Lcom.intellij.lang.javascript.flex.run.LauncherParameters$LauncherType;
8525:             1             32  [Lcom.intellij.lang.javascript.formatter.JSCodeStyleSettings$BooleanWithGlobalOption;
8526:             1             32  [Lcom.intellij.lang.javascript.formatter.JSCodeStyleSettings$JSXAttributeValuePresentation;
8527:             1             32  [Lcom.intellij.lang.javascript.formatter.JSCodeStyleSettings$PathMappingOption;
8528:             1             32  [Lcom.intellij.lang.javascript.formatter.JSCodeStyleSettings$TrailingCommaOption;
8529:             1             32  [Lcom.intellij.lang.javascript.inspections.JSEqualityComparisonWithCoercionInspection$Severity;
8530:             1             32  [Lcom.intellij.lang.typescript.compiler.TypeScriptCompilerSettings$TypeScriptCompilerVersionType;
8531:             1             32  [Lcom.intellij.microservices.EndpointsViewListener$ChangeType;
8532:             1             32  [Lcom.intellij.openapi.actionSystem.ActionToolbarPosition;
8533:             1             32  [Lcom.intellij.openapi.actionSystem.SplitButtonAction$SplitButton$MousePressType;
8534:             1             32  [Lcom.intellij.openapi.application.EdtReplacementThread;
8535:             1             32  [Lcom.intellij.openapi.command.UndoConfirmationPolicy;
8536:             1             32  [Lcom.intellij.openapi.command.impl.UndoManagerImpl$OperationState;
8537:             1             32  [Lcom.intellij.openapi.components.StateStorageChooserEx$Resolution;
8538:             1             32  [Lcom.intellij.openapi.diagnostic.FrequentEventDetector$Level;
8539:             1             32  [Lcom.intellij.openapi.editor.CaretVisualAttributes$Weight;
8540:             1             32  [Lcom.intellij.openapi.editor.EditorLinePainter;
8541:             1             32  [Lcom.intellij.openapi.editor.EditorMouseHoverPopupManager$Context$Relation;
8542:             1             32  [Lcom.intellij.openapi.editor.GenericLineWrapPositionStrategy$WrapCondition;
8543:             1             32  [Lcom.intellij.openapi.editor.Inlay$Placement;
8544:             1             32  [Lcom.intellij.openapi.editor.ex.BidiTextDirection;
8545:             1             32  [Lcom.intellij.openapi.editor.markup.LineMarkerRendererEx$Position;
8546:             1             32  [Lcom.intellij.openapi.editor.markup.TextAttributesEffectsBuilder$EffectSlot;
8547:             1             32  [Lcom.intellij.openapi.editor.toolbar.floating.VisibilityController$State;
8548:             1             32  [Lcom.intellij.openapi.externalSystem.ExternalSystemManager;
8549:             1             32  [Lcom.intellij.openapi.externalSystem.autoimport.ExternalSystemProjectTrackerSettings$AutoReloadType;
8550:             1             32  [Lcom.intellij.openapi.externalSystem.model.settings.LocationSettingType;
8551:             1             32  [Lcom.intellij.openapi.fileEditor.FileDocumentSynchronizationVetoer;
8552:             1             32  [Lcom.intellij.openapi.fileEditor.FileEditorPolicy;
8553:             1             32  [Lcom.intellij.openapi.fileEditor.FileEditorStateLevel;
8554:             1             32  [Lcom.intellij.openapi.fileEditor.impl.EditorTabColorProvider;
8555:             1             32  [Lcom.intellij.openapi.fileTypes.FileNameMatcher;
8556:             1             32  [Lcom.intellij.openapi.options.SchemeState;
8557:             1             32  [Lcom.intellij.openapi.progress.EmptyProgressIndicator$RunState;
8558:             1             32  [Lcom.intellij.openapi.progress.impl.CoreProgressManager$CheckCanceledBehavior;
8559:             1             32  [Lcom.intellij.openapi.project.DumbServiceImpl$State;
8560:             1             32  [Lcom.intellij.openapi.project.FileContentQueue$PreloadState;
8561:             2             32  [Lcom.intellij.openapi.projectRoots.ProjectJdkTable$Listener;
8562:             1             32  [Lcom.intellij.openapi.roots.DependencyScope;
8563:             1             32  [Lcom.intellij.openapi.roots.ModuleExtension;
8564:             1             32  [Lcom.intellij.openapi.roots.OrderEnumerationHandler$AddDependencyType;
8565:             1             32  [Lcom.intellij.openapi.roots.WatchedRootsProvider;
8566:             1             32  [Lcom.intellij.openapi.roots.impl.OrderEnumeratorBase$ProcessEntryActionType;
8567:             1             32  [Lcom.intellij.openapi.ui.DialogWrapper$IdeModalityType;
8568:             1             32  [Lcom.intellij.openapi.ui.Splitter$DividerPositionStrategy;
8569:             1             32  [Lcom.intellij.openapi.ui.Splitter$LackOfSpaceStrategy;
8570:             1             32  [Lcom.intellij.openapi.ui.popup.Balloon$Position;
8571:             1             32  [Lcom.intellij.openapi.updateSettings.impl.ChannelStatus;
8572:             1             32  [Lcom.intellij.openapi.util.IconLoader$CachedImageIcon$HandleNotFound;
8573:             2             32  [Lcom.intellij.openapi.util.ModificationTracker;
8574:             1             32  [Lcom.intellij.openapi.util.io.FileAttributes$Type;
8575:             1             32  [Lcom.intellij.openapi.vcs.VcsShowConfirmationOption$Value;
8576:             1             32  [Lcom.intellij.openapi.vcs.changes.Change$Type;
8577:             1             32  [Lcom.intellij.openapi.vcs.changes.conflicts.ChangelistConflictResolution;
8578:             1             32  [Lcom.intellij.openapi.vcs.ex.LocalLineStatusTracker$Mode;
8579:             1             32  [Lcom.intellij.openapi.vcs.impl.VcsEP;
8580:             1             32  [Lcom.intellij.openapi.vcs.impl.VcsInitialization$Status;
8581:             1             32  [Lcom.intellij.openapi.vfs.CharsetToolkit$GuessedEncoding;
8582:             1             32  [Lcom.intellij.openapi.vfs.VFileProperty;
8583:             1             32  [Lcom.intellij.openapi.vfs.encoding.EncodingProjectManagerImpl$BOMForNewUTF8Files;
8584:             1             32  [Lcom.intellij.openapi.wm.StatusBarWidgetProvider;
8585:             1             32  [Lcom.intellij.openapi.wm.ex.WindowManagerEx$WindowShadowMode;
8586:             1             32  [Lcom.intellij.openapi.wm.impl.KeyState;
8587:             1             32  [Lcom.intellij.openapi.wm.impl.TitleInfoProvider;
8588:             1             32  [Lcom.intellij.openapi.wm.impl.ToolWindowProperty;
8589:             1             32  [Lcom.intellij.openapi.wm.impl.status.IdeStatusBarImpl$Position;
8590:             1             32  [Lcom.intellij.platform.ProjectTemplateEP;
8591:             1             32  [Lcom.intellij.profiler.api.configurations.ProfilerConfigurationType;
8592:             1             32  [Lcom.intellij.psi.codeStyle.CodeStyleSettings$QuoteStyle;
8593:             1             32  [Lcom.intellij.psi.codeStyle.CodeStyleSettingsCustomizable$CommenterOption;
8594:             1             32  [Lcom.intellij.psi.codeStyle.CodeStyleSettingsCustomizable$OptionAnchor;
8595:             1             32  [Lcom.intellij.psi.codeStyle.CommonCodeStyleSettings$WrapOnTyping;
8596:             1             32  [Lcom.intellij.psi.codeStyle.FileIndentOptionsProvider;
8597:             1             32  [Lcom.intellij.psi.css.index.CssSupportedFileTypesProvider;
8598:             1             32  [Lcom.intellij.psi.impl.PsiTreeChangePreprocessor;
8599:             1             32  [Lcom.intellij.psi.impl.smartPointers.SmartPointerAnchorProvider;
8600:             1             32  [Lcom.intellij.psi.impl.source.resolve.reference.ProviderBinding;
8601:             1             32  [Lcom.intellij.psi.stubs.StubList$ChildrenStorage;
8602:             1             32  [Lcom.intellij.serviceContainer.ComponentManagerImpl$ContainerState;
8603:             1             32  [Lcom.intellij.sql.editor.SqlEditorOptions$QualificationType;
8604:             1             32  [Lcom.intellij.swagger.SpecificationType;
8605:             1             32  [Lcom.intellij.swagger.SwDownloadableFileType;
8606:             1             32  [Lcom.intellij.tasks.TaskType;
8607:             1             32  [Lcom.intellij.ui.AnActionButton;
8608:             1             32  [Lcom.intellij.ui.JBCardLayout$SwipeDirection;
8609:             1             32  [Lcom.intellij.ui.components.JBScrollPane$Alignment;
8610:             1             32  [Lcom.intellij.ui.components.JBScrollPane$Flip;
8611:             1             32  [Lcom.intellij.ui.components.ScrollSource;
8612:             1             32  [Lcom.intellij.ui.content.ContentManagerEvent$ContentOperation;
8613:             1             32  [Lcom.intellij.ui.icons.RowIcon$Alignment;
8614:             1             32  [Lcom.intellij.ui.paint.LinePainter2D$StrokeType;
8615:             1             32  [Lcom.intellij.ui.paint.PaintUtil$RoundingMode;
8616:             1             32  [Lcom.intellij.ui.scale.DerivedScaleType;
8617:             1             32  [Lcom.intellij.ui.stripe.ErrorStripePainter$Alignment;
8618:             1             32  [Lcom.intellij.ui.tabs.JBTabsPosition;
8619:             1             32  [Lcom.intellij.ui.tabs.impl.tabsLayout.TabsLayoutInfo;
8620:             1             32  [Lcom.intellij.ui.tree.LeafState;
8621:             1             32  [Lcom.intellij.ui.tree.TreeVisitor$Action;
8622:             1             32  [Lcom.intellij.usages.UsageTargetProvider;
8623:             1             32  [Lcom.intellij.util.Alarm$ThreadToUse;
8624:             1             32  [Lcom.intellij.util.LineSeparator;
8625:             1             32  [Lcom.intellij.util.containers.JBIterator$Do;
8626:             1             32  [Lcom.intellij.util.containers.TreeTraversal$BiOrderIt$Order;
8627:             1             32  [Lcom.intellij.util.diff.DiffTree$CompareResult;
8628:             1             32  [Lcom.intellij.util.indexing.FileBasedIndexImpl$FileIndexingState;
8629:             1             32  [Lcom.intellij.util.indexing.RebuildStatus;
8630:             1             32  [Lcom.intellij.util.messages.Topic$BroadcastDirection;
8631:             1             32  [Lcom.intellij.util.ui.Centerizer$TYPE;
8632:             1             32  [Lcom.intellij.util.ui.ThreeStateCheckBox$State;
8633:             1             32  [Lcom.intellij.util.ui.UIUtil$ComponentStyle;
8634:             1             32  [Lcom.intellij.util.ui.UIUtil$FontSize;
8635:             1             32  [Lcom.intellij.util.ui.tree.TreeModelAdapter$EventType;
8636:             1             32  [Lcom.intellij.vcs.log.data.CurrentBranchConditionCache$State;
8637:             1             32  [Lcom.intellij.vcs.log.data.VcsLogData$State;
8638:             1             32  [Lcom.intellij.vcs.log.data.index.VcsLogPathsIndex$ChangeKind;
8639:             1             32  [Lcom.intellij.webcore.libraries.ScriptingLibraryModel$LibraryLevel;
8640:             1             32  [Lcom.intellij.xdebugger.breakpoints.SuspendPolicy;
8641:             1             32  [Lcom.jetbrains.clones.configuration.RestrictedDuplicateScope;
8642:             1             32  [Lcom.jetbrains.plugins.webDeployment.config.PublishConfig$AutoUploadState;
8643:             1             32  [Lcom.jetbrains.plugins.webDeployment.config.PublishConfig$PromptOnRemoteOverwrite;
8644:             1             32  [Lcom.jetbrains.plugins.webDeployment.config.PublishConfig$TraceLevel;
8645:             1             32  [Lcom.jetbrains.plugins.webDeployment.config.sftp.HostKeyCheckingLevel;
8646:             1             32  [Lcom.siyeh.ig.callMatcher.CallMatcher$CallType;
8647:             1             32  [Lcom.siyeh.ig.methodmetrics.ParametersPerConstructorInspection$Scope;
8648:             1             32  [Lcom.siyeh.ig.performance.ToArrayCallWithZeroLengthArrayArgumentInspection$PreferEmptyArray;
8649:             1             32  [Lcom.sun.beans.util.Cache$Kind; (java.desktop@11.0.7)
8650:             1             32  [Lcom.sun.javafx.geom.Point2D; (javafx.graphics@11.0.7)
8651:             1             32  [Lcom.sun.javafx.scene.CssFlags; (javafx.graphics@11.0.7)
8652:             1             32  [Lcom.sun.javafx.scene.LayoutFlags; (javafx.graphics@11.0.7)
8653:             1             32  [Lcom.sun.javafx.scene.control.inputmap.KeyBinding$OptionalBoolean; (javafx.controls@11.0.7)
8654:             1             32  [Lcom.sun.javafx.sg.prism.NGNode$DirtyFlag; (javafx.graphics@11.0.7)
8655:             1             32  [Lcom.sun.javafx.sg.prism.NGShape$Mode; (javafx.graphics@11.0.7)
8656:             1             32  [Lcom.sun.javafx.sg.prism.NodeEffectInput$RenderType; (javafx.graphics@11.0.7)
8657:             1             32  [Lcom.sun.org.apache.xerces.internal.util.XMLAttributesImpl$Attribute; (java.xml@11.0.7)
8658:             1             32  [Lcom.sun.org.apache.xerces.internal.utils.XMLSecurityManager$NameMap; (java.xml@11.0.7)
8659:             1             32  [Lcom.sun.prism.PhongMaterial$MapType; (javafx.graphics@11.0.7)
8660:             1             32  [Lcom.sun.prism.PixelFormat$DataType; (javafx.graphics@11.0.7)
8661:             1             32  [Lcom.sun.prism.Texture$Usage; (javafx.graphics@11.0.7)
8662:             1             32  [Lcom.sun.prism.Texture; (javafx.graphics@11.0.7)
8663:             1             32  [Lcom.sun.prism.es2.GLGPUInfo; (javafx.graphics@11.0.7)
8664:             1             32  [Lcom.sun.prism.impl.PrismSettings$RasterizerType; (javafx.graphics@11.0.7)
8665:             1             32  [Lcom.sun.prism.paint.Paint$Type; (javafx.graphics@11.0.7)
8666:             1             32  [Lcom.sun.scenario.effect.AbstractShadow$ShadowMode; (javafx.graphics@11.0.7)
8667:             1             32  [Lcom.sun.scenario.effect.impl.Renderer$RendererState; (javafx.graphics@11.0.7)
8668:             1             32  [Lde.plushnikov.intellij.plugin.action.lombok.BaseLombokHandler;
8669:             1             32  [Lde.plushnikov.intellij.plugin.extension.LombokHighlightErrorFilter$LombokHighlightFilter;
8670:             1             32  [Lde.plushnikov.intellij.plugin.inspection.modifiers.RedundantModifiersInfoType;
8671:             1             32  [Lgit4idea.commands.GitAuthenticationMode;
8672:             1             32  [Lgit4idea.commands.GitCommand$LockingPolicy;
8673:             1             32  [Lgit4idea.config.GitIncomingCheckStrategy;
8674:             1             32  [Lgit4idea.config.GitVcsApplicationSettings$AnnotateDetectMovementsOption;
8675:             1             32  [Lgit4idea.config.UpdateMethod;
8676:             1             32  [Lgit4idea.history.GitCommitRequirements$DiffInMergeCommits;
8677:             1             32  [Lgit4idea.history.GitCommitRequirements$DiffRenameLimit;
8678:             1             32  [Lgnu.trove.TIntHashSet;
8679:             1             32  [Lio.netty.buffer.PoolArena$SizeClass;
8680:             1             32  [Lio.netty.util.ResourceLeakDetector$Level;
8681:             1             32  [Lio.netty.util.concurrent.EventExecutor;
8682:             1             32  [Ljava.awt.Dialog$ModalExclusionType; (java.desktop@11.0.7)
8683:             1             32  [Ljava.awt.Dialog$ModalityType; (java.desktop@11.0.7)
8684:             1             32  [Ljava.awt.EventFilter$FilterAction; (java.desktop@11.0.7)
8685:             1             32  [Ljava.awt.GraphicsDevice$WindowTranslucency; (java.desktop@11.0.7)
8686:             1             32  [Ljava.awt.Window$Type; (java.desktop@11.0.7)
8687:             1             32  [Ljava.awt.image.ColorModel; (java.desktop@11.0.7)
8688:             2             32  [Ljava.io.File; (java.base@11.0.7)
8689:             1             32  [Ljava.io.ObjectInputFilter$Status; (java.base@11.0.7)
8690:             1             32  [Ljava.lang.OutOfMemoryError; (java.base@11.0.7)
8691:             1             32  [Ljava.lang.ProcessImpl$Platform; (java.base@11.0.7)
8692:             1             32  [Ljava.lang.StackStreamFactory$WalkerState; (java.base@11.0.7)
8693:             1             32  [Ljava.lang.invoke.StringConcatFactory$Mode; (java.base@11.0.7)
8694:             2             32  [Ljava.net.NetworkInterface; (java.base@11.0.7)
8695:             1             32  [Ljava.net.Proxy$Type; (java.base@11.0.7)
8696:             1             32  [Ljava.nio.file.AccessMode; (java.base@11.0.7)
8697:             1             32  [Ljava.nio.file.FileTreeWalker$EventType; (java.base@11.0.7)
8698:             1             32  [Ljava.nio.file.FileVisitResult; (java.base@11.0.7)
8699:             1             32  [Ljava.nio.file.StandardCopyOption; (java.base@11.0.7)
8700:             1             32  [Ljava.text.Normalizer$Form; (java.base@11.0.7)
8701:             1             32  [Ljava.time.format.DateTimeFormatterBuilder$SettingsParser; (java.base@11.0.7)
8702:             1             32  [Ljava.time.format.ResolverStyle; (java.base@11.0.7)
8703:             1             32  [Ljava.time.temporal.IsoFields$Field; (java.base@11.0.7)
8704:             1             32  [Ljava.time.temporal.JulianFields$Field; (java.base@11.0.7)
8705:             1             32  [Ljava.util.LinkedHashMap; (java.base@11.0.7)
8706:             1             32  [Ljava.util.regex.Pattern$Qtype; (java.base@11.0.7)
8707:             1             32  [Ljava.util.stream.MatchOps$MatchKind; (java.base@11.0.7)
8708:             1             32  [Ljava.util.stream.StreamShape; (java.base@11.0.7)
8709:             1             32  [Ljavafx.geometry.HPos; (javafx.graphics@11.0.7)
8710:             1             32  [Ljavafx.geometry.NodeOrientation; (javafx.graphics@11.0.7)
8711:             1             32  [Ljavafx.geometry.Side; (javafx.graphics@11.0.7)
8712:             1             32  [Ljavafx.geometry.VPos; (javafx.graphics@11.0.7)
8713:             1             32  [Ljavafx.scene.DepthTest; (javafx.graphics@11.0.7)
8714:             1             32  [Ljavafx.scene.input.KeyCombination$ModifierValue; (javafx.graphics@11.0.7)
8715:             1             32  [Ljavafx.scene.layout.BackgroundRepeat; (javafx.graphics@11.0.7)
8716:             1             32  [Ljavafx.scene.shape.StrokeLineCap; (javafx.graphics@11.0.7)
8717:             1             32  [Ljavafx.scene.shape.StrokeLineJoin; (javafx.graphics@11.0.7)
8718:             1             32  [Ljavafx.scene.shape.StrokeType; (javafx.graphics@11.0.7)
8719:             1             32  [Ljavafx.scene.text.TextAlignment; (javafx.graphics@11.0.7)
8720:             1             32  [Ljavafx.scene.text.TextBoundsType; (javafx.graphics@11.0.7)
8721:             1             32  [Ljavax.swing.ClientPropertyKey; (java.desktop@11.0.7)
8722:             2             32  [Ljavax.swing.JComponent; (java.desktop@11.0.7)
8723:             2             32  [Ljavax.swing.MenuElement; (java.desktop@11.0.7)
8724:             1             32  [Ljavax.swing.UIManager$LookAndFeelInfo; (java.desktop@11.0.7)
8725:             1             32  [Ljavax.swing.text.PlainView$FPMethodArgs; (java.desktop@11.0.7)
8726:             1             32  [Ljavax.swing.text.html.CSS$CssValue; (java.desktop@11.0.7)
8727:             1             32  [Ljavax.xml.catalog.CatalogFeatures$Feature; (java.xml@11.0.7)
8728:             1             32  [Ljdk.internal.logger.BootstrapLogger$LoggingBackend; (java.base@11.0.7)
8729:             1             32  [Ljdk.internal.module.IllegalAccessLogger$Mode; (java.base@11.0.7)
8730:             1             32  [Lkotlin.LazyThreadSafetyMode;
8731:             1             32  [Lkotlin.LazyThreadSafetyMode;
8732:             1             32  [Lkotlin.collections.State;
8733:             1             32  [Lkotlin.coroutines.intrinsics.CoroutineSingletons;
8734:             1             32  [Lkotlin.coroutines.intrinsics.CoroutineSingletons;
8735:             1             32  [Lkotlin.reflect.KVisibility;
8736:             1             32  [Lkotlin.reflect.jvm.internal.impl.builtins.functions.FunctionClassDescriptor$Kind;
8737:             1             32  [Lkotlin.reflect.jvm.internal.impl.builtins.functions.FunctionClassDescriptor$Kind;
8738:             1             32  [Lkotlin.reflect.jvm.internal.impl.builtins.jvm.JvmBuiltIns$Kind;
8739:             1             32  [Lkotlin.reflect.jvm.internal.impl.descriptors.CallableMemberDescriptor$Kind;
8740:             1             32  [Lkotlin.reflect.jvm.internal.impl.descriptors.Modality;
8741:             1             32  [Lkotlin.reflect.jvm.internal.impl.load.java.BuiltinMethodsWithSpecialGenericSignature$TypeSafeBarrierDescription;
8742:             1             32  [Lkotlin.reflect.jvm.internal.impl.load.java.lazy.types.JavaTypeFlexibility;
8743:             1             32  [Lkotlin.reflect.jvm.internal.impl.load.kotlin.AbstractBinaryClassAnnotationAndConstantLoader$PropertyRelatedElement;
8744:             1             32  [Lkotlin.reflect.jvm.internal.impl.metadata.ProtoBuf$QualifiedNameTable$QualifiedName$Kind;
8745:             1             32  [Lkotlin.reflect.jvm.internal.impl.metadata.ProtoBuf$Type$Argument$Projection;
8746:             1             32  [Lkotlin.reflect.jvm.internal.impl.metadata.ProtoBuf$TypeParameter$Variance;
8747:             1             32  [Lkotlin.reflect.jvm.internal.impl.metadata.ProtoBuf$VersionRequirement$Level;
8748:             1             32  [Lkotlin.reflect.jvm.internal.impl.metadata.ProtoBuf$VersionRequirement$VersionKind;
8749:             1             32  [Lkotlin.reflect.jvm.internal.impl.metadata.jvm.JvmProtoBuf$StringTableTypes$Record$Operation;
8750:             1             32  [Lkotlin.reflect.jvm.internal.impl.resolve.ExternalOverridabilityCondition$Contract;
8751:             1             32  [Lkotlin.reflect.jvm.internal.impl.resolve.ExternalOverridabilityCondition$Result;
8752:             1             32  [Lkotlin.reflect.jvm.internal.impl.resolve.OverridingUtil$OverrideCompatibilityInfo$Result;
8753:             1             32  [Lkotlin.reflect.jvm.internal.impl.serialization.deserialization.AnnotatedCallableKind;
8754:             1             32  [Lkotlin.reflect.jvm.internal.impl.serialization.deserialization.descriptors.DeserializedMemberDescriptor$CoroutinesCompatibilityMode;
8755:             1             32  [Lkotlin.reflect.jvm.internal.impl.storage.LockBasedStorageManager$NotValue;
8756:             1             32  [Lkotlin.reflect.jvm.internal.impl.types.TypeSubstitutor$VarianceConflictType;
8757:             1             32  [Lkotlin.reflect.jvm.internal.impl.types.Variance;
8758:             1             32  [Lkotlin.reflect.jvm.internal.impl.types.checker.TypeCheckingProcedure$EnrichedProjectionKind;
8759:             1             32  [Lkotlin.reflect.jvm.internal.impl.utils.ReportLevel;
8760:             1             32  [Lkotlinx.coroutines.CoroutineStart;
8761:             1             32  [Lnet.jpountz.lz4.LZ4FrameOutputStream$BLOCKSIZE;
8762:             1             32  [Lorg.angular2.inspections.AngularModuleConfigurationInspection$ProblemType;
8763:             1             32  [Lorg.antlr.v4.runtime.atn.PredictionMode;
8764:             1             32  [Lorg.apache.xerces.impl.dv.xs.AbstractDateTimeDV$DateTimeData;
8765:             1             32  [Lorg.bouncycastle.crypto.PasswordConverter;
8766:             1             32  [Lorg.imgscalr.Scalr$Mode;
8767:             1             32  [Lorg.intellij.lang.xpath.xslt.impl.XsltChecker$LanguageLevel;
8768:             1             32  [Lorg.intellij.lang.xpath.xslt.run.XsltRunConfiguration$OutputType;
8769:             1             32  [Lorg.intellij.markdown.flavours.gfm.TablesGeneratingProvider$Alignment;
8770:             1             32  [Lorg.intellij.markdown.parser.markerblocks.MarkerBlock$ClosingAction;
8771:             1             32  [Lorg.intellij.plugins.intelliLang.Configuration$DfaOption;
8772:             1             32  [Lorg.intellij.plugins.markdown.ui.actions.styling.BaseToggleStateAction$SelectionState;
8773:             1             32  [Lorg.jdom.output.Format$TextMode;
8774:             1             32  [Lorg.jetbrains.concurrency.Promise$State;
8775:             1             32  [Lorg.jetbrains.idea.devkit.inspections.DescriptionType;
8776:             1             32  [Lorg.jetbrains.idea.devkit.util.ComponentType;
8777:             1             32  [Lorg.jetbrains.idea.maven.execution.MavenExecutionOptions$ChecksumPolicy;
8778:             1             32  [Lorg.jetbrains.idea.maven.execution.MavenExecutionOptions$FailureMode;
8779:             1             32  [Lorg.jetbrains.idea.maven.execution.MavenExecutionOptions$PluginUpdatePolicy;
8780:             1             32  [Lorg.jetbrains.idea.maven.project.MavenImportingSettings$GeneratedSourcesFolder;
8781:             1             32  [Lorg.jetbrains.idea.maven.tasks.MavenTasksManager$Phase;
8782:             1             32  [Lorg.jetbrains.idea.svn.SvnConfiguration$SSLProtocols;
8783:             1             32  [Lorg.jetbrains.idea.svn.SvnConfiguration$SshConnectionType;
8784:             1             32  [Lorg.jetbrains.jps.model.module.JpsModuleSourceRootType;
8785:             1             32  [Lorg.jetbrains.kotlin.builtins.functions.FunctionClassDescriptor$Kind;
8786:             1             32  [Lorg.jetbrains.kotlin.config.ExplicitApiMode;
8787:             1             32  [Lorg.jetbrains.kotlin.config.JVMAssertionsMode;
8788:             1             32  [Lorg.jetbrains.kotlin.config.JvmDefaultMode;
8789:             1             32  [Lorg.jetbrains.kotlin.config.KotlinModuleKind;
8790:             1             32  [Lorg.jetbrains.kotlin.config.KotlinMultiplatformVersion;
8791:             1             32  [Lorg.jetbrains.kotlin.config.LanguageFeature$Kind;
8792:             1             32  [Lorg.jetbrains.kotlin.config.LanguageFeature$State;
8793:             1             32  [Lorg.jetbrains.kotlin.diagnostics.Severity;
8794:             1             32  [Lorg.jetbrains.kotlin.idea.intentions.ConvertToScopeIntention$ScopeFunction;
8795:             1             32  [Lorg.jetbrains.kotlin.idea.platform.IdePlatformKindTooling;
8796:             1             32  [Lorg.jetbrains.kotlin.load.java.BuiltinMethodsWithSpecialGenericSignature$TypeSafeBarrierDescription;
8797:             1             32  [Lorg.jetbrains.kotlin.name.State;
8798:             1             32  [Lorg.jetbrains.kotlin.platform.IdePlatformKind;
8799:             2             32  [Lorg.jetbrains.kotlin.psi.KtClass;
8800:             1             32  [Lorg.jetbrains.kotlin.renderer.AnnotationArgumentsRenderingPolicy;
8801:             1             32  [Lorg.jetbrains.kotlin.renderer.OverrideRenderingPolicy;
8802:             1             32  [Lorg.jetbrains.kotlin.renderer.ParameterNameRenderingPolicy;
8803:             1             32  [Lorg.jetbrains.kotlin.renderer.PropertyAccessorRenderingPolicy;
8804:             1             32  [Lorg.jetbrains.kotlin.tools.projectWizard.plugins.buildSystem.BuildSystemType;
8805:             1             32  [Lorg.jetbrains.kotlin.tools.projectWizard.plugins.kotlin.ModuleType;
8806:             1             32  [Lorg.jetbrains.kotlin.tools.projectWizard.settings.buildsystem.ModuleKind;
8807:             1             32  [Lorg.jetbrains.kotlin.tools.projectWizard.transformers.interceptors.InterceptionPoint;
8808:             1             32  [Lorg.jetbrains.kotlin.tools.projectWizard.wizard.service.IdeaWizardService;
8809:             1             32  [Lorg.jetbrains.plugins.github.util.GithubAuthData$AuthType;
8810:             1             32  [Lorg.jetbrains.plugins.gradle.settings.DistributionType;
8811:             1             32  [Lorg.jetbrains.plugins.gradle.settings.TestRunner;
8812:             1             32  [Lorg.jetbrains.plugins.grails.runner.GrailsCommandExecutor;
8813:             1             32  [Lorg.jetbrains.plugins.scala.lang.formatting.settings.ScalaCodeStyleSettings$TrailingCommaMode;
8814:             1             32  [Lorg.jetbrains.plugins.scala.project.CompileOrder;
8815:             1             32  [Lorg.jetbrains.plugins.scala.project.VersionStatus;
8816:             1             32  [Lorg.jetbrains.plugins.scala.settings.ScalaApplicationSettings$ReturnTypeLevel;
8817:             1             32  [Lorg.jetbrains.plugins.scala.settings.ScalaApplicationSettings$pluginBranch;
8818:             1             32  [Lorg.jetbrains.plugins.scala.settings.ScalaProjectSettings$Ivy2IndexingMode;
8819:             1             32  [Lorg.jetbrains.plugins.scala.settings.ScalaProjectSettings$ScFileMode;
8820:             1             32  [Lorg.jetbrains.plugins.scala.settings.ScalaProjectSettings$ScalaCollectionHighlightingLevel;
8821:             1             32  [Lorg.jetbrains.plugins.scala.settings.ScalaProjectSettings$ScalaMetaMode;
8822:             1             32  [Lorg.jetbrains.plugins.scala.settings.ScalaProjectSettings$TrailingCommasMode;
8823:             1             32  [Lorg.jetbrains.plugins.textmate.bundles.BundleType;
8824:             1             32  [Lorg.jetbrains.settingsRepository.SyncType;
8825:             1             32  [Lorg.jetbrains.uast.UastLanguagePlugin;
8826:             1             32  [Lorg.languagetool.JLanguageTool$Mode;
8827:             1             32  [Lorg.languagetool.JLanguageTool$ParagraphHandling;
8828:             1             32  [Lorg.owasp.html.HtmlLexer$State;
8829:             1             32  [Lorg.zmlx.hg4idea.provider.update.HgUpdateType;
8830:             1             32  [Lsun.awt.AppContext$State; (java.desktop@11.0.7)
8831:             1             32  [Lsun.font.PhysicalStrike; (java.desktop@11.0.7)
8832:             1             32  [Lsun.java2d.StateTrackable$State; (java.desktop@11.0.7)
8833:             1             32  [Lsun.java2d.marlin.DMarlinRenderingEngine$NormMode; (java.desktop@11.0.7)
8834:             1             32  [Lsun.lwawt.LWComponentPeer; (java.desktop@11.0.7)
8835:             1             32  [Lsun.net.www.protocol.http.HttpURLConnection$TunnelState; (java.base@11.0.7)
8836:             1             32  [Lsun.security.provider.NativePRNG$Variant; (java.base@11.0.7)
8837:             1             32  [Lsun.security.ssl.CipherSuite$HashAlg; (java.base@11.0.7)
8838:             1             32  [Lsun.security.ssl.CipherType; (java.base@11.0.7)
8839:             1             32  [Lsun.security.ssl.ClientAuthType; (java.base@11.0.7)
8840:             1             32  [Lsun.security.ssl.ECPointFormatsExtension$ECPointFormat; (java.base@11.0.7)
8841:             1             32  [Lsun.security.ssl.Finished$VerifyDataScheme; (java.base@11.0.7)
8842:             1             32  [Lsun.security.ssl.SSLMasterKeyDerivation; (java.base@11.0.7)
8843:             1             32  [Lsun.security.ssl.SSLTrafficKeyDerivation; (java.base@11.0.7)
8844:             1             32  [Lsun.security.ssl.SignatureScheme$SigAlgParamSpec; (java.base@11.0.7)
8845:             1             32  [[Ljavax.swing.text.html.CSS$Attribute; (java.desktop@11.0.7)
8846:             1             32  b.a.b
8847:             1             32  com.alibaba.p3c.idea.action.AliInspectionAction
8848:             1             32  com.alibaba.p3c.idea.action.ToggleProjectInspectionAction
8849:             1             32  com.alibaba.p3c.idea.component.AliProjectComponent
8850:             2             32  com.android.ide.common.repository.GradleCoordinate$GradleCoordinateComparator
8851:             1             32  com.android.tools.idea.actions.AndroidAddRtlSupportAction
8852:             1             32  com.android.tools.idea.actions.ConvertToNinePatchAction
8853:             1             32  com.android.tools.idea.actions.CreateSampleDataDirectory
8854:             1             32  com.android.tools.idea.actions.DevicePickerHelpAction
8855:             1             32  com.android.tools.idea.actions.ExportProjectZip
8856:             1             32  com.android.tools.idea.actions.LegacyNewAndroidComponentAction
8857:             1             32  com.android.tools.idea.actions.NewImageAssetAction
8858:             1             32  com.android.tools.idea.actions.NewVectorAssetAction
8859:             1             32  com.android.tools.idea.actions.OpenStringResourceEditorAction
8860:             1             32  com.android.tools.idea.apk.ApkFacetType
8861:             1             32  com.android.tools.idea.apk.viewer.AnalyzeApkAction
8862:             1             32  com.android.tools.idea.common.actions.RestoreDefaultWindowLayoutAction
8863:             1             32  com.android.tools.idea.common.actions.StoreDefaultWindowLayoutAction
8864:             2             32  com.android.tools.idea.databinding.DataBindingProjectComponent$1
8865:             1             32  com.android.tools.idea.databinding.LayoutBindingProjectComponent
8866:             2             32  com.android.tools.idea.databinding.analytics.LayoutBindingTracker
8867:             1             32  com.android.tools.idea.editors.layoutInspector.actions.AndroidRunLayoutInspectorAction
8868:             2             32  com.android.tools.idea.editors.sqlite.SqliteFileType
8869:             1             32  com.android.tools.idea.explorer.actions.GotoDatabaseFolderAction
8870:             1             32  com.android.tools.idea.explorer.actions.GotoSdcardFolderAction
8871:             1             32  com.android.tools.idea.explorer.actions.GotoSharedPrefsFolderAction
8872:             1             32  com.android.tools.idea.explorer.actions.HelpAction
8873:             2             32  com.android.tools.idea.fileTypes.profiler.CpuCaptureFileType
8874:             2             32  com.android.tools.idea.fileTypes.profiler.MemoryCaptureFileType
8875:             1             32  com.android.tools.idea.gradle.actions.BuildApkAction
8876:             1             32  com.android.tools.idea.gradle.actions.BuildBundleAction
8877:             1             32  com.android.tools.idea.gradle.actions.CleanProjectAction
8878:             1             32  com.android.tools.idea.gradle.actions.EditBuildTypesAction
8879:             1             32  com.android.tools.idea.gradle.actions.EditFlavorsAction
8880:             1             32  com.android.tools.idea.gradle.actions.EditLibraryAndDependenciesAction
8881:             1             32  com.android.tools.idea.gradle.actions.EnableInstantAppsSupportAction
8882:             1             32  com.android.tools.idea.gradle.actions.LibraryPropertiesAction
8883:             1             32  com.android.tools.idea.gradle.actions.LinkExternalCppProjectAction
8884:             1             32  com.android.tools.idea.gradle.actions.RefreshLinkedCppProjectsAction
8885:             1             32  com.android.tools.idea.gradle.actions.SelectBuildVariantAction
8886:             1             32  com.android.tools.idea.gradle.actions.SyncProjectAction
8887:             1             32  com.android.tools.idea.gradle.project.FixAndroidRunConfigurationsAction
8888:             1             32  com.android.tools.idea.gradle.project.GradleProjectInfo
8889:             1             32  com.android.tools.idea.gradle.project.facet.gradle.GradleFacetType
8890:             1             32  com.android.tools.idea.gradle.project.facet.java.JavaFacetType
8891:             1             32  com.android.tools.idea.gradle.project.facet.ndk.NdkFacetType
8892:             1             32  com.android.tools.idea.gradle.run.MakeBeforeRunTask
8893:             1             32  com.android.tools.idea.gradle.run.MakeBeforeRunTaskProvider
8894:             1             32  com.android.tools.idea.lang.aidl.AidlLanguage
8895:             1             32  com.android.tools.idea.lang.androidSql.AndroidSqlLanguage
8896:             1             32  com.android.tools.idea.lang.databinding.config.DbLanguage
8897:             1             32  com.android.tools.idea.lang.multiDexKeep.MultiDexKeepLanguage
8898:             1             32  com.android.tools.idea.lang.proguard.ProguardLanguage
8899:             1             32  com.android.tools.idea.lang.proguardR8.ProguardR8Language
8900:             1             32  com.android.tools.idea.lang.rs.RenderscriptLanguage
8901:             1             32  com.android.tools.idea.model.MergedManifestRefreshListener$SubscriptionComponent
8902:             1             32  com.android.tools.idea.profilers.ChooseProfileConfigurationPopupAction
8903:             1             32  com.android.tools.idea.refactoring.modularize.AndroidModularizeAction
8904:             1             32  com.android.tools.idea.rendering.webp.ConvertFromWebpAction
8905:             1             32  com.android.tools.idea.rendering.webp.ConvertToWebpAction
8906:             1             32  com.android.tools.idea.res.ProjectLightResourceClassService
8907:             1             32  com.android.tools.idea.res.PsiProjectListener
8908:             1             32  com.android.tools.idea.res.ResourceFolderRegistry
8909:             1             32  com.android.tools.idea.run.AndroidRunConfigurationType
8910:             1             32  com.android.tools.idea.run.DeploymentService
8911:             1             32  com.android.tools.idea.run.deployment.RunOnMultipleDevicesAction
8912:             1             32  com.android.tools.idea.sampledata.AddSampleDataFileAction
8913:             1             32  com.android.tools.idea.smali.SmaliLanguage
8914:             1             32  com.android.tools.idea.startup.ClearResourceCacheAfterFirstBuild
8915:             1             32  com.android.tools.idea.testartifacts.junit.AndroidJUnitAddToTestsPatternAction
8916:             1             32  com.android.tools.idea.testartifacts.junit.AndroidJUnitExcludeFromRunAction
8917:             1             32  com.android.tools.idea.ui.resourcemanager.actions.OpenResourceManagerAction
8918:             1             32  com.android.tools.idea.ui.resourcemanager.actions.ShowFileInResourceManagerAction
8919:             1             32  com.android.tools.idea.uibuilder.handlers.ViewHandlerManager
8920:             1             32  com.android.tools.idea.uibuilder.palette.NlPaletteModel
8921:             1             32  com.android.tools.idea.uibuilder.property.editors.NlPropertyEditors
8922:             1             32  com.android.tools.idea.uibuilder.property.editors.NlXmlEditors
8923:             1             32  com.android.tools.idea.updater.configure.RunSdkConfigAction
8924:             1             32  com.apple.eawt._AppEventHandler$_AboutDispatcher (java.desktop@11.0.7)
8925:             1             32  com.apple.eawt._AppEventHandler$_AppForegroundDispatcher (java.desktop@11.0.7)
8926:             1             32  com.apple.eawt._AppEventHandler$_AppReOpenedDispatcher (java.desktop@11.0.7)
8927:             1             32  com.apple.eawt._AppEventHandler$_HiddenAppDispatcher (java.desktop@11.0.7)
8928:             1             32  com.apple.eawt._AppEventHandler$_PreferencesDispatcher (java.desktop@11.0.7)
8929:             1             32  com.apple.eawt._AppEventHandler$_QuitDispatcher (java.desktop@11.0.7)
8930:             1             32  com.apple.eawt._AppEventHandler$_ScreenSleepDispatcher (java.desktop@11.0.7)
8931:             1             32  com.apple.eawt._AppEventHandler$_SystemSleepDispatcher (java.desktop@11.0.7)
8932:             1             32  com.apple.eawt._AppEventHandler$_UserSessionDispatcher (java.desktop@11.0.7)
8933:             2             32  com.apple.laf.AquaFocusHandler (java.desktop@11.0.7)
8934:             2             32  com.apple.laf.AquaIcon$SystemIconSingleton (java.desktop@11.0.7)
8935:             1             32  com.apple.laf.AquaLookAndFeel (java.desktop@11.0.7)
8936:             1             32  com.apple.laf.AquaPainter$AquaNineSlicingImagePainter (java.desktop@11.0.7)
8937:             1             32  com.fasterxml.jackson.annotation.JsonInclude$Value
8938:             1             32  com.fasterxml.jackson.core.io.SerializedString
8939:             1             32  com.fasterxml.jackson.core.sym.CharsToNameCanonicalizer$TableInfo
8940:             1             32  com.fasterxml.jackson.core.sym.CharsToNameCanonicalizer$TableInfo
8941:             1             32  com.fasterxml.jackson.databind.cfg.DeserializerFactoryConfig
8942:             1             32  com.fasterxml.jackson.databind.introspect.VisibilityChecker$Std
8943:             2             32  com.fasterxml.jackson.databind.node.JsonNodeFactory
8944:             1             32  com.fasterxml.jackson.databind.ser.std.CalendarSerializer
8945:             1             32  com.fasterxml.jackson.databind.ser.std.DateSerializer
8946:             1             32  com.fasterxml.jackson.databind.ser.std.NumberSerializers$FloatSerializer
8947:             1             32  com.fasterxml.jackson.databind.ser.std.NumberSerializers$IntLikeSerializer
8948:             1             32  com.fasterxml.jackson.databind.ser.std.NumberSerializers$ShortSerializer
8949:             1             32  com.fasterxml.jackson.databind.type.TypeBindings
8950:             1             32  com.fasterxml.jackson.databind.type.TypeFactory
8951:             2             32  com.google.common.base.CharMatcher$Is
8952:             2             32  com.google.common.base.Splitter$1
8953:             2             32  com.google.common.collect.Count
8954:             1             32  com.google.common.collect.Iterators$ArrayItr
8955:             1             32  com.google.common.hash.MessageDigestHashFunction
8956:             2             32  com.google.gson.internal.LinkedTreeMap$KeySet
8957:             1             32  com.google.protobuf.ExtensionRegistry
8958:             1             32  com.intellij.a.a.a.a
8959:             1             32  com.intellij.aop.psi.AopPointcutExpressionLanguage
8960:             1             32  com.intellij.application.ShowExperimentsAction
8961:             1             32  com.intellij.application.options.codeStyle.arrangement.action.AddArrangementRuleAction
8962:             1             32  com.intellij.application.options.codeStyle.arrangement.action.AddArrangementSectionRuleAction
8963:             1             32  com.intellij.application.options.codeStyle.arrangement.action.EditArrangementRuleAction
8964:             1             32  com.intellij.application.options.codeStyle.arrangement.action.EditRuleAliasesDefinitionAction
8965:             1             32  com.intellij.application.options.codeStyle.arrangement.action.MoveArrangementGroupingRuleDownAction
8966:             1             32  com.intellij.application.options.codeStyle.arrangement.action.MoveArrangementGroupingRuleUpAction
8967:             1             32  com.intellij.application.options.codeStyle.arrangement.action.MoveArrangementMatchingRuleDownAction
8968:             1             32  com.intellij.application.options.codeStyle.arrangement.action.MoveArrangementMatchingRuleUpAction
8969:             1             32  com.intellij.application.options.codeStyle.arrangement.action.RearrangeCodeAction
8970:             1             32  com.intellij.application.options.codeStyle.arrangement.action.RemoveArrangementRuleAction
8971:             1             32  com.intellij.application.options.codeStyle.arrangement.action.tokens.AddArrangementAliasRuleAction
8972:             1             32  com.intellij.application.options.codeStyle.arrangement.action.tokens.EditArrangementAliasRuleAction
8973:             1             32  com.intellij.application.options.codeStyle.arrangement.action.tokens.MoveArrangementAliasRuleDownAction
8974:             1             32  com.intellij.application.options.codeStyle.arrangement.action.tokens.MoveArrangementAliasRuleUpAction
8975:             1             32  com.intellij.application.options.codeStyle.arrangement.action.tokens.RemoveArrangementAliasRuleAction
8976:             1             32  com.intellij.application.options.colors.FontEditorPreview$RestorePreviewTextAction
8977:             1             32  com.intellij.application.options.colors.JumpToColorsAndFontsAction
8978:             1             32  com.intellij.application.options.editor.GutterIconsConfigurable$ShowSettingsAction
8979:             1             32  com.intellij.application.options.editor.WebEditorOptions
8980:             1             32  com.intellij.batch.actions.CreateBatchJobFileAction
8981:             1             32  com.intellij.batch.config.BatchLibraryType
8982:             1             32  com.intellij.beanValidation.config.BeanValidationLibraryType
8983:             1             32  com.intellij.byteCodeViewer.ShowByteCodeAction
8984:             1             32  com.intellij.cdi.actions.CreateBeansXmlAction
8985:             1             32  com.intellij.cdi.config.CdiLibraryType
8986:             1             32  com.intellij.cdi.dependencies.actions.ShowCdiDependenciesPopup
8987:             1             32  com.intellij.cloudConfig.StatusBarInfoManager$MenuAction
8988:             1             32  com.intellij.cloudConfig.StatusBarInfoManager$MyDisableAction
8989:             1             32  com.intellij.cloudConfig.StatusBarInfoManager$MyPluginsAction
8990:             1             32  com.intellij.cloudConfig.StatusBarInfoManager$MySelfSettingsAction
8991:             1             32  com.intellij.cloudConfig.StatusBarInfoManager$MyToggleAction
8992:             1             32  com.intellij.cloudConfig.StatusBarInfoManager$MyUpdateApiAction
8993:             1             32  com.intellij.codeEditor.printing.ExportToHTMLAction
8994:             1             32  com.intellij.codeEditor.printing.PrintAction
8995:             1             32  com.intellij.codeInsight.actions.GenerateDTDAction
8996:             1             32  com.intellij.codeInsight.actions.OptimizeImportsAction
8997:             1             32  com.intellij.codeInsight.actions.ReformatCodeAction
8998:             1             32  com.intellij.codeInsight.actions.ShowReformatFileDialog
8999:             1             32  com.intellij.codeInsight.completion.CompletionVariant
9000:             1             32  com.intellij.codeInsight.completion.NextPrevParameterAction$Next
9001:             1             32  com.intellij.codeInsight.completion.NextPrevParameterAction$Prev
9002:             1             32  com.intellij.codeInsight.completion.actions.ClassNameCompletionAction
9003:             1             32  com.intellij.codeInsight.completion.actions.CodeCompletionAction
9004:             1             32  com.intellij.codeInsight.completion.actions.HippieBackwardCompletionAction
9005:             1             32  com.intellij.codeInsight.completion.actions.HippieCompletionAction
9006:             1             32  com.intellij.codeInsight.completion.actions.SmartCodeCompletionAction
9007:             1             32  com.intellij.codeInsight.daemon.impl.DaemonListeners
9008:             2             32  com.intellij.codeInsight.daemon.impl.GeneralHighlightingPassFactory
9009:             2             32  com.intellij.codeInsight.daemon.impl.JavaProjectSdkSetupValidator
9010:             1             32  com.intellij.codeInsight.daemon.impl.PassExecutorService
9011:             1             32  com.intellij.codeInsight.daemon.impl.PopupHectorAction
9012:             1             32  com.intellij.codeInsight.daemon.impl.PsiChangeHandler
9013:             2             32  com.intellij.codeInsight.daemon.impl.SeverityRegistrar$$Lambda$1613/0x00000008016b7440
9014:             1             32  com.intellij.codeInsight.daemon.impl.TextEditorHighlightingPassRegistrarImpl
9015:             1             32  com.intellij.codeInsight.daemon.impl.TogglePopupHintsAction
9016:             2             32  com.intellij.codeInsight.daemon.impl.TrafficLightRenderer$1
9017:             1             32  com.intellij.codeInsight.daemon.impl.actions.GotoNextErrorAction
9018:             1             32  com.intellij.codeInsight.daemon.impl.actions.GotoPreviousErrorAction
9019:             1             32  com.intellij.codeInsight.documentation.actions.CopyQuickDocAction
9020:             1             32  com.intellij.codeInsight.documentation.actions.ShowQuickDocInfoAction
9021:             2             32  com.intellij.codeInsight.documentation.render.DocRenderDummyLineMarkerProvider
9022:             1             32  com.intellij.codeInsight.documentation.render.ToggleRenderAllDocs
9023:             1             32  com.intellij.codeInsight.editorActions.EmacsStyleIndentAction
9024:             1             32  com.intellij.codeInsight.editorActions.XmlTagNameSynchronizer$TagNameSynchronizer
9025:             1             32  com.intellij.codeInsight.editorActions.fillParagraph.FillParagraphAction
9026:             2             32  com.intellij.codeInsight.folding.impl.EditorFoldingInfo
9027:             1             32  com.intellij.codeInsight.folding.impl.actions.CollapseBlockAction
9028:             1             32  com.intellij.codeInsight.folding.impl.actions.CollapseDocCommentsAction
9029:             1             32  com.intellij.codeInsight.folding.impl.actions.CollapseSelectionAction
9030:             1             32  com.intellij.codeInsight.folding.impl.actions.ExpandDocCommentsAction
9031:             1             32  com.intellij.codeInsight.generation.GenerateByPatternAction
9032:             1             32  com.intellij.codeInsight.generation.GenerateEqualsHandler
9033:             1             32  com.intellij.codeInsight.generation.actions.AutoIndentLinesAction
9034:             1             32  com.intellij.codeInsight.generation.actions.CommentByBlockCommentAction
9035:             1             32  com.intellij.codeInsight.generation.actions.CommentByLineCommentAction
9036:             1             32  com.intellij.codeInsight.generation.actions.DelegateMethodsAction
9037:             1             32  com.intellij.codeInsight.generation.actions.GenerateAction
9038:             1             32  com.intellij.codeInsight.generation.actions.GenerateCreateUIAction
9039:             1             32  com.intellij.codeInsight.generation.actions.GenerateEJBFinderOrSelectorMethod
9040:             1             32  com.intellij.codeInsight.generation.actions.GenerateEJBReference
9041:             1             32  com.intellij.codeInsight.generation.actions.GenerateEqualsAction
9042:             1             32  com.intellij.codeInsight.generation.actions.GenerateGetterAction
9043:             1             32  com.intellij.codeInsight.generation.actions.GenerateGetterAndSetterAction
9044:             1             32  com.intellij.codeInsight.generation.actions.GenerateInterceptorMethods
9045:             1             32  com.intellij.codeInsight.generation.actions.GeneratePersistenceContextReference
9046:             1             32  com.intellij.codeInsight.generation.actions.GenerateResourceReference
9047:             1             32  com.intellij.codeInsight.generation.actions.GenerateSetterAction
9048:             1             32  com.intellij.codeInsight.generation.actions.GenerateSuperMethodCallAction
9049:             1             32  com.intellij.codeInsight.generation.actions.SurroundWithAction
9050:             1             32  com.intellij.codeInsight.highlighting.actions.HighlightUsagesAction
9051:             1             32  com.intellij.codeInsight.hint.actions.ShowContainerInfoAction
9052:             1             32  com.intellij.codeInsight.hints.InlayHintsSettings
9053:             1             32  com.intellij.codeInsight.hints.InlayHintsSettings$State
9054:             1             32  com.intellij.codeInsight.hints.ShowParameterHintsSettings
9055:             1             32  com.intellij.codeInsight.hints.ShowSettingsWithAddedPattern
9056:             1             32  com.intellij.codeInsight.hints.ToggleCompletionHintsAction
9057:             1             32  com.intellij.codeInsight.hints.ToggleInlayHintsGloballyAction
9058:             1             32  com.intellij.codeInsight.hints.ToggleInlineHintsAction
9059:             1             32  com.intellij.codeInsight.hints.settings.ParameterNameHintsSettings
9060:             1             32  com.intellij.codeInsight.intention.actions.ShowIntentionActionsAction
9061:             1             32  com.intellij.codeInsight.lookup.impl.LookupManagerImpl
9062:             1             32  com.intellij.codeInsight.navigation.actions.GotoDeclarationAction
9063:             1             32  com.intellij.codeInsight.navigation.actions.GotoDeclarationOnlyAction
9064:             1             32  com.intellij.codeInsight.navigation.actions.GotoImplementationAction
9065:             1             32  com.intellij.codeInsight.navigation.actions.GotoTypeDeclarationAction
9066:             1             32  com.intellij.codeInsight.navigation.actions.IncrementalSearchAction
9067:             1             32  com.intellij.codeInsight.navigation.actions.MethodDownAction
9068:             1             32  com.intellij.codeInsight.navigation.actions.MethodUpAction
9069:             1             32  com.intellij.codeInsight.problems.WolfTheProblemSolverImpl
9070:             1             32  com.intellij.codeInsight.template.HtmlContextType
9071:             1             32  com.intellij.codeInsight.template.JspContextType
9072:             1             32  com.intellij.codeInsight.template.actions.SaveAsTemplateAction
9073:             1             32  com.intellij.codeInsight.template.emmet.EmmetPreviewAction
9074:             1             32  com.intellij.codeInsight.template.emmet.EmmetUpdateTagAction
9075:             1             32  com.intellij.codeInsight.template.emmet.SurroundWithEmmetAction
9076:             1             32  com.intellij.codeInsight.template.impl.actions.ListTemplatesAction
9077:             1             32  com.intellij.codeInsight.template.impl.actions.SurroundWithTemplateAction
9078:             1             32  com.intellij.codeInsight.unwrap.UnwrapAction
9079:             1             32  com.intellij.codeInspection.NonAsciiCharactersInspection
9080:             1             32  com.intellij.codeInspection.RedundantSuppressInspection
9081:             2             32  com.intellij.codeInspection.SimplifyOptionalCallChainsInspection$FlipPresentOrEmptyCase
9082:             2             32  com.intellij.codeInspection.SimplifyOptionalCallChainsInspection$MapOrElseCase
9083:             2             32  com.intellij.codeInspection.SimplifyOptionalCallChainsInspection$OrElseNonNullCase
9084:             2             32  com.intellij.codeInspection.SimplifyOptionalCallChainsInspection$OrElseReturnCase
9085:             1             32  com.intellij.codeInspection.UnstableApiUsageInspection
9086:             1             32  com.intellij.codeInspection.actions.CodeInspectionOnEditorAction
9087:             1             32  com.intellij.codeInspection.actions.SilentCodeCleanupAction
9088:             1             32  com.intellij.codeInspection.actions.ViewOfflineResultsAction
9089:             1             32  com.intellij.codeInspection.blockingCallsDetection.BlockingMethodInNonBlockingContextInspection
9090:             1             32  com.intellij.codeInspection.dataFlow.DataFlowInspection
9091:             1             32  com.intellij.codeInspection.deprecation.DeprecationInspection
9092:             1             32  com.intellij.codeInspection.duplicatePropertyInspection.DuplicatePropertyInspection
9093:             1             32  com.intellij.codeInspection.duplicateStringLiteral.DuplicateStringLiteralInspection
9094:             1             32  com.intellij.codeInspection.emptyMethod.EmptyMethodInspection
9095:             1             32  com.intellij.codeInspection.ex.InspectionManagerEx
9096:             1             32  com.intellij.codeInspection.ex.SeverityEditorDialogAction
9097:             1             32  com.intellij.codeInspection.htmlInspections.HtmlUnknownAttributeInspection
9098:             1             32  com.intellij.codeInspection.htmlInspections.HtmlUnknownBooleanAttributeInspection
9099:             1             32  com.intellij.codeInspection.htmlInspections.HtmlUnknownTagInspection
9100:             1             32  com.intellij.codeInspection.i18n.I18nizeAction
9101:             1             32  com.intellij.codeInspection.i18n.folding.EditPropertyValueAction
9102:             1             32  com.intellij.codeInspection.i18n.inconsistentResourceBundle.InconsistentResourceBundleInspection
9103:             1             32  com.intellij.codeInspection.inheritance.ImplicitSubclassInspection
9104:             1             32  com.intellij.codeInspection.java18api.Java8MapApiInspection
9105:             1             32  com.intellij.codeInspection.java19api.Java9GenerateModuleDescriptorsAction
9106:             1             32  com.intellij.codeInspection.jsp.unescapedEl.JspUnescapedElInspection
9107:             1             32  com.intellij.codeInspection.jsp.unescapedEl.SafeTagInfo
9108:             1             32  com.intellij.codeInspection.localCanBeFinal.LocalCanBeFinal
9109:             1             32  com.intellij.codeInspection.nullable.NullableStuffInspection
9110:             1             32  com.intellij.codeInspection.redundantCast.RedundantCastInspection
9111:             1             32  com.intellij.codeInspection.reflectiveAccess.JavaReflectionMemberAccessInspection
9112:             1             32  com.intellij.codeInspection.sameParameterValue.SameParameterValueInspection
9113:             1             32  com.intellij.codeInspection.ui.actions.EditSettingsAction
9114:             1             32  com.intellij.codeInspection.ui.actions.KeyAwareInspectionViewAction$DisableInspection
9115:             1             32  com.intellij.codeInspection.ui.actions.KeyAwareInspectionViewAction$RunInspectionOn
9116:             1             32  com.intellij.codeInspection.uncheckedWarnings.UncheckedWarningLocalInspection
9117:             1             32  com.intellij.codeInspection.unneededThrows.RedundantThrowsDeclarationInspection
9118:             1             32  com.intellij.codeInspection.unusedReturnValue.UnusedReturnValue
9119:             1             32  com.intellij.codeInspection.varScopeCanBeNarrowed.FieldCanBeLocalInspection
9120:             1             32  com.intellij.codeInspection.visibility.VisibilityInspection
9121:             1             32  com.intellij.codeStyle.ConvertToMacLineSeparatorsAction
9122:             1             32  com.intellij.codeStyle.ConvertToUnixLineSeparatorsAction
9123:             1             32  com.intellij.codeStyle.ConvertToWindowsLineSeparatorsAction
9124:             1             32  com.intellij.coldFusion.UI.CfmlCreateFileAction
9125:             1             32  com.intellij.coldFusion.model.CfmlLanguage
9126:             1             32  com.intellij.compiler.CompilerConfigurationImpl$State
9127:             1             32  com.intellij.compiler.CompilerWorkspaceConfiguration
9128:             1             32  com.intellij.compiler.actions.BuildArtifactAction
9129:             1             32  com.intellij.compiler.actions.CompileAction
9130:             1             32  com.intellij.compiler.actions.CompileDirtyAction
9131:             1             32  com.intellij.compiler.actions.CompileProjectAction
9132:             1             32  com.intellij.compiler.actions.DebugBuildProcessToggleAction
9133:             1             32  com.intellij.compiler.actions.MakeModuleAction
9134:             1             32  com.intellij.compiler.options.ExcludeFromValidationAction
9135:             1             32  com.intellij.compiler.options.ValidateAction
9136:             1             32  com.intellij.compiler.server.BuildManager$1
9137:             1             32  com.intellij.compiler.server.BuildManager$2
9138:             2             32  com.intellij.compiler.server.BuildManager$BuildManagerPeriodicTask$$Lambda$494/0x0000000800591c40
9139:             1             32  com.intellij.compiler.server.BuildMessageDispatcher
9140:             1             32  com.intellij.configurationStore.ApplicationPathMacroManager
9141:             1             32  com.intellij.configurationStore.DefaultProjectStoreImpl
9142:             1             32  com.intellij.configurationStore.ModuleStoreImpl
9143:             1             32  com.intellij.configurationStore.ProjectIdState
9144:             1             32  com.intellij.configurationStore.SaveAndSyncHandlerImpl$addListeners$1
9145:             1             32  com.intellij.configurationStore.StorageVirtualFileTracker
9146:             1             32  com.intellij.configurationStore.schemeManager.SchemeManagerFactoryBase$ProjectSchemeManagerFactory
9147:             1             32  com.intellij.core.CoreProjectScopeBuilder$ContentSearchScope
9148:             1             32  com.intellij.coverage.actions.GenerateCoverageReportAction
9149:             1             32  com.intellij.coverage.actions.HideCoverageInfoAction
9150:             1             32  com.intellij.coverage.actions.SwitchCoverageSuiteAction
9151:             2             32  com.intellij.credentialStore.kdbx.UuidValueCreator
9152:             2             32  com.intellij.database.access.DatabaseCredentials
9153:             1             32  com.intellij.database.actions.AssignColorAction
9154:             1             32  com.intellij.database.actions.BrowseConsoleHistoryAction
9155:             1             32  com.intellij.database.actions.ColumnsWidthAction$DecreaseColumnsWidthAction
9156:             1             32  com.intellij.database.actions.ColumnsWidthAction$IncreaseColumnsWidthAction
9157:             1             32  com.intellij.database.actions.CreateDataSourceFromSettings
9158:             1             32  com.intellij.database.actions.DataSourceCopySettingsAction
9159:             1             32  com.intellij.database.actions.DatabaseCliAction$Dump
9160:             1             32  com.intellij.database.actions.DatabaseCliAction$Restore
9161:             1             32  com.intellij.database.actions.DatabaseObjectRefactoring
9162:             1             32  com.intellij.database.actions.DatabaseToggleNotebookModeAction
9163:             1             32  com.intellij.database.actions.DatabaseViewActions$AddDataSourceFromPathAction
9164:             1             32  com.intellij.database.actions.DatabaseViewActions$AddDataSourceFromThatAction
9165:             1             32  com.intellij.database.actions.DatabaseViewActions$AddDataSourceFromUrlAction
9166:             1             32  com.intellij.database.actions.DatabaseViewActions$AddDataSourceHereAction
9167:             1             32  com.intellij.database.actions.DatabaseViewActions$AddDriver
9168:             1             32  com.intellij.database.actions.DatabaseViewActions$AddDriverAndDataSource
9169:             1             32  com.intellij.database.actions.DatabaseViewActions$CopyAction
9170:             1             32  com.intellij.database.actions.DatabaseViewActions$DisconnectAction
9171:             1             32  com.intellij.database.actions.DatabaseViewActions$DropAction
9172:             1             32  com.intellij.database.actions.DatabaseViewActions$FilterAction
9173:             1             32  com.intellij.database.actions.DatabaseViewActions$MoveToGroup
9174:             1             32  com.intellij.database.actions.DdlActions$AddColumnAction
9175:             1             32  com.intellij.database.actions.DdlActions$AddForeignKeyAction
9176:             1             32  com.intellij.database.actions.DdlActions$AddIndexAction
9177:             1             32  com.intellij.database.actions.DdlActions$AddPrimaryKeyAction
9178:             1             32  com.intellij.database.actions.DdlActions$AddTableAction
9179:             1             32  com.intellij.database.actions.DdlActions$BatchAddIndicesAction
9180:             1             32  com.intellij.database.actions.DdlActions$BatchModifyIndicesAction
9181:             1             32  com.intellij.database.actions.DdlActions$CommentOnObjectAction
9182:             1             32  com.intellij.database.actions.DdlActions$DropForeignKeyAction
9183:             1             32  com.intellij.database.actions.DdlActions$DropPrimaryKeyAction
9184:             1             32  com.intellij.database.actions.DdlActions$PublicModifyObject
9185:             1             32  com.intellij.database.actions.DebugQueryAction
9186:             1             32  com.intellij.database.actions.EditAsTableAction
9187:             1             32  com.intellij.database.actions.EditSqlParameterAction
9188:             1             32  com.intellij.database.actions.ExplainActionBase$Raw$Analyse
9189:             1             32  com.intellij.database.actions.ExplainActionBase$Raw$Plan
9190:             1             32  com.intellij.database.actions.ExplainActionBase$Ui$Analyse
9191:             1             32  com.intellij.database.actions.ExplainActionBase$Ui$Plan
9192:             1             32  com.intellij.database.actions.FullTextSearchAction
9193:             1             32  com.intellij.database.actions.GenerateSqlActions$CopyDdlAction
9194:             1             32  com.intellij.database.actions.GenerateSqlActions$CopyDdlFromDbAction
9195:             1             32  com.intellij.database.actions.GenerateSqlActions$OpenDdlInConsoleAction
9196:             1             32  com.intellij.database.actions.GenerateSqlActions$ShowSqlGeneratorAction
9197:             1             32  com.intellij.database.actions.GridGeoViewAction
9198:             1             32  com.intellij.database.actions.GridOccurrenceSelectionAction$SelectAllOccurrencesAction
9199:             1             32  com.intellij.database.actions.GridOccurrenceSelectionAction$SelectNextOccurrenceAction
9200:             1             32  com.intellij.database.actions.GridOccurrenceSelectionAction$UnselectPreviousOccurrenceAction
9201:             1             32  com.intellij.database.actions.GrowSelectionAction
9202:             1             32  com.intellij.database.actions.HideSchemasAction
9203:             1             32  com.intellij.database.actions.ImportAction
9204:             1             32  com.intellij.database.actions.ImportAction$CopyTable
9205:             1             32  com.intellij.database.actions.ImportAction$ImportFileToDatabaseAction
9206:             1             32  com.intellij.database.actions.ImportAction$ImportTable
9207:             1             32  com.intellij.database.actions.ImportDataSourceAction
9208:             1             32  com.intellij.database.actions.ImportFromSqlAction
9209:             1             32  com.intellij.database.actions.ManageDataSourcesAction
9210:             1             32  com.intellij.database.actions.OpenConsoleAction
9211:             1             32  com.intellij.database.actions.OpenEditorAction$OpenDDLAction
9212:             1             32  com.intellij.database.actions.OpenEditorAction$OpenDDLGridAction
9213:             1             32  com.intellij.database.actions.OpenEditorAction$OpenDataAction
9214:             1             32  com.intellij.database.actions.OpenEditorAction$OpenDefaultAction
9215:             1             32  com.intellij.database.actions.PrepareIntrospectionDiagnostic
9216:             1             32  com.intellij.database.actions.RecompileAction
9217:             1             32  com.intellij.database.actions.RefreshSchemaAction
9218:             1             32  com.intellij.database.actions.RefreshSchemaAction$ForceRefresh
9219:             1             32  com.intellij.database.actions.RefreshSchemaAction$Forget
9220:             1             32  com.intellij.database.actions.ResetColumnsWidth
9221:             1             32  com.intellij.database.actions.RunExtensionScriptActionGroup$EditScriptsAction
9222:             1             32  com.intellij.database.actions.RunQueryAction$Alt1
9223:             1             32  com.intellij.database.actions.RunQueryAction$Alt2
9224:             1             32  com.intellij.database.actions.RunQueryAction$Alt3
9225:             1             32  com.intellij.database.actions.SelectRowAction
9226:             1             32  com.intellij.database.actions.ShowSchemasAction
9227:             1             32  com.intellij.database.actions.ShowSqlLogAction
9228:             1             32  com.intellij.database.actions.ShowSqlParametersPanelAction
9229:             1             32  com.intellij.database.actions.TerminateRunningStatementAction
9230:             1             32  com.intellij.database.actions.ToolActions$RefreshMatViewAction
9231:             1             32  com.intellij.database.actions.ToolActions$TruncateTablesAction
9232:             2             32  com.intellij.database.data.types.EqualsPredicateOperation
9233:             2             32  com.intellij.database.dataSource.DataSourceStorage$$Lambda$2124/0x00000008019ab040
9234:             2             32  com.intellij.database.dataSource.DataSourceStorage$$Lambda$2125/0x00000008019ab440
9235:             2             32  com.intellij.database.dataSource.srcStorage.DbSrcChangesTracker$MyDataSourceListener
9236:             1             32  com.intellij.database.dataSource.srcStorage.DbSrcChangesTracker$Prj
9237:             2             32  com.intellij.database.dataSource.srcStorage.DbSrcExtensions$FilePresentation
9238:             1             32  com.intellij.database.diagram.DbDiagramProvider$1
9239:             1             32  com.intellij.database.diagram.plan.QueryPlanProvider
9240:             1             32  com.intellij.database.dialects.base.ProcessDbmsOutputAction
9241:             1             32  com.intellij.database.dialects.generic.GenericDialect
9242:             1             32  com.intellij.database.dialects.mssql.testing.tsqlt.TSqltConfigurationType
9243:             1             32  com.intellij.database.dialects.oracle.testing.utplsql.UtPlSqlConfigurationType
9244:             1             32  com.intellij.database.editor.GotoRowAction
9245:             1             32  com.intellij.database.model.diff.SchemaDiffAction
9246:             1             32  com.intellij.database.run.actions.AddColumnAction
9247:             1             32  com.intellij.database.run.actions.AddRowAction
9248:             1             32  com.intellij.database.run.actions.CancelQueryAction
9249:             1             32  com.intellij.database.run.actions.ChangeCellEditorFileEncodingAction
9250:             1             32  com.intellij.database.run.actions.ChangeCellEditorLanguageAction
9251:             1             32  com.intellij.database.run.actions.ChooseExtractorAction$GoToScriptsDirectoryAction
9252:             1             32  com.intellij.database.run.actions.CloneColumnAction
9253:             1             32  com.intellij.database.run.actions.CloneRowAction
9254:             1             32  com.intellij.database.run.actions.CloseSessionAction
9255:             1             32  com.intellij.database.run.actions.CloseSessionAction$CloseAll
9256:             1             32  com.intellij.database.run.actions.ColumnAction$SortAsc
9257:             1             32  com.intellij.database.run.actions.ColumnAction$SortDesc
9258:             1             32  com.intellij.database.run.actions.ColumnAction$SortReset
9259:             1             32  com.intellij.database.run.actions.ColumnAction$Visibility
9260:             2             32  com.intellij.database.run.actions.ColumnFilterByGroup$LikeFilterTemplate
9261:             2             32  com.intellij.database.run.actions.ColumnFilterByGroup$NullFilterTemplate
9262:             1             32  com.intellij.database.run.actions.ColumnsListAction
9263:             1             32  com.intellij.database.run.actions.CompareCellsAction
9264:             1             32  com.intellij.database.run.actions.CompareWithGroup$DiffTablesAction
9265:             1             32  com.intellij.database.run.actions.CountRowsAction
9266:             1             32  com.intellij.database.run.actions.DebugRoutineAction
9267:             1             32  com.intellij.database.run.actions.DeleteColumnsAction
9268:             1             32  com.intellij.database.run.actions.DeleteRowsAction
9269:             1             32  com.intellij.database.run.actions.DetachClientAction
9270:             1             32  com.intellij.database.run.actions.DocumentTableHeaderAction$AddColumn
9271:             1             32  com.intellij.database.run.actions.DocumentTableHeaderAction$CloneColumn
9272:             1             32  com.intellij.database.run.actions.DocumentTableHeaderAction$DeleteColumn
9273:             1             32  com.intellij.database.run.actions.EditFilterCriteriaAction
9274:             1             32  com.intellij.database.run.actions.EditValueAction
9275:             1             32  com.intellij.database.run.actions.EditValueInMaximizedCellEditorAction
9276:             1             32  com.intellij.database.run.actions.ExecuteRoutineAction
9277:             1             32  com.intellij.database.run.actions.FindInGridAction
9278:             1             32  com.intellij.database.run.actions.HideColumnAction
9279:             1             32  com.intellij.database.run.actions.HideOtherColumnsAction
9280:             1             32  com.intellij.database.run.actions.LoadFileAction
9281:             1             32  com.intellij.database.run.actions.MaximizeEditingCellAction
9282:             1             32  com.intellij.database.run.actions.NavigateAction
9283:             1             32  com.intellij.database.run.actions.NavigateAction$ExportedAction
9284:             1             32  com.intellij.database.run.actions.NavigateAction$ForeignAction
9285:             1             32  com.intellij.database.run.actions.PageAction$First
9286:             1             32  com.intellij.database.run.actions.PageAction$Last
9287:             1             32  com.intellij.database.run.actions.PageAction$Next
9288:             1             32  com.intellij.database.run.actions.PageAction$Previous
9289:             1             32  com.intellij.database.run.actions.PageAction$Reload
9290:             1             32  com.intellij.database.run.actions.RenameSessionAction
9291:             1             32  com.intellij.database.run.actions.RenameTabAction
9292:             1             32  com.intellij.database.run.actions.ResetViewAction
9293:             1             32  com.intellij.database.run.actions.RevertMutations
9294:             1             32  com.intellij.database.run.actions.SaveLobAsAction
9295:             1             32  com.intellij.database.run.actions.SetCustomPageSizeAction
9296:             1             32  com.intellij.database.run.actions.SetValueAction$SetDefaultAction
9297:             1             32  com.intellij.database.run.actions.SetValueAction$SetNullAction
9298:             1             32  com.intellij.database.run.actions.ShowCsvFormatsAction
9299:             1             32  com.intellij.database.run.actions.ShowCsvFormatsAction$ForExport
9300:             1             32  com.intellij.database.run.actions.ShowDumpDialogAction
9301:             1             32  com.intellij.database.run.actions.ShowPropertiesAction
9302:             1             32  com.intellij.database.run.actions.SubmitMutations
9303:             1             32  com.intellij.database.run.actions.ToggleFiltersAction
9304:             1             32  com.intellij.database.run.actions.ToggleSortingModeAction
9305:             1             32  com.intellij.database.run.actions.TransactionAction$Commit
9306:             1             32  com.intellij.database.run.actions.TransactionAction$RevertAndRollback
9307:             1             32  com.intellij.database.run.actions.TransactionAction$Rollback
9308:             1             32  com.intellij.database.run.actions.TransactionAction$SubmitAndCommit
9309:             1             32  com.intellij.database.run.actions.TransactionAction$TxIsolation$1
9310:             1             32  com.intellij.database.run.actions.TransactionAction$TxIsolation$2
9311:             1             32  com.intellij.database.run.actions.ViewAsAction$TransposeViewAction
9312:             1             32  com.intellij.database.run.actions.ViewAsAction$ViewAsExtractorAction
9313:             1             32  com.intellij.database.run.actions.ViewAsAction$ViewAsTableAction
9314:             1             32  com.intellij.database.run.actions.ViewAsAction$ViewAsTreeTableAction
9315:             1             32  com.intellij.database.run.actions.ViewQueryAction
9316:             1             32  com.intellij.database.script.MongoJSLanguage
9317:             1             32  com.intellij.database.util.TokenPatternCache
9318:             1             32  com.intellij.database.util.TreePatternNode$Group
9319:             1             32  com.intellij.debugger.actions.AddSteppingFilterAction
9320:             1             32  com.intellij.debugger.actions.ArrayAction$AdjustArrayRangeAction
9321:             1             32  com.intellij.debugger.actions.ArrayAction$FilterArrayAction
9322:             1             32  com.intellij.debugger.actions.ArrayFilterAction$Delete
9323:             1             32  com.intellij.debugger.actions.ArrayFilterAction$Edit
9324:             1             32  com.intellij.debugger.actions.AsyncStacksToggleAction
9325:             1             32  com.intellij.debugger.actions.AutoRendererAction
9326:             1             32  com.intellij.debugger.actions.CreateRendererAction
9327:             1             32  com.intellij.debugger.actions.CustomizeContextViewAction
9328:             1             32  com.intellij.debugger.actions.CustomizeThreadsViewAction
9329:             1             32  com.intellij.debugger.actions.EditCustomFieldAction
9330:             1             32  com.intellij.debugger.actions.EditFrameSourceAction
9331:             1             32  com.intellij.debugger.actions.EditSourceAction
9332:             1             32  com.intellij.debugger.actions.ExportThreadsAction
9333:             1             32  com.intellij.debugger.actions.ForceEarlyReturnAction
9334:             1             32  com.intellij.debugger.actions.ForceOnDemandRenderersAction
9335:             1             32  com.intellij.debugger.actions.FreezeThreadAction
9336:             1             32  com.intellij.debugger.actions.HotSwapAction
9337:             1             32  com.intellij.debugger.actions.InterruptThreadAction
9338:             1             32  com.intellij.debugger.actions.JumpToObjectAction
9339:             1             32  com.intellij.debugger.actions.NewCustomFieldAction
9340:             1             32  com.intellij.debugger.actions.PopFrameAction
9341:             1             32  com.intellij.debugger.actions.ReloadFileAction
9342:             1             32  com.intellij.debugger.actions.RemoveCustomFieldAction
9343:             1             32  com.intellij.debugger.actions.ResumeThreadAction
9344:             1             32  com.intellij.debugger.actions.ShowRelatedStackAction
9345:             1             32  com.intellij.debugger.actions.ShowTypesAction
9346:             1             32  com.intellij.debugger.actions.StepOutOfBlockAction
9347:             1             32  com.intellij.debugger.actions.SwitchToTheNextContextAction
9348:             1             32  com.intellij.debugger.actions.ThreadDumpAction
9349:             1             32  com.intellij.debugger.actions.ThrowExceptionAction
9350:             1             32  com.intellij.debugger.actions.ToggleFieldBreakpointAction
9351:             1             32  com.intellij.debugger.actions.ToggleMethodBreakpointAction
9352:             1             32  com.intellij.debugger.actions.ViewTextAction
9353:             1             32  com.intellij.debugger.impl.AlternativeJreClassFinder
9354:             1             32  com.intellij.debugger.memory.action.CalculateRetainedSizeAction
9355:             1             32  com.intellij.debugger.memory.action.EnableBackgroundTrackingAction
9356:             1             32  com.intellij.debugger.memory.action.JumpToTypeSourceAction
9357:             1             32  com.intellij.debugger.memory.action.ShowClassesWithInstanceAction
9358:             1             32  com.intellij.debugger.memory.action.ShowInstancesByClassAction
9359:             1             32  com.intellij.debugger.memory.action.ShowInstancesFromClassesViewAction
9360:             1             32  com.intellij.debugger.memory.action.ShowNewInstancesAction
9361:             1             32  com.intellij.debugger.memory.action.ShowTrackedAction
9362:             1             32  com.intellij.debugger.memory.action.tracking.JumpToAllocationSourceAction
9363:             1             32  com.intellij.debugger.memory.action.tracking.TrackInstancesToggleAction
9364:             2             32  com.intellij.debugger.streams.lib.impl.DefaultLibrarySupport$createHandlerFactory$1
9365:             1             32  com.intellij.debugger.streams.lib.impl.JBIterableSupport
9366:             2             32  com.intellij.debugger.streams.resolve.IntervalMapResolver
9367:             2             32  com.intellij.debugger.streams.resolve.PrependResolver
9368:             2             32  com.intellij.debugger.streams.trace.dsl.impl.java.JavaStatementFactory
9369:             1             32  com.intellij.debugger.ui.breakpoints.CallTracer$CallTracerToggleAction
9370:             1             32  com.intellij.diagnostic.AnalyzePluginStartupPerformanceAction
9371:             1             32  com.intellij.diagnostic.LowMemoryNotifier
9372:             1             32  com.intellij.diagnostic.ShowMemoryDialogAction
9373:             1             32  com.intellij.diagnostic.startUpPerformanceReporter.StartUpPerformanceReporter
9374:             1             32  com.intellij.diagram.actions.CollapseNodesAction
9375:             1             32  com.intellij.diagram.actions.DiagramDefaultAddElementAction
9376:             1             32  com.intellij.diagram.actions.DiagramIntentionAction
9377:             1             32  com.intellij.diagram.actions.ExpandNodesAction
9378:             1             32  com.intellij.diff.actions.CompareClipboardWithSelectionAction
9379:             1             32  com.intellij.diff.actions.CompareFileWithEditorAction
9380:             1             32  com.intellij.diff.actions.ShowBlankDiffWindowAction
9381:             1             32  com.intellij.diff.actions.SwitchToBlankEditorAction
9382:             1             32  com.intellij.diff.actions.SwitchToFileEditorAction
9383:             1             32  com.intellij.diff.actions.impl.SwapDiffSidesAction
9384:             1             32  com.intellij.dmserver.artifacts.ManifestManager$1
9385:             1             32  com.intellij.dmserver.artifacts.ManifestManager$2
9386:             1             32  com.intellij.dmserver.editor.AvailableBundlesProvider$ProjectIndex
9387:             1             32  com.intellij.dmserver.editor.AvailableBundlesProvider$RepositoryIndex$BundlesCollector
9388:             1             32  com.intellij.dmserver.editor.AvailableBundlesProvider$RepositoryIndex$LibrariesCollector
9389:             1             32  com.intellij.dmserver.facet.DMBundleFacetType
9390:             1             32  com.intellij.dmserver.facet.DMBundleSupportProvider
9391:             1             32  com.intellij.dmserver.facet.DMCompositeFacetType
9392:             1             32  com.intellij.dmserver.facet.DMCompositeSupportProvider
9393:             1             32  com.intellij.dmserver.facet.DMConfigFacetType
9394:             1             32  com.intellij.dmserver.facet.DMConfigSupportProvider
9395:             1             32  com.intellij.dmserver.facet.DMServerSupportProvider
9396:             1             32  com.intellij.dmserver.libraries.ManageServerLibrariesAction
9397:             1             32  com.intellij.docker.action.AddDockerConnectionAction
9398:             1             32  com.intellij.docker.action.AttachToContainerAction
9399:             1             32  com.intellij.docker.action.ComposeAllDownAction
9400:             1             32  com.intellij.docker.action.ComposeAllStopAction
9401:             1             32  com.intellij.docker.action.ComposeScaleAction
9402:             1             32  com.intellij.docker.action.ComposeStartAction
9403:             1             32  com.intellij.docker.action.ComposeStopAction
9404:             1             32  com.intellij.docker.action.CopyContainerIdAction
9405:             1             32  com.intellij.docker.action.CopyContainerImageIdAction
9406:             1             32  com.intellij.docker.action.CopyImageIdAction
9407:             1             32  com.intellij.docker.action.CreateContainerAction
9408:             1             32  com.intellij.docker.action.DeleteContainerAction
9409:             1             32  com.intellij.docker.action.DeleteImageAction
9410:             1             32  com.intellij.docker.action.DockerFilterActionGroup$FilterStoppedContainersAction
9411:             1             32  com.intellij.docker.action.DockerFilterActionGroup$FilterUntaggedImagesAction
9412:             1             32  com.intellij.docker.action.ExecInContainerAction
9413:             1             32  com.intellij.docker.action.InspectDockerAction
9414:             1             32  com.intellij.docker.action.PullImageAction
9415:             1             32  com.intellij.docker.action.PushImageAction
9416:             1             32  com.intellij.docker.action.SelectContainerImageAction
9417:             1             32  com.intellij.docker.action.ShowContainerProcessesAction
9418:             1             32  com.intellij.docker.action.ShowLogAction
9419:             1             32  com.intellij.docker.action.StartContainerAction
9420:             1             32  com.intellij.docker.action.StopContainerAction
9421:             2             32  com.intellij.docker.composeFile.ComposeInspectionHelper
9422:             2             32  com.intellij.docker.deploymentSource.DockerDeploymentConfigurator
9423:             1             32  com.intellij.docker.dockerFile.DockerLanguage
9424:             1             32  com.intellij.dsm.actions.CloseAction
9425:             1             32  com.intellij.dsm.actions.DepsFindUsagesAction
9426:             1             32  com.intellij.dsm.actions.ExploreDependenciesAction
9427:             1             32  com.intellij.dsm.actions.GoToNextCycleAction
9428:             1             32  com.intellij.dsm.actions.LimitDependenciesAction
9429:             1             32  com.intellij.dsm.actions.OpenInEditorAction
9430:             1             32  com.intellij.dsm.actions.ToggleCyclesAction
9431:             1             32  com.intellij.dsm.actions.ToggleFlattenPackagesAction
9432:             1             32  com.intellij.dsm.actions.ToggleGradientAction
9433:             1             32  com.intellij.dsm.actions.ToggleModuleGroupsAction
9434:             1             32  com.intellij.dsm.actions.ToggleModulesAction
9435:             1             32  com.intellij.dsm.actions.TogglePackagesAction
9436:             1             32  com.intellij.dsm.actions.ZoomInAction
9437:             1             32  com.intellij.dsm.actions.ZoomOutAction
9438:             1             32  com.intellij.dupLocator.resultUI.DuplicatesForm$SendToLeftAction
9439:             1             32  com.intellij.dupLocator.resultUI.DuplicatesForm$SendToRightAction
9440:             1             32  com.intellij.dvcs.actions.SetRepositoryChangesGroupingAction
9441:             1             32  com.intellij.dvcs.branch.GroupingKey
9442:             1             32  com.intellij.dvcs.cherrypick.VcsCherryPickAction
9443:             1             32  com.intellij.dvcs.push.VcsPushAction
9444:             1             32  com.intellij.dvcs.push.ui.ForcePushAction
9445:             1             32  com.intellij.execution.ExecutionTargetManagerImpl
9446:             1             32  com.intellij.execution.JavaRunConfigurationExtensionManager
9447:             1             32  com.intellij.execution.ShortenCommandLine$1
9448:             1             32  com.intellij.execution.ShortenCommandLine$2
9449:             1             32  com.intellij.execution.actions.ChooseDebugConfigurationPopupAction
9450:             1             32  com.intellij.execution.actions.ChooseRunConfigurationPopupAction
9451:             1             32  com.intellij.execution.actions.ClearConsoleAction
9452:             1             32  com.intellij.execution.actions.EOFAction
9453:             1             32  com.intellij.execution.actions.EditRunConfigurationTemplatesForNewProjectsAction
9454:             1             32  com.intellij.execution.actions.EditRunConfigurationsAction
9455:             1             32  com.intellij.execution.actions.PauseOutputAction
9456:             1             32  com.intellij.execution.actions.ShowRunningListAction
9457:             1             32  com.intellij.execution.actions.StopAction
9458:             1             32  com.intellij.execution.actions.StopBackgroundProcessesAction
9459:             1             32  com.intellij.execution.configurations.UnknownRunConfiguration
9460:             1             32  com.intellij.execution.console.FoldLinesLikeThis
9461:             1             32  com.intellij.execution.console.RunIdeConsoleAction
9462:             1             32  com.intellij.execution.dashboard.actions.AddRunConfigurationTypeAction
9463:             1             32  com.intellij.execution.dashboard.actions.ClearContentAction
9464:             1             32  com.intellij.execution.dashboard.actions.CopyConfigurationAction
9465:             1             32  com.intellij.execution.dashboard.actions.DebugAction
9466:             1             32  com.intellij.execution.dashboard.actions.EditConfigurationAction
9467:             1             32  com.intellij.execution.dashboard.actions.GroupByConfigurationStatusAction
9468:             1             32  com.intellij.execution.dashboard.actions.GroupByConfigurationTypeAction
9469:             1             32  com.intellij.execution.dashboard.actions.GroupConfigurationsAction
9470:             1             32  com.intellij.execution.dashboard.actions.HideConfigurationAction
9471:             1             32  com.intellij.execution.dashboard.actions.RemoveRunConfigurationTypeAction
9472:             1             32  com.intellij.execution.dashboard.actions.RestoreConfigurationAction
9473:             1             32  com.intellij.execution.dashboard.actions.RestoreHiddenConfigurationsAction
9474:             1             32  com.intellij.execution.dashboard.actions.RunAction
9475:             1             32  com.intellij.execution.dashboard.actions.StopAction
9476:             1             32  com.intellij.execution.dashboard.actions.UngroupConfigurationsActions
9477:             1             32  com.intellij.execution.impl.RCInArbitraryFileManager
9478:             1             32  com.intellij.execution.impl.RunConfigurationListManagerHelper
9479:             1             32  com.intellij.execution.impl.TimedIconCache
9480:             1             32  com.intellij.execution.jshell.LaunchJShellConsoleAction
9481:             1             32  com.intellij.execution.junit.JUnitAddToTestsPatternAction
9482:             1             32  com.intellij.execution.junit.JUnitExcludeFromRunAction
9483:             2             32  com.intellij.execution.process.BaseOSProcessHandler$1
9484:             2             32  com.intellij.execution.process.ProcessHandler$2
9485:             1             32  com.intellij.execution.rmi.RemoteProcessSupport$RunningInfo
9486:             1             32  com.intellij.execution.runners.ExecutionUtil$1
9487:             1             32  com.intellij.execution.runners.FakeRerunAction
9488:             1             32  com.intellij.execution.runners.RerunTestsAction
9489:             1             32  com.intellij.execution.services.GroupByContributorAction
9490:             1             32  com.intellij.execution.services.GroupByServiceGroupsAction
9491:             1             32  com.intellij.execution.services.JumpToServicesAction
9492:             1             32  com.intellij.execution.services.OpenEachInNewTabAction
9493:             1             32  com.intellij.execution.services.OpenInNewTabAction
9494:             1             32  com.intellij.execution.services.ServiceModel
9495:             1             32  com.intellij.execution.services.ShowServicesAction
9496:             1             32  com.intellij.execution.services.SplitByTypeAction
9497:             1             32  com.intellij.execution.target.ManageTargetEnvironmentsAction
9498:             1             32  com.intellij.execution.testDiscovery.actions.ShowAffectedTestsAction
9499:             1             32  com.intellij.execution.testframework.actions.RerunFailedTestsAction
9500:             1             32  com.intellij.execution.testframework.actions.ViewAssertEqualsDiffAction
9501:             1             32  com.intellij.execution.testframework.sm.runner.history.actions.ImportTestsFromFileAction
9502:             1             32  com.intellij.execution.ui.actions.FocusOnStartAction
9503:             1             32  com.intellij.execution.ui.layout.actions.CloseAllUnpinnedViewsAction
9504:             1             32  com.intellij.execution.ui.layout.actions.CloseAllViewsAction
9505:             1             32  com.intellij.execution.ui.layout.actions.CloseOtherViewsAction
9506:             1             32  com.intellij.execution.ui.layout.actions.CloseViewAction
9507:             1             32  com.intellij.execution.ui.layout.actions.RestoreLayoutAction
9508:             1             32  com.intellij.execution.update.UpdateRunningApplicationAction
9509:             1             32  com.intellij.facet.FacetManagerImpl
9510:             1             32  com.intellij.facet.FacetManagerImpl$FacetManagerModel
9511:             1             32  com.intellij.facet.impl.FacetFinderImpl
9512:             1             32  com.intellij.facet.impl.FacetTypeRegistryImpl
9513:             2             32  com.intellij.facet.impl.ProjectFacetManagerImpl$1
9514:             2             32  com.intellij.facet.impl.ProjectFacetManagerImpl$ProjectFacetManagerState
9515:             1             32  com.intellij.facet.impl.ProjectWideFacetListenersRegistryImpl
9516:             1             32  com.intellij.featureStatistics.actions.ShowFeatureUsageStatisticsAction
9517:             1             32  com.intellij.find.actions.FindInPathAction
9518:             1             32  com.intellij.find.actions.FindUsagesAction
9519:             1             32  com.intellij.find.actions.FindUsagesAction$ShowSettingsAndFindUsages
9520:             1             32  com.intellij.find.actions.FindUsagesInFileAction
9521:             1             32  com.intellij.find.actions.ReplaceInPathAction
9522:             1             32  com.intellij.find.actions.ShowSearchHistoryAction
9523:             1             32  com.intellij.find.actions.ShowUsagesAction
9524:             1             32  com.intellij.find.editorHeaderActions.ShowMoreOptions
9525:             1             32  com.intellij.find.editorHeaderActions.ToggleSelectionOnlyAction
9526:             1             32  com.intellij.find.impl.ShowRecentFindUsagesAction
9527:             2             32  com.intellij.find.ngrams.TrigramIndex$1
9528:             1             32  com.intellij.framework.detection.impl.DetectedFrameworksData
9529:             1             32  com.intellij.framework.detection.impl.FrameworkDetectionManager$1
9530:             1             32  com.intellij.framework.detection.impl.exclude.DetectionExcludesConfigurationImpl
9531:             1             32  com.intellij.freemarker.psi.FtlLanguage
9532:             1             32  com.intellij.grazie.detector.chain.ChainDetectorImpl
9533:             2             32  com.intellij.grazie.detector.heuristics.rule.RuleFilter
9534:             1             32  com.intellij.grazie.detector.model.alphabet.Alphabet$CHINESE
9535:             1             32  com.intellij.grazie.detector.model.alphabet.Alphabet$DUTCH
9536:             1             32  com.intellij.grazie.detector.model.alphabet.Alphabet$ENGLISH
9537:             1             32  com.intellij.grazie.detector.model.alphabet.Alphabet$FRENCH
9538:             1             32  com.intellij.grazie.detector.model.alphabet.Alphabet$GERMAN
9539:             1             32  com.intellij.grazie.detector.model.alphabet.Alphabet$GREEK
9540:             1             32  com.intellij.grazie.detector.model.alphabet.Alphabet$ITALIAN
9541:             1             32  com.intellij.grazie.detector.model.alphabet.Alphabet$JAPANESE
9542:             1             32  com.intellij.grazie.detector.model.alphabet.Alphabet$PERSIAN
9543:             1             32  com.intellij.grazie.detector.model.alphabet.Alphabet$POLISH
9544:             1             32  com.intellij.grazie.detector.model.alphabet.Alphabet$PORTUGUESE
9545:             1             32  com.intellij.grazie.detector.model.alphabet.Alphabet$ROMANIAN
9546:             1             32  com.intellij.grazie.detector.model.alphabet.Alphabet$RUSSIAN
9547:             1             32  com.intellij.grazie.detector.model.alphabet.Alphabet$SLOVAK
9548:             1             32  com.intellij.grazie.detector.model.alphabet.Alphabet$SPANISH
9549:             1             32  com.intellij.grazie.detector.model.alphabet.Alphabet$UKRANIAN
9550:             1             32  com.intellij.grazie.ide.ui.search.GrazieSearchableOptionContributor
9551:             1             32  com.intellij.grazie.spellcheck.GrazieSpellchecker$SpellerTool
9552:             1             32  com.intellij.guice.actions.NewGuiceBindingAnnotationAction
9553:             1             32  com.intellij.guice.actions.NewGuiceMethodInterceptorAction
9554:             1             32  com.intellij.guice.actions.NewGuiceModuleAction
9555:             1             32  com.intellij.guice.actions.NewGuiceProviderAction
9556:             1             32  com.intellij.guice.actions.NewGuiceScopeAnnotationAction
9557:             1             32  com.intellij.gwt.actions.CreateGwtEntryPointAction
9558:             1             32  com.intellij.gwt.actions.CreateGwtModuleAction
9559:             1             32  com.intellij.gwt.actions.CreateGwtRemoteServiceAction
9560:             1             32  com.intellij.gwt.actions.CreateGwtSerializableClassAction
9561:             1             32  com.intellij.gwt.actions.CreateGwtTestCaseAction
9562:             1             32  com.intellij.gwt.actions.CreateGwtUiBinderAction
9563:             1             32  com.intellij.gwt.actions.CreateGwtUiRendererAction
9564:             1             32  com.intellij.gwt.actions.GenerateUiHandlerMethodAction
9565:             1             32  com.intellij.gwt.actions.GenerateUiHandlerMethodHandler
9566:             1             32  com.intellij.gwt.clientBundle.css.language.GwtCssLanguage
9567:             1             32  com.intellij.gwt.facet.GwtFacetType
9568:             1             32  com.intellij.gwt.make.report.GenerateCompileReportAction
9569:             2             32  com.intellij.gwt.references.GwtToCssClassReferenceProvider
9570:             1             32  com.intellij.gwt.run.GwtConfigurationProvider
9571:             1             32  com.intellij.gwt.run.GwtRunConfigurationType
9572:             1             32  com.intellij.gwt.superSource.GwtSuperSourceElementFinder
9573:             2             32  com.intellij.gwt.uiBinder.references.GwtUiReferenceContributor$UiFieldReferenceProvider
9574:             1             32  com.intellij.hibernate.actions.AssignNamingStrategiesAction
9575:             1             32  com.intellij.hibernate.facet.HibernateFacetType
9576:             1             32  com.intellij.hibernate.facet.HibernateLibraryType
9577:             1             32  com.intellij.history.core.ChangeList
9578:             1             32  com.intellij.history.core.ChangeListStorageImpl
9579:             1             32  com.intellij.history.core.LocalHistoryStorage
9580:             1             32  com.intellij.history.integration.ui.actions.PutLabelAction
9581:             1             32  com.intellij.history.integration.ui.actions.RecentChangesAction
9582:             1             32  com.intellij.history.integration.ui.actions.ShowHistoryAction
9583:             1             32  com.intellij.history.integration.ui.actions.ShowSelectionHistoryAction
9584:             1             32  com.intellij.htmltools.ide.browsers.actions.WebOpenInAction
9585:             1             32  com.intellij.htmltools.xml.actions.HtmlAddTableColumnAfterAction
9586:             1             32  com.intellij.htmltools.xml.actions.HtmlAddTableColumnBeforeAction
9587:             1             32  com.intellij.htmltools.xml.actions.navigation.HtmlTableCellNavigateDownAction
9588:             1             32  com.intellij.htmltools.xml.actions.navigation.HtmlTableCellNavigateLeftAction
9589:             1             32  com.intellij.htmltools.xml.actions.navigation.HtmlTableCellNavigateRightAction
9590:             1             32  com.intellij.htmltools.xml.actions.navigation.HtmlTableCellNavigateUpAction
9591:             1             32  com.intellij.ide.GeneratedSourceFileChangeTrackerImpl
9592:             1             32  com.intellij.ide.ManageRecentProjectsAction
9593:             2             32  com.intellij.ide.UiActivity$AsyncBgOperation
9594:             1             32  com.intellij.ide.a.c$$Lambda$563/0x0000000800739440
9595:             1             32  com.intellij.ide.a.e
9596:             1             32  com.intellij.ide.actionMacro.actions.EditMacrosAction
9597:             1             32  com.intellij.ide.actionMacro.actions.PlaySavedMacros
9598:             1             32  com.intellij.ide.actionMacro.actions.PlaybackLastMacroAction
9599:             1             32  com.intellij.ide.actionMacro.actions.StartStopMacroRecordingAction
9600:             1             32  com.intellij.ide.actions.AboutAction
9601:             1             32  com.intellij.ide.actions.ActivityMonitorAction
9602:             1             32  com.intellij.ide.actions.AssociateFileTypeAction
9603:             1             32  com.intellij.ide.actions.BackAction
9604:             1             32  com.intellij.ide.actions.CloseAction
9605:             1             32  com.intellij.ide.actions.CloseActiveTabAction
9606:             1             32  com.intellij.ide.actions.CloseAllEditorsAction
9607:             1             32  com.intellij.ide.actions.CloseAllEditorsButActiveAction
9608:             1             32  com.intellij.ide.actions.CloseAllEditorsToTheLeftAction
9609:             1             32  com.intellij.ide.actions.CloseAllEditorsToTheRightAction
9610:             1             32  com.intellij.ide.actions.CloseAllReadonlyEditorsAction
9611:             1             32  com.intellij.ide.actions.CloseAllUnmodifiedEditorsAction
9612:             1             32  com.intellij.ide.actions.CloseAllUnpinnedEditorsAction
9613:             1             32  com.intellij.ide.actions.CloseEditorAction
9614:             1             32  com.intellij.ide.actions.CloseProjectAction
9615:             1             32  com.intellij.ide.actions.CollapseAllAction
9616:             1             32  com.intellij.ide.actions.CollapseAllToolbarAction
9617:             1             32  com.intellij.ide.actions.ConfigureEditorTabsAction
9618:             1             32  com.intellij.ide.actions.ContextHelpAction
9619:             1             32  com.intellij.ide.actions.CopyAbsolutePathProvider
9620:             1             32  com.intellij.ide.actions.CopyAction
9621:             1             32  com.intellij.ide.actions.CopyContentRootPathProvider
9622:             1             32  com.intellij.ide.actions.CopyElementAction
9623:             1             32  com.intellij.ide.actions.CopyFileWithLineNumberPathProvider
9624:             1             32  com.intellij.ide.actions.CopyPathsAction
9625:             1             32  com.intellij.ide.actions.CopyReferenceAction
9626:             1             32  com.intellij.ide.actions.CopyReferencePopup
9627:             1             32  com.intellij.ide.actions.CopySourceRootPathProvider
9628:             1             32  com.intellij.ide.actions.CopyTBXReferenceProvider
9629:             1             32  com.intellij.ide.actions.CopyUrlAction
9630:             1             32  com.intellij.ide.actions.CreateClassAction
9631:             1             32  com.intellij.ide.actions.CreateDirectoryOrPackageAction
9632:             1             32  com.intellij.ide.actions.CreateFileAction
9633:             1             32  com.intellij.ide.actions.CreateHtmlFileAction
9634:             1             32  com.intellij.ide.actions.CreateLauncherScriptAction
9635:             1             32  com.intellij.ide.actions.CreateModuleInfoAction
9636:             1             32  com.intellij.ide.actions.CreatePackageInfoAction
9637:             1             32  com.intellij.ide.actions.CustomizeUIAction
9638:             1             32  com.intellij.ide.actions.CutAction
9639:             1             32  com.intellij.ide.actions.DebugLogConfigureAction
9640:             1             32  com.intellij.ide.actions.DeleteAction
9641:             1             32  com.intellij.ide.actions.EditSourceInNewWindowAction
9642:             1             32  com.intellij.ide.actions.ExitAction
9643:             1             32  com.intellij.ide.actions.ExpandAllAction
9644:             1             32  com.intellij.ide.actions.ExportToTextFileAction
9645:             1             32  com.intellij.ide.actions.ExternalJavaDocAction
9646:             1             32  com.intellij.ide.actions.FocusEditorAction
9647:             1             32  com.intellij.ide.actions.ForwardAction
9648:             1             32  com.intellij.ide.actions.GoToLinkTargetAction
9649:             1             32  com.intellij.ide.actions.GotoActionAction
9650:             1             32  com.intellij.ide.actions.GotoClassAction
9651:             1             32  com.intellij.ide.actions.GotoFileAction
9652:             1             32  com.intellij.ide.actions.GotoLineAction
9653:             1             32  com.intellij.ide.actions.GotoRelatedSymbolAction
9654:             1             32  com.intellij.ide.actions.GotoSymbolAction
9655:             1             32  com.intellij.ide.actions.HelpTopicsAction
9656:             1             32  com.intellij.ide.actions.HideAllToolWindowsAction
9657:             1             32  com.intellij.ide.actions.HideSideWindowsAction
9658:             1             32  com.intellij.ide.actions.HideToolWindowAction
9659:             1             32  com.intellij.ide.actions.ImportModuleAction
9660:             1             32  com.intellij.ide.actions.ImportProjectAction
9661:             1             32  com.intellij.ide.actions.InvalidateCachesAction
9662:             1             32  com.intellij.ide.actions.JetBrainsTvAction
9663:             1             32  com.intellij.ide.actions.JumpToLastEditAction
9664:             1             32  com.intellij.ide.actions.JumpToLastWindowAction
9665:             1             32  com.intellij.ide.actions.JumpToNextEditAction
9666:             1             32  com.intellij.ide.actions.MacEmojiAndSymbolsInputAction
9667:             1             32  com.intellij.ide.actions.MaintenanceAction
9668:             1             32  com.intellij.ide.actions.MaximizeActiveDialogAction
9669:             1             32  com.intellij.ide.actions.MinimizeCurrentWindowAction
9670:             1             32  com.intellij.ide.actions.NewElementAction
9671:             1             32  com.intellij.ide.actions.NewElementSamePlaceAction
9672:             1             32  com.intellij.ide.actions.NextOccurenceAction
9673:             1             32  com.intellij.ide.actions.NextTabAction
9674:             1             32  com.intellij.ide.actions.OnlineDocAction
9675:             1             32  com.intellij.ide.actions.OpenElementInNewWindowAction
9676:             1             32  com.intellij.ide.actions.OpenFileAction
9677:             1             32  com.intellij.ide.actions.OpenFileAction$OnWelcomeScreen
9678:             1             32  com.intellij.ide.actions.OpenModuleSettingsAction
9679:             1             32  com.intellij.ide.actions.PasteAction
9680:             1             32  com.intellij.ide.actions.PinActiveTabAction
9681:             1             32  com.intellij.ide.actions.PinActiveTabAction$EW
9682:             1             32  com.intellij.ide.actions.PreviousOccurenceAction
9683:             1             32  com.intellij.ide.actions.PreviousTabAction
9684:             1             32  com.intellij.ide.actions.ProjectViewEditSourceAction
9685:             1             32  com.intellij.ide.actions.RecentLocationsAction
9686:             1             32  com.intellij.ide.actions.RedoAction
9687:             1             32  com.intellij.ide.actions.RefCardAction
9688:             1             32  com.intellij.ide.actions.RefreshAction
9689:             1             32  com.intellij.ide.actions.ReportProblemAction
9690:             1             32  com.intellij.ide.actions.RestoreDefaultLayoutAction
9691:             1             32  com.intellij.ide.actions.RevealFileAction
9692:             1             32  com.intellij.ide.actions.SaveAllAction
9693:             1             32  com.intellij.ide.actions.SaveAsDirectoryBasedFormatAction
9694:             1             32  com.intellij.ide.actions.SaveDocumentAction
9695:             1             32  com.intellij.ide.actions.SaveFileAsTemplateAction
9696:             1             32  com.intellij.ide.actions.ScrollTreeToCenterAction
9697:             1             32  com.intellij.ide.actions.SearchWebAction
9698:             1             32  com.intellij.ide.actions.SelectInAction
9699:             1             32  com.intellij.ide.actions.SelectInProjectViewAction
9700:             1             32  com.intellij.ide.actions.SendFeedbackAction
9701:             1             32  com.intellij.ide.actions.SetShortcutAction
9702:             1             32  com.intellij.ide.actions.ShowFilePathAction
9703:             1             32  com.intellij.ide.actions.ShowLogAction
9704:             1             32  com.intellij.ide.actions.ShowModulePropertiesAction
9705:             1             32  com.intellij.ide.actions.ShowPluginManagerAction
9706:             1             32  com.intellij.ide.actions.ShowPopupMenuAction
9707:             1             32  com.intellij.ide.actions.ShowRecentFilesAction
9708:             1             32  com.intellij.ide.actions.ShowRecentlyEditedFilesAction
9709:             1             32  com.intellij.ide.actions.ShowStructureSettingsAction
9710:             1             32  com.intellij.ide.actions.ShowTipsAction
9711:             1             32  com.intellij.ide.actions.SmartSelect
9712:             1             32  com.intellij.ide.actions.SmartUnSelect
9713:             1             32  com.intellij.ide.actions.SplitterAction$ChangeOrientation
9714:             1             32  com.intellij.ide.actions.SplitterAction$Goto$Next
9715:             1             32  com.intellij.ide.actions.SplitterAction$Goto$Previous
9716:             1             32  com.intellij.ide.actions.SplitterAction$Unsplit
9717:             1             32  com.intellij.ide.actions.SplitterAction$UnsplitAll
9718:             1             32  com.intellij.ide.actions.StartUseVcsAction
9719:             1             32  com.intellij.ide.actions.StoreDefaultLayoutAction
9720:             1             32  com.intellij.ide.actions.Switcher
9721:             1             32  com.intellij.ide.actions.Switcher$IterateItemsAction
9722:             1             32  com.intellij.ide.actions.Switcher$ToggleCheckBoxAction
9723:             1             32  com.intellij.ide.actions.SynchronizeAction
9724:             1             32  com.intellij.ide.actions.SynchronizeCurrentFileAction
9725:             1             32  com.intellij.ide.actions.TabListAction
9726:             1             32  com.intellij.ide.actions.TabNavigationActionBase$GoToLastTabAction
9727:             1             32  com.intellij.ide.actions.TabNavigationActionBase$GoToTab1Action
9728:             1             32  com.intellij.ide.actions.TabNavigationActionBase$GoToTab2Action
9729:             1             32  com.intellij.ide.actions.TabNavigationActionBase$GoToTab3Action
9730:             1             32  com.intellij.ide.actions.TabNavigationActionBase$GoToTab4Action
9731:             1             32  com.intellij.ide.actions.TabNavigationActionBase$GoToTab5Action
9732:             1             32  com.intellij.ide.actions.TabNavigationActionBase$GoToTab6Action
9733:             1             32  com.intellij.ide.actions.TabNavigationActionBase$GoToTab7Action
9734:             1             32  com.intellij.ide.actions.TabNavigationActionBase$GoToTab8Action
9735:             1             32  com.intellij.ide.actions.TabNavigationActionBase$GoToTab9Action
9736:             1             32  com.intellij.ide.actions.TechnicalSupportAction
9737:             1             32  com.intellij.ide.actions.TemplateProjectPropertiesAction
9738:             1             32  com.intellij.ide.actions.ToggleContentUiTypeAction
9739:             1             32  com.intellij.ide.actions.ToggleDockModeAction
9740:             1             32  com.intellij.ide.actions.ToggleFloatingModeAction
9741:             1             32  com.intellij.ide.actions.ToggleFullScreenAction
9742:             1             32  com.intellij.ide.actions.TogglePinnedModeAction
9743:             1             32  com.intellij.ide.actions.TogglePowerSaveAction
9744:             1             32  com.intellij.ide.actions.TogglePresentationModeAction
9745:             1             32  com.intellij.ide.actions.ToggleReadOnlyAttributeAction
9746:             1             32  com.intellij.ide.actions.ToggleSideModeAction
9747:             1             32  com.intellij.ide.actions.ToggleWindowedModeAction
9748:             1             32  com.intellij.ide.actions.ToggleZenModeAction
9749:             1             32  com.intellij.ide.actions.ToolWindowDockPinnedAction
9750:             1             32  com.intellij.ide.actions.ToolWindowDockUnpinnedAction
9751:             1             32  com.intellij.ide.actions.ToolWindowFloatAction
9752:             1             32  com.intellij.ide.actions.ToolWindowUndockAction
9753:             1             32  com.intellij.ide.actions.ToolWindowWindowAction
9754:             1             32  com.intellij.ide.actions.UndoAction
9755:             1             32  com.intellij.ide.actions.ViewInplaceCommentsAction
9756:             1             32  com.intellij.ide.actions.ViewMainMenuAction
9757:             1             32  com.intellij.ide.actions.ViewNavigationBarAction
9758:             1             32  com.intellij.ide.actions.ViewNavigationBarMembersAction
9759:             1             32  com.intellij.ide.actions.ViewSourceAction
9760:             1             32  com.intellij.ide.actions.ViewStatusBarAction
9761:             1             32  com.intellij.ide.actions.ViewStructureAction
9762:             1             32  com.intellij.ide.actions.ViewToolWindowButtonsAction
9763:             1             32  com.intellij.ide.actions.WhatsNewAction
9764:             1             32  com.intellij.ide.actions.ZoomCurrentWindowAction
9765:             1             32  com.intellij.ide.actions.exclusion.ExcludeTreeNodeAction
9766:             1             32  com.intellij.ide.actions.exclusion.IncludeTreeNodeAction
9767:             1             32  com.intellij.ide.actions.project.ConvertModuleGroupsToQualifiedNamesAction
9768:             1             32  com.intellij.ide.actions.runAnything.RunAnythingAction
9769:             1             32  com.intellij.ide.actions.tree.CollapseTreeNodeAction
9770:             1             32  com.intellij.ide.actions.tree.ExpandTreeNodeAction
9771:             1             32  com.intellij.ide.actions.tree.FullyExpandTreeNodeAction
9772:             1             32  com.intellij.ide.b.e.b
9773:             1             32  com.intellij.ide.b.l.S
9774:             1             32  com.intellij.ide.b.l.ac
9775:             1             32  com.intellij.ide.b.l.av
9776:             1             32  com.intellij.ide.b.l.p
9777:             1             32  com.intellij.ide.bookmarks.actions.BookmarksAction
9778:             1             32  com.intellij.ide.bookmarks.actions.EditBookmarkAction
9779:             1             32  com.intellij.ide.bookmarks.actions.GoToMnemonicBookmarkActionBase$GotoBookmark0Action
9780:             1             32  com.intellij.ide.bookmarks.actions.GoToMnemonicBookmarkActionBase$GotoBookmark1Action
9781:             1             32  com.intellij.ide.bookmarks.actions.GoToMnemonicBookmarkActionBase$GotoBookmark2Action
9782:             1             32  com.intellij.ide.bookmarks.actions.GoToMnemonicBookmarkActionBase$GotoBookmark3Action
9783:             1             32  com.intellij.ide.bookmarks.actions.GoToMnemonicBookmarkActionBase$GotoBookmark4Action
9784:             1             32  com.intellij.ide.bookmarks.actions.GoToMnemonicBookmarkActionBase$GotoBookmark5Action
9785:             1             32  com.intellij.ide.bookmarks.actions.GoToMnemonicBookmarkActionBase$GotoBookmark6Action
9786:             1             32  com.intellij.ide.bookmarks.actions.GoToMnemonicBookmarkActionBase$GotoBookmark7Action
9787:             1             32  com.intellij.ide.bookmarks.actions.GoToMnemonicBookmarkActionBase$GotoBookmark8Action
9788:             1             32  com.intellij.ide.bookmarks.actions.GoToMnemonicBookmarkActionBase$GotoBookmark9Action
9789:             1             32  com.intellij.ide.bookmarks.actions.ToggleBookmarkAction
9790:             1             32  com.intellij.ide.bookmarks.actions.ToggleNumberedBookmarkActionBase$ToggleBookmark0Action
9791:             1             32  com.intellij.ide.bookmarks.actions.ToggleNumberedBookmarkActionBase$ToggleBookmark1Action
9792:             1             32  com.intellij.ide.bookmarks.actions.ToggleNumberedBookmarkActionBase$ToggleBookmark2Action
9793:             1             32  com.intellij.ide.bookmarks.actions.ToggleNumberedBookmarkActionBase$ToggleBookmark3Action
9794:             1             32  com.intellij.ide.bookmarks.actions.ToggleNumberedBookmarkActionBase$ToggleBookmark4Action
9795:             1             32  com.intellij.ide.bookmarks.actions.ToggleNumberedBookmarkActionBase$ToggleBookmark5Action
9796:             1             32  com.intellij.ide.bookmarks.actions.ToggleNumberedBookmarkActionBase$ToggleBookmark6Action
9797:             1             32  com.intellij.ide.bookmarks.actions.ToggleNumberedBookmarkActionBase$ToggleBookmark7Action
9798:             1             32  com.intellij.ide.bookmarks.actions.ToggleNumberedBookmarkActionBase$ToggleBookmark8Action
9799:             1             32  com.intellij.ide.bookmarks.actions.ToggleNumberedBookmarkActionBase$ToggleBookmark9Action
9800:             2             32  com.intellij.ide.browsers.actions.OpenInBrowserBaseGroupAction$$Lambda$3577/0x000000080208b440
9801:             2             32  com.intellij.ide.dnd.DnDSupport$DnDNativeTargetWrapper
9802:             1             32  com.intellij.ide.extensionResources.RestoreBundledExtensionsAction
9803:             2             32  com.intellij.ide.favoritesTreeView.ResourcesFavoriteNodeProvider
9804:             1             32  com.intellij.ide.favoritesTreeView.actions.AddNewFavoritesListAction
9805:             1             32  com.intellij.ide.favoritesTreeView.actions.EditFavoritesAction
9806:             1             32  com.intellij.ide.hierarchy.ViewClassHierarchyAction
9807:             1             32  com.intellij.ide.hierarchy.ViewSubtypesHierarchyAction
9808:             1             32  com.intellij.ide.hierarchy.ViewSupertypesHierarchyAction
9809:             1             32  com.intellij.ide.hierarchy.actions.BrowseCallHierarchyAction
9810:             1             32  com.intellij.ide.hierarchy.actions.BrowseMethodHierarchyAction
9811:             1             32  com.intellij.ide.hierarchy.actions.BrowseTypeHierarchyAction
9812:             1             32  com.intellij.ide.hierarchy.method.ImplementMethodAction
9813:             1             32  com.intellij.ide.hierarchy.method.OverrideMethodAction
9814:             2             32  com.intellij.ide.highlighter.custom.impl.CustomFileTypeBraceMatcher
9815:             1             32  com.intellij.ide.highlighter.custom.tokens.WhitespaceParser
9816:             1             32  com.intellij.ide.lightEdit.LightEditServiceImpl
9817:             1             32  com.intellij.ide.lightEdit.actions.LightEditGotoOpenedFileAction
9818:             1             32  com.intellij.ide.lightEdit.actions.LightEditOpenFileInProjectAction
9819:             1             32  com.intellij.ide.navigationToolbar.ActivateNavigationBarAction
9820:             1             32  com.intellij.ide.navigationToolbar.NavBarActions$Down
9821:             1             32  com.intellij.ide.navigationToolbar.NavBarActions$End
9822:             1             32  com.intellij.ide.navigationToolbar.NavBarActions$Enter
9823:             1             32  com.intellij.ide.navigationToolbar.NavBarActions$Escape
9824:             1             32  com.intellij.ide.navigationToolbar.NavBarActions$Home
9825:             1             32  com.intellij.ide.navigationToolbar.NavBarActions$Left
9826:             1             32  com.intellij.ide.navigationToolbar.NavBarActions$Navigate
9827:             1             32  com.intellij.ide.navigationToolbar.NavBarActions$Right
9828:             1             32  com.intellij.ide.navigationToolbar.NavBarActions$Up
9829:             1             32  com.intellij.ide.navigationToolbar.ShowNavBarAction
9830:             1             32  com.intellij.ide.plugins.InstallFromDiskAction
9831:             1             32  com.intellij.ide.projectView.ProjectViewSettings$Immutable
9832:             1             32  com.intellij.ide.projectView.ViewSettings$Immutable
9833:             1             32  com.intellij.ide.projectView.actions.ChangeProjectViewAction
9834:             1             32  com.intellij.ide.projectView.actions.ImportModuleFromImlFileAction
9835:             1             32  com.intellij.ide.projectView.actions.LoadUnloadModulesAction
9836:             1             32  com.intellij.ide.projectView.actions.MarkAsContentRootAction
9837:             1             32  com.intellij.ide.projectView.actions.MarkExcludeRootAction
9838:             1             32  com.intellij.ide.projectView.actions.MarkGeneratedSourceRootAction
9839:             1             32  com.intellij.ide.projectView.actions.MarkLibraryRootAction
9840:             1             32  com.intellij.ide.projectView.actions.MarkRootActionBase$RootsSelection
9841:             1             32  com.intellij.ide.projectView.actions.UnmarkGeneratedSourceRootAction
9842:             1             32  com.intellij.ide.projectView.actions.UnmarkRootAction
9843:             1             32  com.intellij.ide.projectView.impl.AsyncProjectViewSupport$3
9844:             2             32  com.intellij.ide.projectView.impl.CompoundProjectViewNodeDecorator
9845:             2             32  com.intellij.ide.projectView.impl.IdeViewForProjectViewPane
9846:             1             32  com.intellij.ide.projectView.impl.ProjectViewImpl$Action$AbbreviatePackageNames
9847:             1             32  com.intellij.ide.projectView.impl.ProjectViewImpl$Action$AutoscrollFromSource
9848:             1             32  com.intellij.ide.projectView.impl.ProjectViewImpl$Action$AutoscrollToSource
9849:             1             32  com.intellij.ide.projectView.impl.ProjectViewImpl$Action$CompactDirectories
9850:             1             32  com.intellij.ide.projectView.impl.ProjectViewImpl$Action$FlattenModules
9851:             1             32  com.intellij.ide.projectView.impl.ProjectViewImpl$Action$FlattenPackages
9852:             1             32  com.intellij.ide.projectView.impl.ProjectViewImpl$Action$FoldersAlwaysOnTop
9853:             1             32  com.intellij.ide.projectView.impl.ProjectViewImpl$Action$HideEmptyMiddlePackages
9854:             1             32  com.intellij.ide.projectView.impl.ProjectViewImpl$Action$ManualOrder
9855:             1             32  com.intellij.ide.projectView.impl.ProjectViewImpl$Action$ShowExcludedFiles
9856:             1             32  com.intellij.ide.projectView.impl.ProjectViewImpl$Action$ShowLibraryContents
9857:             1             32  com.intellij.ide.projectView.impl.ProjectViewImpl$Action$ShowMembers
9858:             1             32  com.intellij.ide.projectView.impl.ProjectViewImpl$Action$ShowModules
9859:             1             32  com.intellij.ide.projectView.impl.ProjectViewImpl$Action$ShowVisibilityIcons
9860:             1             32  com.intellij.ide.projectView.impl.ProjectViewImpl$Action$SortByType
9861:             1             32  com.intellij.ide.projectView.impl.ProjectViewImpl$MyAutoScrollFromSourceHandler
9862:             1             32  com.intellij.ide.projectView.impl.ProjectViewImpl$ScrollFromSourceAction
9863:             1             32  com.intellij.ide.projectView.impl.ProjectViewPane$ConfigureFilesNestingAction
9864:             1             32  com.intellij.ide.projectView.impl.ProjectViewPane$ProjectViewPaneTreeStructure
9865:             1             32  com.intellij.ide.projectView.impl.ProjectViewState
9866:             2             32  com.intellij.ide.projectWizard.ProjectTemplateList$$Lambda$1305/0x000000080126d840
9867:             2             32  com.intellij.ide.projectWizard.ProjectTemplateList$1
9868:             1             32  com.intellij.ide.scopeView.EditScopesAction
9869:             1             32  com.intellij.ide.scratch.ScratchFileActions$LanguageAction
9870:             1             32  com.intellij.ide.scratch.ScratchFileActions$NewBufferAction
9871:             1             32  com.intellij.ide.scratch.ScratchFileActions$NewFileAction
9872:             2             32  com.intellij.ide.scratch.ScratchFileServiceImpl$FilePresentation
9873:             2             32  com.intellij.ide.structureView.impl.java.JavaAnonymousClassesNodeProvider
9874:             2             32  com.intellij.ide.structureView.impl.java.JavaLambdaNodeProvider
9875:             1             32  com.intellij.ide.todo.TodoConfiguration
9876:             1             32  com.intellij.ide.todo.TodoPanel$MyFlattenPackagesAction
9877:             1             32  com.intellij.ide.todo.TodoPanel$MyShowModulesAction
9878:             1             32  com.intellij.ide.todo.TodoPanel$MyShowPackagesAction
9879:             2             32  com.intellij.ide.ui.OptionsTopHitProvider$Activity
9880:             2             32  com.intellij.ide.ui.UITheme$2
9881:             1             32  com.intellij.ide.ui.laf.DarculaMetalTheme
9882:             1             32  com.intellij.ide.ui.laf.darcula.DarculaTableHeaderUI
9883:             2             32  com.intellij.ide.ui.laf.darcula.ui.DarculaButtonPainter
9884:             1             32  com.intellij.ide.ui.laf.darcula.ui.DarculaProgressBarBorder
9885:             1             32  com.intellij.ide.ui.search.SearchableOptionsRegistrarImpl
9886:             1             32  com.intellij.ide.util.AppPropertiesComponentImpl
9887:             1             32  com.intellij.ide.util.ProjectPropertiesComponentImpl
9888:             1             32  com.intellij.ide.util.frameworkSupport.AddFrameworkSupportAction
9889:             1             32  com.intellij.ide.util.projectWizard.NamePathComponent$1
9890:             1             32  com.intellij.idea.MainImpl$1
9891:             1             32  com.intellij.idea.SocketLock
9892:             1             32  com.intellij.internal.DumpLookupElementWeights
9893:             1             32  com.intellij.internal.HidpiInfo
9894:             1             32  com.intellij.internal.psiView.PsiViewerAction
9895:             1             32  com.intellij.internal.psiView.PsiViewerAction$ForContext
9896:             1             32  com.intellij.internal.statistic.local.ActionsLocalSummaryState
9897:             1             32  com.intellij.internal.statistic.persistence.UsageStatisticsPersistenceComponent
9898:             1             32  com.intellij.j2ee.appServerIntegrations.impl.AppServersLibraryTable
9899:             1             32  com.intellij.j2ee.appServerIntegrations.impl.ApplicationServerImpl
9900:             1             32  com.intellij.j2ee.appServerIntegrations.impl.ApplicationServersManagerImpl
9901:             1             32  com.intellij.j2ee.web.highlighting.MimeTypeInspection
9902:             1             32  com.intellij.j2ee.web.jsr45.JSR45ConfigurationProducer
9903:             1             32  com.intellij.jarRepository.RepositoryLibrarySynchronizer$1
9904:             1             32  com.intellij.javaee.config.ConcurrencyUtilsForJavaeeLibraryType
9905:             1             32  com.intellij.javaee.config.ConnectorArchitectureLibraryType
9906:             1             32  com.intellij.javaee.config.JavaeeSecurityLibraryType
9907:             1             32  com.intellij.javaee.config.JmsLibraryType
9908:             1             32  com.intellij.javaee.config.JsonBindingLibraryType
9909:             1             32  com.intellij.javaee.config.JsonProcessingLibraryType
9910:             1             32  com.intellij.javaee.config.TransactionJavaeeLibraryType
9911:             1             32  com.intellij.javaee.dataSource.DataSourceAddFromServerAction
9912:             1             32  com.intellij.javaee.deployment.DeployAction
9913:             1             32  com.intellij.javaee.deployment.KeepDeployedAfterDisconnectAction
9914:             1             32  com.intellij.javaee.deployment.RefreshDeploymentStatusAction
9915:             1             32  com.intellij.javaee.deployment.UndeployAction
9916:             1             32  com.intellij.javaee.ejb.framework.EjbLibraryType
9917:             1             32  com.intellij.javaee.framework.library.JavaeeLibraryType
9918:             1             32  com.intellij.javaee.module.components.EjbModuleGeneralEditorProvider
9919:             1             32  com.intellij.javaee.module.components.MethodPermissionsEditorProvider
9920:             1             32  com.intellij.javaee.module.components.TransactionAttributesEditorProvider
9921:             1             32  com.intellij.javaee.module.view.ApplyJavaeeStyleAction
9922:             1             32  com.intellij.javaee.module.view.ejb.actions.CreateCmpFieldAction
9923:             1             32  com.intellij.javaee.module.view.ejb.actions.CreateEjbRelationshipAction
9924:             1             32  com.intellij.javaee.module.view.ejb.actions.CreateInterceptorAction
9925:             1             32  com.intellij.javaee.module.view.ejb.actions.CreateTransferObjectAction
9926:             1             32  com.intellij.javaee.module.view.ejb.actions.EditInterceptorBindingsAction
9927:             1             32  com.intellij.javaee.module.view.ejb.actions.OpenEjbERDiagramAction
9928:             1             32  com.intellij.javaee.module.view.web.CreateJspAction
9929:             1             32  com.intellij.javaee.module.view.web.filter.CreateFilterAction
9930:             1             32  com.intellij.javaee.module.view.web.listener.CreateListenerAction
9931:             1             32  com.intellij.javaee.module.view.web.servlet.CreateServletAction
9932:             1             32  com.intellij.javaee.oss.jboss.editor.JBossBeanProvider
9933:             1             32  com.intellij.javaee.ui.packaging.EarArtifactType
9934:             1             32  com.intellij.javaee.ui.packaging.EjbJarArtifactType
9935:             1             32  com.intellij.javaee.ui.packaging.ExplodedEarArtifactType
9936:             1             32  com.intellij.javaee.ui.packaging.ExplodedEjbArtifactType
9937:             1             32  com.intellij.javaee.ui.packaging.ExplodedWarArtifactType
9938:             1             32  com.intellij.javaee.ui.packaging.WarArtifactType
9939:             1             32  com.intellij.javaee.view.ServersConfigManager
9940:             1             32  com.intellij.javaee.view.tool.action.ChooseArtifactsAction
9941:             1             32  com.intellij.javaee.view.tool.action.DeployAllAction
9942:             1             32  com.intellij.javaee.weblogic.runDebug.configuration.WeblogicConfigurationProducer
9943:             1             32  com.intellij.javascript.debugger.actions.CopyJsonAction
9944:             1             32  com.intellij.javascript.debugger.actions.JSRestartFrameAction
9945:             1             32  com.intellij.javascript.debugger.actions.OpenUrlAction
9946:             1             32  com.intellij.javascript.debugger.actions.ReloadInBrowserAction
9947:             1             32  com.intellij.javascript.debugger.actions.ShowAsJsonAction
9948:             1             32  com.intellij.javascript.debugger.actions.ToggleExceptionBreakpointAction
9949:             1             32  com.intellij.javascript.debugger.breakpoints.JavaScriptBreakpointType
9950:             1             32  com.intellij.javascript.debugger.sourcemap.visualizer.actions.AddSourceContentsAction
9951:             1             32  com.intellij.javascript.debugger.sourcemap.visualizer.actions.VisualizeSourceMapAction
9952:             1             32  com.intellij.javascript.flex.FlexApplicationComponent$1
9953:             2             32  com.intellij.javascript.flex.mxml.FlexXmlBackedClassesIndex$1
9954:             1             32  com.intellij.javascript.flex.mxml.schema.CodeContext
9955:             1             32  com.intellij.javascript.nodejs.interpreter.NodeJsInterpreterManager
9956:             1             32  com.intellij.javascript.nodejs.interpreter.local.NodeJsLocalInterpreterManager$TimestampedSemVer
9957:             1             32  com.intellij.javascript.nodejs.library.NodeModulesRequestMerger
9958:             1             32  com.intellij.javascript.nodejs.npm.NpmPackageDescriptor
9959:             1             32  com.intellij.javascript.nodejs.packageJson.PackageJsonDependenciesExternalUpdateManager
9960:             1             32  com.intellij.javascript.nodejs.packageJson.PackageJsonFileManager
9961:             1             32  com.intellij.javascript.nodejs.packageJson.PackageJsonNewFileAction
9962:             1             32  com.intellij.javascript.nodejs.packageJson.notification.EnablePackageJsonMismatchedDependenciesNotificationAction
9963:             1             32  com.intellij.javascript.nodejs.util.DefaultNodePackageRefResolver
9964:             1             32  com.intellij.javascript.testFramework.jasmine.codeInsight.JasmineGenerateAfterEachMethodAction
9965:             1             32  com.intellij.javascript.testFramework.jasmine.codeInsight.JasmineGenerateBeforeEachMethodAction
9966:             1             32  com.intellij.javascript.testFramework.jasmine.codeInsight.JasmineGenerateNewSpecAction
9967:             1             32  com.intellij.javascript.testFramework.jasmine.codeInsight.JasmineGenerateNewSuiteAction
9968:             1             32  com.intellij.javascript.testFramework.qunit.codeInsight.QUnitGenerateNewTestAction
9969:             1             32  com.intellij.javascript.testFramework.qunit.codeInsight.QUnitGenerateSetupAction
9970:             1             32  com.intellij.javascript.testFramework.qunit.codeInsight.QUnitGenerateTearDownAction
9971:             1             32  com.intellij.javascript.trace.execution.TraceBrowserConfigurationType
9972:             1             32  com.intellij.javascript.trace.execution.TraceNodeConfigurationType
9973:             1             32  com.intellij.javascript.trace.execution.actions.SearchFunctionAction
9974:             1             32  com.intellij.javascript.trace.execution.events.actions.AddEventToFilterAction
9975:             1             32  com.intellij.javascript.trace.execution.events.actions.AddFileToFilterAction
9976:             1             32  com.intellij.javascript.trace.execution.events.actions.AddLabelAction
9977:             1             32  com.intellij.javascript.trace.execution.events.actions.AddNegatedEventToFilterAction
9978:             1             32  com.intellij.javascript.trace.execution.events.actions.AddNegatedFileToFilterAction
9979:             1             32  com.intellij.javascript.trace.execution.events.actions.CloseDocumentAction
9980:             1             32  com.intellij.javascript.trace.execution.events.actions.CloseTraceFilesAction
9981:             1             32  com.intellij.javascript.trace.execution.events.actions.MuteNodeModulesAction
9982:             1             32  com.intellij.javascript.trace.execution.events.actions.RefreshDocumentAction
9983:             1             32  com.intellij.javascript.trace.execution.events.actions.RemoveAndCloseTraceFilesAction
9984:             1             32  com.intellij.javascript.trace.execution.events.actions.RemoveChildrenAction
9985:             1             32  com.intellij.javascript.trace.execution.events.actions.RemoveNodeAction
9986:             1             32  com.intellij.javascript.trace.execution.events.actions.ShowAppDependencyGraphAction
9987:             1             32  com.intellij.javascript.trace.execution.events.actions.ShowEventDependencyGraphAction
9988:             1             32  com.intellij.javascript.trace.execution.fileDependency.actions.LocateEventAction
9989:             1             32  com.intellij.javascript.trace.execution.fileDependency.actions.SearchFunctionAction
9990:             1             32  com.intellij.javascript.trace.execution.stack.actions.AddFileToFilterAction
9991:             1             32  com.intellij.javascript.trace.execution.stack.actions.AddNegatedFileToFilterAction
9992:             1             32  com.intellij.javascript.trace.execution.stack.actions.FindNextFileFunctionNextCallAction
9993:             1             32  com.intellij.javascript.trace.execution.stack.actions.FindNextFileFunctionPrevCallAction
9994:             1             32  com.intellij.javascript.trace.execution.stack.actions.FindPrevFileFunctionNextCallAction
9995:             1             32  com.intellij.javascript.trace.execution.stack.actions.FindPrevFileFunctionPrevCallAction
9996:             1             32  com.intellij.javascript.trace.execution.stack.actions.FindThisFunctionNextCallAction
9997:             1             32  com.intellij.javascript.trace.execution.stack.actions.FindThisFunctionPrevCallAction
9998:             1             32  com.intellij.javascript.trace.execution.stack.actions.GoToFirstSearchOccurenceAction
9999:             1             32  com.intellij.javascript.trace.execution.stack.actions.GoToLastSearchOccurenceAction
10000:             1             32  com.intellij.javascript.trace.execution.stack.actions.GoToNextSearchOccurenceAction
10001:             1             32  com.intellij.javascript.trace.execution.stack.actions.GoToPreviousSearchOccurenceAction
10002:             1             32  com.intellij.javascript.trace.execution.stack.actions.JumpToCallerAction
10003:             1             32  com.intellij.javascript.trace.execution.stack.actions.JumpToMappedTraceAction
10004:             1             32  com.intellij.javascript.trace.execution.stack.actions.JumpToPackageFileAction
10005:             1             32  com.intellij.javascript.trace.execution.stack.actions.JumpToSourceAction
10006:             1             32  com.intellij.javascript.trace.execution.stack.actions.JumpToTraceAction
10007:             1             32  com.intellij.javascript.trace.execution.stack.actions.MuteNodeModuleAction
10008:             1             32  com.intellij.javascript.trace.execution.stack.actions.SearchFunctionAction
10009:             1             32  com.intellij.jboss.jbpm.chart.BpmnChartProvider
10010:             2             32  com.intellij.jboss.jbpm.diagram.managers.BpmnDiagramColorManager
10011:             2             32  com.intellij.jboss.jbpm.diagram.managers.BpmnNodeContentManager
10012:             1             32  com.intellij.jboss.jbpm.library.BpmnLibraryType
10013:             1             32  com.intellij.jboss.jpdl.actions.CreateJpdlFileAction
10014:             1             32  com.intellij.jboss.jpdl.library.JpdlLibraryType
10015:             1             32  com.intellij.jpa.actions.AssignDataSourcesAction
10016:             1             32  com.intellij.jpa.actions.EditEntityListenerBindingsAction
10017:             1             32  com.intellij.jpa.actions.GenerateEntityListenerMethods
10018:             1             32  com.intellij.jpa.actions.OpenJpaConsoleAction
10019:             1             32  com.intellij.jpa.actions.OpenJpaERDiagramAction
10020:             1             32  com.intellij.jpa.facet.JpaFacetType
10021:             1             32  com.intellij.jpa.ql.JpqlLanguage
10022:             1             32  com.intellij.jpa.ql.JpqlLanguage$1
10023:             1             32  com.intellij.jpa.ql.JpqlLanguage$2
10024:             1             32  com.intellij.jpa.ql.JpqlLanguage$3
10025:             1             32  com.intellij.jsf.actions.CreateFacesConfigAction
10026:             1             32  com.intellij.jsf.actions.CreateJsfAction
10027:             1             32  com.intellij.jsf.actions.GenerateFacesPagesAction
10028:             1             32  com.intellij.jsf.actions.UserDefinedFacesConfigAction
10029:             2             32  com.intellij.jsf.composite.references.AbstractForAttributeReferenceProvider$1
10030:             1             32  com.intellij.jsf.library.JsfIcefacesLibraryType
10031:             1             32  com.intellij.jsf.library.JsfLibraryType
10032:             1             32  com.intellij.jsf.library.JsfOpenfacesLibraryType
10033:             1             32  com.intellij.jsf.library.JsfPrimefacesLibraryType
10034:             1             32  com.intellij.jsf.library.JsfRichfacesLibraryType
10035:             1             32  com.intellij.jsf.yfilesGraph.actions.OpenSelectedPagesActon
10036:             1             32  com.intellij.json.JsonLanguage
10037:             1             32  com.intellij.json.editor.JsonCopyPointerAction
10038:             1             32  com.intellij.json.editor.JsonSmartKeysConfigurable
10039:             1             32  com.intellij.json.json5.Json5Language
10040:             1             32  com.intellij.json.liveTemplates.JsonContextType
10041:             1             32  com.intellij.jsp.taglibs.actions.CreateTaglibFileAction
10042:             1             32  com.intellij.lang.Language$1
10043:             1             32  com.intellij.lang.ant.config.actions.AddAntBuildFile
10044:             1             32  com.intellij.lang.ant.config.actions.RunTargetAction
10045:             1             32  com.intellij.lang.aspectj.AjTemplateContextType
10046:             1             32  com.intellij.lang.aspectj.AspectJLanguage
10047:             1             32  com.intellij.lang.aspectj.actions.CreateAspectAction
10048:             1             32  com.intellij.lang.aspectj.facet.AjFacetType
10049:             2             32  com.intellij.lang.aspectj.index.stub.AjInterTypeClassIndex
10050:             2             32  com.intellij.lang.aspectj.index.stub.AjInterTypeFieldIndex
10051:             2             32  com.intellij.lang.aspectj.index.stub.AjInterTypeMethodIndex
10052:             2             32  com.intellij.lang.aspectj.index.stub.AjShortClassNameIndex
10053:             1             32  com.intellij.lang.aspectj.refactoring.pushIn.PushInAction
10054:             1             32  com.intellij.lang.cacheBuilder.CacheBuilderEP
10055:             1             32  com.intellij.lang.css.CSSLanguage
10056:             1             32  com.intellij.lang.css.CssDialectMappings
10057:             2             32  com.intellij.lang.css.CssDialectPusher
10058:             1             32  com.intellij.lang.css.actions.CreateStylesheetFileAction
10059:             2             32  com.intellij.lang.css.linter.stylelint.StylelintExternalAnnotator
10060:             1             32  com.intellij.lang.customFolding.GotoCustomRegionAction
10061:             1             32  com.intellij.lang.ecmascript6.actions.ES6GenerateIndexAction
10062:             1             32  com.intellij.lang.java.JShellLanguage
10063:             1             32  com.intellij.lang.java.JavaLanguage
10064:             1             32  com.intellij.lang.javascript.JavascriptLanguage
10065:             1             32  com.intellij.lang.javascript.actions.CreateJavaScriptFileAction
10066:             1             32  com.intellij.lang.javascript.actions.CreateTypeScriptFileAction
10067:             1             32  com.intellij.lang.javascript.actions.TypeScriptCreateConfigFileAction
10068:             1             32  com.intellij.lang.javascript.buildTools.base.actions.JsbtRunTaskAction
10069:             1             32  com.intellij.lang.javascript.buildTools.grunt.ShowGruntTasksAction
10070:             1             32  com.intellij.lang.javascript.buildTools.gulp.ShowGulpTasksAction
10071:             2             32  com.intellij.lang.javascript.buildTools.npm.NpmCommandRunAnythingProvider
10072:             2             32  com.intellij.lang.javascript.buildTools.npm.NpmScriptRunAnythingProvider
10073:             1             32  com.intellij.lang.javascript.buildTools.npm.ShowNpmScriptsAction
10074:             1             32  com.intellij.lang.javascript.dialects.JSDialectsMappings
10075:             2             32  com.intellij.lang.javascript.dialects.JSLanguageLevelPusher
10076:             1             32  com.intellij.lang.javascript.editor.JSSmartKeysConfigurable
10077:             1             32  com.intellij.lang.javascript.flex.MxmlTemplateContextType
10078:             1             32  com.intellij.lang.javascript.flex.actions.addAsLib.AddAsSwcLibAction
10079:             1             32  com.intellij.lang.javascript.flex.actions.airpackage.AirPackageAction
10080:             1             32  com.intellij.lang.javascript.flex.actions.newfile.NewActionScriptClassAction
10081:             1             32  com.intellij.lang.javascript.flex.actions.newfile.NewFlexComponentAction
10082:             1             32  com.intellij.lang.javascript.flex.debug.FilterSwfLoadUnloadMessagesAction
10083:             1             32  com.intellij.lang.javascript.flex.debug.FlexBreakpointType
10084:             1             32  com.intellij.lang.javascript.flex.debug.SendCommandToDebuggerAction
10085:             1             32  com.intellij.lang.javascript.flex.projectStructure.FlexBCConfigurator
10086:             1             32  com.intellij.lang.javascript.flex.projectStructure.ui.ChooseActiveBuildConfigurationAction
10087:             1             32  com.intellij.lang.javascript.flow.FlowJSRestartAllServersAction
10088:             1             32  com.intellij.lang.javascript.frameworks.jquery.JQueryCssLanguage
10089:             1             32  com.intellij.lang.javascript.frameworks.webpack.WebpackConfigHighlightingInspection
10090:             1             32  com.intellij.lang.javascript.generation.JSGenerateSetUpMethodAction
10091:             1             32  com.intellij.lang.javascript.generation.JSGenerateTearDownMethodAction
10092:             1             32  com.intellij.lang.javascript.generation.JSGenerateTestMethodAction
10093:             1             32  com.intellij.lang.javascript.generation.JavaScriptGenerateConstructorAction
10094:             1             32  com.intellij.lang.javascript.generation.JavaScriptGenerateEventHandlerAction
10095:             1             32  com.intellij.lang.javascript.generation.JavaScriptGenerateGetAccessorAction
10096:             1             32  com.intellij.lang.javascript.generation.JavaScriptGenerateGetSetAccessorAction
10097:             1             32  com.intellij.lang.javascript.generation.JavaScriptGenerateSetAccessorAction
10098:             1             32  com.intellij.lang.javascript.generation.JavaScriptGenerateToStringAction
10099:             1             32  com.intellij.lang.javascript.generation.JavaScriptImplementsMethodsAction
10100:             1             32  com.intellij.lang.javascript.generation.TypeScriptImplementMembersAction
10101:             1             32  com.intellij.lang.javascript.inspections.ES6ConvertRequireIntoImportInspection
10102:             1             32  com.intellij.lang.javascript.inspections.ES6MissingAwaitInspection
10103:             1             32  com.intellij.lang.javascript.inspections.ES6RedundantAwaitInspection
10104:             1             32  com.intellij.lang.javascript.inspections.JSCheckFunctionSignaturesInspection
10105:             1             32  com.intellij.lang.javascript.inspections.JSDeclarationsAtScopeStartInspection
10106:             1             32  com.intellij.lang.javascript.inspections.JSFileReferencesInspection
10107:             1             32  com.intellij.lang.javascript.inspections.JSJQueryEfficiencyInspection
10108:             1             32  com.intellij.lang.javascript.inspections.JSJoinVariableDeclarationAndAssignmentInspection
10109:             1             32  com.intellij.lang.javascript.inspections.JSMethodCanBeStaticInspection
10110:             1             32  com.intellij.lang.javascript.inspections.JSMissingSwitchBranchesInspection
10111:             1             32  com.intellij.lang.javascript.inspections.JSMissingSwitchDefaultInspection
10112:             1             32  com.intellij.lang.javascript.inspections.JSNonASCIINamesInspection
10113:             1             32  com.intellij.lang.javascript.inspections.JSOctalIntegerInspection
10114:             1             32  com.intellij.lang.javascript.inspections.JSPotentiallyInvalidConstructorUsageInspection
10115:             1             32  com.intellij.lang.javascript.inspections.JSSwitchVariableDeclarationIssueInspection
10116:             1             32  com.intellij.lang.javascript.inspections.JSUndeclaredVariableInspection
10117:             1             32  com.intellij.lang.javascript.inspections.JSUnfilteredForInLoopInspection
10118:             1             32  com.intellij.lang.javascript.inspections.JSUnreachableSwitchBranchesInspection
10119:             1             32  com.intellij.lang.javascript.inspections.JSUnresolvedFunctionInspection
10120:             1             32  com.intellij.lang.javascript.inspections.JSUnresolvedVariableInspection
10121:             1             32  com.intellij.lang.javascript.inspections.JSUnusedGlobalSymbolsInspection
10122:             1             32  com.intellij.lang.javascript.inspections.JSUnusedLocalSymbolsInspection
10123:             1             32  com.intellij.lang.javascript.inspections.JSXNamespaceValidationInspection
10124:             1             32  com.intellij.lang.javascript.inspections.UnterminatedStatementJSInspection
10125:             1             32  com.intellij.lang.javascript.intentions.ES6ConvertLetToConstInspection
10126:             1             32  com.intellij.lang.javascript.intentions.ES6ConvertVarToLetConstInspection
10127:             1             32  com.intellij.lang.javascript.intentions.JSCreateSubclassIntention
10128:             1             32  com.intellij.lang.javascript.intentions.JSExplicifyFieldsIntention
10129:             1             32  com.intellij.lang.javascript.intentions.JSMoveTypeToFileIntention
10130:             1             32  com.intellij.lang.javascript.intentions.JSRenameFileToMatchTypeNameIntention
10131:             2             32  com.intellij.lang.javascript.library.JSCDNLibManager$NPMSourcedCDNLibraryProvider
10132:             1             32  com.intellij.lang.javascript.library.JSPredefinedLibrariesData
10133:             1             32  com.intellij.lang.javascript.library.JSPredefinedLibrariesData$1
10134:             1             32  com.intellij.lang.javascript.library.JSPredefinedLibraryMappings
10135:             2             32  com.intellij.lang.javascript.linter.LinterCodeStyleImportSourceTracker$$Lambda$3680/0x000000080210e840
10136:             2             32  com.intellij.lang.javascript.linter.MultiRootJSLinterLanguageServiceManager$$Lambda$4071/0x0000000802385c40
10137:             2             32  com.intellij.lang.javascript.linter.MultiRootJSLinterLanguageServiceManager$1
10138:             1             32  com.intellij.lang.javascript.linter.eslint.EsLintFixAction
10139:             1             32  com.intellij.lang.javascript.linter.eslint.EslintConfiguration
10140:             2             32  com.intellij.lang.javascript.linter.eslint.EslintExternalAnnotator
10141:             1             32  com.intellij.lang.javascript.linter.eslint.EslintInspection
10142:             1             32  com.intellij.lang.javascript.linter.eslint.importer.EslintImportCodeStyleAction
10143:             1             32  com.intellij.lang.javascript.linter.eslint.service.EslintLanguageServiceManager
10144:             1             32  com.intellij.lang.javascript.linter.eslint.standardjs.StandardJSConfiguration
10145:             1             32  com.intellij.lang.javascript.linter.eslint.standardjs.StandardJSFixAction
10146:             1             32  com.intellij.lang.javascript.linter.eslint.standardjs.StandardJSLanguageServiceManager
10147:             1             32  com.intellij.lang.javascript.linter.jscs.JscsConfiguration
10148:             1             32  com.intellij.lang.javascript.linter.jscs.JscsFixAction
10149:             1             32  com.intellij.lang.javascript.linter.tslint.codestyle.TsLintImportCodeStyleAction
10150:             1             32  com.intellij.lang.javascript.linter.tslint.config.TsLintConfiguration
10151:             1             32  com.intellij.lang.javascript.linter.tslint.fix.TsLintFileFixAction
10152:             1             32  com.intellij.lang.javascript.linter.tslint.highlight.TsLintInspection
10153:             1             32  com.intellij.lang.javascript.modules.InstallNodeLocalDependenciesAction
10154:             1             32  com.intellij.lang.javascript.modules.diagramm.JSModulesDiagramProvider
10155:             2             32  com.intellij.lang.javascript.refactoring.react.ReactClassToFunctionalComponentHandler
10156:             2             32  com.intellij.lang.javascript.refactoring.react.ReactFunctionalToClassComponentHandler
10157:             1             32  com.intellij.lang.javascript.uml.actions.FlexCreateConstructorFromDiagramAction
10158:             1             32  com.intellij.lang.javascript.uml.actions.FlexCreateFieldFromDiagramAction
10159:             1             32  com.intellij.lang.javascript.uml.actions.FlexCreateMethodFromDiagramAction
10160:             1             32  com.intellij.lang.javascript.uml.actions.NewActionScriptClassUmlAction
10161:             1             32  com.intellij.lang.javascript.uml.actions.NewFlexComponentUmlAction
10162:             1             32  com.intellij.lang.jvm.facade.JvmFacadeImpl
10163:             1             32  com.intellij.lang.ognl.OgnlLanguage
10164:             1             32  com.intellij.lang.properties.PropertiesLanguage
10165:             1             32  com.intellij.lang.properties.PropertiesReferenceContributor$1
10166:             1             32  com.intellij.lang.properties.create.AddNewPropertyFileAction
10167:             1             32  com.intellij.lang.properties.create.CreateResourceBundleAction
10168:             1             32  com.intellij.lang.properties.customizeActions.CombinePropertiesFilesAction
10169:             1             32  com.intellij.lang.properties.customizeActions.DissociateResourceBundleAction
10170:             1             32  com.intellij.lang.properties.editor.ChooseSubsequentPropertyValueEditorAction$Next
10171:             1             32  com.intellij.lang.properties.editor.ChooseSubsequentPropertyValueEditorAction$Prev
10172:             1             32  com.intellij.lang.properties.editor.GotoNextIncompletePropertyAction
10173:             1             32  com.intellij.lang.properties.editor.NewPropertyAction
10174:             1             32  com.intellij.lang.properties.editor.ResourceBundleEditorShowQuickFixesAction
10175:             2             32  com.intellij.lang.properties.psi.PropertyKeyIndex
10176:             1             32  com.intellij.lang.spi.SPILanguage
10177:             1             32  com.intellij.lang.typescript.compiler.action.TypeScriptCompileAction
10178:             1             32  com.intellij.lang.typescript.compiler.action.TypeScriptRestartServiceAction
10179:             1             32  com.intellij.lang.typescript.compiler.action.before.TypeScriptServiceAction
10180:             1             32  com.intellij.lang.typescript.library.TypeScriptJSSourcesAction
10181:             1             32  com.intellij.lang.typescript.library.TypeScriptLibraryProviderImpl
10182:             1             32  com.intellij.lang.typescript.settings.exclude.TypeScriptExcludeManager$State
10183:             1             32  com.intellij.lang.typescript.settings.exclude.TypeScriptIncludeGeneratedDeclarationFilesAction
10184:             1             32  com.intellij.lang.typescript.tsconfig.graph.TypeScriptConfigGraphCache
10185:             2             32  com.intellij.lang.xml.XmlASTFactory
10186:             2             32  com.intellij.micronaut.provider.websocket.MnWebSocketViewProvider
10187:             1             32  com.intellij.microservices.ui.actions.GroupByEndpointSourceAction
10188:             1             32  com.intellij.microservices.ui.actions.GroupByEndpointTypeAction
10189:             1             32  com.intellij.microservices.ui.actions.GroupByFrameworkAction
10190:             1             32  com.intellij.microservices.ui.actions.GroupByModuleAction
10191:             1             32  com.intellij.microservices.ui.actions.GroupByProjectAction
10192:             1             32  com.intellij.microservices.ui.actions.ShowDetailsAction
10193:             1             32  com.intellij.microservices.ui.actions.ShowEmptyGroupsAction
10194:             1             32  com.intellij.microservices.ui.actions.ShowFromLibrariesAction
10195:             1             32  com.intellij.microservices.ui.actions.ShowFromOpenedProjectsAction
10196:             1             32  com.intellij.microservices.utils.pathVariables.PathVariableReferenceProvider
10197:             1             32  com.intellij.moduleDependencies.ShowModuleDependenciesAction
10198:             1             32  com.intellij.notification.EventLog$ProjectTracker
10199:             1             32  com.intellij.notification.LogModel
10200:             1             32  com.intellij.notification.impl.actions.MarkAllNotificationsAsReadAction
10201:             1             32  com.intellij.openapi.actionSystem.EmptyAction$MyDelegatingAction
10202:             2             32  com.intellij.openapi.actionSystem.SplitButtonAction$SplitButton$2
10203:             2             32  com.intellij.openapi.actionSystem.ex.ComboBoxAction$ComboBoxButton$$Lambda$1916/0x00000008018b6c40
10204:             1             32  com.intellij.openapi.actionSystem.ex.QuickList
10205:             1             32  com.intellij.openapi.actionSystem.impl.MacGestureAdapter
10206:             1             32  com.intellij.openapi.actionSystem.impl.Utils$1
10207:             2             32  com.intellij.openapi.actionSystem.impl.actionholder.SimpleActionRef
10208:             2             32  com.intellij.openapi.application.impl.ModalityStateEx
10209:             1             32  com.intellij.openapi.command.impl.CommandProcessorImpl
10210:             1             32  com.intellij.openapi.components.impl.ModulePathMacroManager
10211:             1             32  com.intellij.openapi.diff.impl.dir.actions.popup.CancelComparingNewFilesWithEachOtherAction
10212:             1             32  com.intellij.openapi.diff.impl.dir.actions.popup.CompareNewFilesWithEachOtherAction
10213:             1             32  com.intellij.openapi.diff.impl.dir.actions.popup.MirrorToLeftAction
10214:             1             32  com.intellij.openapi.diff.impl.dir.actions.popup.MirrorToRightAction
10215:             1             32  com.intellij.openapi.diff.impl.dir.actions.popup.SetCopyToLeft
10216:             1             32  com.intellij.openapi.diff.impl.dir.actions.popup.SetCopyToRight
10217:             1             32  com.intellij.openapi.diff.impl.dir.actions.popup.SetDefault
10218:             1             32  com.intellij.openapi.diff.impl.dir.actions.popup.SetDelete
10219:             1             32  com.intellij.openapi.diff.impl.dir.actions.popup.SetNoOperation
10220:             1             32  com.intellij.openapi.diff.impl.dir.actions.popup.WarnOnDeletion
10221:             1             32  com.intellij.openapi.editor.actions.AddOrRemoveCaretDummyAction
10222:             1             32  com.intellij.openapi.editor.actions.AddRectangularSelectionOnMouseDragAction
10223:             1             32  com.intellij.openapi.editor.actions.ChangeEditorFontSizeAction$DecreaseEditorFontSize
10224:             1             32  com.intellij.openapi.editor.actions.ChangeEditorFontSizeAction$IncreaseEditorFontSize
10225:             1             32  com.intellij.openapi.editor.actions.ConfigureSoftWrapsAction
10226:             1             32  com.intellij.openapi.editor.actions.CreateRectangularSelectionAction
10227:             1             32  com.intellij.openapi.editor.actions.CreateRectangularSelectionOnMouseDragAction
10228:             1             32  com.intellij.openapi.editor.actions.MultiplePasteAction
10229:             1             32  com.intellij.openapi.editor.actions.RemoveBomAction
10230:             1             32  com.intellij.openapi.editor.actions.SetEditorBidiTextDirectionAction$ContentBased
10231:             1             32  com.intellij.openapi.editor.actions.SetEditorBidiTextDirectionAction$Ltr
10232:             1             32  com.intellij.openapi.editor.actions.SetEditorBidiTextDirectionAction$Rtl
10233:             1             32  com.intellij.openapi.editor.actions.ToggleColumnModeAction
10234:             1             32  com.intellij.openapi.editor.actions.ToggleShowGutterIconsAction
10235:             1             32  com.intellij.openapi.editor.actions.ToggleShowImportPopupsAction
10236:             1             32  com.intellij.openapi.editor.actions.ToggleShowIndentLinesAction
10237:             1             32  com.intellij.openapi.editor.actions.ToggleShowIndentLinesGloballyAction
10238:             1             32  com.intellij.openapi.editor.actions.ToggleShowLineNumbersAction
10239:             1             32  com.intellij.openapi.editor.actions.ToggleShowLineNumbersGloballyAction
10240:             1             32  com.intellij.openapi.editor.actions.ToggleShowWhitespacesAction
10241:             1             32  com.intellij.openapi.editor.actions.ToggleUseSoftWrapsInPreviewAction
10242:             1             32  com.intellij.openapi.editor.colors.TextAttributesKey$1
10243:             2             32  com.intellij.openapi.editor.ex.util.ShortBasedStorage
10244:             2             32  com.intellij.openapi.editor.impl.CaretModelImpl$$Lambda$3434/0x0000000801ffe440
10245:             2             32  com.intellij.openapi.editor.impl.EditorComponentImpl$1
10246:             2             32  com.intellij.openapi.editor.impl.EditorComponentImpl$EditorAccessibilityCaret
10247:             2             32  com.intellij.openapi.editor.impl.EditorComponentImpl$EditorAccessibilityTextUI
10248:             2             32  com.intellij.openapi.editor.impl.EditorFilteringMarkupModelEx$$Lambda$3430/0x0000000801fff440
10249:             2             32  com.intellij.openapi.editor.impl.EditorGutterComponentImpl$$Lambda$3451/0x0000000802020040
10250:             2             32  com.intellij.openapi.editor.impl.EditorGutterComponentImpl$$Lambda$3452/0x0000000802020440
10251:             2             32  com.intellij.openapi.editor.impl.EditorGutterComponentImpl$$Lambda$3453/0x0000000802020840
10252:             2             32  com.intellij.openapi.editor.impl.EditorGutterComponentImpl$$Lambda$3454/0x0000000802020c40
10253:             2             32  com.intellij.openapi.editor.impl.EditorGutterComponentImpl$$Lambda$3455/0x0000000802021040
10254:             2             32  com.intellij.openapi.editor.impl.EditorGutterComponentImpl$1
10255:             2             32  com.intellij.openapi.editor.impl.EditorImpl$$Lambda$3450/0x0000000801ffa440
10256:             2             32  com.intellij.openapi.editor.impl.EditorImpl$$Lambda$3456/0x0000000802021440
10257:             2             32  com.intellij.openapi.editor.impl.EditorImpl$$Lambda$3487/0x0000000802042440
10258:             2             32  com.intellij.openapi.editor.impl.EditorImpl$1
10259:             2             32  com.intellij.openapi.editor.impl.EditorImpl$10
10260:             2             32  com.intellij.openapi.editor.impl.EditorImpl$3
10261:             2             32  com.intellij.openapi.editor.impl.EditorImpl$4
10262:             2             32  com.intellij.openapi.editor.impl.EditorImpl$5
10263:             2             32  com.intellij.openapi.editor.impl.EditorImpl$7
10264:             2             32  com.intellij.openapi.editor.impl.EditorImpl$8
10265:             2             32  com.intellij.openapi.editor.impl.EditorImpl$9
10266:             2             32  com.intellij.openapi.editor.impl.EditorImpl$DefaultPopupHandler
10267:             2             32  com.intellij.openapi.editor.impl.EditorImpl$EditorDocumentAdapter
10268:             2             32  com.intellij.openapi.editor.impl.EditorImpl$MyInputMethodHandleSwingThreadWrapper
10269:             2             32  com.intellij.openapi.editor.impl.EditorImpl$MyMouseAdapter
10270:             2             32  com.intellij.openapi.editor.impl.EditorImpl$MyMouseMotionListener
10271:             2             32  com.intellij.openapi.editor.impl.EditorImpl$MyTextDrawingCallback
10272:             1             32  com.intellij.openapi.editor.impl.EditorImpl$RepaintCursorCommand
10273:             2             32  com.intellij.openapi.editor.impl.FocusModeModel$$Lambda$3489/0x0000000802042c40
10274:             2             32  com.intellij.openapi.editor.impl.FocusModeModel$2
10275:             2             32  com.intellij.openapi.editor.impl.FoldingAnchorsOverlayStrategy
10276:             2             32  com.intellij.openapi.editor.impl.FoldingPopupManager
10277:             2             32  com.intellij.openapi.editor.impl.ImmediatePainter$$Lambda$3446/0x0000000801ffb440
10278:             2             32  com.intellij.openapi.editor.impl.ScrollingModelImpl$1
10279:             2             32  com.intellij.openapi.editor.impl.SoftWrapModelImpl$1
10280:             1             32  com.intellij.openapi.editor.impl.StripedIDGenerator$NextPair
10281:             1             32  com.intellij.openapi.editor.impl.VisibleEditorsTracker
10282:             2             32  com.intellij.openapi.editor.impl.event.EditorEventMulticasterImpl$1
10283:             2             32  com.intellij.openapi.editor.impl.event.EditorEventMulticasterImpl$2
10284:             2             32  com.intellij.openapi.editor.impl.event.EditorEventMulticasterImpl$3
10285:             2             32  com.intellij.openapi.editor.impl.softwrap.mapping.SoftWrapApplianceManager$$Lambda$3445/0x0000000801ffb040
10286:             2             32  com.intellij.openapi.editor.impl.softwrap.mapping.SoftWrapApplianceManager$DefaultVisibleAreaWidthProvider
10287:             2             32  com.intellij.openapi.editor.impl.view.EditorPainter
10288:             2             32  com.intellij.openapi.editor.impl.view.EditorSizeManager$1
10289:             1             32  com.intellij.openapi.editor.impl.view.IterationState$CaretData
10290:             2             32  com.intellij.openapi.editor.impl.view.TextLayoutCache$2
10291:             1             32  com.intellij.openapi.editor.richcopy.CopyAsPlainTextAction
10292:             1             32  com.intellij.openapi.editor.richcopy.CopyAsRichTextAction
10293:             1             32  com.intellij.openapi.editor.toolbar.floating.DefaultFloatingToolbarProvider
10294:             2             32  com.intellij.openapi.extensions.ExtensionPointUtil$$Lambda$838/0x0000000800aed040
10295:             2             32  com.intellij.openapi.extensions.SmartExtensionPoint$1
10296:             1             32  com.intellij.openapi.externalSystem.action.AttachExternalProjectAction
10297:             1             32  com.intellij.openapi.externalSystem.action.DetachExternalProjectAction
10298:             1             32  com.intellij.openapi.externalSystem.action.EditExternalSystemRunConfigurationAction
10299:             1             32  com.intellij.openapi.externalSystem.action.ExternalSystemSelectProjectDataToImportAction
10300:             1             32  com.intellij.openapi.externalSystem.action.ExternalSystemTreeAction$CollapseAll
10301:             1             32  com.intellij.openapi.externalSystem.action.ExternalSystemTreeAction$ExpandAll
10302:             1             32  com.intellij.openapi.externalSystem.action.IgnoreExternalProjectAction
10303:             1             32  com.intellij.openapi.externalSystem.action.OpenExternalConfigAction
10304:             1             32  com.intellij.openapi.externalSystem.action.OpenTasksActivationManagerAction
10305:             1             32  com.intellij.openapi.externalSystem.action.RefreshAllExternalProjectsAction
10306:             1             32  com.intellij.openapi.externalSystem.action.RefreshExternalProjectAction
10307:             1             32  com.intellij.openapi.externalSystem.action.RemoveExternalSystemRunConfigurationAction
10308:             1             32  com.intellij.openapi.externalSystem.action.ShowExternalSystemSettingsAction
10309:             1             32  com.intellij.openapi.externalSystem.action.task.AssignRunConfigurationShortcutAction
10310:             1             32  com.intellij.openapi.externalSystem.action.task.AssignShortcutAction
10311:             1             32  com.intellij.openapi.externalSystem.action.task.GroupModulesAction
10312:             1             32  com.intellij.openapi.externalSystem.action.task.GroupTasksAction
10313:             1             32  com.intellij.openapi.externalSystem.action.task.RunExternalSystemTaskAction
10314:             1             32  com.intellij.openapi.externalSystem.action.task.ShowIgnoredAction
10315:             1             32  com.intellij.openapi.externalSystem.action.task.ShowInheritedTasksAction
10316:             1             32  com.intellij.openapi.externalSystem.action.task.ToggleAfterCompileTasksAction
10317:             1             32  com.intellij.openapi.externalSystem.action.task.ToggleAfterRebuildTasksAction
10318:             1             32  com.intellij.openapi.externalSystem.action.task.ToggleAfterSyncTaskAction
10319:             1             32  com.intellij.openapi.externalSystem.action.task.ToggleBeforeCompileTasksAction
10320:             1             32  com.intellij.openapi.externalSystem.action.task.ToggleBeforeRebuildTasksAction
10321:             1             32  com.intellij.openapi.externalSystem.action.task.ToggleBeforeRunTaskAction
10322:             1             32  com.intellij.openapi.externalSystem.action.task.ToggleBeforeSyncTaskAction
10323:             1             32  com.intellij.openapi.externalSystem.autoimport.HideProjectRefreshAction
10324:             1             32  com.intellij.openapi.externalSystem.autoimport.ProjectRefreshAction
10325:             1             32  com.intellij.openapi.externalSystem.autoimport.ProjectRefreshFloatingProvider
10326:             1             32  com.intellij.openapi.externalSystem.autoimport.UseAllAutoReloadTypeAction
10327:             1             32  com.intellij.openapi.externalSystem.autoimport.UseNoneAutoReloadTypeAction
10328:             1             32  com.intellij.openapi.externalSystem.autoimport.UseSelectiveAutoReloadTypeAction
10329:             1             32  com.intellij.openapi.externalSystem.service.RemoteExternalSystemCommunicationManager
10330:             1             32  com.intellij.openapi.externalSystem.service.project.ExternalModuleStructureExtension
10331:             1             32  com.intellij.openapi.externalSystem.service.project.manage.ExternalProjectsDataStorage
10332:             1             32  com.intellij.openapi.externalSystem.service.remote.ExternalSystemProgressNotificationManagerImpl
10333:             1             32  com.intellij.openapi.externalSystem.util.PrefixTreeMap$Node
10334:             1             32  com.intellij.openapi.file.exclude.ui.MarkAsOriginalTypeAction
10335:             1             32  com.intellij.openapi.file.exclude.ui.MarkAsPlainTextAction
10336:             1             32  com.intellij.openapi.fileChooser.actions.FileDeleteAction
10337:             1             32  com.intellij.openapi.fileChooser.actions.GotoDesktopDirAction
10338:             1             32  com.intellij.openapi.fileChooser.actions.GotoHomeAction
10339:             1             32  com.intellij.openapi.fileChooser.actions.GotoModuleDirectory
10340:             1             32  com.intellij.openapi.fileChooser.actions.GotoProjectDirectory
10341:             1             32  com.intellij.openapi.fileChooser.actions.NewFileAction
10342:             1             32  com.intellij.openapi.fileChooser.actions.NewFolderAction
10343:             1             32  com.intellij.openapi.fileChooser.actions.RefreshFileChooserAction
10344:             1             32  com.intellij.openapi.fileChooser.actions.ShowHiddensAction
10345:             1             32  com.intellij.openapi.fileChooser.actions.TogglePathShowingAction
10346:             2             32  com.intellij.openapi.fileEditor.impl.EditorComposite$$Lambda$3562/0x000000080208e840
10347:             1             32  com.intellij.openapi.fileEditor.impl.EditorComposite$2
10348:             1             32  com.intellij.openapi.fileEditor.impl.EditorTabbedContainer
10349:             2             32  com.intellij.openapi.fileEditor.impl.EditorTabbedContainer$MyQueryable
10350:             1             32  com.intellij.openapi.fileEditor.impl.EditorTabbedContainer$MyTransferHandler
10351:             1             32  com.intellij.openapi.fileEditor.impl.EditorWindow
10352:             1             32  com.intellij.openapi.fileEditor.impl.EditorWindow$1
10353:             2             32  com.intellij.openapi.fileEditor.impl.EditorWindow$TComp$1
10354:             2             32  com.intellij.openapi.fileEditor.impl.EditorWindow$TComp$2
10355:             1             32  com.intellij.openapi.fileEditor.impl.EditorsSplitters$MyFocusWatcher
10356:             1             32  com.intellij.openapi.fileEditor.impl.EditorsSplitters$MyTransferHandler
10357:             2             32  com.intellij.openapi.fileEditor.impl.FocusBasedCurrentEditorProvider
10358:             1             32  com.intellij.openapi.fileEditor.impl.MoveEditorToOppositeTabGroupAction
10359:             1             32  com.intellij.openapi.fileEditor.impl.OpenEditorInOppositeTabGroupAction
10360:             1             32  com.intellij.openapi.fileEditor.impl.ReopenClosedTabAction
10361:             1             32  com.intellij.openapi.fileEditor.impl.SelectNextEditorTabAction
10362:             1             32  com.intellij.openapi.fileEditor.impl.SelectPreviousEditorTabAction
10363:             2             32  com.intellij.openapi.fileEditor.impl.text.EditorHighlighterUpdater$1
10364:             2             32  com.intellij.openapi.fileEditor.impl.text.EditorHighlighterUpdater$2
10365:             2             32  com.intellij.openapi.fileEditor.impl.text.EditorHighlighterUpdater$MyFileTypeListener
10366:             2             32  com.intellij.openapi.fileEditor.impl.text.TextEditorComponent$MyDocumentListener$$Lambda$3426/0x0000000801ff9c40
10367:             2             32  com.intellij.openapi.fileEditor.impl.text.TextEditorComponent$MyFileTypeListener
10368:             2             32  com.intellij.openapi.fileEditor.impl.text.TextEditorComponent$MyVirtualFileListener
10369:             2             32  com.intellij.openapi.fileEditor.impl.text.TextEditorImpl$$Lambda$3535/0x0000000802078c40
10370:             2             32  com.intellij.openapi.fileTypes.FileTypeEditorHighlighterProviders$1
10371:             1             32  com.intellij.openapi.fileTypes.PlainTextLanguage
10372:             1             32  com.intellij.openapi.graph.builder.actions.ActualSizeAction
10373:             1             32  com.intellij.openapi.graph.builder.actions.DeleteSelectionAction
10374:             1             32  com.intellij.openapi.graph.builder.actions.FitContentAction
10375:             1             32  com.intellij.openapi.graph.builder.actions.SelectionNodeModeAction
10376:             1             32  com.intellij.openapi.graph.builder.actions.ShowEdgeLabels
10377:             1             32  com.intellij.openapi.graph.builder.actions.ShowHideGridAction
10378:             1             32  com.intellij.openapi.graph.builder.actions.SnapToGridAction
10379:             1             32  com.intellij.openapi.graph.builder.actions.ZoomInAction
10380:             1             32  com.intellij.openapi.graph.builder.actions.ZoomOutAction
10381:             1             32  com.intellij.openapi.graph.builder.actions.export.ExportToFileAction
10382:             1             32  com.intellij.openapi.graph.builder.actions.layout.ApplyCurrentLayoutAction
10383:             1             32  com.intellij.openapi.graph.builder.actions.layout.BalloonLayouterAction
10384:             1             32  com.intellij.openapi.graph.builder.actions.layout.CircularLayouterAction
10385:             1             32  com.intellij.openapi.graph.builder.actions.layout.DirectedOrthogonalLayouterAction
10386:             1             32  com.intellij.openapi.graph.builder.actions.layout.FitContentAfterLayoutAction
10387:             1             32  com.intellij.openapi.graph.builder.actions.layout.HVTreeLayouterAction
10388:             1             32  com.intellij.openapi.graph.builder.actions.layout.HierarchicGroupLayouterAction
10389:             1             32  com.intellij.openapi.graph.builder.actions.layout.OrganicLayouterAction
10390:             1             32  com.intellij.openapi.graph.builder.actions.layout.OrthogonalLayouterAction
10391:             1             32  com.intellij.openapi.module.BasePackageParameterFactory$1
10392:             1             32  com.intellij.openapi.module.impl.ModuleImpl$DeprecatedModuleOptionManager
10393:             2             32  com.intellij.openapi.module.impl.ModuleManagerComponent$$Lambda$1405/0x0000000801414840
10394:             1             32  com.intellij.openapi.module.impl.ModulePointerManagerImpl
10395:             1             32  com.intellij.openapi.options.newEditor.CopySettingsPathAction
10396:             1             32  com.intellij.openapi.project.ExternalStorageConfiguration
10397:             1             32  com.intellij.openapi.projectRoots.JdkPopupAction
10398:             1             32  com.intellij.openapi.projectRoots.impl.JavaAwareProjectJdkTableImpl
10399:             1             32  com.intellij.openapi.roots.AnnotationOrderRootType
10400:             1             32  com.intellij.openapi.roots.ExternalLibraryDescriptor
10401:             1             32  com.intellij.openapi.roots.JavadocOrderRootType
10402:             1             32  com.intellij.openapi.roots.NativeLibraryOrderRootType
10403:             2             32  com.intellij.openapi.roots.impl.CompilerProjectExtensionImpl$MyProjectExtension
10404:             1             32  com.intellij.openapi.roots.impl.DirectoryIndexImpl
10405:             2             32  com.intellij.openapi.roots.impl.LanguageLevelProjectExtensionImpl$MyProjectExtension
10406:             1             32  com.intellij.openapi.roots.impl.ModuleSourceOrderEntryImpl
10407:             2             32  com.intellij.openapi.roots.impl.ProjectRootManagerComponent$2
10408:             2             32  com.intellij.openapi.roots.impl.ProjectRootManagerComponent$4
10409:             2             32  com.intellij.openapi.roots.impl.ProjectRootManagerComponent$5
10410:             2             32  com.intellij.openapi.roots.impl.ProjectRootManagerImpl$1
10411:             1             32  com.intellij.openapi.roots.impl.RootIndex$1
10412:             1             32  com.intellij.openapi.roots.impl.RootModelImpl$Order
10413:             1             32  com.intellij.openapi.roots.impl.SourceFolderImpl
10414:             1             32  com.intellij.openapi.roots.impl.libraries.ExportableApplicationLibraryTable
10415:             1             32  com.intellij.openapi.roots.impl.libraries.ProjectLibraryTableImpl
10416:             2             32  com.intellij.openapi.roots.ui.configuration.JavaModuleSourceRootEditHandler
10417:             2             32  com.intellij.openapi.roots.ui.configuration.JavaResourceRootEditHandler
10418:             2             32  com.intellij.openapi.roots.ui.configuration.JavaTestResourceRootEditHandler
10419:             2             32  com.intellij.openapi.roots.ui.configuration.JavaTestSourceRootEditHandler
10420:             2             32  com.intellij.openapi.roots.ui.configuration.actions.ModuleDeleteProvider
10421:             1             32  com.intellij.openapi.roots.ui.configuration.actions.NewModuleAction
10422:             1             32  com.intellij.openapi.roots.ui.configuration.actions.NewModuleInGroupAction
10423:             1             32  com.intellij.openapi.roots.ui.configuration.projectRoot.FacetEditorFacadeImpl
10424:             1             32  com.intellij.openapi.roots.ui.configuration.projectRoot.LibrariesContainerFactory$LibrariesContainerImpl
10425:             1             32  com.intellij.openapi.roots.ui.configuration.projectRoot.StructureConfigurableContext
10426:             1             32  com.intellij.openapi.ui.DialogWrapper$CancelAction
10427:             1             32  com.intellij.openapi.ui.DialogWrapper$HelpAction
10428:             1             32  com.intellij.openapi.ui.DialogWrapper$OkAction
10429:             1             32  com.intellij.openapi.ui.impl.DialogWrapperPeerImpl
10430:             1             32  com.intellij.openapi.util.ActionCallback
10431:             1             32  com.intellij.openapi.util.ActionCallback$Done
10432:             1             32  com.intellij.openapi.util.ActionCallback$Rejected
10433:             2             32  com.intellij.openapi.util.Conditions$4
10434:             1             32  com.intellij.openapi.util.LowMemoryWatcherManager
10435:             1             32  com.intellij.openapi.util.WindowStateApplicationService
10436:             1             32  com.intellij.openapi.util.io.FileSystemUtil$JnaUnixMediatorImpl
10437:             1             32  com.intellij.openapi.util.registry.Registry
10438:             1             32  com.intellij.openapi.util.registry.ShowRegistryAction
10439:             1             32  com.intellij.openapi.util.text.Pluralizer
10440:             2             32  com.intellij.openapi.vcs.StartedActivated$$Lambda$1936/0x00000008018b1c40
10441:             2             32  com.intellij.openapi.vcs.StartedActivated$$Lambda$1937/0x00000008018b1040
10442:             2             32  com.intellij.openapi.vcs.StartedActivated$$Lambda$1938/0x00000008018b1440
10443:             2             32  com.intellij.openapi.vcs.StartedActivated$$Lambda$1939/0x00000008018b0840
10444:             2             32  com.intellij.openapi.vcs.StartedActivated$1
10445:             1             32  com.intellij.openapi.vcs.VcsApplicationSettings
10446:             1             32  com.intellij.openapi.vcs.actions.AnnotateToggleAction
10447:             1             32  com.intellij.openapi.vcs.actions.CommonCheckinFilesAction
10448:             1             32  com.intellij.openapi.vcs.actions.CommonCheckinProjectAction
10449:             1             32  com.intellij.openapi.vcs.actions.CompareWithLastVersion
10450:             1             32  com.intellij.openapi.vcs.actions.CompareWithSelectedRevisionAction
10451:             1             32  com.intellij.openapi.vcs.actions.CompareWithTheSameVersionAction
10452:             1             32  com.intellij.openapi.vcs.actions.RefreshStatuses
10453:             1             32  com.intellij.openapi.vcs.actions.SelectAndCompareWithSelectedRevisionAction
10454:             1             32  com.intellij.openapi.vcs.actions.SelectedBlockHistoryAction
10455:             1             32  com.intellij.openapi.vcs.actions.ShowAnnotateOperationsPopup
10456:             1             32  com.intellij.openapi.vcs.actions.ShowBaseRevisionAction
10457:             1             32  com.intellij.openapi.vcs.actions.ShowChangeMarkerAction$Current
10458:             1             32  com.intellij.openapi.vcs.actions.ShowChangeMarkerAction$Next
10459:             1             32  com.intellij.openapi.vcs.actions.ShowChangeMarkerAction$Prev
10460:             1             32  com.intellij.openapi.vcs.actions.ShowCommitOptionsAction
10461:             1             32  com.intellij.openapi.vcs.actions.ShowMessageHistoryAction
10462:             1             32  com.intellij.openapi.vcs.actions.TabbedShowHistoryAction
10463:             1             32  com.intellij.openapi.vcs.actions.TabbedShowHistoryForRevisionAction
10464:             1             32  com.intellij.openapi.vcs.actions.VcsToolbarLabelAction
10465:             1             32  com.intellij.openapi.vcs.annotate.ShowAllAffectedGenericAction
10466:             1             32  com.intellij.openapi.vcs.changes.ChangeListWorker$ListData
10467:             1             32  com.intellij.openapi.vcs.changes.ControlledCycle
10468:             1             32  com.intellij.openapi.vcs.changes.ControlledCycle$1
10469:             1             32  com.intellij.openapi.vcs.changes.DirtBuilder
10470:             2             32  com.intellij.openapi.vcs.changes.HierarchicalFilePathComparator
10471:             1             32  com.intellij.openapi.vcs.changes.Modifier
10472:             1             32  com.intellij.openapi.vcs.changes.VcsDirtyScopeManagerImpl
10473:             2             32  com.intellij.openapi.vcs.changes.VcsDirtyScopeMap
10474:             1             32  com.intellij.openapi.vcs.changes.actions.AddChangeListAction
10475:             1             32  com.intellij.openapi.vcs.changes.actions.CreatePatchAction
10476:             1             32  com.intellij.openapi.vcs.changes.actions.EditAction
10477:             1             32  com.intellij.openapi.vcs.changes.actions.MoveChangesToAnotherListAction
10478:             1             32  com.intellij.openapi.vcs.changes.actions.OpenRepositoryVersionAction
10479:             1             32  com.intellij.openapi.vcs.changes.actions.RefreshAction
10480:             1             32  com.intellij.openapi.vcs.changes.actions.RemoveChangeListAction
10481:             1             32  com.intellij.openapi.vcs.changes.actions.RenameChangeListAction
10482:             1             32  com.intellij.openapi.vcs.changes.actions.RevertChangeListAction
10483:             1             32  com.intellij.openapi.vcs.changes.actions.RevertSelectedChangesAction$Apply
10484:             1             32  com.intellij.openapi.vcs.changes.actions.RevertSelectedChangesAction$Revert
10485:             1             32  com.intellij.openapi.vcs.changes.actions.RollbackAction
10486:             1             32  com.intellij.openapi.vcs.changes.actions.ScheduleForRemovalAction
10487:             1             32  com.intellij.openapi.vcs.changes.actions.SetDefaultChangeListAction
10488:             1             32  com.intellij.openapi.vcs.changes.actions.SetDirectoryChangesGroupingAction
10489:             1             32  com.intellij.openapi.vcs.changes.actions.SetModuleChangesGroupingAction
10490:             1             32  com.intellij.openapi.vcs.changes.actions.ShelveSilentlyAction
10491:             1             32  com.intellij.openapi.vcs.changes.actions.UnshelveSilentlyAction
10492:             1             32  com.intellij.openapi.vcs.changes.committed.BrowseCommittedChangesAction
10493:             1             32  com.intellij.openapi.vcs.changes.committed.ChangeListDetailsAction
10494:             1             32  com.intellij.openapi.vcs.changes.committed.ClearCommittedAction
10495:             1             32  com.intellij.openapi.vcs.changes.committed.EditSourceFromChangesBrowserAction
10496:             1             32  com.intellij.openapi.vcs.changes.committed.FilterCommittedAction
10497:             1             32  com.intellij.openapi.vcs.changes.committed.IncomingChangesIndicator
10498:             1             32  com.intellij.openapi.vcs.changes.committed.RefreshCommittedAction
10499:             1             32  com.intellij.openapi.vcs.changes.committed.RefreshIncomingChangesAction
10500:             1             32  com.intellij.openapi.vcs.changes.patch.ApplyPatchAction
10501:             1             32  com.intellij.openapi.vcs.changes.patch.ApplyPatchFromClipboardAction
10502:             1             32  com.intellij.openapi.vcs.changes.shelf.CleanUnshelvedAction
10503:             1             32  com.intellij.openapi.vcs.changes.shelf.ImportIntoShelfAction
10504:             1             32  com.intellij.openapi.vcs.changes.shelf.OpenShelfSettings
10505:             1             32  com.intellij.openapi.vcs.changes.shelf.RenameShelvedChangeListAction
10506:             1             32  com.intellij.openapi.vcs.changes.shelf.RestoreShelvedChange
10507:             1             32  com.intellij.openapi.vcs.changes.shelf.ShelveChangesAction
10508:             1             32  com.intellij.openapi.vcs.changes.shelf.ShowHideRecycledAction
10509:             1             32  com.intellij.openapi.vcs.changes.shelf.ShowRecentlyDeletedShelvesAction
10510:             1             32  com.intellij.openapi.vcs.changes.shelf.UnshelveWithDialogAction
10511:             1             32  com.intellij.openapi.vcs.changes.ui.ChangesViewContentManager
10512:             1             32  com.intellij.openapi.vcs.changes.ui.SwitchToCommitDialogAction
10513:             1             32  com.intellij.openapi.vcs.configurable.VcsOptionsTopHitProvider$4
10514:             2             32  com.intellij.openapi.vcs.ex.ChangelistsLocalLineStatusTracker$ChangeListMarker
10515:             1             32  com.intellij.openapi.vcs.ex.MoveChangesLineStatusAction
10516:             1             32  com.intellij.openapi.vcs.ex.RollbackLineStatusAction
10517:             1             32  com.intellij.openapi.vcs.history.actions.AnnotateRevisionAction
10518:             1             32  com.intellij.openapi.vcs.history.actions.CopyRevisionNumberAction
10519:             1             32  com.intellij.openapi.vcs.history.actions.GetVersionAction
10520:             1             32  com.intellij.openapi.vcs.history.actions.RefreshFileHistoryAction
10521:             1             32  com.intellij.openapi.vcs.history.actions.ShowDiffAfterWithLocalAction
10522:             1             32  com.intellij.openapi.vcs.history.actions.ShowDiffBeforeWithLocalAction
10523:             1             32  com.intellij.openapi.vcs.impl.ContentRevisionCache$Key
10524:             2             32  com.intellij.openapi.vcs.impl.FileStatusManagerImpl$FileStatusManagerDocumentListener
10525:             1             32  com.intellij.openapi.vcs.roots.VcsRootDetectorImpl
10526:             1             32  com.intellij.openapi.vcs.roots.VcsRootScanner
10527:             2             32  com.intellij.openapi.vfs.VirtualFileVisitor$Option
10528:             1             32  com.intellij.openapi.vfs.encoding.ChangeFileEncodingAction
10529:             1             32  com.intellij.openapi.vfs.ex.temp.TempFileSystem
10530:             1             32  com.intellij.openapi.vfs.impl.ZipHandler$1
10531:             1             32  com.intellij.openapi.vfs.impl.jar.JarFileSystemImpl
10532:             1             32  com.intellij.openapi.vfs.impl.jrt.JrtFileSystemImpl
10533:             1             32  com.intellij.openapi.vfs.impl.local.SymbolicLinkRefresher
10534:             1             32  com.intellij.openapi.vfs.newvfs.impl.VirtualFileSystemEntry$1
10535:             1             32  com.intellij.openapi.vfs.newvfs.persistent.CompactRecordsTable
10536:             1             32  com.intellij.openapi.vfs.newvfs.persistent.FSRecords$DbConnection$1
10537:             2             32  com.intellij.openapi.wm.ToolWindowContentUiType
10538:             2             32  com.intellij.openapi.wm.impl.DesktopLayout
10539:             2             32  com.intellij.openapi.wm.impl.FocusManagerImpl$EdtAlarm
10540:             1             32  com.intellij.openapi.wm.impl.MaximizeToolWindowAction
10541:             1             32  com.intellij.openapi.wm.impl.NextProjectWindow
10542:             1             32  com.intellij.openapi.wm.impl.NextWindow
10543:             1             32  com.intellij.openapi.wm.impl.PreviousProjectWindow
10544:             1             32  com.intellij.openapi.wm.impl.PreviousWindow
10545:             1             32  com.intellij.openapi.wm.impl.ToolWindowHeader$HideAction
10546:             1             32  com.intellij.openapi.wm.impl.WindowWatcher
10547:             1             32  com.intellij.openapi.wm.impl.simpleTitleParts.ProductVersionTitleInfoProvider
10548:             1             32  com.intellij.openapi.wm.impl.status.AutoShowProcessPopupAction
10549:             1             32  com.intellij.openapi.wm.impl.status.ColumnSelectionModePanel
10550:             1             32  com.intellij.openapi.wm.impl.status.InfoAndProgressPanel$2
10551:             1             32  com.intellij.openapi.wm.impl.status.ShowProcessWindowAction
10552:             1             32  com.intellij.openapi.wm.impl.status.ToolWindowsWidget$1
10553:             1             32  com.intellij.openapi.wm.impl.status.widget.StatusBarState
10554:             1             32  com.intellij.openapi.wm.impl.welcomeScreen.ChangeProjectIconAction
10555:             1             32  com.intellij.openapi.wm.impl.welcomeScreen.CopyProjectPathAction
10556:             1             32  com.intellij.openapi.wm.impl.welcomeScreen.CreateNewProjectGroupAction
10557:             1             32  com.intellij.openapi.wm.impl.welcomeScreen.DevelopPluginsAction
10558:             1             32  com.intellij.openapi.wm.impl.welcomeScreen.EditProjectGroupAction
10559:             1             32  com.intellij.openapi.wm.impl.welcomeScreen.FlatWelcomeFrame$FlatWelcomeScreen$4
10560:             1             32  com.intellij.openapi.wm.impl.welcomeScreen.GetFromVersionControlAction
10561:             1             32  com.intellij.openapi.wm.impl.welcomeScreen.NewRecentProjectPanel$1
10562:             1             32  com.intellij.openapi.wm.impl.welcomeScreen.NewRecentProjectPanel$2
10563:             1             32  com.intellij.openapi.wm.impl.welcomeScreen.OpenSelectedProjectsAction
10564:             1             32  com.intellij.openapi.wm.impl.welcomeScreen.ProjectFromVersionControlAction
10565:             1             32  com.intellij.openapi.wm.impl.welcomeScreen.RecentProjectPanel$4
10566:             1             32  com.intellij.openapi.wm.impl.welcomeScreen.RecentProjectPanel$FilePathChecker
10567:             1             32  com.intellij.openapi.wm.impl.welcomeScreen.RemoveSelectedProjectsAction
10568:             2             32  com.intellij.packageDependencies.DependencyValidationManagerImpl$$Lambda$1414/0x0000000801458c40
10569:             1             32  com.intellij.packageDependencies.actions.AnalyzeDependenciesOnSpecifiedTargetAction
10570:             1             32  com.intellij.packaging.impl.artifacts.ArtifactManagerImpl$ArtifactManagerModel
10571:             2             32  com.intellij.packaging.impl.run.BuildArtifactsBeforeRunTaskProviderBase$1
10572:             1             32  com.intellij.packaging.impl.ui.actions.PackageFileAction
10573:             1             32  com.intellij.patterns.PsiClassPattern$2
10574:             1             32  com.intellij.patterns.TreeElementPattern$5
10575:             2             32  com.intellij.patterns.XmlElementPattern$Capture$1
10576:             1             32  com.intellij.patterns.XmlTagPattern$2
10577:             2             32  com.intellij.persistence.diagram.PersistenceDiagramProvider$1
10578:             2             32  com.intellij.persistence.diagram.PersistenceDiagramProvider$6
10579:             2             32  com.intellij.persistence.diagram.PersistenceDiagramProvider$7
10580:             2             32  com.intellij.persistence.diagram.PersistenceDiagramProvider$8
10581:             2             32  com.intellij.persistence.diagram.PersistenceDiagramProvider$9
10582:             1             32  com.intellij.platform.AttachProjectAction
10583:             1             32  com.intellij.platform.templates.ManageProjectTemplatesAction
10584:             1             32  com.intellij.platform.templates.SaveProjectAsTemplateAction
10585:             1             32  com.intellij.play.console.RunPlayConsoleAction
10586:             1             32  com.intellij.play.language.PlayLanguage
10587:             2             32  com.intellij.play.references.PlayControllerActionPsiReferenceProvider
10588:             1             32  com.intellij.plugins.drools.DroolsLanguage
10589:             1             32  com.intellij.plugins.drools.actions.CreateRuleFileAction
10590:             1             32  com.intellij.plugins.drools.library.DroolsLibraryType
10591:             1             32  com.intellij.plugins.jboss.arquillian.runConfiguration.ArquillianJUnitRunConfigurationType
10592:             2             32  com.intellij.plugins.jboss.arquillian.runConfiguration.ArquillianRunConfiguration
10593:             2             32  com.intellij.plugins.jboss.arquillian.runConfiguration.ArquillianRunConfigurationTypeUtil$1
10594:             1             32  com.intellij.plugins.jboss.arquillian.runConfiguration.ArquillianTestNGRunConfigurationType
10595:             2             32  com.intellij.pom.tree.TreeAspect
10596:             1             32  com.intellij.profile.codeInspection.JavaAwareInspectionProfileManager
10597:             1             32  com.intellij.profile.codeInspection.ProjectInspectionProfileManagerState
10598:             1             32  com.intellij.profiler.DefaultProfilerExecutorGroup
10599:             2             32  com.intellij.profiler.actions.AttachProfilerToProcessAction$sam$java_util_function_Supplier$0
10600:             1             32  com.intellij.profiler.ui.ExcludeCallAction
10601:             1             32  com.intellij.profiler.ui.ExcludeSubTreeAction
10602:             1             32  com.intellij.profiler.ui.FocusOnCallAction
10603:             1             32  com.intellij.profiler.ui.FocusOnSubtreeAction
10604:             1             32  com.intellij.profiler.ui.OpenBackTracesAction
10605:             1             32  com.intellij.profiler.ui.OpenMergedCalleesAction
10606:             1             32  com.intellij.profiler.ultimate.async.configurations.AsyncProfilerCPUConfigurationType
10607:             1             32  com.intellij.profiler.ultimate.async.configurations.AsyncProfilerMemoryConfigurationType
10608:             1             32  com.intellij.profiler.ultimate.hprof.OpenHprofDumpAction
10609:             1             32  com.intellij.profiler.ultimate.jbonlymac.configurations.JVMDTraceProfilerConfigurationType
10610:             1             32  com.intellij.profiler.ultimate.jfr.configuration.JFRConfigurationType
10611:             1             32  com.intellij.psi.PsiRecursiveElementWalkingVisitor$1
10612:             1             32  com.intellij.psi.PsiReferenceProviderBean
10613:             2             32  com.intellij.psi.RefQueueIndex$2
10614:             2             32  com.intellij.psi.SyntaxTraverser$Api$1
10615:             2             32  com.intellij.psi.SyntaxTraverser$Api$2
10616:             2             32  com.intellij.psi.SyntaxTraverser$Api$3
10617:             2             32  com.intellij.psi.SyntaxTraverser$ApiEx$1
10618:             1             32  com.intellij.psi.SyntaxTraverser$PsiApi
10619:             1             32  com.intellij.psi.SyntaxTraverser$PsiApi$1
10620:             1             32  com.intellij.psi.codeStyle.AppCodeStyleSettingsManager
10621:             2             32  com.intellij.psi.codeStyle.CodeStyleSettingsManager$$Lambda$1612/0x0000000801621c40
10622:             2             32  com.intellij.psi.codeStyle.CodeStyleSettingsManager$1
10623:             2             32  com.intellij.psi.codeStyle.CodeStyleSettingsManager$2
10624:             2             32  com.intellij.psi.codeStyle.CodeStyleSettingsManager$3
10625:             1             32  com.intellij.psi.css.CssFileElementType
10626:             1             32  com.intellij.psi.css.actions.ShowAppliedStylesAction
10627:             1             32  com.intellij.psi.css.actions.colors.CssConvertToGrayIntention
10628:             1             32  com.intellij.psi.css.actions.colors.CssConvertToHexIntention
10629:             1             32  com.intellij.psi.css.actions.colors.CssConvertToHslIntention
10630:             1             32  com.intellij.psi.css.actions.colors.CssConvertToHwbIntention
10631:             1             32  com.intellij.psi.css.actions.colors.CssConvertToRgbIntention
10632:             1             32  com.intellij.psi.css.actions.colors.CssReplaceWithColorNameIntention
10633:             1             32  com.intellij.psi.css.inspections.clones.CssDuplicateScope
10634:             2             32  com.intellij.psi.filters.OrFilter
10635:             2             32  com.intellij.psi.filters.XmlTextFilter
10636:             1             32  com.intellij.psi.impl.JavaPsiFacadeImpl$1
10637:             2             32  com.intellij.psi.impl.JavaSimplePropertyIndex$getValueExternalizer$1
10638:             2             32  com.intellij.psi.impl.PsiCachedValuesFactory
10639:             2             32  com.intellij.psi.impl.PsiConstantEvaluationHelperImpl
10640:             2             32  com.intellij.psi.impl.PsiManagerImpl$$Lambda$1407/0x0000000801414040
10641:             2             32  com.intellij.psi.impl.cache.impl.id.IdIndex$3
10642:             2             32  com.intellij.psi.impl.cache.impl.id.PlainTextIndexer
10643:             2             32  com.intellij.psi.impl.cache.impl.idCache.XmlIdIndexer
10644:             1             32  com.intellij.psi.impl.cache.impl.todo.TodoIndex
10645:             2             32  com.intellij.psi.impl.file.impl.FileManagerImpl$1
10646:             1             32  com.intellij.psi.impl.file.impl.PsiVFSListener
10647:             2             32  com.intellij.psi.impl.java.stubs.index.JavaAnnotationIndex
10648:             2             32  com.intellij.psi.impl.java.stubs.index.JavaAnonymousClassBaseRefOccurenceIndex
10649:             2             32  com.intellij.psi.impl.java.stubs.index.JavaFieldNameIndex
10650:             2             32  com.intellij.psi.impl.java.stubs.index.JavaFullClassNameIndex
10651:             2             32  com.intellij.psi.impl.java.stubs.index.JavaMethodNameIndex
10652:             2             32  com.intellij.psi.impl.java.stubs.index.JavaMethodParameterTypesIndex
10653:             2             32  com.intellij.psi.impl.java.stubs.index.JavaModuleNameIndex
10654:             2             32  com.intellij.psi.impl.java.stubs.index.JavaShortClassNameIndex
10655:             2             32  com.intellij.psi.impl.java.stubs.index.JavaStaticMemberNameIndex
10656:             2             32  com.intellij.psi.impl.java.stubs.index.JavaStaticMemberTypeIndex
10657:             2             32  com.intellij.psi.impl.java.stubs.index.JavaSuperClassNameOccurenceIndex
10658:             2             32  com.intellij.psi.impl.search.JavaNullMethodArgumentIndex$$Lambda$817/0x0000000800a9c440
10659:             2             32  com.intellij.psi.impl.search.JavaNullMethodArgumentIndex$1
10660:             1             32  com.intellij.psi.impl.smartPointers.SmartPointerTracker
10661:             2             32  com.intellij.psi.impl.source.PostprocessReformattingAspect$1
10662:             1             32  com.intellij.psi.impl.source.jsp.el.ELLanguage
10663:             2             32  com.intellij.psi.impl.source.resolve.reference.ArbitraryPlaceUrlReferenceProvider
10664:             1             32  com.intellij.psi.impl.source.resolve.reference.ArbitraryPlaceUrlReferenceProvider$1
10665:             1             32  com.intellij.psi.impl.source.resolve.reference.PsiReferenceRegistrarImpl
10666:             2             32  com.intellij.psi.impl.source.resolve.reference.impl.providers.XmlBaseReferenceProvider
10667:             1             32  com.intellij.psi.impl.source.resolve.reference.impl.providers.XsdRegExpParserDefinition$1
10668:             2             32  com.intellij.psi.impl.source.tree.AstSpine
10669:             1             32  com.intellij.psi.impl.source.tree.JShellElementType$1
10670:             1             32  com.intellij.psi.impl.source.tree.JShellElementType$2
10671:             1             32  com.intellij.psi.impl.source.tree.injected.ClassMapCachingNulls
10672:             1             32  com.intellij.psi.impl.source.tree.injected.InjectionResult
10673:             1             32  com.intellij.psi.impl.source.xml.SchemaPrefix
10674:             1             32  com.intellij.psi.search.IndexPattern
10675:             1             32  com.intellij.psi.search.ProjectScopeBuilderImpl$1
10676:             1             32  com.intellij.psi.search.ProjectScopeImpl
10677:             2             32  com.intellij.psi.search.scope.packageSet.NamedScopeManager$OrderState
10678:             1             32  com.intellij.psi.templateLanguages.ChangeTemplateDataLanguageAction
10679:             1             32  com.intellij.psi.templateLanguages.TemplateDataLanguageMappings
10680:             2             32  com.intellij.psi.templateLanguages.TemplateDataLanguagePusher
10681:             2             32  com.intellij.psi.util.PsiEditorUtilBase
10682:             1             32  com.intellij.reactivestreams.inspections.ReactiveStreamsTooLongSameOperatorsChainInspection
10683:             1             32  com.intellij.refactoring.actions.AnonymousToInnerAction
10684:             1             32  com.intellij.refactoring.actions.ConvertToInstanceMethodAction
10685:             1             32  com.intellij.refactoring.actions.EncapsulateFieldsAction
10686:             1             32  com.intellij.refactoring.actions.InheritanceToDelegationAction
10687:             1             32  com.intellij.refactoring.actions.IntroduceParameterObjectAction
10688:             1             32  com.intellij.refactoring.actions.InvertBooleanAction
10689:             1             32  com.intellij.refactoring.actions.MakeStaticAction
10690:             1             32  com.intellij.refactoring.actions.MethodDuplicatesAction
10691:             1             32  com.intellij.refactoring.actions.MigrateAction
10692:             1             32  com.intellij.refactoring.actions.MoveAction
10693:             1             32  com.intellij.refactoring.actions.RemoveMiddlemanAction
10694:             1             32  com.intellij.refactoring.actions.RenameElementAction
10695:             1             32  com.intellij.refactoring.actions.RenameFileAction
10696:             1             32  com.intellij.refactoring.actions.ReplaceConstructorWithBuilderAction
10697:             1             32  com.intellij.refactoring.actions.ReplaceConstructorWithFactoryAction
10698:             1             32  com.intellij.refactoring.actions.ReplaceMethodWithMethodObjectAction
10699:             1             32  com.intellij.refactoring.actions.SafeDeleteAction
10700:             1             32  com.intellij.refactoring.actions.TempWithQueryAction
10701:             1             32  com.intellij.refactoring.actions.TurnRefsToSuperAction
10702:             1             32  com.intellij.refactoring.actions.TypeCookAction
10703:             1             32  com.intellij.refactoring.lang.jsp.extractTag.ExtractJspTagAction
10704:             1             32  com.intellij.refactoring.suggested.SuggestedRefactoringAvailabilityIndicator
10705:             1             32  com.intellij.refactoring.typeMigration.actions.ChangeTypeSignatureAction
10706:             1             32  com.intellij.refactoring.wrapreturnvalue.WrapReturnValueAction
10707:             1             32  com.intellij.remoteServer.impl.runtime.ui.RemoteServersDeploymentManager
10708:             1             32  com.intellij.remoteServer.impl.runtime.ui.tree.actions.ChooseDeploymentAction
10709:             1             32  com.intellij.remoteServer.impl.runtime.ui.tree.actions.ChooseDeploymentWithDebugAction
10710:             1             32  com.intellij.remoteServer.impl.runtime.ui.tree.actions.DeployAction
10711:             1             32  com.intellij.remoteServer.impl.runtime.ui.tree.actions.DeployWithDebugAction
10712:             1             32  com.intellij.remoteServer.impl.runtime.ui.tree.actions.DeploymentConfigAction
10713:             1             32  com.intellij.remoteServer.impl.runtime.ui.tree.actions.RemoteServerConfigAction
10714:             1             32  com.intellij.remoteServer.impl.runtime.ui.tree.actions.RemoteServerConnectAction
10715:             1             32  com.intellij.remoteServer.impl.runtime.ui.tree.actions.RemoteServerDisconnectAction
10716:             1             32  com.intellij.remoteServer.impl.runtime.ui.tree.actions.UndeployAction
10717:             2             32  com.intellij.remoteServer.util.CloudNotifier
10718:             1             32  com.intellij.scala.akka.codeInspection.mutableState.ActorMutableStateInspection$
10719:             1             32  com.intellij.scala.play.icons.Play2Icons$
10720:             1             32  com.intellij.scala.play.language.Play2TemplateFileElementType
10721:             1             32  com.intellij.scala.play.language.Play2TemplateLanguage
10722:             1             32  com.intellij.scala.play.language.actions.CreatePlayTemplateAction
10723:             1             32  com.intellij.scala.play.language.actions.ShowTypeInfoInTemplateStub
10724:             1             32  com.intellij.scala.play.language.lexer.Play2ScalaContent
10725:             1             32  com.intellij.scala.play.language.parser.tokens.Play2ASTTokens$$anon$1
10726:             1             32  com.intellij.scala.play.language.parser.tokens.Play2ASTTokens$$anon$2
10727:             1             32  com.intellij.scala.play.language.parser.tokens.Play2ASTTokens$$anon$6
10728:             1             32  com.intellij.scala.play.language.parser.tokens.Play2ASTTokens$$anon$7
10729:             1             32  com.intellij.scala.play.language.routing.Play2HtmlRoutingLanguage
10730:             2             32  com.intellij.scala.play.navigation.Play2Template2ControllerAnnotator
10731:             1             32  com.intellij.scala.play.runConfigurations.Play2RunAction
10732:             1             32  com.intellij.scala.play.settings.Play2ProjectSettings
10733:             1             32  com.intellij.scala.play.util.ProjectLanguageImportsUtil$
10734:             1             32  com.intellij.scala.ssp.SspLanguage
10735:             1             32  com.intellij.scala.ssp.editor.templates.SspLiveTemplateContextType
10736:             1             32  com.intellij.scala.ssp.lang.parser.SspElementTypes$$anon$1
10737:             1             32  com.intellij.seam.actions.CreatePageflowFileAction
10738:             1             32  com.intellij.seam.actions.CreateSeamComponentsAction
10739:             1             32  com.intellij.seam.actions.CreateSeamPagesAction
10740:             2             32  com.intellij.seam.converters.jam.SeamJamAnnotationParameterReferenceProvider
10741:             1             32  com.intellij.seam.dependencies.ShowSeamDependenciesGraph
10742:             1             32  com.intellij.seam.facet.SeamFacetType
10743:             1             32  com.intellij.sh.ShLanguage
10744:             1             32  com.intellij.sh.actions.ShGenerateForLoop
10745:             1             32  com.intellij.sh.actions.ShGenerateUntilLoop
10746:             1             32  com.intellij.sh.actions.ShGenerateWhileLoop
10747:             1             32  com.intellij.sh.run.ShRunFileAction
10748:             1             32  com.intellij.sh.shellcheck.ShShellcheckInspection
10749:             1             32  com.intellij.slicer.SliceBackwardAction
10750:             1             32  com.intellij.slicer.SliceForwardAction
10751:             2             32  com.intellij.spellchecker.DictionaryFileType
10752:             1             32  com.intellij.spellchecker.SpellCheckerSeveritiesProvider$1T
10753:             1             32  com.intellij.spellchecker.state.CachedDictionaryState
10754:             2             32  com.intellij.spellchecker.tokenizer.TokenizerBase
10755:             1             32  com.intellij.spring.batch.library.SpringBatchLibraryType
10756:             2             32  com.intellij.spring.boot.application.config.SpringBootReplacementTokenStorage
10757:             1             32  com.intellij.spring.boot.application.properties.SpringBootApplicationPropertiesInspection
10758:             1             32  com.intellij.spring.boot.application.yaml.SpringBootApplicationYamlInspection
10759:             1             32  com.intellij.spring.boot.cloud.model.bootstrap.SpringBootBootstrapConfigFileNameContributor
10760:             1             32  com.intellij.spring.boot.model.SpringBootApplicationConfigFileNameContributor
10761:             1             32  com.intellij.spring.boot.model.properties.ConfigurationPropertiesInspection
10762:             1             32  com.intellij.spring.boot.run.SpringBootApplicationUrlPathEditAction
10763:             1             32  com.intellij.spring.contexts.model.diagram.SpringLocalModelDependenciesDiagramProvider
10764:             1             32  com.intellij.spring.data.commons.ql.language.SpringDataQLLanguage
10765:             1             32  com.intellij.spring.data.jpa.library.SpringDataJpaLibraryType
10766:             1             32  com.intellij.spring.el.SpringELLanguage
10767:             1             32  com.intellij.spring.facet.SpringFacetType
10768:             1             32  com.intellij.spring.facet.SpringFrameworkSupportProvider
10769:             2             32  com.intellij.spring.index.SpringXmlBeansIndex$2
10770:             1             32  com.intellij.spring.integration.diagram.SpringIntegrationDiagramProvider
10771:             1             32  com.intellij.spring.integration.library.SpringIntegrationLibraryType
10772:             1             32  com.intellij.spring.library.SpringLibraryType
10773:             1             32  com.intellij.spring.model.actions.GenerateAutowiredDependencyAction
10774:             1             32  com.intellij.spring.model.actions.GenerateSpringBeanConstructorDependencyAction
10775:             2             32  com.intellij.spring.model.actions.GenerateSpringBeanDependenciesActionHandler
10776:             1             32  com.intellij.spring.model.actions.GenerateSpringBeanSetterDependencyAction
10777:             1             32  com.intellij.spring.model.actions.create.CreateSpringConfigAction
10778:             1             32  com.intellij.spring.model.actions.patterns.dataAccess.JpaPatternAction
10779:             1             32  com.intellij.spring.model.actions.patterns.frameworks.AddHibernateAction
10780:             1             32  com.intellij.spring.model.actions.patterns.frameworks.AddIbatisAction
10781:             1             32  com.intellij.spring.model.actions.patterns.frameworks.AddJdkTimerAction
10782:             1             32  com.intellij.spring.model.actions.patterns.frameworks.AddJdoAction
10783:             1             32  com.intellij.spring.model.actions.patterns.frameworks.AddOpenSymphonyTimerAction
10784:             1             32  com.intellij.spring.model.actions.patterns.frameworks.AddToplinkAction
10785:             1             32  com.intellij.spring.model.highlighting.config.SpringFacetInspection
10786:             1             32  com.intellij.spring.profiles.SpringChangeActiveProfilesAction
10787:             2             32  com.intellij.spring.references.SpringReferenceContributor$ClassPathResourceReferenceProvider
10788:             1             32  com.intellij.spring.security.library.SpringSecurityLibraryType
10789:             1             32  com.intellij.spring.web.mvc.library.SpringMvcLibraryType
10790:             1             32  com.intellij.spring.webflow.actions.CreateWebflowFileAction
10791:             1             32  com.intellij.spring.webflow.actions.patterns.AddWebflowAction
10792:             1             32  com.intellij.spring.webflow.library.SpringWebflowLibraryType
10793:             1             32  com.intellij.spring.ws.actions.generate.patterns.transport.AddEmailTransportBeansAction
10794:             1             32  com.intellij.spring.ws.actions.generate.patterns.transport.AddEmbeddedHttpTransportBeansAction
10795:             1             32  com.intellij.spring.ws.actions.generate.patterns.transport.AddJmsTransportBeansAction
10796:             1             32  com.intellij.spring.ws.library.SpringWebServiceLibraryType
10797:             2             32  com.intellij.sql.SqlRoutineIndex$getKeyDescriptor$1
10798:             1             32  com.intellij.sql.actions.SelectCurrentStatementAction
10799:             1             32  com.intellij.sql.actions.SelectInDatabaseViewAction
10800:             1             32  com.intellij.sql.actions.SqlIntroduceTableAliasAction
10801:             1             32  com.intellij.sql.database.SqlDataSourceManager
10802:             1             32  com.intellij.sql.database.SqlDataSourceManager$1
10803:             1             32  com.intellij.sql.database.SqlDataSourceUpdateQueue
10804:             1             32  com.intellij.sql.dialects.ChangeDialectAction
10805:             1             32  com.intellij.sql.dialects.SqlDialectMappings
10806:             1             32  com.intellij.sql.dialects.dateTime.SqlDtLanguage
10807:             1             32  com.intellij.sql.dialects.mysql.MysqlBaseMetaLanguage
10808:             2             32  com.intellij.sql.editor.DatabaseNotebookLineMarkerProvider
10809:             1             32  com.intellij.sql.editor.SqlEditorOptions
10810:             2             32  com.intellij.sql.inspections.configuration.SqlStorageInspection$ReintrospectFix
10811:             1             32  com.intellij.sql.liveTemplates.SqlTemplateContextType
10812:             2             32  com.intellij.sql.psi.SqlDialectPusher
10813:             1             32  com.intellij.sql.psi.SqlLanguage
10814:             1             32  com.intellij.sql.refactoring.SqlExtractNamedQueryAction
10815:             1             32  com.intellij.structuralsearch.IdeaOpenApiClassFinder
10816:             1             32  com.intellij.structuralsearch.inspection.highlightTemplate.SSBasedInspection
10817:             1             32  com.intellij.structuralsearch.plugin.StructuralReplaceAction
10818:             1             32  com.intellij.structuralsearch.plugin.StructuralSearchAction
10819:             1             32  com.intellij.struts2.actions.create.CreateStrutsXmlAction
10820:             1             32  com.intellij.struts2.dom.inspection.Struts2ModelInspection
10821:             1             32  com.intellij.struts2.facet.Struts2LibraryType
10822:             1             32  com.intellij.struts2.facet.StrutsFacetType
10823:             1             32  com.intellij.swagger.actions.CreateOpenapiSpecificationFromTemplateAction
10824:             1             32  com.intellij.swagger.actions.EditOpenapiRemoteSpecificationAction
10825:             2             32  com.intellij.swagger.reference.SwLocalReferenceProvider
10826:             1             32  com.intellij.swagger.reference.SwUrlReferenceProvider$SwYamlUrlReferenceProvider
10827:             1             32  com.intellij.swagger.settings.SwaggerSettingsState
10828:             1             32  com.intellij.tapestry.core.MappingDataCache
10829:             1             32  com.intellij.tapestry.core.TapestryProject$1
10830:             1             32  com.intellij.tapestry.core.TapestryProject$2
10831:             1             32  com.intellij.tapestry.core.TapestryProject$3
10832:             1             32  com.intellij.tapestry.core.TapestryProject$4
10833:             1             32  com.intellij.tapestry.core.TapestryProject$5
10834:             1             32  com.intellij.tapestry.core.TapestryProject$6
10835:             1             32  com.intellij.tapestry.core.model.TapestryLibrary
10836:             1             32  com.intellij.tapestry.intellij.TapestryModuleSupportLoader$ModuleConfiguration
10837:             1             32  com.intellij.tapestry.intellij.actions.createnew.AddNewComponentAction
10838:             1             32  com.intellij.tapestry.intellij.actions.createnew.AddNewMixinAction
10839:             1             32  com.intellij.tapestry.intellij.actions.createnew.AddNewPageAction
10840:             1             32  com.intellij.tapestry.intellij.actions.navigation.TagDocumentationNavigation
10841:             1             32  com.intellij.tapestry.intellij.facet.TapestryFacetType
10842:             1             32  com.intellij.tapestry.lang.TelLanguage
10843:             1             32  com.intellij.task.impl.ProjectTaskManagerImpl
10844:             1             32  com.intellij.tasks.actions.AnalyzeTaskStacktraceAction
10845:             1             32  com.intellij.tasks.actions.CloseTaskAction
10846:             1             32  com.intellij.tasks.actions.ConfigureServersAction
10847:             1             32  com.intellij.tasks.actions.CreateChangelistAction
10848:             1             32  com.intellij.tasks.actions.EditTaskAction
10849:             1             32  com.intellij.tasks.actions.GotoTaskAction
10850:             1             32  com.intellij.tasks.actions.OpenTaskInBrowserAction
10851:             1             32  com.intellij.tasks.actions.ShowTaskDescription
10852:             1             32  com.intellij.tasks.actions.context.ClearContextAction
10853:             1             32  com.intellij.tasks.actions.context.LoadContextAction
10854:             1             32  com.intellij.tasks.actions.context.SaveContextAction
10855:             1             32  com.intellij.tasks.jira.jql.JqlLanguage
10856:             1             32  com.intellij.tasks.timeTracking.TimeTrackingManager$Config
10857:             1             32  com.intellij.tasks.youtrack.lang.YouTrackLanguage
10858:             1             32  com.intellij.testIntegration.GenerateAfterClassMethodAction
10859:             1             32  com.intellij.testIntegration.GenerateBeforeClassMethodAction
10860:             1             32  com.intellij.testIntegration.GenerateDataMethodAction
10861:             1             32  com.intellij.testIntegration.GenerateSetUpMethodAction
10862:             1             32  com.intellij.testIntegration.GenerateTearDownMethodAction
10863:             1             32  com.intellij.testIntegration.GenerateTestMethodAction
10864:             1             32  com.intellij.testIntegration.GotoTestOrCodeAction
10865:             1             32  com.intellij.testIntegration.ShowRecentTests
10866:             1             32  com.intellij.thymeleaf.lang.ThymeleafLanguage
10867:             1             32  com.intellij.thymeleaf.lang.ThymeleafLanguage$1
10868:             1             32  com.intellij.thymeleaf.lang.ThymeleafLanguage$2
10869:             1             32  com.intellij.thymeleaf.lang.ThymeleafLanguage$3
10870:             1             32  com.intellij.thymeleaf.lang.ThymeleafLanguage$4
10871:             1             32  com.intellij.thymeleaf.lang.ThymeleafLanguage$5
10872:             1             32  com.intellij.thymeleaf.library.ThymeleafLibraryType
10873:             1             32  com.intellij.ui.AnimatedIcon$Default
10874:             1             32  com.intellij.ui.AnimatedIcon$FS
10875:             2             32  com.intellij.ui.CheckboxTreeBase$CheckPolicy
10876:             1             32  com.intellij.ui.CheckboxTreeHelper$2
10877:             1             32  com.intellij.ui.CheckedTreeNode
10878:             1             32  com.intellij.ui.ClearTextAction
10879:             1             32  com.intellij.ui.CloseAllNotificationsAction
10880:             1             32  com.intellij.ui.CloseFirstNotificationAction
10881:             2             32  com.intellij.ui.ColorLineMarkerProvider
10882:             2             32  com.intellij.ui.ColorUtil$$Lambda$489/0x0000000800595440
10883:             1             32  com.intellij.ui.CommonActionsPanel$1
10884:             1             32  com.intellij.ui.ExpandableActions$Collapse
10885:             1             32  com.intellij.ui.ExpandableActions$Expand
10886:             1             32  com.intellij.ui.HideableDecorator
10887:             2             32  com.intellij.ui.HideableTitledSeparator$1
10888:             1             32  com.intellij.ui.IconDeferrerImpl
10889:             1             32  com.intellij.ui.ListActions$Down
10890:             1             32  com.intellij.ui.ListActions$End
10891:             1             32  com.intellij.ui.ListActions$Home
10892:             1             32  com.intellij.ui.ListActions$Left
10893:             1             32  com.intellij.ui.ListActions$PageDown
10894:             1             32  com.intellij.ui.ListActions$PageUp
10895:             1             32  com.intellij.ui.ListActions$Right
10896:             1             32  com.intellij.ui.ListActions$ShiftDown
10897:             1             32  com.intellij.ui.ListActions$ShiftEnd
10898:             1             32  com.intellij.ui.ListActions$ShiftHome
10899:             1             32  com.intellij.ui.ListActions$ShiftLeft
10900:             1             32  com.intellij.ui.ListActions$ShiftPageDown
10901:             1             32  com.intellij.ui.ListActions$ShiftPageUp
10902:             1             32  com.intellij.ui.ListActions$ShiftRight
10903:             1             32  com.intellij.ui.ListActions$ShiftUp
10904:             1             32  com.intellij.ui.ListActions$Up
10905:             1             32  com.intellij.ui.ScrollPaneActions$Down
10906:             1             32  com.intellij.ui.ScrollPaneActions$End
10907:             1             32  com.intellij.ui.ScrollPaneActions$Home
10908:             1             32  com.intellij.ui.ScrollPaneActions$Left
10909:             1             32  com.intellij.ui.ScrollPaneActions$PageDown
10910:             1             32  com.intellij.ui.ScrollPaneActions$PageLeft
10911:             1             32  com.intellij.ui.ScrollPaneActions$PageRight
10912:             1             32  com.intellij.ui.ScrollPaneActions$PageUp
10913:             1             32  com.intellij.ui.ScrollPaneActions$Right
10914:             1             32  com.intellij.ui.ScrollPaneActions$Up
10915:             1             32  com.intellij.ui.SearchTextField$MyModel
10916:             1             32  com.intellij.ui.ShowColorPickerAction
10917:             1             32  com.intellij.ui.TableActions$CtrlEnd
10918:             1             32  com.intellij.ui.TableActions$CtrlHome
10919:             1             32  com.intellij.ui.TableActions$CtrlShiftEnd
10920:             1             32  com.intellij.ui.TableActions$CtrlShiftHome
10921:             1             32  com.intellij.ui.TableActions$Down
10922:             1             32  com.intellij.ui.TableActions$Left
10923:             1             32  com.intellij.ui.TableActions$PageDown
10924:             1             32  com.intellij.ui.TableActions$PageUp
10925:             1             32  com.intellij.ui.TableActions$Right
10926:             1             32  com.intellij.ui.TableActions$ShiftDown
10927:             1             32  com.intellij.ui.TableActions$ShiftLeft
10928:             1             32  com.intellij.ui.TableActions$ShiftPageDown
10929:             1             32  com.intellij.ui.TableActions$ShiftPageUp
10930:             1             32  com.intellij.ui.TableActions$ShiftRight
10931:             1             32  com.intellij.ui.TableActions$ShiftUp
10932:             1             32  com.intellij.ui.TableActions$Up
10933:             1             32  com.intellij.ui.TextFieldWithHistory$MyModel
10934:             1             32  com.intellij.ui.TreeActions$Down
10935:             1             32  com.intellij.ui.TreeActions$End
10936:             1             32  com.intellij.ui.TreeActions$Home
10937:             1             32  com.intellij.ui.TreeActions$Left
10938:             1             32  com.intellij.ui.TreeActions$PageDown
10939:             1             32  com.intellij.ui.TreeActions$PageUp
10940:             1             32  com.intellij.ui.TreeActions$Right
10941:             1             32  com.intellij.ui.TreeActions$ShiftDown
10942:             1             32  com.intellij.ui.TreeActions$ShiftEnd
10943:             1             32  com.intellij.ui.TreeActions$ShiftHome
10944:             1             32  com.intellij.ui.TreeActions$ShiftLeft
10945:             1             32  com.intellij.ui.TreeActions$ShiftPageDown
10946:             1             32  com.intellij.ui.TreeActions$ShiftPageUp
10947:             1             32  com.intellij.ui.TreeActions$ShiftRight
10948:             1             32  com.intellij.ui.TreeActions$ShiftUp
10949:             1             32  com.intellij.ui.TreeActions$Up
10950:             1             32  com.intellij.ui.content.tabs.PinToolwindowTabAction
10951:             1             32  com.intellij.ui.debugger.ShowUiDebuggerAction
10952:             1             32  com.intellij.ui.mac.MacMainFrameDecorator
10953:             1             32  com.intellij.ui.mac.touchbar.BuildUtils$2
10954:             1             32  com.intellij.ui.mac.touchbar.ProjectData
10955:             1             32  com.intellij.ui.mac.touchbar.StackTouchBars
10956:             2             32  com.intellij.ui.mac.touchbar.TouchBarsManager$4
10957:             1             32  com.intellij.ui.mouse.MouseWheelSmoothScrollOptionsAction
10958:             1             32  com.intellij.ui.paint.EffectPainter2D$Cached$1
10959:             1             32  com.intellij.ui.paint.EffectPainter2D$Cached$2
10960:             1             32  com.intellij.ui.switcher.ShowQuickActionPopupAction
10961:             1             32  com.intellij.ui.tabs.FileColorsModel
10962:             2             32  com.intellij.ui.tabs.impl.JBDefaultTabPainter
10963:             2             32  com.intellij.ui.tabs.impl.JBEditorTabPainter
10964:             2             32  com.intellij.ui.tabs.impl.TabLabel$$Lambda$3570/0x000000080208c840
10965:             2             32  com.intellij.ui.tabs.impl.TabLabel$$Lambda$3571/0x000000080208cc40
10966:             2             32  com.intellij.ui.tabs.impl.themes.EditorTabTheme
10967:             1             32  com.intellij.ui.tree.AsyncTreeModel$CmdGetRoot
10968:             1             32  com.intellij.uiDesigner.actions.AddTabAction
10969:             1             32  com.intellij.uiDesigner.actions.CreateDialogAction
10970:             1             32  com.intellij.uiDesigner.actions.CreateListenerAction
10971:             1             32  com.intellij.uiDesigner.actions.DataBindingWizardAction
10972:             1             32  com.intellij.uiDesigner.actions.DecreaseIndentAction
10973:             1             32  com.intellij.uiDesigner.actions.DuplicateComponentsAction
10974:             1             32  com.intellij.uiDesigner.actions.ExpandSelectionAction
10975:             1             32  com.intellij.uiDesigner.actions.FlattenAction
10976:             1             32  com.intellij.uiDesigner.actions.GenerateMainAction
10977:             1             32  com.intellij.uiDesigner.actions.GroupButtonsAction
10978:             1             32  com.intellij.uiDesigner.actions.IncreaseIndentAction
10979:             1             32  com.intellij.uiDesigner.actions.NavigateToListenerAction
10980:             1             32  com.intellij.uiDesigner.actions.PackAction
10981:             1             32  com.intellij.uiDesigner.actions.PreviewFormAction
10982:             1             32  com.intellij.uiDesigner.actions.ReloadCustomComponentsAction
10983:             1             32  com.intellij.uiDesigner.actions.ResetValueAction
10984:             1             32  com.intellij.uiDesigner.actions.ShowComponentTagsAction
10985:             1             32  com.intellij.uiDesigner.actions.ShowFormSourceAction
10986:             1             32  com.intellij.uiDesigner.actions.ShowGridAction
10987:             1             32  com.intellij.uiDesigner.actions.ShowJavadocAction
10988:             1             32  com.intellij.uiDesigner.actions.ShrinkSelectionAction
10989:             1             32  com.intellij.uiDesigner.actions.UngroupButtonsAction
10990:             1             32  com.intellij.uiDesigner.palette.AddComponentAction
10991:             1             32  com.intellij.uiDesigner.palette.AddGroupAction
10992:             1             32  com.intellij.uiDesigner.palette.DeleteComponentAction
10993:             1             32  com.intellij.uiDesigner.palette.DeleteGroupAction
10994:             1             32  com.intellij.uiDesigner.palette.EditComponentAction
10995:             1             32  com.intellij.uiDesigner.palette.EditGroupAction
10996:             1             32  com.intellij.uiDesigner.snapShooter.CreateSnapShotAction
10997:             1             32  com.intellij.uml.core.actions.DiagramDeselectAll
10998:             1             32  com.intellij.uml.core.actions.DiagramSelectAll
10999:             1             32  com.intellij.uml.core.actions.ShowDiagram
11000:             1             32  com.intellij.uml.core.actions.UmlNewAction
11001:             1             32  com.intellij.uml.core.actions.fs.SaveDiagramAction
11002:             2             32  com.intellij.uml.diff.DiffUmlCategoryManager
11003:             2             32  com.intellij.uml.diff.DiffUmlColorManager
11004:             2             32  com.intellij.uml.diff.DiffUmlElementManager
11005:             2             32  com.intellij.uml.diff.DiffUmlExtras
11006:             2             32  com.intellij.uml.diff.DiffUmlVfsResolver
11007:             1             32  com.intellij.uml.java.actions.NewEnumConstant
11008:             1             32  com.intellij.uml.java.actions.NewJavaClass
11009:             1             32  com.intellij.uml.java.actions.NewJavaConstructor
11010:             1             32  com.intellij.uml.java.actions.NewJavaDiagram
11011:             1             32  com.intellij.uml.java.actions.NewJavaEnum
11012:             1             32  com.intellij.uml.java.actions.NewJavaField
11013:             1             32  com.intellij.uml.java.actions.NewJavaInterface
11014:             1             32  com.intellij.uml.java.actions.NewJavaMethod
11015:             1             32  com.intellij.uml.java.actions.NewJavaRecord
11016:             1             32  com.intellij.uml.project.actions.NewJigsawModuleDiagramAction
11017:             1             32  com.intellij.uml.project.actions.NewModuleDiagramAction
11018:             1             32  com.intellij.uml.project.actions.ShowModuleUsagesAction
11019:             1             32  com.intellij.unscramble.UnscrambleAction
11020:             1             32  com.intellij.usages.actions.RemoveUsageAction
11021:             1             32  com.intellij.usages.actions.RerunSearchAction
11022:             2             32  com.intellij.util.LogicalRootType
11023:             1             32  com.intellij.util.LogicalRootsManagerImpl
11024:             2             32  com.intellij.util.SingleAlarmKt$sam$java_lang_Runnable$0
11025:             1             32  com.intellij.util.concurrency.Invoker$EDT
11026:             2             32  com.intellij.util.containers.ConcurrentIntObjectHashMap$EntrySetView
11027:             2             32  com.intellij.util.containers.ConcurrentIntObjectHashMap$ValuesView
11028:             1             32  com.intellij.util.containers.ConcurrentPackedBitsArray
11029:             1             32  com.intellij.util.containers.ConcurrentWeakKeySoftValueHashMap
11030:             1             32  com.intellij.util.containers.LimitedPool$Sync
11031:             1             32  com.intellij.util.containers.LinkedListWithSum
11032:             1             32  com.intellij.util.containers.SortedList
11033:             1             32  com.intellij.util.containers.UnsafeWeakList
11034:             2             32  com.intellij.util.containers.WeakStringInterner
11035:             1             32  com.intellij.util.diff.Diff$Change
11036:             2             32  com.intellij.util.hash.ContentHashEnumerator$ContentHashesDescriptor
11037:             1             32  com.intellij.util.indexing.FileBasedIndexImpl$5
11038:             2             32  com.intellij.util.indexing.IndexAccessValidator
11039:             1             32  com.intellij.util.indexing.IndexConfiguration
11040:             1             32  com.intellij.util.indexing.LightDirectoryIndex
11041:             1             32  com.intellij.util.indexing.StorageGuard
11042:             1             32  com.intellij.util.indexing.UnindexedFilesUpdater
11043:             1             32  com.intellij.util.indexing.UnindexedFilesUpdater$2
11044:             2             32  com.intellij.util.io.BaseOutputReader$Options$1
11045:             2             32  com.intellij.util.io.EnumeratorStringDescriptor
11046:             1             32  com.intellij.util.io.PersistentHashMapValueStorage$1
11047:             1             32  com.intellij.util.io.PersistentHashMapValueStorage$2
11048:             1             32  com.intellij.util.io.PersistentHashMapValueStorage$3
11049:             2             32  com.intellij.util.messages.impl.MessageBusImpl$$Lambda$1402/0x0000000801416440
11050:             2             32  com.intellij.util.messages.impl.MessageBusImpl$$Lambda$335/0x0000000800461440
11051:             1             32  com.intellij.util.proxy.CommonProxy
11052:             2             32  com.intellij.util.proxy.PropertiesEncryptionSupport
11053:             1             32  com.intellij.util.text.CharArrayCharSequence
11054:             2             32  com.intellij.util.text.CharSequenceHashingStrategy
11055:             2             32  com.intellij.util.ui.ButtonlessScrollBarUI$$Lambda$3506/0x0000000802060040
11056:             2             32  com.intellij.util.ui.ButtonlessScrollBarUI$2
11057:             2             32  com.intellij.util.ui.ButtonlessScrollBarUI$3
11058:             2             32  com.intellij.util.ui.ButtonlessScrollBarUI$4
11059:             2             32  com.intellij.util.ui.ButtonlessScrollBarUI$5
11060:             2             32  com.intellij.util.ui.ButtonlessScrollBarUI$6
11061:             2             32  com.intellij.util.ui.ButtonlessScrollBarUI$WeakListener
11062:             2             32  com.intellij.util.ui.TimedDeadzone$Length
11063:             2             32  com.intellij.util.ui.tree.TreeModelListenerList
11064:             2             32  com.intellij.util.xml.stubs.index.DomElementClassIndex
11065:             2             32  com.intellij.util.xml.stubs.index.DomNamespaceKeyIndex
11066:             1             32  com.intellij.util.xml.tree.actions.AddElementInCollectionAction
11067:             1             32  com.intellij.util.xml.tree.actions.DeleteDomElement
11068:             1             32  com.intellij.util.xml.tree.actions.GotoDomElementDeclarationAction
11069:             1             32  com.intellij.util.xml.ui.DomCollectionControl$AddAction
11070:             1             32  com.intellij.util.xml.ui.DomCollectionControl$EditAction
11071:             1             32  com.intellij.util.xml.ui.DomCollectionControl$RemoveAction
11072:             1             32  com.intellij.vcs.ProgressManagerQueue
11073:             1             32  com.intellij.vcs.VcsShowLocalChangesAction
11074:             1             32  com.intellij.vcs.VcsShowShelfAction
11075:             2             32  com.intellij.vcs.commit.SaveCommittingDocumentsVetoer
11076:             1             32  com.intellij.vcs.commit.ToggleAmendCommitModeAction
11077:             1             32  com.intellij.vcs.commit.ToggleChangesViewCommitUiAction
11078:             1             32  com.intellij.vcs.commit.ToggleChangesViewCommitUiAction$commitProjectAction$1
11079:             2             32  com.intellij.vcs.commit.message.CommitMessageInspectionProfile$CommitMessageInspectionToolSupplier
11080:             1             32  com.intellij.vcs.commit.message.ReformatCommitMessageAction
11081:             2             32  com.intellij.vcs.log.data.AbstractDataGetter$$Lambda$2829/0x0000000801c7c040
11082:             2             32  com.intellij.vcs.log.data.VcsCommitCache
11083:             1             32  com.intellij.vcs.log.data.VcsLogProgress
11084:             2             32  com.intellij.vcs.log.data.VcsLogProgress$ProgressKey
11085:             1             32  com.intellij.vcs.log.data.VcsLogStorageImpl
11086:             2             32  com.intellij.vcs.log.data.VcsUserKeyDescriptor
11087:             1             32  com.intellij.vcs.log.data.index.VcsLogPathsIndex$PathsIndexer
11088:             1             32  com.intellij.vcs.log.graph.GraphColorManagerImpl$HeadsComparator
11089:             1             32  com.intellij.vcs.log.graph.utils.impl.IntTimestampGetter
11090:             1             32  com.intellij.vcs.log.impl.HeavyAwareExecutor
11091:             1             32  com.intellij.vcs.log.impl.VcsLogProjectTabsProperties$State
11092:             1             32  com.intellij.vcs.log.ui.actions.AlignLabelsAction
11093:             1             32  com.intellij.vcs.log.ui.actions.CompactReferencesViewAction
11094:             1             32  com.intellij.vcs.log.ui.actions.CompareRevisionsFromLogAction
11095:             1             32  com.intellij.vcs.log.ui.actions.EnableFilterByRegexAction
11096:             1             32  com.intellij.vcs.log.ui.actions.EnableMatchCaseAction
11097:             1             32  com.intellij.vcs.log.ui.actions.FocusTextFilterAction
11098:             1             32  com.intellij.vcs.log.ui.actions.GoToChildRowAction
11099:             1             32  com.intellij.vcs.log.ui.actions.GoToHashOrRefAction
11100:             1             32  com.intellij.vcs.log.ui.actions.GoToParentRowAction
11101:             1             32  com.intellij.vcs.log.ui.actions.IntelliSortChooserToggleAction
11102:             1             32  com.intellij.vcs.log.ui.actions.OpenAnotherLogTabAction
11103:             1             32  com.intellij.vcs.log.ui.actions.PreferCommitDateAction
11104:             1             32  com.intellij.vcs.log.ui.actions.RefreshLogAction
11105:             1             32  com.intellij.vcs.log.ui.actions.ResumeIndexingAction
11106:             1             32  com.intellij.vcs.log.ui.actions.ShowChangesFromParentsAction
11107:             1             32  com.intellij.vcs.log.ui.actions.ShowCommitTooltipAction
11108:             1             32  com.intellij.vcs.log.ui.actions.ShowDetailsAction
11109:             1             32  com.intellij.vcs.log.ui.actions.ShowDiffPreviewAction
11110:             1             32  com.intellij.vcs.log.ui.actions.ShowLongEdgesAction
11111:             1             32  com.intellij.vcs.log.ui.actions.ShowOnlyAffectedChangesAction
11112:             1             32  com.intellij.vcs.log.ui.actions.ShowOtherBranchesAction
11113:             1             32  com.intellij.vcs.log.ui.actions.ShowRootsColumnAction
11114:             1             32  com.intellij.vcs.log.ui.actions.ShowTagNamesAction
11115:             1             32  com.intellij.vcs.log.ui.actions.VcsShowLogAction
11116:             1             32  com.intellij.vcs.log.ui.actions.history.AnnotateRevisionFromHistoryAction
11117:             1             32  com.intellij.vcs.log.ui.actions.history.GetVersionFromHistoryAction
11118:             1             32  com.intellij.vcs.log.ui.actions.history.OpenRepositoryVersionFromHistoryAction
11119:             1             32  com.intellij.vcs.log.ui.actions.history.ShowAllAffectedFromHistoryAction
11120:             1             32  com.intellij.velocity.psi.VtlLanguage
11121:             2             32  com.intellij.velocity.psi.parsers.InterpolationBodyParser
11122:             2             32  com.intellij.velocity.psi.parsers.MacroCallDirectiveBodyParser
11123:             1             32  com.intellij.vfs.AsyncVfsEventsPostProcessorImpl
11124:             1             32  com.intellij.websocket.config.WebSocketLibraryType
11125:             1             32  com.intellij.workspace.jps.LegacyBridgeStoreReloadManager
11126:             1             32  com.intellij.ws.actions.AddHttpRequestAction
11127:             1             32  com.intellij.ws.actions.ConvertCurlToHttpRequestAction
11128:             1             32  com.intellij.ws.actions.CreateRestClientAction
11129:             1             32  com.intellij.ws.actions.GenerateJavaFromWsdlAction
11130:             1             32  com.intellij.ws.actions.GenerateWsdlFromJavaAction
11131:             1             32  com.intellij.ws.actions.HttpRequestOpenCollectionAction
11132:             1             32  com.intellij.ws.actions.HttpRequestRunFileAction
11133:             1             32  com.intellij.ws.actions.HttpRequestShowHistoryAction
11134:             1             32  com.intellij.ws.actions.RunRequestAction
11135:             1             32  com.intellij.ws.actions.ShowDeployedWebServicesAction
11136:             1             32  com.intellij.ws.actions.create.CreateWebServiceAction
11137:             1             32  com.intellij.ws.actions.create.CreateWebServiceClientAction
11138:             1             32  com.intellij.ws.actions.environment.HttpRequestNewPrivateEnvironmentFileAction
11139:             1             32  com.intellij.ws.actions.environment.HttpRequestNewPublicEnvironmentFileAction
11140:             1             32  com.intellij.ws.actions.microservices.HttpGenerateRequestFromEndpointsAction
11141:             1             32  com.intellij.ws.engines.axis.MonitorSoapMessagesAction
11142:             1             32  com.intellij.ws.facet.JAXWSLibraryType
11143:             1             32  com.intellij.ws.facet.WebServicesFacetType
11144:             1             32  com.intellij.ws.facet.WebServicesSupportProvider
11145:             1             32  com.intellij.ws.facet.client.WebServicesClientFacetType
11146:             1             32  com.intellij.ws.facet.client.WebServicesClientSupportProvider
11147:             1             32  com.intellij.ws.http.request.HttpRequestCollectionProvider$1
11148:             1             32  com.intellij.ws.http.request.HttpRequestLanguage
11149:             1             32  com.intellij.ws.http.request.actions.NewHttpRequestFileAction
11150:             1             32  com.intellij.ws.http.request.cookies.CookieLanguage
11151:             1             32  com.intellij.ws.http.request.run.HttpClientDynamicVariablesStubController$1
11152:             1             32  com.intellij.ws.http.request.run.config.HttpRequestRunConfiguration$Settings
11153:             1             32  com.intellij.ws.rest.actions.CreateRestfulWebServiceAction
11154:             1             32  com.intellij.ws.rest.actions.CreateRestfulWebServiceClientAction
11155:             1             32  com.intellij.ws.rest.actions.GenerateJavaFromWadlAction
11156:             1             32  com.intellij.ws.rest.actions.GenerateWadlFromJavaAction
11157:             1             32  com.intellij.ws.rest.library.JAXRSLibraryType
11158:             2             32  com.intellij.ws.rest.view.communications.RSViewProvider
11159:             1             32  com.intellij.ws.xml.jaxb.GenerateJAXBSchemasFromJavaAction
11160:             1             32  com.intellij.ws.xml.jaxb.GenerateJavaFromJAXBSchemasAction
11161:             1             32  com.intellij.ws.xml.xmlbeans.GenerateJavaFromXmlBeansSchemasAction
11162:             1             32  com.intellij.xdebugger.impl.PinToTopManagerState
11163:             1             32  com.intellij.xdebugger.impl.WatchesManagerState
11164:             1             32  com.intellij.xdebugger.impl.actions.AddToWatchesAction
11165:             1             32  com.intellij.xdebugger.impl.actions.EditBreakpointAction
11166:             1             32  com.intellij.xdebugger.impl.actions.EvaluateAction
11167:             1             32  com.intellij.xdebugger.impl.actions.EvaluateInConsoleAction
11168:             1             32  com.intellij.xdebugger.impl.actions.FocusOnBreakpointAction
11169:             1             32  com.intellij.xdebugger.impl.actions.ForceRunToCursorAction
11170:             1             32  com.intellij.xdebugger.impl.actions.ForceStepIntoAction
11171:             1             32  com.intellij.xdebugger.impl.actions.ForceStepOverAction
11172:             1             32  com.intellij.xdebugger.impl.actions.MarkObjectAction
11173:             1             32  com.intellij.xdebugger.impl.actions.MuteBreakpointAction
11174:             1             32  com.intellij.xdebugger.impl.actions.PauseAction
11175:             1             32  com.intellij.xdebugger.impl.actions.QuickEvaluateAction
11176:             1             32  com.intellij.xdebugger.impl.actions.RemoveAllBreakpointsAction
11177:             1             32  com.intellij.xdebugger.impl.actions.RemoveAllBreakpointsInFileAction
11178:             1             32  com.intellij.xdebugger.impl.actions.RestoreBreakpointAction
11179:             1             32  com.intellij.xdebugger.impl.actions.ResumeAction
11180:             1             32  com.intellij.xdebugger.impl.actions.RunToCursorAction
11181:             1             32  com.intellij.xdebugger.impl.actions.ShowExecutionPointAction
11182:             1             32  com.intellij.xdebugger.impl.actions.ShowLibraryFramesAction
11183:             1             32  com.intellij.xdebugger.impl.actions.SmartStepIntoAction
11184:             1             32  com.intellij.xdebugger.impl.actions.StepIntoAction
11185:             1             32  com.intellij.xdebugger.impl.actions.StepOutAction
11186:             1             32  com.intellij.xdebugger.impl.actions.StepOverAction
11187:             1             32  com.intellij.xdebugger.impl.actions.ToggleBreakpointEnabledAction
11188:             1             32  com.intellij.xdebugger.impl.actions.ToggleLineBreakpointAction
11189:             1             32  com.intellij.xdebugger.impl.actions.ToggleTemporaryLineBreakpointAction
11190:             1             32  com.intellij.xdebugger.impl.actions.UnmuteOnStopAction
11191:             1             32  com.intellij.xdebugger.impl.actions.UseInlineDebuggerAction
11192:             1             32  com.intellij.xdebugger.impl.actions.ViewBreakpointsAction
11193:             1             32  com.intellij.xdebugger.impl.breakpoints.XDependentBreakpointManager
11194:             1             32  com.intellij.xdebugger.impl.breakpoints.XLineBreakpointManager
11195:             1             32  com.intellij.xdebugger.impl.frame.XDebuggerFramesList$CopyStackAction
11196:             1             32  com.intellij.xdebugger.impl.frame.actions.XCopyWatchAction
11197:             1             32  com.intellij.xdebugger.impl.frame.actions.XEditWatchAction
11198:             1             32  com.intellij.xdebugger.impl.frame.actions.XMoveWatchDown
11199:             1             32  com.intellij.xdebugger.impl.frame.actions.XMoveWatchUp
11200:             1             32  com.intellij.xdebugger.impl.frame.actions.XNewWatchAction
11201:             1             32  com.intellij.xdebugger.impl.frame.actions.XRemoveAllWatchesAction
11202:             1             32  com.intellij.xdebugger.impl.frame.actions.XRemoveWatchAction
11203:             1             32  com.intellij.xdebugger.impl.frame.actions.XSwitchWatchesInVariables
11204:             1             32  com.intellij.xdebugger.impl.pinned.items.actions.XDebuggerPinToTopAction
11205:             1             32  com.intellij.xdebugger.impl.ui.tree.actions.EvaluateInConsoleFromTreeAction
11206:             1             32  com.intellij.xdebugger.impl.ui.tree.actions.ShowReferringObjectsAction
11207:             1             32  com.intellij.xdebugger.impl.ui.tree.actions.SortValuesToggleAction
11208:             1             32  com.intellij.xdebugger.impl.ui.tree.actions.XCompareWithClipboardAction
11209:             1             32  com.intellij.xdebugger.impl.ui.tree.actions.XCopyNameAction
11210:             1             32  com.intellij.xdebugger.impl.ui.tree.actions.XCopyValueAction
11211:             1             32  com.intellij.xdebugger.impl.ui.tree.actions.XInspectAction
11212:             1             32  com.intellij.xdebugger.impl.ui.tree.actions.XJumpToSourceAction
11213:             1             32  com.intellij.xdebugger.impl.ui.tree.actions.XJumpToTypeSourceAction
11214:             1             32  com.intellij.xdebugger.impl.ui.tree.actions.XSetValueAction
11215:             1             32  com.intellij.xdebugger.memory.action.ShowClassesWithDiffAction
11216:             1             32  com.intellij.xdebugger.memory.action.SwitchUpdateModeAction
11217:             1             32  com.intellij.xml.actions.EscapeEntitiesAction
11218:             1             32  com.intellij.xml.actions.GenerateXmlTagAction
11219:             1             32  com.intellij.xml.actions.validate.ValidateXmlAction
11220:             1             32  com.intellij.xml.actions.xmlbeans.GenerateInstanceDocumentFromSchemaAction
11221:             1             32  com.intellij.xml.actions.xmlbeans.GenerateSchemaFromInstanceDocumentAction
11222:             1             32  com.intellij.xml.breadcrumbs.BreadcrumbsPanel$$Lambda$3834/0x000000080223dc40
11223:             1             32  com.intellij.xml.breadcrumbs.BreadcrumbsPanel$1
11224:             1             32  com.intellij.xml.breadcrumbs.ToggleBreadcrumbsAction$ShowHide
11225:             1             32  com.intellij.xml.breadcrumbs.ToggleBreadcrumbsSettingsAction$HideBoth
11226:             1             32  com.intellij.xml.breadcrumbs.ToggleBreadcrumbsSettingsAction$ShowAbove
11227:             1             32  com.intellij.xml.breadcrumbs.ToggleBreadcrumbsSettingsAction$ShowBelow
11228:             1             32  com.jetbrains.asp.AspLanguage
11229:             1             32  com.jetbrains.b.a.aR
11230:             1             32  com.jetbrains.b.a.l
11231:             1             32  com.jetbrains.b.a.t
11232:             1             32  com.jetbrains.changeReminder.changes.ChangeReminderCheckAction
11233:             1             32  com.jetbrains.changeReminder.plugin.UserSettingsState
11234:             1             32  com.jetbrains.clones.languagescope.GroovyDuplicateScope
11235:             1             32  com.jetbrains.clones.languagescope.KotlinDuplicateScope
11236:             1             32  com.jetbrains.clones.languagescope.xml.HTMLDuplicateScope
11237:             1             32  com.jetbrains.debugger.wip.JSRemoteDebugConfigurationType
11238:             1             32  com.jetbrains.nodejs.codeInsight.ToggleNodeCoreCodingAssistanceAction
11239:             1             32  com.jetbrains.nodejs.nodeunit.execution.NodeunitRunConfigurationType
11240:             1             32  com.jetbrains.nodejs.run.profile.cpu.v8log.ReadV8LogRawAction
11241:             1             32  com.jetbrains.nodejs.run.profile.heap.view.main.LoadSnapshotAction
11242:             1             32  com.jetbrains.nodejs.run.profile.settings.NodeProfilingSettings
11243:             1             32  com.jetbrains.nwjs.NwjsRunConfigurationType
11244:             2             32  com.jetbrains.performancePlugin.ProjectLoaded
11245:             1             32  com.jetbrains.performancePlugin.actions.CaptureCPUUsageDataAction
11246:             1             32  com.jetbrains.performancePlugin.actions.CaptureMemorySnapshotAction
11247:             1             32  com.jetbrains.performancePlugin.actions.ExecuteScriptAction
11248:             1             32  com.jetbrains.performancePlugin.actions.ProfileIndexingAction
11249:             1             32  com.jetbrains.performancePlugin.actions.ProfileSlowStartupAction
11250:             1             32  com.jetbrains.performancePlugin.actions.StartStopAsyncProfilerAction
11251:             1             32  com.jetbrains.performancePlugin.lang.IJPerfLanguage
11252:             1             32  com.jetbrains.performancePlugin.tracing.actions.ApplyMethodTracingInstrumentationAction
11253:             1             32  com.jetbrains.performancePlugin.tracing.actions.ConfigureMethodTracingAction
11254:             1             32  com.jetbrains.plugins.reactnative.ReactNativeRunConfigurationType
11255:             1             32  com.jetbrains.plugins.remotesdk.console.RunSshConsoleAction
11256:             1             32  com.jetbrains.plugins.webDeployment.actions.BrowseServersAction
11257:             1             32  com.jetbrains.plugins.webDeployment.actions.CompareLocalVsRemoteAction
11258:             1             32  com.jetbrains.plugins.webDeployment.actions.CompareLocalVsRemoteWithAction
11259:             1             32  com.jetbrains.plugins.webDeployment.actions.ConfigureDeploymentAction
11260:             1             32  com.jetbrains.plugins.webDeployment.actions.ConfigureDeploymentOptionsAction
11261:             1             32  com.jetbrains.plugins.webDeployment.actions.CopyServerPathsAction
11262:             1             32  com.jetbrains.plugins.webDeployment.actions.CreateFileAction
11263:             1             32  com.jetbrains.plugins.webDeployment.actions.CreateSubfolderAction
11264:             1             32  com.jetbrains.plugins.webDeployment.actions.DownloadAction
11265:             1             32  com.jetbrains.plugins.webDeployment.actions.DownloadFromAction
11266:             1             32  com.jetbrains.plugins.webDeployment.actions.NewRemoteItemAction
11267:             1             32  com.jetbrains.plugins.webDeployment.actions.RemoteRenameAction
11268:             1             32  com.jetbrains.plugins.webDeployment.actions.SelectInRemoteHostAction
11269:             1             32  com.jetbrains.plugins.webDeployment.actions.SetPermissionsAction
11270:             1             32  com.jetbrains.plugins.webDeployment.actions.SyncLocalVsRemoteAction
11271:             1             32  com.jetbrains.plugins.webDeployment.actions.SyncLocalVsRemoteWithAction
11272:             1             32  com.jetbrains.plugins.webDeployment.actions.ToggleAutoUploadAction
11273:             1             32  com.jetbrains.plugins.webDeployment.actions.ToggleRemoteExclusionAction
11274:             1             32  com.jetbrains.plugins.webDeployment.actions.UploadFilesAction
11275:             1             32  com.jetbrains.plugins.webDeployment.actions.UploadFilesToAction
11276:             1             32  com.jetbrains.plugins.webDeployment.config.PublishConfig
11277:             2             32  com.jetbrains.plugins.webDeployment.config.WebServersConfigManagerBaseImpl$1
11278:             1             32  com.jetbrains.plugins.webDeployment.conflicts.RemoteChangeNotifier
11279:             1             32  com.jetbrains.plugins.webDeployment.remoteEdit.EditRemoteFileAction
11280:             1             32  com.jetbrains.plugins.webDeployment.remoteEdit.notification.UploadCurrentRemoteFileAction
11281:             1             32  com.maddyhome.idea.copyright.actions.GenerateCopyrightAction
11282:             1             32  com.sixrr.inspectjs.bitwise.PointlessBitwiseExpressionJSInspection
11283:             1             32  com.sixrr.inspectjs.confusing.EmptyStatementBodyJSInspection
11284:             1             32  com.sixrr.inspectjs.confusing.NegatedConditionalExpressionJSInspection
11285:             1             32  com.sixrr.inspectjs.confusing.NegatedIfStatementJSInspection
11286:             1             32  com.sixrr.inspectjs.confusing.NestedFunctionJSInspection
11287:             1             32  com.sixrr.inspectjs.confusing.OverlyComplexArithmeticExpressionJSInspection
11288:             1             32  com.sixrr.inspectjs.confusing.OverlyComplexBooleanExpressionJSInspection
11289:             1             32  com.sixrr.inspectjs.confusing.PointlessArithmeticExpressionJSInspection
11290:             1             32  com.sixrr.inspectjs.control.ConditionalExpressionWithIdenticalBranchesJSInspection
11291:             1             32  com.sixrr.inspectjs.control.ForLoopReplaceableByWhileJSInspection
11292:             1             32  com.sixrr.inspectjs.control.IfStatementWithIdenticalBranchesJSInspection
11293:             1             32  com.sixrr.inspectjs.control.IfStatementWithTooManyBranchesJSInspection
11294:             1             32  com.sixrr.inspectjs.control.TrivialIfJSInspection
11295:             1             32  com.sixrr.inspectjs.control.UnnecessaryContinueJSInspection
11296:             1             32  com.sixrr.inspectjs.control.UnnecessaryLabelOnBreakStatementJSInspection
11297:             1             32  com.sixrr.inspectjs.control.UnnecessaryLabelOnContinueStatementJSInspection
11298:             1             32  com.sixrr.inspectjs.control.UnnecessaryReturnJSInspection
11299:             1             32  com.sixrr.inspectjs.dataflow.UnnecessaryLocalVariableJSInspection
11300:             1             32  com.sixrr.inspectjs.exception.UnusedCatchParameterJSInspection
11301:             1             32  com.sixrr.inspectjs.functionmetrics.CyclomaticComplexityJSInspection
11302:             1             32  com.sixrr.inspectjs.functionmetrics.NestingDepthJSInspection
11303:             1             32  com.sixrr.inspectjs.functionmetrics.ParametersPerFunctionJSInspection
11304:             1             32  com.sixrr.inspectjs.functionmetrics.StatementsPerFunctionJSInspection
11305:             1             32  com.sixrr.inspectjs.style.ConstantOnLHSOfComparisonJSInspection
11306:             1             32  com.sixrr.inspectjs.style.ConstantOnRHSOfComparisonJSInspection
11307:             1             32  com.sixrr.inspectjs.style.NonBlockStatementBodyJSInspection
11308:             1             32  com.sixrr.xrp.addattribute.AddAttributeAction
11309:             1             32  com.sixrr.xrp.addsubtag.AddSubtagAction
11310:             1             32  com.sixrr.xrp.attributetotag.AttributeToTagAction
11311:             1             32  com.sixrr.xrp.changeattributevalue.ChangeAttributeValueAction
11312:             1             32  com.sixrr.xrp.convertcontentstoattribute.ConvertContentsToAttributeAction
11313:             1             32  com.sixrr.xrp.deleteattribute.DeleteAttributeAction
11314:             1             32  com.sixrr.xrp.deletetag.DeleteTagAction
11315:             1             32  com.sixrr.xrp.moveattributein.MoveAttributeInAction
11316:             1             32  com.sixrr.xrp.moveattributeout.MoveAttributeOutAction
11317:             1             32  com.sixrr.xrp.renameattribute.RenameAttributeAction
11318:             1             32  com.sixrr.xrp.renametag.RenameTagAction
11319:             1             32  com.sixrr.xrp.tagtoattribute.TagToAttributeAction
11320:             1             32  com.sixrr.xrp.unwraptag.UnwrapTagAction
11321:             1             32  com.sixrr.xrp.wraptag.WrapTagAction
11322:             1             32  com.sixrr.xrp.wraptagcontents.WrapTagContentsAction
11323:             1             32  com.siyeh.ig.abstraction.BooleanParameterInspection
11324:             1             32  com.siyeh.ig.abstraction.CastToConcreteClassInspection
11325:             1             32  com.siyeh.ig.abstraction.DeclareCollectionAsInterfaceInspection
11326:             1             32  com.siyeh.ig.abstraction.FeatureEnvyInspection
11327:             1             32  com.siyeh.ig.abstraction.InstanceVariableOfConcreteClassInspection
11328:             1             32  com.siyeh.ig.abstraction.InstanceofChainInspection
11329:             1             32  com.siyeh.ig.abstraction.InstanceofInterfacesInspection
11330:             1             32  com.siyeh.ig.abstraction.LocalVariableOfConcreteClassInspection
11331:             1             32  com.siyeh.ig.abstraction.MagicNumberInspection
11332:             1             32  com.siyeh.ig.abstraction.MethodOnlyUsedFromInnerClassInspection
11333:             1             32  com.siyeh.ig.abstraction.MethodReturnOfConcreteClassInspection
11334:             1             32  com.siyeh.ig.abstraction.OverlyStrongTypeCastInspection
11335:             1             32  com.siyeh.ig.abstraction.ParameterOfConcreteClassInspection
11336:             1             32  com.siyeh.ig.abstraction.PublicMethodNotExposedInInterfaceInspection
11337:             1             32  com.siyeh.ig.abstraction.StaticMethodOnlyUsedInOneClassInspection
11338:             1             32  com.siyeh.ig.abstraction.StaticVariableOfConcreteClassInspection
11339:             1             32  com.siyeh.ig.assignment.AssignmentToCatchBlockParameterInspection
11340:             1             32  com.siyeh.ig.assignment.AssignmentToForLoopParameterInspection
11341:             1             32  com.siyeh.ig.assignment.AssignmentToLambdaParameterInspection
11342:             1             32  com.siyeh.ig.assignment.AssignmentToMethodParameterInspection
11343:             1             32  com.siyeh.ig.assignment.AssignmentToNullInspection
11344:             1             32  com.siyeh.ig.assignment.ReplaceAssignmentWithOperatorAssignmentInspection
11345:             1             32  com.siyeh.ig.bitwise.PointlessBitwiseExpressionInspection
11346:             1             32  com.siyeh.ig.bugs.EmptyStatementBodyInspection
11347:             1             32  com.siyeh.ig.bugs.EqualsBetweenInconvertibleTypesInspection
11348:             1             32  com.siyeh.ig.bugs.EqualsOnSuspiciousObjectInspection
11349:             1             32  com.siyeh.ig.bugs.IgnoreResultOfCallInspection
11350:             1             32  com.siyeh.ig.bugs.ObjectEqualityInspection
11351:             1             32  com.siyeh.ig.bugs.ObjectToStringInspection
11352:             1             32  com.siyeh.ig.bugs.ResultOfObjectAllocationIgnoredInspection
11353:             1             32  com.siyeh.ig.bugs.ReturnNullInspection
11354:             1             32  com.siyeh.ig.bugs.StringConcatenationMissingWhitespaceInspection
11355:             1             32  com.siyeh.ig.bugs.SubtractionInCompareToInspection
11356:             1             32  com.siyeh.ig.bugs.SuspiciousIntegerDivAssignmentInspection
11357:             1             32  com.siyeh.ig.classlayout.ClassInitializerInspection
11358:             1             32  com.siyeh.ig.classlayout.ClassMayBeInterfaceInspection
11359:             1             32  com.siyeh.ig.classlayout.EmptyClassInspection
11360:             1             32  com.siyeh.ig.classlayout.InnerClassOnInterfaceInspection
11361:             1             32  com.siyeh.ig.classlayout.ListenerMayUseAdapterInspection
11362:             1             32  com.siyeh.ig.classlayout.StaticNonFinalFieldInspection
11363:             1             32  com.siyeh.ig.classlayout.UtilityClassInspection
11364:             1             32  com.siyeh.ig.classlayout.UtilityClassWithoutPrivateConstructorInspection
11365:             1             32  com.siyeh.ig.classmetrics.AnonymousClassComplexityInspection
11366:             1             32  com.siyeh.ig.classmetrics.AnonymousClassMethodCountInspection
11367:             1             32  com.siyeh.ig.classmetrics.ClassComplexityInspection
11368:             1             32  com.siyeh.ig.classmetrics.ClassCouplingInspection
11369:             1             32  com.siyeh.ig.classmetrics.ClassInheritanceDepthInspection
11370:             1             32  com.siyeh.ig.classmetrics.ClassNestingDepthInspection
11371:             1             32  com.siyeh.ig.classmetrics.ConstructorCountInspection
11372:             1             32  com.siyeh.ig.classmetrics.FieldCountInspection
11373:             1             32  com.siyeh.ig.classmetrics.MethodCountInspection
11374:             1             32  com.siyeh.ig.cloneable.CloneDeclaresCloneNotSupportedInspection
11375:             1             32  com.siyeh.ig.cloneable.CloneInNonCloneableClassInspection
11376:             1             32  com.siyeh.ig.cloneable.CloneableImplementsCloneInspection
11377:             1             32  com.siyeh.ig.controlflow.ConditionalCanBePushedInsideExpressionInspection
11378:             1             32  com.siyeh.ig.controlflow.ConditionalExpressionInspection
11379:             1             32  com.siyeh.ig.controlflow.ConfusingElseInspection
11380:             1             32  com.siyeh.ig.controlflow.DuplicateConditionInspection
11381:             1             32  com.siyeh.ig.controlflow.ForLoopReplaceableByWhileInspection
11382:             1             32  com.siyeh.ig.controlflow.ForLoopWithMissingComponentInspection
11383:             1             32  com.siyeh.ig.controlflow.IfStatementWithTooManyBranchesInspection
11384:             1             32  com.siyeh.ig.controlflow.InfiniteLoopStatementInspection
11385:             1             32  com.siyeh.ig.controlflow.LoopConditionNotUpdatedInsideLoopInspection
11386:             1             32  com.siyeh.ig.controlflow.LoopStatementsThatDontLoopInspection
11387:             1             32  com.siyeh.ig.controlflow.NegatedConditionalInspection
11388:             1             32  com.siyeh.ig.controlflow.NegatedIfElseInspection
11389:             1             32  com.siyeh.ig.controlflow.OverlyComplexBooleanExpressionInspection
11390:             1             32  com.siyeh.ig.controlflow.PointlessBooleanExpressionInspection
11391:             1             32  com.siyeh.ig.controlflow.SimplifiableEqualsExpressionInspection
11392:             1             32  com.siyeh.ig.controlflow.SwitchStatementDensityInspection
11393:             1             32  com.siyeh.ig.controlflow.SwitchStatementWithTooFewBranchesInspection
11394:             1             32  com.siyeh.ig.controlflow.SwitchStatementWithTooManyBranchesInspection
11395:             1             32  com.siyeh.ig.controlflow.TrivialIfInspection
11396:             1             32  com.siyeh.ig.controlflow.UnnecessaryContinueInspection
11397:             1             32  com.siyeh.ig.controlflow.UnnecessaryDefaultInspection
11398:             1             32  com.siyeh.ig.controlflow.UnnecessaryReturnInspection
11399:             1             32  com.siyeh.ig.dataflow.LawOfDemeterInspection
11400:             1             32  com.siyeh.ig.dataflow.TooBroadScopeInspection
11401:             1             32  com.siyeh.ig.dataflow.UnnecessaryLocalVariableInspection
11402:             1             32  com.siyeh.ig.dependency.ClassWithTooManyDependenciesInspection
11403:             1             32  com.siyeh.ig.dependency.ClassWithTooManyDependentsInspection
11404:             1             32  com.siyeh.ig.dependency.ClassWithTooManyTransitiveDependenciesInspection
11405:             1             32  com.siyeh.ig.dependency.ClassWithTooManyTransitiveDependentsInspection
11406:             1             32  com.siyeh.ig.encapsulation.AssignmentOrReturnOfFieldWithMutableTypeInspection
11407:             1             32  com.siyeh.ig.encapsulation.PackageVisibleInnerClassInspection
11408:             1             32  com.siyeh.ig.encapsulation.ProtectedInnerClassInspection
11409:             1             32  com.siyeh.ig.encapsulation.PublicFieldInspection
11410:             1             32  com.siyeh.ig.encapsulation.PublicInnerClassInspection
11411:             1             32  com.siyeh.ig.encapsulation.UseOfAnotherObjectsPrivateFieldInspection
11412:             1             32  com.siyeh.ig.errorhandling.BadExceptionCaughtInspection
11413:             1             32  com.siyeh.ig.errorhandling.BadExceptionThrownInspection
11414:             1             32  com.siyeh.ig.errorhandling.ExceptionFromCatchWhichDoesntWrapInspection
11415:             1             32  com.siyeh.ig.errorhandling.NewExceptionWithoutArgumentsInspection
11416:             1             32  com.siyeh.ig.errorhandling.ThrowCaughtLocallyInspection
11417:             1             32  com.siyeh.ig.errorhandling.ThrowFromFinallyBlockInspection
11418:             1             32  com.siyeh.ig.errorhandling.TooBroadCatchInspection
11419:             1             32  com.siyeh.ig.errorhandling.TooBroadThrowsInspection
11420:             1             32  com.siyeh.ig.finalization.FinalizeInspection
11421:             1             32  com.siyeh.ig.imports.StaticImportInspection
11422:             1             32  com.siyeh.ig.inheritance.AbstractMethodOverridesAbstractMethodInspection
11423:             1             32  com.siyeh.ig.inheritance.ExtendsUtilityClassInspection
11424:             1             32  com.siyeh.ig.inheritance.InterfaceNeverImplementedInspection
11425:             1             32  com.siyeh.ig.inheritance.NonProtectedConstructorInAbstractClassInspection
11426:             1             32  com.siyeh.ig.inheritance.RefusedBequestInspection
11427:             1             32  com.siyeh.ig.initialization.InstanceVariableInitializationInspection
11428:             1             32  com.siyeh.ig.initialization.StaticVariableInitializationInspection
11429:             1             32  com.siyeh.ig.initialization.StaticVariableUninitializedUseInspection
11430:             1             32  com.siyeh.ig.internationalization.StringConcatenationInspection
11431:             1             32  com.siyeh.ig.j2me.CheckForOutOfMemoryOnLargeArrayAllocationInspection
11432:             1             32  com.siyeh.ig.j2me.ConnectionResourceInspection
11433:             1             32  com.siyeh.ig.j2me.MethodCallInLoopConditionInspection
11434:             1             32  com.siyeh.ig.j2me.MultiplyOrDivideByPowerOfTwoInspection
11435:             1             32  com.siyeh.ig.j2me.OverlyLargePrimitiveArrayInitializerInspection
11436:             1             32  com.siyeh.ig.j2me.RecordStoreResourceInspection
11437:             1             32  com.siyeh.ig.javabeans.ClassWithoutNoArgConstructorInspection
11438:             1             32  com.siyeh.ig.javabeans.SuspiciousGetterSetterInspection
11439:             1             32  com.siyeh.ig.javadoc.MissingDeprecatedAnnotationInspection
11440:             1             32  com.siyeh.ig.javadoc.UnnecessaryJavaDocLinkInspection
11441:             1             32  com.siyeh.ig.jdk.AutoBoxingInspection
11442:             1             32  com.siyeh.ig.junit.JUnit5AssertionsConverterInspection
11443:             1             32  com.siyeh.ig.junit.JUnitRuleInspection
11444:             1             32  com.siyeh.ig.junit.TestCaseWithNoTestMethodsInspection
11445:             1             32  com.siyeh.ig.junit.TestMethodIsPublicVoidNoArgInspection
11446:             1             32  com.siyeh.ig.junit.TestMethodWithoutAssertionInspection
11447:             1             32  com.siyeh.ig.logging.ClassWithMultipleLoggersInspection
11448:             1             32  com.siyeh.ig.logging.NonStaticFinalLoggerInspection
11449:             1             32  com.siyeh.ig.logging.PublicMethodWithoutLoggingInspection
11450:             1             32  com.siyeh.ig.logging.StringConcatenationArgumentToLogCallInspection
11451:             1             32  com.siyeh.ig.maturity.ObsoleteCollectionInspection
11452:             1             32  com.siyeh.ig.maturity.SuppressionAnnotationInspection
11453:             1             32  com.siyeh.ig.memory.InnerClassMayBeStaticInspection
11454:             1             32  com.siyeh.ig.memory.ReturnOfInnerClassInspection
11455:             1             32  com.siyeh.ig.memory.StaticCollectionInspection
11456:             1             32  com.siyeh.ig.methodmetrics.CyclomaticComplexityInspection
11457:             1             32  com.siyeh.ig.methodmetrics.MethodCouplingInspection
11458:             1             32  com.siyeh.ig.methodmetrics.MultipleReturnPointsPerMethodInspection
11459:             1             32  com.siyeh.ig.methodmetrics.NestingDepthInspection
11460:             1             32  com.siyeh.ig.methodmetrics.NonCommentSourceStatementsInspection
11461:             1             32  com.siyeh.ig.methodmetrics.OverlyLongLambdaInspection
11462:             1             32  com.siyeh.ig.methodmetrics.ParametersPerConstructorInspection
11463:             1             32  com.siyeh.ig.methodmetrics.ParametersPerMethodInspection
11464:             1             32  com.siyeh.ig.methodmetrics.ThreeNegationsPerMethodInspection
11465:             1             32  com.siyeh.ig.methodmetrics.ThrownExceptionsPerMethodInspection
11466:             1             32  com.siyeh.ig.migration.EqualsReplaceableByObjectsCallInspection
11467:             1             32  com.siyeh.ig.migration.ForCanBeForeachInspection
11468:             1             32  com.siyeh.ig.migration.IfCanBeSwitchInspection
11469:             1             32  com.siyeh.ig.migration.MethodCanBeVariableArityMethodInspection
11470:             1             32  com.siyeh.ig.migration.RawUseOfParameterizedTypeInspection
11471:             1             32  com.siyeh.ig.migration.UnnecessaryBoxingInspection
11472:             1             32  com.siyeh.ig.migration.UnnecessaryUnboxingInspection
11473:             1             32  com.siyeh.ig.modularization.ModuleWithTooFewClassesInspection
11474:             1             32  com.siyeh.ig.modularization.ModuleWithTooManyClassesInspection
11475:             1             32  com.siyeh.ig.naming.MisspelledMethodNameInspection
11476:             1             32  com.siyeh.ig.naming.OverloadedMethodsWithSameNumberOfParametersInspection
11477:             1             32  com.siyeh.ig.naming.ParameterNameDiffersFromOverriddenParameterInspection
11478:             1             32  com.siyeh.ig.naming.QuestionableNameInspection
11479:             1             32  com.siyeh.ig.naming.StandardVariableNamesInspection
11480:             1             32  com.siyeh.ig.numeric.CachedNumberConstructorCallInspection
11481:             1             32  com.siyeh.ig.numeric.CastThatLosesPrecisionInspection
11482:             1             32  com.siyeh.ig.numeric.ConfusingFloatingPointLiteralInspection
11483:             1             32  com.siyeh.ig.numeric.ImplicitNumericConversionInspection
11484:             1             32  com.siyeh.ig.numeric.IntegerMultiplicationImplicitCastToLongInspection
11485:             1             32  com.siyeh.ig.numeric.OverlyComplexArithmeticExpressionInspection
11486:             1             32  com.siyeh.ig.numeric.PointlessArithmeticExpressionInspection
11487:             1             32  com.siyeh.ig.numeric.UnaryPlusInspection
11488:             1             32  com.siyeh.ig.numeric.UnpredictableBigDecimalConstructorCallInspection
11489:             1             32  com.siyeh.ig.packaging.EmptyDirectoryInspection
11490:             1             32  com.siyeh.ig.packaging.PackageWithTooFewClassesInspection
11491:             1             32  com.siyeh.ig.packaging.PackageWithTooManyClassesInspection
11492:             1             32  com.siyeh.ig.performance.CallToSimpleGetterInClassInspection
11493:             1             32  com.siyeh.ig.performance.CallToSimpleSetterInClassInspection
11494:             1             32  com.siyeh.ig.performance.CollectionsMustHaveInitialCapacityInspection
11495:             1             32  com.siyeh.ig.performance.MethodMayBeStaticInspection
11496:             1             32  com.siyeh.ig.performance.StringEqualsEmptyStringInspection
11497:             1             32  com.siyeh.ig.performance.StringReplaceableByStringBufferInspection
11498:             1             32  com.siyeh.ig.performance.ToArrayCallWithZeroLengthArrayArgumentInspection
11499:             1             32  com.siyeh.ig.portability.HardcodedFileSeparatorsInspection
11500:             1             32  com.siyeh.ig.portability.SystemExitInspection
11501:             1             32  com.siyeh.ig.redundancy.UnnecessaryStringEscapeInspection
11502:             1             32  com.siyeh.ig.resources.ChannelResourceInspection
11503:             1             32  com.siyeh.ig.resources.HibernateResourceInspection
11504:             1             32  com.siyeh.ig.resources.JDBCResourceInspection
11505:             1             32  com.siyeh.ig.resources.JNDIResourceInspection
11506:             1             32  com.siyeh.ig.resources.SocketResourceInspection
11507:             1             32  com.siyeh.ig.security.JDBCExecuteWithNonConstantStringInspection
11508:             1             32  com.siyeh.ig.security.JDBCPrepareStatementWithNonConstantStringInspection
11509:             1             32  com.siyeh.ig.security.LoadLibraryWithNonConstantStringInspection
11510:             1             32  com.siyeh.ig.security.PublicStaticCollectionFieldInspection
11511:             1             32  com.siyeh.ig.security.RuntimeExecWithNonConstantStringInspection
11512:             1             32  com.siyeh.ig.style.AssertMessageNotStringInspection
11513:             1             32  com.siyeh.ig.style.CStyleArrayDeclarationInspection
11514:             1             32  com.siyeh.ig.style.ChainedMethodCallInspection
11515:             1             32  com.siyeh.ig.style.ConstantOnWrongSideOfComparisonInspection
11516:             1             32  com.siyeh.ig.style.ImplicitCallToSuperInspection
11517:             1             32  com.siyeh.ig.style.MissortedModifiersInspection
11518:             1             32  com.siyeh.ig.style.MultipleVariablesInDeclarationInspection
11519:             1             32  com.siyeh.ig.style.NestedMethodCallInspection
11520:             1             32  com.siyeh.ig.style.RedundantFieldInitializationInspection
11521:             1             32  com.siyeh.ig.style.RedundantImplementsInspection
11522:             1             32  com.siyeh.ig.style.SizeReplaceableByIsEmptyInspection
11523:             1             32  com.siyeh.ig.style.UnnecessarilyQualifiedInnerClassAccessInspection
11524:             1             32  com.siyeh.ig.style.UnnecessarilyQualifiedStaticUsageInspection
11525:             1             32  com.siyeh.ig.style.UnnecessaryBlockStatementInspection
11526:             1             32  com.siyeh.ig.style.UnnecessaryConstructorInspection
11527:             1             32  com.siyeh.ig.style.UnnecessaryFinalOnLocalVariableOrParameterInspection
11528:             1             32  com.siyeh.ig.style.UnnecessaryFullyQualifiedNameInspection
11529:             1             32  com.siyeh.ig.style.UnnecessaryParenthesesInspection
11530:             1             32  com.siyeh.ig.style.UnnecessarySemicolonInspection
11531:             1             32  com.siyeh.ig.style.UnnecessarySuperQualifierInspection
11532:             1             32  com.siyeh.ig.style.UnnecessaryThisInspection
11533:             1             32  com.siyeh.ig.style.UnqualifiedInnerClassAccessInspection
11534:             1             32  com.siyeh.ig.style.UnqualifiedStaticUsageInspection
11535:             1             32  com.siyeh.ig.threading.AccessToNonThreadSafeStaticFieldFromInstanceInspection
11536:             1             32  com.siyeh.ig.threading.AccessToStaticFieldLockedOnInstanceInspection
11537:             1             32  com.siyeh.ig.threading.DoubleCheckedLockingInspection
11538:             1             32  com.siyeh.ig.threading.FieldAccessedSynchronizedAndUnsynchronizedInspection
11539:             1             32  com.siyeh.ig.threading.SharedThreadLocalRandomInspection
11540:             1             32  com.siyeh.ig.threading.SynchronizationOnLocalVariableOrMethodParameterInspection
11541:             1             32  com.siyeh.ig.threading.SynchronizedMethodInspection
11542:             1             32  com.siyeh.ig.threading.SynchronizedOnLiteralObjectInspection
11543:             1             32  com.siyeh.ig.threading.WhileLoopSpinsOnFieldInspection
11544:             1             32  com.siyeh.ig.visibility.FieldHidesSuperclassFieldInspection
11545:             1             32  com.siyeh.ig.visibility.InnerClassVariableHidesOuterClassVariableInspection
11546:             1             32  com.siyeh.ig.visibility.LambdaParameterHidingMemberVariableInspection
11547:             1             32  com.siyeh.ig.visibility.LocalVariableHidingMemberVariableInspection
11548:             1             32  com.siyeh.ig.visibility.MethodOverloadsParentMethodInspection
11549:             1             32  com.siyeh.ig.visibility.ParameterHidingMemberVariableInspection
11550:             1             32  com.siyeh.ipp.adapter.AdapterToListenerIntention
11551:             1             32  com.siyeh.ipp.annotation.AnnotateOverriddenMethodsIntention
11552:             1             32  com.siyeh.ipp.bool.DemorgansIntention
11553:             1             32  com.siyeh.ipp.bool.FlipComparisonIntention
11554:             1             32  com.siyeh.ipp.bool.NegateComparisonIntention
11555:             1             32  com.siyeh.ipp.collections.ReplaceWithArraysAsListIntention
11556:             1             32  com.siyeh.ipp.commutative.FlipCommutativeMethodCallIntention
11557:             1             32  com.siyeh.ipp.concatenation.CopyConcatenatedStringToClipboardIntention
11558:             1             32  com.siyeh.ipp.concatenation.ReplaceConcatenationWithFormatStringIntention
11559:             1             32  com.siyeh.ipp.concatenation.ReplaceConcatenationWithStringBufferIntention
11560:             1             32  com.siyeh.ipp.constant.ConstantSubexpressionIntention
11561:             1             32  com.siyeh.ipp.decls.ChangeVariableTypeToRhsTypeIntention
11562:             1             32  com.siyeh.ipp.exceptions.ObscureThrownExceptionsIntention
11563:             1             32  com.siyeh.ipp.expression.FlipExpressionIntention
11564:             1             32  com.siyeh.ipp.increment.ExtractIncrementIntention
11565:             1             32  com.siyeh.ipp.increment.InlineIncrementIntention
11566:             1             32  com.siyeh.ipp.junit.FlipAssertLiteralIntention
11567:             1             32  com.siyeh.ipp.junit.ReplaceAssertLiteralWithAssertEqualsIntention
11568:             1             32  com.siyeh.ipp.modifiers.ChangeModifierIntention
11569:             1             32  com.siyeh.ipp.opassign.PostfixPrefixIntention
11570:             1             32  com.siyeh.ipp.opassign.ReplaceAssignmentWithPostfixExpressionIntention
11571:             1             32  com.siyeh.ipp.opassign.ReplaceOperatorAssignmentWithAssignmentIntention
11572:             1             32  com.siyeh.ipp.opassign.ReplaceOperatorAssignmentWithPostfixExpressionIntention
11573:             1             32  com.siyeh.ipp.opassign.ReplacePostfixExpressionWithAssignmentIntention
11574:             1             32  com.siyeh.ipp.opassign.ReplacePostfixExpressionWithOperatorAssignmentIntention
11575:             1             32  com.siyeh.ipp.opassign.ReplaceWithOperatorAssignmentIntention
11576:             1             32  com.siyeh.ipp.shift.ReplaceMultiplyWithShiftIntention
11577:             1             32  com.siyeh.ipp.shift.ReplaceShiftWithMultiplyIntention
11578:             1             32  com.siyeh.ipp.trivialif.ExpandBooleanIntention
11579:             2             32  com.sun.beans.WeakCache (java.desktop@11.0.7)
11580:             1             32  com.sun.beans.finder.BeanInfoFinder (java.desktop@11.0.7)
11581:             1             32  com.sun.beans.introspect.ClassInfo (java.desktop@11.0.7)
11582:             1             32  com.sun.glass.ui.mac.MacTimer (javafx.graphics@11.0.7)
11583:             1             32  com.sun.javafx.css.SelectorPartitioning (javafx.graphics@11.0.7)
11584:             1             32  com.sun.javafx.event.EventRedirector (javafx.base@11.0.7)
11585:             1             32  com.sun.javafx.geom.Ellipse2D (javafx.graphics@11.0.7)
11586:             1             32  com.sun.javafx.geom.Line2D (javafx.graphics@11.0.7)
11587:             1             32  com.sun.javafx.geom.Vec2d (javafx.graphics@11.0.7)
11588:             1             32  com.sun.javafx.image.impl.BaseByteToByteConverter$ByteAnyToSameConverter (javafx.graphics@11.0.7)
11589:             1             32  com.sun.javafx.scene.SceneEventDispatcher (javafx.graphics@11.0.7)
11590:             1             32  com.sun.javafx.scene.control.behavior.ScrollBarBehavior (javafx.controls@11.0.7)
11591:             1             32  com.sun.javafx.stage.WindowEventDispatcher (javafx.graphics@11.0.7)
11592:             1             32  com.sun.javafx.tk.quantum.EmbeddedSceneDnD (javafx.graphics@11.0.7)
11593:             1             32  com.sun.javafx.tk.quantum.PaintCollector (javafx.graphics@11.0.7)
11594:             1             32  com.sun.javafx.webkit.WebPageClientImpl (javafx.web@11.0.7)
11595:             1             32  com.sun.javafx.webkit.prism.WCPageBackBufferImpl (javafx.web@11.0.7)
11596:             2             32  com.sun.javafx.webkit.theme.RenderThemeImpl$ViewListener$1 (javafx.web@11.0.7)
11597:             1             32  com.sun.javafx.webkit.theme.ScrollBarThemeImpl (javafx.web@11.0.7)
11598:             1             32  com.sun.javafx.webkit.theme.ScrollBarThemeImpl$1 (javafx.web@11.0.7)
11599:             1             32  com.sun.org.apache.xerces.internal.jaxp.SAXParserFactoryImpl (java.xml@11.0.7)
11600:             1             32  com.sun.org.apache.xerces.internal.util.NamespaceSupport (java.xml@11.0.7)
11601:             1             32  com.sun.prism.es2.MacGLDrawable (javafx.graphics@11.0.7)
11602:             1             32  com.sun.prism.es2.MacGLPixelFormat (javafx.graphics@11.0.7)
11603:             1             32  com.sun.prism.impl.shape.MaskData (javafx.graphics@11.0.7)
11604:             2             32  com.sun.proxy.$Proxy103
11605:             2             32  com.sun.proxy.$Proxy128
11606:             2             32  com.sun.proxy.$Proxy136
11607:             2             32  com.sun.proxy.$Proxy139
11608:             2             32  com.sun.proxy.$Proxy143
11609:             2             32  com.sun.proxy.$Proxy18
11610:             2             32  com.sun.proxy.$Proxy23
11611:             2             32  com.sun.proxy.$Proxy27
11612:             2             32  com.sun.proxy.$Proxy36
11613:             2             32  com.sun.proxy.$Proxy38
11614:             2             32  com.sun.proxy.$Proxy48
11615:             2             32  com.sun.proxy.$Proxy62
11616:             2             32  com.sun.proxy.$Proxy63
11617:             2             32  com.sun.proxy.$Proxy66
11618:             2             32  com.sun.proxy.$Proxy77
11619:             2             32  com.sun.proxy.$Proxy79
11620:             2             32  com.sun.proxy.$Proxy83
11621:             2             32  com.sun.proxy.$Proxy87
11622:             2             32  com.sun.proxy.$Proxy90
11623:             2             32  com.sun.scenario.effect.impl.es2.ES2ShaderSource (javafx.graphics@11.0.7)
11624:             2             32  com.sun.scenario.effect.impl.prism.ps.PPSRenderer$1 (javafx.graphics@11.0.7)
11625:             1             32  com.sun.util.reentrant.ReentrantContextProviderTL$1 (javafx.graphics@11.0.7)
11626:             1             32  com.sun.webkit.WCFrameView (javafx.web@11.0.7)
11627:             1             32  com.sun.webkit.WebPage$RenderFrame (javafx.web@11.0.7)
11628:             1             32  com.sun.webkit.graphics.WCRectangle (javafx.web@11.0.7)
11629:             2             32  com.theoryinpractice.testng.configuration.TestNGConfiguration$1
11630:             2             32  com.theoryinpractice.testng.configuration.TestNGConfiguration$2
11631:             1             32  com.theoryinpractice.testng.ui.actions.TestNGAddToTestsPatternAction
11632:             1             32  com.theoryinpractice.testng.ui.actions.TestNGExcludeFromRunAction
11633:             1             32  com.wuzhizhan.mybatis.action.MybatisGeneratorMainAction
11634:             1             32  de.plushnikov.intellij.plugin.action.delombok.DelombokBuilderAction
11635:             1             32  de.plushnikov.intellij.plugin.action.delombok.DelombokConstructorAction
11636:             1             32  de.plushnikov.intellij.plugin.action.delombok.DelombokDataAction
11637:             1             32  de.plushnikov.intellij.plugin.action.delombok.DelombokDelegateAction
11638:             1             32  de.plushnikov.intellij.plugin.action.delombok.DelombokEqualsAndHashCodeAction
11639:             1             32  de.plushnikov.intellij.plugin.action.delombok.DelombokEverythingAction
11640:             1             32  de.plushnikov.intellij.plugin.action.delombok.DelombokFieldNameConstantsAction
11641:             1             32  de.plushnikov.intellij.plugin.action.delombok.DelombokGetterAction
11642:             1             32  de.plushnikov.intellij.plugin.action.delombok.DelombokLoggerAction
11643:             1             32  de.plushnikov.intellij.plugin.action.delombok.DelombokSetterAction
11644:             1             32  de.plushnikov.intellij.plugin.action.delombok.DelombokSuperBuilderAction
11645:             1             32  de.plushnikov.intellij.plugin.action.delombok.DelombokToStringAction
11646:             1             32  de.plushnikov.intellij.plugin.action.delombok.DelombokUtilityClassAction
11647:             1             32  de.plushnikov.intellij.plugin.action.delombok.DelombokValueAction
11648:             1             32  de.plushnikov.intellij.plugin.action.delombok.DelombokWitherAction
11649:             1             32  de.plushnikov.intellij.plugin.action.generate.LombokGenerateConstructorAction
11650:             1             32  de.plushnikov.intellij.plugin.action.lombok.LombokDataAction
11651:             1             32  de.plushnikov.intellij.plugin.action.lombok.LombokEqualsAndHashcodeAction
11652:             2             32  de.plushnikov.intellij.plugin.action.lombok.LombokEqualsAndHashcodeHandler
11653:             1             32  de.plushnikov.intellij.plugin.action.lombok.LombokGetterAction
11654:             2             32  de.plushnikov.intellij.plugin.action.lombok.LombokGetterHandler
11655:             1             32  de.plushnikov.intellij.plugin.action.lombok.LombokLoggerAction
11656:             1             32  de.plushnikov.intellij.plugin.action.lombok.LombokSetterAction
11657:             2             32  de.plushnikov.intellij.plugin.action.lombok.LombokSetterHandler
11658:             1             32  de.plushnikov.intellij.plugin.action.lombok.LombokToStringAction
11659:             2             32  de.plushnikov.intellij.plugin.action.lombok.LombokToStringHandler
11660:             1             32  de.plushnikov.intellij.plugin.extension.LombokHighlightErrorFilter$LombokHighlightFilter$1
11661:             1             32  de.plushnikov.intellij.plugin.extension.LombokHighlightErrorFilter$LombokHighlightFilter$2
11662:             1             32  de.plushnikov.intellij.plugin.extension.LombokHighlightErrorFilter$LombokHighlightFilter$3
11663:             1             32  de.plushnikov.intellij.plugin.extension.LombokHighlightErrorFilter$LombokHighlightFilter$4
11664:             1             32  de.plushnikov.intellij.plugin.extension.LombokHighlightErrorFilter$LombokHighlightFixHook$1
11665:             1             32  de.plushnikov.intellij.plugin.inspection.modifiers.RedundantModifiersOnUtilityClassLombokAnnotationInspection
11666:             1             32  de.plushnikov.intellij.plugin.inspection.modifiers.RedundantModifiersOnValueLombokAnnotationInspection
11667:             1             32  de.plushnikov.intellij.plugin.language.LombokConfigLanguage
11668:             2             32  de.plushnikov.intellij.plugin.lombokconfig.LombokConfigIndex$2
11669:             1             32  freemarker.cache.ClassTemplateLoader
11670:             1             32  freemarker.cache.TemplateCache$TemplateKey
11671:             2             32  freemarker.ext.beans.BeansWrapper$3
11672:             1             32  fuck_the_regulations_v321.gb
11673:             1             32  fuck_the_regulations_v321.gb
11674:             1             32  git4idea.GitBinaryContentRevision
11675:             1             32  git4idea.GitContentRevision
11676:             2             32  git4idea.GitLocalBranch
11677:             1             32  git4idea.actions.CopyPathFromRepositoryRootProvider
11678:             1             32  git4idea.actions.GitCheckoutRevisionAction
11679:             1             32  git4idea.actions.GitCloneAction
11680:             1             32  git4idea.actions.GitCompareWithBranchAction
11681:             1             32  git4idea.actions.GitCreateNewBranchAction
11682:             1             32  git4idea.actions.GitCreateTagAction
11683:             1             32  git4idea.actions.GitFetch
11684:             1             32  git4idea.actions.GitInit
11685:             1             32  git4idea.actions.GitMerge
11686:             1             32  git4idea.actions.GitPull
11687:             1             32  git4idea.actions.GitRebase
11688:             1             32  git4idea.actions.GitRebaseAbort
11689:             1             32  git4idea.actions.GitRebaseContinue
11690:             1             32  git4idea.actions.GitRebaseSkip
11691:             1             32  git4idea.actions.GitResetHead
11692:             1             32  git4idea.actions.GitResolveConflictsAction
11693:             1             32  git4idea.actions.GitStash
11694:             1             32  git4idea.actions.GitTag
11695:             1             32  git4idea.actions.GitUnstash
11696:             1             32  git4idea.annotate.GitRepositoryForAnnotationsListener
11697:             1             32  git4idea.branch.DeepCompareAction
11698:             1             32  git4idea.checkin.GitCheckinEnvironment
11699:             1             32  git4idea.config.CachingFileTester$TestResult
11700:             1             32  git4idea.ignore.GitIgnoredFilesHolder
11701:             1             32  git4idea.ignore.actions.OpenGitExcludeAction
11702:             1             32  git4idea.log.GitBrowseRepoAtRevisionAction
11703:             1             32  git4idea.log.GitLogProvider
11704:             1             32  git4idea.log.GitRefManager
11705:             1             32  git4idea.log.GitShowCommitInLogAction
11706:             1             32  git4idea.log.GitShowExternalLogAction
11707:             1             32  git4idea.rebase.GitCommitFixupBySubjectAction
11708:             1             32  git4idea.rebase.GitCommitSquashBySubjectAction
11709:             1             32  git4idea.rebase.GitInteractiveRebaseAction
11710:             1             32  git4idea.rebase.GitRebaseEditorService
11711:             1             32  git4idea.rebase.GitRewordAction
11712:             1             32  git4idea.remote.GitConfigureRemotesAction
11713:             1             32  git4idea.repo.GitRepositoryManager
11714:             1             32  git4idea.repo.GitRepositoryReader
11715:             1             32  git4idea.reset.GitResetAction
11716:             1             32  git4idea.reset.GitUncommitAction
11717:             1             32  git4idea.revert.GitRevertAction
11718:             1             32  git4idea.ui.branch.GitBranchesAction
11719:             1             32  git4idea.ui.branch.dashboard.BranchesDashboardActions$CheckoutSelectedBranchAction
11720:             1             32  git4idea.ui.branch.dashboard.BranchesDashboardActions$HideBranchesAction
11721:             1             32  git4idea.ui.branch.dashboard.BranchesDashboardActions$RenameLocalBranch
11722:             2             32  git4idea.ui.branch.dashboard.BranchesDashboardActions$sam$java_util_function_Supplier$0
11723:             1             32  io.netty.buffer.UnpooledByteBufAllocator
11724:             2             32  io.netty.channel.VoidChannelPromise$1
11725:             2             32  io.netty.channel.nio.AbstractNioChannel$1
11726:             1             32  io.netty.channel.nio.NioEventLoopGroup
11727:             2             32  io.netty.handler.codec.DecoderResult
11728:             1             32  io.netty.handler.codec.http.HttpStatusClass$1
11729:             1             32  io.netty.util.AttributeKey
11730:             1             32  io.netty.util.ResourceLeakDetector
11731:             1             32  io.netty.util.concurrent.DefaultThreadFactory
11732:             1             32  io.protostuff.jetbrains.plugin.ProtoLanguage
11733:             1             32  io.protostuff.jetbrains.plugin.errorreporting.TriggerExceptionAction
11734:             2             32  io.protostuff.jetbrains.plugin.psi.indices.DataTypeFullNameIndex
11735:             2             32  io.protostuff.jetbrains.plugin.psi.indices.DataTypeNameIndex
11736:             1             32  io.protostuff.jetbrains.plugin.psi.stubs.EnumStub$Type
11737:             1             32  io.protostuff.jetbrains.plugin.psi.stubs.GroupStub$Type
11738:             1             32  io.protostuff.jetbrains.plugin.psi.stubs.MessageStub$Type
11739:             1             32  io.sentry.DefaultSentryClientFactory$DaemonThreadFactory
11740:             1             32  io.sentry.marshaller.json.JsonMarshaller
11741:             1             32  java.awt.color.ICC_ProfileGray (java.desktop@11.0.7)
11742:             1             32  java.awt.color.ICC_ProfileRGB (java.desktop@11.0.7)
11743:             2             32  java.awt.datatransfer.SystemFlavorMap$SoftCache (java.datatransfer@11.0.7)
11744:             1             32  java.awt.image.Kernel (java.desktop@11.0.7)
11745:             1             32  java.beans.EventHandler (java.desktop@11.0.7)
11746:             1             32  java.beans.ThreadGroupContext (java.desktop@11.0.7)
11747:             1             32  java.beans.ThreadGroupContext$1 (java.desktop@11.0.7)
11748:             1             32  java.io.UnixFileSystem (java.base@11.0.7)
11749:             2             32  java.lang.Boolean (java.base@11.0.7)
11750:             2             32  java.lang.ProcessImpl$$Lambda$123/0x0000000800254040 (java.base@11.0.7)
11751:             2             32  java.lang.Shutdown$Lock (java.base@11.0.7)
11752:             1             32  java.lang.invoke.VarHandleInts$Array (java.base@11.0.7)
11753:             1             32  java.lang.module.ModuleDescriptor$Version (java.base@11.0.7)
11754:             2             32  java.lang.ref.Cleaner (java.base@11.0.7)
11755:             1             32  java.net.Inet6Address (java.base@11.0.7)
11756:             1             32  java.net.Inet6Address$Inet6AddressHolder (java.base@11.0.7)
11757:             1             32  java.net.InetAddress$CachedLocalHost (java.base@11.0.7)
11758:             2             32  java.nio.ByteOrder (java.base@11.0.7)
11759:             2             32  java.nio.file.attribute.PosixFilePermissions$1 (java.base@11.0.7)
11760:             1             32  java.security.KeyStore (java.base@11.0.7)
11761:             2             32  java.security.spec.NamedParameterSpec (java.base@11.0.7)
11762:             1             32  java.text.AttributedString (java.base@11.0.7)
11763:             1             32  java.text.DontCareFieldPosition (java.base@11.0.7)
11764:             2             32  java.time.format.DateTimeFormatterBuilder$StringLiteralPrinterParser (java.base@11.0.7)
11765:             2             32  java.util.AbstractMap$2 (java.base@11.0.7)
11766:             2             32  java.util.EnumMap$EntrySet (java.base@11.0.7)
11767:             2             32  java.util.Hashtable$KeySet (java.base@11.0.7)
11768:             2             32  java.util.ResourceBundle$SingleFormatControl (java.base@11.0.7)
11769:             1             32  java.util.ServiceLoader$ModuleServicesLookupIterator (java.base@11.0.7)
11770:             1             32  java.util.concurrent.DelayQueue (java.base@11.0.7)
11771:             1             32  java.util.concurrent.Executors$PrivilegedThreadFactory (java.base@11.0.7)
11772:             1             32  java.util.concurrent.Semaphore$FairSync (java.base@11.0.7)
11773:             1             32  java.util.concurrent.ThreadLocalRandom (java.base@11.0.7)
11774:             2             32  java.util.logging.ErrorManager (java.logging@11.0.7)
11775:             1             32  java.util.logging.LogManager$SystemLoggerContext (java.logging@11.0.7)
11776:             2             32  java.util.logging.SimpleFormatter (java.logging@11.0.7)
11777:             1             32  java.util.prefs.MacOSXPreferencesFile (java.prefs@11.0.7)
11778:             2             32  java.util.regex.Pattern$$Lambda$1197/0x0000000800f2a440 (java.base@11.0.7)
11779:             1             32  java.util.stream.ReduceOps$3 (java.base@11.0.7)
11780:             1             32  java.util.stream.ReduceOps$3ReducingSink (java.base@11.0.7)
11781:             1             32  javafx.css.FontCssMetaData$1 (javafx.graphics@11.0.7)
11782:             1             32  javafx.css.FontCssMetaData$2 (javafx.graphics@11.0.7)
11783:             1             32  javafx.css.FontCssMetaData$3 (javafx.graphics@11.0.7)
11784:             1             32  javafx.css.FontCssMetaData$4 (javafx.graphics@11.0.7)
11785:             1             32  javafx.css.Stylesheet (javafx.graphics@11.0.7)
11786:             1             32  javafx.embed.swing.SwingDnD$3 (javafx.swing@11.0.7)
11787:             1             32  javafx.scene.CssStyleHelper$1 (javafx.graphics@11.0.7)
11788:             1             32  javafx.scene.Node$NodeTransformation$1 (javafx.graphics@11.0.7)
11789:             1             32  javafx.scene.Node$StyleableProperties$1 (javafx.graphics@11.0.7)
11790:             1             32  javafx.scene.Node$StyleableProperties$10 (javafx.graphics@11.0.7)
11791:             1             32  javafx.scene.Node$StyleableProperties$11 (javafx.graphics@11.0.7)
11792:             1             32  javafx.scene.Node$StyleableProperties$12 (javafx.graphics@11.0.7)
11793:             1             32  javafx.scene.Node$StyleableProperties$13 (javafx.graphics@11.0.7)
11794:             1             32  javafx.scene.Node$StyleableProperties$15 (javafx.graphics@11.0.7)
11795:             1             32  javafx.scene.Node$StyleableProperties$2 (javafx.graphics@11.0.7)
11796:             1             32  javafx.scene.Node$StyleableProperties$3 (javafx.graphics@11.0.7)
11797:             1             32  javafx.scene.Node$StyleableProperties$4 (javafx.graphics@11.0.7)
11798:             1             32  javafx.scene.Node$StyleableProperties$5 (javafx.graphics@11.0.7)
11799:             1             32  javafx.scene.Node$StyleableProperties$6 (javafx.graphics@11.0.7)
11800:             1             32  javafx.scene.Node$StyleableProperties$7 (javafx.graphics@11.0.7)
11801:             1             32  javafx.scene.Node$StyleableProperties$8 (javafx.graphics@11.0.7)
11802:             1             32  javafx.scene.Node$StyleableProperties$9 (javafx.graphics@11.0.7)
11803:             1             32  javafx.scene.Scene$ClickGenerator (javafx.graphics@11.0.7)
11804:             2             32  javafx.scene.SceneAntialiasing (javafx.graphics@11.0.7)
11805:             1             32  javafx.scene.control.Control$StyleableProperties$1 (javafx.controls@11.0.7)
11806:             1             32  javafx.scene.control.ScrollBar$StyleableProperties$1 (javafx.controls@11.0.7)
11807:             1             32  javafx.scene.control.ScrollBar$StyleableProperties$2 (javafx.controls@11.0.7)
11808:             1             32  javafx.scene.control.ScrollBar$StyleableProperties$3 (javafx.controls@11.0.7)
11809:             1             32  javafx.scene.input.KeyCombination$1 (javafx.graphics@11.0.7)
11810:             1             32  javafx.scene.layout.Border (javafx.graphics@11.0.7)
11811:             1             32  javafx.scene.layout.Region$StyleableProperties$1 (javafx.graphics@11.0.7)
11812:             1             32  javafx.scene.layout.Region$StyleableProperties$10 (javafx.graphics@11.0.7)
11813:             1             32  javafx.scene.layout.Region$StyleableProperties$11 (javafx.graphics@11.0.7)
11814:             1             32  javafx.scene.layout.Region$StyleableProperties$12 (javafx.graphics@11.0.7)
11815:             1             32  javafx.scene.layout.Region$StyleableProperties$13 (javafx.graphics@11.0.7)
11816:             1             32  javafx.scene.layout.Region$StyleableProperties$14 (javafx.graphics@11.0.7)
11817:             1             32  javafx.scene.layout.Region$StyleableProperties$15 (javafx.graphics@11.0.7)
11818:             1             32  javafx.scene.layout.Region$StyleableProperties$2 (javafx.graphics@11.0.7)
11819:             1             32  javafx.scene.layout.Region$StyleableProperties$3 (javafx.graphics@11.0.7)
11820:             1             32  javafx.scene.layout.Region$StyleableProperties$4 (javafx.graphics@11.0.7)
11821:             1             32  javafx.scene.layout.Region$StyleableProperties$5 (javafx.graphics@11.0.7)
11822:             1             32  javafx.scene.layout.Region$StyleableProperties$6 (javafx.graphics@11.0.7)
11823:             1             32  javafx.scene.layout.Region$StyleableProperties$7 (javafx.graphics@11.0.7)
11824:             1             32  javafx.scene.layout.Region$StyleableProperties$8 (javafx.graphics@11.0.7)
11825:             1             32  javafx.scene.layout.Region$StyleableProperties$9 (javafx.graphics@11.0.7)
11826:             1             32  javafx.scene.layout.StackPane$StyleableProperties$1 (javafx.graphics@11.0.7)
11827:             1             32  javafx.scene.web.DirectoryLock$Descriptor (javafx.web@11.0.7)
11828:             1             32  javafx.scene.web.WebEngine$DocumentProperty (javafx.web@11.0.7)
11829:             1             32  javafx.scene.web.WebEngine$PulseTimer$1 (javafx.web@11.0.7)
11830:             1             32  javafx.scene.web.WebHistory (javafx.web@11.0.7)
11831:             1             32  javafx.scene.web.WebView$StyleableProperties$1 (javafx.web@11.0.7)
11832:             1             32  javafx.scene.web.WebView$StyleableProperties$10 (javafx.web@11.0.7)
11833:             1             32  javafx.scene.web.WebView$StyleableProperties$2 (javafx.web@11.0.7)
11834:             1             32  javafx.scene.web.WebView$StyleableProperties$3 (javafx.web@11.0.7)
11835:             1             32  javafx.scene.web.WebView$StyleableProperties$4 (javafx.web@11.0.7)
11836:             1             32  javafx.scene.web.WebView$StyleableProperties$5 (javafx.web@11.0.7)
11837:             1             32  javafx.scene.web.WebView$StyleableProperties$6 (javafx.web@11.0.7)
11838:             1             32  javafx.scene.web.WebView$StyleableProperties$7 (javafx.web@11.0.7)
11839:             1             32  javafx.scene.web.WebView$StyleableProperties$8 (javafx.web@11.0.7)
11840:             1             32  javafx.scene.web.WebView$StyleableProperties$9 (javafx.web@11.0.7)
11841:             1             32  javax.management.ObjectName (java.management@11.0.7)
11842:             1             32  javax.swing.BufferStrategyPaintManager$BufferInfo (java.desktop@11.0.7)
11843:             2             32  javax.swing.JList$ListSelectionHandler (java.desktop@11.0.7)
11844:             1             32  javax.swing.SwingContainerOrderFocusTraversalPolicy (java.desktop@11.0.7)
11845:             1             32  javax.swing.SwingDefaultFocusTraversalPolicy (java.desktop@11.0.7)
11846:             1             32  javax.swing.TransferHandler$TransferSupport (java.desktop@11.0.7)
11847:             2             32  javax.swing.plaf.basic.BasicBorders$MarginBorder (java.desktop@11.0.7)
11848:             2             32  javax.swing.plaf.basic.BasicButtonListener$Actions (java.desktop@11.0.7)
11849:             2             32  javax.swing.plaf.basic.BasicLabelUI$Actions (java.desktop@11.0.7)
11850:             2             32  javax.swing.plaf.basic.BasicScrollBarUI$Handler (java.desktop@11.0.7)
11851:             1             32  javax.swing.plaf.basic.BasicTreeUI$TreeTransferHandler (java.desktop@11.0.7)
11852:             1             32  javax.swing.plaf.metal.MetalLookAndFeel$AATextListener (java.desktop@11.0.7)
11853:             1             32  javax.swing.text.DefaultEditorKit$SelectLineAction (java.desktop@11.0.7)
11854:             1             32  javax.swing.text.DefaultEditorKit$SelectParagraphAction (java.desktop@11.0.7)
11855:             1             32  javax.swing.text.DefaultEditorKit$SelectWordAction (java.desktop@11.0.7)
11856:             2             32  javax.swing.text.JTextComponent$InputMethodRequestsHandler (java.desktop@11.0.7)
11857:             2             32  javax.swing.text.Position$Bias (java.desktop@11.0.7)
11858:             1             32  javax.swing.text.SegmentCache$CachedSegment (java.desktop@11.0.7)
11859:             2             32  javax.swing.text.StyleConstants$ColorConstants (java.desktop@11.0.7)
11860:             1             32  javax.swing.text.StyledEditorKit$StyledInsertBreakAction (java.desktop@11.0.7)
11861:             2             32  javax.swing.text.html.CSSBorder$DottedDashedPainter (java.desktop@11.0.7)
11862:             2             32  javax.swing.text.html.CSSBorder$GrooveRidgePainter (java.desktop@11.0.7)
11863:             2             32  javax.swing.text.html.CSSBorder$InsetOutsetPainter (java.desktop@11.0.7)
11864:             2             32  javax.swing.text.html.CSSBorder$NullPainter (java.desktop@11.0.7)
11865:             1             32  jdk.internal.reflect.UnsafeDoubleFieldAccessorImpl (java.base@11.0.7)
11866:             2             32  jdk.internal.util.Preconditions$1 (java.base@11.0.7)
11867:             2             32  kotlin.jvm.internal.Ref$BooleanRef
11868:             2             32  kotlin.jvm.internal.Ref$ObjectRef
11869:             1             32  kotlin.reflect.jvm.internal.impl.builtins.DefaultBuiltIns
11870:             1             32  kotlin.reflect.jvm.internal.impl.descriptors.NotFoundClasses
11871:             1             32  kotlin.reflect.jvm.internal.impl.descriptors.ScopesHolderForClass
11872:             1             32  kotlin.reflect.jvm.internal.impl.metadata.ProtoBuf$Contract
11873:             1             32  kotlin.reflect.jvm.internal.impl.metadata.ProtoBuf$VersionRequirementTable
11874:             1             32  kotlin.reflect.jvm.internal.impl.protobuf.WireFormat$FieldType$1
11875:             1             32  kotlin.reflect.jvm.internal.impl.protobuf.WireFormat$FieldType$2
11876:             1             32  kotlin.reflect.jvm.internal.impl.protobuf.WireFormat$FieldType$3
11877:             1             32  kotlin.reflect.jvm.internal.impl.protobuf.WireFormat$FieldType$4
11878:             1             32  kotlin.reflect.jvm.internal.impl.serialization.deserialization.descriptors.DeserializedClassDescriptor$DeserializedClassTypeConstructor
11879:             2             32  kotlin.reflect.jvm.internal.pcollections.IntTreePMap
11880:             2             32  kotlin.reflect.jvm.internal.pcollections.IntTreePMap
11881:             2             32  kotlinx.coroutines.Empty
11882:             2             32  kotlinx.coroutines.scheduling.GlobalQueue
11883:             1             32  net.jpountz.xxhash.XXHashFactory
11884:             1             32  net.loomchild.segment.srx.RuleManager
11885:             2             32  net.loomchild.segment.srx.SrxDocumentCache
11886:             1             32  net.miginfocom.layout.AnimSpec
11887:             1             32  org.angular2.cli.actions.AngularCliAddDependencyAction
11888:             1             32  org.angular2.cli.actions.AngularCliGenerateAction
11889:             2             32  org.angular2.codeInsight.refs.Angular2SelectorReferencesProvider
11890:             2             32  org.angular2.css.refs.Angular2CssClassInLiteralOrIdentifierReferenceProvider
11891:             1             32  org.angular2.lang.metadata.MetadataJsonLanguage
11892:             2             32  org.angularjs.codeInsight.refs.AngularJSReferencesContributor$5
11893:             2             32  org.angularjs.codeInsight.refs.AngularJSReferencesContributor$7
11894:             1             32  org.angularjs.codeInsight.router.AngularUiRouterDiagramProvider
11895:             1             32  org.angularjs.codeInsight.router.ShowUiRouterStatesNewDiagramAction
11896:             2             32  org.angularjs.index.AngularAttributeIndexer
11897:             1             32  org.antlr.jetbrains.adapter.lexer.PsiElementTypeFactory
11898:             1             32  org.apache.commons.logging.impl.WeakHashtable$WeakKey
11899:             1             32  org.apache.log4j.PatternLayout
11900:             1             32  org.apache.log4j.helpers.QuietWriter
11901:             2             32  org.apache.xerces.impl.XMLDocumentScannerImpl$DTDDispatcher
11902:             2             32  org.apache.xerces.impl.XMLDocumentScannerImpl$PrologDispatcher
11903:             2             32  org.apache.xerces.impl.XMLDocumentScannerImpl$TrailingMiscDispatcher
11904:             2             32  org.apache.xerces.impl.XMLDocumentScannerImpl$XMLDeclDispatcher
11905:             1             32  org.apache.xerces.impl.XMLEntityScanner
11906:             1             32  org.apache.xerces.impl.XMLVersionDetector
11907:             2             32  org.apache.xerces.impl.dv.dtd.ENTITYDatatypeValidator
11908:             2             32  org.apache.xerces.impl.dv.xs.QNameDV
11909:             1             32  org.apache.xerces.impl.xpath.regex.Op$ModifierOp
11910:             2             32  org.apache.xerces.impl.xpath.regex.Token
11911:             1             32  org.apache.xerces.util.NamespaceSupport
11912:             1             32  org.coffeescript.actions.CreateCoffeeScriptFileAction
11913:             1             32  org.coffeescript.codeinsight.inspections.CoffeeScriptFunctionSignaturesInspection
11914:             1             32  org.coffeescript.codeinsight.inspections.CoffeeScriptUnusedLocalSymbolsInspection
11915:             1             32  org.coffeescript.compiler.CompileCoffeeScriptAction
11916:             1             32  org.editorconfig.configmanagement.create.CreateEditorConfigAction
11917:             1             32  org.editorconfig.language.EditorConfigLanguage
11918:             1             32  org.editorconfig.language.codeinsight.actions.CreateEditorConfigFileAction
11919:             1             32  org.editorconfig.plugincomponents.ConfigProjectComponent$1
11920:             1             32  org.editorconfig.plugincomponents.SettingsProviderComponent
11921:             2             32  org.intellij.idea.lang.javascript.intention.bool.ComparisonPredicate
11922:             2             32  org.intellij.idea.lang.javascript.intention.bool.ConjunctionPredicate
11923:             1             32  org.intellij.images.actions.ConvertSvgToPngAction
11924:             1             32  org.intellij.images.actions.EditExternallyAction
11925:             1             32  org.intellij.images.actions.ShowThumbnailsAction
11926:             1             32  org.intellij.images.actions.ToggleTransparencyChessboardAction
11927:             1             32  org.intellij.images.editor.actions.ActualSizeAction
11928:             1             32  org.intellij.images.editor.actions.FitZoomToWindowAction
11929:             1             32  org.intellij.images.editor.actions.SetBackgroundImageAction
11930:             1             32  org.intellij.images.editor.actions.ToggleGridAction
11931:             1             32  org.intellij.images.editor.actions.ZoomInAction
11932:             1             32  org.intellij.images.editor.actions.ZoomOutAction
11933:             1             32  org.intellij.images.fileTypes.impl.ImageFileType
11934:             1             32  org.intellij.images.thumbnail.actions.EnterAction
11935:             1             32  org.intellij.images.thumbnail.actions.HideThumbnailsAction
11936:             1             32  org.intellij.images.thumbnail.actions.ToggleFileNameAction
11937:             1             32  org.intellij.images.thumbnail.actions.ToggleFileSizeAction
11938:             1             32  org.intellij.images.thumbnail.actions.ToggleRecursiveAction
11939:             1             32  org.intellij.images.thumbnail.actions.ToggleTagsPanelAction
11940:             1             32  org.intellij.images.thumbnail.actions.UpFolderAction
11941:             1             32  org.intellij.j2ee.web.resin.ResinConfigurationProducer
11942:             1             32  org.intellij.lang.regexp.RegExpLanguage
11943:             1             32  org.intellij.lang.regexp.ecmascript.EcmaScriptRegexpLanguage
11944:             1             32  org.intellij.lang.regexp.ecmascript.EcmaScriptUnicodeRegexpLanguage
11945:             1             32  org.intellij.lang.xpath.XPath2Language
11946:             1             32  org.intellij.lang.xpath.XPathLanguage
11947:             1             32  org.intellij.markdown.flavours.gfm.GFMConstraints
11948:             1             32  org.intellij.markdown.flavours.gfm.GFMFlavourDescriptor
11949:             1             32  org.intellij.markdown.parser.constraints.MarkdownConstraints
11950:             2             32  org.intellij.plugins.intelliLang.Configuration$$Lambda$3609/0x00000008020cc840
11951:             1             32  org.intellij.plugins.intelliLang.inject.TemporaryPlacesRegistry
11952:             2             32  org.intellij.plugins.markdown.highlighting.MarkdownSyntaxHighlighter
11953:             1             32  org.intellij.plugins.markdown.lang.MarkdownLanguage
11954:             1             32  org.intellij.plugins.markdown.ui.actions.editorLayout.CyclicSplitLayoutChangeAction
11955:             1             32  org.intellij.plugins.markdown.ui.actions.editorLayout.EditorAndPreviewLayoutChangeAction
11956:             1             32  org.intellij.plugins.markdown.ui.actions.editorLayout.EditorOnlyLayoutChangeAction
11957:             1             32  org.intellij.plugins.markdown.ui.actions.editorLayout.PreviewOnlyLayoutChangeAction
11958:             1             32  org.intellij.plugins.markdown.ui.actions.scrolling.AutoScrollAction
11959:             1             32  org.intellij.plugins.markdown.ui.actions.styling.HeaderDownAction
11960:             1             32  org.intellij.plugins.markdown.ui.actions.styling.HeaderUpAction
11961:             1             32  org.intellij.plugins.markdown.ui.actions.styling.MarkdownIntroduceLinkReferenceAction
11962:             1             32  org.intellij.plugins.markdown.ui.actions.styling.ToggleBoldAction
11963:             1             32  org.intellij.plugins.markdown.ui.actions.styling.ToggleCodeSpanAction
11964:             1             32  org.intellij.plugins.markdown.ui.actions.styling.ToggleItalicAction
11965:             1             32  org.intellij.plugins.markdown.ui.actions.styling.ToggleStrikethroughAction
11966:             2             32  org.intellij.plugins.markdown.ui.preview.MarkdownCodeFencePluginCache$$Lambda$3565/0x000000080208e440
11967:             1             32  org.intellij.plugins.relaxNG.compact.RngCompactLanguage
11968:             1             32  org.intellij.plugins.relaxNG.convert.ConvertSchemaAction
11969:             1             32  org.intellij.plugins.xpathView.ShowXPathAction
11970:             1             32  org.intellij.plugins.xpathView.XPathEvalAction
11971:             1             32  org.intellij.plugins.xpathView.search.FindByXPathAction
11972:             1             32  org.intellij.plugins.xsltDebugger.XsltBreakpointType
11973:             2             32  org.intellij.plugins.xsltDebugger.impl.XsltDebuggerEditorsProvider
11974:             1             32  org.jetbrains.android.actions.AndroidConnectDebuggerAction
11975:             1             32  org.jetbrains.android.actions.AndroidRegenerateSourcesAction
11976:             1             32  org.jetbrains.android.actions.CreateResourceDirectoryAction
11977:             1             32  org.jetbrains.android.actions.GenerateSignedApkAction
11978:             1             32  org.jetbrains.android.database.AndroidUploadDatabaseAction
11979:             1             32  org.jetbrains.android.facet.AndroidFacetType
11980:             2             32  org.jetbrains.android.inspections.lint.AndroidLintExternalAnnotator
11981:             1             32  org.jetbrains.android.refactoring.MigrateToAndroidxAction
11982:             1             32  org.jetbrains.android.refactoring.MigrateToAppCompatAction
11983:             1             32  org.jetbrains.android.refactoring.MigrateToResourceNamespacesAction
11984:             1             32  org.jetbrains.android.refactoring.UnusedResourcesAction
11985:             1             32  org.jetbrains.android.spellchecker.AndroidXmlSpellcheckingStrategy
11986:             1             32  org.jetbrains.bsp.BSP$
11987:             2             32  org.jetbrains.bsp.settings.BspProjectSettingsListenerAdapter
11988:             1             32  org.jetbrains.bsp.settings.BspSettings
11989:             1             32  org.jetbrains.ide.InstallPluginService
11990:             1             32  org.jetbrains.idea.devkit.actions.GenerateComponentExternalizationAction
11991:             1             32  org.jetbrains.idea.devkit.actions.NewMessageBundleAction
11992:             1             32  org.jetbrains.idea.devkit.actions.service.NewApplicationServiceAction
11993:             1             32  org.jetbrains.idea.devkit.actions.service.NewModuleServiceAction
11994:             1             32  org.jetbrains.idea.devkit.actions.service.NewProjectServiceAction
11995:             1             32  org.jetbrains.idea.devkit.actions.updateFromSources.UpdateIdeFromSourcesAction
11996:             1             32  org.jetbrains.idea.devkit.actions.updateFromSources.UpdateIdeFromSourcesSettingsAction
11997:             1             32  org.jetbrains.idea.devkit.build.AttachIntellijSourcesAction
11998:             1             32  org.jetbrains.idea.devkit.build.PrepareAllToDeployAction
11999:             1             32  org.jetbrains.idea.devkit.build.PrepareToDeployAction
12000:             1             32  org.jetbrains.idea.devkit.formConversion.ConvertFormToDslAction
12001:             1             32  org.jetbrains.idea.devkit.inspections.PluginXmlDynamicPluginInspection
12002:             1             32  org.jetbrains.idea.devkit.inspections.missingApi.MissingRecentApiInspection
12003:             1             32  org.jetbrains.idea.devkit.testAssistant.NavigateToTestDataAction
12004:             1             32  org.jetbrains.idea.devkit.themes.ApplyThemeAction
12005:             1             32  org.jetbrains.idea.devkit.themes.EditThemeEditorColorSchemeAction
12006:             1             32  org.jetbrains.idea.devkit.themes.RollbackThemeAction
12007:             1             32  org.jetbrains.idea.eclipse.export.ExportEclipseProjectsAction
12008:             1             32  org.jetbrains.idea.maven.dom.generate.GenerateDependencyAction
12009:             1             32  org.jetbrains.idea.maven.dom.generate.GenerateManagedDependencyAction
12010:             1             32  org.jetbrains.idea.maven.dom.generate.GenerateParentAction
12011:             1             32  org.jetbrains.idea.maven.dom.refactorings.extract.ExtractManagedDependenciesAction
12012:             1             32  org.jetbrains.idea.maven.dom.refactorings.introduce.IntroducePropertyAction
12013:             1             32  org.jetbrains.idea.maven.ext.uml.actions.MavenExcludeDependency
12014:             2             32  org.jetbrains.idea.maven.indices.MavenIndex$MyIndexRepositoryIdsProvider
12015:             1             32  org.jetbrains.idea.maven.indices.MavenIndices
12016:             1             32  org.jetbrains.idea.maven.indices.MavenIndicesManager$IndexFixer
12017:             1             32  org.jetbrains.idea.maven.indices.MavenProjectIndicesManager
12018:             1             32  org.jetbrains.idea.maven.navigator.MavenProjectsNavigator
12019:             1             32  org.jetbrains.idea.maven.navigator.actions.AlwaysShowArtifactIdAction
12020:             1             32  org.jetbrains.idea.maven.navigator.actions.EditMavenRunConfigurationAction
12021:             1             32  org.jetbrains.idea.maven.navigator.actions.GroupProjectsAction
12022:             1             32  org.jetbrains.idea.maven.navigator.actions.MavenExecuteGoalAction
12023:             1             32  org.jetbrains.idea.maven.navigator.actions.MavenTreeAction$CollapseAll
12024:             1             32  org.jetbrains.idea.maven.navigator.actions.MavenTreeAction$ExpandAll
12025:             1             32  org.jetbrains.idea.maven.navigator.actions.RemoveMavenRunConfigurationAction
12026:             1             32  org.jetbrains.idea.maven.navigator.actions.ShowBasicPhasesOnlyAction
12027:             1             32  org.jetbrains.idea.maven.navigator.actions.ShowIgnoredProjectsAction
12028:             1             32  org.jetbrains.idea.maven.navigator.actions.ShowVersionsAction
12029:             1             32  org.jetbrains.idea.maven.onlinecompletion.intellij.MyErrorHandler
12030:             1             32  org.jetbrains.idea.maven.project.MavenEmbeddersManager
12031:             2             32  org.jetbrains.idea.maven.project.MavenEnvironmentForm$PathOverrider$1
12032:             1             32  org.jetbrains.idea.maven.project.MavenWorkspaceSettings
12033:             1             32  org.jetbrains.idea.maven.project.actions.AddFileAsMavenProjectAction
12034:             1             32  org.jetbrains.idea.maven.project.actions.AddManagedFilesAction
12035:             1             32  org.jetbrains.idea.maven.project.actions.DownloadAllDocsAction
12036:             1             32  org.jetbrains.idea.maven.project.actions.DownloadAllSourcesAction
12037:             1             32  org.jetbrains.idea.maven.project.actions.DownloadAllSourcesAndDocsAction
12038:             1             32  org.jetbrains.idea.maven.project.actions.DownloadSelectedDocsAction
12039:             1             32  org.jetbrains.idea.maven.project.actions.DownloadSelectedSourcesAction
12040:             1             32  org.jetbrains.idea.maven.project.actions.DownloadSelectedSourcesAndDocsAction
12041:             1             32  org.jetbrains.idea.maven.project.actions.EditSettingsAction
12042:             1             32  org.jetbrains.idea.maven.project.actions.LookForNestedToggleAction
12043:             1             32  org.jetbrains.idea.maven.project.actions.MavenShowEffectivePom
12044:             1             32  org.jetbrains.idea.maven.project.actions.OpenOrCreateProfilesXmlAction
12045:             1             32  org.jetbrains.idea.maven.project.actions.OpenOrCreateSettingsXmlAction
12046:             1             32  org.jetbrains.idea.maven.project.actions.ReimportAction
12047:             1             32  org.jetbrains.idea.maven.project.actions.ReimportProjectAction
12048:             1             32  org.jetbrains.idea.maven.project.actions.RemoveManagedFilesAction
12049:             1             32  org.jetbrains.idea.maven.project.actions.RunBuildAction
12050:             1             32  org.jetbrains.idea.maven.project.actions.ToggleIgnoredProjectsAction
12051:             1             32  org.jetbrains.idea.maven.project.actions.ToggleOfflineAction
12052:             1             32  org.jetbrains.idea.maven.project.actions.ToggleProfileAction
12053:             1             32  org.jetbrains.idea.maven.project.actions.ToggleSkipTestsAction
12054:             1             32  org.jetbrains.idea.maven.project.actions.UpdateFoldersAction
12055:             1             32  org.jetbrains.idea.maven.project.actions.UpdateFoldersForProjectAction
12056:             1             32  org.jetbrains.idea.maven.server.MavenServerManager$3
12057:             1             32  org.jetbrains.idea.maven.server.MavenServerManager$MavenServerRemoteProcessSupport
12058:             1             32  org.jetbrains.idea.maven.server.MavenServerManager$RemoteMavenServerDownloadListener
12059:             1             32  org.jetbrains.idea.maven.server.MavenServerManager$State
12060:             1             32  org.jetbrains.idea.maven.tasks.MavenTasksManager
12061:             1             32  org.jetbrains.idea.maven.tasks.MavenTasksManagerState
12062:             1             32  org.jetbrains.idea.maven.tasks.actions.AssignShortcutAction
12063:             1             32  org.jetbrains.idea.maven.tasks.actions.ToggleAfterCompileTasksAction
12064:             1             32  org.jetbrains.idea.maven.tasks.actions.ToggleAfterRebuildTasksAction
12065:             1             32  org.jetbrains.idea.maven.tasks.actions.ToggleBeforeCompileTasksAction
12066:             1             32  org.jetbrains.idea.maven.tasks.actions.ToggleBeforeRebuildTasksAction
12067:             1             32  org.jetbrains.idea.maven.tasks.actions.ToggleBeforeRunTaskAction
12068:             1             32  org.jetbrains.idea.perforce.actions.ActionEdit
12069:             1             32  org.jetbrains.idea.perforce.actions.BrowseShelfAction
12070:             1             32  org.jetbrains.idea.perforce.actions.EnableAction
12071:             1             32  org.jetbrains.idea.perforce.actions.ForceRefreshAction
12072:             1             32  org.jetbrains.idea.perforce.actions.LinkChangeListToJobsAction
12073:             1             32  org.jetbrains.idea.perforce.actions.ResolveAction
12074:             1             32  org.jetbrains.idea.perforce.actions.ResolveAllAction
12075:             1             32  org.jetbrains.idea.perforce.actions.RevertAllUnchangedFilesAction
12076:             1             32  org.jetbrains.idea.perforce.actions.RevisionGraphAction
12077:             1             32  org.jetbrains.idea.perforce.actions.ShelveAction
12078:             1             32  org.jetbrains.idea.perforce.actions.SyncToRevisionAction
12079:             1             32  org.jetbrains.idea.perforce.actions.TimeLapseViewAction
12080:             1             32  org.jetbrains.idea.perforce.application.PerforceNumberNameSynchronizer
12081:             1             32  org.jetbrains.idea.reposearch.DependencySearchService
12082:             1             32  org.jetbrains.idea.svn.actions.BrowseRepositoryAction
12083:             1             32  org.jetbrains.idea.svn.actions.CleanupAction
12084:             1             32  org.jetbrains.idea.svn.actions.CleanupProjectAction
12085:             1             32  org.jetbrains.idea.svn.actions.CreateExternalAction
12086:             1             32  org.jetbrains.idea.svn.actions.ImportToRepositoryAction
12087:             1             32  org.jetbrains.idea.svn.actions.IntegrateChangeSetAction
12088:             1             32  org.jetbrains.idea.svn.actions.LockAction
12089:             1             32  org.jetbrains.idea.svn.actions.MarkResolvedAction
12090:             1             32  org.jetbrains.idea.svn.actions.MarkTreeConflictResolvedAction
12091:             1             32  org.jetbrains.idea.svn.actions.RelocateAction
12092:             1             32  org.jetbrains.idea.svn.actions.ResolveAction
12093:             1             32  org.jetbrains.idea.svn.actions.SetPropertyAction
12094:             1             32  org.jetbrains.idea.svn.actions.ShareProjectAction
12095:             1             32  org.jetbrains.idea.svn.actions.ShareWholeProject
12096:             1             32  org.jetbrains.idea.svn.actions.ShowPropertiesAction
12097:             1             32  org.jetbrains.idea.svn.actions.ShowSvnMapAction
12098:             1             32  org.jetbrains.idea.svn.actions.UnlockAction
12099:             1             32  org.jetbrains.idea.svn.branchConfig.CreateBranchOrTagAction
12100:             1             32  org.jetbrains.idea.svn.diff.CompareWithBranchAction
12101:             1             32  org.jetbrains.idea.svn.history.SvnEditCommitMessageAction
12102:             1             32  org.jetbrains.idea.tomcat.TomcatConfigurationProducer
12103:             1             32  org.jetbrains.io.PortUnificationServerHandler
12104:             1             32  org.jetbrains.java.decompiler.IdeaDecompiler
12105:             1             32  org.jetbrains.java.decompiler.ShowDecompiledClassAction
12106:             1             32  org.jetbrains.java.generate.GenerateToStringAction
12107:             2             32  org.jetbrains.java.generate.GenerateToStringActionHandlerImpl
12108:             1             32  org.jetbrains.jps.model.module.impl.JpsModuleSourceRootImpl
12109:             1             32  org.jetbrains.kotlin.android.intention.AddActivityToManifest
12110:             1             32  org.jetbrains.kotlin.android.intention.AddBroadcastReceiverToManifest
12111:             1             32  org.jetbrains.kotlin.android.intention.AddServiceToManifest
12112:             1             32  org.jetbrains.kotlin.android.intention.ImplementParcelableAction
12113:             1             32  org.jetbrains.kotlin.android.intention.KotlinAndroidAddStringResource
12114:             1             32  org.jetbrains.kotlin.android.intention.RedoParcelableAction
12115:             1             32  org.jetbrains.kotlin.android.intention.RemoveParcelableAction
12116:             1             32  org.jetbrains.kotlin.console.actions.RunKotlinConsoleAction
12117:             1             32  org.jetbrains.kotlin.ide.konan.NativeDefinitionsLanguage
12118:             2             32  org.jetbrains.kotlin.ide.konan.NativeLibraryType
12119:             1             32  org.jetbrains.kotlin.ide.konan.decompiler.KotlinNativeMetadataStubBuilder
12120:             2             32  org.jetbrains.kotlin.idea.KotlinIconProvider
12121:             1             32  org.jetbrains.kotlin.idea.KotlinLanguage
12122:             1             32  org.jetbrains.kotlin.idea.PluginStartupActivity$$Lambda$2332/0x0000000801a39440
12123:             1             32  org.jetbrains.kotlin.idea.actions.ConfigureKotlinJavaInProjectAction
12124:             1             32  org.jetbrains.kotlin.idea.actions.ConfigureKotlinJsInProjectAction
12125:             1             32  org.jetbrains.kotlin.idea.actions.ConfigurePluginUpdatesAction
12126:             1             32  org.jetbrains.kotlin.idea.actions.DecompileKotlinToJavaAction
12127:             1             32  org.jetbrains.kotlin.idea.actions.JavaToKotlinAction
12128:             1             32  org.jetbrains.kotlin.idea.actions.NewKotlinFileAction
12129:             1             32  org.jetbrains.kotlin.idea.actions.ShowKotlinBytecodeAction
12130:             1             32  org.jetbrains.kotlin.idea.actions.ShowKotlinGradleDslLogs
12131:             1             32  org.jetbrains.kotlin.idea.actions.generate.KotlinGenerateEqualsAndHashcodeAction
12132:             1             32  org.jetbrains.kotlin.idea.actions.generate.KotlinGenerateSecondaryConstructorAction
12133:             1             32  org.jetbrains.kotlin.idea.actions.generate.KotlinGenerateToStringAction
12134:             1             32  org.jetbrains.kotlin.idea.actions.internal.CopyKotlinProjectOverviewAction
12135:             1             32  org.jetbrains.kotlin.idea.actions.internal.KotlinThrowExceptionAction
12136:             1             32  org.jetbrains.kotlin.idea.caches.project.LibraryModificationTracker
12137:             2             32  org.jetbrains.kotlin.idea.core.platform.impl.CommonIdePlatformKindTooling
12138:             1             32  org.jetbrains.kotlin.idea.core.platform.impl.JsIdePlatformKindTooling
12139:             1             32  org.jetbrains.kotlin.idea.core.platform.impl.JvmIdePlatformKindTooling
12140:             1             32  org.jetbrains.kotlin.idea.core.script.KotlinScriptDependenciesClassFinder
12141:             1             32  org.jetbrains.kotlin.idea.core.script.configuration.listener.ScriptChangesNotifier
12142:             1             32  org.jetbrains.kotlin.idea.debugger.ToggleKotlinVariablesView
12143:             1             32  org.jetbrains.kotlin.idea.debugger.coroutine.command.CoroutineDumpAction
12144:             1             32  org.jetbrains.kotlin.idea.debugger.sequence.lib.sequence.KotlinSequencesSupport
12145:             1             32  org.jetbrains.kotlin.idea.debugger.sequence.lib.sequence.KotlinSequencesSupport$FilterIsInstanceOperationHandler
12146:             2             32  org.jetbrains.kotlin.idea.debugger.sequence.psi.impl.KotlinChainTransformerImpl
12147:             2             32  org.jetbrains.kotlin.idea.debugger.sequence.resolve.FilteredMapResolver
12148:             1             32  org.jetbrains.kotlin.idea.facet.KotlinFacetTypeImpl
12149:             1             32  org.jetbrains.kotlin.idea.findUsages.KotlinFindUsagesHandlerFactory
12150:             2             32  org.jetbrains.kotlin.idea.framework.CommonLibraryType
12151:             2             32  org.jetbrains.kotlin.idea.framework.KotlinSdkType
12152:             1             32  org.jetbrains.kotlin.idea.injection.KotlinLanguageInjector
12153:             1             32  org.jetbrains.kotlin.idea.inspections.AddOperatorModifierInspection
12154:             1             32  org.jetbrains.kotlin.idea.inspections.ClassNameInspection
12155:             1             32  org.jetbrains.kotlin.idea.inspections.ComplexRedundantLetInspection
12156:             1             32  org.jetbrains.kotlin.idea.inspections.ConstPropertyNameInspection
12157:             1             32  org.jetbrains.kotlin.idea.inspections.ConvertTwoComparisonsToRangeCheckInspection
12158:             1             32  org.jetbrains.kotlin.idea.inspections.DeprecatedCallableAddReplaceWithInspection
12159:             1             32  org.jetbrains.kotlin.idea.inspections.EnumEntryNameInspection
12160:             1             32  org.jetbrains.kotlin.idea.inspections.FoldInitializerAndIfToElvisInspection
12161:             1             32  org.jetbrains.kotlin.idea.inspections.FunctionNameInspection
12162:             1             32  org.jetbrains.kotlin.idea.inspections.ImplicitNullableNothingTypeInspection
12163:             1             32  org.jetbrains.kotlin.idea.inspections.JavaMapForEachInspection
12164:             1             32  org.jetbrains.kotlin.idea.inspections.LocalVariableNameInspection
12165:             1             32  org.jetbrains.kotlin.idea.inspections.MoveLambdaOutsideParenthesesInspection
12166:             1             32  org.jetbrains.kotlin.idea.inspections.ObjectPropertyNameInspection
12167:             1             32  org.jetbrains.kotlin.idea.inspections.PackageNameInspection
12168:             1             32  org.jetbrains.kotlin.idea.inspections.PlatformExtensionReceiverOfInlineInspection
12169:             1             32  org.jetbrains.kotlin.idea.inspections.PrivatePropertyNameInspection
12170:             1             32  org.jetbrains.kotlin.idea.inspections.PropertyNameInspection
12171:             1             32  org.jetbrains.kotlin.idea.inspections.ReplaceArrayEqualityOpWithArraysEqualsInspection
12172:             1             32  org.jetbrains.kotlin.idea.inspections.ReplaceAssertBooleanWithAssertEqualityInspection
12173:             1             32  org.jetbrains.kotlin.idea.inspections.ReplaceGuardClauseWithFunctionCallInspection
12174:             1             32  org.jetbrains.kotlin.idea.inspections.ReplacePutWithAssignmentInspection
12175:             1             32  org.jetbrains.kotlin.idea.inspections.ReplaceToStringWithStringTemplateInspection
12176:             1             32  org.jetbrains.kotlin.idea.inspections.ReplaceWithOperatorAssignmentInspection
12177:             1             32  org.jetbrains.kotlin.idea.inspections.SimpleRedundantLetInspection
12178:             1             32  org.jetbrains.kotlin.idea.inspections.SimplifyAssertNotNullInspection
12179:             1             32  org.jetbrains.kotlin.idea.inspections.SimplifyNegatedBinaryExpressionInspection
12180:             1             32  org.jetbrains.kotlin.idea.inspections.SortModifiersInspection
12181:             1             32  org.jetbrains.kotlin.idea.inspections.TestFunctionNameInspection
12182:             1             32  org.jetbrains.kotlin.idea.inspections.api.IncompatibleAPIInspection
12183:             1             32  org.jetbrains.kotlin.idea.inspections.branchedTransformations.IntroduceWhenSubjectInspection
12184:             1             32  org.jetbrains.kotlin.idea.inspections.collections.ConvertCallChainIntoSequenceInspection
12185:             1             32  org.jetbrains.kotlin.idea.inspections.collections.UselessCallOnCollectionInspection
12186:             1             32  org.jetbrains.kotlin.idea.inspections.collections.UselessCallOnNotNullInspection
12187:             1             32  org.jetbrains.kotlin.idea.inspections.conventionNameCalls.ReplaceCallWithBinaryOperatorInspection
12188:             1             32  org.jetbrains.kotlin.idea.inspections.conventionNameCalls.ReplaceGetOrSetInspection
12189:             1             32  org.jetbrains.kotlin.idea.inspections.coroutines.DeferredResultUnusedInspection
12190:             2             32  org.jetbrains.kotlin.idea.inspections.migration.ObsoleteExtensionFunctionUsage$Companion$ImportExtensionFunctionFix
12191:             2             32  org.jetbrains.kotlin.idea.inspections.migration.ObsoleteTopLevelFunctionUsage$Companion$RebindReferenceFix
12192:             1             32  org.jetbrains.kotlin.idea.intentions.AddAnnotationUseSiteTargetIntention
12193:             1             32  org.jetbrains.kotlin.idea.intentions.AddBracesIntention
12194:             1             32  org.jetbrains.kotlin.idea.intentions.AddJvmOverloadsIntention
12195:             1             32  org.jetbrains.kotlin.idea.intentions.AddLabeledReturnInLambdaIntention
12196:             1             32  org.jetbrains.kotlin.idea.intentions.AddMissingDestructuringIntention
12197:             1             32  org.jetbrains.kotlin.idea.intentions.AddNameToArgumentIntention
12198:             1             32  org.jetbrains.kotlin.idea.intentions.AddNamesToCallArgumentsIntention
12199:             1             32  org.jetbrains.kotlin.idea.intentions.AddNamesToFollowingArgumentsIntention
12200:             1             32  org.jetbrains.kotlin.idea.intentions.AddOpenModifierIntention
12201:             1             32  org.jetbrains.kotlin.idea.intentions.AddThrowsAnnotationIntention
12202:             1             32  org.jetbrains.kotlin.idea.intentions.AddUnderscoresToNumericLiteralIntention
12203:             1             32  org.jetbrains.kotlin.idea.intentions.AddValVarToConstructorParameterAction$Intention
12204:             1             32  org.jetbrains.kotlin.idea.intentions.AddWhenRemainingBranchesIntention
12205:             1             32  org.jetbrains.kotlin.idea.intentions.AnonymousFunctionToLambdaIntention
12206:             1             32  org.jetbrains.kotlin.idea.intentions.ConvertArrayParameterToVarargIntention
12207:             1             32  org.jetbrains.kotlin.idea.intentions.ConvertBinaryExpressionWithDemorgansLawIntention
12208:             1             32  org.jetbrains.kotlin.idea.intentions.ConvertBlockCommentToLineCommentIntention
12209:             1             32  org.jetbrains.kotlin.idea.intentions.ConvertCamelCaseTestFunctionToSpacedIntention
12210:             1             32  org.jetbrains.kotlin.idea.intentions.ConvertEnumToSealedClassIntention
12211:             1             32  org.jetbrains.kotlin.idea.intentions.ConvertForEachToForLoopIntention
12212:             1             32  org.jetbrains.kotlin.idea.intentions.ConvertFunctionTypeParameterToReceiverIntention
12213:             1             32  org.jetbrains.kotlin.idea.intentions.ConvertFunctionTypeReceiverToParameterIntention
12214:             1             32  org.jetbrains.kotlin.idea.intentions.ConvertLambdaToReferenceInspection
12215:             1             32  org.jetbrains.kotlin.idea.intentions.ConvertLateinitPropertyToNullableIntention
12216:             1             32  org.jetbrains.kotlin.idea.intentions.ConvertLazyPropertyToOrdinaryIntention
12217:             1             32  org.jetbrains.kotlin.idea.intentions.ConvertLineCommentToBlockCommentIntention
12218:             1             32  org.jetbrains.kotlin.idea.intentions.ConvertNullablePropertyToLateinitIntention
12219:             1             32  org.jetbrains.kotlin.idea.intentions.ConvertObjectLiteralToClassIntention
12220:             1             32  org.jetbrains.kotlin.idea.intentions.ConvertOrdinaryPropertyToLazyIntention
12221:             1             32  org.jetbrains.kotlin.idea.intentions.ConvertParameterToReceiverIntention
12222:             1             32  org.jetbrains.kotlin.idea.intentions.ConvertPrimaryConstructorToSecondaryIntention
12223:             1             32  org.jetbrains.kotlin.idea.intentions.ConvertPropertyGetterToInitializerIntention
12224:             1             32  org.jetbrains.kotlin.idea.intentions.ConvertPropertyInitializerToGetterIntention
12225:             1             32  org.jetbrains.kotlin.idea.intentions.ConvertPropertyToFunctionIntention
12226:             1             32  org.jetbrains.kotlin.idea.intentions.ConvertRangeCheckToTwoComparisonsIntention
12227:             1             32  org.jetbrains.kotlin.idea.intentions.ConvertReceiverToParameterIntention
12228:             1             32  org.jetbrains.kotlin.idea.intentions.ConvertReferenceToLambdaInspection
12229:             1             32  org.jetbrains.kotlin.idea.intentions.ConvertSealedClassToEnumIntention
12230:             1             32  org.jetbrains.kotlin.idea.intentions.ConvertSecondaryConstructorToPrimaryInspection
12231:             1             32  org.jetbrains.kotlin.idea.intentions.ConvertSecondaryConstructorToPrimaryIntention
12232:             1             32  org.jetbrains.kotlin.idea.intentions.ConvertSnakeCaseTestFunctionToSpacedIntention
12233:             1             32  org.jetbrains.kotlin.idea.intentions.ConvertToBlockBodyIntention
12234:             1             32  org.jetbrains.kotlin.idea.intentions.ConvertToConcatenatedStringIntention
12235:             1             32  org.jetbrains.kotlin.idea.intentions.ConvertToForEachFunctionCallIntention
12236:             1             32  org.jetbrains.kotlin.idea.intentions.ConvertToRawStringTemplateIntention
12237:             1             32  org.jetbrains.kotlin.idea.intentions.ConvertToStringTemplateInspection
12238:             1             32  org.jetbrains.kotlin.idea.intentions.ConvertToStringTemplateIntention
12239:             1             32  org.jetbrains.kotlin.idea.intentions.ConvertTryFinallyToUseCallInspection
12240:             1             32  org.jetbrains.kotlin.idea.intentions.ConvertTryFinallyToUseCallIntention
12241:             1             32  org.jetbrains.kotlin.idea.intentions.ConvertUnsafeCastCallToUnsafeCastIntention
12242:             1             32  org.jetbrains.kotlin.idea.intentions.ConvertUnsafeCastToUnsafeCastCallIntention
12243:             1             32  org.jetbrains.kotlin.idea.intentions.ConvertVarargParameterToArrayIntention
12244:             1             32  org.jetbrains.kotlin.idea.intentions.CreateKotlinSubClassIntention
12245:             1             32  org.jetbrains.kotlin.idea.intentions.DestructureInspection
12246:             1             32  org.jetbrains.kotlin.idea.intentions.DestructureIntention
12247:             1             32  org.jetbrains.kotlin.idea.intentions.ImplementAbstractMemberAsConstructorParameterIntention
12248:             1             32  org.jetbrains.kotlin.idea.intentions.ImplementAbstractMemberIntention
12249:             1             32  org.jetbrains.kotlin.idea.intentions.ImportAllMembersIntention
12250:             1             32  org.jetbrains.kotlin.idea.intentions.ImportMemberIntention
12251:             1             32  org.jetbrains.kotlin.idea.intentions.IndentRawStringIntention
12252:             1             32  org.jetbrains.kotlin.idea.intentions.InfixCallToOrdinaryIntention
12253:             1             32  org.jetbrains.kotlin.idea.intentions.InsertCurlyBracesToTemplateIntention
12254:             1             32  org.jetbrains.kotlin.idea.intentions.InsertExplicitTypeArgumentsIntention
12255:             1             32  org.jetbrains.kotlin.idea.intentions.IntroduceBackingPropertyIntention
12256:             1             32  org.jetbrains.kotlin.idea.intentions.IntroduceImportAliasIntention
12257:             1             32  org.jetbrains.kotlin.idea.intentions.IntroduceVariableIntention
12258:             1             32  org.jetbrains.kotlin.idea.intentions.InvertIfConditionIntention
12259:             1             32  org.jetbrains.kotlin.idea.intentions.IterateExpressionIntention
12260:             1             32  org.jetbrains.kotlin.idea.intentions.JoinDeclarationAndAssignmentInspection
12261:             1             32  org.jetbrains.kotlin.idea.intentions.JoinDeclarationAndAssignmentIntention
12262:             1             32  org.jetbrains.kotlin.idea.intentions.LambdaToAnonymousFunctionIntention
12263:             1             32  org.jetbrains.kotlin.idea.intentions.MergeElseIfIntention
12264:             1             32  org.jetbrains.kotlin.idea.intentions.MergeIfsIntention
12265:             1             32  org.jetbrains.kotlin.idea.intentions.MoveLambdaInsideParenthesesIntention
12266:             1             32  org.jetbrains.kotlin.idea.intentions.MoveMemberOutOfCompanionObjectIntention
12267:             1             32  org.jetbrains.kotlin.idea.intentions.MoveMemberToCompanionObjectIntention
12268:             1             32  org.jetbrains.kotlin.idea.intentions.MoveMemberToTopLevelIntention
12269:             1             32  org.jetbrains.kotlin.idea.intentions.MovePropertyToClassBodyIntention
12270:             1             32  org.jetbrains.kotlin.idea.intentions.MovePropertyToConstructorIntention
12271:             1             32  org.jetbrains.kotlin.idea.intentions.NullableBooleanEqualityCheckToElvisIntention
12272:             1             32  org.jetbrains.kotlin.idea.intentions.ObjectLiteralToLambdaInspection
12273:             1             32  org.jetbrains.kotlin.idea.intentions.ObjectLiteralToLambdaIntention
12274:             1             32  org.jetbrains.kotlin.idea.intentions.OperatorToFunctionIntention
12275:             1             32  org.jetbrains.kotlin.idea.intentions.ReconstructTypeInCastOrIsIntention
12276:             1             32  org.jetbrains.kotlin.idea.intentions.RemoveArgumentNameIntention
12277:             1             32  org.jetbrains.kotlin.idea.intentions.RemoveBracesIntention
12278:             1             32  org.jetbrains.kotlin.idea.intentions.RemoveConstructorKeywordIntention
12279:             1             32  org.jetbrains.kotlin.idea.intentions.RemoveEmptyClassBodyInspection
12280:             1             32  org.jetbrains.kotlin.idea.intentions.RemoveEmptyClassBodyIntention
12281:             1             32  org.jetbrains.kotlin.idea.intentions.RemoveEmptyParenthesesFromLambdaCallInspection
12282:             1             32  org.jetbrains.kotlin.idea.intentions.RemoveEmptyParenthesesFromLambdaCallIntention
12283:             1             32  org.jetbrains.kotlin.idea.intentions.RemoveEmptyPrimaryConstructorInspection
12284:             1             32  org.jetbrains.kotlin.idea.intentions.RemoveEmptyPrimaryConstructorIntention
12285:             1             32  org.jetbrains.kotlin.idea.intentions.RemoveEmptySecondaryConstructorBodyInspection
12286:             1             32  org.jetbrains.kotlin.idea.intentions.RemoveEmptySecondaryConstructorBodyIntention
12287:             1             32  org.jetbrains.kotlin.idea.intentions.RemoveExplicitLambdaParameterTypesIntention
12288:             1             32  org.jetbrains.kotlin.idea.intentions.RemoveExplicitSuperQualifierInspection
12289:             1             32  org.jetbrains.kotlin.idea.intentions.RemoveExplicitSuperQualifierIntention
12290:             1             32  org.jetbrains.kotlin.idea.intentions.RemoveExplicitTypeArgumentsInspection
12291:             1             32  org.jetbrains.kotlin.idea.intentions.RemoveExplicitTypeArgumentsIntention
12292:             1             32  org.jetbrains.kotlin.idea.intentions.RemoveExplicitTypeIntention
12293:             1             32  org.jetbrains.kotlin.idea.intentions.RemoveForLoopIndicesInspection
12294:             1             32  org.jetbrains.kotlin.idea.intentions.RemoveLabeledReturnInLambdaIntention
12295:             1             32  org.jetbrains.kotlin.idea.intentions.RemoveRedundantCallsOfConversionMethodsInspection
12296:             1             32  org.jetbrains.kotlin.idea.intentions.RemoveSingleExpressionStringTemplateIntention
12297:             1             32  org.jetbrains.kotlin.idea.intentions.RemoveUnderscoresFromNumericLiteralIntention
12298:             1             32  org.jetbrains.kotlin.idea.intentions.RemoveUnnecessaryParenthesesIntention
12299:             1             32  org.jetbrains.kotlin.idea.intentions.RenameClassToContainingFileNameIntention
12300:             1             32  org.jetbrains.kotlin.idea.intentions.RenameFileToMatchClassIntention
12301:             1             32  org.jetbrains.kotlin.idea.intentions.ReplaceItWithExplicitFunctionLiteralParamIntention
12302:             1             32  org.jetbrains.kotlin.idea.intentions.ReplaceMapGetOrDefaultIntention
12303:             1             32  org.jetbrains.kotlin.idea.intentions.ReplaceSizeCheckWithIsNotEmptyInspection
12304:             1             32  org.jetbrains.kotlin.idea.intentions.ReplaceSizeCheckWithIsNotEmptyIntention
12305:             1             32  org.jetbrains.kotlin.idea.intentions.ReplaceSizeZeroCheckWithIsEmptyInspection
12306:             1             32  org.jetbrains.kotlin.idea.intentions.ReplaceSizeZeroCheckWithIsEmptyIntention
12307:             1             32  org.jetbrains.kotlin.idea.intentions.ReplaceUnderscoreWithParameterNameIntention
12308:             1             32  org.jetbrains.kotlin.idea.intentions.ReplaceUntilWithRangeToIntention
12309:             1             32  org.jetbrains.kotlin.idea.intentions.ReplaceWithOrdinaryAssignmentIntention
12310:             1             32  org.jetbrains.kotlin.idea.intentions.SamConversionToAnonymousObjectIntention
12311:             1             32  org.jetbrains.kotlin.idea.intentions.SimplifyBooleanWithConstantsInspection
12312:             1             32  org.jetbrains.kotlin.idea.intentions.SimplifyBooleanWithConstantsIntention
12313:             1             32  org.jetbrains.kotlin.idea.intentions.SpecifyExplicitLambdaSignatureIntention
12314:             1             32  org.jetbrains.kotlin.idea.intentions.SpecifyTypeExplicitlyInDestructuringAssignmentIntention
12315:             1             32  org.jetbrains.kotlin.idea.intentions.SpecifyTypeExplicitlyIntention
12316:             1             32  org.jetbrains.kotlin.idea.intentions.SplitIfIntention
12317:             1             32  org.jetbrains.kotlin.idea.intentions.SwapBinaryExpressionIntention
12318:             1             32  org.jetbrains.kotlin.idea.intentions.SwapStringEqualsIgnoreCaseIntention
12319:             1             32  org.jetbrains.kotlin.idea.intentions.ToInfixCallIntention
12320:             1             32  org.jetbrains.kotlin.idea.intentions.ToOrdinaryStringLiteralIntention
12321:             1             32  org.jetbrains.kotlin.idea.intentions.ToRawStringLiteralIntention
12322:             1             32  org.jetbrains.kotlin.idea.intentions.UsePropertyAccessSyntaxIntention
12323:             1             32  org.jetbrains.kotlin.idea.intentions.ValToObjectIntention
12324:             1             32  org.jetbrains.kotlin.idea.intentions.branchedTransformations.intentions.DoubleBangToIfThenIntention
12325:             1             32  org.jetbrains.kotlin.idea.intentions.branchedTransformations.intentions.EliminateWhenSubjectIntention
12326:             1             32  org.jetbrains.kotlin.idea.intentions.branchedTransformations.intentions.ElvisToIfThenIntention
12327:             1             32  org.jetbrains.kotlin.idea.intentions.branchedTransformations.intentions.FlattenWhenIntention
12328:             1             32  org.jetbrains.kotlin.idea.intentions.branchedTransformations.intentions.FoldIfToReturnAsymmetricallyIntention
12329:             1             32  org.jetbrains.kotlin.idea.intentions.branchedTransformations.intentions.IfToWhenIntention
12330:             1             32  org.jetbrains.kotlin.idea.intentions.branchedTransformations.intentions.SafeAccessToIfThenIntention
12331:             1             32  org.jetbrains.kotlin.idea.intentions.branchedTransformations.intentions.UnfoldAssignmentToIfIntention
12332:             1             32  org.jetbrains.kotlin.idea.intentions.branchedTransformations.intentions.UnfoldAssignmentToWhenIntention
12333:             1             32  org.jetbrains.kotlin.idea.intentions.branchedTransformations.intentions.UnfoldPropertyToIfIntention
12334:             1             32  org.jetbrains.kotlin.idea.intentions.branchedTransformations.intentions.UnfoldPropertyToWhenIntention
12335:             1             32  org.jetbrains.kotlin.idea.intentions.branchedTransformations.intentions.UnfoldReturnToIfIntention
12336:             1             32  org.jetbrains.kotlin.idea.intentions.branchedTransformations.intentions.UnfoldReturnToWhenIntention
12337:             1             32  org.jetbrains.kotlin.idea.intentions.branchedTransformations.intentions.WhenToIfIntention
12338:             1             32  org.jetbrains.kotlin.idea.intentions.conventionNameCalls.ReplaceCallWithUnaryOperatorIntention
12339:             1             32  org.jetbrains.kotlin.idea.intentions.conventionNameCalls.ReplaceContainsIntention
12340:             1             32  org.jetbrains.kotlin.idea.intentions.conventionNameCalls.ReplaceInvokeIntention
12341:             1             32  org.jetbrains.kotlin.idea.intentions.copyConcatenatedStringToClipboard.CopyConcatenatedStringToClipboardIntention
12342:             1             32  org.jetbrains.kotlin.idea.intentions.declarations.ConvertMemberToExtensionIntention
12343:             1             32  org.jetbrains.kotlin.idea.intentions.declarations.SplitPropertyDeclarationIntention
12344:             1             32  org.jetbrains.kotlin.idea.intentions.loopToCallChain.UseWithIndexInspection
12345:             1             32  org.jetbrains.kotlin.idea.maven.actions.GenerateMavenCompileExecutionAction
12346:             1             32  org.jetbrains.kotlin.idea.maven.actions.GenerateMavenPluginAction
12347:             1             32  org.jetbrains.kotlin.idea.maven.actions.GenerateMavenTestCompileExecutionAction
12348:             1             32  org.jetbrains.kotlin.idea.maven.inspections.DifferentKotlinMavenVersionInspection
12349:             1             32  org.jetbrains.kotlin.idea.migration.CodeMigrationToggleAction
12350:             1             32  org.jetbrains.kotlin.idea.nodejs.protractor.KotlinProtractorConfigurationType
12351:             1             32  org.jetbrains.kotlin.idea.parameterInfo.HintType$FUNCTION_HINT
12352:             1             32  org.jetbrains.kotlin.idea.parameterInfo.HintType$LAMBDA_IMPLICIT_PARAMETER_RECEIVER
12353:             1             32  org.jetbrains.kotlin.idea.parameterInfo.HintType$LAMBDA_RETURN_EXPRESSION
12354:             1             32  org.jetbrains.kotlin.idea.parameterInfo.HintType$LOCAL_VARIABLE_HINT
12355:             1             32  org.jetbrains.kotlin.idea.parameterInfo.HintType$PARAMETER_HINT
12356:             1             32  org.jetbrains.kotlin.idea.parameterInfo.HintType$PARAMETER_TYPE_HINT
12357:             1             32  org.jetbrains.kotlin.idea.parameterInfo.HintType$PROPERTY_HINT
12358:             1             32  org.jetbrains.kotlin.idea.parameterInfo.HintType$SUSPENDING_CALL
12359:             1             32  org.jetbrains.kotlin.idea.quickfix.AddConstModifierIntention
12360:             1             32  org.jetbrains.kotlin.idea.refactoring.move.changePackage.ChangePackageIntention
12361:             1             32  org.jetbrains.kotlin.idea.refactoring.move.moveDeclarations.ExtractDeclarationFromCurrentFileIntention
12362:             1             32  org.jetbrains.kotlin.idea.scratch.actions.ClearScratchAction
12363:             1             32  org.jetbrains.kotlin.idea.scratch.actions.RunScratchAction
12364:             1             32  org.jetbrains.kotlin.idea.scratch.actions.StopScratchAction
12365:             2             32  org.jetbrains.kotlin.idea.stubindex.KotlinAnnotationsIndex
12366:             2             32  org.jetbrains.kotlin.idea.stubindex.KotlinClassShortNameIndex
12367:             2             32  org.jetbrains.kotlin.idea.stubindex.KotlinExactPackagesIndex
12368:             2             32  org.jetbrains.kotlin.idea.stubindex.KotlinFileFacadeClassByPackageIndex
12369:             2             32  org.jetbrains.kotlin.idea.stubindex.KotlinFileFacadeFqNameIndex
12370:             2             32  org.jetbrains.kotlin.idea.stubindex.KotlinFileFacadeShortNameIndex
12371:             2             32  org.jetbrains.kotlin.idea.stubindex.KotlinFilePartClassIndex
12372:             2             32  org.jetbrains.kotlin.idea.stubindex.KotlinFullClassNameIndex
12373:             2             32  org.jetbrains.kotlin.idea.stubindex.KotlinFunctionShortNameIndex
12374:             2             32  org.jetbrains.kotlin.idea.stubindex.KotlinMultifileClassPartIndex
12375:             2             32  org.jetbrains.kotlin.idea.stubindex.KotlinOverridableInternalMembersShortNameIndex
12376:             2             32  org.jetbrains.kotlin.idea.stubindex.KotlinProbablyContractedFunctionShortNameIndex
12377:             2             32  org.jetbrains.kotlin.idea.stubindex.KotlinProbablyNothingFunctionShortNameIndex
12378:             2             32  org.jetbrains.kotlin.idea.stubindex.KotlinProbablyNothingPropertyShortNameIndex
12379:             2             32  org.jetbrains.kotlin.idea.stubindex.KotlinPropertyShortNameIndex
12380:             2             32  org.jetbrains.kotlin.idea.stubindex.KotlinScriptFqnIndex
12381:             2             32  org.jetbrains.kotlin.idea.stubindex.KotlinSuperClassIndex
12382:             2             32  org.jetbrains.kotlin.idea.stubindex.KotlinTopLevelClassByPackageIndex
12383:             2             32  org.jetbrains.kotlin.idea.stubindex.KotlinTopLevelExtensionsByReceiverTypeIndex
12384:             2             32  org.jetbrains.kotlin.idea.stubindex.KotlinTopLevelFunctionByPackageIndex
12385:             2             32  org.jetbrains.kotlin.idea.stubindex.KotlinTopLevelFunctionFqnNameIndex
12386:             2             32  org.jetbrains.kotlin.idea.stubindex.KotlinTopLevelPropertyByPackageIndex
12387:             2             32  org.jetbrains.kotlin.idea.stubindex.KotlinTopLevelPropertyFqnNameIndex
12388:             2             32  org.jetbrains.kotlin.idea.stubindex.KotlinTopLevelTypeAliasByPackageIndex
12389:             2             32  org.jetbrains.kotlin.idea.stubindex.KotlinTopLevelTypeAliasFqNameIndex
12390:             2             32  org.jetbrains.kotlin.idea.stubindex.KotlinTypeAliasByExpansionShortNameIndex
12391:             2             32  org.jetbrains.kotlin.idea.stubindex.KotlinTypeAliasShortNameIndex
12392:             1             32  org.jetbrains.kotlin.idea.testIntegration.KotlinCreateTestIntention
12393:             2             32  org.jetbrains.kotlin.idea.vfilefinder.KotlinJvmModuleAnnotationsIndex
12394:             2             32  org.jetbrains.kotlin.idea.vfilefinder.KotlinModuleMappingIndex
12395:             2             32  org.jetbrains.kotlin.idea.vfilefinder.KotlinPackageSourcesMemberNamesIndex
12396:             2             32  org.jetbrains.kotlin.platform.impl.CommonIdePlatformKind
12397:             2             32  org.jetbrains.kotlin.platform.impl.JsIdePlatformKind
12398:             2             32  org.jetbrains.kotlin.platform.impl.JvmIdePlatformKind
12399:             2             32  org.jetbrains.kotlin.platform.impl.NativeIdePlatformKind
12400:             2             32  org.jetbrains.kotlin.tools.projectWizard.core.ParserKt$valueParser$1
12401:             2             32  org.jetbrains.kotlin.tools.projectWizard.core.entity.ModuleConfiguratorSetting
12402:             2             32  org.jetbrains.kotlin.tools.projectWizard.core.entity.TemplateSetting
12403:             2             32  org.jetbrains.kotlin.tools.projectWizard.moduleConfigurators.ModuleConfiguratorWithTests$$special$$inlined$enumSetting$1
12404:             1             32  org.jetbrains.lang.manifest.ManifestLanguage
12405:             1             32  org.jetbrains.lang.manifest.highlighting.MisspelledHeaderInspection
12406:             1             32  org.jetbrains.osgi.bnd.imp.ReimportProjectsAction
12407:             1             32  org.jetbrains.osgi.bnd.imp.ReimportWorkspaceAction
12408:             1             32  org.jetbrains.osgi.bnd.resolve.ResolveAction
12409:             1             32  org.jetbrains.osgi.bnd.run.BndRunConfigurationType
12410:             1             32  org.jetbrains.osgi.bnd.run.BndRunConfigurationType$LaunchFactory
12411:             1             32  org.jetbrains.osgi.bnd.run.BndRunConfigurationType$TestFactory
12412:             1             32  org.jetbrains.osgi.jps.model.LibraryBundlificationRule
12413:             1             32  org.jetbrains.plugins.cucumber.java.run.CucumberJavaRunConfigurationType
12414:             1             32  org.jetbrains.plugins.cucumber.psi.GherkinLanguage
12415:             1             32  org.jetbrains.plugins.github.GithubCreateGistAction
12416:             1             32  org.jetbrains.plugins.github.GithubShareAction
12417:             1             32  org.jetbrains.plugins.github.api.GithubServerPath
12418:             2             32  org.jetbrains.plugins.github.pullrequest.GHPRFileType
12419:             1             32  org.jetbrains.plugins.github.pullrequest.GHPRToolWindowTabsManager
12420:             2             32  org.jetbrains.plugins.github.pullrequest.GHPRToolWindowTabsManager$RemoteUrlsListener
12421:             1             32  org.jetbrains.plugins.github.pullrequest.GHPRToolWindowsTabsContentManager$createContent$2
12422:             1             32  org.jetbrains.plugins.github.pullrequest.action.GHPRCreateBranchAction
12423:             1             32  org.jetbrains.plugins.github.pullrequest.action.GHPRReloadCommentsAction
12424:             1             32  org.jetbrains.plugins.github.pullrequest.action.GHPRReloadDetailsAction
12425:             1             32  org.jetbrains.plugins.github.pullrequest.action.GHPRReloadListAction
12426:             1             32  org.jetbrains.plugins.github.pullrequest.action.GHPRShowTimelineAction
12427:             1             32  org.jetbrains.plugins.github.pullrequest.action.GHPRUpdateTimelineAction
12428:             1             32  org.jetbrains.plugins.github.pullrequest.config.GithubPullRequestsProjectUISettings$SettingsState
12429:             1             32  org.jetbrains.plugins.github.pullrequest.ui.changes.GHPRChangesBrowser$ToggleZipCommitsAction
12430:             1             32  org.jetbrains.plugins.gradle.action.GradleExecuteTaskAction
12431:             1             32  org.jetbrains.plugins.gradle.action.GradleOpenProjectCompositeConfigurationAction
12432:             1             32  org.jetbrains.plugins.gradle.action.GradleRefreshProjectDependenciesAction
12433:             1             32  org.jetbrains.plugins.gradle.action.ImportProjectFromScriptAction
12434:             1             32  org.jetbrains.plugins.gradle.action.ToggleOfflineAction
12435:             1             32  org.jetbrains.plugins.gradle.codeInsight.actions.AddGradleDslPluginAction
12436:             2             32  org.jetbrains.plugins.gradle.config.DelegatingGradleSettingsListenerAdapter
12437:             1             32  org.jetbrains.plugins.gradle.config.GradleClassFinder
12438:             1             32  org.jetbrains.plugins.gradle.integrations.maven.codeInsight.actions.AddGradleDslDependencyAction
12439:             1             32  org.jetbrains.plugins.gradle.internal.daemon.ShowGradleDaemonsAction
12440:             1             32  org.jetbrains.plugins.gradle.service.GradleBuildClasspathManager
12441:             1             32  org.jetbrains.plugins.grails.GspTemplateContextType
12442:             1             32  org.jetbrains.plugins.grails.actions.GrailsConfigureSDKAction
12443:             1             32  org.jetbrains.plugins.grails.actions.GrailsGenerateViewAction
12444:             1             32  org.jetbrains.plugins.grails.actions.GrailsWarAction
12445:             1             32  org.jetbrains.plugins.grails.actions.NewGrailsControllerAction
12446:             1             32  org.jetbrains.plugins.grails.actions.NewGrailsDomainClassAction
12447:             1             32  org.jetbrains.plugins.grails.actions.NewGrailsFilterAction
12448:             1             32  org.jetbrains.plugins.grails.actions.NewGrailsInterceptorAction
12449:             1             32  org.jetbrains.plugins.grails.actions.NewGrailsScriptAction
12450:             1             32  org.jetbrains.plugins.grails.actions.NewGrailsServiceAction
12451:             1             32  org.jetbrains.plugins.grails.actions.NewGrailsTagLibAction
12452:             1             32  org.jetbrains.plugins.grails.actions.NewGspAction
12453:             1             32  org.jetbrains.plugins.grails.actions.UpdateGrailsSettingsAction
12454:             1             32  org.jetbrains.plugins.grails.editor.ViewGrailsEditorToolbarAction
12455:             1             32  org.jetbrains.plugins.grails.structure.GrailsApplicationManager
12456:             1             32  org.jetbrains.plugins.grails.structure.GrailsApplicationManagerRefresher$2
12457:             1             32  org.jetbrains.plugins.groovy.GroovyLanguage
12458:             1             32  org.jetbrains.plugins.groovy.actions.ConvertToJavaAction
12459:             1             32  org.jetbrains.plugins.groovy.actions.ConvertToStaticAction
12460:             1             32  org.jetbrains.plugins.groovy.actions.NewGroovyClassAction
12461:             1             32  org.jetbrains.plugins.groovy.actions.NewScriptAction
12462:             1             32  org.jetbrains.plugins.groovy.actions.generate.accessors.GroovyGenerateGetterAction
12463:             1             32  org.jetbrains.plugins.groovy.actions.generate.accessors.GroovyGenerateGetterSetterAction
12464:             1             32  org.jetbrains.plugins.groovy.actions.generate.accessors.GroovyGenerateSetterAction
12465:             1             32  org.jetbrains.plugins.groovy.actions.generate.constructors.GroovyGenerateConstructorAction
12466:             1             32  org.jetbrains.plugins.groovy.actions.generate.equals.GroovyGenerateEqualsAction
12467:             1             32  org.jetbrains.plugins.groovy.actions.generate.equals.GroovyGenerateEqualsHandler
12468:             1             32  org.jetbrains.plugins.groovy.actions.generate.missing.GroovyGenerateMethodMissingAction
12469:             1             32  org.jetbrains.plugins.groovy.actions.generate.missing.GroovyGeneratePropertyMissingAction
12470:             1             32  org.jetbrains.plugins.groovy.actions.generate.tostring.GroovyGenerateToStringAction
12471:             1             32  org.jetbrains.plugins.groovy.bundled.BundledGroovyClassFinder
12472:             1             32  org.jetbrains.plugins.groovy.compiler.CheckResourcesAction$Make
12473:             1             32  org.jetbrains.plugins.groovy.compiler.CheckResourcesAction$Rebuild
12474:             1             32  org.jetbrains.plugins.groovy.compiler.ExcludeFromStubGenerationAction
12475:             2             32  org.jetbrains.plugins.groovy.config.AbstractConfigUtils$$Lambda$2413/0x0000000801acbc40
12476:             1             32  org.jetbrains.plugins.groovy.console.GrExecuteCommandAction
12477:             1             32  org.jetbrains.plugins.groovy.console.GrNewConsoleAction
12478:             1             32  org.jetbrains.plugins.groovy.doc.actions.GenerateGroovyDocAction
12479:             1             32  org.jetbrains.plugins.groovy.findUsages.GroovyFieldFindUsagesHandlerFactory
12480:             1             32  org.jetbrains.plugins.groovy.gant.GantClassFinder
12481:             1             32  org.jetbrains.plugins.groovy.gant.NewGantScriptAction
12482:             1             32  org.jetbrains.plugins.groovy.ide.GroovyScriptingShellAction
12483:             2             32  org.jetbrains.plugins.groovy.intentions.control.ComparisonPredicate
12484:             2             32  org.jetbrains.plugins.groovy.intentions.control.ConjunctionPredicate
12485:             1             32  org.jetbrains.plugins.groovy.lang.psi.patterns.GroovyElementPattern$1
12486:             2             32  org.jetbrains.plugins.groovy.lang.psi.stubs.index.GrFullClassNameIndex
12487:             2             32  org.jetbrains.plugins.groovy.lang.psi.stubs.index.GrFullScriptNameIndex
12488:             1             32  org.jetbrains.plugins.groovy.mvc.MvcModuleStructureSynchronizer
12489:             1             32  org.jetbrains.plugins.groovy.mvc.MvcUpgradeAction
12490:             1             32  org.jetbrains.plugins.groovy.mvc.actions.MvcRunCommandAction
12491:             1             32  org.jetbrains.plugins.groovy.mvc.plugins.MvcPluginsAction
12492:             1             32  org.jetbrains.plugins.haml.HAMLLanguage
12493:             1             32  org.jetbrains.plugins.javaFX.actions.CreateFxmlFileAction
12494:             1             32  org.jetbrains.plugins.javaFX.actions.OpenInSceneBuilderAction
12495:             2             32  org.jetbrains.plugins.javaFX.css.refs.JavaFxCSSReferenceContributor$JavaFxCssReferenceProvider
12496:             2             32  org.jetbrains.plugins.javaFX.fxml.codeInsight.JavaFxRelatedItemLineMarkerProvider
12497:             1             32  org.jetbrains.plugins.less.LESSLanguage
12498:             1             32  org.jetbrains.plugins.sass.SASSLanguage
12499:             1             32  org.jetbrains.plugins.scala.Scala3Language
12500:             1             32  org.jetbrains.plugins.scala.ScalaLanguage
12501:             1             32  org.jetbrains.plugins.scala.actions.MakeExplicitAction
12502:             1             32  org.jetbrains.plugins.scala.actions.NewScalaTypeDefinitionAction
12503:             1             32  org.jetbrains.plugins.scala.actions.ShowTypeInfoAction
12504:             1             32  org.jetbrains.plugins.scala.actions.ToggleTypeAwareHighlightingAction
12505:             1             32  org.jetbrains.plugins.scala.actions.implicitArguments.ShowImplicitArgumentsAction
12506:             1             32  org.jetbrains.plugins.scala.annotator.TypeMismatchToggleAction
12507:             2             32  org.jetbrains.plugins.scala.annotator.usageTracker.ScalaRefCountHolderService$$Lambda$2934/0x0000000801cccc40
12508:             2             32  org.jetbrains.plugins.scala.caches.RecursionManager$RecursionGuard
12509:             1             32  org.jetbrains.plugins.scala.caches.stats.Tracer$
12510:             1             32  org.jetbrains.plugins.scala.codeInsight.ScalaCodeInsightSettings
12511:             1             32  org.jetbrains.plugins.scala.codeInsight.daemon.ScalaAnnotatorHighlightVisitor
12512:             1             32  org.jetbrains.plugins.scala.codeInsight.hints.ScalaTypeHintsConfigurable$ConfigureTypeHintActions
12513:             1             32  org.jetbrains.plugins.scala.codeInsight.implicits.ExpandImplicitHintsAction
12514:             1             32  org.jetbrains.plugins.scala.codeInsight.implicits.ShowImplicitHintsAction
12515:             1             32  org.jetbrains.plugins.scala.codeInsight.implicits.menu.ImplicitArgumentsPopup
12516:             1             32  org.jetbrains.plugins.scala.codeInsight.implicits.menu.MakeConversionExplicit
12517:             1             32  org.jetbrains.plugins.scala.codeInsight.implicits.menu.RemoveExplicitArguments
12518:             1             32  org.jetbrains.plugins.scala.codeInsight.intention.collections.ComparingLengthIntention
12519:             1             32  org.jetbrains.plugins.scala.codeInsight.intention.collections.FilterSetContainsIntention
12520:             1             32  org.jetbrains.plugins.scala.codeInsight.intention.collections.SomeToOptionIntention
12521:             1             32  org.jetbrains.plugins.scala.codeInsight.intention.comprehension.DesugarForIntention
12522:             1             32  org.jetbrains.plugins.scala.codeInsight.intention.stringLiteral.FormatConversionIntention$FormattedToInterpolated
12523:             1             32  org.jetbrains.plugins.scala.codeInsight.intention.stringLiteral.FormatConversionIntention$FormattedToStringConcatenation
12524:             1             32  org.jetbrains.plugins.scala.codeInsight.intention.stringLiteral.FormatConversionIntention$InterpolatedToFormatted
12525:             1             32  org.jetbrains.plugins.scala.codeInsight.intention.stringLiteral.FormatConversionIntention$InterpolatedToStringConcatenation
12526:             1             32  org.jetbrains.plugins.scala.codeInsight.intention.stringLiteral.FormatConversionIntention$StringConcatenationToFormatted
12527:             1             32  org.jetbrains.plugins.scala.codeInsight.intention.stringLiteral.FormatConversionIntention$StringConcatenationToInterpolated
12528:             1             32  org.jetbrains.plugins.scala.codeInsight.intention.types.ConvertJavaToScalaCollectionIntention
12529:             1             32  org.jetbrains.plugins.scala.codeInsight.intention.types.ConvertScalaToJavaCollectionIntention
12530:             1             32  org.jetbrains.plugins.scala.codeInsight.template.impl.ScalaFileTemplateContextType
12531:             2             32  org.jetbrains.plugins.scala.codeInspection.collections.package$BinaryOperationOnParameterAndExprTemplate
12532:             2             32  org.jetbrains.plugins.scala.codeInspection.collections.package$ParameterlessCallOnParameterTemplate
12533:             1             32  org.jetbrains.plugins.scala.codeInspection.feature.LanguageFeatureInspection
12534:             1             32  org.jetbrains.plugins.scala.codeInspection.infiniteCycle.LoopVariableNotUpdatedInspection
12535:             1             32  org.jetbrains.plugins.scala.codeInspection.parentheses.ScalaUnnecessaryParenthesesInspection
12536:             1             32  org.jetbrains.plugins.scala.codeInspection.resourceLeaks.SourceNotClosedInspection
12537:             1             32  org.jetbrains.plugins.scala.codeInspection.specs2.BuiltinMatcherExistsInspection
12538:             1             32  org.jetbrains.plugins.scala.codeInspection.typeLambdaSimplify.KindProjectorUseCorrectLambdaKeywordInspection$
12539:             1             32  org.jetbrains.plugins.scala.compiler.data.SbtIncrementalOptions
12540:             1             32  org.jetbrains.plugins.scala.components.ScalaPluginVersionVerifier$
12541:             1             32  org.jetbrains.plugins.scala.components.ScalaPluginVersionVerifier$Version
12542:             1             32  org.jetbrains.plugins.scala.console.actions.RunConsoleAction
12543:             1             32  org.jetbrains.plugins.scala.console.actions.ScalaConsoleExecuteAction
12544:             1             32  org.jetbrains.plugins.scala.console.actions.SendSelectionToConsoleAction
12545:             1             32  org.jetbrains.plugins.scala.conversion.RenameJavaToScalaAction
12546:             1             32  org.jetbrains.plugins.scala.decompileToJava.DecompileScalaToJavaAction
12547:             1             32  org.jetbrains.plugins.scala.editor.documentationProvider.CreateScalaDocStubAction
12548:             1             32  org.jetbrains.plugins.scala.externalHighlighters.CompilerGeneratedState
12549:             1             32  org.jetbrains.plugins.scala.findUsages.compilerReferences.compilation.SbtCompilationSupervisor
12550:             1             32  org.jetbrains.plugins.scala.findUsages.compilerReferences.compilation.SbtCompilationWatcher
12551:             1             32  org.jetbrains.plugins.scala.findUsages.compilerReferences.indices.ScalaCompilerIndices$
12552:             1             32  org.jetbrains.plugins.scala.findUsages.compilerReferences.settings.CompilerIndicesSettings
12553:             1             32  org.jetbrains.plugins.scala.findUsages.factory.ScalaFindUsagesHandlerFactory
12554:             1             32  org.jetbrains.plugins.scala.findUsages.factory.ScalaLocalFindUsagesOptions
12555:             1             32  org.jetbrains.plugins.scala.findUsages.factory.ScalaMemberFindUsagesOptions
12556:             1             32  org.jetbrains.plugins.scala.findUsages.factory.ScalaTypeDefinitionFindUsagesOptions
12557:             1             32  org.jetbrains.plugins.scala.lang.breadcrumbs.ScalaBreadcrumbsInfoProvider$
12558:             2             32  org.jetbrains.plugins.scala.lang.formatting.settings.inference.ScalaDocAsteriskAlignStyleIndexer$$anon$2
12559:             2             32  org.jetbrains.plugins.scala.lang.formatting.settings.migration.CodeStyleSettingsMigrationServiceBase$MyState
12560:             1             32  org.jetbrains.plugins.scala.lang.macros.expansion.ReflectExpansionLineMarkerProvider
12561:             1             32  org.jetbrains.plugins.scala.lang.parser.ScalaElementType$$anon$1
12562:             1             32  org.jetbrains.plugins.scala.lang.parser.ScalaElementType$$anon$10
12563:             1             32  org.jetbrains.plugins.scala.lang.parser.ScalaElementType$$anon$11
12564:             1             32  org.jetbrains.plugins.scala.lang.parser.ScalaElementType$$anon$12
12565:             1             32  org.jetbrains.plugins.scala.lang.parser.ScalaElementType$$anon$13
12566:             1             32  org.jetbrains.plugins.scala.lang.parser.ScalaElementType$$anon$14
12567:             1             32  org.jetbrains.plugins.scala.lang.parser.ScalaElementType$$anon$15
12568:             1             32  org.jetbrains.plugins.scala.lang.parser.ScalaElementType$$anon$16
12569:             1             32  org.jetbrains.plugins.scala.lang.parser.ScalaElementType$$anon$17
12570:             1             32  org.jetbrains.plugins.scala.lang.parser.ScalaElementType$$anon$18
12571:             1             32  org.jetbrains.plugins.scala.lang.parser.ScalaElementType$$anon$19
12572:             1             32  org.jetbrains.plugins.scala.lang.parser.ScalaElementType$$anon$2
12573:             1             32  org.jetbrains.plugins.scala.lang.parser.ScalaElementType$$anon$20
12574:             1             32  org.jetbrains.plugins.scala.lang.parser.ScalaElementType$$anon$21
12575:             1             32  org.jetbrains.plugins.scala.lang.parser.ScalaElementType$$anon$22
12576:             1             32  org.jetbrains.plugins.scala.lang.parser.ScalaElementType$$anon$23
12577:             1             32  org.jetbrains.plugins.scala.lang.parser.ScalaElementType$$anon$24
12578:             1             32  org.jetbrains.plugins.scala.lang.parser.ScalaElementType$$anon$25
12579:             1             32  org.jetbrains.plugins.scala.lang.parser.ScalaElementType$$anon$26
12580:             1             32  org.jetbrains.plugins.scala.lang.parser.ScalaElementType$$anon$27
12581:             1             32  org.jetbrains.plugins.scala.lang.parser.ScalaElementType$$anon$28
12582:             1             32  org.jetbrains.plugins.scala.lang.parser.ScalaElementType$$anon$29
12583:             1             32  org.jetbrains.plugins.scala.lang.parser.ScalaElementType$$anon$3
12584:             1             32  org.jetbrains.plugins.scala.lang.parser.ScalaElementType$$anon$30
12585:             1             32  org.jetbrains.plugins.scala.lang.parser.ScalaElementType$$anon$31
12586:             1             32  org.jetbrains.plugins.scala.lang.parser.ScalaElementType$$anon$32
12587:             1             32  org.jetbrains.plugins.scala.lang.parser.ScalaElementType$$anon$33
12588:             1             32  org.jetbrains.plugins.scala.lang.parser.ScalaElementType$$anon$34
12589:             1             32  org.jetbrains.plugins.scala.lang.parser.ScalaElementType$$anon$35
12590:             1             32  org.jetbrains.plugins.scala.lang.parser.ScalaElementType$$anon$36
12591:             1             32  org.jetbrains.plugins.scala.lang.parser.ScalaElementType$$anon$37
12592:             1             32  org.jetbrains.plugins.scala.lang.parser.ScalaElementType$$anon$38
12593:             1             32  org.jetbrains.plugins.scala.lang.parser.ScalaElementType$$anon$39
12594:             1             32  org.jetbrains.plugins.scala.lang.parser.ScalaElementType$$anon$4
12595:             1             32  org.jetbrains.plugins.scala.lang.parser.ScalaElementType$$anon$40
12596:             1             32  org.jetbrains.plugins.scala.lang.parser.ScalaElementType$$anon$41
12597:             1             32  org.jetbrains.plugins.scala.lang.parser.ScalaElementType$$anon$42
12598:             1             32  org.jetbrains.plugins.scala.lang.parser.ScalaElementType$$anon$43
12599:             1             32  org.jetbrains.plugins.scala.lang.parser.ScalaElementType$$anon$44
12600:             1             32  org.jetbrains.plugins.scala.lang.parser.ScalaElementType$$anon$45
12601:             1             32  org.jetbrains.plugins.scala.lang.parser.ScalaElementType$$anon$46
12602:             1             32  org.jetbrains.plugins.scala.lang.parser.ScalaElementType$$anon$47
12603:             1             32  org.jetbrains.plugins.scala.lang.parser.ScalaElementType$$anon$48
12604:             1             32  org.jetbrains.plugins.scala.lang.parser.ScalaElementType$$anon$49
12605:             1             32  org.jetbrains.plugins.scala.lang.parser.ScalaElementType$$anon$5
12606:             1             32  org.jetbrains.plugins.scala.lang.parser.ScalaElementType$$anon$50
12607:             1             32  org.jetbrains.plugins.scala.lang.parser.ScalaElementType$$anon$51
12608:             1             32  org.jetbrains.plugins.scala.lang.parser.ScalaElementType$$anon$52
12609:             1             32  org.jetbrains.plugins.scala.lang.parser.ScalaElementType$$anon$53
12610:             1             32  org.jetbrains.plugins.scala.lang.parser.ScalaElementType$$anon$54
12611:             1             32  org.jetbrains.plugins.scala.lang.parser.ScalaElementType$$anon$55
12612:             1             32  org.jetbrains.plugins.scala.lang.parser.ScalaElementType$$anon$56
12613:             1             32  org.jetbrains.plugins.scala.lang.parser.ScalaElementType$$anon$57
12614:             1             32  org.jetbrains.plugins.scala.lang.parser.ScalaElementType$$anon$58
12615:             1             32  org.jetbrains.plugins.scala.lang.parser.ScalaElementType$$anon$59
12616:             1             32  org.jetbrains.plugins.scala.lang.parser.ScalaElementType$$anon$6
12617:             1             32  org.jetbrains.plugins.scala.lang.parser.ScalaElementType$$anon$60
12618:             1             32  org.jetbrains.plugins.scala.lang.parser.ScalaElementType$$anon$61
12619:             1             32  org.jetbrains.plugins.scala.lang.parser.ScalaElementType$$anon$62
12620:             1             32  org.jetbrains.plugins.scala.lang.parser.ScalaElementType$$anon$63
12621:             1             32  org.jetbrains.plugins.scala.lang.parser.ScalaElementType$$anon$64
12622:             1             32  org.jetbrains.plugins.scala.lang.parser.ScalaElementType$$anon$65
12623:             1             32  org.jetbrains.plugins.scala.lang.parser.ScalaElementType$$anon$66
12624:             1             32  org.jetbrains.plugins.scala.lang.parser.ScalaElementType$$anon$67
12625:             1             32  org.jetbrains.plugins.scala.lang.parser.ScalaElementType$$anon$68
12626:             1             32  org.jetbrains.plugins.scala.lang.parser.ScalaElementType$$anon$69
12627:             1             32  org.jetbrains.plugins.scala.lang.parser.ScalaElementType$$anon$7
12628:             1             32  org.jetbrains.plugins.scala.lang.parser.ScalaElementType$$anon$70
12629:             1             32  org.jetbrains.plugins.scala.lang.parser.ScalaElementType$$anon$71
12630:             1             32  org.jetbrains.plugins.scala.lang.parser.ScalaElementType$$anon$72
12631:             1             32  org.jetbrains.plugins.scala.lang.parser.ScalaElementType$$anon$73
12632:             1             32  org.jetbrains.plugins.scala.lang.parser.ScalaElementType$$anon$74
12633:             1             32  org.jetbrains.plugins.scala.lang.parser.ScalaElementType$$anon$75
12634:             1             32  org.jetbrains.plugins.scala.lang.parser.ScalaElementType$$anon$76
12635:             1             32  org.jetbrains.plugins.scala.lang.parser.ScalaElementType$$anon$77
12636:             1             32  org.jetbrains.plugins.scala.lang.parser.ScalaElementType$$anon$78
12637:             1             32  org.jetbrains.plugins.scala.lang.parser.ScalaElementType$$anon$79
12638:             1             32  org.jetbrains.plugins.scala.lang.parser.ScalaElementType$$anon$8
12639:             1             32  org.jetbrains.plugins.scala.lang.parser.ScalaElementType$$anon$80
12640:             1             32  org.jetbrains.plugins.scala.lang.parser.ScalaElementType$$anon$81
12641:             1             32  org.jetbrains.plugins.scala.lang.parser.ScalaElementType$$anon$82
12642:             1             32  org.jetbrains.plugins.scala.lang.parser.ScalaElementType$$anon$83
12643:             1             32  org.jetbrains.plugins.scala.lang.parser.ScalaElementType$$anon$84
12644:             1             32  org.jetbrains.plugins.scala.lang.parser.ScalaElementType$$anon$85
12645:             1             32  org.jetbrains.plugins.scala.lang.parser.ScalaElementType$$anon$86
12646:             1             32  org.jetbrains.plugins.scala.lang.parser.ScalaElementType$$anon$87
12647:             1             32  org.jetbrains.plugins.scala.lang.parser.ScalaElementType$$anon$88
12648:             1             32  org.jetbrains.plugins.scala.lang.parser.ScalaElementType$$anon$89
12649:             1             32  org.jetbrains.plugins.scala.lang.parser.ScalaElementType$$anon$9
12650:             1             32  org.jetbrains.plugins.scala.lang.parser.ScalaElementType$$anon$90
12651:             1             32  org.jetbrains.plugins.scala.lang.parser.ScalaElementType$$anon$91
12652:             1             32  org.jetbrains.plugins.scala.lang.parser.ScalaElementType$$anon$92
12653:             1             32  org.jetbrains.plugins.scala.lang.parser.ScalaElementType$$anon$93
12654:             1             32  org.jetbrains.plugins.scala.lang.parser.ScalaElementType$$anon$94
12655:             1             32  org.jetbrains.plugins.scala.lang.parser.ScalaElementType$$anon$95
12656:             1             32  org.jetbrains.plugins.scala.lang.parser.ScalaElementType$$anon$96
12657:             1             32  org.jetbrains.plugins.scala.lang.parser.ScalaElementType$$anon$97
12658:             1             32  org.jetbrains.plugins.scala.lang.parser.ScalaElementType$$anon$98
12659:             1             32  org.jetbrains.plugins.scala.lang.parser.ScalaElementType$$anon$99
12660:             1             32  org.jetbrains.plugins.scala.lang.parser.ScalaElementType$StringLiteral$
12661:             1             32  org.jetbrains.plugins.scala.lang.parser.parsing.ParserState$
12662:             1             32  org.jetbrains.plugins.scala.lang.psi.impl.ScalaPsiManager$$anon$2
12663:             1             32  org.jetbrains.plugins.scala.lang.psi.implicits.ImplicitCollectorCache
12664:             1             32  org.jetbrains.plugins.scala.lang.psi.stubs.elements.FunctionDeclaration$
12665:             1             32  org.jetbrains.plugins.scala.lang.psi.stubs.elements.FunctionDefinition$
12666:             1             32  org.jetbrains.plugins.scala.lang.psi.stubs.elements.MacroDefinition$
12667:             1             32  org.jetbrains.plugins.scala.lang.psi.stubs.elements.ScAccessModifierElementType
12668:             1             32  org.jetbrains.plugins.scala.lang.psi.stubs.elements.ScAnnotationElementType
12669:             1             32  org.jetbrains.plugins.scala.lang.psi.stubs.elements.ScAnnotationsElementType
12670:             1             32  org.jetbrains.plugins.scala.lang.psi.stubs.elements.ScEarlyDefinitionsElementType
12671:             1             32  org.jetbrains.plugins.scala.lang.psi.stubs.elements.ScExtendsBlockElementType
12672:             1             32  org.jetbrains.plugins.scala.lang.psi.stubs.elements.ScFieldIdElementType
12673:             1             32  org.jetbrains.plugins.scala.lang.psi.stubs.elements.ScIdListElementType
12674:             1             32  org.jetbrains.plugins.scala.lang.psi.stubs.elements.ScImportExprElementType
12675:             1             32  org.jetbrains.plugins.scala.lang.psi.stubs.elements.ScImportSelectorElementType
12676:             1             32  org.jetbrains.plugins.scala.lang.psi.stubs.elements.ScImportSelectorsElementType
12677:             1             32  org.jetbrains.plugins.scala.lang.psi.stubs.elements.ScModifiersElementType
12678:             1             32  org.jetbrains.plugins.scala.lang.psi.stubs.elements.ScNamingPatternElementType$
12679:             1             32  org.jetbrains.plugins.scala.lang.psi.stubs.elements.ScPackagingElementType$
12680:             1             32  org.jetbrains.plugins.scala.lang.psi.stubs.elements.ScPatternListElementType
12681:             1             32  org.jetbrains.plugins.scala.lang.psi.stubs.elements.ScPrimaryConstructorElementType
12682:             1             32  org.jetbrains.plugins.scala.lang.psi.stubs.elements.ScReferencePatternElementType$
12683:             1             32  org.jetbrains.plugins.scala.lang.psi.stubs.elements.ScSelfTypeElementElementType
12684:             1             32  org.jetbrains.plugins.scala.lang.psi.stubs.elements.ScTemplateBodyElementType
12685:             1             32  org.jetbrains.plugins.scala.lang.psi.stubs.elements.ScTemplateParentsElementType
12686:             1             32  org.jetbrains.plugins.scala.lang.psi.stubs.elements.ScTypeAliasDeclarationElementType
12687:             1             32  org.jetbrains.plugins.scala.lang.psi.stubs.elements.ScTypeAliasDefinitionElementType
12688:             1             32  org.jetbrains.plugins.scala.lang.psi.stubs.elements.ScTypeParamClauseElementType
12689:             1             32  org.jetbrains.plugins.scala.lang.psi.stubs.elements.ScTypeParamElementType
12690:             1             32  org.jetbrains.plugins.scala.lang.psi.stubs.elements.ScTypedPatternElementType$
12691:             1             32  org.jetbrains.plugins.scala.lang.psi.stubs.elements.ValueDeclaration$
12692:             1             32  org.jetbrains.plugins.scala.lang.psi.stubs.elements.ValueDefinition$
12693:             1             32  org.jetbrains.plugins.scala.lang.psi.stubs.elements.VariableDeclaration$
12694:             1             32  org.jetbrains.plugins.scala.lang.psi.stubs.elements.VariableDefinition$
12695:             1             32  org.jetbrains.plugins.scala.lang.psi.stubs.elements.signatures.ScClassParameterElementType
12696:             1             32  org.jetbrains.plugins.scala.lang.psi.stubs.elements.signatures.ScParamClauseElementType
12697:             1             32  org.jetbrains.plugins.scala.lang.psi.stubs.elements.signatures.ScParamClausesElementType
12698:             1             32  org.jetbrains.plugins.scala.lang.psi.stubs.elements.signatures.ScParameterElementType
12699:             1             32  org.jetbrains.plugins.scala.lang.transformation.DesugarCodeAction
12700:             1             32  org.jetbrains.plugins.scala.performanceTests.actions.CleanCachesAction
12701:             2             32  org.jetbrains.plugins.scala.project.notification.AbstractNotificationProvider$$Lambda$3683/0x000000080210d840
12702:             1             32  org.jetbrains.plugins.scala.project.settings.ScalaCompilerConfiguration
12703:             1             32  org.jetbrains.plugins.scala.project.settings.ScalaCompilerSettingsProfile
12704:             1             32  org.jetbrains.plugins.scala.testDiscovery.actions.ScalaShowAffectedTestsAction
12705:             2             32  org.jetbrains.plugins.scala.testingSupport.test.scalatest.ScalaTestConfigurationProducer
12706:             2             32  org.jetbrains.plugins.scala.testingSupport.test.specs2.Specs2ConfigurationProducer
12707:             2             32  org.jetbrains.plugins.scala.testingSupport.test.utest.UTestConfigurationProducer
12708:             1             32  org.jetbrains.plugins.scala.worksheet.WorksheetLanguage
12709:             1             32  org.jetbrains.plugins.scala.worksheet.actions.CreateLightWorksheetAction
12710:             1             32  org.jetbrains.plugins.scala.worksheet.ammonite.AmmoniteScriptWrappersHolder
12711:             1             32  org.jetbrains.plugins.scala.worksheet.ammonite.AmmoniteScriptWrappersHolder$
12712:             1             32  org.jetbrains.plugins.scalaDoc.ScalaDocLanguage
12713:             1             32  org.jetbrains.plugins.scss.SCSSLanguage
12714:             1             32  org.jetbrains.plugins.stylus.StylusLanguage
12715:             1             32  org.jetbrains.plugins.terminal.action.GotoSplitTerminalActionBase$Next
12716:             1             32  org.jetbrains.plugins.terminal.action.GotoSplitTerminalActionBase$Prev
12717:             1             32  org.jetbrains.plugins.terminal.action.MoveTerminalSessionToEditorAction
12718:             1             32  org.jetbrains.plugins.terminal.action.MoveTerminalToolWindowTabLeftAction
12719:             1             32  org.jetbrains.plugins.terminal.action.MoveTerminalToolWindowTabRightAction
12720:             1             32  org.jetbrains.plugins.terminal.action.RevealFileInTerminalAction
12721:             1             32  org.jetbrains.plugins.terminal.action.TerminalSplitActionBase$Horizontal
12722:             1             32  org.jetbrains.plugins.terminal.action.TerminalSplitActionBase$Vertical
12723:             1             32  org.jetbrains.plugins.terminal.action.TerminalSwitchFocusToEditorAction
12724:             2             32  org.jetbrains.plugins.textmate.bundles.Bundle$BundleFilesFilter
12725:             1             32  org.jetbrains.plugins.textmate.language.TextMateLanguage
12726:             1             32  org.jetbrains.plugins.textmate.language.preferences.PreferencesRegistry
12727:             1             32  org.jetbrains.sbt.codeInsight.template.SbtLiveTemplateContextType
12728:             1             32  org.jetbrains.sbt.language.SbtLanguage
12729:             2             32  org.jetbrains.sbt.project.settings.SbtProjectSettingsListenerAdapter
12730:             1             32  org.jetbrains.sbt.shell.SbtShellLanguage$
12731:             1             32  org.jetbrains.sbt.shell.action.InspectSettingAction
12732:             1             32  org.jetbrains.sbt.shell.action.InspectTaskAction
12733:             1             32  org.jetbrains.sbt.shell.action.RunCommandAction
12734:             1             32  org.jetbrains.sbt.shell.action.RunTaskAction
12735:             1             32  org.jetbrains.sbt.shell.action.SbtHelpAction
12736:             1             32  org.jetbrains.sbt.shell.action.ShowSettingAction
12737:             1             32  org.jetbrains.sbt.shell.action.ShowTaskAction
12738:             1             32  org.jetbrains.settingsRepository.actions.ConfigureIcsAction
12739:             1             32  org.jetbrains.settingsRepository.actions.MergeAction
12740:             1             32  org.jetbrains.settingsRepository.actions.ResetToMyAction
12741:             1             32  org.jetbrains.settingsRepository.actions.ResetToTheirsAction
12742:             1             32  org.jetbrains.uast.UastFacade$language$1
12743:             1             32  org.jetbrains.w3validators.css.W3CssValidatorInspection
12744:             1             32  org.jetbrains.yaml.YAMLLanguage
12745:             1             32  org.jetbrains.yaml.smart.YAMLSmartOptionsProvider
12746:             1             32  org.languagetool.rules.CompoundRuleData
12747:             2             32  org.languagetool.rules.DateRangeChecker
12748:             2             32  org.languagetool.rules.YMDDateHelper
12749:             1             32  org.languagetool.rules.spelling.morfologik.MorfologikMultiSpeller$BufferedReaderWithSource
12750:             1             32  org.languagetool.tagging.CombiningTagger
12751:             2             32  org.languagetool.tagging.ManualTagger
12752:             2             32  org.languagetool.tagging.en.NoDisambiguationEnglishPartialPosTagFilter
12753:             1             32  org.osmorc.facet.OsgiCoreLibraryType
12754:             1             32  org.osmorc.facet.OsmorcFacetType
12755:             1             32  org.osmorc.facet.OsmorcFrameworkDetector
12756:             1             32  org.osmorc.settings.ProjectSettings
12757:             2             32  org.owasp.html.HtmlElementTables$DenseElementSet
12758:             1             32  org.zmlx.hg4idea.action.HgAbortRebaseAction
12759:             1             32  org.zmlx.hg4idea.action.HgCompareWithBranchAction
12760:             1             32  org.zmlx.hg4idea.action.HgContinueGraftAction
12761:             1             32  org.zmlx.hg4idea.action.HgContinueRebaseAction
12762:             1             32  org.zmlx.hg4idea.action.HgCreateNewBranchFromLogAction
12763:             1             32  org.zmlx.hg4idea.action.HgCreateTagAction
12764:             1             32  org.zmlx.hg4idea.action.HgCreateTagFromLogAction
12765:             1             32  org.zmlx.hg4idea.action.HgInit
12766:             1             32  org.zmlx.hg4idea.action.HgMarkResolved
12767:             1             32  org.zmlx.hg4idea.action.HgMerge
12768:             1             32  org.zmlx.hg4idea.action.HgMergeWithRevisionFromLog
12769:             1             32  org.zmlx.hg4idea.action.HgPullAction
12770:             1             32  org.zmlx.hg4idea.action.HgRunConflictResolverAction
12771:             1             32  org.zmlx.hg4idea.action.HgUpdateToAction
12772:             1             32  org.zmlx.hg4idea.action.HgUpdateToFromLogAction
12773:             1             32  org.zmlx.hg4idea.action.mq.HgQFinishFromLogAction
12774:             1             32  org.zmlx.hg4idea.action.mq.HgQFoldActionFromPatches
12775:             1             32  org.zmlx.hg4idea.action.mq.HgQGotoActionFromMqPatches
12776:             1             32  org.zmlx.hg4idea.action.mq.HgQGotoFromLogAction
12777:             1             32  org.zmlx.hg4idea.action.mq.HgQImportFromLogAction
12778:             1             32  org.zmlx.hg4idea.action.mq.HgQPushActionFromPatches
12779:             1             32  org.zmlx.hg4idea.action.mq.HgQRenameFromLogAction
12780:             1             32  org.zmlx.hg4idea.action.mq.HgShowUnAppliedPatchesAction
12781:             1             32  org.zmlx.hg4idea.branch.HgBranchesAction
12782:             1             32  org.zmlx.hg4idea.repo.HgRepositoryManager
12783:             2             32  scala.collection.immutable.Set$Set1
12784:             1             32  scala.collection.immutable.Set$Set4
12785:             1             32  scala.math.BigDecimal$
12786:             1             32  scala.math.BigInt$
12787:             1             32  scala.meta.intellij.editor.MetaExpansionLineMarkerProvider
12788:             1             32  scala.reflect.ManifestFactory$AnyManifest
12789:             1             32  scala.reflect.ManifestFactory$AnyValPhantomManifest
12790:             1             32  scala.reflect.ManifestFactory$NothingManifest
12791:             1             32  scala.reflect.ManifestFactory$NullManifest
12792:             1             32  scala.reflect.ManifestFactory$ObjectManifest
12793:             1             32  scala.reflect.NameTransformer$
12794:             1             32  scala.sys.SystemProperties$
12795:             1             32  sun.awt.PostEventQueue (java.desktop@11.0.7)
12796:             1             32  sun.awt.image.FetcherInfo (java.desktop@11.0.7)
12797:             1             32  sun.font.GlyphLayout$GVData (java.desktop@11.0.7)
12798:             1             32  sun.font.TextRecord (java.desktop@11.0.7)
12799:             2             32  sun.font.TrueTypeFont$TTDisposerRecord (java.desktop@11.0.7)
12800:             1             32  sun.instrument.InstrumentationImpl (java.instrument@11.0.7)
12801:             1             32  sun.java2d.ReentrantContextProvider$HardReference (java.desktop@11.0.7)
12802:             1             32  sun.java2d.opengl.OGLRenderQueue$QueueFlusher (java.desktop@11.0.7)
12803:             1             32  sun.java2d.opengl.OGLRenderer (java.desktop@11.0.7)
12804:             2             32  sun.java2d.pipe.PixelToShapeConverter (java.desktop@11.0.7)
12805:             2             32  sun.java2d.pipe.SpanShapeRenderer$Composite (java.desktop@11.0.7)
12806:             2             32  sun.lwawt.LWRepaintArea (java.desktop@11.0.7)
12807:             1             32  sun.lwawt.macosx.CToolkitThreadBlockedHandler (java.desktop@11.0.7)
12808:             1             32  sun.management.NotificationEmitterSupport$ListenerInfo (java.management@11.0.7)
12809:             1             32  sun.net.www.http.KeepAliveStreamCleaner (java.base@11.0.7)
12810:             1             32  sun.net.www.protocol.https.Handler (java.base@11.0.7)
12811:             1             32  sun.nio.ch.FileKey (java.base@11.0.7)
12812:             1             32  sun.nio.ch.FileLockTable$FileLockReference (java.base@11.0.7)
12813:             2             32  sun.nio.ch.SocketDispatcher (java.base@11.0.7)
12814:             1             32  sun.nio.cs.StandardCharsets (java.base@11.0.7)
12815:             1             32  sun.nio.fs.MacOSXFileSystem (java.base@11.0.7)
12816:             2             32  sun.reflect.generics.tree.ArrayTypeSignature (java.base@11.0.7)
12817:             1             32  sun.rmi.transport.DGCImpl$LeaseInfo (java.rmi@11.0.7)
12818:             2             32  sun.rmi.transport.DGCImpl_Stub (java.rmi@11.0.7)
12819:             1             32  sun.rmi.transport.tcp.TCPTransport (java.rmi@11.0.7)
12820:             1             32  sun.rmi.transport.tcp.TCPTransport$AcceptLoop (java.rmi@11.0.7)
12821:             2             32  sun.security.provider.FileInputStreamPool$UnclosableInputStream (java.base@11.0.7)
12822:             1             32  sun.security.provider.SecureRandom (java.base@11.0.7)
12823:             2             32  sun.security.ssl.AbstractTrustManagerWrapper (java.base@11.0.7)
12824:             2             32  sun.security.ssl.AlpnExtension$SHAlpnAbsence (java.base@11.0.7)
12825:             2             32  sun.security.ssl.AlpnExtension$SHAlpnConsumer (java.base@11.0.7)
12826:             2             32  sun.security.ssl.AlpnExtension$SHAlpnProducer (java.base@11.0.7)
12827:             2             32  sun.security.ssl.DHKeyExchange$DHEKAGenerator (java.base@11.0.7)
12828:             2             32  sun.security.ssl.DHKeyExchange$DHEPossessionGenerator (java.base@11.0.7)
12829:             2             32  sun.security.ssl.SSLAlgorithmDecomposer (java.base@11.0.7)
12830:             2             32  sun.security.ssl.SSLCipher$NullReadCipherGenerator (java.base@11.0.7)
12831:             2             32  sun.security.ssl.SSLCipher$NullWriteCipherGenerator (java.base@11.0.7)
12832:             2             32  sun.security.ssl.SSLCipher$T12GcmReadCipherGenerator (java.base@11.0.7)
12833:             2             32  sun.security.ssl.SSLCipher$T12GcmWriteCipherGenerator (java.base@11.0.7)
12834:             2             32  sun.security.ssl.SSLCipher$T13GcmReadCipherGenerator (java.base@11.0.7)
12835:             2             32  sun.security.ssl.SSLCipher$T13GcmWriteCipherGenerator (java.base@11.0.7)
12836:             2             32  sun.security.ssl.SSLSocketFactoryImpl (java.base@11.0.7)
12837:             2             32  sun.security.ssl.ServerHello$T12ServerHelloConsumer (java.base@11.0.7)
12838:             2             32  sun.security.ssl.ServerHello$T13HelloRetryRequestConsumer (java.base@11.0.7)
12839:             2             32  sun.security.ssl.ServerHello$T13ServerHelloConsumer (java.base@11.0.7)
12840:             2             32  sun.security.ssl.SessionId (java.base@11.0.7)
12841:             2             32  sun.security.ssl.SupportedVersionsExtension$SHSupportedVersionsStringizer (java.base@11.0.7)
12842:             2             32  sun.security.util.HostnameChecker (java.base@11.0.7)
12843:             1             32  sun.security.util.math.intpoly.IntegerPolynomialP256 (java.base@11.0.7)
12844:             1             32  sun.security.util.math.intpoly.IntegerPolynomialP384 (java.base@11.0.7)
12845:             1             32  sun.security.util.math.intpoly.IntegerPolynomialP521 (java.base@11.0.7)
12846:             1             32  sun.security.util.math.intpoly.P256OrderField (java.base@11.0.7)
12847:             1             32  sun.security.util.math.intpoly.P384OrderField (java.base@11.0.7)
12848:             1             32  sun.security.util.math.intpoly.P521OrderField (java.base@11.0.7)
12849:             1             32  sun.security.x509.IssuerAlternativeNameExtension (java.base@11.0.7)
12850:             1             32  sun.security.x509.PrivateKeyUsageExtension (java.base@11.0.7)
12851:             2             32  sun.text.normalizer.Norm2AllModes$DecomposeNormalizer2 (java.base@11.0.7)
12852:             2             32  sun.text.normalizer.NormalizerBase$ModeImpl (java.base@11.0.7)
12853:             1             32  sun.text.normalizer.UBiDiProps (java.base@11.0.7)
12854:             1             24  [Lcom.android.flags.ImmutableFlagOverrides;
12855:             1             24  [Lcom.android.tools.idea.compose.preview.PreviewElementFinder;
12856:             1             24  [Lcom.android.tools.idea.databinding.DataBindingSupport;
12857:             1             24  [Lcom.android.tools.idea.profiling.capture.CaptureType;
12858:             1             24  [Lcom.android.tools.idea.projectsystem.AndroidProjectSystemProvider;
12859:             1             24  [Lcom.android.tools.idea.run.editor.AndroidDebugger;
12860:             1             24  [Lcom.android.tools.idea.run.util.SwapInfo$SwapType;
12861:             1             24  [Lcom.apple.eawt.QuitStrategy; (java.desktop@11.0.7)
12862:             1             24  [Lcom.fasterxml.jackson.databind.deser.KeyDeserializers;
12863:             1             24  [Lcom.google.common.cache.CacheBuilder$NullListener;
12864:             1             24  [Lcom.google.common.cache.CacheBuilder$OneWeigher;
12865:             1             24  [Lcom.google.common.cache.LocalCache$NullEntry;
12866:             1             24  [Lcom.google.common.util.concurrent.DirectExecutor;
12867:             1             24  [Lcom.google.gson.LongSerializationPolicy;
12868:             1             24  [Lcom.google.gson.LongSerializationPolicy;
12869:             1             24  [Lcom.intellij.codeInsight.breadcrumbs.FileBreadcrumbsCollector;
12870:             1             24  [Lcom.intellij.codeInsight.daemon.ProjectSdkSetupValidator;
12871:             1             24  [Lcom.intellij.codeInsight.daemon.impl.HighlightRangeExtension;
12872:             1             24  [Lcom.intellij.codeInsight.daemon.impl.TrafficLightRendererContributor;
12873:             1             24  [Lcom.intellij.codeInsight.daemon.impl.actions.GotoElementUnderCaretUsageBase$Direction;
12874:             1             24  [Lcom.intellij.codeInsight.hints.InlayHintsProviderFactory;
12875:             1             24  [Lcom.intellij.codeInsight.navigation.AbstractDocumentationTooltipAction;
12876:             1             24  [Lcom.intellij.codeInsight.preview.ElementPreviewProvider;
12877:             1             24  [Lcom.intellij.codeInsight.template.impl.DefaultLiveTemplatesProvider;
12878:             1             24  [Lcom.intellij.codeInspection.AnonymousHasLambdaAlternativeInspection$AnonymousLambdaAlternative;
12879:             1             24  [Lcom.intellij.codeInspection.InspectionToolProvider;
12880:             1             24  [Lcom.intellij.codeInspection.SimplifyOptionalCallChainsInspection$OrElseType;
12881:             1             24  [Lcom.intellij.codeInspection.SimplifyOptionalCallChainsInspection$RewrappingCase$Type;
12882:             1             24  [Lcom.intellij.codeInspection.java18StreamApi.PseudoLambdaReplaceTemplate$LambdaRole;
12883:             1             24  [Lcom.intellij.codeInspection.lang.InspectionExtensionsFactory;
12884:             1             24  [Lcom.intellij.compiler.impl.javaCompiler.BackendCompiler;
12885:             1             24  [Lcom.intellij.concurrency.JobLauncherImpl$VoidForkJoinTask$Status;
12886:             1             24  [Lcom.intellij.configurationStore.StreamProviderFactory;
12887:             1             24  [Lcom.intellij.database.console.runConfiguration.DatabaseScriptRunConfigurationOptions$Mode;
12888:             1             24  [Lcom.intellij.database.console.session.GlobalSessionStateListener$SessionSearchStrategy;
12889:             1             24  [Lcom.intellij.database.csv.CsvFormat;
12890:             1             24  [Lcom.intellij.database.csv.CsvRecordFormat$QuotationPolicy;
12891:             1             24  [Lcom.intellij.database.dialects.oracle.debugger.SteppingMode;
12892:             1             24  [Lcom.intellij.database.settings.DatabaseParameterPatternProvider;
12893:             1             24  [Lcom.intellij.diagnostic.DebugLogManager$DebugLogLevel;
12894:             1             24  [Lcom.intellij.diff.util.Side;
12895:             1             24  [Lcom.intellij.dmserver.facet.DMCompositeType;
12896:             1             24  [Lcom.intellij.docker.remoteDebug.RemoteServerRequestAdapterFactory;
12897:             1             24  [Lcom.intellij.dvcs.branch.GroupingKey;
12898:             1             24  [Lcom.intellij.execution.Platform;
12899:             1             24  [Lcom.intellij.execution.actions.MultipleRunLocationsProvider;
12900:             1             24  [Lcom.intellij.execution.dashboard.RunDashboardDefaultTypesProvider;
12901:             1             24  [Lcom.intellij.execution.impl.RunConfigurationTemplateProvider;
12902:             1             24  [Lcom.intellij.execution.target.TargetPlatform$Arch;
12903:             1             24  [Lcom.intellij.ide.actions.CopyReferenceAction$VirtualFileQualifiedNameProvider;
12904:             1             24  [Lcom.intellij.ide.actions.runAnything.activity.RunAnythingNotifiableProvider$ExecutionStatus;
12905:             1             24  [Lcom.intellij.ide.highlighter.FileTypeRegistrar;
12906:             1             24  [Lcom.intellij.ide.ui.UIThemeProvider;
12907:             1             24  [Lcom.intellij.ide.ui.customization.CustomizableActionGroupProvider;
12908:             1             24  [Lcom.intellij.ide.util.newProjectWizard.impl.FrameworkSupportCommunicator;
12909:             1             24  [Lcom.intellij.internal.statistic.eventLog.StatisticsEventLoggerProvider;
12910:             1             24  [Lcom.intellij.javaee.ExternalResourceManagerEx$XMLSchemaVersion;
12911:             1             24  [Lcom.intellij.javaee.StandardResourceEP;
12912:             1             24  [Lcom.intellij.jps.impl.JpsPluginBean;
12913:             1             24  [Lcom.intellij.json.navigation.JsonQualifiedNameKind;
12914:             1             24  [Lcom.intellij.lang.ExternalAnnotatorsFilter;
12915:             1             24  [Lcom.intellij.lang.LanguageFormattingRestriction;
12916:             1             24  [Lcom.intellij.lang.cacheBuilder.CacheBuilderEP;
12917:             1             24  [Lcom.intellij.lang.css.CssDialect;
12918:             1             24  [Lcom.intellij.lang.javascript.buildTools.base.JsbtSortingMode;
12919:             1             24  [Lcom.intellij.lang.javascript.flex.run.FlashRunnerParameters$AirMobileDebugTransport;
12920:             1             24  [Lcom.intellij.lang.javascript.flex.run.FlashRunnerParameters$AppDescriptorForEmulator;
12921:             1             24  [Lcom.intellij.lang.javascript.index.JSImplicitElementsIndexFileTypeProvider;
12922:             1             24  [Lcom.intellij.lang.javascript.linter.LinterSaveActionsManager$LinterSaveAction;
12923:             1             24  [Lcom.intellij.lang.javascript.service.JSLanguageServiceProvider;
12924:             1             24  [Lcom.intellij.model.psi.ImplicitReferenceProvider;
12925:             1             24  [Lcom.intellij.model.psi.PsiSymbolDeclarationProvider;
12926:             1             24  [Lcom.intellij.openapi.actionSystem.KeyboardGestureAction$ModifierType;
12927:             1             24  [Lcom.intellij.openapi.actionSystem.impl.BundledQuickListsProvider;
12928:             1             24  [Lcom.intellij.openapi.application.impl.ExecutionThread;
12929:             1             24  [Lcom.intellij.openapi.components.StateStorageOperation;
12930:             1             24  [Lcom.intellij.openapi.components.StorageScheme;
12931:             1             24  [Lcom.intellij.openapi.diagnostic.ErrorLogger;
12932:             1             24  [Lcom.intellij.openapi.diagnostic.Logger;
12933:             1             24  [Lcom.intellij.openapi.editor.actions.MoveCaretLeftOrRightHandler$Direction;
12934:             1             24  [Lcom.intellij.openapi.editor.impl.softwrap.mapping.SoftWrapApplianceManager$IndentType;
12935:             1             24  [Lcom.intellij.openapi.editor.markup.HighlighterTargetArea;
12936:             1             24  [Lcom.intellij.openapi.extensions.impl.ExtensionPointImpl$ExtensionEvent;
12937:             1             24  [Lcom.intellij.openapi.fileEditor.FileDocumentManagerListener;
12938:             1             24  [Lcom.intellij.openapi.fileEditor.impl.LoadTextUtil$AutoDetectionReason;
12939:             1             24  [Lcom.intellij.openapi.ide.CutElementMarker;
12940:             1             24  [Lcom.intellij.openapi.progress.impl.ProgressRunner$ThreadToUse;
12941:             1             24  [Lcom.intellij.openapi.roots.TestSourcesFilter;
12942:             1             24  [Lcom.intellij.openapi.roots.ui.configuration.projectRoot.ModuleStructureExtension;
12943:             1             24  [Lcom.intellij.openapi.ui.DialogWrapper$DialogStyle;
12944:             1             24  [Lcom.intellij.openapi.ui.popup.Balloon$Layer;
12945:             1             24  [Lcom.intellij.openapi.util.Bitness;
12946:             1             24  [Lcom.intellij.openapi.util.IconPathPatcher;
12947:             1             24  [Lcom.intellij.openapi.util.LowMemoryWatcher$LowMemoryWatcherType;
12948:             1             24  [Lcom.intellij.openapi.vcs.RemoteDifferenceStrategy;
12949:             1             24  [Lcom.intellij.openapi.vcs.VcsConfiguration$StandardConfirmation;
12950:             1             24  [Lcom.intellij.openapi.vcs.VcsRootChecker;
12951:             1             24  [Lcom.intellij.openapi.vcs.VcsRootError$Type;
12952:             1             24  [Lcom.intellij.openapi.vcs.changes.ChangeListManagerSerialization$RevisionSide;
12953:             1             24  [Lcom.intellij.openapi.vcs.changes.IgnoredFileContentProvider;
12954:             1             24  [Lcom.intellij.openapi.vcs.changes.VcsIgnoredFilesHolder$Provider;
12955:             1             24  [Lcom.intellij.openapi.vcs.impl.ContentRevisionCache$UniqueType;
12956:             1             24  [Lcom.intellij.openapi.wm.IdeRootPaneNorthExtension;
12957:             1             24  [Lcom.intellij.patterns.ElementPatternBean;
12958:             1             24  [Lcom.intellij.profiler.linux.KernelVariable;
12959:             1             24  [Lcom.intellij.psi.PsiReferenceProviderBean;
12960:             1             24  [Lcom.intellij.psi.codeStyle.CodeStyleSettings$HtmlTagNewLineStyle;
12961:             1             24  [Lcom.intellij.psi.css.EmbeddedCssProvider;
12962:             1             24  [Lcom.intellij.psi.css.inspections.CssOverwrittenPropertiesInspection$RemoveOverwrittenPropertyQuickfix;
12963:             1             24  [Lcom.intellij.psi.impl.cache.impl.todo.TodoIndexers$ExtraPlaceChecker;
12964:             1             24  [Lcom.intellij.psi.search.IndexPattern;
12965:             1             24  [Lcom.intellij.psi.search.IndexPatternProvider;
12966:             1             24  [Lcom.intellij.psi.search.TodoPattern;
12967:             1             24  [Lcom.intellij.psi.xml.StartTagEndTokenProvider;
12968:             1             24  [Lcom.intellij.remoteServer.ServerType;
12969:             1             24  [Lcom.intellij.spellchecker.dictionary.RuntimeDictionaryProvider;
12970:             1             24  [Lcom.intellij.spring.boot.model.SpringBootModelConfigFileNameContributor;
12971:             1             24  [Lcom.intellij.swagger.codegen.SwConfigurationType;
12972:             1             24  [Lcom.intellij.ui.components.MacScrollBarUI$Style;
12973:             1             24  [Lcom.intellij.ui.icons.ImageType;
12974:             1             24  [Lcom.intellij.ui.paint.EffectPainter2D$Cached;
12975:             1             24  [Lcom.intellij.ui.paint.PaintUtil$ParityMode;
12976:             1             24  [Lcom.intellij.ui.paint.RectanglePainter2D;
12977:             1             24  [Lcom.intellij.ui.paint.RectanglePainter;
12978:             1             24  [Lcom.intellij.util.NotNullFunction;
12979:             1             24  [Lcom.intellij.util.PathUtilRt$Platform;
12980:             1             24  [Lcom.intellij.util.PathUtilRt$Platform;
12981:             1             24  [Lcom.intellij.util.QueryExecutor;
12982:             1             24  [Lcom.intellij.util.concurrency.PlainEdtExecutor;
12983:             1             24  [Lcom.intellij.util.concurrency.QueueProcessor$ThreadToUse;
12984:             1             24  [Lcom.intellij.util.indexing.DumbModeAccessType;
12985:             1             24  [Lcom.intellij.util.indexing.IndexExtension;
12986:             1             24  [Lcom.intellij.util.indexing.IndicesRegistrationResult$IndexState;
12987:             1             24  [Lcom.intellij.util.ui.NSScrollerHelper$ClickBehavior;
12988:             1             24  [Lcom.intellij.util.ui.NSScrollerHelper$Style;
12989:             1             24  [Lcom.intellij.util.ui.UIUtil$FontColor;
12990:             1             24  [Lcom.intellij.vcs.log.VcsLogProvider;
12991:             1             24  [Lcom.intellij.ws.actions.environment.HttpRequestNewEnvironmentFileAction$EnvironmentType;
12992:             1             24  [Lcom.intellij.ws.http.request.run.config.HttpRequestRunType;
12993:             1             24  [Lcom.intellij.xdebugger.evaluation.EvaluationMode;
12994:             1             24  [Lcom.sun.glass.ui.Screen; (javafx.graphics@11.0.7)
12995:             1             24  [Lcom.sun.javafx.css.Combinator; (javafx.graphics@11.0.7)
12996:             1             24  [Lcom.sun.javafx.effect.EffectDirtyBits; (javafx.graphics@11.0.7)
12997:             1             24  [Lcom.sun.javafx.geom.BaseBounds$BoundsType; (javafx.graphics@11.0.7)
12998:             1             24  [Lcom.sun.javafx.scene.layout.region.BorderImageSlices; (javafx.graphics@11.0.7)
12999:             1             24  [Lcom.sun.javafx.webkit.prism.WCGraphicsPrismContext$Type; (javafx.web@11.0.7)
13000:             1             24  [Lcom.sun.org.apache.xerces.internal.utils.XMLSecurityPropertyManager$Property; (java.xml@11.0.7)
13001:             1             24  [Lcom.sun.prism.GraphicsPipeline$ShaderModel; (javafx.graphics@11.0.7)
13002:             1             24  [Lcom.sun.prism.GraphicsPipeline$ShaderType; (javafx.graphics@11.0.7)
13003:             1             24  [Lcom.sun.prism.es2.ES2ResourceFactory; (javafx.graphics@11.0.7)
13004:             1             24  [Lcom.sun.scenario.animation.shared.PulseReceiver; (javafx.graphics@11.0.7)
13005:             1             24  [Lcom.sun.scenario.animation.shared.TimerReceiver; (javafx.graphics@11.0.7)
13006:             1             24  [Lcom.sun.webkit.Disposer$WeakDisposerRecord; (javafx.web@11.0.7)
13007:             1             24  [Lcom.sun.webkit.Timer$Mode; (javafx.web@11.0.7)
13008:             1             24  [Lde.plushnikov.intellij.plugin.extension.LombokHighlightErrorFilter$LombokHighlightFixHook;
13009:             1             24  [Lgit4idea.branch.GitBranchType;
13010:             1             24  [Lgit4idea.config.GitSaveChangesPolicy;
13011:             1             24  [Lgit4idea.config.GitSetupProjectConfig$ConfigVariables;
13012:             1             24  [Lgit4idea.history.GitLogParser$NameStatus;
13013:             1             24  [Ljava.awt.GraphicsConfiguration; (java.desktop@11.0.7)
13014:             1             24  [Ljava.awt.color.ICC_Profile; (java.desktop@11.0.7)
13015:             1             24  [Ljava.io.File$PathStatus; (java.base@11.0.7)
13016:             1             24  [Ljava.lang.CharSequence; (java.base@11.0.7)
13017:             1             24  [Ljava.lang.Float; (java.base@11.0.7)
13018:             1             24  [Ljava.lang.StackWalker$ExtendedOption; (java.base@11.0.7)
13019:             1             24  [Ljava.lang.management.MemoryType; (java.management@11.0.7)
13020:             1             24  [Ljava.lang.reflect.Constructor; (java.base@11.0.7)
13021:             1             24  [Ljava.net.StandardProtocolFamily; (java.base@11.0.7)
13022:             1             24  [Ljava.nio.file.CopyOption; (java.base@11.0.7)
13023:             1             24  [Ljava.nio.file.LinkOption; (java.base@11.0.7)
13024:             1             24  [Ljava.text.AttributedCharacterIterator$Attribute; (java.base@11.0.7)
13025:             1             24  [Ljava.time.temporal.IsoFields$Unit; (java.base@11.0.7)
13026:             1             24  [Ljava.util.Comparators$NaturalOrderComparator; (java.base@11.0.7)
13027:             1             24  [Ljava.util.Locale$Category; (java.base@11.0.7)
13028:             1             24  [Ljavafx.geometry.Orientation; (javafx.graphics@11.0.7)
13029:             1             24  [Ljavafx.scene.layout.BackgroundPosition; (javafx.graphics@11.0.7)
13030:             1             24  [Ljavafx.scene.layout.BackgroundSize; (javafx.graphics@11.0.7)
13031:             1             24  [Ljavafx.scene.layout.BorderWidths; (javafx.graphics@11.0.7)
13032:             1             24  [Ljavafx.scene.layout.CornerRadii; (javafx.graphics@11.0.7)
13033:             1             24  [Ljavafx.scene.paint.Paint; (javafx.graphics@11.0.7)
13034:             1             24  [Ljavafx.scene.paint.Stop; (javafx.graphics@11.0.7)
13035:             1             24  [Ljavafx.scene.shape.FillRule; (javafx.graphics@11.0.7)
13036:             1             24  [Ljavafx.scene.text.FontPosture; (javafx.graphics@11.0.7)
13037:             1             24  [Ljavafx.scene.text.FontSmoothingType; (javafx.graphics@11.0.7)
13038:             1             24  [Ljavax.net.ssl.KeyManager; (java.base@11.0.7)
13039:             1             24  [Ljavax.net.ssl.TrustManager; (java.base@11.0.7)
13040:             1             24  [Ljavax.swing.UIDefaults; (java.desktop@11.0.7)
13041:             1             24  [Ljavax.swing.text.html.StyleSheet$BoxPainter$HorizontalMargin; (java.desktop@11.0.7)
13042:             1             24  [Lkotlin.io.FileWalkDirection;
13043:             1             24  [Lkotlin.reflect.jvm.internal.KDeclarationContainerImpl$MemberBelonginess;
13044:             1             24  [Lkotlin.reflect.jvm.internal.impl.load.java.components.TypeUsage;
13045:             1             24  [Lkotlin.reflect.jvm.internal.impl.load.java.structure.LightClassOriginKind;
13046:             1             24  [Lorg.antlr.v4.runtime.atn.ATNDeserializer$UnicodeDeserializingMode;
13047:             1             24  [Lorg.antlr.v4.runtime.atn.ATNType;
13048:             1             24  [Lorg.apache.xerces.impl.xpath.regex.RegularExpression$ClosureContext;
13049:             1             24  [Lorg.apache.xerces.impl.xs.XSParticleDecl;
13050:             1             24  [Lorg.intellij.lang.xpath.context.XPathVersion;
13051:             1             24  [Lorg.intellij.lang.xpath.xslt.run.XsltRunConfiguration$JdkChoice;
13052:             1             24  [Lorg.intellij.markdown.parser.markerblocks.MarkerBlock$EventAction;
13053:             1             24  [Lorg.intellij.plugins.markdown.extensions.MarkdownCodeFencePluginGeneratingProvider;
13054:             1             24  [Lorg.intellij.plugins.markdown.injection.CodeFenceLanguageProvider;
13055:             1             24  [Lorg.intellij.plugins.markdown.injection.LanguageGuesser;
13056:             1             24  [Lorg.intellij.plugins.markdown.lang.psi.MarkdownPsiFactory;
13057:             1             24  [Lorg.jetbrains.idea.maven.server.MavenServerSettings$UpdatePolicy;
13058:             1             24  [Lorg.jetbrains.idea.reposearch.DependencySearchProvidersFactory;
13059:             1             24  [Lorg.jetbrains.kotlin.idea.configuration.BuildSystemTypeDetector;
13060:             1             24  [Lorg.jetbrains.kotlin.idea.configuration.ExperimentalFeature;
13061:             1             24  [Lorg.jetbrains.kotlin.idea.core.script.configuration.listener.ScriptChangeListener;
13062:             1             24  [Lorg.jetbrains.kotlin.idea.facet.KotlinVersionInfoProvider;
13063:             1             24  [Lorg.jetbrains.kotlin.idea.inspections.collections.SimplifiableCallInspection$Conversion;
13064:             1             24  [Lorg.jetbrains.kotlin.idea.project.KotlinMultiplatformAnalysisModeComponent$Mode;
13065:             1             24  [Lorg.jetbrains.kotlin.idea.versions.DeprecatedLibInfo;
13066:             1             24  [Lorg.jetbrains.kotlin.lexer.KtSingleValueToken;
13067:             1             24  [Lorg.jetbrains.kotlin.renderer.RenderingFormat;
13068:             1             24  [Lorg.jetbrains.kotlin.tools.projectWizard.plugins.kotlin.ProjectKind;
13069:             1             24  [Lorg.jetbrains.kotlin.tools.projectWizard.settings.buildsystem.Module;
13070:             1             24  [Lorg.jetbrains.kotlin.tools.projectWizard.settings.buildsystem.SourcesetType;
13071:             1             24  [Lorg.jetbrains.plugins.gradle.codeInsight.GradlePluginDescriptionsExtension;
13072:             1             24  [Lorg.jetbrains.plugins.gradle.service.settings.GradleSettingsControlProvider;
13073:             1             24  [Lorg.jetbrains.plugins.groovy.annotator.GroovyFrameworkConfigNotification;
13074:             1             24  [Lorg.jetbrains.plugins.groovy.mvc.MvcFramework;
13075:             1             24  [Lorg.jetbrains.plugins.scala.project.IncrementalityType;
13076:             1             24  [Lorg.jetbrains.plugins.scala.project.template.WizardEntity;
13077:             1             24  [Lorg.jetbrains.plugins.scala.util.IntentionAvailabilityChecker;
13078:             1             24  [Lorg.jetbrains.plugins.scala.util.MemberElementTypesExtension;
13079:             1             24  [Lorg.languagetool.rules.patterns.PatternToken;
13080:             1             24  [Lorg.languagetool.rules.patterns.XMLRuleHandler$RegexpMode;
13081:             1             24  [Lorg.zmlx.hg4idea.branch.HgBranchType;
13082:             1             24  [Lsun.awt.geom.ChainEnd; (java.desktop@11.0.7)
13083:             1             24  [Lsun.awt.geom.CurveLink; (java.desktop@11.0.7)
13084:             1             24  [Lsun.security.rsa.RSAUtil$KeyType; (java.base@11.0.7)
13085:             1             24  [Lsun.security.ssl.Alert$Level; (java.base@11.0.7)
13086:             1             24  [Lsun.security.ssl.CertStatusExtension$CertStatusRequest; (java.base@11.0.7)
13087:             1             24  [Lsun.security.ssl.CertStatusExtension$CertStatusRequestType; (java.base@11.0.7)
13088:             1             24  [Lsun.security.ssl.PskKeyExchangeModesExtension$PskKeyExchangeMode; (java.base@11.0.7)
13089:             1             24  com.android.flags.Flags
13090:             1             24  com.android.tools.deployer.tasks.TaskRunner
13091:             1             24  com.android.tools.idea.apk.debugging.DexSourceFiles
13092:             1             24  com.android.tools.idea.apk.viewer.ApkFileSystem
13093:             1             24  com.android.tools.idea.compose.preview.ComposeFileEditorProvider
13094:             1             24  com.android.tools.idea.compose.preview.ComposePreviewNotificationProvider
13095:             1             24  com.android.tools.idea.concurrency.AndroidIoManager
13096:             1             24  com.android.tools.idea.databinding.DataBindingModuleComponent
13097:             1             24  com.android.tools.idea.databinding.LayoutBindingProjectComponent$1
13098:             1             24  com.android.tools.idea.databinding.LayoutBindingProjectComponent$2
13099:             1             24  com.android.tools.idea.databinding.LayoutBindingProjectComponent$3
13100:             1             24  com.android.tools.idea.databinding.cache.BrShortNamesCache
13101:             1             24  com.android.tools.idea.databinding.cache.LayoutBindingShortNamesCache$1
13102:             1             24  com.android.tools.idea.databinding.cache.LayoutBindingShortNamesCache$2
13103:             1             24  com.android.tools.idea.databinding.cache.LayoutBindingShortNamesCache$3
13104:             1             24  com.android.tools.idea.databinding.cache.LayoutBindingShortNamesCache$4
13105:             1             24  com.android.tools.idea.databinding.cache.LayoutBindingShortNamesCache$5
13106:             1             24  com.android.tools.idea.databinding.finders.BrClassFinder
13107:             1             24  com.android.tools.idea.databinding.finders.DataBindingComponentClassFinder
13108:             1             24  com.android.tools.idea.databinding.finders.DataBindingComponentClassFinder$1
13109:             1             24  com.android.tools.idea.databinding.finders.LayoutBindingPackageFinder
13110:             1             24  com.android.tools.idea.editors.layoutInspector.LayoutInspectorCaptureType
13111:             1             24  com.android.tools.idea.editors.strings.StringResourceEditorNotificationProvider
13112:             1             24  com.android.tools.idea.folding.AndroidCodeFoldingOptionsProvider
13113:             1             24  com.android.tools.idea.gradle.notification.ProjectSyncStatusNotificationProvider
13114:             1             24  com.android.tools.idea.gradle.notification.ProjectSyncStatusNotificationProvider$NotificationPanel$Type$1
13115:             1             24  com.android.tools.idea.gradle.notification.ProjectSyncStatusNotificationProvider$NotificationPanel$Type$2
13116:             1             24  com.android.tools.idea.gradle.notification.ProjectSyncStatusNotificationProvider$NotificationPanel$Type$3
13117:             1             24  com.android.tools.idea.gradle.notification.ProjectSyncStatusNotificationProvider$NotificationPanel$Type$4
13118:             1             24  com.android.tools.idea.gradle.project.AndroidGradleProjectComponent
13119:             1             24  com.android.tools.idea.gradle.project.sync.GradleFiles$1
13120:             1             24  com.android.tools.idea.gradle.project.sync.setup.module.ModuleFinder
13121:             1             24  com.android.tools.idea.gradle.run.MakeBeforeRunTaskProvider$GradleTaskRunnerFactory
13122:             1             24  com.android.tools.idea.gradle.structure.AndroidProjectSettingsService
13123:             1             24  com.android.tools.idea.lang.aidl.AidlFileType
13124:             1             24  com.android.tools.idea.lang.androidSql.ANDROID_SQL_FILE_TYPE
13125:             1             24  com.android.tools.idea.lang.androidSql.AndroidSqlUnresolvedReferenceInspection
13126:             1             24  com.android.tools.idea.lang.androidSql.room.RoomBindParameterSyntaxInspection
13127:             1             24  com.android.tools.idea.lang.databinding.config.DbFileType
13128:             1             24  com.android.tools.idea.lang.multiDexKeep.MultiDexKeepFileType
13129:             1             24  com.android.tools.idea.lang.proguard.ProguardFileType
13130:             1             24  com.android.tools.idea.lang.rs.AndroidRenderscriptFileType
13131:             1             24  com.android.tools.idea.model.MergedManifestRefreshListener
13132:             1             24  com.android.tools.idea.naveditor.scene.layout.ManualLayoutAlgorithm$LayoutPositions
13133:             1             24  com.android.tools.idea.navigator.AndroidProjectViewPane$1
13134:             1             24  com.android.tools.idea.profiling.view.AnalysisResultsContent
13135:             1             24  com.android.tools.idea.project.DefaultProjectSystem
13136:             1             24  com.android.tools.idea.project.SyncTimestamp
13137:             1             24  com.android.tools.idea.projectsystem.ProjectSystemService
13138:             1             24  com.android.tools.idea.projectsystem.gradle.GradleProjectSystemProvider
13139:             1             24  com.android.tools.idea.res.AndroidInternalRClassFinder
13140:             1             24  com.android.tools.idea.res.AndroidManifestShortNamesCache
13141:             1             24  com.android.tools.idea.res.AndroidResourcesShortNamesCache
13142:             1             24  com.android.tools.idea.res.ResourceClassRegistry
13143:             1             24  com.android.tools.idea.res.ResourceFolderRegistry$MyDocumentListener
13144:             1             24  com.android.tools.idea.res.ResourceNotificationManager$ProjectBuildObserver
13145:             1             24  com.android.tools.idea.run.AndroidRunConfigurationType$AndroidRunConfigurationFactory
13146:             1             24  com.android.tools.idea.run.editor.AndroidDebuggerContext
13147:             1             24  com.android.tools.idea.run.editor.AndroidJavaDebugger
13148:             1             24  com.android.tools.idea.run.editor.DeployTargetContext
13149:             1             24  com.android.tools.idea.run.editor.ProfilerState
13150:             1             24  com.android.tools.idea.run.profiler.CpuProfilerConfig$Technology$1
13151:             1             24  com.android.tools.idea.run.profiler.CpuProfilerConfig$Technology$2
13152:             1             24  com.android.tools.idea.run.profiler.CpuProfilerConfig$Technology$3
13153:             1             24  com.android.tools.idea.run.profiler.CpuProfilerConfig$Technology$4
13154:             1             24  com.android.tools.idea.sdk.AndroidSdks
13155:             1             24  com.android.tools.idea.smali.SmaliFileType
13156:             1             24  com.android.tools.idea.startup.ClearResourceCacheAfterFirstBuild$projectOpened$$inlined$apply$lambda$1
13157:             1             24  com.android.tools.idea.stats.ProjectSizeUsageTracker$projectOpened$1
13158:             1             24  com.android.tools.idea.stats.ToolWindowTrackerService
13159:             1             24  com.android.tools.idea.templates.live.XmlAttributeContextType
13160:             1             24  com.android.tools.idea.testartifacts.instrumented.AndroidTestRunConfigurationType$2
13161:             1             24  com.android.tools.idea.testartifacts.junit.AndroidJUnitConfigurationType
13162:             1             24  com.android.tools.idea.testartifacts.junit.AndroidJUnitConfigurationType$2
13163:             1             24  com.android.tools.idea.util.SyncUtil$listenUntilNextSync$$inlined$apply$lambda$1
13164:             1             24  com.apple.concurrent.Dispatch (java.desktop@11.0.7)
13165:             1             24  com.apple.concurrent.LibDispatchMainQueue$ASync (java.desktop@11.0.7)
13166:             1             24  com.apple.eawt.Application (java.desktop@11.0.7)
13167:             1             24  com.apple.eawt._AppEventLegacyHandler (java.desktop@11.0.7)
13168:             1             24  com.apple.eawt._AppMenuBarHandler (java.desktop@11.0.7)
13169:             1             24  com.apple.laf.AquaBorder$Default (java.desktop@11.0.7)
13170:             1             24  com.apple.laf.AquaRootPaneUI (java.desktop@11.0.7)
13171:             1             24  com.apple.laf.AquaScrollRegionBorder (java.desktop@11.0.7)
13172:             1             24  com.apple.laf.AquaTableUI$1 (java.desktop@11.0.7)
13173:             1             24  com.apple.laf.AquaTableUI$FocusHandler (java.desktop@11.0.7)
13174:             1             24  com.apple.laf.AquaTableUI$MouseInputHandler (java.desktop@11.0.7)
13175:             1             24  com.apple.laf.ScreenPopupFactory (java.desktop@11.0.7)
13176:             1             24  com.carrotsearch.hppc.HashOrderMixing$Strategy$1
13177:             1             24  com.carrotsearch.hppc.HashOrderMixing$Strategy$2
13178:             1             24  com.carrotsearch.hppc.HashOrderMixing$Strategy$3
13179:             1             24  com.fasterxml.jackson.annotation.JsonFormat$Features
13180:             1             24  com.fasterxml.jackson.annotation.JsonSetter$Value
13181:             1             24  com.fasterxml.jackson.core.util.Separators
13182:             1             24  com.fasterxml.jackson.databind.cfg.ContextAttributes$Impl
13183:             1             24  com.fasterxml.jackson.databind.cfg.SerializerFactoryConfig
13184:             1             24  com.fasterxml.jackson.databind.deser.DeserializerCache
13185:             1             24  com.fasterxml.jackson.databind.introspect.AnnotatedClass$Creators
13186:             1             24  com.fasterxml.jackson.databind.introspect.JacksonAnnotationIntrospector
13187:             1             24  com.fasterxml.jackson.databind.introspect.SimpleMixInResolver
13188:             1             24  com.fasterxml.jackson.databind.ser.SerializerCache
13189:             1             24  com.fasterxml.jackson.databind.ser.impl.FailingSerializer
13190:             1             24  com.google.common.base.CharMatcher$Digit
13191:             1             24  com.google.common.base.CharMatcher$Invisible
13192:             1             24  com.google.common.base.CharMatcher$SingleWidth
13193:             1             24  com.google.common.base.Suppliers$NonSerializableMemoizingSupplier
13194:             1             24  com.google.common.cache.CacheBuilder$NullListener
13195:             1             24  com.google.common.cache.CacheBuilder$OneWeigher
13196:             1             24  com.google.common.cache.LocalCache$EntryFactory$1
13197:             1             24  com.google.common.cache.LocalCache$EntryFactory$2
13198:             1             24  com.google.common.cache.LocalCache$EntryFactory$3
13199:             1             24  com.google.common.cache.LocalCache$EntryFactory$4
13200:             1             24  com.google.common.cache.LocalCache$EntryFactory$5
13201:             1             24  com.google.common.cache.LocalCache$EntryFactory$6
13202:             1             24  com.google.common.cache.LocalCache$EntryFactory$7
13203:             1             24  com.google.common.cache.LocalCache$EntryFactory$8
13204:             1             24  com.google.common.cache.LocalCache$NullEntry
13205:             1             24  com.google.common.cache.LocalCache$Strength$1
13206:             1             24  com.google.common.cache.LocalCache$Strength$2
13207:             1             24  com.google.common.cache.LocalCache$Strength$3
13208:             1             24  com.google.common.collect.ConcurrentHashMultiset$EntrySet
13209:             1             24  com.google.common.collect.ImmutableEntry
13210:             1             24  com.google.common.collect.ImmutableEnumSet
13211:             1             24  com.google.common.collect.ImmutableSortedMap$1EntrySet
13212:             1             24  com.google.common.collect.NaturalOrdering
13213:             1             24  com.google.common.util.concurrent.AbstractFuture$Listener
13214:             1             24  com.google.common.util.concurrent.AbstractFuture$Waiter
13215:             1             24  com.google.common.util.concurrent.DirectExecutor
13216:             1             24  com.google.gson.FieldNamingPolicy$1
13217:             1             24  com.google.gson.FieldNamingPolicy$1
13218:             1             24  com.google.gson.FieldNamingPolicy$2
13219:             1             24  com.google.gson.FieldNamingPolicy$2
13220:             1             24  com.google.gson.FieldNamingPolicy$3
13221:             1             24  com.google.gson.FieldNamingPolicy$3
13222:             1             24  com.google.gson.FieldNamingPolicy$4
13223:             1             24  com.google.gson.FieldNamingPolicy$4
13224:             1             24  com.google.gson.FieldNamingPolicy$5
13225:             1             24  com.google.gson.FieldNamingPolicy$5
13226:             1             24  com.google.gson.FieldNamingPolicy$6
13227:             1             24  com.google.gson.FieldNamingPolicy$6
13228:             1             24  com.google.gson.LongSerializationPolicy$1
13229:             1             24  com.google.gson.LongSerializationPolicy$1
13230:             1             24  com.google.gson.LongSerializationPolicy$2
13231:             1             24  com.google.gson.LongSerializationPolicy$2
13232:             1             24  com.google.gson.internal.bind.TypeAdapters$34
13233:             1             24  com.google.gson.internal.bind.TypeAdapters$34
13234:             1             24  com.google.gson.internal.reflect.UnsafeReflectionAccessor
13235:             1             24  com.google.gson.internal.reflect.UnsafeReflectionAccessor
13236:             1             24  com.google.gson.reflect.TypeToken
13237:             1             24  com.google.protobuf.ByteString$LiteralByteString
13238:             1             24  com.intellij.CommonBundle
13239:             1             24  com.intellij.DynamicBundle$1
13240:             1             24  com.intellij.analysis.AnalysisBundle
13241:             1             24  com.intellij.aop.jam.ArgNamesErrorsInspection
13242:             1             24  com.intellij.aop.jam.ArgNamesWarningsInspection
13243:             1             24  com.intellij.aop.jam.AroundAdviceStyleInspection
13244:             1             24  com.intellij.aop.jam.DeclareParentsInspection
13245:             1             24  com.intellij.aop.jam.PointcutMethodStyleInspection
13246:             1             24  com.intellij.aop.psi.AopElementTypes$1
13247:             1             24  com.intellij.aop.psi.AopElementTypes$AopWhitespaceElementType
13248:             1             24  com.intellij.aop.psi.AopPointcutExpressionFileType
13249:             1             24  com.intellij.application.options.editor.BaseCodeFoldingOptionsProvider
13250:             1             24  com.intellij.application.options.editor.EditorOptionsPanelKt$caretInsideTabs$1
13251:             1             24  com.intellij.application.options.editor.EditorOptionsPanelKt$caretInsideTabs$2
13252:             1             24  com.intellij.application.options.editor.EditorOptionsPanelKt$enableDnD$1
13253:             1             24  com.intellij.application.options.editor.EditorOptionsPanelKt$enableDnD$2
13254:             1             24  com.intellij.application.options.editor.EditorOptionsPanelKt$enableWheelFontChange$1
13255:             1             24  com.intellij.application.options.editor.EditorOptionsPanelKt$enableWheelFontChange$2
13256:             1             24  com.intellij.application.options.editor.EditorOptionsPanelKt$myShowNotificationAfterOptimizeImportsCheckBox$1
13257:             1             24  com.intellij.application.options.editor.EditorOptionsPanelKt$myShowNotificationAfterOptimizeImportsCheckBox$2
13258:             1             24  com.intellij.application.options.editor.EditorOptionsPanelKt$preselectCheckBox$1
13259:             1             24  com.intellij.application.options.editor.EditorOptionsPanelKt$preselectCheckBox$2
13260:             1             24  com.intellij.application.options.editor.EditorOptionsPanelKt$renameLocalVariablesInplace$1
13261:             1             24  com.intellij.application.options.editor.EditorOptionsPanelKt$renameLocalVariablesInplace$2
13262:             1             24  com.intellij.application.options.editor.EditorOptionsPanelKt$showInlineDialogForCheckBox$1
13263:             1             24  com.intellij.application.options.editor.EditorOptionsPanelKt$showInlineDialogForCheckBox$2
13264:             1             24  com.intellij.application.options.editor.EditorOptionsPanelKt$showNotificationAfterReformatCodeCheckBox$1
13265:             1             24  com.intellij.application.options.editor.EditorOptionsPanelKt$showNotificationAfterReformatCodeCheckBox$2
13266:             1             24  com.intellij.application.options.editor.EditorOptionsPanelKt$virtualPageAtBottom$1
13267:             1             24  com.intellij.application.options.editor.EditorOptionsPanelKt$virtualPageAtBottom$2
13268:             1             24  com.intellij.application.options.editor.EditorOptionsPanelKt$virtualSpace$1
13269:             1             24  com.intellij.application.options.editor.EditorOptionsPanelKt$virtualSpace$2
13270:             1             24  com.intellij.application.options.editor.EditorSmartKeysConfigurableKt$myCbCamelWords$1
13271:             1             24  com.intellij.application.options.editor.EditorSmartKeysConfigurableKt$myCbCamelWords$2
13272:             1             24  com.intellij.application.options.editor.EditorSmartKeysConfigurableKt$myCbEnableAddingCaretsOnDoubleCtrlArrows$1
13273:             1             24  com.intellij.application.options.editor.EditorSmartKeysConfigurableKt$myCbEnableAddingCaretsOnDoubleCtrlArrows$2
13274:             1             24  com.intellij.application.options.editor.EditorSmartKeysConfigurableKt$myCbSmartHome$1
13275:             1             24  com.intellij.application.options.editor.EditorSmartKeysConfigurableKt$myCbSmartHome$2
13276:             1             24  com.intellij.application.options.editor.JavaCodeFoldingOptionsProvider
13277:             1             24  com.intellij.application.options.editor.WebSmartKeysConfigurableKt$myAddQuotasForAttributeValue$1
13278:             1             24  com.intellij.application.options.editor.WebSmartKeysConfigurableKt$myAddQuotasForAttributeValue$2
13279:             1             24  com.intellij.application.options.editor.WebSmartKeysConfigurableKt$myAutoCloseTagCheckBox$1
13280:             1             24  com.intellij.application.options.editor.WebSmartKeysConfigurableKt$myAutoCloseTagCheckBox$2
13281:             1             24  com.intellij.application.options.editor.WebSmartKeysConfigurableKt$myAutomaticallyInsertClosingTagCheckBox$1
13282:             1             24  com.intellij.application.options.editor.WebSmartKeysConfigurableKt$myAutomaticallyInsertClosingTagCheckBox$2
13283:             1             24  com.intellij.application.options.editor.WebSmartKeysConfigurableKt$myAutomaticallyInsertRequiredAttributesCheckBox$1
13284:             1             24  com.intellij.application.options.editor.WebSmartKeysConfigurableKt$myAutomaticallyInsertRequiredAttributesCheckBox$2
13285:             1             24  com.intellij.application.options.editor.WebSmartKeysConfigurableKt$myAutomaticallyInsertRequiredSubTagsCheckBox$1
13286:             1             24  com.intellij.application.options.editor.WebSmartKeysConfigurableKt$myAutomaticallyInsertRequiredSubTagsCheckBox$2
13287:             1             24  com.intellij.application.options.editor.WebSmartKeysConfigurableKt$myAutomaticallyStartAttributeAfterCheckBox$1
13288:             1             24  com.intellij.application.options.editor.WebSmartKeysConfigurableKt$myAutomaticallyStartAttributeAfterCheckBox$2
13289:             1             24  com.intellij.application.options.editor.WebSmartKeysConfigurableKt$mySelectWholeCssIdentifierOnDoubleClick$1
13290:             1             24  com.intellij.application.options.editor.WebSmartKeysConfigurableKt$mySelectWholeCssIdentifierOnDoubleClick$2
13291:             1             24  com.intellij.application.options.editor.WebSmartKeysConfigurableKt$mySyncTagEditing$1
13292:             1             24  com.intellij.application.options.editor.WebSmartKeysConfigurableKt$mySyncTagEditing$2
13293:             1             24  com.intellij.application.options.editor.XmlCodeFoldingOptionsProvider
13294:             1             24  com.intellij.batch.config.BatchFrameworkType
13295:             1             24  com.intellij.batch.inspections.BatchJobDomInspection
13296:             1             24  com.intellij.batch.inspections.BatchXmlDomInspection
13297:             1             24  com.intellij.batch.inspections.RequiredArtifactTypeInspection
13298:             1             24  com.intellij.batch.resources.BatchBundle
13299:             1             24  com.intellij.batch.view.BatchViewFrameworkProvider
13300:             1             24  com.intellij.beanValidation.config.BVFrameworkType
13301:             1             24  com.intellij.beanValidation.highlighting.BvConfigDomInspection
13302:             1             24  com.intellij.beanValidation.highlighting.BvConstraintMappingsInspection
13303:             1             24  com.intellij.beanValidation.highlighting.ConstraintValidatorCreator
13304:             1             24  com.intellij.beanValidation.highlighting.MinMaxValuesInspection
13305:             1             24  com.intellij.build.AbstractViewManager$1
13306:             1             24  com.intellij.build.BuildContentManagerImpl
13307:             1             24  com.intellij.cdi.config.CdiFrameworkType
13308:             1             24  com.intellij.cdi.config.CdiFrameworkType$1
13309:             1             24  com.intellij.cdi.highlighting.CdiAlternativeInspection
13310:             1             24  com.intellij.cdi.highlighting.CdiDecoratorInspection
13311:             1             24  com.intellij.cdi.highlighting.CdiDisposerMethodInspection
13312:             1             24  com.intellij.cdi.highlighting.CdiDomBeansInspection
13313:             1             24  com.intellij.cdi.highlighting.CdiInjectInspection
13314:             1             24  com.intellij.cdi.highlighting.CdiInjectionPointsInspection
13315:             1             24  com.intellij.cdi.highlighting.CdiInterceptorInspection
13316:             1             24  com.intellij.cdi.highlighting.CdiManagedBeanInconsistencyInspection
13317:             1             24  com.intellij.cdi.highlighting.CdiNormalScopeInspection
13318:             1             24  com.intellij.cdi.highlighting.CdiObservesInspection
13319:             1             24  com.intellij.cdi.highlighting.CdiScopeInspection
13320:             1             24  com.intellij.cdi.highlighting.CdiSpecializesInspection
13321:             1             24  com.intellij.cdi.highlighting.CdiStereotypeInspection
13322:             1             24  com.intellij.cdi.highlighting.CdiStereotypeRestrictionsInspection
13323:             1             24  com.intellij.cdi.highlighting.CdiTypedAnnotationInspection
13324:             1             24  com.intellij.cdi.highlighting.CdiUnknownProducersForDisposerMethodInspection
13325:             1             24  com.intellij.cdi.highlighting.CdiUnproxyableBeanTypesInspection
13326:             1             24  com.intellij.cdi.resources.CdiBundle
13327:             1             24  com.intellij.cdi.view.CdiViewFrameworkProvider
13328:             1             24  com.intellij.charts.ChartUtils$enumerator$1
13329:             1             24  com.intellij.charts.ChartUtils$generator$1
13330:             1             24  com.intellij.cloudConfig.CloudConfigBundle
13331:             1             24  com.intellij.cloudConfig.CloudConfigManager$LocalChanges
13332:             1             24  com.intellij.codeHighlighting.HighlightDisplayLevel$2
13333:             1             24  com.intellij.codeHighlighting.HighlightDisplayLevel$3
13334:             1             24  com.intellij.codeInsight.CodeInsightBundle
13335:             1             24  com.intellij.codeInsight.InferredContractAnnotationsLineMarkerProvider
13336:             1             24  com.intellij.codeInsight.InferredNullabilityAnnotationsLineMarkerProvider
13337:             1             24  com.intellij.codeInsight.completion.CompletionUtil$1
13338:             1             24  com.intellij.codeInsight.completion.CompletionVariant$CompletionVariantItem
13339:             1             24  com.intellij.codeInsight.completion.CompletionVariant$Scope
13340:             1             24  com.intellij.codeInsight.completion.ml.JavaMLRankingProvider
13341:             1             24  com.intellij.codeInsight.daemon.DaemonBundle
13342:             1             24  com.intellij.codeInsight.daemon.JavaRainbowVisitor
13343:             1             24  com.intellij.codeInsight.daemon.QuickFixBundle
13344:             1             24  com.intellij.codeInsight.daemon.impl.DaemonListeners$8
13345:             1             24  com.intellij.codeInsight.daemon.impl.DaemonListeners$MyAnActionListener
13346:             1             24  com.intellij.codeInsight.daemon.impl.DefaultHighlightVisitorBasedInspection$AnnotatorBasedInspection
13347:             1             24  com.intellij.codeInsight.daemon.impl.DefaultHighlightVisitorBasedInspection$SyntaxErrorInspection
13348:             1             24  com.intellij.codeInsight.daemon.impl.ErrorStripeUpdateManager
13349:             1             24  com.intellij.codeInsight.daemon.impl.FileStatusMap
13350:             1             24  com.intellij.codeInsight.daemon.impl.IntentionsUIImpl
13351:             1             24  com.intellij.codeInsight.daemon.impl.JavaLineMarkerProvider$1
13352:             1             24  com.intellij.codeInsight.daemon.impl.StatusBarUpdater
13353:             1             24  com.intellij.codeInsight.daemon.impl.TextEditorHighlightingPassRegistrarImpl$1
13354:             1             24  com.intellij.codeInsight.daemon.impl.WolfPassFactory
13355:             1             24  com.intellij.codeInsight.daemon.impl.analysis.HighlightVisitorImpl$1
13356:             1             24  com.intellij.codeInsight.daemon.impl.analysis.HighlightingSettingsPerFile
13357:             1             24  com.intellij.codeInsight.daemon.impl.analysis.HtmlUnknownAnchorTargetInspection
13358:             1             24  com.intellij.codeInsight.daemon.impl.analysis.HtmlUnknownTargetInspection
13359:             1             24  com.intellij.codeInsight.daemon.impl.analysis.XmlDefaultAttributeValueInspection
13360:             1             24  com.intellij.codeInsight.daemon.impl.analysis.XmlDeprecatedElementInspection
13361:             1             24  com.intellij.codeInsight.daemon.impl.analysis.XmlHighlightVisitorBasedInspection
13362:             1             24  com.intellij.codeInsight.daemon.impl.analysis.XmlPathReferenceInspection
13363:             1             24  com.intellij.codeInsight.daemon.impl.analysis.XmlUnboundNsPrefixInspection
13364:             1             24  com.intellij.codeInsight.daemon.impl.analysis.XmlUnusedNamespaceInspection
13365:             1             24  com.intellij.codeInsight.editorActions.EndHandler
13366:             1             24  com.intellij.codeInsight.editorActions.smartEnter.SmartEnterAction$Handler
13367:             1             24  com.intellij.codeInsight.folding.CodeFoldingSettingsImpl
13368:             1             24  com.intellij.codeInsight.folding.impl.CodeFoldingManagerImpl
13369:             1             24  com.intellij.codeInsight.folding.impl.CodeFoldingManagerImpl$1
13370:             1             24  com.intellij.codeInsight.folding.impl.FoldingHintMouseMotionListener
13371:             1             24  com.intellij.codeInsight.folding.impl.JavaCodeFoldingSettingsImpl
13372:             1             24  com.intellij.codeInsight.generation.GenerateInterceptorMethodsHandler
13373:             1             24  com.intellij.codeInsight.highlighting.BraceHighlighter$1
13374:             1             24  com.intellij.codeInsight.highlighting.BraceHighlighter$2
13375:             1             24  com.intellij.codeInsight.highlighting.BraceHighlighter$3
13376:             1             24  com.intellij.codeInsight.hint.TooltipController
13377:             1             24  com.intellij.codeInsight.intention.impl.AddExplicitTypeArgumentsIntention
13378:             1             24  com.intellij.codeInsight.intention.impl.AddJavadocIntention
13379:             1             24  com.intellij.codeInsight.intention.impl.AddOnDemandStaticImportAction
13380:             1             24  com.intellij.codeInsight.intention.impl.AddSingleMemberStaticImportAction
13381:             1             24  com.intellij.codeInsight.intention.impl.AnnotateIntentionAction
13382:             1             24  com.intellij.codeInsight.intention.impl.ConvertCompareToToEqualsIntention
13383:             1             24  com.intellij.codeInsight.intention.impl.CreateSubclassAction
13384:             1             24  com.intellij.codeInsight.intention.impl.CreateSwitchIntention
13385:             1             24  com.intellij.codeInsight.intention.impl.ExpandStaticImportAction
13386:             1             24  com.intellij.codeInsight.intention.impl.ReplaceCastWithVariableAction
13387:             1             24  com.intellij.codeInsight.intention.impl.SplitIfAction
13388:             1             24  com.intellij.codeInsight.intention.impl.config.IntentionManagerImpl
13389:             1             24  com.intellij.codeInsight.intention.impl.config.IntentionManagerSettings
13390:             1             24  com.intellij.codeInsight.intention.impl.config.PlainTextDescriptor
13391:             1             24  com.intellij.codeInsight.preview.ImageOrColorPreviewManager
13392:             1             24  com.intellij.codeInsight.preview.ImageOrColorPreviewManager$1
13393:             1             24  com.intellij.codeInsight.template.EverywhereContextType
13394:             1             24  com.intellij.codeInsight.template.HtmlTextContextType
13395:             1             24  com.intellij.codeInsight.template.JavaCodeContextType$Declaration
13396:             1             24  com.intellij.codeInsight.template.JavaCodeContextType$Expression
13397:             1             24  com.intellij.codeInsight.template.JavaCodeContextType$Generic
13398:             1             24  com.intellij.codeInsight.template.JavaCodeContextType$Statement
13399:             1             24  com.intellij.codeInsight.template.JavaCommentContextType
13400:             1             24  com.intellij.codeInsight.template.JavaStringContextType
13401:             1             24  com.intellij.codeInsight.template.SmartCompletionContextType
13402:             1             24  com.intellij.codeInsight.template.XmlContextType
13403:             1             24  com.intellij.codeInsight.template.XmlTextContextType
13404:             1             24  com.intellij.codeInsight.template.XslTextContextType
13405:             1             24  com.intellij.codeInsight.template.emmet.EmmetAbbreviationBalloon$EmmetContextHelp
13406:             1             24  com.intellij.codeInsight.template.impl.TemplateContext$1
13407:             1             24  com.intellij.codeInsight.template.impl.TemplateSettings$State
13408:             1             24  com.intellij.codeInsight.template.impl.editorActions.TemplateLineEndHandler
13409:             1             24  com.intellij.codeInspection.AnonymousCanBeLambdaInspection
13410:             1             24  com.intellij.codeInspection.AnonymousCanBeMethodReferenceInspection
13411:             1             24  com.intellij.codeInspection.AnonymousHasLambdaAlternativeInspection
13412:             1             24  com.intellij.codeInspection.BlockMarkerCommentsInspection
13413:             1             24  com.intellij.codeInspection.CapturingCleanerInspection
13414:             1             24  com.intellij.codeInspection.CharsetObjectCanBeUsedInspection
13415:             1             24  com.intellij.codeInspection.ClassGetClassInspection
13416:             1             24  com.intellij.codeInspection.CollectionAddAllCanBeReplacedWithConstructorInspection
13417:             1             24  com.intellij.codeInspection.CollectionAddAllCanBeReplacedWithConstructorInspection$1
13418:             1             24  com.intellij.codeInspection.ComparatorCombinatorsInspection
13419:             1             24  com.intellij.codeInspection.ComparatorResultComparisonInspection
13420:             1             24  com.intellij.codeInspection.ConditionalBreakInInfiniteLoopInspection
13421:             1             24  com.intellij.codeInspection.ConditionalCanBeOptionalInspection
13422:             1             24  com.intellij.codeInspection.DefaultAnnotationParamInspection
13423:             1             24  com.intellij.codeInspection.DeprecatedIsStillUsedInspection
13424:             1             24  com.intellij.codeInspection.DuplicateBranchesInSwitchInspection
13425:             1             24  com.intellij.codeInspection.EndlessStreamInspection
13426:             1             24  com.intellij.codeInspection.EnhancedSwitchBackwardMigrationInspection
13427:             1             24  com.intellij.codeInspection.EnhancedSwitchMigrationInspection
13428:             1             24  com.intellij.codeInspection.ExplicitArrayFillingInspection
13429:             1             24  com.intellij.codeInspection.ExplicitTypeCanBeDiamondInspection
13430:             1             24  com.intellij.codeInspection.FunctionalExpressionCanBeFoldedInspection
13431:             1             24  com.intellij.codeInspection.IdempotentLoopBodyInspection
13432:             1             24  com.intellij.codeInspection.InspectionsBundle
13433:             1             24  com.intellij.codeInspection.InvalidComparatorMethodReferenceInspection
13434:             1             24  com.intellij.codeInspection.JoinDeclarationAndAssignmentJavaInspection
13435:             1             24  com.intellij.codeInspection.LambdaCanBeMethodCallInspection
13436:             1             24  com.intellij.codeInspection.LambdaCanBeMethodReferenceInspection
13437:             1             24  com.intellij.codeInspection.LossyEncodingInspection
13438:             1             24  com.intellij.codeInspection.ManualMinMaxCalculationInspection
13439:             1             24  com.intellij.codeInspection.MissingDeprecatedAnnotationOnScheduledForRemovalApiInspection
13440:             1             24  com.intellij.codeInspection.MoveFieldAssignmentToInitializerInspection
13441:             1             24  com.intellij.codeInspection.MustAlreadyBeRemovedApiInspection
13442:             1             24  com.intellij.codeInspection.NonExtendableApiUsageInspection
13443:             1             24  com.intellij.codeInspection.NumericOverflowInspection
13444:             1             24  com.intellij.codeInspection.ObviousNullCheckInspection
13445:             1             24  com.intellij.codeInspection.OptionalAssignedToNullInspection
13446:             1             24  com.intellij.codeInspection.OptionalIsPresentInspection
13447:             1             24  com.intellij.codeInspection.OverflowingLoopIndexInspection
13448:             1             24  com.intellij.codeInspection.OverrideOnlyInspection
13449:             1             24  com.intellij.codeInspection.OverwrittenKeyInspection
13450:             1             24  com.intellij.codeInspection.PatternVariableCanBeUsedInspection
13451:             1             24  com.intellij.codeInspection.PossibleHeapPollutionVarargsInspection
13452:             1             24  com.intellij.codeInspection.ProblematicWhitespaceInspection
13453:             1             24  com.intellij.codeInspection.ReadWriteStringCanBeUsedInspection
13454:             1             24  com.intellij.codeInspection.RedundantComparatorComparingInspection
13455:             1             24  com.intellij.codeInspection.RedundantCompareCallInspection
13456:             1             24  com.intellij.codeInspection.RedundantExplicitCloseInspection
13457:             1             24  com.intellij.codeInspection.RedundantExplicitVariableTypeInspection
13458:             1             24  com.intellij.codeInspection.RedundantLambdaCodeBlockInspection
13459:             1             24  com.intellij.codeInspection.RedundantRecordConstructorInspection
13460:             1             24  com.intellij.codeInspection.RedundantStreamOptionalCallInspection
13461:             1             24  com.intellij.codeInspection.ReplaceInefficientStreamCountInspection
13462:             1             24  com.intellij.codeInspection.ReplaceNullCheckInspection
13463:             1             24  com.intellij.codeInspection.SimplifyCollectorInspection
13464:             1             24  com.intellij.codeInspection.SimplifyOptionalCallChainsInspection
13465:             1             24  com.intellij.codeInspection.SimplifyStreamApiCallChainsInspection
13466:             1             24  com.intellij.codeInspection.StringRepeatCanBeUsedInspection
13467:             1             24  com.intellij.codeInspection.StringTokenizerDelimiterInspection
13468:             1             24  com.intellij.codeInspection.SuspiciousArrayMethodCallInspection
13469:             1             24  com.intellij.codeInspection.SuspiciousListRemoveInLoopInspection
13470:             1             24  com.intellij.codeInspection.SuspiciousLocalesLanguagesInspection
13471:             1             24  com.intellij.codeInspection.TextBlockBackwardMigrationInspection
13472:             1             24  com.intellij.codeInspection.TextBlockMigrationInspection
13473:             1             24  com.intellij.codeInspection.TodoCommentInspection
13474:             1             24  com.intellij.codeInspection.TrailingSpacesInPropertyInspection
13475:             1             24  com.intellij.codeInspection.TrivialFunctionalExpressionUsageInspection
13476:             1             24  com.intellij.codeInspection.UnstableTypeUsedInSignatureInspection
13477:             1             24  com.intellij.codeInspection.UseCompareMethodInspection
13478:             1             24  com.intellij.codeInspection.VariableTypeCanBeExplicitInspection
13479:             1             24  com.intellij.codeInspection.WrapperTypeMayBePrimitiveInspection
13480:             1             24  com.intellij.codeInspection.WrongPropertyKeyValueDelimiterInspection
13481:             1             24  com.intellij.codeInspection.accessStaticViaInstance.AccessStaticViaInstance
13482:             1             24  com.intellij.codeInspection.booleanIsAlwaysInverted.BooleanMethodIsAlwaysInvertedInspection
13483:             1             24  com.intellij.codeInspection.bulkOperation.UseBulkOperationInspection
13484:             1             24  com.intellij.codeInspection.canBeFinal.CanBeFinalInspection
13485:             1             24  com.intellij.codeInspection.capitalization.TitleCapitalizationInspection
13486:             1             24  com.intellij.codeInspection.compiler.JavacQuirksInspection
13487:             1             24  com.intellij.codeInspection.concurrencyAnnotations.FieldAccessNotGuardedInspection
13488:             1             24  com.intellij.codeInspection.concurrencyAnnotations.InstanceGuardedByStaticInspection
13489:             1             24  com.intellij.codeInspection.concurrencyAnnotations.NonFinalFieldInImmutableInspection
13490:             1             24  com.intellij.codeInspection.concurrencyAnnotations.NonFinalGuardInspection
13491:             1             24  com.intellij.codeInspection.concurrencyAnnotations.StaticGuardedByInstanceInspection
13492:             1             24  com.intellij.codeInspection.concurrencyAnnotations.UnknownGuardInspection
13493:             1             24  com.intellij.codeInspection.dataFlow.ContractInspection
13494:             1             24  com.intellij.codeInspection.defUse.DefUseInspection
13495:             1             24  com.intellij.codeInspection.defaultFileTemplateUsage.DefaultFileTemplateUsageInspection
13496:             1             24  com.intellij.codeInspection.dependencyViolation.DependencyInspection
13497:             1             24  com.intellij.codeInspection.deprecation.MarkedForRemovalInspection
13498:             1             24  com.intellij.codeInspection.duplicateExpressions.DuplicateExpressionsInspection
13499:             1             24  com.intellij.codeInspection.duplicateThrows.DuplicateThrowsInspection
13500:             1             24  com.intellij.codeInspection.ejb.EjbDomInspection
13501:             1             24  com.intellij.codeInspection.ejb.EjbQlInspection
13502:             1             24  com.intellij.codeInspection.enhancedSwitch.RedundantLabeledSwitchRuleCodeBlockInspection
13503:             1             24  com.intellij.codeInspection.enhancedSwitch.SwitchLabeledRuleCanBeCodeBlockInspection
13504:             1             24  com.intellij.codeInspection.equalsAndHashcode.EqualsAndHashcode
13505:             1             24  com.intellij.codeInspection.ex.ApplicationInspectionProfileManager$schemeManager$1
13506:             1             24  com.intellij.codeInspection.ex.EditInspectionToolsSettingsInSuppressedPlaceIntention
13507:             1             24  com.intellij.codeInspection.ex.InspectionManagerEx$2
13508:             1             24  com.intellij.codeInspection.ex.InspectionToolRegistrar
13509:             1             24  com.intellij.codeInspection.ex.InspectionToolRegistrar$2
13510:             1             24  com.intellij.codeInspection.ex.LocalInspectionToolWrapper$1$1
13511:             1             24  com.intellij.codeInspection.htmlInspections.HtmlExtraClosingTagInspection
13512:             1             24  com.intellij.codeInspection.htmlInspections.HtmlMissingClosingTagInspection
13513:             1             24  com.intellij.codeInspection.htmlInspections.RequiredAttributesInspection
13514:             1             24  com.intellij.codeInspection.htmlInspections.XmlWrongRootElementInspection
13515:             1             24  com.intellij.codeInspection.i18n.InvalidPropertyKeyInspection
13516:             1             24  com.intellij.codeInspection.i18n.inconsistentResourceBundle.InconsistentResourceBundleInspection$1
13517:             1             24  com.intellij.codeInspection.inconsistentLanguageLevel.InconsistentLanguageLevelInspection
13518:             1             24  com.intellij.codeInspection.intermediaryVariable.ReturnSeparatedFromComputationInspection
13519:             1             24  com.intellij.codeInspection.java15api.Java15APIUsageInspection
13520:             1             24  com.intellij.codeInspection.java18StreamApi.StaticPseudoFunctionalStyleMethodInspection
13521:             1             24  com.intellij.codeInspection.java18api.Java8CollectionRemoveIfInspection
13522:             1             24  com.intellij.codeInspection.java18api.Java8ListSortInspection
13523:             1             24  com.intellij.codeInspection.java18api.Java8MapForEachInspection
13524:             1             24  com.intellij.codeInspection.java18api.OptionalGetWithoutIsPresentInspection
13525:             1             24  com.intellij.codeInspection.java19api.Java9CollectionFactoryInspection
13526:             1             24  com.intellij.codeInspection.java19api.Java9UndeclaredServiceUsageInspection
13527:             1             24  com.intellij.codeInspection.java19modules.Java9ModuleExportsPackageToItselfInspection
13528:             1             24  com.intellij.codeInspection.java19modules.Java9RedundantRequiresStatementInspection
13529:             1             24  com.intellij.codeInspection.java19modules.JavaModuleNamingInspection
13530:             1             24  com.intellij.codeInspection.java19modules.JavaRequiresAutoModuleInspection
13531:             1             24  com.intellij.codeInspection.javaDoc.JavaDocReferenceInspection
13532:             1             24  com.intellij.codeInspection.javaDoc.JavadocHtmlLintInspection
13533:             1             24  com.intellij.codeInspection.jsp.ELDeferredExpressionsInspection
13534:             1             24  com.intellij.codeInspection.jsp.ELSpecComplianceInspection
13535:             1             24  com.intellij.codeInspection.jsp.ELValidationInspection
13536:             1             24  com.intellij.codeInspection.jsp.ElMethodSignatureInspection
13537:             1             24  com.intellij.codeInspection.jsp.JspAbsolutePathInspection
13538:             1             24  com.intellij.codeInspection.jsp.JspDirectiveInspection
13539:             1             24  com.intellij.codeInspection.jsp.JspPropertiesInspection
13540:             1             24  com.intellij.codeInspection.jsp.JspTagBodyContentInspection
13541:             1             24  com.intellij.codeInspection.jsp.ReferencesToClassesFromDefaultPackageInJSPFileInspection
13542:             1             24  com.intellij.codeInspection.jsp.SelfIncludingJspFilesInspection
13543:             1             24  com.intellij.codeInspection.jsp.UnhandledExceptionInJSP
13544:             1             24  com.intellij.codeInspection.jsp.unescapedEl.JspUnescapedElInspection$4
13545:             1             24  com.intellij.codeInspection.lambda.RedundantLambdaParameterTypeInspection
13546:             1             24  com.intellij.codeInspection.lambdaToExplicit.ExcessiveLambdaUsageInspection
13547:             1             24  com.intellij.codeInspection.lambdaToExplicit.ExplicitArgumentCanBeLambdaInspection
13548:             1             24  com.intellij.codeInspection.longLine.LongLineInspection
13549:             1             24  com.intellij.codeInspection.magicConstant.MagicConstantInspection
13550:             1             24  com.intellij.codeInspection.miscGenerics.IterableUsedAsVarargInspection
13551:             1             24  com.intellij.codeInspection.miscGenerics.RawTypeCanBeGenericInspection
13552:             1             24  com.intellij.codeInspection.miscGenerics.RedundantArrayForVarargsCallInspection
13553:             1             24  com.intellij.codeInspection.miscGenerics.RedundantTypeArgsInspection
13554:             1             24  com.intellij.codeInspection.miscGenerics.SuspiciousCollectionsMethodCallsInspection
13555:             1             24  com.intellij.codeInspection.nullable.NotNullFieldNotInitializedInspection
13556:             1             24  com.intellij.codeInspection.redundantCast.CastCanBeRemovedNarrowingVariableTypeInspection
13557:             1             24  com.intellij.codeInspection.reflectiveAccess.Java9ReflectionClassVisibilityInspection
13558:             1             24  com.intellij.codeInspection.reflectiveAccess.JavaLangInvokeHandleSignatureInspection
13559:             1             24  com.intellij.codeInspection.reflectiveAccess.JavaReflectionInvocationInspection
13560:             1             24  com.intellij.codeInspection.sameReturnValue.SameReturnValueInspection
13561:             1             24  com.intellij.codeInspection.sillyAssignment.SillyAssignmentInspection
13562:             1             24  com.intellij.codeInspection.streamMigration.FoldExpressionIntoStreamInspection
13563:             1             24  com.intellij.codeInspection.streamMigration.FuseStreamOperationsInspection
13564:             1             24  com.intellij.codeInspection.streamMigration.SimplifyForEachInspection
13565:             1             24  com.intellij.codeInspection.streamMigration.StreamApiMigrationInspection
13566:             1             24  com.intellij.codeInspection.streamToLoop.StreamToLoopInspection
13567:             1             24  com.intellij.codeInspection.testOnly.TestOnlyInspection
13568:             1             24  com.intellij.codeInspection.ui.ListWrappingTableModel
13569:             1             24  com.intellij.codeInspection.unnecessaryModuleDependency.UnnecessaryModuleDependencyInspection
13570:             1             24  com.intellij.codeInspection.unneededThrows.RedundantThrowsDeclarationLocalInspection
13571:             1             24  com.intellij.codeInspection.unsorted.AlphaUnsortedPropertiesFileInspection
13572:             1             24  com.intellij.codeInspection.unused.UnusedPropertyInspection
13573:             1             24  com.intellij.codeInspection.unusedImport.UnusedImportInspection
13574:             1             24  com.intellij.codeInspection.unusedLibraries.UnusedLibrariesInspection
13575:             1             24  com.intellij.codeInspection.varScopeCanBeNarrowed.ParameterCanBeLocalInspection
13576:             1             24  com.intellij.codeInspection.wrongPackageStatement.WrongPackageStatementInspection
13577:             1             24  com.intellij.codeInspection.xml.DeprecatedClassUsageInspection
13578:             1             24  com.intellij.coldFusion.CfmlBundle
13579:             1             24  com.intellij.coldFusion.CfmlTemplateContextType
13580:             1             24  com.intellij.coldFusion.UI.inspections.CfmlFileReferenceInspection
13581:             1             24  com.intellij.coldFusion.UI.inspections.CfmlReferenceInspection
13582:             1             24  com.intellij.coldFusion.UI.runner.CfmlRunnerParameters
13583:             1             24  com.intellij.coldFusion.model.files.CfmlFileType
13584:             1             24  com.intellij.coldFusion.model.psi.stubs.CfmlComponentElementTypeImpl
13585:             1             24  com.intellij.coldFusion.model.psi.stubs.CfmlFileElementType
13586:             1             24  com.intellij.coldFusion.model.psi.stubs.CfmlTagComponentElementTypeImpl
13587:             1             24  com.intellij.coldFusion.mxunit.CfmlUnitRunConfigurationType$1
13588:             1             24  com.intellij.compiler.CompilerConfigurationImpl$2
13589:             1             24  com.intellij.compiler.CompilerManagerImpl$$Lambda$1748/0x000000080176e440
13590:             1             24  com.intellij.compiler.ExternalCompilerConfigurationStorage
13591:             1             24  com.intellij.compiler.inspection.FrequentlyUsedInheritorInspection
13592:             1             24  com.intellij.compiler.server.BuildManager$3
13593:             1             24  com.intellij.compiler.server.BuildManager$BuildManagerStartupActivity$3
13594:             1             24  com.intellij.compiler.server.BuildManager$ProjectWatcher
13595:             1             24  com.intellij.completion.settings.CompletionMLRankingSettings$State
13596:             1             24  com.intellij.configurationScript.ConfigurationFileManager
13597:             1             24  com.intellij.configurationScript.ConfigurationFileManager$yamlData$1
13598:             1             24  com.intellij.configurationScript.inspection.ExternallyConfigurableProjectInspectionProfileManager$profileFromFile$1
13599:             1             24  com.intellij.configurationScript.providers.MyRunConfigurationTemplateProvider
13600:             1             24  com.intellij.configurationScript.providers.MyRunConfigurationTemplateProvider$map$1
13601:             1             24  com.intellij.configurationStore.EdtPoolDispatcherManager
13602:             1             24  com.intellij.configurationStore.MyXmlSerializer$bindingProducer$1
13603:             1             24  com.intellij.configurationStore.SaveAndSyncHandlerImpl$addListeners$2
13604:             1             24  com.intellij.configurationStore.SaveAndSyncHandlerImpl$addListeners$3
13605:             1             24  com.intellij.configurationStore.SaveAndSyncHandlerImpl$addListeners$idleListener$1
13606:             1             24  com.intellij.configurationStore.SaveAndSyncHandlerImpl$saveAlarm$1
13607:             1             24  com.intellij.configurationStore.SaveResult
13608:             1             24  com.intellij.configurationStore.schemeManager.SchemeDataHolderImpl
13609:             1             24  com.intellij.configurationStore.schemeManager.SchemeManagerFactoryBase$ApplicationSchemeManagerFactory
13610:             1             24  com.intellij.copyright.CopyrightManager$schemeManager$1
13611:             1             24  com.intellij.copyright.CopyrightManager$schemeWriter$1
13612:             1             24  com.intellij.copyright.CopyrightManagerDocumentListener
13613:             1             24  com.intellij.core.CoreBundle
13614:             1             24  com.intellij.core.JavaPsiBundle
13615:             1             24  com.intellij.coverage.CoverageBundle
13616:             1             24  com.intellij.coverage.CoverageDataManagerImpl$4
13617:             1             24  com.intellij.coverage.CoverageDataManagerImpl$8
13618:             1             24  com.intellij.coverage.CoverageDataManagerImpl$CoverageEditorFactoryListener
13619:             1             24  com.intellij.coverage.view.CoverageViewSuiteListener
13620:             1             24  com.intellij.database.DataBus
13621:             1             24  com.intellij.database.DataBus$1
13622:             1             24  com.intellij.database.DatabaseBundle
13623:             1             24  com.intellij.database.console.DbConsoleRootType
13624:             1             24  com.intellij.database.console.session.DatabaseSessionManager$ProjectSessions
13625:             1             24  com.intellij.database.console.session.GlobalSessionStateListener$SessionSearchStrategy$CONSOLE
13626:             1             24  com.intellij.database.console.session.GlobalSessionStateListener$SessionSearchStrategy$REGULAR
13627:             1             24  com.intellij.database.csv.CsvFileType
13628:             1             24  com.intellij.database.dataSource.LocalDataSourceManager
13629:             1             24  com.intellij.database.dataSource.srcStorage.DbSrcChangesTracker$App$1
13630:             1             24  com.intellij.database.dataSource.srcStorage.DbSrcFileSystem$1
13631:             1             24  com.intellij.database.dataSource.srcStorage.DbSrcFileSystem$MyDataSourceUpdater
13632:             1             24  com.intellij.database.dataSource.srcStorage.backend.DbSrcStorageManager
13633:             1             24  com.intellij.database.datagrid.GridPositionWidget
13634:             1             24  com.intellij.database.datagrid.GridPositionWidget$1
13635:             1             24  com.intellij.database.datagrid.GridPositionWidget$2
13636:             1             24  com.intellij.database.diagram.DbDiagramProvider$4
13637:             1             24  com.intellij.database.diagram.plan.QueryPlanProvider$1
13638:             1             24  com.intellij.database.diagram.plan.QueryPlanProvider$4
13639:             1             24  com.intellij.database.dialects.base.TypeNames
13640:             1             24  com.intellij.database.dialects.oracle.debugger.OraDebuggerSettings
13641:             1             24  com.intellij.database.dialects.oracle.debugger.OraLineBreakpointType
13642:             1             24  com.intellij.database.editor.CsvTableFileEditorProvider
13643:             1             24  com.intellij.database.editor.DatabaseEditorHelper$3
13644:             1             24  com.intellij.database.editor.DatabaseEditorHelper$4
13645:             1             24  com.intellij.database.editor.DatabaseTableFileEditorProvider
13646:             1             24  com.intellij.database.editor.FragmentTableFileEditorProvider
13647:             1             24  com.intellij.database.model.NameVersion
13648:             1             24  com.intellij.database.model.ObjectName
13649:             1             24  com.intellij.database.psi.DbPsiFacadeImpl$State
13650:             1             24  com.intellij.database.run.ui.grid.editors.CellEditorScratchRootType
13651:             1             24  com.intellij.database.settings.UserPatterns
13652:             1             24  com.intellij.database.util.DasUtil$EmptyModel
13653:             1             24  com.intellij.database.util.TreePatternNode
13654:             1             24  com.intellij.database.view.DatabaseColorManager$Local$1
13655:             1             24  com.intellij.database.view.DatabaseColorManager$LocalColors
13656:             1             24  com.intellij.debugger.JavaDebuggerBundle
13657:             1             24  com.intellij.debugger.impl.DebuggerManagerImpl$MyDebuggerStateManager
13658:             1             24  com.intellij.debugger.streams.lib.impl.DefaultLibrarySupport
13659:             1             24  com.intellij.debugger.streams.lib.impl.JBIterableSupportProvider
13660:             1             24  com.intellij.debugger.streams.lib.impl.StreamExLibrarySupportProvider
13661:             1             24  com.intellij.debugger.streams.psi.impl.JavaStreamChainBuilder
13662:             1             24  com.intellij.debugger.streams.psi.impl.JavaStreamChainBuilder$MyStreamChainExistenceChecker
13663:             1             24  com.intellij.debugger.streams.psi.impl.PackageChainDetector
13664:             1             24  com.intellij.debugger.ui.breakpoints.BreakpointManager
13665:             1             24  com.intellij.debugger.ui.breakpoints.BreakpointManager$1
13666:             1             24  com.intellij.debugger.ui.breakpoints.JavaExceptionBreakpointType
13667:             1             24  com.intellij.debugger.ui.breakpoints.JavaFieldBreakpointType
13668:             1             24  com.intellij.debugger.ui.breakpoints.JavaLineBreakpointType
13669:             1             24  com.intellij.debugger.ui.breakpoints.JavaMethodBreakpointType
13670:             1             24  com.intellij.debugger.ui.breakpoints.JavaWildcardMethodBreakpointType
13671:             1             24  com.intellij.diagnostic.IdeMessagePanel$1
13672:             1             24  com.intellij.diagnostic.LowMemoryNotifier$1
13673:             1             24  com.intellij.diagnostic.MessagePool
13674:             1             24  com.intellij.diagnostic.MessagePool$MessageGrouper
13675:             1             24  com.intellij.diagnostic.PerformanceWatcher$1
13676:             1             24  com.intellij.diagnostic.startUpPerformanceReporter.TraceEventFormatWriter$writeServiceEvents$servicesSortedByTime$1
13677:             1             24  com.intellij.dmserver.artifacts.DMBundleArtifactType
13678:             1             24  com.intellij.dmserver.artifacts.DMConfigArtifactType
13679:             1             24  com.intellij.dmserver.artifacts.DMParArtifactType
13680:             1             24  com.intellij.dmserver.artifacts.DMPlanArtifactType
13681:             1             24  com.intellij.dmserver.editor.AvailableBundlesProvider$1
13682:             1             24  com.intellij.dmserver.editor.AvailableBundlesProvider$2
13683:             1             24  com.intellij.dmserver.editor.AvailableBundlesProvider$3
13684:             1             24  com.intellij.dmserver.integration.DMServerIntegration
13685:             1             24  com.intellij.dmserver.run.DMServerRunConfigurationType
13686:             1             24  com.intellij.dmserver.util.DmServerBundle
13687:             1             24  com.intellij.docker.DockerCloudType
13688:             1             24  com.intellij.docker.DockerFileDetector
13689:             1             24  com.intellij.docker.composeFile.ComposeMissingKeysInspection
13690:             1             24  com.intellij.docker.composeFile.ComposeUnknownKeysInspection
13691:             1             24  com.intellij.docker.composeFile.ComposeUnknownValuesInspection
13692:             1             24  com.intellij.docker.debug.DockerBeforeRunTaskProvider
13693:             1             24  com.intellij.docker.deploymentSource.DockerComposeDeploymentSourceType
13694:             1             24  com.intellij.docker.deploymentSource.DockerFileDeploymentSourceType
13695:             1             24  com.intellij.docker.deploymentSource.DockerImageDeploymentSourceType
13696:             1             24  com.intellij.docker.dockerFile.DockerFileType
13697:             1             24  com.intellij.docker.dockerFile.inspections.DockerFileAddOrCopySemanticInspection
13698:             1             24  com.intellij.docker.dockerFile.inspections.DockerFileArgumentCountInspection
13699:             1             24  com.intellij.docker.dockerFile.inspections.DockerFileAssignmentsInspection
13700:             1             24  com.intellij.docker.i18n.DockerBundle
13701:             1             24  com.intellij.docker.remoteDebug.JavaRemoteConfigurationAdapter
13702:             1             24  com.intellij.docker.scratch.DockerRootType
13703:             1             24  com.intellij.dsm.DsmBundle
13704:             1             24  com.intellij.dupLocator.DupLocatorBundle
13705:             1             24  com.intellij.dvcs.repo.Repository$State$1
13706:             1             24  com.intellij.dvcs.repo.Repository$State$2
13707:             1             24  com.intellij.dvcs.repo.Repository$State$3
13708:             1             24  com.intellij.dvcs.repo.Repository$State$4
13709:             1             24  com.intellij.dvcs.ui.DvcsBundle
13710:             1             24  com.intellij.ee.websocket.highlighting.IncorrectOnMessageMethodsInspection
13711:             1             24  com.intellij.ee.websocket.highlighting.ServerEndpointInconsistencyInspection
13712:             1             24  com.intellij.execution.ExecutionBundle
13713:             1             24  com.intellij.execution.ExecutorRegistryImpl
13714:             1             24  com.intellij.execution.JUnitBundle
13715:             1             24  com.intellij.execution.application.ApplicationConfigurationType$1
13716:             1             24  com.intellij.execution.configuration.EnvironmentVariablesData
13717:             1             24  com.intellij.execution.console.HistoryRootType
13718:             1             24  com.intellij.execution.console.IdeConsoleRootType
13719:             1             24  com.intellij.execution.dashboard.PanelContentUI
13720:             1             24  com.intellij.execution.dashboard.RunDashboardManagerImpl$1
13721:             1             24  com.intellij.execution.dashboard.RunDashboardManagerImpl$State
13722:             1             24  com.intellij.execution.executors.DefaultDebugExecutor
13723:             1             24  com.intellij.execution.impl.RunManagerImpl$config$2
13724:             1             24  com.intellij.execution.impl.RunManagerImpl$idToType$1
13725:             1             24  com.intellij.execution.impl.RunManagerImpl$stringIdToBeforeRunProvider$1
13726:             1             24  com.intellij.execution.impl.TemplateDifferenceHelper
13727:             1             24  com.intellij.execution.jshell.JShellRootType
13728:             1             24  com.intellij.execution.junit.TestInClassConfigurationProducer
13729:             1             24  com.intellij.execution.junit.codeInsight.JUnit5MalformedNestedClassInspection
13730:             1             24  com.intellij.execution.junit.codeInsight.JUnit5MalformedParameterizedInspection
13731:             1             24  com.intellij.execution.junit.codeInsight.JUnit5MalformedRepeatedTestInspection
13732:             1             24  com.intellij.execution.rmi.RemoteDeadHand$TwoMinutesTurkish
13733:             1             24  com.intellij.execution.rmi.RemoteProcessSupport$2
13734:             1             24  com.intellij.execution.services.ServiceViewManagerImpl$State
13735:             1             24  com.intellij.execution.startup.ProjectStartupTaskManager
13736:             1             24  com.intellij.execution.target.TargetPlatform
13737:             1             24  com.intellij.execution.testDiscovery.AffectedTestsInChangeListPainter
13738:             1             24  com.intellij.execution.testDiscovery.TestDiscoveryIndex
13739:             1             24  com.intellij.execution.testframework.TestFailedLineInspection
13740:             1             24  com.intellij.externalDependencies.impl.ExternalDependenciesManagerImpl
13741:             1             24  com.intellij.facet.FacetFromExternalSourcesStorage
13742:             1             24  com.intellij.facet.impl.pointers.FacetPointersManagerImpl
13743:             1             24  com.intellij.find.FindBundle
13744:             1             24  com.intellij.find.findUsages.FindUsagesManager
13745:             1             24  com.intellij.find.findUsages.FindUsagesOptions
13746:             1             24  com.intellij.find.impl.FindResultImpl
13747:             1             24  com.intellij.framework.detection.FacetBasedFrameworkDetector$FacetBasedFrameworkType
13748:             1             24  com.intellij.framework.detection.impl.exclude.old.OldFacetDetectionExcludesConfiguration
13749:             1             24  com.intellij.framework.library.LibraryBasedFrameworkSupportProvider
13750:             1             24  com.intellij.freemarker.FreeMarkerBundle
13751:             1             24  com.intellij.freemarker.inspections.CreateDynamicMethodFix
13752:             1             24  com.intellij.freemarker.inspections.CreateSignatureDirectiveFromUsage$Explicit
13753:             1             24  com.intellij.freemarker.inspections.CreateSignatureDirectiveFromUsage$Implicit
13754:             1             24  com.intellij.freemarker.inspections.DefineImplicitToplevelVariableIntention$Local
13755:             1             24  com.intellij.freemarker.inspections.DefineImplicitToplevelVariableIntention$LocalExternal
13756:             1             24  com.intellij.freemarker.inspections.DefineImplicitVariableIntention$Local
13757:             1             24  com.intellij.freemarker.inspections.DefineImplicitVariableIntention$LocalExternal
13758:             1             24  com.intellij.freemarker.inspections.DefineImplicitVariableIntention$ModuleWide
13759:             1             24  com.intellij.freemarker.inspections.FtlCallsInspection
13760:             1             24  com.intellij.freemarker.inspections.FtlDeprecatedBuiltInsInspection
13761:             1             24  com.intellij.freemarker.inspections.FtlErrorFilter
13762:             1             24  com.intellij.freemarker.inspections.FtlFileReferencesInspection
13763:             1             24  com.intellij.freemarker.inspections.FtlImportCallInspection
13764:             1             24  com.intellij.freemarker.inspections.FtlReferencesInspection
13765:             1             24  com.intellij.freemarker.inspections.FtlTypesInspection
13766:             1             24  com.intellij.freemarker.inspections.FtlWellformednessInspection
13767:             1             24  com.intellij.freemarker.psi.FtlCompositeElementTypes$1
13768:             1             24  com.intellij.freemarker.psi.FtlCompositeElementTypes$10
13769:             1             24  com.intellij.freemarker.psi.FtlCompositeElementTypes$11
13770:             1             24  com.intellij.freemarker.psi.FtlCompositeElementTypes$12
13771:             1             24  com.intellij.freemarker.psi.FtlCompositeElementTypes$13
13772:             1             24  com.intellij.freemarker.psi.FtlCompositeElementTypes$14
13773:             1             24  com.intellij.freemarker.psi.FtlCompositeElementTypes$15
13774:             1             24  com.intellij.freemarker.psi.FtlCompositeElementTypes$16
13775:             1             24  com.intellij.freemarker.psi.FtlCompositeElementTypes$17
13776:             1             24  com.intellij.freemarker.psi.FtlCompositeElementTypes$18
13777:             1             24  com.intellij.freemarker.psi.FtlCompositeElementTypes$19
13778:             1             24  com.intellij.freemarker.psi.FtlCompositeElementTypes$2
13779:             1             24  com.intellij.freemarker.psi.FtlCompositeElementTypes$20
13780:             1             24  com.intellij.freemarker.psi.FtlCompositeElementTypes$21
13781:             1             24  com.intellij.freemarker.psi.FtlCompositeElementTypes$22
13782:             1             24  com.intellij.freemarker.psi.FtlCompositeElementTypes$23
13783:             1             24  com.intellij.freemarker.psi.FtlCompositeElementTypes$24
13784:             1             24  com.intellij.freemarker.psi.FtlCompositeElementTypes$25
13785:             1             24  com.intellij.freemarker.psi.FtlCompositeElementTypes$3
13786:             1             24  com.intellij.freemarker.psi.FtlCompositeElementTypes$4
13787:             1             24  com.intellij.freemarker.psi.FtlCompositeElementTypes$5
13788:             1             24  com.intellij.freemarker.psi.FtlCompositeElementTypes$6
13789:             1             24  com.intellij.freemarker.psi.FtlCompositeElementTypes$7
13790:             1             24  com.intellij.freemarker.psi.FtlCompositeElementTypes$8
13791:             1             24  com.intellij.freemarker.psi.FtlCompositeElementTypes$9
13792:             1             24  com.intellij.freemarker.psi.FtlElementTypes$1
13793:             1             24  com.intellij.freemarker.psi.FtlElementTypes$2
13794:             1             24  com.intellij.freemarker.psi.FtlElementTypes$3
13795:             1             24  com.intellij.freemarker.psi.FtlQualifierType
13796:             1             24  com.intellij.freemarker.psi.files.FtlFileType
13797:             1             24  com.intellij.grazie.GrazieConfig$Version$OLD_UI
13798:             1             24  com.intellij.grazie.detection.LangDetector$available$2
13799:             1             24  com.intellij.grazie.detector.heuristics.list.ListDetector
13800:             1             24  com.intellij.grazie.detector.heuristics.list.ListDetector$detect$1
13801:             1             24  com.intellij.grazie.detector.heuristics.list.ListDetector$detect$2
13802:             1             24  com.intellij.grazie.detector.heuristics.rule.RuleDetector$detect$2
13803:             1             24  com.intellij.grazie.detector.heuristics.rule.RuleFilter$filter$1
13804:             1             24  com.intellij.grazie.detector.ngram.impl.NgramExtractor
13805:             1             24  com.intellij.grazie.detector.ngram.impl.NgramFrequencies
13806:             1             24  com.intellij.grazie.detector.utils.StatisticsKt$unite$1
13807:             1             24  com.intellij.grazie.detector.utils.filter.RemoveMinorityScriptsTextFilter
13808:             1             24  com.intellij.grazie.ide.inspection.detection.LanguageDetectionInspection
13809:             1             24  com.intellij.grazie.ide.inspection.detection.LanguageDetectionInspection$Companion$available$2
13810:             1             24  com.intellij.grazie.ide.inspection.detection.LanguageDetectionInspection$Companion$disabled$2
13811:             1             24  com.intellij.grazie.ide.inspection.detection.LanguageDetectionInspection$Companion$disabledStrategiesIDs$2
13812:             1             24  com.intellij.grazie.ide.inspection.detection.LanguageDetectionInspection$Companion$enabledStrategiesIDs$2
13813:             1             24  com.intellij.grazie.ide.inspection.grammar.GrazieCommitInspection$Companion$suppression$2
13814:             1             24  com.intellij.grazie.ide.inspection.grammar.GrazieInspection
13815:             1             24  com.intellij.grazie.ide.inspection.grammar.GrazieInspection$Companion$checking$2
13816:             1             24  com.intellij.grazie.ide.inspection.grammar.GrazieInspection$Companion$disabledStrategiesIDs$2
13817:             1             24  com.intellij.grazie.ide.inspection.grammar.GrazieInspection$Companion$enabledStrategiesIDs$2
13818:             1             24  com.intellij.grazie.ide.inspection.grammar.GrazieInspection$Companion$suppression$2
13819:             1             24  com.intellij.guice.GuiceBundle
13820:             1             24  com.intellij.guice.inspections.BindingAnnotationWithoutInjectInspection
13821:             1             24  com.intellij.guice.inspections.ConflictingAnnotationsInspection
13822:             1             24  com.intellij.guice.inspections.InterceptionAnnotationWithoutRuntimeRetentionInspection
13823:             1             24  com.intellij.guice.inspections.InvalidImplementedByInspection
13824:             1             24  com.intellij.guice.inspections.InvalidProvidedByInspection
13825:             1             24  com.intellij.guice.inspections.InvalidRequestParametersInspection
13826:             1             24  com.intellij.guice.inspections.MultipleBindingAnnotationsInspection
13827:             1             24  com.intellij.guice.inspections.MultipleInjectedConstructorsForClassInspection
13828:             1             24  com.intellij.guice.inspections.PointlessBindingInspection
13829:             1             24  com.intellij.guice.inspections.RedundantScopeBindingInspection
13830:             1             24  com.intellij.guice.inspections.RedundantToBindingInspection
13831:             1             24  com.intellij.guice.inspections.RedundantToProviderBindingInspection
13832:             1             24  com.intellij.guice.inspections.SessionScopedInjectsRequestScopedInspection
13833:             1             24  com.intellij.guice.inspections.SingletonInjectsScopedInspection
13834:             1             24  com.intellij.guice.inspections.UninstantiableBindingInspection
13835:             1             24  com.intellij.guice.inspections.UninstantiableImplementedByClassInspection
13836:             1             24  com.intellij.guice.inspections.UninstantiableProvidedByClassInspection
13837:             1             24  com.intellij.guice.inspections.UnnecessaryStaticInjectionInspection
13838:             1             24  com.intellij.guice.intentions.ToggleInjectionRequiredIntention
13839:             1             24  com.intellij.gwt.GwtBundle
13840:             1             24  com.intellij.gwt.clientBundle.CssResourceClassErrorsInspection
13841:             1             24  com.intellij.gwt.clientBundle.css.language.GwtCssElementTypes$GwtCssFileElementType
13842:             1             24  com.intellij.gwt.facet.GwtFacetFrameworkSupportProvider
13843:             1             24  com.intellij.gwt.facet.GwtFacetType$GwtFrameworkDetector
13844:             1             24  com.intellij.gwt.inspections.ClientClassFromNonInheritedModuleUsageInspection
13845:             1             24  com.intellij.gwt.inspections.GwtCreateMethodCallInspection
13846:             1             24  com.intellij.gwt.inspections.GwtDefaultPackageNotRegisteredInspection
13847:             1             24  com.intellij.gwt.inspections.GwtDeprecatedPropertyKeyJavadocTagInspection
13848:             1             24  com.intellij.gwt.inspections.GwtInconsistentAsyncInterfaceInspection
13849:             1             24  com.intellij.gwt.inspections.GwtInconsistentLocalizableInterfaceInspection
13850:             1             24  com.intellij.gwt.inspections.GwtInconsistentSerializableClassInspection
13851:             1             24  com.intellij.gwt.inspections.GwtJavaFromJSMethodCallsInspection
13852:             1             24  com.intellij.gwt.inspections.GwtJavaScriptReferencesInspection
13853:             1             24  com.intellij.gwt.inspections.GwtMethodWithParametersInConstantsInterfaceInspection
13854:             1             24  com.intellij.gwt.inspections.GwtNonSerializableRemoteServiceMethodParametersInspection
13855:             1             24  com.intellij.gwt.inspections.GwtObsoleteTypeArgsJavadocTagInspection
13856:             1             24  com.intellij.gwt.inspections.GwtOverlayTypeRestrictionsInspection
13857:             1             24  com.intellij.gwt.inspections.GwtRawAsyncCallbackInspection
13858:             1             24  com.intellij.gwt.inspections.GwtServiceNotRegisteredInspection
13859:             1             24  com.intellij.gwt.inspections.GwtToCssClassReferencesInspection
13860:             1             24  com.intellij.gwt.inspections.GwtToHtmlTagReferencesInspection
13861:             1             24  com.intellij.gwt.inspections.GwtUiBinderErrorsInspection
13862:             1             24  com.intellij.gwt.inspections.GwtUiFieldAssignmentInspection
13863:             1             24  com.intellij.gwt.inspections.GwtUiFieldErrorsInspection
13864:             1             24  com.intellij.gwt.inspections.GwtUiHandlerErrorsInspection
13865:             1             24  com.intellij.gwt.inspections.NonJREEmulationClassesInClientCodeInspection
13866:             1             24  com.intellij.gwt.inspections.RedundantSetServiceEntryPointMethodCallsInspection
13867:             1             24  com.intellij.gwt.inspections.UiXmlUnresolvedReferencesInspection
13868:             1             24  com.intellij.gwt.inspections.eventListeners.GwtDeprecatedEventListenersInspection
13869:             1             24  com.intellij.gwt.module.GwtModulesManagerImpl
13870:             1             24  com.intellij.gwt.module.index.GwtHtmlFileIndex$2
13871:             1             24  com.intellij.gwt.psi.GwtSourcePathsRefresher
13872:             1             24  com.intellij.gwt.run.GwtRunConfigurationType$1
13873:             1             24  com.intellij.gwt.superSource.GwtSuperSourceClassCacheImpl
13874:             1             24  com.intellij.gwt.uiBinder.UiBinderUtil$UiXmlFilesScope
13875:             1             24  com.intellij.helidon.providers.HelidonHttpRequestPathParamReferenceProvider
13876:             1             24  com.intellij.helidon.providers.HelidonReferenceContributor$registerReferenceProviders$1
13877:             1             24  com.intellij.hibernate.HibernateBundle
13878:             1             24  com.intellij.hibernate.facet.HibernateFacetType$HibernateFrameworkDetector
13879:             1             24  com.intellij.hibernate.facet.HibernateFrameworkSupportProvider
13880:             1             24  com.intellij.hibernate.highlighting.CriteriaApiResolveInspection
13881:             1             24  com.intellij.hibernate.highlighting.HibernateConfigDomFacetInspection
13882:             1             24  com.intellij.hibernate.highlighting.HibernateConfigDomInspection
13883:             1             24  com.intellij.hibernate.highlighting.HibernateMappingDatasourceDomInspection
13884:             1             24  com.intellij.hibernate.highlighting.HibernateMappingDomInspection
13885:             1             24  com.intellij.history.core.LocalHistoryFacade
13886:             1             24  com.intellij.history.core.LocalHistoryFacade$3
13887:             1             24  com.intellij.history.core.LocalHistoryRecordsTable
13888:             1             24  com.intellij.history.integration.LocalHistoryBundle
13889:             1             24  com.intellij.history.integration.LocalHistoryEventDispatcher
13890:             1             24  com.intellij.html.index.Html5CustomAttributesIndex$2
13891:             1             24  com.intellij.htmltools.HtmlToolsBundle
13892:             1             24  com.intellij.htmltools.codeInspection.htmlInspections.HtmlDeprecatedAttributeInspection
13893:             1             24  com.intellij.htmltools.codeInspection.htmlInspections.HtmlDeprecatedTagInspection
13894:             1             24  com.intellij.htmltools.codeInspection.htmlInspections.HtmlFormInputWithoutLabelInspection
13895:             1             24  com.intellij.htmltools.codeInspection.htmlInspections.HtmlNonExistentInternetResourceInspection
13896:             1             24  com.intellij.htmltools.codeInspection.htmlInspections.HtmlPresentationalElementInspection
13897:             1             24  com.intellij.htmltools.codeInspection.htmlInspections.HtmlRequiredAltAttributeInspection
13898:             1             24  com.intellij.htmltools.codeInspection.htmlInspections.HtmlRequiredLangAttributeInspection
13899:             1             24  com.intellij.htmltools.codeInspection.htmlInspections.HtmlRequiredSummaryAttributeInspection
13900:             1             24  com.intellij.htmltools.codeInspection.htmlInspections.HtmlRequiredTitleAttributeInspection
13901:             1             24  com.intellij.htmltools.codeInspection.htmlInspections.HtmlRequiredTitleElementInspection
13902:             1             24  com.intellij.htmltools.lang.annotation.HtmlNonExistentInternetResourcesAnnotator
13903:             1             24  com.intellij.htmltools.xml.util.CheckImageSizeInspection
13904:             1             24  com.intellij.htmltools.xml.util.HtmlUpdateImageSizeIntention
13905:             1             24  com.intellij.ide.ActivityTracker
13906:             1             24  com.intellij.ide.CommandLineWaitingManager
13907:             1             24  com.intellij.ide.CopyPasteDelegator
13908:             1             24  com.intellij.ide.CopyPasteManagerEx
13909:             1             24  com.intellij.ide.FrameStateManagerImpl
13910:             1             24  com.intellij.ide.FrameStateManagerImpl$1
13911:             1             24  com.intellij.ide.FrameStateManagerImpl$2
13912:             1             24  com.intellij.ide.GeneralSettingsConfigurableKt$myChkAutoSaveIfInactive$1
13913:             1             24  com.intellij.ide.GeneralSettingsConfigurableKt$myChkAutoSaveIfInactive$2
13914:             1             24  com.intellij.ide.GeneralSettingsConfigurableKt$myChkReopenLastProject$1
13915:             1             24  com.intellij.ide.GeneralSettingsConfigurableKt$myChkReopenLastProject$2
13916:             1             24  com.intellij.ide.GeneralSettingsConfigurableKt$myChkSaveOnFrameDeactivation$1
13917:             1             24  com.intellij.ide.GeneralSettingsConfigurableKt$myChkSaveOnFrameDeactivation$2
13918:             1             24  com.intellij.ide.GeneralSettingsConfigurableKt$myChkSyncOnFrameActivation$1
13919:             1             24  com.intellij.ide.GeneralSettingsConfigurableKt$myChkSyncOnFrameActivation$2
13920:             1             24  com.intellij.ide.GeneralSettingsConfigurableKt$myChkUseSafeWrite$1
13921:             1             24  com.intellij.ide.GeneralSettingsConfigurableKt$myChkUseSafeWrite$2
13922:             1             24  com.intellij.ide.GeneralSettingsConfigurableKt$myConfirmExit$1
13923:             1             24  com.intellij.ide.GeneralSettingsConfigurableKt$myConfirmExit$2
13924:             1             24  com.intellij.ide.HelpTooltip$Alignment$1
13925:             1             24  com.intellij.ide.HelpTooltip$Alignment$2
13926:             1             24  com.intellij.ide.HelpTooltip$Alignment$3
13927:             1             24  com.intellij.ide.HelpTooltip$Alignment$4
13928:             1             24  com.intellij.ide.IdeBundle
13929:             1             24  com.intellij.ide.IdeEventQueue$MyLastShortcut
13930:             1             24  com.intellij.ide.IdeEventQueue$WindowsAltSuppressor
13931:             1             24  com.intellij.ide.IdePopupManager
13932:             1             24  com.intellij.ide.JavaUiBundle
13933:             1             24  com.intellij.ide.NativeIconProvider
13934:             1             24  com.intellij.ide.PsiCopyPasteManager
13935:             1             24  com.intellij.ide.RecentProjectIconHelper
13936:             1             24  com.intellij.ide.RecentProjectsManagerBase$nameResolver$1
13937:             1             24  com.intellij.ide.SaveAndSyncHandler$SaveTask
13938:             1             24  com.intellij.ide.SelectInManager
13939:             1             24  com.intellij.ide.SystemHealthMonitor$4
13940:             1             24  com.intellij.ide.TypePresentationServiceImpl
13941:             1             24  com.intellij.ide.UiActivityMonitorImpl
13942:             1             24  com.intellij.ide.UiActivityMonitorImpl$2
13943:             1             24  com.intellij.ide.actions.ToggleToolbarAction$1
13944:             1             24  com.intellij.ide.b.f.b
13945:             1             24  com.intellij.ide.b.l.aR
13946:             1             24  com.intellij.ide.b.l.ac$$Lambda$343/0x00000008004a4040
13947:             1             24  com.intellij.ide.b.l.ac$$Lambda$344/0x00000008004a4440
13948:             1             24  com.intellij.ide.b.l.f
13949:             1             24  com.intellij.ide.bookmarks.BookmarkManager$$Lambda$2190/0x00000008019c2040
13950:             1             24  com.intellij.ide.browsers.StartBrowserSettings
13951:             1             24  com.intellij.ide.browsers.firefox.FirefoxSettings
13952:             1             24  com.intellij.ide.cds.CDSStartupActivity
13953:             1             24  com.intellij.ide.dnd.aware.DnDAwareTree$1
13954:             1             24  com.intellij.ide.extensionResources.ExtensionsRootType
13955:             1             24  com.intellij.ide.favoritesTreeView.FavoritesViewSettings
13956:             1             24  com.intellij.ide.fileTemplates.impl.FileTemplateManagerImpl$1
13957:             1             24  com.intellij.ide.fileTemplates.impl.FileTemplateManagerImpl$State
13958:             1             24  com.intellij.ide.gdpr.ConsentOptions
13959:             1             24  com.intellij.ide.gdpr.ConsentOptions$InstanceHolder$1
13960:             1             24  com.intellij.ide.highlighter.DTDFileType
13961:             1             24  com.intellij.ide.highlighter.HtmlFileType
13962:             1             24  com.intellij.ide.highlighter.JShellFileType
13963:             1             24  com.intellij.ide.highlighter.JavaFileType
13964:             1             24  com.intellij.ide.highlighter.JspxFileType
13965:             1             24  com.intellij.ide.highlighter.NewJspFileType
13966:             1             24  com.intellij.ide.highlighter.XHtmlFileType
13967:             1             24  com.intellij.ide.highlighter.XmlFileType
13968:             1             24  com.intellij.ide.highlighter.custom.impl.CustomFileTypeBraceMatcher$1
13969:             1             24  com.intellij.ide.impl.PackagesPaneSelectInTarget
13970:             1             24  com.intellij.ide.impl.ProjectPaneSelectInTarget
13971:             1             24  com.intellij.ide.impl.ui.ProductsIconsImpl
13972:             1             24  com.intellij.ide.lightEdit.LightEditorManagerImpl
13973:             1             24  com.intellij.ide.macro.ColumnNumberMacro
13974:             1             24  com.intellij.ide.macro.LineNumberMacro
13975:             1             24  com.intellij.ide.macro.SelectedTextMacro
13976:             1             24  com.intellij.ide.macro.SelectionEndColumnMacro
13977:             1             24  com.intellij.ide.macro.SelectionEndLineMacro
13978:             1             24  com.intellij.ide.macro.SelectionStartColumnMacro
13979:             1             24  com.intellij.ide.macro.SelectionStartLineMacro
13980:             1             24  com.intellij.ide.navigationToolbar.NavBarListener
13981:             1             24  com.intellij.ide.projectView.impl.AbstractProjectViewPSIPane$2
13982:             1             24  com.intellij.ide.projectView.impl.AbstractProjectViewPane$2
13983:             1             24  com.intellij.ide.projectView.impl.AsyncProjectViewSupport
13984:             1             24  com.intellij.ide.projectView.impl.AsyncProjectViewSupport$$Lambda$3145/0x0000000801df2c40
13985:             1             24  com.intellij.ide.projectView.impl.DirectoryUrl
13986:             1             24  com.intellij.ide.projectView.impl.FileNestingBuilder
13987:             1             24  com.intellij.ide.projectView.impl.JavaProjectViewDirectoryHelper
13988:             1             24  com.intellij.ide.projectView.impl.LibraryModuleGroupUrl
13989:             1             24  com.intellij.ide.projectView.impl.ModuleGroupUrl
13990:             1             24  com.intellij.ide.projectView.impl.ModuleUrl
13991:             1             24  com.intellij.ide.projectView.impl.NamedLibraryUrl
13992:             1             24  com.intellij.ide.projectView.impl.ProjectViewFileNestingService
13993:             1             24  com.intellij.ide.projectView.impl.ProjectViewImpl$1
13994:             1             24  com.intellij.ide.projectView.impl.ProjectViewImpl$10
13995:             1             24  com.intellij.ide.projectView.impl.ProjectViewImpl$11
13996:             1             24  com.intellij.ide.projectView.impl.ProjectViewImpl$12
13997:             1             24  com.intellij.ide.projectView.impl.ProjectViewImpl$13
13998:             1             24  com.intellij.ide.projectView.impl.ProjectViewImpl$14
13999:             1             24  com.intellij.ide.projectView.impl.ProjectViewImpl$15
14000:             1             24  com.intellij.ide.projectView.impl.ProjectViewImpl$16
14001:             1             24  com.intellij.ide.projectView.impl.ProjectViewImpl$17
14002:             1             24  com.intellij.ide.projectView.impl.ProjectViewImpl$2
14003:             1             24  com.intellij.ide.projectView.impl.ProjectViewImpl$3
14004:             1             24  com.intellij.ide.projectView.impl.ProjectViewImpl$4
14005:             1             24  com.intellij.ide.projectView.impl.ProjectViewImpl$5
14006:             1             24  com.intellij.ide.projectView.impl.ProjectViewImpl$6
14007:             1             24  com.intellij.ide.projectView.impl.ProjectViewImpl$7
14008:             1             24  com.intellij.ide.projectView.impl.ProjectViewImpl$8
14009:             1             24  com.intellij.ide.projectView.impl.ProjectViewImpl$9
14010:             1             24  com.intellij.ide.projectView.impl.ProjectViewImpl$MyPanel$$Lambda$3111/0x0000000801dc1040
14011:             1             24  com.intellij.ide.projectView.impl.PsiFileUrl
14012:             1             24  com.intellij.ide.projectView.impl.nodes.NamedLibraryElement
14013:             1             24  com.intellij.ide.projectWizard.ModuleNameLocationComponent$1
14014:             1             24  com.intellij.ide.projectWizard.ModuleNameLocationComponent$2
14015:             1             24  com.intellij.ide.projectWizard.ModuleNameLocationComponent$3
14016:             1             24  com.intellij.ide.projectWizard.ModuleNameLocationComponent$6
14017:             1             24  com.intellij.ide.projectWizard.ProjectTypeStep$1
14018:             1             24  com.intellij.ide.projectWizard.TemplateBasedCategory
14019:             1             24  com.intellij.ide.scopeView.ScopePaneSelectInTarget
14020:             1             24  com.intellij.ide.scopeView.ScopeViewPane$1
14021:             1             24  com.intellij.ide.scratch.ScratchFileServiceImpl
14022:             1             24  com.intellij.ide.scratch.ScratchFileServiceImpl$1
14023:             1             24  com.intellij.ide.scratch.ScratchFileServiceImpl$MyLanguages
14024:             1             24  com.intellij.ide.scratch.ScratchFileType
14025:             1             24  com.intellij.ide.scratch.ScratchProjectViewPane$$Lambda$3114/0x0000000801dc7c40
14026:             1             24  com.intellij.ide.scratch.ScratchProjectViewPane$1
14027:             1             24  com.intellij.ide.scratch.ScratchRootType
14028:             1             24  com.intellij.ide.scratch.ScratchesNamedScope
14029:             1             24  com.intellij.ide.scratch.ScratchesNamedScope$1
14030:             1             24  com.intellij.ide.scratch.ScratchesSearchScope
14031:             1             24  com.intellij.ide.todo.TodoPanelSettings
14032:             1             24  com.intellij.ide.ui.laf.LafManagerImpl$DefaultMenuArrowIcon
14033:             1             24  com.intellij.ide.ui.laf.LafManagerImpl$OurPopupFactory
14034:             1             24  com.intellij.ide.ui.laf.darcula.DarculaLookAndFeelInfo
14035:             1             24  com.intellij.ide.ui.laf.darcula.DarculaUIUtil$Outline$1
14036:             1             24  com.intellij.ide.ui.laf.darcula.DarculaUIUtil$Outline$2
14037:             1             24  com.intellij.ide.ui.laf.darcula.DarculaUIUtil$Outline$3
14038:             1             24  com.intellij.ide.ui.laf.darcula.DarculaUIUtil$Outline$4
14039:             1             24  com.intellij.ide.ui.laf.darcula.ui.TextFieldWithPopupHandlerUI$SearchExtension
14040:             1             24  com.intellij.ide.ui.search.SearchableOptionsRegistrarImpl$1
14041:             1             24  com.intellij.ide.util.PropertiesComponentBooleanProperty
14042:             1             24  com.intellij.ide.util.newProjectWizard.FrameworkVersionComponent$1
14043:             1             24  com.intellij.ide.util.newProjectWizard.SelectTemplateSettings
14044:             1             24  com.intellij.ide.util.projectWizard.NamePathComponent$NameFieldDocument$1
14045:             1             24  com.intellij.ide.util.projectWizard.NamePathComponent$PathFieldDocument$1
14046:             1             24  com.intellij.ide.util.projectWizard.SdkSettingsStep$1
14047:             1             24  com.intellij.ide.util.treeView.NodeOptions$Immutable
14048:             1             24  com.intellij.ide.util.treeView.PresentableNodeDescriptor$ColoredFragment
14049:             1             24  com.intellij.ide.util.treeView.TreeState
14050:             1             24  com.intellij.idea.ActionsBundle
14051:             1             24  com.intellij.idea.SocketLock$$Lambda$96/0x000000080022dc40
14052:             1             24  com.intellij.internal.DebugAttachDetector
14053:             1             24  com.intellij.internal.statistic.collectors.fus.actions.persistence.ActionsBuiltInWhitelist
14054:             1             24  com.intellij.internal.statistic.collectors.fus.ui.FeatureUsageUiEventsImpl
14055:             1             24  com.intellij.j2ee.web.WebProjectComponent$1
14056:             1             24  com.intellij.j2ee.web.WebProjectComponent$2
14057:             1             24  com.intellij.j2ee.web.highlighting.ServletWithoutMappingInspection
14058:             1             24  com.intellij.j2ee.web.highlighting.WebWarningInspection
14059:             1             24  com.intellij.j2ee.web.highlighting.WebXmlInspection
14060:             1             24  com.intellij.j2ee.web.jsr45.JSR45ConfigurationType
14061:             1             24  com.intellij.j2ee.web.jsr45.Jsr45DebugBundle
14062:             1             24  com.intellij.j2ee.web.view.WebJavaeeViewFrameworkProvider
14063:             1             24  com.intellij.j2ee.webSphere.applicationServer.WebSphereIntegrationImpl
14064:             1             24  com.intellij.j2ee.webSphere.configuration.WebSphereBuildLooseAppsBeforeRunTaskProvider
14065:             1             24  com.intellij.j2ee.webSphere.runDebug.configuration.WebSphereRunConfigurationType
14066:             1             24  com.intellij.jam.model.common.CommonModelManagerImpl
14067:             1             24  com.intellij.java.JavaBundle
14068:             1             24  com.intellij.java.analysis.JavaAnalysisBundle
14069:             1             24  com.intellij.java.i18n.JavaI18nBundle
14070:             1             24  com.intellij.javaee.J2EEBundle
14071:             1             24  com.intellij.javaee.JavaeeApplicationDomInspection
14072:             1             24  com.intellij.javaee.application.framework.JavaeeApplicationFrameworkDetector
14073:             1             24  com.intellij.javaee.config.ConcurrencyUtilsForJavaeeFrameworkType
14074:             1             24  com.intellij.javaee.config.ConnectorArchitectureFrameworkType
14075:             1             24  com.intellij.javaee.config.JavaeeSecurityFrameworkType
14076:             1             24  com.intellij.javaee.config.JmsFrameworkType
14077:             1             24  com.intellij.javaee.config.JsonBindingFrameworkType
14078:             1             24  com.intellij.javaee.config.JsonProcessingFrameworkType
14079:             1             24  com.intellij.javaee.config.TransactionJavaeeFrameworkType
14080:             1             24  com.intellij.javaee.ejb.framework.EjbFrameworkDetector
14081:             1             24  com.intellij.javaee.ejb.framework.EjbFrameworkType
14082:             1             24  com.intellij.javaee.ejb.inspections.EjbClassBasicInspection
14083:             1             24  com.intellij.javaee.ejb.inspections.EjbClassWarningsInspection
14084:             1             24  com.intellij.javaee.ejb.inspections.EjbEntityClassInspection
14085:             1             24  com.intellij.javaee.ejb.inspections.EjbEntityHomeInspection
14086:             1             24  com.intellij.javaee.ejb.inspections.EjbEntityInterfaceInspection
14087:             1             24  com.intellij.javaee.ejb.inspections.EjbEnvironmentInspection
14088:             1             24  com.intellij.javaee.ejb.inspections.EjbInterceptorInspection
14089:             1             24  com.intellij.javaee.ejb.inspections.EjbInterceptorWarningsInspection
14090:             1             24  com.intellij.javaee.ejb.inspections.EjbInterfaceMethodInspection
14091:             1             24  com.intellij.javaee.ejb.inspections.EjbInterfaceSignatureInspection
14092:             1             24  com.intellij.javaee.ejb.inspections.EjbProhibitedPackageUsageInspection
14093:             1             24  com.intellij.javaee.ejb.inspections.EjbRemoteRequirementsInspection
14094:             1             24  com.intellij.javaee.ejb.inspections.EjbSessionHomeInterfaceInspection
14095:             1             24  com.intellij.javaee.ejb.inspections.EjbStaticAccessInspection
14096:             1             24  com.intellij.javaee.ejb.inspections.EjbThisExpressionInspection
14097:             1             24  com.intellij.javaee.ejb.view.EjbJavaeeViewFrameworkProvider
14098:             1             24  com.intellij.javaee.make.J2EECompilerManager
14099:             1             24  com.intellij.javaee.make.J2EECompilerManager$1
14100:             1             24  com.intellij.javaee.managedbean.inspections.ManagedBeanClassInspection
14101:             1             24  com.intellij.javaee.module.view.ejb.editor.EjbAssemblyDescriptorEditorProvider
14102:             1             24  com.intellij.javaee.module.view.ejb.editor.EjbGeneralEditorProvider
14103:             1             24  com.intellij.javaee.oss.glassfish.server.GlassfishConfiguration
14104:             1             24  com.intellij.javaee.oss.glassfish.server.GlassfishInspection
14105:             1             24  com.intellij.javaee.oss.glassfish.server.GlassfishIntegration
14106:             1             24  com.intellij.javaee.oss.jboss.server.JBossConfiguration
14107:             1             24  com.intellij.javaee.oss.jboss.server.JBossInspection
14108:             1             24  com.intellij.javaee.oss.jboss.server.JBossIntegration
14109:             1             24  com.intellij.javaee.oss.jetty.server.JettyConfiguration
14110:             1             24  com.intellij.javaee.oss.jetty.server.JettyContextDeploymentMethod
14111:             1             24  com.intellij.javaee.oss.jetty.server.JettyIntegration
14112:             1             24  com.intellij.javaee.view.ArtifactSyncTracker
14113:             1             24  com.intellij.javaee.web.WebBundle
14114:             1             24  com.intellij.javaee.web.framework.WebFrameworkDetector
14115:             1             24  com.intellij.javaee.weblogic.WeblogicBundle
14116:             1             24  com.intellij.javaee.weblogic.WeblogicDomInspection
14117:             1             24  com.intellij.javaee.weblogic.appServerIntegration.WeblogicEjbEditorProvider
14118:             1             24  com.intellij.javaee.weblogic.appServerIntegration.WeblogicIntegration
14119:             1             24  com.intellij.javaee.weblogic.runDebug.configuration.WeblogicInstanceRunConfigurationType
14120:             1             24  com.intellij.javahttp.okhttp.OkHttpFramework
14121:             1             24  com.intellij.javahttp.retrofit.RetrofitFramework
14122:             1             24  com.intellij.javascript.debugger.JSDebuggerBundle
14123:             1             24  com.intellij.javascript.debugger.breakpoints.JavaScriptExceptionBreakpointProperties
14124:             1             24  com.intellij.javascript.debugger.breakpoints.JavaScriptExceptionBreakpointType
14125:             1             24  com.intellij.javascript.debugger.coverage.WipCoverageRunner
14126:             1             24  com.intellij.javascript.debugger.settings.CustomObjectPresentationState
14127:             1             24  com.intellij.javascript.debugger.sourcemap.SourceMapFileType
14128:             1             24  com.intellij.javascript.flex.css.FlexStylesIndexableSetContributor$1
14129:             1             24  com.intellij.javascript.flex.mxml.FlexXmlBackedMembersIndex$4
14130:             1             24  com.intellij.javascript.flex.mxml.schema.CodeContextHolder
14131:             1             24  com.intellij.javascript.jest.JestRunConfigurationProducer
14132:             1             24  com.intellij.javascript.jest.JestSnapshotFileType
14133:             1             24  com.intellij.javascript.jest.JestUtil$1
14134:             1             24  com.intellij.javascript.jest.coverage.JestCoverageRunner
14135:             1             24  com.intellij.javascript.jest.scope.JestScopeKind$1
14136:             1             24  com.intellij.javascript.jest.scope.JestScopeKind$2
14137:             1             24  com.intellij.javascript.jest.scope.JestScopeKind$3
14138:             1             24  com.intellij.javascript.jest.scope.JestScopeKind$4
14139:             1             24  com.intellij.javascript.nodejs.interpreter.local.NodeJsLocalInterpreterManager$1
14140:             1             24  com.intellij.javascript.nodejs.library.NodeModulesDirectoryManager$1
14141:             1             24  com.intellij.javascript.nodejs.library.NodeModulesLibrariesSnapshot
14142:             1             24  com.intellij.javascript.nodejs.library.core.NodeCoreLibraryConfigurator
14143:             1             24  com.intellij.javascript.nodejs.library.core.NodeCoreLibraryManager
14144:             1             24  com.intellij.javascript.nodejs.library.yarn.YarnPnpExcludePolicy
14145:             1             24  com.intellij.javascript.nodejs.packageJson.NodePackageBasicInfo
14146:             1             24  com.intellij.javascript.nodejs.packageJson.codeInsight.PackageJsonMismatchedDependencyInspection
14147:             1             24  com.intellij.javascript.protractor.ProtractorRunConfigurationProducer
14148:             1             24  com.intellij.javascript.protractor.scope.ProtractorScopeKind$1
14149:             1             24  com.intellij.javascript.protractor.scope.ProtractorScopeKind$2
14150:             1             24  com.intellij.javascript.protractor.scope.ProtractorScopeKind$3
14151:             1             24  com.intellij.javascript.protractor.scope.ProtractorScopeKind$4
14152:             1             24  com.intellij.javascript.testing.insight.JSTestFailedLineInspection
14153:             1             24  com.intellij.javascript.trace.TraceBundle
14154:             1             24  com.intellij.javascript.trace.execution.TraceBrowserConfigurationType$1
14155:             1             24  com.intellij.javascript.trace.execution.TraceNodeConfigurationType$1
14156:             1             24  com.intellij.jboss.jbpm.chart.editor.BpmnDesignerFileEditorProvider
14157:             1             24  com.intellij.jboss.jbpm.highlighting.BpmnConfigDomInspection
14158:             1             24  com.intellij.jboss.jpdl.fileEditor.JpdlDesignerFileEditorProvider
14159:             1             24  com.intellij.jboss.jpdl.inspections.JpdlModelInspection
14160:             1             24  com.intellij.jboss.jpdl.resources.messages.JpdlBundle
14161:             1             24  com.intellij.jpa.JpaDataSourceDetector
14162:             1             24  com.intellij.jpa.JpaMessages
14163:             1             24  com.intellij.jpa.facet.JpaFacetType$JpaFrameworkDetector
14164:             1             24  com.intellij.jpa.facet.JpaFrameworkSupportProvider
14165:             1             24  com.intellij.jpa.generation.GenerateEntityListenerMethodsHandler
14166:             1             24  com.intellij.jpa.highlighting.JpaDataSourceORMDomInspection
14167:             1             24  com.intellij.jpa.highlighting.JpaDataSourceORMInspection
14168:             1             24  com.intellij.jpa.highlighting.JpaDomFacetInspection
14169:             1             24  com.intellij.jpa.highlighting.JpaDomInspection
14170:             1             24  com.intellij.jpa.highlighting.JpaOrmDomInspection
14171:             1             24  com.intellij.jpa.highlighting.JpaQlInspection
14172:             1             24  com.intellij.jpa.highlighting.JpaQueryApiInspection
14173:             1             24  com.intellij.jpa.inspections.JpaAttributeMemberSignatureInspection
14174:             1             24  com.intellij.jpa.inspections.JpaAttributeTypeInspection
14175:             1             24  com.intellij.jpa.inspections.JpaEntityListenerInspection
14176:             1             24  com.intellij.jpa.inspections.JpaEntityListenerWarningsInspection
14177:             1             24  com.intellij.jpa.inspections.JpaMissingIdInspection
14178:             1             24  com.intellij.jpa.inspections.JpaModelReferenceInspection
14179:             1             24  com.intellij.jpa.inspections.JpaObjectClassSignatureInspection
14180:             1             24  com.intellij.jpa.view.finder.JpaViewFrameworkProvider
14181:             1             24  com.intellij.jsf.composite.references.CompositeActionSourceForAttributeReferenceProvider
14182:             1             24  com.intellij.jsf.composite.references.CompositeValueHolderForAttributeReferenceProvider
14183:             1             24  com.intellij.jsf.facet.IcefacesFrameworkType
14184:             1             24  com.intellij.jsf.facet.JsfCoreFrameworkType
14185:             1             24  com.intellij.jsf.facet.OpenfacesFrameworkType
14186:             1             24  com.intellij.jsf.facet.PrimefacesFrameworkType
14187:             1             24  com.intellij.jsf.facet.RichfacesFrameworkType
14188:             1             24  com.intellij.jsf.highlighting.jam.JsfJamExtendsClassInconsistencyInspection
14189:             1             24  com.intellij.jsf.highlighting.xml.JsfDomModelInspection
14190:             1             24  com.intellij.jsf.highlighting.xml.JsfManagedBeansInconsistencyInspection
14191:             1             24  com.intellij.jsf.references.JsfConverterIdXmlAttributeReferencesProvider$2
14192:             1             24  com.intellij.jsf.resources.FacesBundle
14193:             1             24  com.intellij.jsf.yfilesGraph.editor.FacesNavigationFileEditorProvider
14194:             1             24  com.intellij.json.JsonBundle
14195:             1             24  com.intellij.json.JsonFileType
14196:             1             24  com.intellij.json.codeinsight.JsonDuplicatePropertyKeysInspection
14197:             1             24  com.intellij.json.codeinsight.JsonStandardComplianceInspection
14198:             1             24  com.intellij.json.editor.JsonEditorOptions
14199:             1             24  com.intellij.json.highlighting.JsonRainbowVisitor
14200:             1             24  com.intellij.json.json5.Json5FileType
14201:             1             24  com.intellij.json.json5.codeinsight.Json5StandardComplianceInspection
14202:             1             24  com.intellij.json.liveTemplates.JsonInLiteralsContextType
14203:             1             24  com.intellij.json.liveTemplates.JsonInPropertyKeysContextType
14204:             1             24  com.intellij.jsp.JavaeeJspBundle
14205:             1             24  com.intellij.jsp.base.JavaeeJspBaseBundle
14206:             1             24  com.intellij.jsp.taglibs.TaglibDomModelInspection
14207:             1             24  com.intellij.laf.macos.MacLafProvider$MacOsLookAndFeelInfo
14208:             1             24  com.intellij.lang.actionscript.ActionScriptElementTypes$1
14209:             1             24  com.intellij.lang.actionscript.ActionScriptElementTypes$2
14210:             1             24  com.intellij.lang.actionscript.ActionScriptElementTypes$3
14211:             1             24  com.intellij.lang.actionscript.types.ActionScriptFunctionElementType
14212:             1             24  com.intellij.lang.actionscript.types.ActionScriptFunctionExpressionElementType
14213:             1             24  com.intellij.lang.actionscript.types.ActionScriptVariableElementType
14214:             1             24  com.intellij.lang.ant.ForcedAntFileAttribute
14215:             1             24  com.intellij.lang.ant.dom.AntResolveInspection
14216:             1             24  com.intellij.lang.ant.validation.AntDuplicateTargetsInspection
14217:             1             24  com.intellij.lang.ant.validation.AntMissingPropertiesFileInspection
14218:             1             24  com.intellij.lang.aspectj.AjFileType
14219:             1             24  com.intellij.lang.aspectj.AspectJBundle
14220:             1             24  com.intellij.lang.aspectj.psi.stub.AjFileElementType
14221:             1             24  com.intellij.lang.css.linter.stylelint.StylelintInspection
14222:             1             24  com.intellij.lang.ecmascript6.ES6FileType
14223:             1             24  com.intellij.lang.ecmascript6.JSXHarmonyFileType
14224:             1             24  com.intellij.lang.ecmascript6.types.ES6AssignmentPropertyElementType
14225:             1             24  com.intellij.lang.ecmascript6.types.ES6ClassElementType
14226:             1             24  com.intellij.lang.ecmascript6.types.ES6ClassExpressionElementType
14227:             1             24  com.intellij.lang.ecmascript6.types.ES6ComputedNameElementType
14228:             1             24  com.intellij.lang.ecmascript6.types.ES6ExportDeclarationElementType
14229:             1             24  com.intellij.lang.ecmascript6.types.ES6ExportDefaultAssignmentElementType
14230:             1             24  com.intellij.lang.ecmascript6.types.ES6ExportSpecifierAliasElementType
14231:             1             24  com.intellij.lang.ecmascript6.types.ES6ExportSpecifierElementType
14232:             1             24  com.intellij.lang.ecmascript6.types.ES6ExportedDefaultBindingElementType
14233:             1             24  com.intellij.lang.ecmascript6.types.ES6FieldElementType
14234:             1             24  com.intellij.lang.ecmascript6.types.ES6FromClauseElementType
14235:             1             24  com.intellij.lang.ecmascript6.types.ES6FunctionPropertyElementType
14236:             1             24  com.intellij.lang.ecmascript6.types.ES6ImportDeclarationElementType
14237:             1             24  com.intellij.lang.ecmascript6.types.ES6ImportSpecifierAliasElementType
14238:             1             24  com.intellij.lang.ecmascript6.types.ES6ImportSpecifierElementType
14239:             1             24  com.intellij.lang.ecmascript6.types.ES6ImportedBindingElementType
14240:             1             24  com.intellij.lang.ecmascript6.types.ES6NamedImportsElementType
14241:             1             24  com.intellij.lang.ecmascript6.types.ES6NamespaceExportElementType
14242:             1             24  com.intellij.lang.ecmascript6.types.ES6PropertyElementType
14243:             1             24  com.intellij.lang.ecmascript6.types.ES6ReferenceListElementType
14244:             1             24  com.intellij.lang.javascript.ActionScriptCodeContextType
14245:             1             24  com.intellij.lang.javascript.ActionScriptFileType
14246:             1             24  com.intellij.lang.javascript.ActionScriptStatementContextType
14247:             1             24  com.intellij.lang.javascript.FlowJSFileType
14248:             1             24  com.intellij.lang.javascript.JSDestructuringArrayRestElementType
14249:             1             24  com.intellij.lang.javascript.JSEqualElementType
14250:             1             24  com.intellij.lang.javascript.JSStatementContextType
14251:             1             24  com.intellij.lang.javascript.JSStubElementTypes$1
14252:             1             24  com.intellij.lang.javascript.JavaScriptBundle
14253:             1             24  com.intellij.lang.javascript.JavaScriptCodeContextType
14254:             1             24  com.intellij.lang.javascript.JavaScriptFileType
14255:             1             24  com.intellij.lang.javascript.TypeScriptFileType
14256:             1             24  com.intellij.lang.javascript.TypeScriptJSXFileType
14257:             1             24  com.intellij.lang.javascript.buildTools.base.JsbtFileManager$2
14258:             1             24  com.intellij.lang.javascript.buildTools.npm.NpmRunAnythingProvider$Npm
14259:             1             24  com.intellij.lang.javascript.buildTools.npm.NpmRunAnythingProvider$Yarn
14260:             1             24  com.intellij.lang.javascript.buildTools.npm.NpmScriptsService
14261:             1             24  com.intellij.lang.javascript.buildTools.webpack.WebPackConfig
14262:             1             24  com.intellij.lang.javascript.buildTools.webpack.WebPackExcludePolicy
14263:             1             24  com.intellij.lang.javascript.buildTools.webpack.WebPackExecutor
14264:             1             24  com.intellij.lang.javascript.buildTools.webpack.WebPackOutput
14265:             1             24  com.intellij.lang.javascript.completion.ml.JSMLCompletionRankingProvider
14266:             1             24  com.intellij.lang.javascript.flex.FlexBundle
14267:             1             24  com.intellij.lang.javascript.flex.FlexModuleType
14268:             1             24  com.intellij.lang.javascript.flex.MxmlFileType
14269:             1             24  com.intellij.lang.javascript.flex.build.FlexCompilerHandler
14270:             1             24  com.intellij.lang.javascript.flex.build.FlexCompilerHandler$2
14271:             1             24  com.intellij.lang.javascript.flex.flexunit.inspections.FlexUnitClassInProductSourceInspection
14272:             1             24  com.intellij.lang.javascript.flex.flexunit.inspections.FlexUnitClassVisibilityInspection
14273:             1             24  com.intellij.lang.javascript.flex.flexunit.inspections.FlexUnitClassWithNoTestsInspection
14274:             1             24  com.intellij.lang.javascript.flex.flexunit.inspections.FlexUnitEmptySuiteInspection
14275:             1             24  com.intellij.lang.javascript.flex.flexunit.inspections.FlexUnitMethodHasParametersInspection
14276:             1             24  com.intellij.lang.javascript.flex.flexunit.inspections.FlexUnitMethodInSuiteInspection
14277:             1             24  com.intellij.lang.javascript.flex.flexunit.inspections.FlexUnitMethodIsPropertyInspection
14278:             1             24  com.intellij.lang.javascript.flex.flexunit.inspections.FlexUnitMethodIsStaticInspection
14279:             1             24  com.intellij.lang.javascript.flex.flexunit.inspections.FlexUnitMethodReturnTypeInspection
14280:             1             24  com.intellij.lang.javascript.flex.flexunit.inspections.FlexUnitMethodVisibilityInspection
14281:             1             24  com.intellij.lang.javascript.flex.flexunit.inspections.FlexUnitMixedAPIInspection
14282:             1             24  com.intellij.lang.javascript.flex.flexunit.inspections.FlexUnitSuiteWithNoRunnerInspection
14283:             1             24  com.intellij.lang.javascript.flex.projectStructure.FlexBCConfigurator$1
14284:             1             24  com.intellij.lang.javascript.flex.projectStructure.FlexBuildConfigurationsExtension$1
14285:             1             24  com.intellij.lang.javascript.flex.projectStructure.ui.ActiveBuildConfigurationWidget
14286:             1             24  com.intellij.lang.javascript.flex.run.RemoteFlashRunConfigurationType$1
14287:             1             24  com.intellij.lang.javascript.flow.FlowJSConfigInspection
14288:             1             24  com.intellij.lang.javascript.flow.FlowJSCoverageInspection
14289:             1             24  com.intellij.lang.javascript.flow.FlowJSElementTypes$1
14290:             1             24  com.intellij.lang.javascript.flow.FlowJSElementTypes$2
14291:             1             24  com.intellij.lang.javascript.flow.FlowJSErrorInspection
14292:             1             24  com.intellij.lang.javascript.flow.FlowJSServiceHighlightingPassFactoryRegistrar$1
14293:             1             24  com.intellij.lang.javascript.flow.inspections.FlowJSFlagCommentPlacementInspection
14294:             1             24  com.intellij.lang.javascript.folding.JSCodeFoldingOptionsProvider
14295:             1             24  com.intellij.lang.javascript.folding.JSCodeFoldingSettingsImpl
14296:             1             24  com.intellij.lang.javascript.formatter.JSCodeStyleSettings$BooleanWithGlobalOption$1
14297:             1             24  com.intellij.lang.javascript.formatter.JSCodeStyleSettings$BooleanWithGlobalOption$2
14298:             1             24  com.intellij.lang.javascript.formatter.JSCodeStyleSettings$BooleanWithGlobalOption$3
14299:             1             24  com.intellij.lang.javascript.frameworks.react.JSXHtmlContextType
14300:             1             24  com.intellij.lang.javascript.highlighting.JSRainbowVisitor
14301:             1             24  com.intellij.lang.javascript.index.JSPackageIndex
14302:             1             24  com.intellij.lang.javascript.index.JSPackageIndex$2
14303:             1             24  com.intellij.lang.javascript.index.JSPackageIndex$3
14304:             1             24  com.intellij.lang.javascript.index.JavaScriptIndex$1
14305:             1             24  com.intellij.lang.javascript.inspection.JSObjectNullOrUndefinedInspection
14306:             1             24  com.intellij.lang.javascript.inspection.JSSuspiciousTypeGuardInspection
14307:             1             24  com.intellij.lang.javascript.inspection.JSUnusedAssignmentInspection
14308:             1             24  com.intellij.lang.javascript.inspections.ES6AwaitOutsideAsyncFunctionInspection
14309:             1             24  com.intellij.lang.javascript.inspections.ES6BindWithArrowFunctionInspection
14310:             1             24  com.intellij.lang.javascript.inspections.ES6ClassMemberInitializationOrderInspection
14311:             1             24  com.intellij.lang.javascript.inspections.ES6ConvertModuleExportToExportInspection
14312:             1             24  com.intellij.lang.javascript.inspections.ES6ConvertToForOfInspection
14313:             1             24  com.intellij.lang.javascript.inspections.ES6DestructuringVariablesMergeInspection
14314:             1             24  com.intellij.lang.javascript.inspections.ES6PossiblyAsyncFunctionInspection
14315:             1             24  com.intellij.lang.javascript.inspections.ES6RedundantNestingInTemplateLiteralInspection
14316:             1             24  com.intellij.lang.javascript.inspections.ES6ShorthandObjectPropertyInspection
14317:             1             24  com.intellij.lang.javascript.inspections.ES6UnusedImportsInspection
14318:             1             24  com.intellij.lang.javascript.inspections.JSAccessibilityCheckInspection
14319:             1             24  com.intellij.lang.javascript.inspections.JSAnnotatorInspection
14320:             1             24  com.intellij.lang.javascript.inspections.JSArrowFunctionBracesCanBeRemovedInspection
14321:             1             24  com.intellij.lang.javascript.inspections.JSAssignmentUsedAsConditionInspection
14322:             1             24  com.intellij.lang.javascript.inspections.JSBitwiseOperatorUsageInspection
14323:             1             24  com.intellij.lang.javascript.inspections.JSClosureCompilerSyntaxInspection
14324:             1             24  com.intellij.lang.javascript.inspections.JSCommentMatchesSignatureInspection
14325:             1             24  com.intellij.lang.javascript.inspections.JSComparisonWithNaNInspection
14326:             1             24  com.intellij.lang.javascript.inspections.JSConsecutiveCommasInArrayLiteralInspection
14327:             1             24  com.intellij.lang.javascript.inspections.JSConstantReassignmentInspection
14328:             1             24  com.intellij.lang.javascript.inspections.JSConstructorReturnsPrimitiveInspection
14329:             1             24  com.intellij.lang.javascript.inspections.JSDeprecatedSymbolsInspection
14330:             1             24  com.intellij.lang.javascript.inspections.JSDuplicateCaseLabelInspection
14331:             1             24  com.intellij.lang.javascript.inspections.JSDuplicatedDeclarationInspection
14332:             1             24  com.intellij.lang.javascript.inspections.JSFunctionExpressionToArrowFunctionInspection
14333:             1             24  com.intellij.lang.javascript.inspections.JSIgnoredPromiseFromCallInspection
14334:             1             24  com.intellij.lang.javascript.inspections.JSIncompatibleTypesComparisonInspection
14335:             1             24  com.intellij.lang.javascript.inspections.JSLastCommaInArrayLiteralInspection
14336:             1             24  com.intellij.lang.javascript.inspections.JSLastCommaInObjectLiteralInspection
14337:             1             24  com.intellij.lang.javascript.inspections.JSNonStrictModeUsedInspection
14338:             1             24  com.intellij.lang.javascript.inspections.JSObsoletePrivateAccessSyntaxInspection
14339:             1             24  com.intellij.lang.javascript.inspections.JSPotentiallyInvalidTargetOfIndexedPropertyAccess
14340:             1             24  com.intellij.lang.javascript.inspections.JSPotentiallyInvalidUsageOfClassThisInspection
14341:             1             24  com.intellij.lang.javascript.inspections.JSPotentiallyInvalidUsageOfThisInspection
14342:             1             24  com.intellij.lang.javascript.inspections.JSPrimitiveTypeWrapperUsageInspection
14343:             1             24  com.intellij.lang.javascript.inspections.JSRedundantSwitchStatementInspection
14344:             1             24  com.intellij.lang.javascript.inspections.JSReferencingArgumentsOutsideOfFunctionInspection
14345:             1             24  com.intellij.lang.javascript.inspections.JSReferencingMutableVariableFromClosureInspection
14346:             1             24  com.intellij.lang.javascript.inspections.JSRemoveUnnecessaryParenthesesInspection
14347:             1             24  com.intellij.lang.javascript.inspections.JSReplaceForEachWithForOfIntention
14348:             1             24  com.intellij.lang.javascript.inspections.JSReplaceForEachWithIndexedIntention
14349:             1             24  com.intellij.lang.javascript.inspections.JSStringConcatenationToES6TemplateInspection
14350:             1             24  com.intellij.lang.javascript.inspections.JSSuspiciousEqPlusInspection
14351:             1             24  com.intellij.lang.javascript.inspections.JSUndefinedPropertyAssignmentInspection
14352:             1             24  com.intellij.lang.javascript.inspections.JSUnnecessarySemicolonInspection
14353:             1             24  com.intellij.lang.javascript.inspections.JSUnresolvedExtXTypeInspection
14354:             1             24  com.intellij.lang.javascript.inspections.JSUnresolvedLibraryURLInspection
14355:             1             24  com.intellij.lang.javascript.inspections.JSValidateJSDocInspection
14356:             1             24  com.intellij.lang.javascript.inspections.JSValidateTypesInspection
14357:             1             24  com.intellij.lang.javascript.inspections.actionscript.JSFieldCanBeLocalInspection
14358:             1             24  com.intellij.lang.javascript.inspections.actionscript.JSImplicitlyInternalDeclarationInspection
14359:             1             24  com.intellij.lang.javascript.inspections.actionscript.JSUntypedDeclarationInspection
14360:             1             24  com.intellij.lang.javascript.intentions.JSConvertParametersToObjectAndIntroduceInterfaceIntention
14361:             1             24  com.intellij.lang.javascript.intentions.JSConvertParametersToObjectAndIntroduceInterfaceIntention$1
14362:             1             24  com.intellij.lang.javascript.intentions.JSConvertToForEachIntention
14363:             1             24  com.intellij.lang.javascript.intentions.JSFunctionToES6ClassIntention
14364:             1             24  com.intellij.lang.javascript.intentions.JSInferParametersIntention
14365:             1             24  com.intellij.lang.javascript.intentions.JSInitializeFieldsIntention
14366:             1             24  com.intellij.lang.javascript.intentions.JSIntroduceParameterPropertiesIntention
14367:             1             24  com.intellij.lang.javascript.intentions.JSIntroduceVariableIntention
14368:             1             24  com.intellij.lang.javascript.intentions.JSIterateIntention
14369:             1             24  com.intellij.lang.javascript.intentions.JSSeparateDigitsIntention
14370:             1             24  com.intellij.lang.javascript.intentions.destructuring.JSDestructuringToReferencesAndIndexersIntention
14371:             1             24  com.intellij.lang.javascript.intentions.destructuring.JSGenerateDestructuringPatternIntention
14372:             1             24  com.intellij.lang.javascript.intentions.destructuring.JSPropagateToDestructuringIntention
14373:             1             24  com.intellij.lang.javascript.intentions.destructuring.JSSubsequentIndexingToDestructuringIntention
14374:             1             24  com.intellij.lang.javascript.intentions.destructuring.JSSubsequentPromiseAwaitToPromiseAllDestructuringIntention
14375:             1             24  com.intellij.lang.javascript.intentions.destructuring.JSSubsequentPropertyAccessToDestructuringIntention
14376:             1             24  com.intellij.lang.javascript.intentions.nullPropagation.JSNullPropagationIntention
14377:             1             24  com.intellij.lang.javascript.library.JSPredefinedLibrariesData$2
14378:             1             24  com.intellij.lang.javascript.library.JSPredefinedLibrariesData$3
14379:             1             24  com.intellij.lang.javascript.linter.JSLinterEditorNotifications
14380:             1             24  com.intellij.lang.javascript.linter.PackageJsonForLintersConfigChangeTracker$MyPackageJsonChangeTracker
14381:             1             24  com.intellij.lang.javascript.linter.eslint.standardjs.StandardJSInspection
14382:             1             24  com.intellij.lang.javascript.linter.gjslint.GjsLintInspection
14383:             1             24  com.intellij.lang.javascript.linter.jscs.JscsInspection
14384:             1             24  com.intellij.lang.javascript.linter.jscs.config.JscsConfigFileType
14385:             1             24  com.intellij.lang.javascript.linter.jshint.JSHintInspection
14386:             1             24  com.intellij.lang.javascript.linter.jshint.config.JSHintConfigFileType
14387:             1             24  com.intellij.lang.javascript.linter.jslint.JSLintInspection
14388:             1             24  com.intellij.lang.javascript.linter.tslint.TsLintBundle
14389:             1             24  com.intellij.lang.javascript.linter.tslint.editor.TsLintCodeStyleEditorNotificationProvider$sourceTracker$1
14390:             1             24  com.intellij.lang.javascript.liveTemplates.ecmascript6.ES6ClassContextType
14391:             1             24  com.intellij.lang.javascript.liveTemplates.ecmascript6.ES6ExpressionContextType
14392:             1             24  com.intellij.lang.javascript.liveTemplates.ecmascript6.ES6StatementContextType
14393:             1             24  com.intellij.lang.javascript.liveTemplates.ecmascript6.ES6TemplateContextType
14394:             1             24  com.intellij.lang.javascript.liveTemplates.javascript.JSClassContextType
14395:             1             24  com.intellij.lang.javascript.liveTemplates.javascript.JSExpressionContextType
14396:             1             24  com.intellij.lang.javascript.liveTemplates.typescript.TSClassContextType
14397:             1             24  com.intellij.lang.javascript.liveTemplates.typescript.TSExpressionContextType
14398:             1             24  com.intellij.lang.javascript.liveTemplates.typescript.TSStatementContextType
14399:             1             24  com.intellij.lang.javascript.liveTemplates.typescript.TypeScriptTemplateContextType
14400:             1             24  com.intellij.lang.javascript.modules.AmdModulesDependenciesInspection
14401:             1             24  com.intellij.lang.javascript.modules.ES6CheckImportInspection
14402:             1             24  com.intellij.lang.javascript.modules.ES6ModulesDependenciesInspection
14403:             1             24  com.intellij.lang.javascript.modules.NpmUsedModulesInstalledInspection
14404:             1             24  com.intellij.lang.javascript.modules.TypeScriptCheckImportInspection
14405:             1             24  com.intellij.lang.javascript.modules.diagramm.JSModulesDiagramProvider$2
14406:             1             24  com.intellij.lang.javascript.modules.diagramm.JSModulesDiagramProvider$3
14407:             1             24  com.intellij.lang.javascript.modules.node.NodeModulesDependenciesInspection
14408:             1             24  com.intellij.lang.javascript.refactoring.JSVisibilityUtil$Options
14409:             1             24  com.intellij.lang.javascript.refactoring.react.ReactClassToFunctionalComponentIntention
14410:             1             24  com.intellij.lang.javascript.refactoring.react.ReactFunctionalToClassComponentIntention
14411:             1             24  com.intellij.lang.javascript.settings.JSRootConfigurationBase
14412:             1             24  com.intellij.lang.javascript.types.ActionScriptAttributeListElementType
14413:             1             24  com.intellij.lang.javascript.types.ES6DecoratorDeclarationElementType
14414:             1             24  com.intellij.lang.javascript.types.ES6DecoratorElementType
14415:             1             24  com.intellij.lang.javascript.types.ES6FieldStatementElementType
14416:             1             24  com.intellij.lang.javascript.types.FlowJSClassElementType
14417:             1             24  com.intellij.lang.javascript.types.FlowJSClassExpressionElementType
14418:             1             24  com.intellij.lang.javascript.types.FlowJSDeclareExportDeclarationElementType
14419:             1             24  com.intellij.lang.javascript.types.FlowJSFunctionElementType
14420:             1             24  com.intellij.lang.javascript.types.FlowJSFunctionExpressionElementType
14421:             1             24  com.intellij.lang.javascript.types.FlowJSFunctionSignatureElementType
14422:             1             24  com.intellij.lang.javascript.types.FlowJSFunctionTypeElementType
14423:             1             24  com.intellij.lang.javascript.types.FlowJSMaybeTypeElementType
14424:             1             24  com.intellij.lang.javascript.types.FlowJSModuleElementType
14425:             1             24  com.intellij.lang.javascript.types.FlowJSTypeCastElementType
14426:             1             24  com.intellij.lang.javascript.types.JSArrayLiteralExpressionElementType
14427:             1             24  com.intellij.lang.javascript.types.JSAssignmentExpressionElementType
14428:             1             24  com.intellij.lang.javascript.types.JSAttributeElementType
14429:             1             24  com.intellij.lang.javascript.types.JSAttributeListElementType
14430:             1             24  com.intellij.lang.javascript.types.JSAttributeNameValuePairType
14431:             1             24  com.intellij.lang.javascript.types.JSCallExpressionElementType
14432:             1             24  com.intellij.lang.javascript.types.JSClassElementType
14433:             1             24  com.intellij.lang.javascript.types.JSDefinitionExpressionElementType
14434:             1             24  com.intellij.lang.javascript.types.JSDestructuringArrayElementType
14435:             1             24  com.intellij.lang.javascript.types.JSDestructuringElementElementType
14436:             1             24  com.intellij.lang.javascript.types.JSDestructuringObjectElementType
14437:             1             24  com.intellij.lang.javascript.types.JSDestructuringParameterElementType
14438:             1             24  com.intellij.lang.javascript.types.JSDestructuringPropertyElementType
14439:             1             24  com.intellij.lang.javascript.types.JSDestructuringShorthandedPropertyElementType
14440:             1             24  com.intellij.lang.javascript.types.JSDocCommentElementType
14441:             1             24  com.intellij.lang.javascript.types.JSEmptyExpressionElementType
14442:             1             24  com.intellij.lang.javascript.types.JSFunctionElementType
14443:             1             24  com.intellij.lang.javascript.types.JSFunctionExpressionElementType
14444:             1             24  com.intellij.lang.javascript.types.JSFunctionPropertyElementType
14445:             1             24  com.intellij.lang.javascript.types.JSImportStatementElementType
14446:             1             24  com.intellij.lang.javascript.types.JSIncludeDirectiveElementType
14447:             1             24  com.intellij.lang.javascript.types.JSLiteralExpressionElementType
14448:             1             24  com.intellij.lang.javascript.types.JSNamespaceDeclarationElementType
14449:             1             24  com.intellij.lang.javascript.types.JSNewExpressionElementType
14450:             1             24  com.intellij.lang.javascript.types.JSObjectLiteralExpressionElementType
14451:             1             24  com.intellij.lang.javascript.types.JSPackageStatementElementType
14452:             1             24  com.intellij.lang.javascript.types.JSParameterElementType
14453:             1             24  com.intellij.lang.javascript.types.JSParameterListElementType
14454:             1             24  com.intellij.lang.javascript.types.JSPropertyElementType
14455:             1             24  com.intellij.lang.javascript.types.JSReferenceListMemberElementType
14456:             1             24  com.intellij.lang.javascript.types.JSReturnStatementElementType
14457:             1             24  com.intellij.lang.javascript.types.JSSpreadExpressionElementType
14458:             1             24  com.intellij.lang.javascript.types.JSStringTemplateExpressionElementType
14459:             1             24  com.intellij.lang.javascript.types.JSUseNamespaceDirectiveType
14460:             1             24  com.intellij.lang.javascript.types.JSVarStatementElementType
14461:             1             24  com.intellij.lang.javascript.types.JSVariableElementType
14462:             1             24  com.intellij.lang.javascript.types.JSXmlAttributeElementType
14463:             1             24  com.intellij.lang.javascript.types.TypeScriptCallSignatureElementType
14464:             1             24  com.intellij.lang.javascript.types.TypeScriptClassElementType
14465:             1             24  com.intellij.lang.javascript.types.TypeScriptClassExpressionElementType
14466:             1             24  com.intellij.lang.javascript.types.TypeScriptEnumElementType
14467:             1             24  com.intellij.lang.javascript.types.TypeScriptFunctionElementType
14468:             1             24  com.intellij.lang.javascript.types.TypeScriptFunctionExpressionElementType
14469:             1             24  com.intellij.lang.javascript.types.TypeScriptFunctionPropertyElementType
14470:             1             24  com.intellij.lang.javascript.types.TypeScriptFunctionSignatureElementType
14471:             1             24  com.intellij.lang.javascript.types.TypeScriptInterfaceElementType
14472:             1             24  com.intellij.lang.javascript.types.TypeScriptModuleElementType
14473:             1             24  com.intellij.lang.javascript.types.TypeScriptNewExpressionElementType
14474:             1             24  com.intellij.lang.javascript.types.TypeScriptTypeAliasElementType
14475:             1             24  com.intellij.lang.jsp.NewJspParserDefinition$1
14476:             1             24  com.intellij.lang.ognl.template.OgnlTemplateContextType
14477:             1             24  com.intellij.lang.properties.PropertiesBundle
14478:             1             24  com.intellij.lang.properties.PropertiesFileType
14479:             1             24  com.intellij.lang.properties.PropertiesReferenceProvider
14480:             1             24  com.intellij.lang.properties.UnusedMessageFormatParameterInspection
14481:             1             24  com.intellij.lang.properties.editor.ResourceBundleEditorBundle
14482:             1             24  com.intellij.lang.properties.editor.inspections.incomplete.IncompletePropertyInspection
14483:             1             24  com.intellij.lang.properties.parsing.PropertiesElementTypes$1
14484:             1             24  com.intellij.lang.properties.parsing.PropertyListStubElementType
14485:             1             24  com.intellij.lang.properties.parsing.PropertyStubElementType
14486:             1             24  com.intellij.lang.properties.xml.XmlPropertiesIndex$1
14487:             1             24  com.intellij.lang.properties.xml.XmlPropertiesIndex$Key
14488:             1             24  com.intellij.lang.typescript.compiler.TypeScriptCompilerSettings
14489:             1             24  com.intellij.lang.typescript.compiler.TypeScriptServiceHighlightingPassFactory$1
14490:             1             24  com.intellij.lang.typescript.inspection.ES6PreferShortImportInspection
14491:             1             24  com.intellij.lang.typescript.inspection.TypeScriptConfigInspection
14492:             1             24  com.intellij.lang.typescript.inspection.TypeScriptExplicitMemberTypeInspection
14493:             1             24  com.intellij.lang.typescript.inspection.TypeScriptFieldCanBeMadeReadonlyInspection
14494:             1             24  com.intellij.lang.typescript.inspection.TypeScriptLibraryInspection
14495:             1             24  com.intellij.lang.typescript.inspection.TypeScriptMissingAugmentationImportInspection
14496:             1             24  com.intellij.lang.typescript.inspection.TypeScriptMissingConfigOptionInspection
14497:             1             24  com.intellij.lang.typescript.inspection.TypeScriptUMDGlobalInspection
14498:             1             24  com.intellij.lang.typescript.inspections.TypeScriptAbstractClassConstructorCanBeMadeProtectedInspection
14499:             1             24  com.intellij.lang.typescript.inspections.TypeScriptAccessibilityCheckInspection
14500:             1             24  com.intellij.lang.typescript.inspections.TypeScriptDuplicateUnionOrIntersectionTypeInspection
14501:             1             24  com.intellij.lang.typescript.inspections.TypeScriptRedundantGenericTypeInspection
14502:             1             24  com.intellij.lang.typescript.inspections.TypeScriptSmartCastInspection
14503:             1             24  com.intellij.lang.typescript.inspections.TypeScriptSuspiciousConstructorParameterAssignmentInspection
14504:             1             24  com.intellij.lang.typescript.inspections.TypeScriptUnresolvedFunctionInspection
14505:             1             24  com.intellij.lang.typescript.inspections.TypeScriptUnresolvedVariableInspection
14506:             1             24  com.intellij.lang.typescript.inspections.TypeScriptValidateGenericTypesInspection
14507:             1             24  com.intellij.lang.typescript.inspections.TypeScriptValidateJSTypesInspection
14508:             1             24  com.intellij.lang.typescript.inspections.TypeScriptValidateTypesInspection
14509:             1             24  com.intellij.lang.typescript.intentions.TypeScriptImplementInDerivedTypesIntention
14510:             1             24  com.intellij.lang.typescript.library.TypeScriptServiceDirectoryWatcher
14511:             1             24  com.intellij.lang.typescript.refactoring.TypeScriptExtractTypeAliasHandler
14512:             1             24  com.intellij.lang.typescript.settings.exclude.TypeScriptExcludeManager
14513:             1             24  com.intellij.lang.typescript.tsconfig.TypeScriptConfigFileType
14514:             1             24  com.intellij.micronaut.MicronautBundle
14515:             1             24  com.intellij.micronaut.config.properties.MnPropertiesInspection
14516:             1             24  com.intellij.micronaut.config.yaml.MnYamlInspection
14517:             1             24  com.intellij.micronaut.provider.http.MnHttpClientFramework
14518:             1             24  com.intellij.micronaut.provider.http.MnHttpServerFramework
14519:             1             24  com.intellij.micronaut.provider.http.MnIncorrectMimeTypeReferenceInspection
14520:             1             24  com.intellij.micronaut.provider.http.MnUnresolvedPathVariableInspection
14521:             1             24  com.intellij.micronaut.provider.management.MnManagementFramework
14522:             1             24  com.intellij.micronaut.provider.websocket.MnClientWebSocketFramework
14523:             1             24  com.intellij.micronaut.provider.websocket.MnServerWebSocketFramework
14524:             1             24  com.intellij.microservices.uast.url.UastReferenceInjectorUtils$uastUrlReferenceProvider$1
14525:             1             24  com.intellij.microservices.ui.EndpointsViewManager$runActivity$1
14526:             1             24  com.intellij.microservices.ui.EndpointsViewManager$runActivity$2
14527:             1             24  com.intellij.microservices.ui.MicroservicesBundle
14528:             1             24  com.intellij.microservices.url.references.UrlPathReferenceInjector$withSchemesSupport$1$1
14529:             1             24  com.intellij.microservices.url.references.UrlPksParser$customPathSegmentExtractor$1
14530:             1             24  com.intellij.microservices.utils.pathVariables.usageReference.searchers.AnnotationParamValuesSearcher
14531:             1             24  com.intellij.notification.impl.NotificationSettings
14532:             1             24  com.intellij.notification.impl.NotificationsConfigurationImpl
14533:             1             24  com.intellij.notification.impl.widget.IdeNotificationArea$$Lambda$1946/0x00000008018f9440
14534:             1             24  com.intellij.notification.impl.widget.IdeNotificationArea$1
14535:             1             24  com.intellij.openapi.CompositeDisposable
14536:             1             24  com.intellij.openapi.actionSystem.ex.QuickListsManager
14537:             1             24  com.intellij.openapi.actionSystem.impl.AbbreviationManagerImpl
14538:             1             24  com.intellij.openapi.actionSystem.impl.ActionManagerImpl$MyTimer$1
14539:             1             24  com.intellij.openapi.actionSystem.impl.MouseGestureManager
14540:             1             24  com.intellij.openapi.application.ApplicationBundle
14541:             1             24  com.intellij.openapi.application.ImportOldConfigsUsagesCollector$ImportOldConfigsState
14542:             1             24  com.intellij.openapi.application.Preloader
14543:             1             24  com.intellij.openapi.application.TransactionGuardImpl
14544:             1             24  com.intellij.openapi.application.impl.ApplicationImpl$1
14545:             1             24  com.intellij.openapi.application.impl.ApplicationInfoImpl$UpdateUrlsImpl
14546:             1             24  com.intellij.openapi.application.impl.NoSwingUnderWriteAction$$Lambda$322/0x000000080044e440
14547:             1             24  com.intellij.openapi.application.impl.SubmissionTracker
14548:             1             24  com.intellij.openapi.command.impl.DocumentReferenceManagerImpl
14549:             1             24  com.intellij.openapi.compiler.JavaCompilerBundle
14550:             1             24  com.intellij.openapi.compiler.options.ExcludedEntriesConfiguration
14551:             1             24  com.intellij.openapi.editor.CaretModel$$Lambda$3830/0x000000080223e840
14552:             1             24  com.intellij.openapi.editor.CaretVisualAttributes
14553:             1             24  com.intellij.openapi.editor.DefaultLineWrapPositionStrategy
14554:             1             24  com.intellij.openapi.editor.EditorBundle
14555:             1             24  com.intellij.openapi.editor.PlatformEditorBundle
14556:             1             24  com.intellij.openapi.editor.actions.BackspaceAction$Handler
14557:             1             24  com.intellij.openapi.editor.actions.BasePasteHandler
14558:             1             24  com.intellij.openapi.editor.actions.CaretStopOptions
14559:             1             24  com.intellij.openapi.editor.actions.CutAction$Handler
14560:             1             24  com.intellij.openapi.editor.actions.CutLineBackwardAction$Handler
14561:             1             24  com.intellij.openapi.editor.actions.CutLineEndAction$Handler
14562:             1             24  com.intellij.openapi.editor.actions.DeleteAction$Handler
14563:             1             24  com.intellij.openapi.editor.actions.DeleteLineAction$Handler
14564:             1             24  com.intellij.openapi.editor.actions.DuplicateAction$Handler
14565:             1             24  com.intellij.openapi.editor.actions.DuplicateLinesAction$Handler
14566:             1             24  com.intellij.openapi.editor.actions.EnterAction$Handler
14567:             1             24  com.intellij.openapi.editor.actions.HungryBackspaceAction$Handler
14568:             1             24  com.intellij.openapi.editor.actions.JoinLinesAction$Handler
14569:             1             24  com.intellij.openapi.editor.actions.KillToWordEndAction$Handler
14570:             1             24  com.intellij.openapi.editor.actions.KillToWordStartAction$Handler
14571:             1             24  com.intellij.openapi.editor.actions.PasteAction$Handler
14572:             1             24  com.intellij.openapi.editor.actions.PasteFromX11Action$Handler
14573:             1             24  com.intellij.openapi.editor.actions.ReverseLinesAction$1
14574:             1             24  com.intellij.openapi.editor.actions.SortLinesAction$1
14575:             1             24  com.intellij.openapi.editor.actions.SplitLineAction$Handler
14576:             1             24  com.intellij.openapi.editor.actions.StartNewLineAction$Handler
14577:             1             24  com.intellij.openapi.editor.actions.StartNewLineBeforeAction$Handler
14578:             1             24  com.intellij.openapi.editor.actions.TabAction$Handler
14579:             1             24  com.intellij.openapi.editor.actions.ToggleCaseAction$Handler
14580:             1             24  com.intellij.openapi.editor.actions.UnindentSelectionAction$Handler
14581:             1             24  com.intellij.openapi.editor.colors.impl.EditorColorsManagerImpl
14582:             1             24  com.intellij.openapi.editor.colors.impl.EditorColorsManagerImpl$1EditorColorSchemeProcessor
14583:             1             24  com.intellij.openapi.editor.colors.impl.EditorColorsManagerImpl$State
14584:             1             24  com.intellij.openapi.editor.impl.DocumentMarkupModelManager
14585:             1             24  com.intellij.openapi.editor.impl.DocumentMarkupModelManager$$Lambda$3429/0x0000000801fff040
14586:             1             24  com.intellij.openapi.editor.impl.EditorFactoryImpl
14587:             1             24  com.intellij.openapi.editor.impl.EditorLastActionTracker
14588:             1             24  com.intellij.openapi.editor.impl.StripedIDGenerator
14589:             1             24  com.intellij.openapi.editor.impl.view.FontLayoutService$DefaultFontLayoutService
14590:             1             24  com.intellij.openapi.editor.richcopy.settings.RichCopySettings
14591:             1             24  com.intellij.openapi.extensions.DefaultPluginDescriptor
14592:             1             24  com.intellij.openapi.externalSystem.ExternalSystemModulePropertyManager
14593:             1             24  com.intellij.openapi.externalSystem.autoimport.ProjectNotificationAware
14594:             1             24  com.intellij.openapi.externalSystem.configurationStore.ModuleFileSystemExternalSystemStorage
14595:             1             24  com.intellij.openapi.externalSystem.configurationStore.ProjectFileSystemExternalSystemStorage
14596:             1             24  com.intellij.openapi.externalSystem.service.RemoteExternalSystemCommunicationManager$1
14597:             1             24  com.intellij.openapi.externalSystem.service.execution.AbstractExternalSystemTaskConfigurationType$1
14598:             1             24  com.intellij.openapi.externalSystem.service.execution.AbstractExternalSystemTaskConfigurationType$2
14599:             1             24  com.intellij.openapi.externalSystem.service.project.autoimport.CachingExternalSystemAutoImportAware
14600:             1             24  com.intellij.openapi.externalSystem.service.project.manage.ExternalProjectsState
14601:             1             24  com.intellij.openapi.externalSystem.service.project.manage.ExternalSystemRunManagerListener
14602:             1             24  com.intellij.openapi.externalSystem.service.project.manage.ExternalSystemShortcutsManager
14603:             1             24  com.intellij.openapi.externalSystem.service.project.manage.ExternalSystemTaskActivator
14604:             1             24  com.intellij.openapi.externalSystem.service.project.manage.ProjectDataManagerImpl$1
14605:             1             24  com.intellij.openapi.externalSystem.util.ExternalSystemBundle
14606:             1             24  com.intellij.openapi.externalSystem.util.PathPrefixTreeMap
14607:             1             24  com.intellij.openapi.externalSystem.util.PrefixTreeMap$Value
14608:             1             24  com.intellij.openapi.file.exclude.EnforcedPlainTextFileTypeManager
14609:             1             24  com.intellij.openapi.file.exclude.EnforcedPlainTextFileTypeManager$1$$Lambda$2012/0x0000000801936040
14610:             1             24  com.intellij.openapi.fileChooser.actions.GotoDesktopDirAction$1
14611:             1             24  com.intellij.openapi.fileEditor.impl.DockableEditorContainerFactory
14612:             1             24  com.intellij.openapi.fileEditor.impl.EditorHistoryManager
14613:             1             24  com.intellij.openapi.fileEditor.impl.EditorTabbedContainer$MyDragOutDelegate
14614:             1             24  com.intellij.openapi.fileEditor.impl.EditorTabbedContainer$TabMouseListener
14615:             1             24  com.intellij.openapi.fileEditor.impl.FileEditorManagerImpl$3
14616:             1             24  com.intellij.openapi.fileEditor.impl.InconsistentLineSeparatorsInspection
14617:             1             24  com.intellij.openapi.fileEditor.impl.MemoryDiskConflictResolver
14618:             1             24  com.intellij.openapi.fileEditor.impl.OpenFilesScope
14619:             1             24  com.intellij.openapi.fileEditor.impl.OpenFilesScope$1
14620:             1             24  com.intellij.openapi.fileTypes.FileTypeExtensionFactory
14621:             1             24  com.intellij.openapi.fileTypes.PlainTextFileType
14622:             1             24  com.intellij.openapi.fileTypes.PlainTextParserDefinition$1
14623:             1             24  com.intellij.openapi.fileTypes.impl.IgnoredFileCache
14624:             1             24  com.intellij.openapi.fileTypes.impl.IgnoredPatternSet
14625:             1             24  com.intellij.openapi.fileTypes.impl.JavaFileTypeDetector
14626:             1             24  com.intellij.openapi.fileTypes.impl.RemovedMappingTracker$RemovedMapping
14627:             1             24  com.intellij.openapi.keymap.KeyMapBundle
14628:             1             24  com.intellij.openapi.keymap.impl.DefaultKeymap
14629:             1             24  com.intellij.openapi.keymap.impl.KeymapImpl$getActionIds$2
14630:             1             24  com.intellij.openapi.keymap.impl.KeymapImpl$getActionIds$4
14631:             1             24  com.intellij.openapi.keymap.impl.KeymapManagerImpl
14632:             1             24  com.intellij.openapi.keymap.impl.KeymapManagerImpl$1
14633:             1             24  com.intellij.openapi.keymap.impl.KeymapManagerImpl$2
14634:             1             24  com.intellij.openapi.keymap.impl.KeymapManagerImpl$3
14635:             1             24  com.intellij.openapi.keymap.impl.KeymapManagerImpl$4
14636:             1             24  com.intellij.openapi.keymap.impl.ModifierKeyDoubleClickHandler
14637:             1             24  com.intellij.openapi.keymap.impl.keyGestures.KeyGestureState$ModifierPressed
14638:             1             24  com.intellij.openapi.keymap.impl.keyGestures.KeyGestureState$ProcessFinish
14639:             1             24  com.intellij.openapi.keymap.impl.keyGestures.KeyGestureState$WaitForAction
14640:             1             24  com.intellij.openapi.keymap.impl.keyGestures.KeyGestureState$WaitForActionEnd
14641:             1             24  com.intellij.openapi.keymap.impl.keyGestures.KeyGestureState$WaitForDblClick
14642:             1             24  com.intellij.openapi.keymap.impl.keyGestures.KeyGestureState$WaitForStart
14643:             1             24  com.intellij.openapi.module.CmpFieldRefactoringSupport
14644:             1             24  com.intellij.openapi.module.CmrFieldRefactoringSupport
14645:             1             24  com.intellij.openapi.module.EmptyModuleType
14646:             1             24  com.intellij.openapi.module.WebModuleType
14647:             1             24  com.intellij.openapi.module.impl.ExternalModuleListStorageImpl
14648:             1             24  com.intellij.openapi.module.impl.ModulePointerImpl
14649:             1             24  com.intellij.openapi.module.impl.ModulePointerManagerImpl$registerPointer$1
14650:             1             24  com.intellij.openapi.module.impl.scopes.ModuleScopeProviderImpl
14651:             1             24  com.intellij.openapi.paths.PathReferenceManagerImpl
14652:             1             24  com.intellij.openapi.paths.StaticPathReferenceProvider
14653:             1             24  com.intellij.openapi.progress.impl.ProgressResult
14654:             1             24  com.intellij.openapi.project.DumbServiceImpl$1
14655:             1             24  com.intellij.openapi.project.ProjectBundle
14656:             1             24  com.intellij.openapi.project.impl.DefaultProject
14657:             1             24  com.intellij.openapi.project.impl.ExcludeRootsCache$CachedUrls
14658:             1             24  com.intellij.openapi.projectRoots.impl.JavaSdkImpl
14659:             1             24  com.intellij.openapi.projectRoots.impl.ProjectJdkTableImpl$1
14660:             1             24  com.intellij.openapi.projectRoots.impl.UnknownSdkEditorNotification
14661:             1             24  com.intellij.openapi.projectRoots.impl.UnknownSdkSnapshot
14662:             1             24  com.intellij.openapi.projectRoots.impl.UnknownSdkStartupChecker$runActivity$1
14663:             1             24  com.intellij.openapi.projectRoots.impl.UnknownSdkStartupChecker$runActivity$3
14664:             1             24  com.intellij.openapi.projectRoots.impl.UnknownSdkStartupChecker$runActivity$4
14665:             1             24  com.intellij.openapi.projectRoots.impl.UnknownSdkTracker
14666:             1             24  com.intellij.openapi.roots.impl.CompilerProjectExtensionImpl
14667:             1             24  com.intellij.openapi.roots.impl.ModuleFileIndexImpl
14668:             1             24  com.intellij.openapi.roots.impl.ModuleLibraryTable
14669:             1             24  com.intellij.openapi.roots.impl.OrderRootsCache$CacheKey
14670:             1             24  com.intellij.openapi.roots.impl.PackageDirectoryCache
14671:             1             24  com.intellij.openapi.roots.impl.ProjectFileIndexFacade
14672:             1             24  com.intellij.openapi.roots.impl.ProjectFileIndexImpl
14673:             1             24  com.intellij.openapi.roots.impl.ProjectRootManagerImpl$$Lambda$1800/0x00000008017e5440
14674:             1             24  com.intellij.openapi.roots.impl.PushedFilePropertiesUpdaterImpl
14675:             1             24  com.intellij.openapi.roots.impl.PushedFilePropertiesUpdaterImpl$1
14676:             1             24  com.intellij.openapi.roots.ui.configuration.IdeaProjectSettingsService
14677:             1             24  com.intellij.openapi.roots.ui.configuration.JdkComboBox$ActualJdkInnerItem
14678:             1             24  com.intellij.openapi.roots.ui.configuration.JdkComboBox$JdkComboBoxModel
14679:             1             24  com.intellij.openapi.roots.ui.configuration.SdkListPresenter$1
14680:             1             24  com.intellij.openapi.roots.ui.configuration.projectRoot.ModuleStructureConfigurable$FacetInModuleRemoveHandler
14681:             1             24  com.intellij.openapi.roots.ui.configuration.projectRoot.ModuleStructureConfigurable$ModuleRemoveHandler
14682:             1             24  com.intellij.openapi.roots.ui.configuration.projectRoot.daemon.ProjectConfigurationProblems
14683:             1             24  com.intellij.openapi.ui.DialogWrapper$ErrorPainter
14684:             1             24  com.intellij.openapi.updateSettings.impl.pluginsAdvertisement.PluginsAdvertiserStartupActivity
14685:             1             24  com.intellij.openapi.updateSettings.impl.pluginsAdvertisement.UnknownFeaturesCollector
14686:             1             24  com.intellij.openapi.util.BuildNumber
14687:             1             24  com.intellij.openapi.util.BusyObject$Impl$Simple
14688:             1             24  com.intellij.openapi.util.ClearableLazyValue$1
14689:             1             24  com.intellij.openapi.util.Conditions$And
14690:             1             24  com.intellij.openapi.util.IconLoader$CachedImageIcon$HandleNotFound
14691:             1             24  com.intellij.openapi.util.IconLoader$CachedImageIcon$HandleNotFound$1
14692:             1             24  com.intellij.openapi.util.IconLoader$CachedImageIcon$HandleNotFound$2
14693:             1             24  com.intellij.openapi.util.IconLoader$IconTransform
14694:             1             24  com.intellij.openapi.util.NullableLazyValue$1
14695:             1             24  com.intellij.openapi.util.ProperTextRange
14696:             1             24  com.intellij.openapi.util.ShutDownTracker
14697:             1             24  com.intellij.openapi.util.io.FileUtilRt$NIOReflect$1
14698:             1             24  com.intellij.openapi.util.text.StringUtil$MyHtml2Text
14699:             1             24  com.intellij.openapi.util.text.StringUtil$MyHtml2Text
14700:             1             24  com.intellij.openapi.vcs.ExternallyAddedFilesProcessorImpl$filesChanged$externallyAddedFiles$2
14701:             1             24  com.intellij.openapi.vcs.VcsBundle
14702:             1             24  com.intellij.openapi.vcs.VcsDirectoryMapping
14703:             1             24  com.intellij.openapi.vcs.VcsFileListenerContextHelper
14704:             1             24  com.intellij.openapi.vcs.VcsRoot
14705:             1             24  com.intellij.openapi.vcs.changes.ChangeListManagerImpl$$Lambda$2065/0x0000000801977c40
14706:             1             24  com.intellij.openapi.vcs.changes.ChangeListManagerImpl$Scheduler
14707:             1             24  com.intellij.openapi.vcs.changes.ChangeListsIndexes
14708:             1             24  com.intellij.openapi.vcs.changes.ChangesViewManager
14709:             1             24  com.intellij.openapi.vcs.changes.ChangesViewManager$State
14710:             1             24  com.intellij.openapi.vcs.changes.DelayedNotificator
14711:             1             24  com.intellij.openapi.vcs.changes.FilePathHolder
14712:             1             24  com.intellij.openapi.vcs.changes.IgnoredFilesCompositeHolder
14713:             1             24  com.intellij.openapi.vcs.changes.LogicallyLockedHolder
14714:             1             24  com.intellij.openapi.vcs.changes.RemoteRevisionsCache$$Lambda$2715/0x0000000801be4440
14715:             1             24  com.intellij.openapi.vcs.changes.VcsDirtyScopeVfsListener$$Lambda$2284/0x0000000801a25040
14716:             1             24  com.intellij.openapi.vcs.changes.VcsIgnoreManagerImpl
14717:             1             24  com.intellij.openapi.vcs.changes.committed.CachesHolder
14718:             1             24  com.intellij.openapi.vcs.changes.committed.CommittedChangesCache$$Lambda$1639/0x00000008016e6c40
14719:             1             24  com.intellij.openapi.vcs.changes.committed.IncomingChangesIndicator$$special$$inlined$observable$1
14720:             1             24  com.intellij.openapi.vcs.changes.committed.RepositoryLocationCache
14721:             1             24  com.intellij.openapi.vcs.changes.conflicts.ChangelistConflictResolution$1
14722:             1             24  com.intellij.openapi.vcs.changes.conflicts.ChangelistConflictResolution$2
14723:             1             24  com.intellij.openapi.vcs.changes.conflicts.ChangelistConflictResolution$3
14724:             1             24  com.intellij.openapi.vcs.changes.conflicts.ChangelistConflictResolution$4
14725:             1             24  com.intellij.openapi.vcs.changes.conflicts.ChangelistConflictTracker$1
14726:             1             24  com.intellij.openapi.vcs.changes.conflicts.ChangelistConflictTracker$Options
14727:             1             24  com.intellij.openapi.vcs.changes.ignore.IgnoredFileGeneratorImpl
14728:             1             24  com.intellij.openapi.vcs.changes.ignore.codeInspection.IgnoreFileDuplicateEntryInspection
14729:             1             24  com.intellij.openapi.vcs.changes.ignore.lang.IgnoreFileType
14730:             1             24  com.intellij.openapi.vcs.changes.shelf.ShelveChangesManager$2
14731:             1             24  com.intellij.openapi.vcs.changes.shelf.ShelveChangesManager$State
14732:             1             24  com.intellij.openapi.vcs.changes.ui.ChangesViewContentManager$$special$$inlined$observable$1
14733:             1             24  com.intellij.openapi.vcs.changes.ui.RemoteStatusChangeNodeDecorator
14734:             1             24  com.intellij.openapi.vcs.contentAnnotation.VcsContentAnnotationSettings$State
14735:             1             24  com.intellij.openapi.vcs.ex.ChangelistsLocalLineStatusTracker$PartialDocumentTrackerHandler
14736:             1             24  com.intellij.openapi.vcs.ex.DocumentTracker$FreezeHelper
14737:             1             24  com.intellij.openapi.vcs.ex.DocumentTracker$Lock
14738:             1             24  com.intellij.openapi.vcs.ex.LineTracker
14739:             1             24  com.intellij.openapi.vcs.history.VcsHistoryCache
14740:             1             24  com.intellij.openapi.vcs.impl.FileStatusManagerImpl$1
14741:             1             24  com.intellij.openapi.vcs.impl.LineStatusTrackerManager$ContentInfo
14742:             1             24  com.intellij.openapi.vcs.impl.LineStatusTrackerManager$TrackerData
14743:             1             24  com.intellij.openapi.vcs.impl.ModuleVcsDetector
14744:             1             24  com.intellij.openapi.vcs.impl.ModuleVcsDetector$MyModulesListener
14745:             1             24  com.intellij.openapi.vcs.impl.VcsCacheManager
14746:             1             24  com.intellij.openapi.vcs.impl.VcsFileStatusProvider
14747:             1             24  com.intellij.openapi.vcs.impl.projectlevelman.FileWatchRequestsManager
14748:             1             24  com.intellij.openapi.vcs.impl.projectlevelman.NewMappings$FilePathMapping
14749:             1             24  com.intellij.openapi.vcs.impl.projectlevelman.NewMappings$MappedRoot
14750:             1             24  com.intellij.openapi.vcs.impl.projectlevelman.OptionsAndConfirmations
14751:             1             24  com.intellij.openapi.vcs.readOnlyHandler.ReadonlyStatusHandlerImpl
14752:             1             24  com.intellij.openapi.vfs.encoding.ChooseFileEncodingAction$2
14753:             1             24  com.intellij.openapi.vfs.encoding.EncodingManagerImpl
14754:             1             24  com.intellij.openapi.vfs.impl.http.HttpFileSystemImpl
14755:             1             24  com.intellij.openapi.vfs.impl.local.CanonicalPathMap
14756:             1             24  com.intellij.openapi.vfs.impl.local.FileWatcher$MyFileWatcherNotificationSink
14757:             1             24  com.intellij.openapi.wm.impl.ActiveStack
14758:             1             24  com.intellij.openapi.wm.impl.FocusTask
14759:             1             24  com.intellij.openapi.wm.impl.IdeBackgroundUtil$1
14760:             1             24  com.intellij.openapi.wm.impl.LibraryDependentToolWindowManager$1
14761:             1             24  com.intellij.openapi.wm.impl.LibraryDependentToolWindowManager$2
14762:             1             24  com.intellij.openapi.wm.impl.ProjectFrameBounds
14763:             1             24  com.intellij.openapi.wm.impl.ProjectFrameHelper$2
14764:             1             24  com.intellij.openapi.wm.impl.ToolWindowManagerImpl$ToolWindowManagerAppLevelHelper$1
14765:             1             24  com.intellij.openapi.wm.impl.ToolWindowManagerImpl$beforeProjectOpened$2
14766:             1             24  com.intellij.openapi.wm.impl.ToolWindowPaneState
14767:             1             24  com.intellij.openapi.wm.impl.WindowWatcher$WindowInfo
14768:             1             24  com.intellij.openapi.wm.impl.content.ComboContentLayout
14769:             1             24  com.intellij.openapi.wm.impl.content.ContentComboLabel$1
14770:             1             24  com.intellij.openapi.wm.impl.simpleTitleParts.TitleInfoOption
14771:             1             24  com.intellij.openapi.wm.impl.status.InfoAndProgressPanel$1
14772:             1             24  com.intellij.openapi.wm.impl.status.InfoAndProgressPanel$3
14773:             1             24  com.intellij.openapi.wm.impl.status.StatusPanel$2
14774:             1             24  com.intellij.openapi.wm.impl.status.widget.StatusBarWidgetWrapper$MultipleTextValues$1
14775:             1             24  com.intellij.openapi.wm.impl.welcomeScreen.FlatWelcomeFrame$FlatWelcomeScreen$$Lambda$872/0x0000000800b2ac40
14776:             1             24  com.intellij.openapi.wm.impl.welcomeScreen.FlatWelcomeFrame$FlatWelcomeScreen$$Lambda$873/0x0000000800b2a040
14777:             1             24  com.intellij.openapi.wm.impl.welcomeScreen.FlatWelcomeFrame$FlatWelcomeScreen$1
14778:             1             24  com.intellij.openapi.wm.impl.welcomeScreen.FlatWelcomeFrame$FlatWelcomeScreen$2
14779:             1             24  com.intellij.openapi.wm.impl.welcomeScreen.FlatWelcomeFrame$FlatWelcomeScreen$3
14780:             1             24  com.intellij.openapi.wm.impl.welcomeScreen.NewRecentProjectPanel$3
14781:             1             24  com.intellij.openapi.wm.impl.welcomeScreen.RecentProjectPanel$2
14782:             1             24  com.intellij.openapi.wm.impl.welcomeScreen.RecentProjectPanel$5
14783:             1             24  com.intellij.packageDependencies.ChangeListScope$$Lambda$3120/0x0000000801dc6440
14784:             1             24  com.intellij.packageDependencies.DefaultScopesProvider
14785:             1             24  com.intellij.packaging.impl.artifacts.ArtifactPointerManagerImpl
14786:             1             24  com.intellij.packaging.impl.artifacts.ArtifactVirtualFileListener
14787:             1             24  com.intellij.packaging.impl.artifacts.ArtifactVirtualFileListener$$Lambda$1625/0x00000008016b2c40
14788:             1             24  com.intellij.packaging.impl.artifacts.DefaultPackagingElementResolvingContext
14789:             1             24  com.intellij.packaging.impl.artifacts.JarArtifactType
14790:             1             24  com.intellij.packaging.impl.artifacts.PlainArtifactType
14791:             1             24  com.intellij.packaging.impl.run.BuildArtifactsBeforeRunTaskProvider
14792:             1             24  com.intellij.patterns.CharPattern$1
14793:             1             24  com.intellij.patterns.CharPattern$2
14794:             1             24  com.intellij.patterns.CharPattern$3
14795:             1             24  com.intellij.patterns.CharPattern$4
14796:             1             24  com.intellij.patterns.ElementPatternBean
14797:             1             24  com.intellij.patterns.ObjectPattern$5
14798:             1             24  com.intellij.patterns.PsiBinaryExpressionPattern$1
14799:             1             24  com.intellij.patterns.PsiBinaryExpressionPattern$2
14800:             1             24  com.intellij.patterns.PsiExpressionPattern$1
14801:             1             24  com.intellij.patterns.PsiExpressionPattern$3
14802:             1             24  com.intellij.patterns.PsiJavaElementPattern
14803:             1             24  com.intellij.patterns.PsiMethodCallPattern$2
14804:             1             24  com.intellij.patterns.PsiStatementPattern$1
14805:             1             24  com.intellij.patterns.PsiTypeCastExpressionPattern$1
14806:             1             24  com.intellij.patterns.PsiTypePattern$2
14807:             1             24  com.intellij.patterns.StringPattern$9
14808:             1             24  com.intellij.patterns.VirtualFilePattern$1
14809:             1             24  com.intellij.patterns.VirtualFilePattern$3
14810:             1             24  com.intellij.patterns.XmlFilePattern$Capture
14811:             1             24  com.intellij.patterns.compiler.PatternCompilerFactoryImpl
14812:             1             24  com.intellij.patterns.compiler.PatternCompilerImpl$FalsePattern
14813:             1             24  com.intellij.patterns.uast.UCallExpressionPattern$withMethodName$1
14814:             1             24  com.intellij.patterns.uast.UCallExpressionPattern$withReceiver$1
14815:             1             24  com.intellij.patterns.uast.UElementPattern$sourcePsiFilter$1
14816:             1             24  com.intellij.patterns.uast.UElementPattern$withSourcePsiCondition$1
14817:             1             24  com.intellij.patterns.uast.UExpressionPattern$inCall$1
14818:             1             24  com.intellij.play.inspections.PlayCustomTagNameInspection
14819:             1             24  com.intellij.play.inspections.PlayI18nInspection
14820:             1             24  com.intellij.play.language.PlayActionElementType
14821:             1             24  com.intellij.play.language.PlayElementTypes$1
14822:             1             24  com.intellij.play.language.PlayElementTypes$2
14823:             1             24  com.intellij.play.language.PlayFileType
14824:             1             24  com.intellij.play.language.PlayMessageElementType
14825:             1             24  com.intellij.play.language.PlayMessageParameterElementType
14826:             1             24  com.intellij.play.language.PlayMessagesFileType
14827:             1             24  com.intellij.play.language.TagExpressionElementType
14828:             1             24  com.intellij.play.language.groovy.GroovyExpressionLazyParseableElementType
14829:             1             24  com.intellij.play.references.PlayRenderViewsPsiReferenceProvider
14830:             1             24  com.intellij.plugins.drools.DroolsBundle
14831:             1             24  com.intellij.plugins.drools.DroolsFileType
14832:             1             24  com.intellij.plugins.drools.lang.lexer.DroolsBlockExpressionsLazyParseableElementType
14833:             1             24  com.intellij.plugins.drools.lang.lexer.DroolsJavaStatementLazyParseableElementType
14834:             1             24  com.intellij.plugins.drools.library.DroolsFrameworkType
14835:             1             24  com.intellij.plugins.jboss.arquillian.ArquillianBundle
14836:             1             24  com.intellij.plugins.jboss.arquillian.inspection.ArquillianClassEnabledInspection
14837:             1             24  com.intellij.plugins.jboss.arquillian.inspection.ArquillianDeploymentAbsentInspection
14838:             1             24  com.intellij.plugins.jboss.arquillian.inspection.ArquillianDeploymentReturnTypeInspection
14839:             1             24  com.intellij.plugins.jboss.arquillian.inspection.ArquillianDeploymentSignatureInspection
14840:             1             24  com.intellij.plugins.jboss.arquillian.inspection.ArquillianTooManyDeploymentInspection
14841:             1             24  com.intellij.plugins.jboss.arquillian.library.ArquillianJUnitFrameworkType
14842:             1             24  com.intellij.plugins.jboss.arquillian.library.ArquillianTestNGFrameworkType
14843:             1             24  com.intellij.plugins.jboss.arquillian.library.ArquillianTestNGFrameworkType$1
14844:             1             24  com.intellij.plugins.jboss.arquillian.runConfiguration.ArquillianJUnitRunConfigurationType$1
14845:             1             24  com.intellij.plugins.jboss.arquillian.runConfiguration.ArquillianTestNGRunConfigurationType$1
14846:             1             24  com.intellij.pom.core.impl.PomModelImpl$$Lambda$3686/0x000000080210c840
14847:             1             24  com.intellij.profile.codeInspection.ProjectInspectionProfileManager$schemeManager$1
14848:             1             24  com.intellij.profiler.CommonProfilerBundle
14849:             1             24  com.intellij.profiler.actions.AttachProfilerToProcessAction$1
14850:             1             24  com.intellij.profiler.actions.AttachProfilerToProcessAction$2
14851:             1             24  com.intellij.profiler.api.configurations.ProfilerRunConfigurationsManager
14852:             1             24  com.intellij.profiler.api.configurations.ProfilerRunConfigurationsManager$$special$$inlined$observable$1
14853:             1             24  com.intellij.profiler.api.monitor.CpuAndMemoryDemo$alarm$2
14854:             1             24  com.intellij.profiler.api.monitor.CpuAndMemoryDemo$cpu$1
14855:             1             24  com.intellij.profiler.api.monitor.CpuAndMemoryDemo$cpu$1$2
14856:             1             24  com.intellij.profiler.api.monitor.CpuAndMemoryDemo$cpu$1$2$1
14857:             1             24  com.intellij.profiler.api.monitor.CpuAndMemoryDemo$mem$1
14858:             1             24  com.intellij.profiler.api.monitor.CpuAndMemoryDemo$mem$1$1
14859:             1             24  com.intellij.profiler.api.monitor.CpuAndMemoryDemo$mem$1$1$1
14860:             1             24  com.intellij.profiler.api.monitor.CpuAndMemoryDemo$nonheap$1
14861:             1             24  com.intellij.profiler.api.monitor.CpuAndMemoryDemo$nonheap$1$1
14862:             1             24  com.intellij.profiler.api.monitor.CpuAndMemoryDemo$nonheap$1$1$1
14863:             1             24  com.intellij.profiler.api.monitor.CpuAndMemoryDemo$thread$1
14864:             1             24  com.intellij.profiler.api.monitor.CpuAndMemoryDemo$thread$1$1
14865:             1             24  com.intellij.profiler.api.monitor.CpuAndMemoryDemo$thread$1$1$1
14866:             1             24  com.intellij.profiler.ultimate.UltimateProfilerBundle
14867:             1             24  com.intellij.profiler.ultimate.async.AsyncProfilerConfigurationExtension
14868:             1             24  com.intellij.profiler.ultimate.jfr.JFRConfigurationExtension
14869:             1             24  com.intellij.projectImport.ProjectFormatPanel
14870:             1             24  com.intellij.psi.PlainTextTokenTypes$1
14871:             1             24  com.intellij.psi.PsiBundle
14872:             1             24  com.intellij.psi.PsiReferenceService$Hints
14873:             1             24  com.intellij.psi.TokenType$1
14874:             1             24  com.intellij.psi.codeStyle.DetectableIndentOptionsProvider
14875:             1             24  com.intellij.psi.codeStyle.PackageEntry$1
14876:             1             24  com.intellij.psi.codeStyle.PackageEntry$2
14877:             1             24  com.intellij.psi.codeStyle.PackageEntry$3
14878:             1             24  com.intellij.psi.codeStyle.statusbar.CodeStyleStatusBarWidget$$Lambda$2128/0x00000008019ac040
14879:             1             24  com.intellij.psi.css.CssBundle
14880:             1             24  com.intellij.psi.css.CssFileType
14881:             1             24  com.intellij.psi.css.actions.CssExpandShorthandPropertyAction
14882:             1             24  com.intellij.psi.css.actions.CssReplaceQuotesIntention
14883:             1             24  com.intellij.psi.css.actions.CssReplaceVarWithFallbackValueIntention
14884:             1             24  com.intellij.psi.css.actions.colors.CssChooseColorIntention
14885:             1             24  com.intellij.psi.css.actions.images.CssExtractImageFromDataUriIntention
14886:             1             24  com.intellij.psi.css.actions.images.CssUpdateBackgroundImageSizeIntention
14887:             1             24  com.intellij.psi.css.impl.CssCommentElementTypeImpl
14888:             1             24  com.intellij.psi.css.impl.CssElementTypes$1
14889:             1             24  com.intellij.psi.css.impl.stubs.CssAttributeStubElementType
14890:             1             24  com.intellij.psi.css.impl.stubs.CssClassStubElementType
14891:             1             24  com.intellij.psi.css.impl.stubs.CssCustomMixinStubElementType
14892:             1             24  com.intellij.psi.css.impl.stubs.CssDeclarationStubElementType
14893:             1             24  com.intellij.psi.css.impl.stubs.CssIdSelectorStubElementType
14894:             1             24  com.intellij.psi.css.impl.stubs.CssImportStubElementType
14895:             1             24  com.intellij.psi.css.impl.stubs.CssMediaStubElementType
14896:             1             24  com.intellij.psi.css.impl.stubs.CssPseudoClassStubElementType
14897:             1             24  com.intellij.psi.css.impl.stubs.CssPseudoElementStubElementType
14898:             1             24  com.intellij.psi.css.impl.stubs.CssPseudoPageStubElementType
14899:             1             24  com.intellij.psi.css.impl.stubs.CssRulesetListStubElementType
14900:             1             24  com.intellij.psi.css.impl.stubs.CssRulesetStubElementType
14901:             1             24  com.intellij.psi.css.impl.stubs.CssSelectorListStubElementType
14902:             1             24  com.intellij.psi.css.impl.stubs.CssSelectorStubElementType
14903:             1             24  com.intellij.psi.css.impl.stubs.CssSimpleSelectorStubElementType
14904:             1             24  com.intellij.psi.css.inspections.CssConvertColorToHexInspection
14905:             1             24  com.intellij.psi.css.inspections.CssConvertColorToRgbInspection
14906:             1             24  com.intellij.psi.css.inspections.CssInvalidElementInspection
14907:             1             24  com.intellij.psi.css.inspections.CssNegativeValueInspection
14908:             1             24  com.intellij.psi.css.inspections.CssOverwrittenPropertiesInspection
14909:             1             24  com.intellij.psi.css.inspections.CssOverwrittenPropertiesInspection$RemoveOverwrittenPropertyQuickfix
14910:             1             24  com.intellij.psi.css.inspections.CssReplaceWithShorthandSafelyInspection
14911:             1             24  com.intellij.psi.css.inspections.CssReplaceWithShorthandUnsafelyInspection
14912:             1             24  com.intellij.psi.css.inspections.CssUnusedLocalSymbolInspection
14913:             1             24  com.intellij.psi.css.inspections.CssUnusedSymbolInspection
14914:             1             24  com.intellij.psi.css.inspections.bugs.CssFloatPxLengthInspection
14915:             1             24  com.intellij.psi.css.inspections.bugs.CssMissingCommaInspection
14916:             1             24  com.intellij.psi.css.inspections.bugs.CssNoGenericFontNameInspection
14917:             1             24  com.intellij.psi.css.inspections.bugs.CssUnitlessNumberInspection
14918:             1             24  com.intellij.psi.css.inspections.fixes.CssInsertMissingSemicolonQuickFix
14919:             1             24  com.intellij.psi.css.inspections.invalid.CssInvalidAtRuleInspection
14920:             1             24  com.intellij.psi.css.inspections.invalid.CssInvalidCharsetRuleInspection
14921:             1             24  com.intellij.psi.css.inspections.invalid.CssInvalidCharsetRuleInspection$1
14922:             1             24  com.intellij.psi.css.inspections.invalid.CssInvalidCharsetRuleInspection$2
14923:             1             24  com.intellij.psi.css.inspections.invalid.CssInvalidCharsetRuleInspection$3
14924:             1             24  com.intellij.psi.css.inspections.invalid.CssInvalidFunctionInspection
14925:             1             24  com.intellij.psi.css.inspections.invalid.CssInvalidHtmlTagReferenceInspection
14926:             1             24  com.intellij.psi.css.inspections.invalid.CssInvalidImportInspection
14927:             1             24  com.intellij.psi.css.inspections.invalid.CssInvalidImportInspection$1
14928:             1             24  com.intellij.psi.css.inspections.invalid.CssInvalidImportInspection$2
14929:             1             24  com.intellij.psi.css.inspections.invalid.CssInvalidMediaFeatureInspection
14930:             1             24  com.intellij.psi.css.inspections.invalid.CssInvalidPropertyValueInspection
14931:             1             24  com.intellij.psi.css.inspections.invalid.CssInvalidPseudoSelectorInspection
14932:             1             24  com.intellij.psi.css.inspections.invalid.CssUnknownTargetInspection
14933:             1             24  com.intellij.psi.css.inspections.invalid.CssUnresolvedClassInspection
14934:             1             24  com.intellij.psi.css.inspections.invalid.CssUnresolvedCustomPropertyInspection
14935:             1             24  com.intellij.psi.css.inspections.style.CssMissingSemicolonInspection
14936:             1             24  com.intellij.psi.css.inspections.style.CssRedundantUnitInspection
14937:             1             24  com.intellij.psi.css.livetemplate.CssDeclarationBlockTemplateContextType
14938:             1             24  com.intellij.psi.css.livetemplate.CssLiveTemplateGenericContextType
14939:             1             24  com.intellij.psi.css.livetemplate.CssPropertyValueTemplateContextType
14940:             1             24  com.intellij.psi.css.livetemplate.CssRulesetTemplateContextType
14941:             1             24  com.intellij.psi.filters.ClassFilter
14942:             1             24  com.intellij.psi.impl.DocumentCommitThread
14943:             1             24  com.intellij.psi.impl.JavaSimplePropertyIndex$getIndexer$1
14944:             1             24  com.intellij.psi.impl.PackagePrefixElementFinder
14945:             1             24  com.intellij.psi.impl.PackagePrefixIndex
14946:             1             24  com.intellij.psi.impl.PsiElementFinderImpl
14947:             1             24  com.intellij.psi.impl.cache.impl.BaseFilterLexerUtil$ScanContent
14948:             1             24  com.intellij.psi.impl.cache.impl.id.IdIndex$2
14949:             1             24  com.intellij.psi.impl.cache.impl.id.IdIndexImpl
14950:             1             24  com.intellij.psi.impl.cache.impl.todo.TodoIndex$3
14951:             1             24  com.intellij.psi.impl.file.impl.JavaFileManagerImpl
14952:             1             24  com.intellij.psi.impl.file.impl.PsiVFSListener$MyFileDocumentManagerListener
14953:             1             24  com.intellij.psi.impl.file.impl.PsiVFSListener$MyModuleRootListener
14954:             1             24  com.intellij.psi.impl.file.impl.PsiVFSListener$MyStartUpActivity$1
14955:             1             24  com.intellij.psi.impl.java.JavaBinaryPlusExpressionIndex$2
14956:             1             24  com.intellij.psi.impl.java.JavaFunctionalExpressionIndex$4
14957:             1             24  com.intellij.psi.impl.java.stubs.index.JavaAutoModuleNameIndex
14958:             1             24  com.intellij.psi.impl.java.stubs.index.JavaAutoModuleNameIndex$1
14959:             1             24  com.intellij.psi.impl.java.stubs.index.JavaSourceModuleNameIndex
14960:             1             24  com.intellij.psi.impl.java.stubs.index.JavaSourceModuleNameIndex$1
14961:             1             24  com.intellij.psi.impl.migration.PsiMigrationManager
14962:             1             24  com.intellij.psi.impl.search.IndexPatternSearchImpl
14963:             1             24  com.intellij.psi.impl.search.JavaNullMethodArgumentIndex$2
14964:             1             24  com.intellij.psi.impl.smartPointers.MarkerCache
14965:             1             24  com.intellij.psi.impl.smartPointers.SmartPointerManagerImpl
14966:             1             24  com.intellij.psi.impl.source.JavaFileElementType
14967:             1             24  com.intellij.psi.impl.source.codeStyle.CodeStyleManagerImpl
14968:             1             24  com.intellij.psi.impl.source.codeStyle.CodeStyleSchemesImpl$1
14969:             1             24  com.intellij.psi.impl.source.codeStyle.PersistableCodeStyleSchemes
14970:             1             24  com.intellij.psi.impl.source.jsp.JspContextManagerImpl
14971:             1             24  com.intellij.psi.impl.source.jsp.NewJspFileIndex
14972:             1             24  com.intellij.psi.impl.source.jsp.TaglibIndex$2
14973:             1             24  com.intellij.psi.impl.source.resolve.reference.UrlReferenceContributor$1
14974:             1             24  com.intellij.psi.impl.source.resolve.reference.impl.providers.JavaClassListReferenceProvider
14975:             1             24  com.intellij.psi.impl.source.resolve.reference.impl.providers.JavaReferenceContributor$1
14976:             1             24  com.intellij.psi.impl.source.tree.JShellElementType$3
14977:             1             24  com.intellij.psi.jsp.ELElementType$1
14978:             1             24  com.intellij.psi.search.EverythingGlobalScope
14979:             1             24  com.intellij.psi.search.GlobalSearchScope$EmptyScope
14980:             1             24  com.intellij.psi.search.TodoAttributes
14981:             1             24  com.intellij.psi.search.TodoPattern
14982:             1             24  com.intellij.psi.search.scope.NonProjectFilesScope
14983:             1             24  com.intellij.psi.search.scope.NonProjectFilesScope$1
14984:             1             24  com.intellij.psi.search.scope.ProblemsScope
14985:             1             24  com.intellij.psi.search.scope.ProblemsScope$1
14986:             1             24  com.intellij.psi.search.scope.ProjectFilesScope
14987:             1             24  com.intellij.psi.search.scope.ProjectFilesScope$1
14988:             1             24  com.intellij.psi.search.scope.ProjectProductionScope
14989:             1             24  com.intellij.psi.search.scope.ProjectProductionScope$1
14990:             1             24  com.intellij.psi.search.scope.TestsScope
14991:             1             24  com.intellij.psi.search.scope.TestsScope$1
14992:             1             24  com.intellij.psi.search.scope.packageSet.CustomScopesProviderEx$AllScopeHolder$1
14993:             1             24  com.intellij.psi.search.scope.packageSet.NamedScope
14994:             1             24  com.intellij.psi.stubs.StubIndexImpl$AsyncState
14995:             1             24  com.intellij.psi.stubs.StubUpdatingIndex
14996:             1             24  com.intellij.psi.stubs.StubUpdatingIndex$1
14997:             1             24  com.intellij.psi.util.CachedValueProfiler
14998:             1             24  com.intellij.psi.util.TypeConversionUtil$1
14999:             1             24  com.intellij.psi.xml.HtmlFileElementType
15000:             1             24  com.intellij.psi.xml.XmlElementType$1
15001:             1             24  com.intellij.psi.xml.XmlElementType$EmbeddedHtmlContentElementType
15002:             1             24  com.intellij.psi.xml.XmlElementType$XmlAttributeElementType
15003:             1             24  com.intellij.psi.xml.XmlTextElementType
15004:             1             24  com.intellij.quarkus.QuarkusBundle
15005:             1             24  com.intellij.quarkus.inspections.QsPrivateBeanMembersInspection
15006:             1             24  com.intellij.quarkus.inspections.QsUndeclaredPathMimeTypesInspection
15007:             1             24  com.intellij.reactivestreams.inspections.ReactiveStreamsNullableInLambdaInTransformInspection
15008:             1             24  com.intellij.reactivestreams.inspections.ReactiveStreamsPublisherImplementationInspection
15009:             1             24  com.intellij.reactivestreams.inspections.ReactiveStreamsSubscriberImplementationInspection
15010:             1             24  com.intellij.reactivestreams.inspections.ReactiveStreamsThrowInOperatorInspection
15011:             1             24  com.intellij.reactivestreams.inspections.ReactiveStreamsUnusedPublisherInspection
15012:             1             24  com.intellij.reactivestreams.reactor.ReactorCoreBundle
15013:             1             24  com.intellij.reactivestreams.reactor.inspections.BlockingOperatorInNonBlockingScopeInspection
15014:             1             24  com.intellij.reactivestreams.reactor.inspections.CallingSubscribeInNonBlockingScopeInspection
15015:             1             24  com.intellij.reactivestreams.reactor.inspections.ReactorAutomaticDebuggerInspection
15016:             1             24  com.intellij.reactivestreams.reactor.inspections.UnassignedFluxMonoInstanceInspection
15017:             1             24  com.intellij.reactivestreams.reactor.inspections.UnfinishedStepVerifierInspection
15018:             1             24  com.intellij.refactoring.RefactoringBundle
15019:             1             24  com.intellij.refactoring.rename.RenameHandlerRegistry
15020:             1             24  com.intellij.refactoring.suggested.NewIdentifierWatcher
15021:             1             24  com.intellij.refactoring.suggested.SuggestedRefactoringChangeCollector
15022:             1             24  com.intellij.refactoring.suggested.SuggestedRefactoringChangeListener$MyDocumentListener
15023:             1             24  com.intellij.refactoring.suggested.SuggestedRefactoringProviderImpl
15024:             1             24  com.intellij.refactoring.typeMigration.TypeMigrationBundle
15025:             1             24  com.intellij.refactoring.typeMigration.inspections.GuavaInspection
15026:             1             24  com.intellij.refactoring.typeMigration.inspections.MigrateAssertToMatcherAssertInspection
15027:             1             24  com.intellij.refactoring.typeMigration.intentions.ConvertFieldToAtomicIntention
15028:             1             24  com.intellij.remoteServer.impl.configuration.RemoteServersManagerImpl
15029:             1             24  com.intellij.remoteServer.impl.configuration.deployment.DeployToServerRunConfiguration$ConfigurationState
15030:             1             24  com.intellij.remoteServer.impl.runtime.ui.RemoteServersDeploymentManager$1
15031:             1             24  com.intellij.remoteServer.util.importProject.CloudGitRemoteDetector
15032:             1             24  com.intellij.scala.akka.AkkaScalaBundle
15033:             1             24  com.intellij.scala.akka.codeInspection.mutableState.ActorMutableStateInspection
15034:             1             24  com.intellij.scala.akka.codeInspection.props.PropsFactoryMethodExistenceInspection
15035:             1             24  com.intellij.scala.akka.codeInspection.props.PropsParametersInspection
15036:             1             24  com.intellij.scala.akka.codeInspection.props.SimplifyFactoryMethodInspection
15037:             1             24  com.intellij.scala.play.Play2Bundle
15038:             1             24  com.intellij.scala.play.language.Play2TemplateFileType
15039:             1             24  com.intellij.scala.play.language.actions.CreatePlayTemplateAction$
15040:             1             24  com.intellij.scala.play.language.inspections.Play2BadFileNameInspection
15041:             1             24  com.intellij.scala.play.language.inspections.Play2UnresolvedResource
15042:             1             24  com.intellij.scala.play.language.inspections.routing.RoutingBadHandlerInspection
15043:             1             24  com.intellij.scala.play.language.inspections.routing.RoutingURLClashInspection
15044:             1             24  com.intellij.scala.play.language.parser.tokens.Play2ASTTokens$$anon$10
15045:             1             24  com.intellij.scala.play.language.parser.tokens.Play2ASTTokens$$anon$11
15046:             1             24  com.intellij.scala.play.language.parser.tokens.Play2ASTTokens$$anon$3
15047:             1             24  com.intellij.scala.play.language.parser.tokens.Play2ASTTokens$$anon$4
15048:             1             24  com.intellij.scala.play.language.parser.tokens.Play2ASTTokens$$anon$5
15049:             1             24  com.intellij.scala.play.language.parser.tokens.Play2ASTTokens$$anon$8
15050:             1             24  com.intellij.scala.play.language.parser.tokens.Play2ASTTokens$$anon$9
15051:             1             24  com.intellij.scala.play.language.routing.Play2HtmlRoutingFileType
15052:             1             24  com.intellij.scala.play.language.support.DeleteUselessSourceAdvisor
15053:             1             24  com.intellij.scala.play.projectTemplate.Play2JavaSupportProvider
15054:             1             24  com.intellij.scala.play.runConfigurations.Play2RunConfigurationFactory
15055:             1             24  com.intellij.scala.play.util.Play2SbtStructureSettings
15056:             1             24  com.intellij.scala.play.util.Play2Util$
15057:             1             24  com.intellij.scala.ssp.SspFileType
15058:             1             24  com.intellij.scala.ssp.lang.lexer.SspScalaContent
15059:             1             24  com.intellij.scala.ssp.lang.parser.SspElementTypes$$anon$10
15060:             1             24  com.intellij.scala.ssp.lang.parser.SspElementTypes$$anon$11
15061:             1             24  com.intellij.scala.ssp.lang.parser.SspElementTypes$$anon$2
15062:             1             24  com.intellij.scala.ssp.lang.parser.SspElementTypes$$anon$3
15063:             1             24  com.intellij.scala.ssp.lang.parser.SspElementTypes$$anon$4
15064:             1             24  com.intellij.scala.ssp.lang.parser.SspElementTypes$$anon$5
15065:             1             24  com.intellij.scala.ssp.lang.parser.SspElementTypes$$anon$6
15066:             1             24  com.intellij.scala.ssp.lang.parser.SspElementTypes$$anon$7
15067:             1             24  com.intellij.scala.ssp.lang.parser.SspElementTypes$$anon$8
15068:             1             24  com.intellij.scala.ssp.lang.parser.SspElementTypes$$anon$9
15069:             1             24  com.intellij.seam.facet.SeamFacetType$SeamFrameworkDetector
15070:             1             24  com.intellij.seam.fileEditor.PageflowDesignerFileEditorProvider
15071:             1             24  com.intellij.seam.fileEditor.PagesGraphFileEditorProvider
15072:             1             24  com.intellij.seam.highlighting.jam.SeamAnnotationIncorrectSignatureInspection
15073:             1             24  com.intellij.seam.highlighting.jam.SeamAnnotationsInconsistencyInspection
15074:             1             24  com.intellij.seam.highlighting.jam.SeamBijectionIllegalScopeParameterInspection
15075:             1             24  com.intellij.seam.highlighting.jam.SeamBijectionTypeMismatchInspection
15076:             1             24  com.intellij.seam.highlighting.jam.SeamBijectionUndefinedContextVariableInspection
15077:             1             24  com.intellij.seam.highlighting.jam.SeamDuplicateComponentsInspection
15078:             1             24  com.intellij.seam.highlighting.jam.SeamIllegalComponentScopeInspection
15079:             1             24  com.intellij.seam.highlighting.jam.SeamJamComponentInspection
15080:             1             24  com.intellij.seam.highlighting.xml.SeamDomModelInspection
15081:             1             24  com.intellij.seam.inspections.PageflowModelInspection
15082:             1             24  com.intellij.seam.inspections.PagesFileModelInspection
15083:             1             24  com.intellij.seam.inspections.PagesModelInspection
15084:             1             24  com.intellij.seam.resources.SeamBundle
15085:             1             24  com.intellij.serviceContainer.ComponentManagerImpl$getOrCreateMessageBusUnderLock$1
15086:             1             24  com.intellij.sh.ShBundle
15087:             1             24  com.intellij.sh.ShFileType
15088:             1             24  com.intellij.sh.ShFileTypeDetector
15089:             1             24  com.intellij.sh.lexer.ShLazyBlockElementType
15090:             1             24  com.intellij.sh.lexer.ShLazyDoBlockElementType
15091:             1             24  com.intellij.sh.psi.ShFileElementType
15092:             1             24  com.intellij.sh.template.ShContextType
15093:             1             24  com.intellij.spellchecker.SpellCheckerManager$CustomDictFileListener
15094:             1             24  com.intellij.spellchecker.compress.UnitBitSet
15095:             1             24  com.intellij.spellchecker.dictionary.ProjectDictionary
15096:             1             24  com.intellij.spellchecker.dictionary.UserDictionary
15097:             1             24  com.intellij.spellchecker.inspections.SpellCheckingInspection
15098:             1             24  com.intellij.spellchecker.state.ProjectDictionaryState
15099:             1             24  com.intellij.spellchecker.tokenizer.HtmlSpellcheckingStrategy
15100:             1             24  com.intellij.spellchecker.tokenizer.SpellcheckingStrategy
15101:             1             24  com.intellij.spellchecker.util.SpellCheckerBundle
15102:             1             24  com.intellij.spellchecker.xml.XmlSpellcheckingStrategy
15103:             1             24  com.intellij.spi.SPIFileType
15104:             1             24  com.intellij.spring.SpringBundle
15105:             1             24  com.intellij.spring.aop.SpringAopBundle
15106:             1             24  com.intellij.spring.batch.inspections.SpringBatchModelInspection
15107:             1             24  com.intellij.spring.batch.library.SpringBatchFrameworkType
15108:             1             24  com.intellij.spring.boot.SpringBootApiBundle
15109:             1             24  com.intellij.spring.boot.application.metadata.SpringBootMetadataEditorNotificationsProvider
15110:             1             24  com.intellij.spring.boot.application.metadata.SpringBootMetadataEditorNotificationsProvider$1
15111:             1             24  com.intellij.spring.boot.application.metadata.SpringBootMetadataEditorNotificationsProvider$2
15112:             1             24  com.intellij.spring.boot.application.metadata.additional.SpringBootAdditionalConfigInspection
15113:             1             24  com.intellij.spring.boot.cloud.model.bootstrap.SpringBootBootstrapConfigurationInspection
15114:             1             24  com.intellij.spring.boot.cloud.stream.SpringCloudStreamBundle
15115:             1             24  com.intellij.spring.boot.cloud.stream.inspections.SpringCloudStreamInconsistencyInspection
15116:             1             24  com.intellij.spring.boot.cloud.stream.inspections.SpringCloudStreamMessageChannelInspection
15117:             1             24  com.intellij.spring.boot.cloud.stream.spi.SpringBindersFileType
15118:             1             24  com.intellij.spring.boot.model.SpringBootApplicationSetupInspection
15119:             1             24  com.intellij.spring.boot.mvc.providers.SpringFeignClientFramework
15120:             1             24  com.intellij.spring.boot.reactor.SpringBootReactorHooksOnDebugInspection
15121:             1             24  com.intellij.spring.boot.run.SpringBootApplicationConfigurationType$1
15122:             1             24  com.intellij.spring.boot.run.SpringBootApplicationRunDashboardChecker
15123:             1             24  com.intellij.spring.boot.run.SpringBootApplicationRunDashboardChecker$1
15124:             1             24  com.intellij.spring.contexts.chooser.SpringMultipleContextsEditorNotification$1
15125:             1             24  com.intellij.spring.contexts.model.diagram.extras.SpringLocalModelsDiagramElementManager
15126:             1             24  com.intellij.spring.data.commons.inspections.SpringDataMethodInconsistencyInspection
15127:             1             24  com.intellij.spring.data.commons.inspections.SpringDataRepositoryMethodParametersInspection
15128:             1             24  com.intellij.spring.data.commons.inspections.SpringDataRepositoryMethodReturnTypeInspection
15129:             1             24  com.intellij.spring.data.jpa.library.SpringDataJpaFrameworkType
15130:             1             24  com.intellij.spring.data.utils.SpringDataBundle
15131:             1             24  com.intellij.spring.el.inspections.SpringElInspection
15132:             1             24  com.intellij.spring.el.inspections.SpringElStaticFieldInjectionInspection
15133:             1             24  com.intellij.spring.el.parser.SpringELParserDefinition$1
15134:             1             24  com.intellij.spring.facet.SpringFrameworkDetector
15135:             1             24  com.intellij.spring.index.SpringXmlBeansIndex
15136:             1             24  com.intellij.spring.integration.diagram.SpringIntegrationDiagramElementManager
15137:             1             24  com.intellij.spring.integration.inspections.SpringIntegrationDeprecations21Inspection
15138:             1             24  com.intellij.spring.integration.inspections.SpringIntegrationModelInspection
15139:             1             24  com.intellij.spring.integration.inspections.jam.SpringIntegrationMethodEndpointInconsistencyInspection
15140:             1             24  com.intellij.spring.integration.inspections.jam.UnresolvedMessageChannelInspection
15141:             1             24  com.intellij.spring.integration.library.SpringIntegrationFrameworkType
15142:             1             24  com.intellij.spring.messaging.SpringMessagingBundle
15143:             1             24  com.intellij.spring.model.actions.generate.SpringConstructorDependenciesGenerateProvider
15144:             1             24  com.intellij.spring.model.actions.generate.SpringPropertiesGenerateProvider
15145:             1             24  com.intellij.spring.model.actions.generate.SpringSetterDependenciesGenerateProvider
15146:             1             24  com.intellij.spring.model.cacheable.highlighting.SpringCacheAnnotationsOnInterfaceInspection
15147:             1             24  com.intellij.spring.model.cacheable.highlighting.SpringCacheNamesInspection
15148:             1             24  com.intellij.spring.model.cacheable.highlighting.SpringCacheableAndCachePutInspection
15149:             1             24  com.intellij.spring.model.cacheable.highlighting.SpringCacheableComponentsInspection
15150:             1             24  com.intellij.spring.model.events.highlighting.SpringEventListenerInspection
15151:             1             24  com.intellij.spring.model.highlighting.JdkProxiedBeanTypeInspection
15152:             1             24  com.intellij.spring.model.highlighting.MissingAspectjAutoproxyInspection
15153:             1             24  com.intellij.spring.model.highlighting.SpringAopErrorsInspection
15154:             1             24  com.intellij.spring.model.highlighting.SpringAopWarningsInspection
15155:             1             24  com.intellij.spring.model.highlighting.autowire.SpringJavaStaticMembersAutowiringInspection
15156:             1             24  com.intellij.spring.model.highlighting.autowire.SpringUastAutowiredMembersInspection
15157:             1             24  com.intellij.spring.model.highlighting.autowire.SpringUastConstructorAutowiringInspection
15158:             1             24  com.intellij.spring.model.highlighting.autowire.SpringUastInjectionPointsAutowiringInspection
15159:             1             24  com.intellij.spring.model.highlighting.autowire.xml.SpringXmlAutowireExplicitlyInspection
15160:             1             24  com.intellij.spring.model.highlighting.autowire.xml.SpringXmlAutowiringInspection
15161:             1             24  com.intellij.spring.model.highlighting.config.SpringFacetProgrammaticInspection
15162:             1             24  com.intellij.spring.model.highlighting.config.SpringFacetUastInspection
15163:             1             24  com.intellij.spring.model.highlighting.jam.AsyncMethodInspection
15164:             1             24  com.intellij.spring.model.highlighting.jam.ContextJavaBeanUnresolvedMethodsInspection
15165:             1             24  com.intellij.spring.model.highlighting.jam.ScheduledMethodInspection
15166:             1             24  com.intellij.spring.model.highlighting.jam.SpringComponentScanInspection
15167:             1             24  com.intellij.spring.model.highlighting.jam.SpringConfigurationProxyMethodsInspection
15168:             1             24  com.intellij.spring.model.highlighting.jam.SpringImportResourceInspection
15169:             1             24  com.intellij.spring.model.highlighting.jam.SpringJavaAutowiredFieldsWarningInspection
15170:             1             24  com.intellij.spring.model.highlighting.jam.SpringJavaConfigExternalBeansErrorInspection
15171:             1             24  com.intellij.spring.model.highlighting.jam.SpringJavaConfigInconsistencyInspection
15172:             1             24  com.intellij.spring.model.highlighting.jam.SpringPropertySourceInspection
15173:             1             24  com.intellij.spring.model.highlighting.jam.SpringRequiredAnnotationInspection
15174:             1             24  com.intellij.spring.model.highlighting.xml.AbstractBeanReferencesInspection
15175:             1             24  com.intellij.spring.model.highlighting.xml.ContextComponentScanInconsistencyInspection
15176:             1             24  com.intellij.spring.model.highlighting.xml.DuplicatedBeanNamesInspection
15177:             1             24  com.intellij.spring.model.highlighting.xml.FactoryMethodInspection
15178:             1             24  com.intellij.spring.model.highlighting.xml.InjectionValueConsistencyInspection
15179:             1             24  com.intellij.spring.model.highlighting.xml.InjectionValueStyleInspection
15180:             1             24  com.intellij.spring.model.highlighting.xml.InjectionValueTypeInspection
15181:             1             24  com.intellij.spring.model.highlighting.xml.LookupMethodInspection
15182:             1             24  com.intellij.spring.model.highlighting.xml.RequiredBeanTypeInspection
15183:             1             24  com.intellij.spring.model.highlighting.xml.SpringBeanAttributesInspection
15184:             1             24  com.intellij.spring.model.highlighting.xml.SpringBeanInstantiationInspection
15185:             1             24  com.intellij.spring.model.highlighting.xml.SpringBeanNameConventionInspection
15186:             1             24  com.intellij.spring.model.highlighting.xml.SpringConstructorArgInspection
15187:             1             24  com.intellij.spring.model.highlighting.xml.SpringDependencyCheckInspection
15188:             1             24  com.intellij.spring.model.highlighting.xml.SpringInactiveProfileHighlightingInspection
15189:             1             24  com.intellij.spring.model.highlighting.xml.SpringIncorrectResourceTypeInspection
15190:             1             24  com.intellij.spring.model.highlighting.xml.SpringPlaceholdersInspection
15191:             1             24  com.intellij.spring.model.highlighting.xml.SpringPublicFactoryMethodInspection
15192:             1             24  com.intellij.spring.model.highlighting.xml.SpringRequiredPropertyInspection
15193:             1             24  com.intellij.spring.model.highlighting.xml.SpringScopesInspection
15194:             1             24  com.intellij.spring.model.highlighting.xml.SpringXmlModelInspection
15195:             1             24  com.intellij.spring.model.highlighting.xml.UnparsedCustomBeanInspection
15196:             1             24  com.intellij.spring.model.highlighting.xml.UtilSchemaInspection
15197:             1             24  com.intellij.spring.model.intentions.HardCodedStringToPlaceholderMoveIntention
15198:             1             24  com.intellij.spring.model.jam.lookup.SpringLookupInjectionInspection
15199:             1             24  com.intellij.spring.model.jam.testContexts.SpringContextConfigurationInspection
15200:             1             24  com.intellij.spring.model.jam.testContexts.SpringTestingDirtiesContextInspection
15201:             1             24  com.intellij.spring.model.jam.testContexts.SpringTestingSqlInspection
15202:             1             24  com.intellij.spring.model.jam.testContexts.SpringTestingTransactionalInspection
15203:             1             24  com.intellij.spring.model.jam.transaction.SpringTransactionalComponentInspection
15204:             1             24  com.intellij.spring.model.utils.SpringCommonUtils$$Lambda$3149/0x0000000801df7c40
15205:             1             24  com.intellij.spring.model.xml.custom.registration.SpringHandlersSchemasHighlightingInspection
15206:             1             24  com.intellij.spring.osgi.inspections.SpringOsgiElementsInconsistencyInspection
15207:             1             24  com.intellij.spring.osgi.inspections.SpringOsgiListenerInspection
15208:             1             24  com.intellij.spring.osgi.inspections.SpringOsgiServiceCommonInspection
15209:             1             24  com.intellij.spring.perspectives.diagrams.SpringDiagramElementManager
15210:             1             24  com.intellij.spring.profiles.SpringProfileExpressionInspection
15211:             1             24  com.intellij.spring.profiles.SpringProfilesEditorNotificationsProvider$1
15212:             1             24  com.intellij.spring.security.highlighting.SpringSecurityAnnotationBeanPointersResolveInspection
15213:             1             24  com.intellij.spring.security.inspections.SpringSecurityDebugActivatedInspection
15214:             1             24  com.intellij.spring.security.inspections.SpringSecurityFiltersConfiguredInspection
15215:             1             24  com.intellij.spring.security.inspections.SpringSecurityModelInspection
15216:             1             24  com.intellij.spring.security.library.SpringSecurityFrameworkType
15217:             1             24  com.intellij.spring.spi.SpringFactoriesFileType
15218:             1             24  com.intellij.spring.web.mvc.SpringMvcBundle
15219:             1             24  com.intellij.spring.web.mvc.jam.SpringMVCInitBinderInspection
15220:             1             24  com.intellij.spring.web.mvc.library.SpringMvcFrameworkType
15221:             1             24  com.intellij.spring.web.mvc.mime.MVCIncorrectMimeTypeReferenceInspection
15222:             1             24  com.intellij.spring.web.mvc.pathVariables.MVCPathVariableInspection
15223:             1             24  com.intellij.spring.web.mvc.views.SpringMVCViewInspection
15224:             1             24  com.intellij.spring.webflow.inspections.FlowRequiredBeanTypeInspection
15225:             1             24  com.intellij.spring.webflow.inspections.WebflowConfigModelInspection
15226:             1             24  com.intellij.spring.webflow.inspections.WebflowModelInspection
15227:             1             24  com.intellij.spring.webflow.inspections.WebflowSetupInspection
15228:             1             24  com.intellij.spring.webflow.library.SpringWebflowFrameworkType
15229:             1             24  com.intellij.spring.webflow.resources.WebflowBundle
15230:             1             24  com.intellij.spring.websocket.inspections.SpringWebSocketConfigurationInspection
15231:             1             24  com.intellij.spring.ws.inspections.SpringMessageDispatcherWebXmlInspection
15232:             1             24  com.intellij.spring.ws.inspections.configuration.SpringWebServicesConfigurationsInspection
15233:             1             24  com.intellij.spring.ws.inspections.jam.SpringWebServiceAnnotationsInconsistencyInspection
15234:             1             24  com.intellij.spring.ws.library.SpringWebServiceFrameworkType
15235:             1             24  com.intellij.sql.SqlBundle
15236:             1             24  com.intellij.sql.SqlFileType
15237:             1             24  com.intellij.sql.SqlFrameworkSupportProvider
15238:             1             24  com.intellij.sql.database.SqlDataSourceStorage
15239:             1             24  com.intellij.sql.dialects.dateTime.SqlDtInspection
15240:             1             24  com.intellij.sql.dialects.dateTime.psi.SqlDtFileElementType
15241:             1             24  com.intellij.sql.dialects.db2.Db2CodeStyleSettingsProvider
15242:             1             24  com.intellij.sql.dialects.derby.DerbyCodeStyleSettingsProvider
15243:             1             24  com.intellij.sql.dialects.generic.GenericCodeStyleSettingsProvider
15244:             1             24  com.intellij.sql.dialects.greenplum.GPlumParserDefinition$1
15245:             1             24  com.intellij.sql.dialects.h2.H2CodeStyleSettingsProvider
15246:             1             24  com.intellij.sql.dialects.hsql.HsqlCodeStyleSettingsProvider
15247:             1             24  com.intellij.sql.dialects.mongo.js.inspections.MongoJSResolveInspection
15248:             1             24  com.intellij.sql.dialects.mssql.MsCodeStyleSettingsProvider
15249:             1             24  com.intellij.sql.dialects.mssql.inspections.MsBuiltinInspection
15250:             1             24  com.intellij.sql.dialects.mssql.inspections.MsOrderByInspection
15251:             1             24  com.intellij.sql.dialects.mysql.MysqlCodeStyleSettingsProvider
15252:             1             24  com.intellij.sql.dialects.mysql.inspections.MysqlLoadDataPathInspection
15253:             1             24  com.intellij.sql.dialects.mysql.inspections.MysqlParsingInspection
15254:             1             24  com.intellij.sql.dialects.oracle.OraCodeStyleSettingsProvider
15255:             1             24  com.intellij.sql.dialects.oracle.inspections.OraDeprecateTypeInspection
15256:             1             24  com.intellij.sql.dialects.postgres.PgCodeStyleSettingsProvider
15257:             1             24  com.intellij.sql.dialects.postgres.PgParserDefinition$1
15258:             1             24  com.intellij.sql.dialects.postgres.inspections.PgSelectFromProcedureInspection
15259:             1             24  com.intellij.sql.dialects.redshift.RsParserDefinition$1
15260:             1             24  com.intellij.sql.dialects.sqlite.SqliteCodeStyleSettingsProvider
15261:             1             24  com.intellij.sql.dialects.sybase.AseCodeStyleSettingsProvider
15262:             1             24  com.intellij.sql.editor.SqlEditorOptions$QualificationType$1
15263:             1             24  com.intellij.sql.editor.SqlEditorOptions$QualificationType$2
15264:             1             24  com.intellij.sql.editor.SqlEditorOptions$QualificationType$3
15265:             1             24  com.intellij.sql.editor.SqlEditorOptionsProvider$autoInsertClosingTag$1
15266:             1             24  com.intellij.sql.editor.SqlEditorOptionsProvider$autoInsertClosingTag$2
15267:             1             24  com.intellij.sql.editor.SqlEditorOptionsProvider$closeBlocksOnEnter$1
15268:             1             24  com.intellij.sql.editor.SqlEditorOptionsProvider$closeBlocksOnEnter$2
15269:             1             24  com.intellij.sql.editor.SqlFoldingOptionsProvider
15270:             1             24  com.intellij.sql.editor.SqlFoldingOptionsProvider$1
15271:             1             24  com.intellij.sql.injection.SqlTypeBasedInjector
15272:             1             24  com.intellij.sql.inspections.SqlAddNotNullColumnInspection
15273:             1             24  com.intellij.sql.inspections.SqlAggregatesInspection
15274:             1             24  com.intellij.sql.inspections.SqlAmbiguousColumnInspection
15275:             1             24  com.intellij.sql.inspections.SqlAutoIncrementDuplicateInspection
15276:             1             24  com.intellij.sql.inspections.SqlCaseVsCoalesceInspection
15277:             1             24  com.intellij.sql.inspections.SqlCaseVsIfInspection
15278:             1             24  com.intellij.sql.inspections.SqlCheckUsingColumnsInspection
15279:             1             24  com.intellij.sql.inspections.SqlConstantConditionInspection
15280:             1             24  com.intellij.sql.inspections.SqlDerivedTableAliasInspection
15281:             1             24  com.intellij.sql.inspections.SqlDropIndexedColumnInspection
15282:             1             24  com.intellij.sql.inspections.SqlDuplicateColumnInspection
15283:             1             24  com.intellij.sql.inspections.SqlErrorHandlingInspection
15284:             1             24  com.intellij.sql.inspections.SqlGotoInspection
15285:             1             24  com.intellij.sql.inspections.SqlIdentifierInspection
15286:             1             24  com.intellij.sql.inspections.SqlIdentifierLengthInspection
15287:             1             24  com.intellij.sql.inspections.SqlIllegalCursorStateInspection
15288:             1             24  com.intellij.sql.inspections.SqlInsertIntoGeneratedColumnInspection
15289:             1             24  com.intellij.sql.inspections.SqlInsertNullIntoNotNullInspection
15290:             1             24  com.intellij.sql.inspections.SqlInsertValuesInspection
15291:             1             24  com.intellij.sql.inspections.SqlJoinWithoutOnInspection
15292:             1             24  com.intellij.sql.inspections.SqlMisleadingReferenceInspection
15293:             1             24  com.intellij.sql.inspections.SqlMissingColumnAliasesInspection
15294:             1             24  com.intellij.sql.inspections.SqlMissingReturnInspection
15295:             1             24  com.intellij.sql.inspections.SqlMultipleLimitClausesInspection
15296:             1             24  com.intellij.sql.inspections.SqlNamedArgumentsInspection
15297:             1             24  com.intellij.sql.inspections.SqlNullComparisonInspection
15298:             1             24  com.intellij.sql.inspections.SqlRedundantAliasInspection
15299:             1             24  com.intellij.sql.inspections.SqlRedundantCodeInCoalesceInspection
15300:             1             24  com.intellij.sql.inspections.SqlRedundantElseNullInspection
15301:             1             24  com.intellij.sql.inspections.SqlRedundantLimitInspection
15302:             1             24  com.intellij.sql.inspections.SqlRedundantOrderingDirectionInspection
15303:             1             24  com.intellij.sql.inspections.SqlResolveInspection
15304:             1             24  com.intellij.sql.inspections.SqlShouldBeInGroupByInspection
15305:             1             24  com.intellij.sql.inspections.SqlSideEffectsInspection
15306:             1             24  com.intellij.sql.inspections.SqlSignatureInspection
15307:             1             24  com.intellij.sql.inspections.SqlStringLengthExceededInspection
15308:             1             24  com.intellij.sql.inspections.SqlTransactionStatementInTriggerInspection
15309:             1             24  com.intellij.sql.inspections.SqlTriggerTransitionInspection
15310:             1             24  com.intellij.sql.inspections.SqlTypeInspection
15311:             1             24  com.intellij.sql.inspections.SqlUnicodeStringLiteralInspection
15312:             1             24  com.intellij.sql.inspections.SqlUnreachableCodeInspection
15313:             1             24  com.intellij.sql.inspections.SqlUnusedCteInspection
15314:             1             24  com.intellij.sql.inspections.SqlUnusedSubqueryItemInspection
15315:             1             24  com.intellij.sql.inspections.SqlUnusedVariableInspection
15316:             1             24  com.intellij.sql.inspections.SqlWithoutWhereInspection
15317:             1             24  com.intellij.sql.inspections.configuration.SqlCurrentSchemaInspection
15318:             1             24  com.intellij.sql.inspections.configuration.SqlDialectInspection
15319:             1             24  com.intellij.sql.inspections.configuration.SqlNoDataSourceInspection
15320:             1             24  com.intellij.sql.inspections.configuration.SqlStorageInspection
15321:             1             24  com.intellij.sql.intentions.SqlAddExternalRelationIntention
15322:             1             24  com.intellij.sql.intentions.SqlConvertBetweenToComparisonIntention
15323:             1             24  com.intellij.sql.intentions.SqlConvertComparisonToBetweenIntention
15324:             1             24  com.intellij.sql.intentions.SqlConvertEqualityToInIntention
15325:             1             24  com.intellij.sql.intentions.SqlConvertInToEqualityIntention
15326:             1             24  com.intellij.sql.intentions.SqlConvertJoinOnToNaturalIntention
15327:             1             24  com.intellij.sql.intentions.SqlConvertJoinOnToUsingIntention
15328:             1             24  com.intellij.sql.intentions.SqlConvertJoinUsingToNaturalIntention
15329:             1             24  com.intellij.sql.intentions.SqlConvertJoinUsingToOnIntention
15330:             1             24  com.intellij.sql.intentions.SqlConvertNaturalJoinToOnIntention
15331:             1             24  com.intellij.sql.intentions.SqlConvertNaturalJoinToUsingIntention
15332:             1             24  com.intellij.sql.intentions.SqlExpandColumnListIntention
15333:             1             24  com.intellij.sql.intentions.SqlInjectByTypeIntention
15334:             1             24  com.intellij.sql.intentions.SqlInlineTableAliasIntention
15335:             1             24  com.intellij.sql.intentions.SqlIntroduceTableAliasIntention
15336:             1             24  com.intellij.sql.intentions.SqlPreviewDmlAction$Delete
15337:             1             24  com.intellij.sql.intentions.SqlPreviewDmlAction$Update
15338:             1             24  com.intellij.sql.intentions.SqlQuoteIdentifierIntention
15339:             1             24  com.intellij.sql.intentions.SqlReplaceColumnNameWithNumberIntention
15340:             1             24  com.intellij.sql.intentions.SqlReplaceColumnNumberWithNameIntention
15341:             1             24  com.intellij.sql.intentions.SqlReplaceDistinctWithGroupByIntention
15342:             1             24  com.intellij.sql.intentions.SqlReplaceGroupByWithDistinctIntention
15343:             1             24  com.intellij.sql.intentions.SqlSplitInsertStatementIntention
15344:             1             24  com.intellij.sql.intentions.SqlSplitStringLiteralIntention
15345:             1             24  com.intellij.sql.intentions.SqlUnquoteIdentifierIntention
15346:             1             24  com.intellij.sql.liveTemplates.SqlAllDialectsCodeContextType
15347:             1             24  com.intellij.sql.liveTemplates.SqlAllDialectsContextType
15348:             1             24  com.intellij.sql.liveTemplates.SqlAllDialectsStatementContextType
15349:             1             24  com.intellij.sql.psi.SqlRawLeafTokenType
15350:             1             24  com.intellij.ssh.InitJSchLoggerStartupActivity$JSchLogger
15351:             1             24  com.intellij.ssh.diagnostic.BackedLogger
15352:             1             24  com.intellij.stats.sender.SenderPreloadingActivity
15353:             1             24  com.intellij.struts2.StrutsBundle
15354:             1             24  com.intellij.struts2.dom.inspection.ValidatorConfigModelInspection
15355:             1             24  com.intellij.struts2.dom.inspection.ValidatorModelInspection
15356:             1             24  com.intellij.struts2.facet.StrutsFrameworkDetector
15357:             1             24  com.intellij.struts2.facet.StrutsFrameworkSupportProvider
15358:             1             24  com.intellij.struts2.graph.fileEditor.Struts2GraphFileEditorProvider
15359:             1             24  com.intellij.struts2.jsp.inspection.HardcodedActionUrlInspection
15360:             1             24  com.intellij.swagger.SpecificationType
15361:             1             24  com.intellij.swagger.SpecificationType$OPENAPI_3
15362:             1             24  com.intellij.swagger.SpecificationType$SWAGGER_2
15363:             1             24  com.intellij.swagger.SwaggerBundle
15364:             1             24  com.intellij.swagger.model.remote.RemoteSpecificationModel
15365:             1             24  com.intellij.swagger.providers.SwAnnotationEndpointsProvider
15366:             1             24  com.intellij.swagger.providers.SwEndpointsProvider
15367:             1             24  com.intellij.swagger.providers.SwJsonLiveTemplateContextType
15368:             1             24  com.intellij.swagger.providers.SwSpecificationJsonLiveTemplateContextType
15369:             1             24  com.intellij.swagger.providers.SwSpecificationYamlLiveTemplateContextType
15370:             1             24  com.intellij.swagger.providers.SwYamlLiveTemplateContextType
15371:             1             24  com.intellij.swagger.reference.SwUrlReferenceProvider$SwJsonUrlReferenceProvider
15372:             1             24  com.intellij.tapestry.core.events.TapestryEventsManager
15373:             1             24  com.intellij.tapestry.intellij.TapestryModuleSupportLoader
15374:             1             24  com.intellij.tapestry.intellij.facet.TapestryFacetType$TapestryFrameworkDetector
15375:             1             24  com.intellij.tapestry.intellij.facet.TapestryFrameworkSupportProvider
15376:             1             24  com.intellij.tapestry.intellij.inspections.TelReferencesInspection
15377:             1             24  com.intellij.tapestry.intellij.util.TapestryUtils$1
15378:             1             24  com.intellij.tapestry.lang.TelFileType
15379:             1             24  com.intellij.tapestry.lang.TmlFileType
15380:             1             24  com.intellij.tapestry.psi.TelTokenTypes$1
15381:             1             24  com.intellij.tasks.ChangeListInfo
15382:             1             24  com.intellij.tasks.config.TaskSettings
15383:             1             24  com.intellij.tasks.context.WorkingContextManager
15384:             1             24  com.intellij.tasks.impl.TaskProjectConfiguration
15385:             1             24  com.intellij.tasks.jira.jql.JqlFileType
15386:             1             24  com.intellij.tasks.timeTracking.model.WorkItem
15387:             1             24  com.intellij.testIntegration.TestIntegrationUtils$MethodKind$1
15388:             1             24  com.intellij.testIntegration.TestIntegrationUtils$MethodKind$2
15389:             1             24  com.intellij.testIntegration.TestIntegrationUtils$MethodKind$3
15390:             1             24  com.intellij.testIntegration.TestIntegrationUtils$MethodKind$4
15391:             1             24  com.intellij.testIntegration.TestIntegrationUtils$MethodKind$5
15392:             1             24  com.intellij.testIntegration.TestIntegrationUtils$MethodKind$6
15393:             1             24  com.intellij.testIntegration.TestIntegrationUtils$MethodKind$7
15394:             1             24  com.intellij.thymeleaf.dialects.xml.ThymeleafDialectDomInspection
15395:             1             24  com.intellij.thymeleaf.highlighting.ThymeleafMessagesResolveInspection
15396:             1             24  com.intellij.thymeleaf.highlighting.ThymeleafVariablesResolveInspection
15397:             1             24  com.intellij.thymeleaf.library.ThymeleafFrameworkType
15398:             1             24  com.intellij.thymeleaf.library.extesions.ThymeleafConditionalFrameworkType
15399:             1             24  com.intellij.thymeleaf.library.extesions.ThymeleafJava8TimeFrameworkType
15400:             1             24  com.intellij.thymeleaf.library.extesions.ThymeleafSpring3FrameworkType
15401:             1             24  com.intellij.thymeleaf.library.extesions.ThymeleafSpring4FrameworkType
15402:             1             24  com.intellij.thymeleaf.library.extesions.ThymeleafSpringSecurity3FrameworkType
15403:             1             24  com.intellij.thymeleaf.library.extesions.ThymeleafSpringSecurity4FrameworkType
15404:             1             24  com.intellij.thymeleaf.library.extesions.ThymeleafTestingFrameworkType
15405:             1             24  com.intellij.thymeleaf.library.extesions.ThymeleafTiles2TimeFrameworkType
15406:             1             24  com.intellij.thymeleaf.resources.ThymeleafBundle
15407:             1             24  com.intellij.tools.ToolsBundle
15408:             1             24  com.intellij.ui.AddEditRemovePanel$6
15409:             1             24  com.intellij.ui.AddEditRemovePanel$7
15410:             1             24  com.intellij.ui.CheckboxTreeHelper
15411:             1             24  com.intellij.ui.CheckboxTreeHelper$$Lambda$1383/0x00000008013e2840
15412:             1             24  com.intellij.ui.CheckboxTreeHelper$1
15413:             1             24  com.intellij.ui.DeferredIconImpl$RepaintScheduler
15414:             1             24  com.intellij.ui.EditorNotificationsImpl
15415:             1             24  com.intellij.ui.ProjectConceptBundle
15416:             1             24  com.intellij.ui.TableExpandableItemsHandler$1
15417:             1             24  com.intellij.ui.TableExpandableItemsHandler$2
15418:             1             24  com.intellij.ui.TableExpandableItemsHandler$3
15419:             1             24  com.intellij.ui.TableExpandableItemsHandler$4
15420:             1             24  com.intellij.ui.TableExpandableItemsHandler$5
15421:             1             24  com.intellij.ui.ToolbarDecorator$3
15422:             1             24  com.intellij.ui.UIBundle
15423:             1             24  com.intellij.ui.components.ScrollSource$1
15424:             1             24  com.intellij.ui.components.ScrollSource$2
15425:             1             24  com.intellij.ui.components.ScrollSource$3
15426:             1             24  com.intellij.ui.components.ScrollSource$4
15427:             1             24  com.intellij.ui.content.AlertIcon
15428:             1             24  com.intellij.ui.docking.impl.DockManagerImpl$1
15429:             1             24  com.intellij.ui.docking.impl.DockManagerImpl$2
15430:             1             24  com.intellij.ui.docking.impl.DockManagerImpl$3
15431:             1             24  com.intellij.ui.javafx.JavaFxHtmlPanel$$Lambda$3796/0x00000008021d1c40
15432:             1             24  com.intellij.ui.layout.Cell$textFieldWithBrowseButton$1
15433:             1             24  com.intellij.ui.layout.Cell$textFieldWithBrowseButton$2
15434:             1             24  com.intellij.ui.layout.CellKt$withTextBinding$1
15435:             1             24  com.intellij.ui.layout.CellKt$withTextBinding$2
15436:             1             24  com.intellij.ui.mac.MacMainFrameDecorator$2
15437:             1             24  com.intellij.ui.mac.MacMainFrameDecorator$FullScreenQueue
15438:             1             24  com.intellij.ui.mac.TouchbarDataKeys$ActionDesc
15439:             1             24  com.intellij.ui.mac.touchbar.BuildUtils$3
15440:             1             24  com.intellij.ui.mac.touchbar.StackTouchBars$TouchBarHolder
15441:             1             24  com.intellij.ui.paint.EffectPainter$1
15442:             1             24  com.intellij.ui.paint.EffectPainter$2
15443:             1             24  com.intellij.ui.paint.EffectPainter$3
15444:             1             24  com.intellij.ui.paint.EffectPainter$4
15445:             1             24  com.intellij.ui.paint.EffectPainter$5
15446:             1             24  com.intellij.ui.paint.EffectPainter2D$1
15447:             1             24  com.intellij.ui.paint.EffectPainter2D$2
15448:             1             24  com.intellij.ui.paint.EffectPainter2D$3
15449:             1             24  com.intellij.ui.paint.EffectPainter2D$4
15450:             1             24  com.intellij.ui.paint.EffectPainter2D$5
15451:             1             24  com.intellij.ui.paint.PaintUtil$RoundingMode$1
15452:             1             24  com.intellij.ui.paint.PaintUtil$RoundingMode$2
15453:             1             24  com.intellij.ui.paint.PaintUtil$RoundingMode$3
15454:             1             24  com.intellij.ui.paint.PaintUtil$RoundingMode$4
15455:             1             24  com.intellij.ui.paint.RectanglePainter$1
15456:             1             24  com.intellij.ui.paint.RectanglePainter$2
15457:             1             24  com.intellij.ui.paint.RectanglePainter2D$1
15458:             1             24  com.intellij.ui.paint.RectanglePainter2D$2
15459:             1             24  com.intellij.ui.popup.HintUpdateSupply$1
15460:             1             24  com.intellij.ui.popup.HintUpdateSupply$3
15461:             1             24  com.intellij.ui.popup.StackingPopupDispatcherImpl
15462:             1             24  com.intellij.ui.speedSearch.ListWithFilter$MySpeedSearch$1
15463:             1             24  com.intellij.ui.speedSearch.NameFilteringListModel$$Lambda$841/0x0000000800aecc40
15464:             1             24  com.intellij.ui.table.JBTable$4
15465:             1             24  com.intellij.ui.table.JBTable$JBTableHeader$1
15466:             1             24  com.intellij.ui.table.JBTable$JBTableHeader$2
15467:             1             24  com.intellij.ui.table.JBTable$MyCellEditorRemover
15468:             1             24  com.intellij.ui.tabs.FileColorManagerImpl
15469:             1             24  com.intellij.ui.tabs.FileColorManagerImpl$$Lambda$2179/0x00000008019c5440
15470:             1             24  com.intellij.ui.tabs.impl.DefaultEditorTabsPainter
15471:             1             24  com.intellij.ui.tabs.impl.EditorTabPainterAdapter
15472:             1             24  com.intellij.ui.tabs.impl.JBEditorTabsBorder
15473:             1             24  com.intellij.ui.tabs.impl.JBTabsImpl$4
15474:             1             24  com.intellij.ui.tabs.impl.JBTabsImpl$TabActionsAutoHideListener
15475:             1             24  com.intellij.ui.tabs.impl.TabsSideSplitter
15476:             1             24  com.intellij.ui.tabs.impl.singleRow.SingleRowLayoutStrategy$Bottom
15477:             1             24  com.intellij.ui.tabs.impl.singleRow.SingleRowLayoutStrategy$Left
15478:             1             24  com.intellij.ui.tabs.impl.singleRow.SingleRowLayoutStrategy$Right
15479:             1             24  com.intellij.ui.tabs.impl.singleRow.SingleRowLayoutStrategy$Top
15480:             1             24  com.intellij.ui.tabs.impl.table.TableLayout
15481:             1             24  com.intellij.ui.tabs.layout.TabsLayoutSettingsHolder
15482:             1             24  com.intellij.ui.tabs.layout.singleRowLayout.ScrollableSingleRowLayout$ScrollableSingleRowTabsLayoutInfo
15483:             1             24  com.intellij.ui.tree.AsyncTreeModel$Tree
15484:             1             24  com.intellij.uiDesigner.UIDesignerBundle
15485:             1             24  com.intellij.uiDesigner.i18n.I18nFormInspection
15486:             1             24  com.intellij.uiDesigner.i18n.InvalidPropertyKeyFormInspection
15487:             1             24  com.intellij.uiDesigner.inspections.BoundFieldAssignmentInspection
15488:             1             24  com.intellij.uiDesigner.inspections.DuplicateMnemonicInspection
15489:             1             24  com.intellij.uiDesigner.inspections.FormSpellCheckingInspection
15490:             1             24  com.intellij.uiDesigner.inspections.MissingMnemonicInspection
15491:             1             24  com.intellij.uiDesigner.inspections.NoButtonGroupInspection
15492:             1             24  com.intellij.uiDesigner.inspections.NoLabelForInspection
15493:             1             24  com.intellij.uiDesigner.inspections.NoScrollPaneInspection
15494:             1             24  com.intellij.uiDesigner.inspections.OneButtonGroupInspection
15495:             1             24  com.intellij.uml.java.JavaUmlExtras
15496:             1             24  com.intellij.uml.project.ModulesUmlExtras
15497:             1             24  com.intellij.uml.undo.UmlUndoProvider
15498:             1             24  com.intellij.uml.utils.DiagramBundle
15499:             1             24  com.intellij.util.ConcurrencyUtil$$Lambda$1766/0x00000008017a6c40
15500:             1             24  com.intellij.util.EditSourceOnDoubleClickHandler$TreeMouseListener
15501:             1             24  com.intellij.util.ProcessingContext
15502:             1             24  com.intellij.util.Restarter$1
15503:             1             24  com.intellij.util.Restarter$2
15504:             1             24  com.intellij.util.VirtualFileLogicalRoot
15505:             1             24  com.intellij.util.concurrency.AppScheduledExecutorService$MyThreadFactory
15506:             1             24  com.intellij.util.concurrency.Command$Processor
15507:             1             24  com.intellij.util.concurrency.EdtScheduledExecutorServiceImpl
15508:             1             24  com.intellij.util.concurrency.PlainEdtExecutor
15509:             1             24  com.intellij.util.containers.ConcurrentIntKeyWeakValueHashMap
15510:             1             24  com.intellij.util.containers.ConcurrentRefHashMap$1
15511:             1             24  com.intellij.util.containers.FactoryMap$2
15512:             1             24  com.intellij.util.containers.JBIterable$2
15513:             1             24  com.intellij.util.containers.MultiMap$3
15514:             1             24  com.intellij.util.containers.MultiMap$EmptyMap
15515:             1             24  com.intellij.util.containers.RecentStringInterner
15516:             1             24  com.intellij.util.containers.SoftValueHashMap
15517:             1             24  com.intellij.util.containers.UnsignedShortArrayList
15518:             1             24  com.intellij.util.containers.WeakKeyWeakValueHashMap
15519:             1             24  com.intellij.util.indexing.AdditionalIndexableFileSet
15520:             1             24  com.intellij.util.indexing.FileBasedIndexImpl$6
15521:             1             24  com.intellij.util.indexing.FileBasedIndexImpl$VirtualFileUpdateTask
15522:             1             24  com.intellij.util.indexing.FileBasedIndexProjectHandler
15523:             1             24  com.intellij.util.indexing.FileBasedIndexProjectHandler$FileBasedIndexProjectHandlerStartupActivity$$Lambda$2109/0x000000080198ac40
15524:             1             24  com.intellij.util.indexing.FileBasedIndexScanRunnableCollectorImpl
15525:             1             24  com.intellij.util.indexing.FileBasedIndexSwitcher
15526:             1             24  com.intellij.util.indexing.IndexableSetContributorModificationTracker
15527:             1             24  com.intellij.util.indexing.VfsEventsMerger
15528:             1             24  com.intellij.util.io.OpenChannelsCache
15529:             1             24  com.intellij.util.io.PersistentEnumeratorBase$FlyweightKey
15530:             1             24  com.intellij.util.io.SimpleStringPersistentEnumerator
15531:             1             24  com.intellij.util.io.storage.HeavyProcessLatch
15532:             1             24  com.intellij.util.io.storage.RefCountingRecordsTable
15533:             1             24  com.intellij.util.lang.ClassLoadingLocks
15534:             1             24  com.intellij.util.lang.ClasspathCache
15535:             1             24  com.intellij.util.messages.impl.MessageListenerList
15536:             1             24  com.intellij.util.net.IdeaWideProxySelector
15537:             1             24  com.intellij.util.net.ssl.CertificateManager
15538:             1             24  com.intellij.util.net.ssl.ConfirmingTrustManager
15539:             1             24  com.intellij.util.ui.JBValue$JBValueGroup
15540:             1             24  com.intellij.util.ui.UIUtil$3
15541:             1             24  com.intellij.util.ui.UIUtil$4
15542:             1             24  com.intellij.util.ui.UIUtil$5
15543:             1             24  com.intellij.util.ui.tree.WideSelectionTreeUI$1
15544:             1             24  com.intellij.util.ui.tree.WideSelectionTreeUI$2
15545:             1             24  com.intellij.util.xml.XmlDomBundle
15546:             1             24  com.intellij.util.xml.impl.DomManagerImpl$1
15547:             1             24  com.intellij.util.xml.impl.ImplementationClassCache
15548:             1             24  com.intellij.util.xml.impl.SofterCache
15549:             1             24  com.intellij.util.xmlb.BeanBinding$XmlSerializerPropertyCollector
15550:             1             24  com.intellij.vcs.log.VcsLogBundle
15551:             1             24  com.intellij.vcs.log.data.CompressedRefs
15552:             1             24  com.intellij.vcs.log.data.CurrentBranchConditionCache
15553:             1             24  com.intellij.vcs.log.data.CurrentBranchConditionCache$ConditionHolder
15554:             1             24  com.intellij.vcs.log.data.TopCommitsCache
15555:             1             24  com.intellij.vcs.log.data.VcsLogProgress$$Lambda$2850/0x0000000801c93c40
15556:             1             24  com.intellij.vcs.log.data.VcsLogRefresherImpl$$Lambda$2836/0x0000000801c7d440
15557:             1             24  com.intellij.vcs.log.data.VcsLogStatusBarProgress$statusBar$2
15558:             1             24  com.intellij.vcs.log.data.VcsLogStorageImpl$MyCommitIdKeyDescriptor
15559:             1             24  com.intellij.vcs.log.data.VcsLogStorageImpl$VcsRefKeyDescriptor
15560:             1             24  com.intellij.vcs.log.data.VcsUserRegistryImpl
15561:             1             24  com.intellij.vcs.log.data.index.VcsLogBigRepositoriesList
15562:             1             24  com.intellij.vcs.log.data.index.VcsLogBigRepositoriesList$State
15563:             1             24  com.intellij.vcs.log.data.index.VcsLogPathsIndex$$Lambda$2802/0x0000000801c44840
15564:             1             24  com.intellij.vcs.log.data.index.VcsLogPathsIndex$LightFilePathKeyDescriptor
15565:             1             24  com.intellij.vcs.log.data.index.VcsLogUserIndex$$Lambda$2796/0x0000000801c46040
15566:             1             24  com.intellij.vcs.log.data.index.VcsLogUserIndex$UserIndexer
15567:             1             24  com.intellij.vcs.log.graph.GraphColorManagerImpl
15568:             1             24  com.intellij.vcs.log.graph.impl.facade.LinearGraphController$LinearGraphAnswer
15569:             1             24  com.intellij.vcs.log.graph.impl.facade.ReachableNodes
15570:             1             24  com.intellij.vcs.log.graph.impl.permanent.GraphLayoutImpl
15571:             1             24  com.intellij.vcs.log.graph.impl.permanent.PermanentCommitsInfoImpl
15572:             1             24  com.intellij.vcs.log.graph.impl.permanent.PermanentCommitsInfoImpl$3
15573:             1             24  com.intellij.vcs.log.graph.impl.permanent.PermanentLinearGraphImpl
15574:             1             24  com.intellij.vcs.log.impl.LogDataImpl
15575:             1             24  com.intellij.vcs.log.impl.PostponableLogRefresher
15576:             1             24  com.intellij.vcs.log.impl.VcsLogApplicationSettings
15577:             1             24  com.intellij.vcs.log.impl.VcsLogApplicationSettings$State
15578:             1             24  com.intellij.vcs.log.impl.VcsLogManager$MyFatalErrorsHandler
15579:             1             24  com.intellij.vcs.log.impl.VcsLogProjectTabsProperties
15580:             1             24  com.intellij.vcs.log.impl.VcsLogTabsManager
15581:             1             24  com.intellij.vcs.log.impl.VcsProjectLog$LazyVcsLogManager
15582:             1             24  com.intellij.vcs.log.statistics.VcsLogIndexCollector
15583:             1             24  com.intellij.vcs.log.statistics.VcsLogIndexCollectorState
15584:             1             24  com.intellij.vcs.log.ui.VcsLogColorManagerImpl
15585:             1             24  com.intellij.velocity.VelocityBundle
15586:             1             24  com.intellij.velocity.inspections.DefineImplicitVariableIntention$Local
15587:             1             24  com.intellij.velocity.inspections.DefineImplicitVariableIntention$LocalExternal
15588:             1             24  com.intellij.velocity.inspections.DefineImplicitVariableIntention$ModuleWide
15589:             1             24  com.intellij.velocity.inspections.DefineMacroLibraryRefIntention$Local
15590:             1             24  com.intellij.velocity.inspections.DefineMacroLibraryRefIntention$LocalExternal
15591:             1             24  com.intellij.velocity.inspections.DefineMacroLibraryRefIntention$ModuleWide
15592:             1             24  com.intellij.velocity.inspections.DefineVelocityPropertiesRefForFilesIntention$Local
15593:             1             24  com.intellij.velocity.inspections.DefineVelocityPropertiesRefForFilesIntention$LocalExternal
15594:             1             24  com.intellij.velocity.inspections.DefineVelocityPropertiesRefForFilesIntention$ModuleWide
15595:             1             24  com.intellij.velocity.inspections.DefineVelocityPropertiesRefIntention$Local
15596:             1             24  com.intellij.velocity.inspections.DefineVelocityPropertiesRefIntention$LocalExternal
15597:             1             24  com.intellij.velocity.inspections.DefineVelocityPropertiesRefIntention$ModuleWide
15598:             1             24  com.intellij.velocity.inspections.VtlDirectiveArgsInspection
15599:             1             24  com.intellij.velocity.inspections.VtlErrorFilter
15600:             1             24  com.intellij.velocity.inspections.VtlFileReferencesInspection
15601:             1             24  com.intellij.velocity.inspections.VtlReferencesInspection
15602:             1             24  com.intellij.velocity.inspections.VtlTypesInspection
15603:             1             24  com.intellij.velocity.inspections.wellformedness.VtlInterpolationsInspection
15604:             1             24  com.intellij.velocity.psi.files.VtlFileType
15605:             1             24  com.intellij.websocket.config.WebSocketFrameworkType
15606:             1             24  com.intellij.websocket.resources.WebSocketBundle
15607:             1             24  com.intellij.websocket.view.toolwindow.WebSocketViewFrameworkProvider
15608:             1             24  com.intellij.ws.WSBundle
15609:             1             24  com.intellij.ws.http.request.HttpRequestFileType
15610:             1             24  com.intellij.ws.http.request.completion.HttpRequestHostIndex$2
15611:             1             24  com.intellij.ws.http.request.cookies.CookieStorageFileType
15612:             1             24  com.intellij.ws.http.request.liveTemplates.HttpRequestTemplateContextType
15613:             1             24  com.intellij.ws.http.request.run.HttpRequestHistoryManager
15614:             1             24  com.intellij.ws.http.request.run.js.HttpResponseHandlerJSProvider$1
15615:             1             24  com.intellij.ws.index.FileBasedWSIndex$3
15616:             1             24  com.intellij.ws.inspections.EmptyWebServiceInspection
15617:             1             24  com.intellij.ws.inspections.NonJaxWsWebServicesInspection
15618:             1             24  com.intellij.ws.inspections.OneWayWebMethodInspection
15619:             1             24  com.intellij.ws.inspections.ValidExternallyBoundObjectInspection
15620:             1             24  com.intellij.ws.inspections.WSReferenceInspection
15621:             1             24  com.intellij.ws.inspections.WebMethodExposedImplicitlyInspection
15622:             1             24  com.intellij.ws.references.CxfXmlReferenceProvider
15623:             1             24  com.intellij.ws.references.JBossWSXmlReferenceProvider
15624:             1             24  com.intellij.ws.references.JaxRPCRiXmlReferenceProvider
15625:             1             24  com.intellij.ws.references.JaxWSXmlReferenceProvider
15626:             1             24  com.intellij.ws.rest.RSBundle
15627:             1             24  com.intellij.ws.rest.client.RestClientBundle
15628:             1             24  com.intellij.ws.rest.inspections.MultipleMethodDesignatorsInspection
15629:             1             24  com.intellij.ws.rest.inspections.PathAnnotationInspection
15630:             1             24  com.intellij.ws.rest.inspections.RSIncorrectMimeTypeReferenceInspection
15631:             1             24  com.intellij.ws.rest.inspections.RestParamTypeInspection
15632:             1             24  com.intellij.ws.rest.inspections.RestResourceMethodInspection
15633:             1             24  com.intellij.ws.rest.inspections.RestWrongDefaultValueInspection
15634:             1             24  com.intellij.ws.rest.inspections.UnresolvedRestParamInspection
15635:             1             24  com.intellij.ws.rest.inspections.VoidMethodMarkedWithGETInspection
15636:             1             24  com.intellij.ws.rest.inspections.WadlDomInspection
15637:             1             24  com.intellij.ws.rest.library.JAXRSFrameworkType
15638:             1             24  com.intellij.ws.rest.references.RSPathParamReferenceProvider
15639:             1             24  com.intellij.ws.rest.view.RSViewFrameworkProvider
15640:             1             24  com.intellij.ws.rest.view.communications.RSClientFramework
15641:             1             24  com.intellij.ws.rest.view.communications.RSServerFramework
15642:             1             24  com.intellij.ws.view.WSEndpointsProvider
15643:             1             24  com.intellij.ws.view.WSViewFrameworkProvider
15644:             1             24  com.intellij.ws.wsdl.WsdlHighlightingInspection
15645:             1             24  com.intellij.xdebugger.XDebuggerBundle
15646:             1             24  com.intellij.xdebugger.impl.XDebuggerManagerImpl$DebuggerEditorListener
15647:             1             24  com.intellij.xdebugger.impl.settings.XDebuggerDataViewSettings
15648:             1             24  com.intellij.xdebugger.impl.settings.XDebuggerGeneralSettings
15649:             1             24  com.intellij.xdebugger.impl.settings.XDebuggerSettingManagerImpl
15650:             1             24  com.intellij.xml.XmlBundle
15651:             1             24  com.intellij.xml.analysis.XmlAnalysisBundle
15652:             1             24  com.intellij.xml.breadcrumbs.BreadcrumbsInitializingActivity$$Lambda$3836/0x000000080223d440
15653:             1             24  com.intellij.xml.breadcrumbs.BreadcrumbsInitializingActivity$1
15654:             1             24  com.intellij.xml.breadcrumbs.BreadcrumbsPanel$4
15655:             1             24  com.intellij.xml.breadcrumbs.PsiFileBreadcrumbsCollector$1
15656:             1             24  com.intellij.xml.index.XmlNamespaceIndex$1
15657:             1             24  com.intellij.xml.util.CheckDtdReferencesInspection
15658:             1             24  com.intellij.xml.util.CheckEmptyTagInspection
15659:             1             24  com.intellij.xml.util.CheckTagEmptyBodyInspection
15660:             1             24  com.intellij.xml.util.CheckValidXmlInScriptBodyInspection
15661:             1             24  com.intellij.xml.util.CheckXmlFileWithXercesValidatorInspection
15662:             1             24  com.intellij.xml.util.XmlDuplicatedIdInspection
15663:             1             24  com.intellij.xml.util.XmlInvalidIdInspection
15664:             1             24  com.jetbrains.asp.AspFileType
15665:             1             24  com.jetbrains.asp.AspParserDefinition
15666:             1             24  com.jetbrains.b.a.a5
15667:             1             24  com.jetbrains.b.a.aj
15668:             1             24  com.jetbrains.changeReminder.plugin.UserSettings
15669:             1             24  com.jetbrains.clones.DuplicateInspection
15670:             1             24  com.jetbrains.clones.configuration.DuplicateInspectionState
15671:             1             24  com.jetbrains.clones.languagescope.ActionScriptDuplicateScope
15672:             1             24  com.jetbrains.clones.languagescope.java.JavaDuplicateScope
15673:             1             24  com.jetbrains.clones.languagescope.xml.XHTMLDuplicateScope
15674:             1             24  com.jetbrains.clones.languagescope.xml.XMLDuplicateScope
15675:             1             24  com.jetbrains.completion.ranker.FallbackKotlinMLRankingProvider
15676:             1             24  com.jetbrains.completion.ranker.FallbackScalaMLRankingProvider
15677:             1             24  com.jetbrains.debugger.wip.JSRemoteDebugConfigurationType$2
15678:             1             24  com.jetbrains.jsonSchema.impl.inspections.JsonSchemaComplianceInspection
15679:             1             24  com.jetbrains.jsonSchema.impl.inspections.JsonSchemaDeprecationInspection
15680:             1             24  com.jetbrains.jsonSchema.impl.inspections.JsonSchemaRefReferenceInspection
15681:             1             24  com.jetbrains.jsonSchema.widget.JsonSchemaStatusWidget$$Lambda$1933/0x00000008018b2040
15682:             1             24  com.jetbrains.jsonSchema.widget.JsonSchemaStatusWidget$1Listener
15683:             1             24  com.jetbrains.ls.requests.AbstractRequest$UserIdentification
15684:             1             24  com.jetbrains.nodejs.NodeJSBundle
15685:             1             24  com.jetbrains.nodejs.codeInsight.NodeCoreCodingAssistanceInspection
15686:             1             24  com.jetbrains.nodejs.mocha.coverage.MochaCoverageRunner
15687:             1             24  com.jetbrains.nodejs.mocha.execution.MochaRunConfigurationProducer
15688:             1             24  com.jetbrains.nodejs.mocha.execution.MochaTestKind$1
15689:             1             24  com.jetbrains.nodejs.mocha.execution.MochaTestKind$2
15690:             1             24  com.jetbrains.nodejs.mocha.execution.MochaTestKind$3
15691:             1             24  com.jetbrains.nodejs.mocha.execution.MochaTestKind$4
15692:             1             24  com.jetbrains.nodejs.mocha.execution.MochaTestKind$5
15693:             1             24  com.jetbrains.nodejs.nodeunit.execution.NodeunitRunConfigurationType$1
15694:             1             24  com.jetbrains.nodejs.run.NodeJSRunConfigurationExtensionsManager
15695:             1             24  com.jetbrains.nodejs.util.NodeFileTypeDetector$JavaScriptFileTypeDetector
15696:             1             24  com.jetbrains.nodejs.util.NodeFileTypeDetector$TypeScriptFileTypeDetector
15697:             1             24  com.jetbrains.nwjs.NwjsRunConfigurationType$1
15698:             1             24  com.jetbrains.performancePlugin.PerformanceTestingBundle
15699:             1             24  com.jetbrains.performancePlugin.lang.IJPerfFileType
15700:             1             24  com.jetbrains.plugins.reactnative.ReactNativeRunConfigurationType$2
15701:             1             24  com.jetbrains.plugins.webDeployment.AutoUploadComponent$AutoUploadProjectManagerListener$1
15702:             1             24  com.jetbrains.plugins.webDeployment.WDBundle
15703:             1             24  com.jetbrains.plugins.webDeployment.config.GroupedServersConfigManagerImpl
15704:             1             24  com.jetbrains.plugins.webDeployment.config.GroupedServersConfigManagerImpl$1
15705:             1             24  com.jetbrains.plugins.webDeployment.config.OldPublishConfigStateHolder
15706:             1             24  com.jetbrains.plugins.webDeployment.config.PublishConfig$AutoUploadState$1
15707:             1             24  com.jetbrains.plugins.webDeployment.config.PublishConfig$AutoUploadState$2
15708:             1             24  com.jetbrains.plugins.webDeployment.config.PublishConfig$AutoUploadState$3
15709:             1             24  com.jetbrains.plugins.webDeployment.config.sftp.SftpAdvancedOptions
15710:             1             24  com.jetbrains.plugins.webDeployment.conflicts.RemoteChangeNotifier$1
15711:             1             24  com.jetbrains.plugins.webDeployment.conflicts.RemoteChangeNotifier$2
15712:             1             24  com.jetbrains.plugins.webDeployment.ui.DeploymentNotifier$ToolWindowIdProvider
15713:             1             24  com.sixrr.inspectjs.assignment.AssignmentResultUsedJSInspection
15714:             1             24  com.sixrr.inspectjs.assignment.AssignmentToForLoopParameterJSInspection
15715:             1             24  com.sixrr.inspectjs.assignment.AssignmentToFunctionParameterJSInspection
15716:             1             24  com.sixrr.inspectjs.assignment.NestedAssignmentJSInspection
15717:             1             24  com.sixrr.inspectjs.assignment.ReplaceAssignmentWithOperatorAssignmentJSInspection
15718:             1             24  com.sixrr.inspectjs.assignment.SillyAssignmentJSInspection
15719:             1             24  com.sixrr.inspectjs.bitwise.IncompatibleMaskJSInspection
15720:             1             24  com.sixrr.inspectjs.bitwise.ShiftOutOfRangeJSInspection
15721:             1             24  com.sixrr.inspectjs.bugs.DivideByZeroJSInspection
15722:             1             24  com.sixrr.inspectjs.bugs.InfiniteLoopJSInspection
15723:             1             24  com.sixrr.inspectjs.bugs.InfiniteRecursionJSInspection
15724:             1             24  com.sixrr.inspectjs.bugs.ObjectAllocationIgnoredJSInspection
15725:             1             24  com.sixrr.inspectjs.bugs.TextLabelInSwitchStatementJSInspection
15726:             1             24  com.sixrr.inspectjs.confusing.AnonymousFunctionJSInspection
15727:             1             24  com.sixrr.inspectjs.confusing.BlockStatementJSInspection
15728:             1             24  com.sixrr.inspectjs.confusing.CallerJSInspection
15729:             1             24  com.sixrr.inspectjs.confusing.CommaExpressionJSInspection
15730:             1             24  com.sixrr.inspectjs.confusing.ConditionalExpressionJSInspection
15731:             1             24  com.sixrr.inspectjs.confusing.ConfusingFloatingPointLiteralJSInspection
15732:             1             24  com.sixrr.inspectjs.confusing.ConfusingPlusesOrMinusesJSInspection
15733:             1             24  com.sixrr.inspectjs.confusing.DynamicallyGeneratedCodeJSInspection
15734:             1             24  com.sixrr.inspectjs.confusing.IncrementDecrementResultUsedJSInspection
15735:             1             24  com.sixrr.inspectjs.confusing.MagicNumberJSInspection
15736:             1             24  com.sixrr.inspectjs.confusing.NestedConditionalExpressionJSInspection
15737:             1             24  com.sixrr.inspectjs.confusing.PointlessBooleanExpressionJSInspection
15738:             1             24  com.sixrr.inspectjs.confusing.VoidExpressionJSInspection
15739:             1             24  com.sixrr.inspectjs.confusing.WithStatementJSInspection
15740:             1             24  com.sixrr.inspectjs.control.BreakStatementJSInspection
15741:             1             24  com.sixrr.inspectjs.control.BreakStatementWithLabelJSInspection
15742:             1             24  com.sixrr.inspectjs.control.ConstantConditionalExpressionJSInspection
15743:             1             24  com.sixrr.inspectjs.control.ContinueStatementJSInspection
15744:             1             24  com.sixrr.inspectjs.control.ContinueStatementWithLabelJSInspection
15745:             1             24  com.sixrr.inspectjs.control.DefaultNotLastCaseInSwitchJSInspection
15746:             1             24  com.sixrr.inspectjs.control.DuplicateConditionJSInspection
15747:             1             24  com.sixrr.inspectjs.control.FallThroughInSwitchStatementJSInspection
15748:             1             24  com.sixrr.inspectjs.control.ForLoopThatDoesntUseLoopVariableJSInspection
15749:             1             24  com.sixrr.inspectjs.control.JSTypeOfValuesInspection
15750:             1             24  com.sixrr.inspectjs.control.LabeledStatementJSInspection
15751:             1             24  com.sixrr.inspectjs.control.LoopStatementThatDoesntLoopJSInspection
15752:             1             24  com.sixrr.inspectjs.control.NestedSwitchStatementJSInspection
15753:             1             24  com.sixrr.inspectjs.control.TailRecursionJSInspection
15754:             1             24  com.sixrr.inspectjs.control.TrivialConditionalJSInspection
15755:             1             24  com.sixrr.inspectjs.control.UnnecessaryLabelJSInspection
15756:             1             24  com.sixrr.inspectjs.dataflow.ReuseOfLocalVariableJSInspection
15757:             1             24  com.sixrr.inspectjs.dom.DocumentWriteJSInspection
15758:             1             24  com.sixrr.inspectjs.dom.InnerHTMLJSInspection
15759:             1             24  com.sixrr.inspectjs.dom.PlatformDetectionJSInspection
15760:             1             24  com.sixrr.inspectjs.dom.XHTMLIncompatabilitiesJSInspection
15761:             1             24  com.sixrr.inspectjs.exception.ContinueOrBreakFromFinallyBlockJSInspection
15762:             1             24  com.sixrr.inspectjs.exception.EmptyCatchBlockJSInspection
15763:             1             24  com.sixrr.inspectjs.exception.EmptyFinallyBlockJSInspection
15764:             1             24  com.sixrr.inspectjs.exception.EmptyTryBlockJSInspection
15765:             1             24  com.sixrr.inspectjs.exception.ExceptionCaughtLocallyJSInspection
15766:             1             24  com.sixrr.inspectjs.exception.ReturnFromFinallyBlockJSInspection
15767:             1             24  com.sixrr.inspectjs.exception.ThrowFromFinallyBlockJSInspection
15768:             1             24  com.sixrr.inspectjs.functionmetrics.FunctionWithMultipleLoopsJSInspection
15769:             1             24  com.sixrr.inspectjs.functionmetrics.FunctionWithMultipleReturnPointsJSInspection
15770:             1             24  com.sixrr.inspectjs.functionmetrics.ThreeNegationsPerFunctionJSInspection
15771:             1             24  com.sixrr.inspectjs.style.ChainedEqualityJSInspection
15772:             1             24  com.sixrr.inspectjs.style.ChainedFunctionCallJSInspection
15773:             1             24  com.sixrr.inspectjs.style.NestedFunctionCallJSInspection
15774:             1             24  com.sixrr.inspectjs.validity.BadExpressionStatementJSInspection
15775:             1             24  com.sixrr.inspectjs.validity.DebuggerStatementJSInspection
15776:             1             24  com.sixrr.inspectjs.validity.FunctionWithInconsistentReturnsJSInspection
15777:             1             24  com.sixrr.inspectjs.validity.ReservedWordUsedAsNameJSInspection
15778:             1             24  com.sixrr.inspectjs.validity.StringLiteralBreaksHTMLJSInspection
15779:             1             24  com.sixrr.inspectjs.validity.ThisExpressionReferencesGlobalObjectJSInspection
15780:             1             24  com.sixrr.inspectjs.validity.UnreachableCodeJSInspection
15781:             1             24  com.sixrr.xrp.convertentity.ConvertEntityIntention
15782:             1             24  com.sixrr.xrp.utils.RefactorXBundle
15783:             1             24  com.siyeh.InspectionGadgetsBundle
15784:             1             24  com.siyeh.IntentionPowerPackBundle
15785:             1             24  com.siyeh.ig.abstraction.ClassReferencesSubclassInspection
15786:             1             24  com.siyeh.ig.abstraction.InstanceofThisInspection
15787:             1             24  com.siyeh.ig.abstraction.InterfaceMethodClashesWithObjectInspection
15788:             1             24  com.siyeh.ig.abstraction.OptionalUsedAsFieldOrParameterTypeInspection
15789:             1             24  com.siyeh.ig.annotation.MetaAnnotationWithoutRuntimeRetentionInspection
15790:             1             24  com.siyeh.ig.annotation.SingleElementAnnotationInspection
15791:             1             24  com.siyeh.ig.asserttoif.AssertionCanBeIfInspection
15792:             1             24  com.siyeh.ig.asserttoif.IfCanBeAssertionInspection
15793:             1             24  com.siyeh.ig.assignment.AssignmentToStaticFieldFromInstanceMethodInspection
15794:             1             24  com.siyeh.ig.assignment.AssignmentToSuperclassFieldInspection
15795:             1             24  com.siyeh.ig.assignment.AssignmentUsedAsConditionInspection
15796:             1             24  com.siyeh.ig.assignment.IncrementDecrementUsedAsExpressionInspection
15797:             1             24  com.siyeh.ig.assignment.NestedAssignmentInspection
15798:             1             24  com.siyeh.ig.bitwise.IncompatibleMaskInspection
15799:             1             24  com.siyeh.ig.bitwise.ShiftOutOfRangeInspection
15800:             1             24  com.siyeh.ig.bugs.ArrayEqualityInspection
15801:             1             24  com.siyeh.ig.bugs.ArrayEqualsInspection
15802:             1             24  com.siyeh.ig.bugs.ArrayHashCodeInspection
15803:             1             24  com.siyeh.ig.bugs.ArrayObjectsEqualsInspection
15804:             1             24  com.siyeh.ig.bugs.AssertWithSideEffectsInspection
15805:             1             24  com.siyeh.ig.bugs.CastConflictsWithInstanceofInspection
15806:             1             24  com.siyeh.ig.bugs.CastToIncompatibleInterfaceInspection
15807:             1             24  com.siyeh.ig.bugs.ClassNewInstanceInspection
15808:             1             24  com.siyeh.ig.bugs.CollectionAddedToSelfInspection
15809:             1             24  com.siyeh.ig.bugs.ComparableImplementedButEqualsNotOverriddenInspection
15810:             1             24  com.siyeh.ig.bugs.CompareToUsesNonFinalVariableInspection
15811:             1             24  com.siyeh.ig.bugs.ConstantAssertConditionInspection
15812:             1             24  com.siyeh.ig.bugs.CopyConstructorMissesFieldInspection
15813:             1             24  com.siyeh.ig.bugs.CovariantEqualsInspection
15814:             1             24  com.siyeh.ig.bugs.EmptyInitializerInspection
15815:             1             24  com.siyeh.ig.bugs.EqualsUsesNonFinalVariableInspection
15816:             1             24  com.siyeh.ig.bugs.EqualsWhichDoesntCheckParameterClassInspection
15817:             1             24  com.siyeh.ig.bugs.EqualsWithItselfInspection
15818:             1             24  com.siyeh.ig.bugs.HashCodeUsesNonFinalVariableInspection
15819:             1             24  com.siyeh.ig.bugs.ImplicitArrayToStringInspection
15820:             1             24  com.siyeh.ig.bugs.InfiniteRecursionInspection
15821:             1             24  com.siyeh.ig.bugs.InnerClassReferencedViaSubclassInspection
15822:             1             24  com.siyeh.ig.bugs.InstanceofIncompatibleInterfaceInspection
15823:             1             24  com.siyeh.ig.bugs.InstantiationOfUtilityClassInspection
15824:             1             24  com.siyeh.ig.bugs.IteratorHasNextCallsIteratorNextInspection
15825:             1             24  com.siyeh.ig.bugs.IteratorNextDoesNotThrowNoSuchElementExceptionInspection
15826:             1             24  com.siyeh.ig.bugs.MalformedXPathInspection
15827:             1             24  com.siyeh.ig.bugs.MathRandomCastToIntInspection
15828:             1             24  com.siyeh.ig.bugs.MismatchedArrayReadWriteInspection
15829:             1             24  com.siyeh.ig.bugs.MismatchedStringBuilderQueryUpdateInspection
15830:             1             24  com.siyeh.ig.bugs.MismatchedStringCaseInspection
15831:             1             24  com.siyeh.ig.bugs.MisspelledEqualsInspection
15832:             1             24  com.siyeh.ig.bugs.NewObjectEqualityInspection
15833:             1             24  com.siyeh.ig.bugs.NewStringBufferWithCharArgumentInspection
15834:             1             24  com.siyeh.ig.bugs.NonShortCircuitBooleanInspection
15835:             1             24  com.siyeh.ig.bugs.NullArgumentToVariableArgMethodInspection
15836:             1             24  com.siyeh.ig.bugs.NumberEqualityInspection
15837:             1             24  com.siyeh.ig.bugs.PrimitiveArrayArgumentToVariableArgMethodInspection
15838:             1             24  com.siyeh.ig.bugs.ReflectionForUnavailableAnnotationInspection
15839:             1             24  com.siyeh.ig.bugs.ReplaceAllDotInspection
15840:             1             24  com.siyeh.ig.bugs.ResultSetIndexZeroInspection
15841:             1             24  com.siyeh.ig.bugs.SortedCollectionWithNonComparableKeysInspection
15842:             1             24  com.siyeh.ig.bugs.StaticCallOnSubclassInspection
15843:             1             24  com.siyeh.ig.bugs.StaticFieldReferenceOnSubclassInspection
15844:             1             24  com.siyeh.ig.bugs.StringConcatenationInFormatCallInspection
15845:             1             24  com.siyeh.ig.bugs.StringConcatenationInMessageFormatCallInspection
15846:             1             24  com.siyeh.ig.bugs.StringEqualityInspection
15847:             1             24  com.siyeh.ig.bugs.StringEqualsCharSequenceInspection
15848:             1             24  com.siyeh.ig.bugs.SuspiciousArrayCastInspection
15849:             1             24  com.siyeh.ig.bugs.SuspiciousComparatorCompareInspection
15850:             1             24  com.siyeh.ig.bugs.SuspiciousDateFormatInspection
15851:             1             24  com.siyeh.ig.bugs.SuspiciousIndentAfterControlStatementInspection
15852:             1             24  com.siyeh.ig.bugs.SuspiciousSystemArraycopyInspection
15853:             1             24  com.siyeh.ig.bugs.SuspiciousToArrayCallInspection
15854:             1             24  com.siyeh.ig.bugs.TextLabelInSwitchStatementInspection
15855:             1             24  com.siyeh.ig.bugs.ThrowableNotThrownInspection
15856:             1             24  com.siyeh.ig.bugs.UseOfPropertiesAsHashtableInspection
15857:             1             24  com.siyeh.ig.bugs.VariableNotUsedInsideIfInspection
15858:             1             24  com.siyeh.ig.callMatcher.CallMatcher$2
15859:             1             24  com.siyeh.ig.callMatcher.CallMatcher$CallType$1
15860:             1             24  com.siyeh.ig.callMatcher.CallMatcher$CallType$2
15861:             1             24  com.siyeh.ig.callMatcher.CallMatcher$CallType$3
15862:             1             24  com.siyeh.ig.callMatcher.CallMatcher$CallType$4
15863:             1             24  com.siyeh.ig.classlayout.AnonymousInnerClassInspection
15864:             1             24  com.siyeh.ig.classlayout.ClassNameDiffersFromFileNameInspection
15865:             1             24  com.siyeh.ig.classlayout.ClassWithOnlyPrivateConstructorsInspection
15866:             1             24  com.siyeh.ig.classlayout.ConstantDeclaredInAbstractClassInspection
15867:             1             24  com.siyeh.ig.classlayout.ConstantDeclaredInInterfaceInspection
15868:             1             24  com.siyeh.ig.classlayout.FinalClassInspection
15869:             1             24  com.siyeh.ig.classlayout.FinalMethodInFinalClassInspection
15870:             1             24  com.siyeh.ig.classlayout.FinalMethodInspection
15871:             1             24  com.siyeh.ig.classlayout.FinalPrivateMethodInspection
15872:             1             24  com.siyeh.ig.classlayout.FinalStaticMethodInspection
15873:             1             24  com.siyeh.ig.classlayout.InterfaceMayBeAnnotatedFunctionalInspection
15874:             1             24  com.siyeh.ig.classlayout.LimitedScopeInnerClassInspection
15875:             1             24  com.siyeh.ig.classlayout.MarkerInterfaceInspection
15876:             1             24  com.siyeh.ig.classlayout.MethodReturnAlwaysConstantInspection
15877:             1             24  com.siyeh.ig.classlayout.MultipleTopLevelClassesInFileInspection
15878:             1             24  com.siyeh.ig.classlayout.NonFinalFieldInEnumInspection
15879:             1             24  com.siyeh.ig.classlayout.NonFinalUtilityClassInspection
15880:             1             24  com.siyeh.ig.classlayout.NoopMethodInAbstractClassInspection
15881:             1             24  com.siyeh.ig.classlayout.ProtectedMemberInFinalClassInspection
15882:             1             24  com.siyeh.ig.classlayout.PublicConstructorInNonPublicClassInspection
15883:             1             24  com.siyeh.ig.classlayout.PublicConstructorInspection
15884:             1             24  com.siyeh.ig.classlayout.SingletonInspection
15885:             1             24  com.siyeh.ig.classlayout.UtilityClassCanBeEnumInspection
15886:             1             24  com.siyeh.ig.classlayout.UtilityClassWithPublicConstructorInspection
15887:             1             24  com.siyeh.ig.cloneable.CloneCallsConstructorsInspection
15888:             1             24  com.siyeh.ig.cloneable.CloneReturnsClassTypeInspection
15889:             1             24  com.siyeh.ig.cloneable.NonPublicCloneInspection
15890:             1             24  com.siyeh.ig.cloneable.UseOfCloneInspection
15891:             1             24  com.siyeh.ig.controlflow.BooleanExpressionMayBeConditionalInspection
15892:             1             24  com.siyeh.ig.controlflow.BreakStatementInspection
15893:             1             24  com.siyeh.ig.controlflow.BreakStatementWithLabelInspection
15894:             1             24  com.siyeh.ig.controlflow.ConditionCoveredByFurtherConditionInspection
15895:             1             24  com.siyeh.ig.controlflow.ConditionalExpressionWithIdenticalBranchesInspection
15896:             1             24  com.siyeh.ig.controlflow.ConstantConditionalExpressionInspection
15897:             1             24  com.siyeh.ig.controlflow.ContinueStatementInspection
15898:             1             24  com.siyeh.ig.controlflow.ContinueStatementWithLabelInspection
15899:             1             24  com.siyeh.ig.controlflow.DefaultNotLastCaseInSwitchInspection
15900:             1             24  com.siyeh.ig.controlflow.DoubleNegationInspection
15901:             1             24  com.siyeh.ig.controlflow.DuplicateBooleanBranchInspection
15902:             1             24  com.siyeh.ig.controlflow.EnumSwitchStatementWhichMissesCasesInspection
15903:             1             24  com.siyeh.ig.controlflow.ExcessiveRangeCheckInspection
15904:             1             24  com.siyeh.ig.controlflow.FallthruInSwitchStatementInspection
15905:             1             24  com.siyeh.ig.controlflow.IfStatementWithIdenticalBranchesInspection
15906:             1             24  com.siyeh.ig.controlflow.LabeledStatementInspection
15907:             1             24  com.siyeh.ig.controlflow.LoopWithImplicitTerminationConditionInspection
15908:             1             24  com.siyeh.ig.controlflow.NegatedConditionalExpressionInspection
15909:             1             24  com.siyeh.ig.controlflow.NegatedEqualityExpressionInspection
15910:             1             24  com.siyeh.ig.controlflow.NestedConditionalExpressionInspection
15911:             1             24  com.siyeh.ig.controlflow.NestedSwitchStatementInspection
15912:             1             24  com.siyeh.ig.controlflow.PointlessIndexOfComparisonInspection
15913:             1             24  com.siyeh.ig.controlflow.PointlessNullCheckInspection
15914:             1             24  com.siyeh.ig.controlflow.SimplifiableBooleanExpressionInspection
15915:             1             24  com.siyeh.ig.controlflow.SimplifiableConditionalExpressionInspection
15916:             1             24  com.siyeh.ig.controlflow.SwitchStatementInspection
15917:             1             24  com.siyeh.ig.controlflow.SwitchStatementWithConfusingDeclarationInspection
15918:             1             24  com.siyeh.ig.controlflow.SwitchStatementsWithoutDefaultInspection
15919:             1             24  com.siyeh.ig.controlflow.UnnecessaryBreakInspection
15920:             1             24  com.siyeh.ig.controlflow.UnnecessaryConditionalExpressionInspection
15921:             1             24  com.siyeh.ig.controlflow.UnnecessaryLabelOnBreakStatementInspection
15922:             1             24  com.siyeh.ig.controlflow.UnnecessaryLabelOnContinueStatementInspection
15923:             1             24  com.siyeh.ig.dataflow.BooleanVariableAlwaysNegatedInspection
15924:             1             24  com.siyeh.ig.dataflow.ConstantValueVariableUseInspection
15925:             1             24  com.siyeh.ig.dataflow.NegativelyNamedBooleanVariableInspection
15926:             1             24  com.siyeh.ig.dataflow.ReuseOfLocalVariableInspection
15927:             1             24  com.siyeh.ig.dependency.CyclicClassDependencyInspection
15928:             1             24  com.siyeh.ig.dependency.CyclicPackageDependencyInspection
15929:             1             24  com.siyeh.ig.encapsulation.PackageVisibleFieldInspection
15930:             1             24  com.siyeh.ig.encapsulation.ProtectedFieldInspection
15931:             1             24  com.siyeh.ig.errorhandling.CatchMayIgnoreExceptionInspection
15932:             1             24  com.siyeh.ig.errorhandling.CaughtExceptionImmediatelyRethrownInspection
15933:             1             24  com.siyeh.ig.errorhandling.CheckedExceptionClassInspection
15934:             1             24  com.siyeh.ig.errorhandling.ContinueOrBreakFromFinallyBlockInspection
15935:             1             24  com.siyeh.ig.errorhandling.EmptyFinallyBlockInspection
15936:             1             24  com.siyeh.ig.errorhandling.EmptyTryBlockInspection
15937:             1             24  com.siyeh.ig.errorhandling.ErrorRethrownInspection
15938:             1             24  com.siyeh.ig.errorhandling.ExtendsThrowableInspection
15939:             1             24  com.siyeh.ig.errorhandling.FinallyBlockCannotCompleteNormallyInspection
15940:             1             24  com.siyeh.ig.errorhandling.InstanceofCatchParameterInspection
15941:             1             24  com.siyeh.ig.errorhandling.NestedTryStatementInspection
15942:             1             24  com.siyeh.ig.errorhandling.NonFinalFieldOfExceptionInspection
15943:             1             24  com.siyeh.ig.errorhandling.NullThrownInspection
15944:             1             24  com.siyeh.ig.errorhandling.ReturnFromFinallyBlockInspection
15945:             1             24  com.siyeh.ig.errorhandling.ThreadDeathRethrownInspection
15946:             1             24  com.siyeh.ig.errorhandling.ThrowsRuntimeExceptionInspection
15947:             1             24  com.siyeh.ig.errorhandling.UncheckedExceptionClassInspection
15948:             1             24  com.siyeh.ig.errorhandling.UnnecessaryInitCauseInspection
15949:             1             24  com.siyeh.ig.exceptions.MultiCatchCanBeSplitInspection
15950:             1             24  com.siyeh.ig.exceptions.TryStatementWithMultipleResourcesInspection
15951:             1             24  com.siyeh.ig.finalization.FinalizeNotProtectedInspection
15952:             1             24  com.siyeh.ig.finalization.NoExplicitFinalizeCallsInspection
15953:             1             24  com.siyeh.ig.imports.JavaLangImportInspection
15954:             1             24  com.siyeh.ig.imports.OnDemandImportInspection
15955:             1             24  com.siyeh.ig.imports.SamePackageImportInspection
15956:             1             24  com.siyeh.ig.imports.SingleClassImportInspection
15957:             1             24  com.siyeh.ig.inheritance.AbstractClassExtendsConcreteClassInspection
15958:             1             24  com.siyeh.ig.inheritance.AbstractClassNeverImplementedInspection
15959:             1             24  com.siyeh.ig.inheritance.AbstractClassWithoutAbstractMethodsInspection
15960:             1             24  com.siyeh.ig.inheritance.AbstractMethodOverridesConcreteMethodInspection
15961:             1             24  com.siyeh.ig.inheritance.AbstractMethodWithMissingImplementationsInspection
15962:             1             24  com.siyeh.ig.inheritance.ExtendsAnnotationInspection
15963:             1             24  com.siyeh.ig.inheritance.ExtendsConcreteCollectionInspection
15964:             1             24  com.siyeh.ig.inheritance.MissingOverrideAnnotationInspection
15965:             1             24  com.siyeh.ig.inheritance.ParameterTypePreventsOverridingInspection
15966:             1             24  com.siyeh.ig.inheritance.ProblematicVarargsMethodOverrideInspection
15967:             1             24  com.siyeh.ig.inheritance.RedundantMethodOverrideInspection
15968:             1             24  com.siyeh.ig.inheritance.StaticInheritanceInspection
15969:             1             24  com.siyeh.ig.inheritance.TypeParameterExtendsFinalClassInspection
15970:             1             24  com.siyeh.ig.initialization.AbstractMethodCallInConstructorInspection
15971:             1             24  com.siyeh.ig.initialization.DoubleBraceInitializationInspection
15972:             1             24  com.siyeh.ig.initialization.NonFinalStaticVariableUsedInClassInitializationInspection
15973:             1             24  com.siyeh.ig.initialization.NonThreadSafeLazyInitializationInspection
15974:             1             24  com.siyeh.ig.initialization.OverridableMethodCallDuringObjectConstructionInspection
15975:             1             24  com.siyeh.ig.initialization.OverriddenMethodCallDuringObjectConstructionInspection
15976:             1             24  com.siyeh.ig.initialization.ThisEscapedInConstructorInspection
15977:             1             24  com.siyeh.ig.internationalization.AbsoluteAlignmentInUserInterfaceInspection
15978:             1             24  com.siyeh.ig.internationalization.CallToSuspiciousStringMethodInspection
15979:             1             24  com.siyeh.ig.internationalization.CharacterComparisonInspection
15980:             1             24  com.siyeh.ig.internationalization.DateToStringInspection
15981:             1             24  com.siyeh.ig.internationalization.ImplicitDefaultCharsetUsageInspection
15982:             1             24  com.siyeh.ig.internationalization.MagicCharacterInspection
15983:             1             24  com.siyeh.ig.internationalization.NumericToStringInspection
15984:             1             24  com.siyeh.ig.internationalization.SimpleDateFormatWithoutLocaleInspection
15985:             1             24  com.siyeh.ig.internationalization.StringToUpperWithoutLocaleInspection
15986:             1             24  com.siyeh.ig.internationalization.StringTokenizerInspection
15987:             1             24  com.siyeh.ig.internationalization.TimeToStringInspection
15988:             1             24  com.siyeh.ig.internationalization.UnnecessaryUnicodeEscapeInspection
15989:             1             24  com.siyeh.ig.j2me.AbstractClassWithOnlyOneDirectInheritorInspection
15990:             1             24  com.siyeh.ig.j2me.ArrayLengthInLoopConditionInspection
15991:             1             24  com.siyeh.ig.j2me.InterfaceWithOnlyOneDirectInheritorInspection
15992:             1             24  com.siyeh.ig.j2me.PrivateMemberAccessBetweenOuterAndInnerClassInspection
15993:             1             24  com.siyeh.ig.j2me.SingleCharacterStartsWithInspection
15994:             1             24  com.siyeh.ig.javabeans.ClassWithoutConstructorInspection
15995:             1             24  com.siyeh.ig.javabeans.FieldHasSetterButNoGetterInspection
15996:             1             24  com.siyeh.ig.javabeans.PropertyValueSetToItselfInspection
15997:             1             24  com.siyeh.ig.javadoc.DanglingJavadocInspection
15998:             1             24  com.siyeh.ig.javadoc.HtmlTagCanBeJavadocTagInspection
15999:             1             24  com.siyeh.ig.javadoc.MissingPackageInfoInspection
16000:             1             24  com.siyeh.ig.javadoc.PackageDotHtmlMayBePackageInfoInspection
16001:             1             24  com.siyeh.ig.javadoc.PackageInfoWithoutPackageInspection
16002:             1             24  com.siyeh.ig.javadoc.UnnecessaryInheritDocInspection
16003:             1             24  com.siyeh.ig.jdk.AnnotationClassInspection
16004:             1             24  com.siyeh.ig.jdk.AnnotationInspection
16005:             1             24  com.siyeh.ig.jdk.AssertStatementInspection
16006:             1             24  com.siyeh.ig.jdk.AutoUnboxingInspection
16007:             1             24  com.siyeh.ig.jdk.EnumClassInspection
16008:             1             24  com.siyeh.ig.jdk.ForeachStatementInspection
16009:             1             24  com.siyeh.ig.jdk.ForwardCompatibilityInspection
16010:             1             24  com.siyeh.ig.jdk.VarargParameterInspection
16011:             1             24  com.siyeh.ig.junit.AssertEqualsBetweenInconvertibleTypesInspection
16012:             1             24  com.siyeh.ig.junit.AssertEqualsCalledOnArrayInspection
16013:             1             24  com.siyeh.ig.junit.AssertEqualsMayBeAssertSameInspection
16014:             1             24  com.siyeh.ig.junit.BeforeClassOrAfterClassIsPublicStaticVoidNoArgInspection
16015:             1             24  com.siyeh.ig.junit.BeforeOrAfterIsPublicVoidNoArgInspection
16016:             1             24  com.siyeh.ig.junit.ConstantJUnitAssertArgumentInspection
16017:             1             24  com.siyeh.ig.junit.ExpectedExceptionNeverThrownInspection
16018:             1             24  com.siyeh.ig.junit.IgnoredJUnitTestInspection
16019:             1             24  com.siyeh.ig.junit.JUnit3StyleTestMethodInJUnit4ClassInspection
16020:             1             24  com.siyeh.ig.junit.JUnit4AnnotatedMethodInJUnit3TestCaseInspection
16021:             1             24  com.siyeh.ig.junit.JUnit5ConverterInspection
16022:             1             24  com.siyeh.ig.junit.JUnit5PlatformInspection
16023:             1             24  com.siyeh.ig.junit.JUnitAssertsWithoutMessagesInspection
16024:             1             24  com.siyeh.ig.junit.JUnitDatapointInspection
16025:             1             24  com.siyeh.ig.junit.MalformedSetUpTearDownInspection
16026:             1             24  com.siyeh.ig.junit.MisorderedAssertEqualsParametersInspection
16027:             1             24  com.siyeh.ig.junit.MultipleExceptionsDeclaredOnTestMethodInspection
16028:             1             24  com.siyeh.ig.junit.ParameterizedParametersStaticCollectionInspection
16029:             1             24  com.siyeh.ig.junit.SimplifiableJUnitAssertionInspection
16030:             1             24  com.siyeh.ig.junit.StaticSuiteInspection
16031:             1             24  com.siyeh.ig.junit.SuperTearDownInFinallyInspection
16032:             1             24  com.siyeh.ig.junit.TestCaseInProductCodeInspection
16033:             1             24  com.siyeh.ig.junit.TestCaseWithConstructorInspection
16034:             1             24  com.siyeh.ig.junit.TestMethodInProductCodeInspection
16035:             1             24  com.siyeh.ig.junit.UnconstructableTestCaseInspection
16036:             1             24  com.siyeh.ig.junit.UseOfObsoleteAssertInspection
16037:             1             24  com.siyeh.ig.logging.LoggingConditionDisagreesWithLogStatementInspection
16038:             1             24  com.siyeh.ig.logging.PlaceholderCountMatchesArgumentCountInspection
16039:             1             24  com.siyeh.ig.maturity.SystemOutErrInspection
16040:             1             24  com.siyeh.ig.maturity.ThreadDumpStackInspection
16041:             1             24  com.siyeh.ig.maturity.ThrowablePrintStackTraceInspection
16042:             1             24  com.siyeh.ig.maturity.ThrowablePrintedToSystemOutInspection
16043:             1             24  com.siyeh.ig.maturity.UseOfObsoleteDateTimeApiInspection
16044:             1             24  com.siyeh.ig.memory.AnonymousInnerClassMayBeStaticInspection
16045:             1             24  com.siyeh.ig.memory.StringBufferFieldInspection
16046:             1             24  com.siyeh.ig.memory.SystemGCInspection
16047:             1             24  com.siyeh.ig.memory.UnnecessaryEmptyArrayUsageInspection
16048:             1             24  com.siyeh.ig.memory.ZeroLengthArrayInitializationInspection
16049:             1             24  com.siyeh.ig.methodmetrics.MethodWithMultipleLoopsInspection
16050:             1             24  com.siyeh.ig.methodmetrics.ParametersPerConstructorInspection$Scope$1
16051:             1             24  com.siyeh.ig.methodmetrics.ParametersPerConstructorInspection$Scope$2
16052:             1             24  com.siyeh.ig.methodmetrics.ParametersPerConstructorInspection$Scope$3
16053:             1             24  com.siyeh.ig.methodmetrics.ParametersPerConstructorInspection$Scope$4
16054:             1             24  com.siyeh.ig.migration.BigDecimalLegacyMethodInspection
16055:             1             24  com.siyeh.ig.migration.CollectionsFieldAccessReplaceableByMethodCallInspection
16056:             1             24  com.siyeh.ig.migration.EnumerationCanBeIterationInspection
16057:             1             24  com.siyeh.ig.migration.IndexOfReplaceableByContainsInspection
16058:             1             24  com.siyeh.ig.migration.StringBufferReplaceableByStringBuilderInspection
16059:             1             24  com.siyeh.ig.migration.TryFinallyCanBeTryWithResourcesInspection
16060:             1             24  com.siyeh.ig.migration.TryWithIdenticalCatchesInspection
16061:             1             24  com.siyeh.ig.migration.WhileCanBeForeachInspection
16062:             1             24  com.siyeh.ig.modularization.ClassIndependentOfModuleInspection
16063:             1             24  com.siyeh.ig.modularization.ClassOnlyUsedInOneModuleInspection
16064:             1             24  com.siyeh.ig.naming.ClassNamePrefixedWithPackageNameInspection
16065:             1             24  com.siyeh.ig.naming.ClassNameSameAsAncestorNameInspection
16066:             1             24  com.siyeh.ig.naming.ConfusingMainMethodInspection
16067:             1             24  com.siyeh.ig.naming.DollarSignInNameInspection
16068:             1             24  com.siyeh.ig.naming.ExceptionNameDoesntEndWithExceptionInspection
16069:             1             24  com.siyeh.ig.naming.LambdaUnfriendlyMethodOverloadInspection
16070:             1             24  com.siyeh.ig.naming.MethodNameSameAsClassNameInspection
16071:             1             24  com.siyeh.ig.naming.MethodNameSameAsParentNameInspection
16072:             1             24  com.siyeh.ig.naming.NonExceptionNameEndsWithExceptionInspection
16073:             1             24  com.siyeh.ig.naming.OverloadedVarargsMethodInspection
16074:             1             24  com.siyeh.ig.naming.UpperCaseFieldNameNotConstantInspection
16075:             1             24  com.siyeh.ig.numeric.BadOddnessInspection
16076:             1             24  com.siyeh.ig.numeric.BigDecimalEqualsInspection
16077:             1             24  com.siyeh.ig.numeric.BigDecimalMethodWithoutRoundingCalledInspection
16078:             1             24  com.siyeh.ig.numeric.CharUsedInArithmeticContextInspection
16079:             1             24  com.siyeh.ig.numeric.ComparisonOfShortAndCharInspection
16080:             1             24  com.siyeh.ig.numeric.ComparisonToNaNInspection
16081:             1             24  com.siyeh.ig.numeric.ConstantMathCallInspection
16082:             1             24  com.siyeh.ig.numeric.DivideByZeroInspection
16083:             1             24  com.siyeh.ig.numeric.DoubleLiteralMayBeFloatLiteralInspection
16084:             1             24  com.siyeh.ig.numeric.FloatingPointEqualityInspection
16085:             1             24  com.siyeh.ig.numeric.IntLiteralMayBeLongLiteralInspection
16086:             1             24  com.siyeh.ig.numeric.IntegerDivisionInFloatingPointContextInspection
16087:             1             24  com.siyeh.ig.numeric.LongLiteralsEndingWithLowercaseLInspection
16088:             1             24  com.siyeh.ig.numeric.NonReproducibleMathCallInspection
16089:             1             24  com.siyeh.ig.numeric.OctalAndDecimalIntegersMixedInspection
16090:             1             24  com.siyeh.ig.numeric.OctalLiteralInspection
16091:             1             24  com.siyeh.ig.numeric.SuspiciousLiteralUnderscoreInspection
16092:             1             24  com.siyeh.ig.numeric.UnnecessaryExplicitNumericCastInspection
16093:             1             24  com.siyeh.ig.numeric.UnnecessaryUnaryMinusInspection
16094:             1             24  com.siyeh.ig.packaging.ClassOnlyUsedInOnePackageInspection
16095:             1             24  com.siyeh.ig.packaging.ClassUnconnectedToPackageInspection
16096:             1             24  com.siyeh.ig.packaging.DisjointPackageInspection
16097:             1             24  com.siyeh.ig.packaging.ExceptionPackageInspection
16098:             1             24  com.siyeh.ig.packaging.PackageInMultipleModulesInspection
16099:             1             24  com.siyeh.ig.performance.ArraysAsListWithZeroOrOneArgumentInspection
16100:             1             24  com.siyeh.ig.performance.BooleanConstructorInspection
16101:             1             24  com.siyeh.ig.performance.BoxingBoxedValueInspection
16102:             1             24  com.siyeh.ig.performance.ClassInitializerMayBeStaticInspection
16103:             1             24  com.siyeh.ig.performance.CollectionContainsUrlInspection
16104:             1             24  com.siyeh.ig.performance.CollectionsMustHaveInitialCapacityInspection$1
16105:             1             24  com.siyeh.ig.performance.DynamicRegexReplaceableByCompiledPatternInspection
16106:             1             24  com.siyeh.ig.performance.EqualsHashCodeCalledOnUrlInspection
16107:             1             24  com.siyeh.ig.performance.FieldMayBeStaticInspection
16108:             1             24  com.siyeh.ig.performance.IfStatementMissingBreakInLoopInspection
16109:             1             24  com.siyeh.ig.performance.InstantiatingObjectToGetClassObjectInspection
16110:             1             24  com.siyeh.ig.performance.KeySetIterationMayUseEntrySetInspection
16111:             1             24  com.siyeh.ig.performance.LengthOneStringInIndexOfInspection
16112:             1             24  com.siyeh.ig.performance.LengthOneStringsInConcatenationInspection
16113:             1             24  com.siyeh.ig.performance.ListRemoveInLoopInspection
16114:             1             24  com.siyeh.ig.performance.ManualArrayCopyInspection
16115:             1             24  com.siyeh.ig.performance.ManualArrayToCollectionCopyInspection
16116:             1             24  com.siyeh.ig.performance.MapReplaceableByEnumMapInspection
16117:             1             24  com.siyeh.ig.performance.ObjectAllocationInLoopInspection
16118:             1             24  com.siyeh.ig.performance.ObjectEqualsCanBeEqualityInspection
16119:             1             24  com.siyeh.ig.performance.ObjectInstantiationInEqualsHashCodeInspection
16120:             1             24  com.siyeh.ig.performance.RandomDoubleForRandomIntegerInspection
16121:             1             24  com.siyeh.ig.performance.RedundantStringFormatCallInspection
16122:             1             24  com.siyeh.ig.performance.SetReplaceableByEnumSetInspection
16123:             1             24  com.siyeh.ig.performance.StringBufferMustHaveInitialCapacityInspection
16124:             1             24  com.siyeh.ig.performance.StringBufferToStringInConcatenationInspection
16125:             1             24  com.siyeh.ig.performance.StringConcatenationInLoopsInspection
16126:             1             24  com.siyeh.ig.performance.StringConcatenationInsideStringBufferAppendInspection
16127:             1             24  com.siyeh.ig.performance.TailRecursionInspection
16128:             1             24  com.siyeh.ig.performance.TrivialStringConcatenationInspection
16129:             1             24  com.siyeh.ig.performance.UnnecessaryTemporaryOnConversionFromStringInspection
16130:             1             24  com.siyeh.ig.performance.UnnecessaryTemporaryOnConversionToStringInspection
16131:             1             24  com.siyeh.ig.portability.HardcodedLineSeparatorsInspection
16132:             1             24  com.siyeh.ig.portability.NativeMethodsInspection
16133:             1             24  com.siyeh.ig.portability.RuntimeExecInspection
16134:             1             24  com.siyeh.ig.portability.SystemGetenvInspection
16135:             1             24  com.siyeh.ig.portability.UseOfAWTPeerClassInspection
16136:             1             24  com.siyeh.ig.portability.UseOfJDBCDriverClassInspection
16137:             1             24  com.siyeh.ig.portability.UseOfProcessBuilderInspection
16138:             1             24  com.siyeh.ig.portability.UseOfSunClassesInspection
16139:             1             24  com.siyeh.ig.redundancy.RedundantClassCallInspection
16140:             1             24  com.siyeh.ig.redundancy.RedundantCollectionOperationInspection
16141:             1             24  com.siyeh.ig.redundancy.RedundantOperationOnEmptyContainerInspection
16142:             1             24  com.siyeh.ig.redundancy.RedundantStringOperationInspection
16143:             1             24  com.siyeh.ig.redundancy.UnusedLabelInspection
16144:             1             24  com.siyeh.ig.resources.DriverManagerGetConnectionInspection
16145:             1             24  com.siyeh.ig.security.ClassLoaderInstantiationInspection
16146:             1             24  com.siyeh.ig.security.CloneableClassInSecureContextInspection
16147:             1             24  com.siyeh.ig.security.CustomClassloaderInspection
16148:             1             24  com.siyeh.ig.security.CustomSecurityManagerInspection
16149:             1             24  com.siyeh.ig.security.DesignForExtensionInspection
16150:             1             24  com.siyeh.ig.security.NonFinalCloneInspection
16151:             1             24  com.siyeh.ig.security.NonStaticInnerClassInSecureContextInspection
16152:             1             24  com.siyeh.ig.security.PublicStaticArrayFieldInspection
16153:             1             24  com.siyeh.ig.security.SystemPropertiesInspection
16154:             1             24  com.siyeh.ig.security.SystemSetSecurityManagerInspection
16155:             1             24  com.siyeh.ig.security.UnsecureRandomNumberGenerationInspection
16156:             1             24  com.siyeh.ig.serialization.ComparatorNotSerializableInspection
16157:             1             24  com.siyeh.ig.serialization.ExternalizableWithSerializationMethodsInspection
16158:             1             24  com.siyeh.ig.serialization.ExternalizableWithoutPublicNoArgConstructorInspection
16159:             1             24  com.siyeh.ig.serialization.NonSerializableObjectBoundToHttpSessionInspection
16160:             1             24  com.siyeh.ig.serialization.NonSerializableObjectPassedToObjectStreamInspection
16161:             1             24  com.siyeh.ig.serialization.NonSerializableWithSerialVersionUIDFieldInspection
16162:             1             24  com.siyeh.ig.serialization.NonSerializableWithSerializationMethodsInspection
16163:             1             24  com.siyeh.ig.serialization.ReadObjectAndWriteObjectPrivateInspection
16164:             1             24  com.siyeh.ig.serialization.ReadObjectInitializationInspection
16165:             1             24  com.siyeh.ig.serialization.ReadResolveAndWriteReplaceProtectedInspection
16166:             1             24  com.siyeh.ig.serialization.SerialPersistentFieldsWithWrongSignatureInspection
16167:             1             24  com.siyeh.ig.serialization.SerialVersionUIDNotStaticFinalInspection
16168:             1             24  com.siyeh.ig.serialization.SerializableStoresNonSerializableInspection
16169:             1             24  com.siyeh.ig.serialization.SerializableWithUnconstructableAncestorInspection
16170:             1             24  com.siyeh.ig.serialization.TransientFieldInNonSerializableClassInspection
16171:             1             24  com.siyeh.ig.serialization.TransientFieldNotInitializedInspection
16172:             1             24  com.siyeh.ig.style.ArrayCanBeReplacedWithEnumValuesInspection
16173:             1             24  com.siyeh.ig.style.ArrayCreationWithoutNewKeywordInspection
16174:             1             24  com.siyeh.ig.style.BoundedWildcardInspection
16175:             1             24  com.siyeh.ig.style.CallToStringConcatCanBeReplacedByOperatorInspection
16176:             1             24  com.siyeh.ig.style.ChainedEqualityInspection
16177:             1             24  com.siyeh.ig.style.ConfusingOctalEscapeInspection
16178:             1             24  com.siyeh.ig.style.ConstantExpressionInspection
16179:             1             24  com.siyeh.ig.style.ControlFlowStatementWithoutBracesInspection
16180:             1             24  com.siyeh.ig.style.DiamondCanBeReplacedWithExplicitTypeArgumentsInspection
16181:             1             24  com.siyeh.ig.style.EqualsCalledOnEnumConstantInspection
16182:             1             24  com.siyeh.ig.style.ExtendsObjectInspection
16183:             1             24  com.siyeh.ig.style.FieldMayBeFinalInspection
16184:             1             24  com.siyeh.ig.style.LambdaBodyCanBeCodeBlockInspection
16185:             1             24  com.siyeh.ig.style.LambdaCanBeReplacedWithAnonymousInspection
16186:             1             24  com.siyeh.ig.style.LambdaParameterTypeCanBeSpecifiedInspection
16187:             1             24  com.siyeh.ig.style.ListIndexOfReplaceableByContainsInspection
16188:             1             24  com.siyeh.ig.style.LiteralAsArgToStringEqualsInspection
16189:             1             24  com.siyeh.ig.style.MethodRefCanBeReplacedWithLambdaInspection
16190:             1             24  com.siyeh.ig.style.ObjectsEqualsCanBeSimplifiedInspection
16191:             1             24  com.siyeh.ig.style.OptionalContainsCollectionInspection
16192:             1             24  com.siyeh.ig.style.ReturnThisInspection
16193:             1             24  com.siyeh.ig.style.SimplifiableAnnotationInspection
16194:             1             24  com.siyeh.ig.style.SimplifiableIfStatementInspection
16195:             1             24  com.siyeh.ig.style.SingleStatementInBlockInspection
16196:             1             24  com.siyeh.ig.style.StringBufferReplaceableByStringInspection
16197:             1             24  com.siyeh.ig.style.TypeParameterExtendsObjectInspection
16198:             1             24  com.siyeh.ig.style.UnclearBinaryExpressionInspection
16199:             1             24  com.siyeh.ig.style.UnnecessarilyQualifiedStaticallyImportedElementInspection
16200:             1             24  com.siyeh.ig.style.UnnecessaryCallToStringValueOfInspection
16201:             1             24  com.siyeh.ig.style.UnnecessaryConstantArrayCreationExpressionInspection
16202:             1             24  com.siyeh.ig.style.UnnecessaryEnumModifierInspection
16203:             1             24  com.siyeh.ig.style.UnnecessaryInterfaceModifierInspection
16204:             1             24  com.siyeh.ig.style.UnnecessaryQualifierForThisInspection
16205:             1             24  com.siyeh.ig.style.UnnecessarySuperConstructorInspection
16206:             1             24  com.siyeh.ig.style.UnnecessaryToStringCallInspection
16207:             1             24  com.siyeh.ig.style.UnqualifiedFieldAccessInspection
16208:             1             24  com.siyeh.ig.style.UnqualifiedMethodAccessInspection
16209:             1             24  com.siyeh.ig.threading.AtomicFieldUpdaterIssuesInspection
16210:             1             24  com.siyeh.ig.threading.AtomicFieldUpdaterNotStaticFinalInspection
16211:             1             24  com.siyeh.ig.threading.AwaitNotInLoopInspection
16212:             1             24  com.siyeh.ig.threading.AwaitWithoutCorrespondingSignalInspection
16213:             1             24  com.siyeh.ig.threading.BusyWaitInspection
16214:             1             24  com.siyeh.ig.threading.CallToNativeMethodWhileLockedInspection
16215:             1             24  com.siyeh.ig.threading.ConditionSignalInspection
16216:             1             24  com.siyeh.ig.threading.EmptySynchronizedStatementInspection
16217:             1             24  com.siyeh.ig.threading.ExtendsThreadInspection
16218:             1             24  com.siyeh.ig.threading.MethodMayBeSynchronizedInspection
16219:             1             24  com.siyeh.ig.threading.NakedNotifyInspection
16220:             1             24  com.siyeh.ig.threading.NestedSynchronizedStatementInspection
16221:             1             24  com.siyeh.ig.threading.NonAtomicOperationOnVolatileFieldInspection
16222:             1             24  com.siyeh.ig.threading.NonSynchronizedMethodOverridesSynchronizedMethodInspection
16223:             1             24  com.siyeh.ig.threading.NotifyCalledOnConditionInspection
16224:             1             24  com.siyeh.ig.threading.NotifyWithoutCorrespondingWaitInspection
16225:             1             24  com.siyeh.ig.threading.ObjectNotifyInspection
16226:             1             24  com.siyeh.ig.threading.PublicFieldAccessedInSynchronizedContextInspection
16227:             1             24  com.siyeh.ig.threading.SafeLockInspection
16228:             1             24  com.siyeh.ig.threading.SignalWithoutCorrespondingAwaitInspection
16229:             1             24  com.siyeh.ig.threading.SleepWhileHoldingLockInspection
16230:             1             24  com.siyeh.ig.threading.StaticInitializerReferencesSubClassInspection
16231:             1             24  com.siyeh.ig.threading.SynchronizationOnGetClassInspection
16232:             1             24  com.siyeh.ig.threading.SynchronizationOnStaticFieldInspection
16233:             1             24  com.siyeh.ig.threading.SynchronizeOnLockInspection
16234:             1             24  com.siyeh.ig.threading.SynchronizeOnNonFinalFieldInspection
16235:             1             24  com.siyeh.ig.threading.SynchronizeOnThisInspection
16236:             1             24  com.siyeh.ig.threading.SystemRunFinalizersOnExitInspection
16237:             1             24  com.siyeh.ig.threading.ThreadLocalNotStaticFinalInspection
16238:             1             24  com.siyeh.ig.threading.ThreadPriorityInspection
16239:             1             24  com.siyeh.ig.threading.ThreadRunInspection
16240:             1             24  com.siyeh.ig.threading.ThreadStartInConstructionInspection
16241:             1             24  com.siyeh.ig.threading.ThreadStopSuspendResumeInspection
16242:             1             24  com.siyeh.ig.threading.ThreadWithDefaultRunMethodInspection
16243:             1             24  com.siyeh.ig.threading.ThreadYieldInspection
16244:             1             24  com.siyeh.ig.threading.UnconditionalWaitInspection
16245:             1             24  com.siyeh.ig.threading.VolatileArrayFieldInspection
16246:             1             24  com.siyeh.ig.threading.WaitCalledOnConditionInspection
16247:             1             24  com.siyeh.ig.threading.WaitNotInLoopInspection
16248:             1             24  com.siyeh.ig.threading.WaitNotifyNotInSynchronizedContextInspection
16249:             1             24  com.siyeh.ig.threading.WaitOrAwaitWithoutTimeoutInspection
16250:             1             24  com.siyeh.ig.threading.WaitWhileHoldingTwoLocksInspection
16251:             1             24  com.siyeh.ig.threading.WaitWithoutCorrespondingNotifyInspection
16252:             1             24  com.siyeh.ig.visibility.AmbiguousFieldAccessInspection
16253:             1             24  com.siyeh.ig.visibility.AmbiguousMethodCallInspection
16254:             1             24  com.siyeh.ig.visibility.AnonymousClassVariableHidesContainingMethodVariableInspection
16255:             1             24  com.siyeh.ig.visibility.ClassEscapesItsScopeInspection
16256:             1             24  com.siyeh.ig.visibility.MethodOverridesInaccessibleMethodOfSuperInspection
16257:             1             24  com.siyeh.ig.visibility.MethodOverridesStaticMethodInspection
16258:             1             24  com.siyeh.ig.visibility.TypeParameterHidesVisibleTypeInspection
16259:             1             24  com.siyeh.ipp.asserttoif.ObjectsRequireNonNullIntention
16260:             1             24  com.siyeh.ipp.bool.NegateConditionalIntention
16261:             1             24  com.siyeh.ipp.chartostring.CharToStringIntention
16262:             1             24  com.siyeh.ipp.collections.ReplaceWithMutableCollectionIntention
16263:             1             24  com.siyeh.ipp.comment.ChangeToCStyleCommentIntention
16264:             1             24  com.siyeh.ipp.comment.ChangeToEndOfLineCommentIntention
16265:             1             24  com.siyeh.ipp.comment.MoveCommentToSeparateLineIntention
16266:             1             24  com.siyeh.ipp.concatenation.JoinConcatenatedStringLiteralsIntention
16267:             1             24  com.siyeh.ipp.concatenation.MakeCallChainIntoCallSequenceIntention
16268:             1             24  com.siyeh.ipp.concatenation.MergeCallSequenceToChainIntention
16269:             1             24  com.siyeh.ipp.concatenation.ReplaceFormatStringWithConcatenationIntention
16270:             1             24  com.siyeh.ipp.conditional.FlipConditionalIntention
16271:             1             24  com.siyeh.ipp.conditional.ReplaceConditionalWithBooleanExpressionIntention
16272:             1             24  com.siyeh.ipp.exceptions.ConvertCatchToThrowsIntention
16273:             1             24  com.siyeh.ipp.exceptions.DetailExceptionsIntention
16274:             1             24  com.siyeh.ipp.exceptions.MergeNestedTryStatementsIntention
16275:             1             24  com.siyeh.ipp.exceptions.ReplaceArmWithTryFinallyIntention
16276:             1             24  com.siyeh.ipp.expression.FlipSetterCallIntention
16277:             1             24  com.siyeh.ipp.expression.eliminate.EliminateParenthesesIntention
16278:             1             24  com.siyeh.ipp.forloop.ReplaceForEachLoopWithIndexedForLoopIntention
16279:             1             24  com.siyeh.ipp.forloop.ReplaceForEachLoopWithIteratorForLoopIntention
16280:             1             24  com.siyeh.ipp.forloop.ReplaceForEachLoopWithOptimizedIndexedForLoopIntention
16281:             1             24  com.siyeh.ipp.forloop.ReverseForLoopDirectionIntention
16282:             1             24  com.siyeh.ipp.functional.ExtractToMethodReferenceIntention
16283:             1             24  com.siyeh.ipp.imports.ReplaceOnDemandImportIntention
16284:             1             24  com.siyeh.ipp.initialization.SplitDeclarationAndInitializationIntention
16285:             1             24  com.siyeh.ipp.interfacetoclass.ConvertInterfaceToClassIntention
16286:             1             24  com.siyeh.ipp.junit.ConvertJUnit3TestCaseToJUnit4Intention
16287:             1             24  com.siyeh.ipp.junit.CreateAssertIntention
16288:             1             24  com.siyeh.ipp.switchbranches.CreateMissingSwitchBranchesAction
16289:             1             24  com.siyeh.ipp.trivialif.ConvertToNestedIfIntention
16290:             1             24  com.siyeh.ipp.trivialif.MergeElseIfIntention
16291:             1             24  com.siyeh.ipp.trivialif.MergeIfAndIntention
16292:             1             24  com.siyeh.ipp.trivialif.MergeIfOrIntention
16293:             1             24  com.siyeh.ipp.trivialif.MergeParallelIfsIntention
16294:             1             24  com.siyeh.ipp.trivialif.SplitElseIfIntention
16295:             1             24  com.siyeh.ipp.types.MakeMethodDefaultIntention
16296:             1             24  com.siyeh.ipp.unicode.ReplaceOctalEscapeWithUnicodeEscapeIntention
16297:             1             24  com.siyeh.ipp.unicode.UnicodeUnescapeIntention
16298:             1             24  com.siyeh.ipp.varargs.WrapVarargArgumentsWithExplicitArrayIntention
16299:             1             24  com.siyeh.ipp.whileloop.ExtractWhileLoopConditionToIfStatementIntention
16300:             1             24  com.siyeh.ipp.whileloop.ReplaceDoWhileLoopWithWhileLoopIntention
16301:             1             24  com.siyeh.ipp.whileloop.ReplaceWhileLoopWithDoWhileLoopIntention
16302:             1             24  com.sjhy.plugin.tool.CacheDataUtils
16303:             1             24  com.sun.beans.util.Cache$Kind$1 (java.desktop@11.0.7)
16304:             1             24  com.sun.beans.util.Cache$Kind$2 (java.desktop@11.0.7)
16305:             1             24  com.sun.beans.util.Cache$Kind$3 (java.desktop@11.0.7)
16306:             1             24  com.sun.imageio.spi.FileImageInputStreamSpi (java.desktop@11.0.7)
16307:             1             24  com.sun.imageio.spi.FileImageOutputStreamSpi (java.desktop@11.0.7)
16308:             1             24  com.sun.imageio.spi.InputStreamImageInputStreamSpi (java.desktop@11.0.7)
16309:             1             24  com.sun.imageio.spi.OutputStreamImageOutputStreamSpi (java.desktop@11.0.7)
16310:             1             24  com.sun.imageio.spi.RAFImageInputStreamSpi (java.desktop@11.0.7)
16311:             1             24  com.sun.imageio.spi.RAFImageOutputStreamSpi (java.desktop@11.0.7)
16312:             1             24  com.sun.javafx.css.Combinator$1 (javafx.graphics@11.0.7)
16313:             1             24  com.sun.javafx.css.Combinator$2 (javafx.graphics@11.0.7)
16314:             1             24  com.sun.javafx.css.StyleManager$Key (javafx.graphics@11.0.7)
16315:             1             24  com.sun.javafx.css.StyleMap (javafx.graphics@11.0.7)
16316:             1             24  com.sun.javafx.event.EventQueue (javafx.base@11.0.7)
16317:             1             24  com.sun.javafx.font.PrismFontLoader (javafx.graphics@11.0.7)
16318:             1             24  com.sun.javafx.scene.control.LambdaMultiplePropertyChangeListenerHandler (javafx.controls@11.0.7)
16319:             1             24  com.sun.javafx.scene.control.behavior.ScrollBarBehavior$$Lambda$3984/0x00000008022c1440 (javafx.controls@11.0.7)
16320:             1             24  com.sun.javafx.scene.control.behavior.ScrollBarBehavior$$Lambda$3985/0x00000008022e0040 (javafx.controls@11.0.7)
16321:             1             24  com.sun.javafx.scene.control.behavior.ScrollBarBehavior$$Lambda$3986/0x00000008022e0440 (javafx.controls@11.0.7)
16322:             1             24  com.sun.javafx.scene.control.behavior.ScrollBarBehavior$$Lambda$3987/0x00000008022e0840 (javafx.controls@11.0.7)
16323:             1             24  com.sun.javafx.scene.traversal.TraversalEngine$EngineContext (javafx.graphics@11.0.7)
16324:             1             24  com.sun.javafx.scene.traversal.TraversalEngine$TempEngineContext (javafx.graphics@11.0.7)
16325:             1             24  com.sun.javafx.stage.WindowCloseRequestHandler (javafx.graphics@11.0.7)
16326:             1             24  com.sun.javafx.tk.quantum.GlassSystemMenu (javafx.graphics@11.0.7)
16327:             1             24  com.sun.javafx.tk.quantum.QuantumRenderer$PipelineRunnable (javafx.graphics@11.0.7)
16328:             1             24  com.sun.javafx.tk.quantum.QuantumRenderer$QuantumThreadFactory (javafx.graphics@11.0.7)
16329:             1             24  com.sun.javafx.tk.quantum.QuantumToolkit$4 (javafx.graphics@11.0.7)
16330:             1             24  com.sun.javafx.webkit.CursorManagerImpl (javafx.web@11.0.7)
16331:             1             24  com.sun.javafx.webkit.InputMethodClientImpl (javafx.web@11.0.7)
16332:             1             24  com.sun.javafx.webkit.UIClientImpl (javafx.web@11.0.7)
16333:             1             24  com.sun.javafx.webkit.prism.PrismGraphicsManager (javafx.web@11.0.7)
16334:             1             24  com.sun.javafx.webkit.theme.RenderThemeImpl$ViewListener (javafx.web@11.0.7)
16335:             1             24  com.sun.jna.Structure$3
16336:             1             24  com.sun.jna.StructureReadContext
16337:             1             24  com.sun.jna.WeakMemoryHolder
16338:             1             24  com.sun.management.internal.OperatingSystemImpl (jdk.management@11.0.7)
16339:             1             24  com.sun.management.internal.PlatformMBeanProviderImpl$1 (jdk.management@11.0.7)
16340:             1             24  com.sun.management.internal.PlatformMBeanProviderImpl$2 (jdk.management@11.0.7)
16341:             1             24  com.sun.management.internal.PlatformMBeanProviderImpl$3 (jdk.management@11.0.7)
16342:             1             24  com.sun.management.internal.PlatformMBeanProviderImpl$4 (jdk.management@11.0.7)
16343:             1             24  com.sun.management.internal.PlatformMBeanProviderImpl$5 (jdk.management@11.0.7)
16344:             1             24  com.sun.marlin.DMarlinRenderingEngine$1 (javafx.graphics@11.0.7)
16345:             1             24  com.sun.org.apache.xerces.internal.impl.XMLNSDocumentScannerImpl$NSContentDriver (java.xml@11.0.7)
16346:             1             24  com.sun.org.apache.xerces.internal.impl.msg.XMLMessageFormatter (java.xml@11.0.7)
16347:             1             24  com.sun.org.apache.xerces.internal.utils.XMLSecurityPropertyManager (java.xml@11.0.7)
16348:             1             24  com.sun.prism.GraphicsPipeline$ShaderModel (javafx.graphics@11.0.7)
16349:             1             24  com.sun.prism.es2.ES2Pipeline (javafx.graphics@11.0.7)
16350:             1             24  com.sun.prism.impl.Disposer (javafx.graphics@11.0.7)
16351:             1             24  com.sun.scenario.Settings (javafx.graphics@11.0.7)
16352:             1             24  com.sun.webkit.BackForwardList (javafx.web@11.0.7)
16353:             1             24  com.sun.webkit.Disposer$DisposerRunnable (javafx.web@11.0.7)
16354:             1             24  com.sun.webkit.Timer (javafx.web@11.0.7)
16355:             1             24  com.sun.webkit.network.ByteBufferPool (javafx.web@11.0.7)
16356:             1             24  com.sun.webkit.network.CookieStore (javafx.web@11.0.7)
16357:             1             24  com.sun.webkit.network.NetworkContext$URLLoaderThreadFactory (javafx.web@11.0.7)
16358:             1             24  com.sun.xml.internal.stream.XMLInputFactoryImpl (java.xml@11.0.7)
16359:             1             24  com.theoryinpractice.testng.TestngBundle
16360:             1             24  com.theoryinpractice.testng.configuration.TestNGInClassConfigurationProducer
16361:             1             24  com.theoryinpractice.testng.inspection.AssertEqualsBetweenInconvertibleTypesTestNGInspection
16362:             1             24  com.theoryinpractice.testng.inspection.AssertsWithoutMessagesTestNGInspection
16363:             1             24  com.theoryinpractice.testng.inspection.ConstantTestNGAssertArgumentInspection
16364:             1             24  com.theoryinpractice.testng.inspection.ConvertJavadocInspection
16365:             1             24  com.theoryinpractice.testng.inspection.ConvertOldAnnotationInspection
16366:             1             24  com.theoryinpractice.testng.inspection.DataProviderReturnTypeInspection
16367:             1             24  com.theoryinpractice.testng.inspection.DependsOnGroupsInspection
16368:             1             24  com.theoryinpractice.testng.inspection.DependsOnMethodInspection
16369:             1             24  com.theoryinpractice.testng.inspection.DuplicatedDataProviderNamesInspection
16370:             1             24  com.theoryinpractice.testng.inspection.ExpectedExceptionNeverThrownTestNGInspection
16371:             1             24  com.theoryinpractice.testng.inspection.JUnitConvertTool
16372:             1             24  com.theoryinpractice.testng.inspection.MisorderedAssertEqualsArgumentsTestNGInspection
16373:             1             24  com.theoryinpractice.testng.inspection.SimplifiedTestNGAssertionInspection
16374:             1             24  com.theoryinpractice.testng.inspection.TestNGDataProviderInspection
16375:             1             24  com.theoryinpractice.testng.inspection.UndeclaredTestInspection
16376:             1             24  com.wuzhizhan.mybatis.inspection.MapperMethodInspection
16377:             1             24  com.wuzhizhan.mybatis.inspection.MapperXmlInspection
16378:             1             24  de.plushnikov.intellij.plugin.action.generate.LombokGenerateConstructorHandler
16379:             1             24  de.plushnikov.intellij.plugin.extension.LombokHighlightErrorFilter
16380:             1             24  de.plushnikov.intellij.plugin.inspection.DeprecatedLombokAnnotationInspection
16381:             1             24  de.plushnikov.intellij.plugin.inspection.LombokInspection
16382:             1             24  de.plushnikov.intellij.plugin.inspection.RedundantSlf4jDefinitionInspection
16383:             1             24  de.plushnikov.intellij.plugin.language.LombokConfigFileType
16384:             1             24  de.plushnikov.intellij.plugin.processor.ValProcessor
16385:             1             24  de.plushnikov.intellij.plugin.settings.LombokPluginState
16386:             1             24  freemarker.core.ArithmeticEngine$BigDecimalEngine
16387:             1             24  freemarker.core.ArithmeticEngine$ConservativeEngine
16388:             1             24  freemarker.core.Environment$5
16389:             1             24  freemarker.core.TemplateElements
16390:             1             24  freemarker.template.Configuration$DefaultSoftCacheStorage
16391:             1             24  fuck_the_regulations_v321.eG
16392:             1             24  fuck_the_regulations_v321.eN
16393:             1             24  fuck_the_regulations_v321.fA
16394:             1             24  git4idea.GitUserRegistry
16395:             1             24  git4idea.config.GitExecutableManager
16396:             1             24  git4idea.config.GitExecutableManager$1
16397:             1             24  git4idea.config.GitSaveChangesPolicy$SHELVE
16398:             1             24  git4idea.config.GitSaveChangesPolicy$STASH
16399:             1             24  git4idea.config.GitVcsApplicationSettings$State
16400:             1             24  git4idea.config.GitVersionSpecialty$1
16401:             1             24  git4idea.config.GitVersionSpecialty$10
16402:             1             24  git4idea.config.GitVersionSpecialty$11
16403:             1             24  git4idea.config.GitVersionSpecialty$12
16404:             1             24  git4idea.config.GitVersionSpecialty$13
16405:             1             24  git4idea.config.GitVersionSpecialty$14
16406:             1             24  git4idea.config.GitVersionSpecialty$15
16407:             1             24  git4idea.config.GitVersionSpecialty$16
16408:             1             24  git4idea.config.GitVersionSpecialty$17
16409:             1             24  git4idea.config.GitVersionSpecialty$18
16410:             1             24  git4idea.config.GitVersionSpecialty$19
16411:             1             24  git4idea.config.GitVersionSpecialty$2
16412:             1             24  git4idea.config.GitVersionSpecialty$20
16413:             1             24  git4idea.config.GitVersionSpecialty$21
16414:             1             24  git4idea.config.GitVersionSpecialty$22
16415:             1             24  git4idea.config.GitVersionSpecialty$23
16416:             1             24  git4idea.config.GitVersionSpecialty$24
16417:             1             24  git4idea.config.GitVersionSpecialty$25
16418:             1             24  git4idea.config.GitVersionSpecialty$26
16419:             1             24  git4idea.config.GitVersionSpecialty$27
16420:             1             24  git4idea.config.GitVersionSpecialty$28
16421:             1             24  git4idea.config.GitVersionSpecialty$29
16422:             1             24  git4idea.config.GitVersionSpecialty$3
16423:             1             24  git4idea.config.GitVersionSpecialty$30
16424:             1             24  git4idea.config.GitVersionSpecialty$31
16425:             1             24  git4idea.config.GitVersionSpecialty$4
16426:             1             24  git4idea.config.GitVersionSpecialty$5
16427:             1             24  git4idea.config.GitVersionSpecialty$6
16428:             1             24  git4idea.config.GitVersionSpecialty$7
16429:             1             24  git4idea.config.GitVersionSpecialty$8
16430:             1             24  git4idea.config.GitVersionSpecialty$9
16431:             1             24  git4idea.conflicts.GitConflictsToolWindowManager
16432:             1             24  git4idea.history.GitCommitRequirements
16433:             1             24  git4idea.i18n.GitBundle
16434:             1             24  git4idea.ignore.GitIgnoreInStoreDirGenerator
16435:             1             24  git4idea.ignore.GitIgnoredFileContentProvider
16436:             1             24  git4idea.ignore.GitIgnoredFilesHolder$Provider
16437:             1             24  git4idea.ignore.lang.GitExcludeFileType
16438:             1             24  git4idea.ignore.lang.GitIgnoreFileType
16439:             1             24  git4idea.log.GitLogProvider$$Lambda$2845/0x0000000801c92840
16440:             1             24  git4idea.repo.GitBranchTrackInfo
16441:             1             24  git4idea.repo.GitConflictsHolder
16442:             1             24  git4idea.repo.GitRepositoryImpl$MyRepositoryIgnoredHolderUpdateListener
16443:             1             24  git4idea.ui.branch.GitBranchManager
16444:             1             24  io.netty.buffer.PooledByteBufAllocator$PoolThreadLocalCache
16445:             1             24  io.netty.buffer.UnpooledByteBufAllocator$UnpooledByteBufAllocatorMetric
16446:             1             24  io.netty.channel.ChannelOption$1
16447:             1             24  io.netty.channel.WriteBufferWaterMark
16448:             1             24  io.netty.handler.codec.http.HttpMethod$EnumNameMap
16449:             1             24  io.netty.util.AttributeKey$1
16450:             1             24  io.netty.util.ResourceLeakDetectorFactory$DefaultResourceLeakDetectorFactory
16451:             1             24  io.netty.util.Signal$1
16452:             1             24  io.netty.util.concurrent.DefaultEventExecutorChooserFactory$GenericEventExecutorChooser
16453:             1             24  io.netty.util.concurrent.FailedFuture
16454:             1             24  io.netty.util.internal.ThreadExecutorMap$3
16455:             1             24  io.protostuff.jetbrains.plugin.ProtoFileType
16456:             1             24  io.protostuff.jetbrains.plugin.ProtoParserDefinition
16457:             1             24  io.protostuff.jetbrains.plugin.ProtostuffPluginController
16458:             1             24  io.protostuff.jetbrains.plugin.psi.ProtoElementFactory
16459:             1             24  io.protostuff.jetbrains.plugin.psi.stubs.FileStub$Type
16460:             1             24  io.protostuff.jetbrains.plugin.reference.FieldReferenceProviderImpl
16461:             1             24  io.sentry.context.ThreadLocalContextManager$1
16462:             1             24  io.sentry.marshaller.json.StackTraceInterfaceBinding
16463:             1             24  java.awt.AWTKeyStroke (java.desktop@11.0.7)
16464:             1             24  java.awt.KeyboardFocusManager$HeavyweightFocusRequest (java.desktop@11.0.7)
16465:             1             24  java.awt.ModalEventFilter$ApplicationModalEventFilter (java.desktop@11.0.7)
16466:             1             24  java.awt.Toolkit$DesktopPropertyChangeSupport (java.desktop@11.0.7)
16467:             1             24  java.awt.VKCollection (java.desktop@11.0.7)
16468:             1             24  java.awt.image.ConvolveOp (java.desktop@11.0.7)
16469:             1             24  java.io.ExpiringCache$Entry (java.base@11.0.7)
16470:             1             24  java.lang.ProcessEnvironment$StringEnvironment (java.base@11.0.7)
16471:             1             24  java.lang.ProcessHandleImpl$$Lambda$121/0x0000000800255040 (java.base@11.0.7)
16472:             1             24  java.lang.StackWalker$ExtendedOption (java.base@11.0.7)
16473:             1             24  java.lang.invoke.DirectMethodHandle$EnsureInitialized (java.base@11.0.7)
16474:             1             24  java.lang.invoke.MethodType$ConcurrentWeakInternSet (java.base@11.0.7)
16475:             1             24  java.lang.invoke.StringConcatFactory$Stringifiers$StringifierAny (java.base@11.0.7)
16476:             1             24  java.lang.invoke.StringConcatFactory$Stringifiers$StringifierMost (java.base@11.0.7)
16477:             1             24  java.lang.management.DefaultPlatformMBeanProvider$1 (java.management@11.0.7)
16478:             1             24  java.lang.management.DefaultPlatformMBeanProvider$10 (java.management@11.0.7)
16479:             1             24  java.lang.management.DefaultPlatformMBeanProvider$11 (java.management@11.0.7)
16480:             1             24  java.lang.management.DefaultPlatformMBeanProvider$2 (java.management@11.0.7)
16481:             1             24  java.lang.management.DefaultPlatformMBeanProvider$3 (java.management@11.0.7)
16482:             1             24  java.lang.management.DefaultPlatformMBeanProvider$4 (java.management@11.0.7)
16483:             1             24  java.lang.management.DefaultPlatformMBeanProvider$5 (java.management@11.0.7)
16484:             1             24  java.lang.management.DefaultPlatformMBeanProvider$6 (java.management@11.0.7)
16485:             1             24  java.lang.management.DefaultPlatformMBeanProvider$7 (java.management@11.0.7)
16486:             1             24  java.lang.management.DefaultPlatformMBeanProvider$8 (java.management@11.0.7)
16487:             1             24  java.lang.management.DefaultPlatformMBeanProvider$9 (java.management@11.0.7)
16488:             1             24  java.math.MutableBigInteger (java.base@11.0.7)
16489:             1             24  java.net.Inet4AddressImpl (java.base@11.0.7)
16490:             1             24  java.net.Proxy (java.base@11.0.7)
16491:             1             24  java.nio.file.FileVisitOption (java.base@11.0.7)
16492:             1             24  java.nio.file.LinkOption (java.base@11.0.7)
16493:             1             24  java.security.Timestamp (java.base@11.0.7)
16494:             1             24  java.time.Period (java.base@11.0.7)
16495:             1             24  java.time.ZoneRegion (java.base@11.0.7)
16496:             1             24  java.time.format.DecimalStyle (java.base@11.0.7)
16497:             1             24  java.time.temporal.IsoFields$Field$1 (java.base@11.0.7)
16498:             1             24  java.time.temporal.IsoFields$Field$2 (java.base@11.0.7)
16499:             1             24  java.time.temporal.IsoFields$Field$3 (java.base@11.0.7)
16500:             1             24  java.time.temporal.IsoFields$Field$4 (java.base@11.0.7)
16501:             1             24  java.time.zone.TzdbZoneRulesProvider (java.base@11.0.7)
16502:             1             24  java.util.Arrays$ArrayItr (java.base@11.0.7)
16503:             1             24  java.util.Collections$3 (java.base@11.0.7)
16504:             1             24  java.util.Collections$EmptyMap (java.base@11.0.7)
16505:             1             24  java.util.Collections$SynchronizedRandomAccessList (java.base@11.0.7)
16506:             1             24  java.util.Collections$UnmodifiableList (java.base@11.0.7)
16507:             1             24  java.util.Collections$UnmodifiableNavigableSet$EmptyNavigableSet (java.base@11.0.7)
16508:             1             24  java.util.Comparators$NaturalOrderComparator (java.base@11.0.7)
16509:             1             24  java.util.Currency (java.base@11.0.7)
16510:             1             24  java.util.Locale$Cache (java.base@11.0.7)
16511:             1             24  java.util.OptionalLong (java.base@11.0.7)
16512:             1             24  java.util.ResourceBundle$Control$CandidateListCache (java.base@11.0.7)
16513:             1             24  java.util.ServiceLoader$2 (java.base@11.0.7)
16514:             1             24  java.util.TaskQueue (java.base@11.0.7)
16515:             1             24  java.util.Timer (java.base@11.0.7)
16516:             1             24  java.util.concurrent.ConcurrentLinkedDeque (java.base@11.0.7)
16517:             1             24  java.util.concurrent.CopyOnWriteArrayList$COWIterator (java.base@11.0.7)
16518:             1             24  java.util.concurrent.Executors$DelegatedScheduledExecutorService (java.base@11.0.7)
16519:             1             24  java.util.concurrent.Executors$PrivilegedThreadFactory$1 (java.base@11.0.7)
16520:             1             24  java.util.function.Predicate$$Lambda$4186/0x0000000802648840 (java.base@11.0.7)
16521:             1             24  java.util.logging.LogManager$LoggerContext (java.logging@11.0.7)
16522:             1             24  java.util.regex.Pattern$BmpCharPredicate$$Lambda$1268/0x0000000801121c40 (java.base@11.0.7)
16523:             1             24  java.util.stream.ReferencePipeline$7$1 (java.base@11.0.7)
16524:             1             24  java.util.zip.ZipCoder$UTF8 (java.base@11.0.7)
16525:             1             24  javafx.collections.FXCollections$EmptyObservableMap (javafx.base@11.0.7)
16526:             1             24  javafx.css.SizeUnits$1 (javafx.graphics@11.0.7)
16527:             1             24  javafx.css.SizeUnits$10 (javafx.graphics@11.0.7)
16528:             1             24  javafx.css.SizeUnits$11 (javafx.graphics@11.0.7)
16529:             1             24  javafx.css.SizeUnits$12 (javafx.graphics@11.0.7)
16530:             1             24  javafx.css.SizeUnits$13 (javafx.graphics@11.0.7)
16531:             1             24  javafx.css.SizeUnits$14 (javafx.graphics@11.0.7)
16532:             1             24  javafx.css.SizeUnits$15 (javafx.graphics@11.0.7)
16533:             1             24  javafx.css.SizeUnits$2 (javafx.graphics@11.0.7)
16534:             1             24  javafx.css.SizeUnits$3 (javafx.graphics@11.0.7)
16535:             1             24  javafx.css.SizeUnits$4 (javafx.graphics@11.0.7)
16536:             1             24  javafx.css.SizeUnits$5 (javafx.graphics@11.0.7)
16537:             1             24  javafx.css.SizeUnits$6 (javafx.graphics@11.0.7)
16538:             1             24  javafx.css.SizeUnits$7 (javafx.graphics@11.0.7)
16539:             1             24  javafx.css.SizeUnits$8 (javafx.graphics@11.0.7)
16540:             1             24  javafx.css.SizeUnits$9 (javafx.graphics@11.0.7)
16541:             1             24  javafx.scene.Node$EffectiveOrientationProperty (javafx.graphics@11.0.7)
16542:             1             24  javafx.scene.Node$FocusedProperty (javafx.graphics@11.0.7)
16543:             1             24  javafx.scene.Scene$KeyHandler (javafx.graphics@11.0.7)
16544:             1             24  javafx.scene.Scene$ScenePulseListener (javafx.graphics@11.0.7)
16545:             1             24  javafx.scene.web.WebEngine$DebuggerImpl (javafx.web@11.0.7)
16546:             1             24  javafx.scene.web.WebEngine$SelfDisposer (javafx.web@11.0.7)
16547:             1             24  javafx.util.FXPermission (javafx.base@11.0.7)
16548:             1             24  javax.crypto.CryptoAllPermissionCollection (java.base@11.0.7)
16549:             1             24  javax.net.ssl.TrustManagerFactory (java.base@11.0.7)
16550:             1             24  javax.swing.DefaultListModel (java.desktop@11.0.7)
16551:             1             24  javax.swing.JComponent$IntVector (java.desktop@11.0.7)
16552:             1             24  javax.swing.JFormattedTextField$CancelAction (java.desktop@11.0.7)
16553:             1             24  javax.swing.JFormattedTextField$CommitAction (java.desktop@11.0.7)
16554:             1             24  javax.swing.JTextField$NotifyAction (java.desktop@11.0.7)
16555:             1             24  javax.swing.KeyboardManager (java.desktop@11.0.7)
16556:             1             24  javax.swing.MenuSelectionManager (java.desktop@11.0.7)
16557:             1             24  javax.swing.RepaintManager$ProcessingRunnable (java.desktop@11.0.7)
16558:             1             24  javax.swing.TimerQueue (java.desktop@11.0.7)
16559:             1             24  javax.swing.border.CompoundBorder (java.desktop@11.0.7)
16560:             1             24  javax.swing.border.EtchedBorder (java.desktop@11.0.7)
16561:             1             24  javax.swing.border.LineBorder (java.desktop@11.0.7)
16562:             1             24  javax.swing.border.StrokeBorder (java.desktop@11.0.7)
16563:             1             24  javax.swing.plaf.BorderUIResource$LineBorderUIResource (java.desktop@11.0.7)
16564:             1             24  javax.swing.plaf.basic.BasicLabelUI (java.desktop@11.0.7)
16565:             1             24  javax.swing.plaf.basic.BasicListUI$ListTransferHandler (java.desktop@11.0.7)
16566:             1             24  javax.swing.plaf.basic.BasicPopupMenuUI$MouseGrabber (java.desktop@11.0.7)
16567:             1             24  javax.swing.plaf.basic.BasicTableHeaderUI$MouseInputHandler (java.desktop@11.0.7)
16568:             1             24  javax.swing.plaf.basic.BasicTableUI$TableTransferHandler (java.desktop@11.0.7)
16569:             1             24  javax.swing.plaf.basic.DragRecognitionSupport (java.desktop@11.0.7)
16570:             1             24  javax.swing.text.DefaultEditorKit$BeepAction (java.desktop@11.0.7)
16571:             1             24  javax.swing.text.DefaultEditorKit$CopyAction (java.desktop@11.0.7)
16572:             1             24  javax.swing.text.DefaultEditorKit$CutAction (java.desktop@11.0.7)
16573:             1             24  javax.swing.text.DefaultEditorKit$DeleteNextCharAction (java.desktop@11.0.7)
16574:             1             24  javax.swing.text.DefaultEditorKit$DeletePrevCharAction (java.desktop@11.0.7)
16575:             1             24  javax.swing.text.DefaultEditorKit$DumpModelAction (java.desktop@11.0.7)
16576:             1             24  javax.swing.text.DefaultEditorKit$InsertBreakAction (java.desktop@11.0.7)
16577:             1             24  javax.swing.text.DefaultEditorKit$InsertContentAction (java.desktop@11.0.7)
16578:             1             24  javax.swing.text.DefaultEditorKit$InsertTabAction (java.desktop@11.0.7)
16579:             1             24  javax.swing.text.DefaultEditorKit$PasteAction (java.desktop@11.0.7)
16580:             1             24  javax.swing.text.DefaultEditorKit$ReadOnlyAction (java.desktop@11.0.7)
16581:             1             24  javax.swing.text.DefaultEditorKit$SelectAllAction (java.desktop@11.0.7)
16582:             1             24  javax.swing.text.DefaultEditorKit$ToggleComponentOrientationAction (java.desktop@11.0.7)
16583:             1             24  javax.swing.text.DefaultEditorKit$UnselectAction (java.desktop@11.0.7)
16584:             1             24  javax.swing.text.DefaultEditorKit$WritableAction (java.desktop@11.0.7)
16585:             1             24  javax.swing.text.StyledEditorKit$BoldAction (java.desktop@11.0.7)
16586:             1             24  javax.swing.text.StyledEditorKit$ItalicAction (java.desktop@11.0.7)
16587:             1             24  javax.swing.text.StyledEditorKit$UnderlineAction (java.desktop@11.0.7)
16588:             1             24  javax.swing.text.html.HTMLEditorKit$ActivateLinkAction (java.desktop@11.0.7)
16589:             1             24  jdk.internal.jimage.ImageReader (java.base@11.0.7)
16590:             1             24  jdk.internal.logger.BootstrapLogger$RedirectedLoggers (java.base@11.0.7)
16591:             1             24  jdk.internal.module.ModuleBootstrap$SafeModuleFinder (java.base@11.0.7)
16592:             1             24  jdk.internal.module.ModuleHashes (java.base@11.0.7)
16593:             1             24  jdk.management.jfr.internal.FlightRecorderMXBeanProvider$SingleMBeanComponent (jdk.management.jfr@11.0.7)
16594:             1             24  jdk.nio.zipfs.ZipCoder$UTF8 (jdk.zipfs@11.0.7)
16595:             1             24  kotlin.UnsafeLazyImpl
16596:             1             24  kotlin.comparisons.ComparisonsKt__ComparisonsKt$then$1
16597:             1             24  kotlin.ranges.CharRange
16598:             1             24  kotlin.ranges.IntRange
16599:             1             24  kotlin.ranges.IntRange
16600:             1             24  kotlin.ranges.IntRange
16601:             1             24  kotlin.reflect.full.KClasses$isSubclassOf$1
16602:             1             24  kotlin.reflect.jvm.internal.KPackageImpl
16603:             1             24  kotlin.reflect.jvm.internal.KPackageImpl$data$1
16604:             1             24  kotlin.reflect.jvm.internal.impl.builtins.functions.BuiltInFictitiousFunctionClassFactory
16605:             1             24  kotlin.reflect.jvm.internal.impl.descriptors.NotFoundClasses$classes$1
16606:             1             24  kotlin.reflect.jvm.internal.impl.descriptors.NotFoundClasses$packageFragments$1
16607:             1             24  kotlin.reflect.jvm.internal.impl.descriptors.ScopesHolderForClass$scopeForOwnerModule$2
16608:             1             24  kotlin.reflect.jvm.internal.impl.descriptors.Visibilities$1
16609:             1             24  kotlin.reflect.jvm.internal.impl.descriptors.Visibilities$2
16610:             1             24  kotlin.reflect.jvm.internal.impl.descriptors.Visibilities$3
16611:             1             24  kotlin.reflect.jvm.internal.impl.descriptors.Visibilities$4
16612:             1             24  kotlin.reflect.jvm.internal.impl.descriptors.Visibilities$5
16613:             1             24  kotlin.reflect.jvm.internal.impl.descriptors.Visibilities$6
16614:             1             24  kotlin.reflect.jvm.internal.impl.descriptors.Visibilities$7
16615:             1             24  kotlin.reflect.jvm.internal.impl.descriptors.Visibilities$8
16616:             1             24  kotlin.reflect.jvm.internal.impl.descriptors.Visibilities$9
16617:             1             24  kotlin.reflect.jvm.internal.impl.descriptors.impl.LazyPackageViewDescriptorImpl$fragments$2
16618:             1             24  kotlin.reflect.jvm.internal.impl.descriptors.impl.LazyPackageViewDescriptorImpl$memberScope$1
16619:             1             24  kotlin.reflect.jvm.internal.impl.descriptors.impl.ModuleDependenciesImpl
16620:             1             24  kotlin.reflect.jvm.internal.impl.descriptors.impl.ModuleDescriptorImpl$packages$1
16621:             1             24  kotlin.reflect.jvm.internal.impl.descriptors.impl.SubpackagesScope
16622:             1             24  kotlin.reflect.jvm.internal.impl.descriptors.runtime.structure.ReflectJavaClass$fields$1
16623:             1             24  kotlin.reflect.jvm.internal.impl.descriptors.runtime.structure.ReflectJavaClass$fields$2
16624:             1             24  kotlin.reflect.jvm.internal.impl.descriptors.runtime.structure.ReflectJavaClass$methods$2
16625:             1             24  kotlin.reflect.jvm.internal.impl.load.java.BuiltinMethodsWithSpecialGenericSignature$TypeSafeBarrierDescription$MAP_GET_OR_DEFAULT
16626:             1             24  kotlin.reflect.jvm.internal.impl.resolve.OverridingUtil$OverrideCompatibilityInfo
16627:             1             24  kotlin.reflect.jvm.internal.impl.resolve.scopes.ChainedMemberScope
16628:             1             24  kotlin.reflect.jvm.internal.impl.serialization.deserialization.AnnotationAndConstantLoaderImpl
16629:             1             24  kotlin.reflect.jvm.internal.impl.serialization.deserialization.ClassDeserializer
16630:             1             24  kotlin.reflect.jvm.internal.impl.serialization.deserialization.ClassDeserializer$ClassKey
16631:             1             24  kotlin.reflect.jvm.internal.impl.serialization.deserialization.ClassDeserializer$classes$1
16632:             1             24  kotlin.reflect.jvm.internal.impl.serialization.deserialization.descriptors.DeserializedClassDescriptor$DeserializedClassMemberScope$2$1
16633:             1             24  kotlin.reflect.jvm.internal.impl.serialization.deserialization.descriptors.DeserializedClassDescriptor$DeserializedClassMemberScope$allDescriptors$1
16634:             1             24  kotlin.reflect.jvm.internal.impl.serialization.deserialization.descriptors.DeserializedClassDescriptor$DeserializedClassMemberScope$refinedSupertypes$1
16635:             1             24  kotlin.reflect.jvm.internal.impl.serialization.deserialization.descriptors.DeserializedClassDescriptor$DeserializedClassTypeConstructor$parameters$1
16636:             1             24  kotlin.reflect.jvm.internal.impl.serialization.deserialization.descriptors.DeserializedClassDescriptor$companionObjectDescriptor$1
16637:             1             24  kotlin.reflect.jvm.internal.impl.serialization.deserialization.descriptors.DeserializedClassDescriptor$constructors$1
16638:             1             24  kotlin.reflect.jvm.internal.impl.serialization.deserialization.descriptors.DeserializedClassDescriptor$memberScopeHolder$1
16639:             1             24  kotlin.reflect.jvm.internal.impl.serialization.deserialization.descriptors.DeserializedClassDescriptor$primaryConstructor$1
16640:             1             24  kotlin.reflect.jvm.internal.impl.serialization.deserialization.descriptors.DeserializedClassDescriptor$sealedSubclasses$1
16641:             1             24  kotlin.reflect.jvm.internal.impl.storage.LockBasedStorageManager
16642:             1             24  kotlin.reflect.jvm.internal.impl.storage.LockBasedStorageManager$1
16643:             1             24  kotlin.reflect.jvm.internal.impl.types.checker.NewKotlinTypeCheckerImpl
16644:             1             24  kotlinx.coroutines.CoroutineDispatcher$Key
16645:             1             24  kotlinx.coroutines.ExecutorCoroutineDispatcher$Key
16646:             1             24  morfologik.stemming.DictionaryAttribute$1
16647:             1             24  morfologik.stemming.DictionaryAttribute$10
16648:             1             24  morfologik.stemming.DictionaryAttribute$11
16649:             1             24  morfologik.stemming.DictionaryAttribute$12
16650:             1             24  morfologik.stemming.DictionaryAttribute$13
16651:             1             24  morfologik.stemming.DictionaryAttribute$14
16652:             1             24  morfologik.stemming.DictionaryAttribute$15
16653:             1             24  morfologik.stemming.DictionaryAttribute$16
16654:             1             24  morfologik.stemming.DictionaryAttribute$2
16655:             1             24  morfologik.stemming.DictionaryAttribute$3
16656:             1             24  morfologik.stemming.DictionaryAttribute$4
16657:             1             24  morfologik.stemming.DictionaryAttribute$5
16658:             1             24  morfologik.stemming.DictionaryAttribute$6
16659:             1             24  morfologik.stemming.DictionaryAttribute$7
16660:             1             24  morfologik.stemming.DictionaryAttribute$8
16661:             1             24  morfologik.stemming.DictionaryAttribute$9
16662:             1             24  morfologik.stemming.EncoderType$1
16663:             1             24  morfologik.stemming.EncoderType$2
16664:             1             24  morfologik.stemming.EncoderType$3
16665:             1             24  morfologik.stemming.EncoderType$4
16666:             1             24  net.sourceforge.pmd.properties.modules.EnumeratedPropertyModule
16667:             1             24  org.angular2.cli.AngularJSFrameworkDetector
16668:             1             24  org.angular2.editor.Angular2BracesInterpolationTypedHandler$1
16669:             1             24  org.angular2.inspections.AngularAmbiguousComponentTagInspection
16670:             1             24  org.angular2.inspections.AngularCliAddDependencyInspection
16671:             1             24  org.angular2.inspections.AngularInaccessibleComponentMemberInAotModeInspection
16672:             1             24  org.angular2.inspections.AngularIncorrectTemplateDefinitionInspection
16673:             1             24  org.angular2.inspections.AngularInsecureBindingToEventInspection
16674:             1             24  org.angular2.inspections.AngularInvalidAnimationTriggerAssignmentInspection
16675:             1             24  org.angular2.inspections.AngularInvalidEntryComponentInspection
16676:             1             24  org.angular2.inspections.AngularInvalidExpressionResultTypeInspection
16677:             1             24  org.angular2.inspections.AngularInvalidI18nAttributeInspection
16678:             1             24  org.angular2.inspections.AngularInvalidImportedOrDeclaredSymbolInspection
16679:             1             24  org.angular2.inspections.AngularInvalidSelectorInspection
16680:             1             24  org.angular2.inspections.AngularInvalidTemplateReferenceVariableInspection
16681:             1             24  org.angular2.inspections.AngularMissingEventHandlerInspection
16682:             1             24  org.angular2.inspections.AngularMissingOrInvalidDeclarationInModuleInspection
16683:             1             24  org.angular2.inspections.AngularMultipleStructuralDirectivesInspection
16684:             1             24  org.angular2.inspections.AngularNonEmptyNgContentInspection
16685:             1             24  org.angular2.inspections.AngularRecursiveModuleImportExportInspection
16686:             1             24  org.angular2.inspections.AngularUndefinedBindingInspection
16687:             1             24  org.angular2.inspections.AngularUndefinedModuleExportInspection
16688:             1             24  org.angular2.inspections.AngularUndefinedTagInspection
16689:             1             24  org.angular2.lang.Angular2Bundle
16690:             1             24  org.angular2.lang.expr.parser.Angular2PropertyElementType
16691:             1             24  org.angular2.lang.expr.parser.Angular2TemplateVariableElementType
16692:             1             24  org.angular2.lang.html.Angular2HtmlFileElementType
16693:             1             24  org.angular2.lang.html.Angular2HtmlFileType
16694:             1             24  org.angular2.lang.html.parser.Angular2HtmlReferenceVariableElementType
16695:             1             24  org.angular2.lang.html.stub.Angular2HtmlNgContentSelectorElementType
16696:             1             24  org.angular2.lang.metadata.psi.MetadataStubFileElementType
16697:             1             24  org.angular2.lang.svg.Angular2SvgFileElementType
16698:             1             24  org.angular2.lang.svg.Angular2SvgFileType
16699:             1             24  org.angularjs.codeInsight.router.AngularUiRouterDiagramProvider$2
16700:             1             24  org.apache.commons.lang3.tuple.ImmutablePair
16701:             1             24  org.apache.commons.logging.impl.Log4JLogger
16702:             1             24  org.apache.commons.logging.impl.WeakHashtable$Referenced
16703:             1             24  org.apache.log4j.helpers.FormattingInfo
16704:             1             24  org.apache.log4j.helpers.ISO8601DateFormat
16705:             1             24  org.apache.xerces.impl.Constants$ArrayEnumeration
16706:             1             24  org.apache.xerces.impl.XMLDocumentScannerImpl$ContentDispatcher
16707:             1             24  org.apache.xerces.impl.XMLEntityManager$CharacterBuffer
16708:             1             24  org.apache.xerces.impl.XMLNSDocumentScannerImpl$NSContentDispatcher
16709:             1             24  org.apache.xerces.impl.msg.XMLMessageFormatter
16710:             1             24  org.apache.xerces.impl.validation.ValidationManager
16711:             1             24  org.apache.xerces.impl.xpath.regex.Op$CharOp
16712:             1             24  org.apache.xerces.impl.xpath.regex.RegularExpression$ClosureContext
16713:             1             24  org.apache.xerces.impl.xs.util.XSObjectListImpl
16714:             1             24  org.bouncycastle.crypto.PasswordConverter$1
16715:             1             24  org.bouncycastle.crypto.PasswordConverter$2
16716:             1             24  org.bouncycastle.crypto.PasswordConverter$3
16717:             1             24  org.coffeescript.CsBundle
16718:             1             24  org.coffeescript.codeinsight.inspections.CoffeeScriptArgumentsOutsideFunctionInspection
16719:             1             24  org.coffeescript.codeinsight.inspections.CoffeeScriptInfiniteLoopInspection
16720:             1             24  org.coffeescript.codeinsight.inspections.CoffeeScriptLiteralNotFunctionInspection
16721:             1             24  org.coffeescript.codeinsight.inspections.CoffeeScriptModulesDependenciesInspection
16722:             1             24  org.coffeescript.codeinsight.inspections.CoffeeScriptSillyAssignmentInspection
16723:             1             24  org.coffeescript.codeinsight.inspections.CoffeeScriptSwitchStatementWithNoDefaultBranchInspection
16724:             1             24  org.coffeescript.codeinsight.intentions.CoffeeScriptDoubleToSingleQuotedStringIntention
16725:             1             24  org.coffeescript.codeinsight.intentions.CoffeeScriptSingleToDoubleQuotedStringIntention
16726:             1             24  org.coffeescript.file.CoffeeScriptFileType
16727:             1             24  org.coffeescript.file.CoffeeScriptLiterateFileType
16728:             1             24  org.coffeescript.lang.types.CoffeeScriptClassElementType
16729:             1             24  org.coffeescript.lang.types.CoffeeScriptDestructuringAssignmentExpressionElementType
16730:             1             24  org.coffeescript.lang.types.CoffeeScriptHeredocElementType
16731:             1             24  org.coffeescript.lang.types.CoffeeScriptParameterElementType
16732:             1             24  org.coffeescript.lang.types.CoffeeScriptPropertyElementType
16733:             1             24  org.coffeescript.lang.types.CoffeeScriptVariableElementType
16734:             1             24  org.coffeescript.livetemplate.CoffeeScriptLiveTemplateType
16735:             1             24  org.editorconfig.configmanagement.EncodingManager
16736:             1             24  org.editorconfig.configmanagement.LineEndingsManager
16737:             1             24  org.editorconfig.core.EditorConfig
16738:             1             24  org.editorconfig.language.codeinsight.inspections.EditorConfigCharClassLetterRedundancyInspection
16739:             1             24  org.editorconfig.language.codeinsight.inspections.EditorConfigCharClassRedundancyInspection
16740:             1             24  org.editorconfig.language.codeinsight.inspections.EditorConfigDeprecatedDescriptorInspection
16741:             1             24  org.editorconfig.language.codeinsight.inspections.EditorConfigEmptyHeaderInspection
16742:             1             24  org.editorconfig.language.codeinsight.inspections.EditorConfigEmptySectionInspection
16743:             1             24  org.editorconfig.language.codeinsight.inspections.EditorConfigHeaderUniquenessInspection
16744:             1             24  org.editorconfig.language.codeinsight.inspections.EditorConfigKeyCorrectnessInspection
16745:             1             24  org.editorconfig.language.codeinsight.inspections.EditorConfigListAcceptabilityInspection
16746:             1             24  org.editorconfig.language.codeinsight.inspections.EditorConfigMissingRequiredDeclarationInspection
16747:             1             24  org.editorconfig.language.codeinsight.inspections.EditorConfigNoMatchingFilesInspection
16748:             1             24  org.editorconfig.language.codeinsight.inspections.EditorConfigNumerousWildcardsInspection
16749:             1             24  org.editorconfig.language.codeinsight.inspections.EditorConfigOptionRedundancyInspection
16750:             1             24  org.editorconfig.language.codeinsight.inspections.EditorConfigPairAcceptabilityInspection
16751:             1             24  org.editorconfig.language.codeinsight.inspections.EditorConfigPartialOverrideInspection
16752:             1             24  org.editorconfig.language.codeinsight.inspections.EditorConfigPatternEnumerationRedundancyInspection
16753:             1             24  org.editorconfig.language.codeinsight.inspections.EditorConfigPatternRedundancyInspection
16754:             1             24  org.editorconfig.language.codeinsight.inspections.EditorConfigReferenceCorrectnessInspection
16755:             1             24  org.editorconfig.language.codeinsight.inspections.EditorConfigRootDeclarationCorrectnessInspection
16756:             1             24  org.editorconfig.language.codeinsight.inspections.EditorConfigRootDeclarationUniquenessInspection
16757:             1             24  org.editorconfig.language.codeinsight.inspections.EditorConfigShadowedOptionInspection
16758:             1             24  org.editorconfig.language.codeinsight.inspections.EditorConfigShadowingOptionInspection
16759:             1             24  org.editorconfig.language.codeinsight.inspections.EditorConfigSpaceInHeaderInspection
16760:             1             24  org.editorconfig.language.codeinsight.inspections.EditorConfigUnexpectedCommaInspection
16761:             1             24  org.editorconfig.language.codeinsight.inspections.EditorConfigUnusedDeclarationInspection
16762:             1             24  org.editorconfig.language.codeinsight.inspections.EditorConfigValueCorrectnessInspection
16763:             1             24  org.editorconfig.language.codeinsight.inspections.EditorConfigValueUniquenessInspection
16764:             1             24  org.editorconfig.language.codeinsight.inspections.EditorConfigWildcardRedundancyInspection
16765:             1             24  org.editorconfig.language.filetype.EditorConfigFileType
16766:             1             24  org.editorconfig.language.messages.EditorConfigBundle
16767:             1             24  org.intellij.idea.lang.javascript.intention.JSIntentionBundle
16768:             1             24  org.intellij.idea.lang.javascript.intention.bool.JSDeMorgansLawIntention
16769:             1             24  org.intellij.idea.lang.javascript.intention.bool.JSFlipComparisonIntention
16770:             1             24  org.intellij.idea.lang.javascript.intention.bool.JSFlipConjunctionIntention
16771:             1             24  org.intellij.idea.lang.javascript.intention.bool.JSNegateComparisonIntention
16772:             1             24  org.intellij.idea.lang.javascript.intention.bool.JSRemoveBooleanEqualityIntention
16773:             1             24  org.intellij.idea.lang.javascript.intention.braces.JSAddBracesIntention
16774:             1             24  org.intellij.idea.lang.javascript.intention.braces.JSRemoveBracesIntention
16775:             1             24  org.intellij.idea.lang.javascript.intention.comment.JSChangeToCStyleCommentIntention
16776:             1             24  org.intellij.idea.lang.javascript.intention.comment.JSChangeToEndOfLineCommentIntention
16777:             1             24  org.intellij.idea.lang.javascript.intention.comment.JSMoveCommentToSeparateLineIntention
16778:             1             24  org.intellij.idea.lang.javascript.intention.conditional.JSFlipConditionalIntention
16779:             1             24  org.intellij.idea.lang.javascript.intention.conditional.JSFlipIfIntention
16780:             1             24  org.intellij.idea.lang.javascript.intention.conditional.JSReplaceConditionalWithIfIntention
16781:             1             24  org.intellij.idea.lang.javascript.intention.constant.JSConstantExpressionIntention
16782:             1             24  org.intellij.idea.lang.javascript.intention.constant.JSConstantSubexpressionIntention
16783:             1             24  org.intellij.idea.lang.javascript.intention.increment.JSExtractIncrementIntention
16784:             1             24  org.intellij.idea.lang.javascript.intention.initialization.JSSplitDeclarationAndInitializationIntention
16785:             1             24  org.intellij.idea.lang.javascript.intention.initialization.JSSplitDeclarationAndMoveToScopeStartIntention
16786:             1             24  org.intellij.idea.lang.javascript.intention.number.JSConvertIntegerToBinaryIntention
16787:             1             24  org.intellij.idea.lang.javascript.intention.number.JSConvertIntegerToDecimalIntention
16788:             1             24  org.intellij.idea.lang.javascript.intention.number.JSConvertIntegerToHexIntention
16789:             1             24  org.intellij.idea.lang.javascript.intention.number.JSConvertIntegerToOctalIntention
16790:             1             24  org.intellij.idea.lang.javascript.intention.number.JSReplaceMultiplyWithShiftIntention
16791:             1             24  org.intellij.idea.lang.javascript.intention.number.JSReplaceShiftWithMultiplyIntention
16792:             1             24  org.intellij.idea.lang.javascript.intention.opassign.JSReplaceWithOperatorAssignmentIntention
16793:             1             24  org.intellij.idea.lang.javascript.intention.string.JSDoubleToSingleQuotedStringIntention
16794:             1             24  org.intellij.idea.lang.javascript.intention.string.JSSingleToDoubleQuotedStringIntention
16795:             1             24  org.intellij.idea.lang.javascript.intention.switchtoif.JSReplaceIfWithSwitchIntention
16796:             1             24  org.intellij.idea.lang.javascript.intention.switchtoif.JSReplaceSwitchWithIfIntention
16797:             1             24  org.intellij.idea.lang.javascript.intention.trivialif.JSMergeElseIfIntention
16798:             1             24  org.intellij.idea.lang.javascript.intention.trivialif.JSMergeIfAndIntention
16799:             1             24  org.intellij.idea.lang.javascript.intention.trivialif.JSMergeIfOrIntention
16800:             1             24  org.intellij.idea.lang.javascript.intention.trivialif.JSMergeParallelIfsIntention
16801:             1             24  org.intellij.idea.lang.javascript.intention.trivialif.JSRemoveRedundantElseIntention
16802:             1             24  org.intellij.idea.lang.javascript.intention.trivialif.JSReplaceIfWithConditionalIntention
16803:             1             24  org.intellij.idea.lang.javascript.intention.trivialif.JSSplitElseIfIntention
16804:             1             24  org.intellij.idea.lang.javascript.intention.trivialif.JSSplitIfAndIntention
16805:             1             24  org.intellij.idea.lang.javascript.intention.trivialif.JSSplitIfOrIntention
16806:             1             24  org.intellij.images.fileTypes.impl.SvgFileType
16807:             1             24  org.intellij.images.index.ImageInfoIndex
16808:             1             24  org.intellij.images.index.ImageInfoIndex$2
16809:             1             24  org.intellij.images.index.ImageInfoIndex$3
16810:             1             24  org.intellij.j2ee.web.resin.ResinBundle
16811:             1             24  org.intellij.j2ee.web.resin.ResinConfigurationType
16812:             1             24  org.intellij.j2ee.web.resin.ResinDeploymentProvider$1
16813:             1             24  org.intellij.j2ee.web.resin.ResinDeploymentProvider$2
16814:             1             24  org.intellij.j2ee.web.resin.ResinManager
16815:             1             24  org.intellij.lang.regexp.RegExpFileElementType
16816:             1             24  org.intellij.lang.regexp.RegExpFileType
16817:             1             24  org.intellij.lang.regexp.inspection.AnonymousGroupInspection
16818:             1             24  org.intellij.lang.regexp.inspection.DuplicateAlternationBranchInspection
16819:             1             24  org.intellij.lang.regexp.inspection.EmptyAlternationBranchInspection
16820:             1             24  org.intellij.lang.regexp.inspection.EscapedMetaCharacterInspection
16821:             1             24  org.intellij.lang.regexp.inspection.OctalEscapeInspection
16822:             1             24  org.intellij.lang.regexp.inspection.RedundantEscapeInspection
16823:             1             24  org.intellij.lang.regexp.inspection.RepeatedSpaceInspection
16824:             1             24  org.intellij.lang.regexp.inspection.SingleCharAlternationInspection
16825:             1             24  org.intellij.lang.regexp.inspection.UnexpectedAnchorInspection
16826:             1             24  org.intellij.lang.xpath.validation.inspections.CheckNodeTest
16827:             1             24  org.intellij.lang.xpath.validation.inspections.HardwiredNamespacePrefix
16828:             1             24  org.intellij.lang.xpath.validation.inspections.IndexZeroPredicate
16829:             1             24  org.intellij.lang.xpath.validation.inspections.RedundantTypeConversion
16830:             1             24  org.intellij.lang.xpath.xslt.impl.XsltSymbolIndex$2
16831:             1             24  org.intellij.lang.xpath.xslt.intentions.AddOptionalArgumentsIntention
16832:             1             24  org.intellij.lang.xpath.xslt.run.XsltRunConfigType$1
16833:             1             24  org.intellij.lang.xpath.xslt.validation.inspections.TemplateInvocationInspection
16834:             1             24  org.intellij.lang.xpath.xslt.validation.inspections.UnusedElementInspection
16835:             1             24  org.intellij.lang.xpath.xslt.validation.inspections.VariableShadowingInspection
16836:             1             24  org.intellij.lang.xpath.xslt.validation.inspections.XsltDeclarationInspection
16837:             1             24  org.intellij.markdown.MarkdownTokenTypes$Companion$WHITE_SPACE$1
16838:             1             24  org.intellij.markdown.parser.markerblocks.MarkerBlock$ClosingAction$DEFAULT
16839:             1             24  org.intellij.markdown.parser.markerblocks.MarkerBlock$ClosingAction$DONE
16840:             1             24  org.intellij.markdown.parser.markerblocks.MarkerBlock$ClosingAction$DROP
16841:             1             24  org.intellij.markdown.parser.markerblocks.MarkerBlock$ClosingAction$NOTHING
16842:             1             24  org.intellij.plugins.intelliLang.IntelliLangBundle
16843:             1             24  org.intellij.plugins.intelliLang.inject.java.validation.InjectionNotApplicable
16844:             1             24  org.intellij.plugins.intelliLang.inject.java.validation.LanguageMismatch
16845:             1             24  org.intellij.plugins.intelliLang.inject.java.validation.UnknownLanguageID
16846:             1             24  org.intellij.plugins.intelliLang.inject.xml.XmlLanguageInjector
16847:             1             24  org.intellij.plugins.intelliLang.pattern.PatternAnnotationNotApplicable
16848:             1             24  org.intellij.plugins.intelliLang.pattern.PatternOverriddenByNonAnnotatedMethod
16849:             1             24  org.intellij.plugins.intelliLang.pattern.PatternValidator
16850:             1             24  org.intellij.plugins.intelliLang.references.InjectedReferencesContributor$1
16851:             1             24  org.intellij.plugins.intelliLang.references.InjectedReferencesInspection
16852:             1             24  org.intellij.plugins.markdown.MarkdownBundle
16853:             1             24  org.intellij.plugins.markdown.braces.MarkdownBraceMatcher
16854:             1             24  org.intellij.plugins.markdown.editor.MarkdownLineWrapPositionStrategy
16855:             1             24  org.intellij.plugins.markdown.extensions.CodeFencePluginFlavourDescriptor
16856:             1             24  org.intellij.plugins.markdown.injection.LanguageGuesser
16857:             1             24  org.intellij.plugins.markdown.injection.LanguageGuesser$1
16858:             1             24  org.intellij.plugins.markdown.lang.MarkdownFileType
16859:             1             24  org.intellij.plugins.markdown.lang.parser.GFMCommentAwareFlavourDescriptor
16860:             1             24  org.intellij.plugins.markdown.lang.psi.MarkdownPsiFactory
16861:             1             24  org.intellij.plugins.markdown.lang.psi.impl.MarkdownListImpl
16862:             1             24  org.intellij.plugins.markdown.lang.psi.impl.MarkdownTableImpl
16863:             1             24  org.intellij.plugins.markdown.lang.references.MarkdownUnresolvedFileReferenceInspection
16864:             1             24  org.intellij.plugins.markdown.settings.MarkdownApplicationSettings$State
16865:             1             24  org.intellij.plugins.markdown.settings.MarkdownPreviewSettings
16866:             1             24  org.intellij.plugins.markdown.spellchecking.MarkdownSpellcheckingStrategy
16867:             1             24  org.intellij.plugins.markdown.ui.preview.MarkdownCodeFencePluginCache
16868:             1             24  org.intellij.plugins.markdown.ui.preview.MarkdownHtmlPanelProvider$ProviderInfo
16869:             1             24  org.intellij.plugins.markdown.ui.preview.MarkdownPreviewFileEditorProvider
16870:             1             24  org.intellij.plugins.markdown.ui.preview.MarkdownSplitEditorProvider
16871:             1             24  org.intellij.plugins.markdown.ui.preview.PreviewStaticServer
16872:             1             24  org.intellij.plugins.markdown.ui.preview.javafx.MarkdownJavaFxHtmlPanel$ScrollPreservingListener
16873:             1             24  org.intellij.plugins.markdown.ui.split.SplitFileEditor$DoublingEventListenerDelegate
16874:             1             24  org.intellij.plugins.markdown.ui.split.SplitFileEditor$MyListenersMultimap
16875:             1             24  org.intellij.plugins.relaxNG.compact.RncFileType
16876:             1             24  org.intellij.plugins.relaxNG.inspections.RngDomInspection
16877:             1             24  org.intellij.plugins.relaxNG.inspections.UnusedDefineInspection
16878:             1             24  org.intellij.plugins.relaxNG.model.resolve.RelaxSymbolIndex$2
16879:             1             24  org.jdom.JDOMInterner
16880:             1             24  org.jetbrains.android.AndroidProjectComponent$1
16881:             1             24  org.jetbrains.android.AndroidPropertyFilesUpdater
16882:             1             24  org.jetbrains.android.AndroidPropertyFilesUpdater$$Lambda$1758/0x000000080176b040
16883:             1             24  org.jetbrains.android.compiler.artifact.AndroidApplicationArtifactType
16884:             1             24  org.jetbrains.android.database.AndroidDataSourceManager
16885:             1             24  org.jetbrains.android.dom.inspections.AndroidDomInspection
16886:             1             24  org.jetbrains.android.dom.inspections.AndroidElementNotAllowedInspection
16887:             1             24  org.jetbrains.android.dom.inspections.AndroidUnknownAttributeInspection
16888:             1             24  org.jetbrains.android.facet.AndroidFrameworkDetector
16889:             1             24  org.jetbrains.android.inspections.AndroidMissingOnClickHandlerInspection
16890:             1             24  org.jetbrains.android.inspections.AndroidNonConstantResIdsInSwitchInspection
16891:             1             24  org.jetbrains.android.inspections.XmlWrongFileTypeInspection
16892:             1             24  org.jetbrains.android.util.AndroidBundle
16893:             1             24  org.jetbrains.bsp.BspBundle
16894:             1             24  org.jetbrains.bsp.BspServerWidgetProvider
16895:             1             24  org.jetbrains.bsp.BspUtil$
16896:             1             24  org.jetbrains.bsp.project.BspSyntheticModuleType
16897:             1             24  org.jetbrains.bsp.project.BspSyntheticModuleType$
16898:             1             24  org.jetbrains.bsp.project.test.environment.BspFetchTestEnvironmentTask$
16899:             1             24  org.jetbrains.bsp.project.test.environment.BspFetchTestEnvironmentTaskInstaller
16900:             1             24  org.jetbrains.bsp.project.test.environment.BspFetchTestEnvironmentTaskProvider
16901:             1             24  org.jetbrains.bsp.settings.BspLocalSettings
16902:             1             24  org.jetbrains.bsp.settings.BspTopic$
16903:             1             24  org.jetbrains.builtInWebServer.BuiltInServerOptions
16904:             1             24  org.jetbrains.concurrency.PromiseValue
16905:             1             24  org.jetbrains.ide.AboutHttpService
16906:             1             24  org.jetbrains.ide.BuiltInServerManagerImpl
16907:             1             24  org.jetbrains.ide.DiffHttpService
16908:             1             24  org.jetbrains.ide.OpenSettingsService
16909:             1             24  org.jetbrains.ide.ProjectSetRequestHandler
16910:             1             24  org.jetbrains.ide.StartUpMeasurementService
16911:             1             24  org.jetbrains.idea.devkit.DevKitBundle
16912:             1             24  org.jetbrains.idea.devkit.inspections.ComponentNotRegisteredInspection
16913:             1             24  org.jetbrains.idea.devkit.inspections.InspectionDescriptionNotFoundInspection
16914:             1             24  org.jetbrains.idea.devkit.inspections.InspectionMappingConsistencyInspection
16915:             1             24  org.jetbrains.idea.devkit.inspections.IntentionDescriptionNotFoundInspection
16916:             1             24  org.jetbrains.idea.devkit.inspections.NonDefaultConstructorInspection
16917:             1             24  org.jetbrains.idea.devkit.inspections.PluginXmlCapitalizationInspection
16918:             1             24  org.jetbrains.idea.devkit.inspections.PluginXmlI18nInspection
16919:             1             24  org.jetbrains.idea.devkit.inspections.PostfixTemplateDescriptionNotFoundInspection
16920:             1             24  org.jetbrains.idea.devkit.inspections.PresentationAnnotationInspection
16921:             1             24  org.jetbrains.idea.devkit.inspections.PsiElementConcatenationInspection
16922:             1             24  org.jetbrains.idea.devkit.inspections.QuickFixGetFamilyNameViolationInspection
16923:             1             24  org.jetbrains.idea.devkit.inspections.RegistrationProblemsInspection
16924:             1             24  org.jetbrains.idea.devkit.inspections.StatefulEpInspection
16925:             1             24  org.jetbrains.idea.devkit.inspections.UElementAsPsiInspection
16926:             1             24  org.jetbrains.idea.devkit.inspections.UniqueToolbarIdInspection
16927:             1             24  org.jetbrains.idea.devkit.inspections.UseGrayInspection
16928:             1             24  org.jetbrains.idea.devkit.inspections.internal.DontUseNewPairInspection
16929:             1             24  org.jetbrains.idea.devkit.inspections.internal.FileEqualsUsageInspection
16930:             1             24  org.jetbrains.idea.devkit.inspections.internal.SerializableCtorInspection
16931:             1             24  org.jetbrains.idea.devkit.inspections.internal.UndesirableClassUsageInspection
16932:             1             24  org.jetbrains.idea.devkit.inspections.internal.UnsafeReturnStatementVisitorInspection
16933:             1             24  org.jetbrains.idea.devkit.inspections.internal.UnsafeVfsRecursionInspection
16934:             1             24  org.jetbrains.idea.devkit.inspections.internal.UseCoupleInspection
16935:             1             24  org.jetbrains.idea.devkit.inspections.internal.UseDPIAwareEmptyBorderInspection
16936:             1             24  org.jetbrains.idea.devkit.inspections.internal.UseDPIAwareInsetsInspection
16937:             1             24  org.jetbrains.idea.devkit.inspections.internal.UseJBColorInspection
16938:             1             24  org.jetbrains.idea.devkit.inspections.internal.UsePrimitiveTypesInspection
16939:             1             24  org.jetbrains.idea.devkit.inspections.internal.UseVirtualFileEqualsInspection
16940:             1             24  org.jetbrains.idea.devkit.inspections.missingApi.update.IdeExternalAnnotationsUpdateStartupActivity$subscribeToJdkChanges$1
16941:             1             24  org.jetbrains.idea.devkit.module.PluginModuleType
16942:             1             24  org.jetbrains.idea.devkit.navigation.DescriptionTypeRelatedItemLineMarkerProvider
16943:             1             24  org.jetbrains.idea.maven.config.MavenConfigFileType
16944:             1             24  org.jetbrains.idea.maven.dom.MavenDomBundle
16945:             1             24  org.jetbrains.idea.maven.dom.generate.GenerateDependencyAction$1
16946:             1             24  org.jetbrains.idea.maven.dom.generate.GenerateManagedDependencyAction$MavenOverridingDependencyGenerateProvider
16947:             1             24  org.jetbrains.idea.maven.dom.generate.GenerateParentAction$1
16948:             1             24  org.jetbrains.idea.maven.dom.inspections.MavenDuplicateDependenciesInspection
16949:             1             24  org.jetbrains.idea.maven.dom.inspections.MavenDuplicatePluginInspection
16950:             1             24  org.jetbrains.idea.maven.dom.inspections.MavenModelInspection
16951:             1             24  org.jetbrains.idea.maven.dom.inspections.MavenPropertyInParentInspection
16952:             1             24  org.jetbrains.idea.maven.dom.inspections.MavenRedundantGroupIdInspection
16953:             1             24  org.jetbrains.idea.maven.execution.MavenRunAnythingProvider
16954:             1             24  org.jetbrains.idea.maven.execution.MavenRunConfiguration$MavenSettings
16955:             1             24  org.jetbrains.idea.maven.execution.MavenRunner
16956:             1             24  org.jetbrains.idea.maven.indices.IndicesBundle
16957:             1             24  org.jetbrains.idea.maven.model.MavenExplicitProfiles
16958:             1             24  org.jetbrains.idea.maven.navigator.MavenProjectsNavigatorState
16959:             1             24  org.jetbrains.idea.maven.onlinecompletion.intellij.PackageSearchService
16960:             1             24  org.jetbrains.idea.maven.onlinecompletion.intellij.PackageServiceConfig$PackageSearchEndpointUrls
16961:             1             24  org.jetbrains.idea.maven.project.MavenConfigurableBundle
16962:             1             24  org.jetbrains.idea.maven.project.MavenModificationTracker
16963:             1             24  org.jetbrains.idea.maven.project.MavenProjectBundle
16964:             1             24  org.jetbrains.idea.maven.project.MavenProjectsManagerState
16965:             1             24  org.jetbrains.idea.maven.project.MavenWorkspaceSettingsComponent
16966:             1             24  org.jetbrains.idea.maven.server.MavenDistribution
16967:             1             24  org.jetbrains.idea.maven.server.MavenServerManager$RemoteMavenServerLogger
16968:             1             24  org.jetbrains.idea.maven.tasks.MavenShortcutsManager
16969:             1             24  org.jetbrains.idea.maven.tasks.MavenShortcutsManager$MyProjectsTreeListener
16970:             1             24  org.jetbrains.idea.maven.utils.MavenEditorTabTitleUpdater$1$1
16971:             1             24  org.jetbrains.idea.maven.utils.MavenLiveTemplateContextType
16972:             1             24  org.jetbrains.idea.maven.wizards.MavenFrameworkSupportProvider
16973:             1             24  org.jetbrains.idea.maven.wizards.MavenWizardBundle
16974:             1             24  org.jetbrains.idea.perforce.PerforceBundle
16975:             1             24  org.jetbrains.idea.perforce.application.PerforceNumberNameSynchronizer$ConfigBean
16976:             1             24  org.jetbrains.idea.svn.SvnBundle
16977:             1             24  org.jetbrains.idea.svn.SvnConfiguration$AuthStorage
16978:             1             24  org.jetbrains.idea.svn.SvnConfigurationState$ConfigurationDirectory
16979:             1             24  org.jetbrains.idea.svn.ignore.IgnoreGroupHelperAction
16980:             1             24  org.jetbrains.idea.tomcat.TomcatBundle
16981:             1             24  org.jetbrains.idea.tomcat.server.TomcatConfiguration
16982:             1             24  org.jetbrains.idea.tomcat.server.TomcatIntegration
16983:             1             24  org.jetbrains.idea.tomcat.server.TomcatPersistentData
16984:             1             24  org.jetbrains.idea.tomcat.server.TomcatServerHelper
16985:             1             24  org.jetbrains.idea.tomcat.server.tomee.TomeeConfiguration
16986:             1             24  org.jetbrains.idea.tomcat.server.tomee.TomeeIntegration
16987:             1             24  org.jetbrains.io.DelegatingHttpRequestHandler
16988:             1             24  org.jetbrains.io.PortUnificationServerHandler$1
16989:             1             24  org.jetbrains.io.SubServer
16990:             1             24  org.jetbrains.java.decompiler.IdeaDecompilerBundle
16991:             1             24  org.jetbrains.java.generate.inspection.FieldNotUsedInToStringInspection
16992:             1             24  org.jetbrains.jps.gwt.model.impl.GwtSourcePathsSet
16993:             1             24  org.jetbrains.jps.model.ex.JpsElementContainerImpl
16994:             1             24  org.jetbrains.jps.model.java.JavaSourceRootProperties
16995:             1             24  org.jetbrains.jps.model.serialization.jarRepository.JpsRemoteRepositoriesConfigurationSerializer
16996:             1             24  org.jetbrains.jps.model.serialization.java.JpsJavaModelSerializerExtension$JavaSourceRootPropertiesSerializer
16997:             1             24  org.jetbrains.jps.service.impl.JpsServiceManagerImpl
16998:             1             24  org.jetbrains.kotlin.BlockExpressionElementType
16999:             1             24  org.jetbrains.kotlin.LambdaExpressionElementType
17000:             1             24  org.jetbrains.kotlin.android.inspection.IllegalIdentifierInspection
17001:             1             24  org.jetbrains.kotlin.android.inspection.TypeParameterFindViewByIdInspection
17002:             1             24  org.jetbrains.kotlin.android.synthetic.idea.AndroidPsiTreeChangePreprocessor
17003:             1             24  org.jetbrains.kotlin.asJava.finder.JavaElementFinder
17004:             1             24  org.jetbrains.kotlin.config.KotlinResourceRootPropertiesSerializer$Resource
17005:             1             24  org.jetbrains.kotlin.config.KotlinResourceRootPropertiesSerializer$TestResource
17006:             1             24  org.jetbrains.kotlin.config.KotlinSourceRootPropertiesSerializer$Source
17007:             1             24  org.jetbrains.kotlin.config.KotlinSourceRootPropertiesSerializer$TestSource
17008:             1             24  org.jetbrains.kotlin.extensions.ApplicationExtensionDescriptor
17009:             1             24  org.jetbrains.kotlin.ide.konan.KotlinNativeABICompatibilityChecker
17010:             1             24  org.jetbrains.kotlin.ide.konan.KotlinNativeBundle
17011:             1             24  org.jetbrains.kotlin.ide.konan.NativeDefinitionsFileType
17012:             1             24  org.jetbrains.kotlin.ide.konan.NativeDefinitionsParserDefinition
17013:             1             24  org.jetbrains.kotlin.ide.konan.NativeIdePlatformKindTooling
17014:             1             24  org.jetbrains.kotlin.ide.konan.decompiler.KotlinNativeLoadingMetadataCache
17015:             1             24  org.jetbrains.kotlin.ide.konan.decompiler.KotlinNativeMetadataDecompilerBase$metadataStubBuilder$1
17016:             1             24  org.jetbrains.kotlin.idea.KotlinBundle
17017:             1             24  org.jetbrains.kotlin.idea.KotlinFileType
17018:             1             24  org.jetbrains.kotlin.idea.KotlinFileType$1
17019:             1             24  org.jetbrains.kotlin.idea.KotlinIdeaAnalysisBundle
17020:             1             24  org.jetbrains.kotlin.idea.KotlinIdeaGradleBundle
17021:             1             24  org.jetbrains.kotlin.idea.KotlinJvmBundle
17022:             1             24  org.jetbrains.kotlin.idea.KotlinModuleFileType$1
17023:             1             24  org.jetbrains.kotlin.idea.KotlinPluginUtil$KotlinPluginInfo
17024:             1             24  org.jetbrains.kotlin.idea.caches.ImplicitPackagePrefixCache
17025:             1             24  org.jetbrains.kotlin.idea.caches.KotlinPackageContentModificationListener
17026:             1             24  org.jetbrains.kotlin.idea.caches.KotlinShortNamesCache
17027:             1             24  org.jetbrains.kotlin.idea.caches.project.LibraryModificationTracker$1
17028:             1             24  org.jetbrains.kotlin.idea.caches.project.ModuleInfosFromIdeaModelKt$getModuleInfosFromIdeaModel$modelInfosCache$1
17029:             1             24  org.jetbrains.kotlin.idea.caches.project.ScriptDependenciesInfo$ForProject
17030:             1             24  org.jetbrains.kotlin.idea.caches.project.SdkInfo
17031:             1             24  org.jetbrains.kotlin.idea.caches.resolve.IDEKotlinAsJavaSupport
17032:             1             24  org.jetbrains.kotlin.idea.caches.resolve.KotlinCacheServiceImpl$createFacadeForScriptDependencies$1
17033:             1             24  org.jetbrains.kotlin.idea.caches.resolve.PlatformAnalysisSettingsImpl
17034:             1             24  org.jetbrains.kotlin.idea.caches.trackers.KotlinCodeBlockModificationListener$1
17035:             1             24  org.jetbrains.kotlin.idea.codeInsight.KotlinBreadcrumbsInfoProvider$DoWhileHandler
17036:             1             24  org.jetbrains.kotlin.idea.codeInsight.KotlinBreadcrumbsInfoProvider$IfThenHandler
17037:             1             24  org.jetbrains.kotlin.idea.codeInsight.KotlinBreadcrumbsInfoProvider$WhenHandler
17038:             1             24  org.jetbrains.kotlin.idea.codeInsight.KotlinBreadcrumbsInfoProvider$WhileHandler
17039:             1             24  org.jetbrains.kotlin.idea.compiler.configuration.Kotlin2JvmCompilerArgumentsHolder
17040:             1             24  org.jetbrains.kotlin.idea.compiler.configuration.KotlinCommonCompilerArgumentsHolder
17041:             1             24  org.jetbrains.kotlin.idea.compiler.configuration.KotlinCompilerSettings
17042:             1             24  org.jetbrains.kotlin.idea.completion.CompletionBindingContextProvider
17043:             1             24  org.jetbrains.kotlin.idea.completion.LookupCancelWatcher
17044:             1             24  org.jetbrains.kotlin.idea.completion.ml.KotlinMLRankingProvider
17045:             1             24  org.jetbrains.kotlin.idea.configuration.KotlinMigrationProjectComponent
17046:             1             24  org.jetbrains.kotlin.idea.configuration.ui.KotlinConfigurationCheckerComponent
17047:             1             24  org.jetbrains.kotlin.idea.core.platform.impl.CommonIdePlatformKindTooling$getLibraryVersionProvider$1
17048:             1             24  org.jetbrains.kotlin.idea.core.platform.impl.JvmIdePlatformKindTooling$getLibraryVersionProvider$1
17049:             1             24  org.jetbrains.kotlin.idea.core.script.ScriptDependenciesModificationTracker
17050:             1             24  org.jetbrains.kotlin.idea.core.script.configuration.DefaultScriptConfigurationManager$createCache$1
17051:             1             24  org.jetbrains.kotlin.idea.core.script.configuration.utils.ScriptClassRootsCache$allDependenciesClassFilesScope$2
17052:             1             24  org.jetbrains.kotlin.idea.core.script.configuration.utils.ScriptClassRootsCache$allDependenciesSourcesScope$2
17053:             1             24  org.jetbrains.kotlin.idea.core.script.configuration.utils.ScriptClassRootsIndexer
17054:             1             24  org.jetbrains.kotlin.idea.core.script.configuration.utils.ScriptClassRootsStorage
17055:             1             24  org.jetbrains.kotlin.idea.debugger.KotlinDebuggerCoreBundle
17056:             1             24  org.jetbrains.kotlin.idea.debugger.KotlinDebuggerSettings
17057:             1             24  org.jetbrains.kotlin.idea.debugger.breakpoints.KotlinFieldBreakpointType
17058:             1             24  org.jetbrains.kotlin.idea.debugger.breakpoints.KotlinFunctionBreakpointType
17059:             1             24  org.jetbrains.kotlin.idea.debugger.breakpoints.KotlinLineBreakpointType
17060:             1             24  org.jetbrains.kotlin.idea.debugger.sequence.lib.sequence.KotlinSequencesSupport$1
17061:             1             24  org.jetbrains.kotlin.idea.debugger.sequence.lib.sequence.KotlinSequencesSupport$2
17062:             1             24  org.jetbrains.kotlin.idea.debugger.sequence.lib.sequence.KotlinSequencesSupport$FilterIsInstanceOperationHandler$1
17063:             1             24  org.jetbrains.kotlin.idea.formatter.KotlinLanguageCodeStyleSettingsProvider$customizeSettings$10
17064:             1             24  org.jetbrains.kotlin.idea.formatter.KotlinLanguageCodeStyleSettingsProvider$customizeSettings$11
17065:             1             24  org.jetbrains.kotlin.idea.formatter.KotlinLanguageCodeStyleSettingsProvider$customizeSettings$12
17066:             1             24  org.jetbrains.kotlin.idea.formatter.KotlinLanguageCodeStyleSettingsProvider$customizeSettings$13
17067:             1             24  org.jetbrains.kotlin.idea.formatter.KotlinLanguageCodeStyleSettingsProvider$customizeSettings$14
17068:             1             24  org.jetbrains.kotlin.idea.formatter.KotlinLanguageCodeStyleSettingsProvider$customizeSettings$15
17069:             1             24  org.jetbrains.kotlin.idea.formatter.KotlinLanguageCodeStyleSettingsProvider$customizeSettings$16
17070:             1             24  org.jetbrains.kotlin.idea.formatter.KotlinLanguageCodeStyleSettingsProvider$customizeSettings$17
17071:             1             24  org.jetbrains.kotlin.idea.formatter.KotlinLanguageCodeStyleSettingsProvider$customizeSettings$18
17072:             1             24  org.jetbrains.kotlin.idea.formatter.KotlinLanguageCodeStyleSettingsProvider$customizeSettings$19
17073:             1             24  org.jetbrains.kotlin.idea.formatter.KotlinLanguageCodeStyleSettingsProvider$customizeSettings$2
17074:             1             24  org.jetbrains.kotlin.idea.formatter.KotlinLanguageCodeStyleSettingsProvider$customizeSettings$20
17075:             1             24  org.jetbrains.kotlin.idea.formatter.KotlinLanguageCodeStyleSettingsProvider$customizeSettings$21
17076:             1             24  org.jetbrains.kotlin.idea.formatter.KotlinLanguageCodeStyleSettingsProvider$customizeSettings$22
17077:             1             24  org.jetbrains.kotlin.idea.formatter.KotlinLanguageCodeStyleSettingsProvider$customizeSettings$23
17078:             1             24  org.jetbrains.kotlin.idea.formatter.KotlinLanguageCodeStyleSettingsProvider$customizeSettings$24
17079:             1             24  org.jetbrains.kotlin.idea.formatter.KotlinLanguageCodeStyleSettingsProvider$customizeSettings$3
17080:             1             24  org.jetbrains.kotlin.idea.formatter.KotlinLanguageCodeStyleSettingsProvider$customizeSettings$4
17081:             1             24  org.jetbrains.kotlin.idea.formatter.KotlinLanguageCodeStyleSettingsProvider$customizeSettings$5
17082:             1             24  org.jetbrains.kotlin.idea.formatter.KotlinLanguageCodeStyleSettingsProvider$customizeSettings$6
17083:             1             24  org.jetbrains.kotlin.idea.formatter.KotlinLanguageCodeStyleSettingsProvider$customizeSettings$7
17084:             1             24  org.jetbrains.kotlin.idea.formatter.KotlinLanguageCodeStyleSettingsProvider$customizeSettings$8
17085:             1             24  org.jetbrains.kotlin.idea.formatter.KotlinLanguageCodeStyleSettingsProvider$customizeSettings$9
17086:             1             24  org.jetbrains.kotlin.idea.gradle.testing.common.KotlinMultiplatformCommonTestClassGradleConfigurationProducer
17087:             1             24  org.jetbrains.kotlin.idea.gradle.testing.common.KotlinMultiplatformCommonTestMethodGradleConfigurationProducer
17088:             1             24  org.jetbrains.kotlin.idea.gradle.testing.js.KotlinMultiplatformJsTestClassGradleConfigurationProducer
17089:             1             24  org.jetbrains.kotlin.idea.gradle.testing.js.KotlinMultiplatformJsTestMethodGradleConfigurationProducer
17090:             1             24  org.jetbrains.kotlin.idea.gradle.testing.native.KotlinMultiplatformNativeTestClassGradleConfigurationProducer
17091:             1             24  org.jetbrains.kotlin.idea.gradle.testing.native.KotlinMultiplatformNativeTestMethodGradleConfigurationProducer
17092:             1             24  org.jetbrains.kotlin.idea.highlighter.KotlinRainbowVisitor
17093:             1             24  org.jetbrains.kotlin.idea.i18n.inspections.KotlinInvalidBundleOrPropertyInspection
17094:             1             24  org.jetbrains.kotlin.idea.injection.KotlinLanguageInjector$injectableTargetClassShortNames$1
17095:             1             24  org.jetbrains.kotlin.idea.inspections.AddVarianceModifierInspection
17096:             1             24  org.jetbrains.kotlin.idea.inspections.ArrayInDataClassInspection
17097:             1             24  org.jetbrains.kotlin.idea.inspections.BooleanLiteralArgumentInspection
17098:             1             24  org.jetbrains.kotlin.idea.inspections.CanBeParameterInspection
17099:             1             24  org.jetbrains.kotlin.idea.inspections.CanBePrimaryConstructorPropertyInspection
17100:             1             24  org.jetbrains.kotlin.idea.inspections.CanBeValInspection
17101:             1             24  org.jetbrains.kotlin.idea.inspections.CanSealedSubClassBeObjectInspection
17102:             1             24  org.jetbrains.kotlin.idea.inspections.CascadeIfInspection
17103:             1             24  org.jetbrains.kotlin.idea.inspections.ConflictingExtensionPropertyInspection
17104:             1             24  org.jetbrains.kotlin.idea.inspections.ConstantConditionIfInspection
17105:             1             24  org.jetbrains.kotlin.idea.inspections.ControlFlowWithEmptyBodyInspection
17106:             1             24  org.jetbrains.kotlin.idea.inspections.ConvertNaNEqualityInspection
17107:             1             24  org.jetbrains.kotlin.idea.inspections.ConvertPairConstructorToToFunctionInspection
17108:             1             24  org.jetbrains.kotlin.idea.inspections.CopyWithoutNamedArgumentsInspection
17109:             1             24  org.jetbrains.kotlin.idea.inspections.DataClassPrivateConstructorInspection
17110:             1             24  org.jetbrains.kotlin.idea.inspections.DelegationToVarPropertyInspection
17111:             1             24  org.jetbrains.kotlin.idea.inspections.DestructuringWrongNameInspection
17112:             1             24  org.jetbrains.kotlin.idea.inspections.EmptyRangeInspection
17113:             1             24  org.jetbrains.kotlin.idea.inspections.EqualsOrHashCodeInspection
17114:             1             24  org.jetbrains.kotlin.idea.inspections.ExplicitThisInspection
17115:             1             24  org.jetbrains.kotlin.idea.inspections.FakeJvmFieldConstantInspection
17116:             1             24  org.jetbrains.kotlin.idea.inspections.ForEachParameterNotUsedInspection
17117:             1             24  org.jetbrains.kotlin.idea.inspections.FunctionWithLambdaExpressionBodyInspection
17118:             1             24  org.jetbrains.kotlin.idea.inspections.ImplicitThisInspection
17119:             1             24  org.jetbrains.kotlin.idea.inspections.JavaCollectionsStaticMethodInspection
17120:             1             24  org.jetbrains.kotlin.idea.inspections.JavaCollectionsStaticMethodOnImmutableListInspection
17121:             1             24  org.jetbrains.kotlin.idea.inspections.KotlinCleanupInspection
17122:             1             24  org.jetbrains.kotlin.idea.inspections.KotlinCovariantEqualsInspection
17123:             1             24  org.jetbrains.kotlin.idea.inspections.KotlinDoubleNegationInspection
17124:             1             24  org.jetbrains.kotlin.idea.inspections.KotlinEqualsBetweenInconvertibleTypesInspection
17125:             1             24  org.jetbrains.kotlin.idea.inspections.KotlinInternalInJavaInspection
17126:             1             24  org.jetbrains.kotlin.idea.inspections.KotlinRedundantOverrideInspection
17127:             1             24  org.jetbrains.kotlin.idea.inspections.KotlinThrowableNotThrownInspection
17128:             1             24  org.jetbrains.kotlin.idea.inspections.KotlinUnusedImportInspection
17129:             1             24  org.jetbrains.kotlin.idea.inspections.LateinitVarOverridesLateinitVarInspection
17130:             1             24  org.jetbrains.kotlin.idea.inspections.LeakingThisInspection
17131:             1             24  org.jetbrains.kotlin.idea.inspections.LiftReturnOrAssignmentInspection
17132:             1             24  org.jetbrains.kotlin.idea.inspections.MainFunctionReturnUnitInspection
17133:             1             24  org.jetbrains.kotlin.idea.inspections.MapGetWithNotNullAssertionOperatorInspection
17134:             1             24  org.jetbrains.kotlin.idea.inspections.MayBeConstantInspection
17135:             1             24  org.jetbrains.kotlin.idea.inspections.MemberVisibilityCanBePrivateInspection
17136:             1             24  org.jetbrains.kotlin.idea.inspections.MigrateDiagnosticSuppressionInspection
17137:             1             24  org.jetbrains.kotlin.idea.inspections.MoveSuspiciousCallableReferenceIntoParenthesesInspection
17138:             1             24  org.jetbrains.kotlin.idea.inspections.MoveVariableDeclarationIntoWhenInspection
17139:             1             24  org.jetbrains.kotlin.idea.inspections.NestedLambdaShadowedImplicitParameterInspection
17140:             1             24  org.jetbrains.kotlin.idea.inspections.NullChecksToSafeCallInspection
17141:             1             24  org.jetbrains.kotlin.idea.inspections.NullableBooleanElvisInspection
17142:             1             24  org.jetbrains.kotlin.idea.inspections.OptionalExpectationInspection
17143:             1             24  org.jetbrains.kotlin.idea.inspections.OverridingDeprecatedMemberInspection
17144:             1             24  org.jetbrains.kotlin.idea.inspections.PackageNameInspection$namingSettings$1
17145:             1             24  org.jetbrains.kotlin.idea.inspections.ProtectedInFinalInspection
17146:             1             24  org.jetbrains.kotlin.idea.inspections.RecursiveEqualsCallInspection
17147:             1             24  org.jetbrains.kotlin.idea.inspections.RecursivePropertyAccessorInspection
17148:             1             24  org.jetbrains.kotlin.idea.inspections.RedundantCompanionReferenceInspection
17149:             1             24  org.jetbrains.kotlin.idea.inspections.RedundantElseInIfInspection
17150:             1             24  org.jetbrains.kotlin.idea.inspections.RedundantEmptyInitializerBlockInspection
17151:             1             24  org.jetbrains.kotlin.idea.inspections.RedundantEnumConstructorInvocationInspection
17152:             1             24  org.jetbrains.kotlin.idea.inspections.RedundantExplicitTypeInspection
17153:             1             24  org.jetbrains.kotlin.idea.inspections.RedundantGetterInspection
17154:             1             24  org.jetbrains.kotlin.idea.inspections.RedundantIfInspection
17155:             1             24  org.jetbrains.kotlin.idea.inspections.RedundantLambdaArrowInspection
17156:             1             24  org.jetbrains.kotlin.idea.inspections.RedundantModalityModifierInspection
17157:             1             24  org.jetbrains.kotlin.idea.inspections.RedundantNotNullExtensionReceiverOfInlineInspection
17158:             1             24  org.jetbrains.kotlin.idea.inspections.RedundantObjectTypeCheckInspection
17159:             1             24  org.jetbrains.kotlin.idea.inspections.RedundantRequireNotNullCallInspection
17160:             1             24  org.jetbrains.kotlin.idea.inspections.RedundantReturnLabelInspection
17161:             1             24  org.jetbrains.kotlin.idea.inspections.RedundantSamConstructorInspection
17162:             1             24  org.jetbrains.kotlin.idea.inspections.RedundantSemicolonInspection
17163:             1             24  org.jetbrains.kotlin.idea.inspections.RedundantSetterInspection
17164:             1             24  org.jetbrains.kotlin.idea.inspections.RedundantSuspendModifierInspection
17165:             1             24  org.jetbrains.kotlin.idea.inspections.RedundantUnitExpressionInspection
17166:             1             24  org.jetbrains.kotlin.idea.inspections.RedundantUnitReturnTypeInspection
17167:             1             24  org.jetbrains.kotlin.idea.inspections.RedundantVisibilityModifierInspection
17168:             1             24  org.jetbrains.kotlin.idea.inspections.RedundantWithInspection
17169:             1             24  org.jetbrains.kotlin.idea.inspections.ReformatInspection
17170:             1             24  org.jetbrains.kotlin.idea.inspections.RemoveEmptyParenthesesFromAnnotationEntryInspection
17171:             1             24  org.jetbrains.kotlin.idea.inspections.RemoveRedundantBackticksInspection
17172:             1             24  org.jetbrains.kotlin.idea.inspections.RemoveRedundantQualifierNameInspection
17173:             1             24  org.jetbrains.kotlin.idea.inspections.RemoveRedundantSpreadOperatorInspection
17174:             1             24  org.jetbrains.kotlin.idea.inspections.RemoveSetterParameterTypeInspection
17175:             1             24  org.jetbrains.kotlin.idea.inspections.RemoveToStringInStringTemplateInspection
17176:             1             24  org.jetbrains.kotlin.idea.inspections.ReplaceArrayOfWithLiteralInspection
17177:             1             24  org.jetbrains.kotlin.idea.inspections.ReplaceAssociateFunctionInspection
17178:             1             24  org.jetbrains.kotlin.idea.inspections.ReplaceCollectionCountWithSizeInspection
17179:             1             24  org.jetbrains.kotlin.idea.inspections.ReplaceManualRangeWithIndicesCallsInspection
17180:             1             24  org.jetbrains.kotlin.idea.inspections.ReplaceNegatedIsEmptyWithIsNotEmptyInspection
17181:             1             24  org.jetbrains.kotlin.idea.inspections.ReplaceNotNullAssertionWithElvisReturnInspection
17182:             1             24  org.jetbrains.kotlin.idea.inspections.ReplaceRangeStartEndInclusiveWithFirstLastInspection
17183:             1             24  org.jetbrains.kotlin.idea.inspections.ReplaceRangeToWithUntilInspection
17184:             1             24  org.jetbrains.kotlin.idea.inspections.ReplaceStringFormatWithLiteralInspection
17185:             1             24  org.jetbrains.kotlin.idea.inspections.ReplaceToWithInfixFormInspection
17186:             1             24  org.jetbrains.kotlin.idea.inspections.ReplaceWithEnumMapInspection
17187:             1             24  org.jetbrains.kotlin.idea.inspections.SafeCastWithReturnInspection
17188:             1             24  org.jetbrains.kotlin.idea.inspections.ScopeFunctionConversionInspection
17189:             1             24  org.jetbrains.kotlin.idea.inspections.SelfAssignmentInspection
17190:             1             24  org.jetbrains.kotlin.idea.inspections.SelfReferenceConstructorParameterInspection
17191:             1             24  org.jetbrains.kotlin.idea.inspections.SetterBackingFieldAssignmentInspection
17192:             1             24  org.jetbrains.kotlin.idea.inspections.SimplifyWhenWithBooleanConstantConditionInspection
17193:             1             24  org.jetbrains.kotlin.idea.inspections.SuspiciousAsDynamicInspection
17194:             1             24  org.jetbrains.kotlin.idea.inspections.SuspiciousCollectionReassignmentInspection
17195:             1             24  org.jetbrains.kotlin.idea.inspections.SuspiciousEqualsCombination
17196:             1             24  org.jetbrains.kotlin.idea.inspections.SuspiciousVarPropertyInspection
17197:             1             24  org.jetbrains.kotlin.idea.inspections.UnlabeledReturnInsideLambdaInspection
17198:             1             24  org.jetbrains.kotlin.idea.inspections.UnsafeCastFromDynamicInspection
17199:             1             24  org.jetbrains.kotlin.idea.inspections.UnusedEqualsInspection
17200:             1             24  org.jetbrains.kotlin.idea.inspections.UnusedLambdaExpressionBodyInspection
17201:             1             24  org.jetbrains.kotlin.idea.inspections.UnusedMainParameterInspection
17202:             1             24  org.jetbrains.kotlin.idea.inspections.UnusedReceiverParameterInspection
17203:             1             24  org.jetbrains.kotlin.idea.inspections.UnusedSymbolInspection
17204:             1             24  org.jetbrains.kotlin.idea.inspections.UnusedUnaryOperatorInspection
17205:             1             24  org.jetbrains.kotlin.idea.inspections.UseExpressionBodyInspection
17206:             1             24  org.jetbrains.kotlin.idea.inspections.WhenWithOnlyElseInspection
17207:             1             24  org.jetbrains.kotlin.idea.inspections.WrapUnaryOperatorInspection
17208:             1             24  org.jetbrains.kotlin.idea.inspections.api.ProblemsCache
17209:             1             24  org.jetbrains.kotlin.idea.inspections.collections.SimplifiableCallChainInspection
17210:             1             24  org.jetbrains.kotlin.idea.inspections.collections.SimplifiableCallInspection
17211:             1             24  org.jetbrains.kotlin.idea.inspections.coroutines.RedundantAsyncInspection
17212:             1             24  org.jetbrains.kotlin.idea.inspections.coroutines.RedundantRunCatchingInspection
17213:             1             24  org.jetbrains.kotlin.idea.inspections.coroutines.SuspendFunctionOnCoroutineScopeInspection
17214:             1             24  org.jetbrains.kotlin.idea.inspections.gradle.DeprecatedGradleDependencyInspection
17215:             1             24  org.jetbrains.kotlin.idea.inspections.gradle.DifferentKotlinGradleVersionInspection
17216:             1             24  org.jetbrains.kotlin.idea.inspections.gradle.DifferentStdlibGradleVersionInspection
17217:             1             24  org.jetbrains.kotlin.idea.inspections.gradle.GradleKotlinxCoroutinesDeprecationInspection
17218:             1             24  org.jetbrains.kotlin.idea.inspections.jdk2k.ReplaceJavaStaticMethodWithKotlinAnalogInspection
17219:             1             24  org.jetbrains.kotlin.idea.inspections.jdk2k.ReplaceJavaStaticMethodWithKotlinAnalogInspection$Companion$JAVA_IO$1
17220:             1             24  org.jetbrains.kotlin.idea.inspections.jdk2k.ReplaceJavaStaticMethodWithKotlinAnalogInspection$Companion$JAVA_IO$2
17221:             1             24  org.jetbrains.kotlin.idea.inspections.kdoc.KDocMissingDocumentationInspection
17222:             1             24  org.jetbrains.kotlin.idea.inspections.migration.FromClosedRangeMigrationInspection
17223:             1             24  org.jetbrains.kotlin.idea.inspections.migration.ObsoleteExperimentalCoroutinesInspection
17224:             1             24  org.jetbrains.kotlin.idea.intentions.AddForLoopIndicesIntention$WITH_INDEX_FQ_NAMES$2
17225:             1             24  org.jetbrains.kotlin.idea.intentions.RemoveForLoopIndicesIntention$WITH_INDEX_FQ_NAMES$2
17226:             1             24  org.jetbrains.kotlin.idea.intentions.loopToCallChain.LoopToCallChainInspection
17227:             1             24  org.jetbrains.kotlin.idea.kdoc.KDocUnresolvedReferenceInspection
17228:             1             24  org.jetbrains.kotlin.idea.liveTemplates.KotlinTemplateContextType$Class
17229:             1             24  org.jetbrains.kotlin.idea.liveTemplates.KotlinTemplateContextType$Comment
17230:             1             24  org.jetbrains.kotlin.idea.liveTemplates.KotlinTemplateContextType$Expression
17231:             1             24  org.jetbrains.kotlin.idea.liveTemplates.KotlinTemplateContextType$Generic
17232:             1             24  org.jetbrains.kotlin.idea.liveTemplates.KotlinTemplateContextType$ObjectDeclaration
17233:             1             24  org.jetbrains.kotlin.idea.liveTemplates.KotlinTemplateContextType$Statement
17234:             1             24  org.jetbrains.kotlin.idea.liveTemplates.KotlinTemplateContextType$TopLevel
17235:             1             24  org.jetbrains.kotlin.idea.maven.KotlinMavenBundle
17236:             1             24  org.jetbrains.kotlin.idea.maven.actions.KotlinMavenPluginProvider
17237:             1             24  org.jetbrains.kotlin.idea.maven.inspections.DeprecatedMavenDependencyInspection
17238:             1             24  org.jetbrains.kotlin.idea.maven.inspections.DifferentMavenStdlibVersionInspection
17239:             1             24  org.jetbrains.kotlin.idea.maven.inspections.KotlinMavenPluginPhaseInspection
17240:             1             24  org.jetbrains.kotlin.idea.maven.inspections.KotlinTestJUnitInspection
17241:             1             24  org.jetbrains.kotlin.idea.maven.inspections.MavenCoroutinesDeprecationInspection
17242:             1             24  org.jetbrains.kotlin.idea.nodejs.jest.KotlinJestRunConfigurationProducer
17243:             1             24  org.jetbrains.kotlin.idea.nodejs.mocha.KotlinMochaRunConfigurationProducer
17244:             1             24  org.jetbrains.kotlin.idea.nodejs.protractor.KotlinProtractorConfigurationType$1
17245:             1             24  org.jetbrains.kotlin.idea.parameterInfo.custom.KotlinCodeHintsModel
17246:             1             24  org.jetbrains.kotlin.idea.platform.IdePlatformKindTooling$Companion
17247:             1             24  org.jetbrains.kotlin.idea.project.KotlinMultiplatformAnalysisModeComponent$containsImportedHmppModules$1
17248:             1             24  org.jetbrains.kotlin.idea.refactoring.move.changePackage.PackageDirectoryMismatchInspection
17249:             1             24  org.jetbrains.kotlin.idea.reporter.KotlinReportSubmitter
17250:             1             24  org.jetbrains.kotlin.idea.roots.ui.KotlinModuleSourceRootEditHandler$Resource
17251:             1             24  org.jetbrains.kotlin.idea.roots.ui.KotlinModuleSourceRootEditHandler$Source
17252:             1             24  org.jetbrains.kotlin.idea.roots.ui.KotlinModuleSourceRootEditHandler$TestResource
17253:             1             24  org.jetbrains.kotlin.idea.roots.ui.KotlinModuleSourceRootEditHandler$TestSource
17254:             1             24  org.jetbrains.kotlin.idea.run.KotlinJvmTestClassGradleConfigurationProducer
17255:             1             24  org.jetbrains.kotlin.idea.run.KotlinJvmTestMethodGradleConfigurationProducer
17256:             1             24  org.jetbrains.kotlin.idea.run.KotlinMultiplatformJvmTestClassGradleConfigurationProducer
17257:             1             24  org.jetbrains.kotlin.idea.run.KotlinMultiplatformJvmTestMethodGradleConfigurationProducer
17258:             1             24  org.jetbrains.kotlin.idea.scratch.ScratchFileModuleInfoProvider
17259:             1             24  org.jetbrains.kotlin.idea.scripting.gradle.AsyncFileChangeListenerHelperKt$addVfsListener$1
17260:             1             24  org.jetbrains.kotlin.idea.scripting.gradle.GradleScriptInputsWatcher
17261:             1             24  org.jetbrains.kotlin.idea.scripting.gradle.GradleScriptOutOfSourceNotificationProvider
17262:             1             24  org.jetbrains.kotlin.idea.scripting.gradle.GradleScriptOutOfSourceNotificationProvider$loaderForOutOfProjectScripts$2
17263:             1             24  org.jetbrains.kotlin.idea.stubindex.SubpackagesIndexService
17264:             1             24  org.jetbrains.kotlin.idea.versions.UnsupportedAbiVersionNotificationPanelProvider
17265:             1             24  org.jetbrains.kotlin.idea.vfilefinder.KotlinMetadataFileIndex$1
17266:             1             24  org.jetbrains.kotlin.idea.vfilefinder.KotlinMetadataFilePackageIndex$1
17267:             1             24  org.jetbrains.kotlin.kdoc.lexer.KDocTokens$1
17268:             1             24  org.jetbrains.kotlin.kdoc.lexer.KDocTokens$2
17269:             1             24  org.jetbrains.kotlin.konan.target.KonanTarget$ANDROID_ARM32
17270:             1             24  org.jetbrains.kotlin.konan.target.KonanTarget$ANDROID_ARM64
17271:             1             24  org.jetbrains.kotlin.konan.target.KonanTarget$ANDROID_X64
17272:             1             24  org.jetbrains.kotlin.konan.target.KonanTarget$ANDROID_X86
17273:             1             24  org.jetbrains.kotlin.konan.target.KonanTarget$MACOS_X64
17274:             1             24  org.jetbrains.kotlin.konan.target.KonanTargetKt$evaluatePresetName$1
17275:             1             24  org.jetbrains.kotlin.load.java.BuiltinMethodsWithSpecialGenericSignature$TypeSafeBarrierDescription$MAP_GET_OR_DEFAULT
17276:             1             24  org.jetbrains.kotlin.platform.js.JsPlatforms$DefaultSimpleJsPlatform
17277:             1             24  org.jetbrains.kotlin.platform.konan.KonanPlatforms$DefaultSimpleKonanPlatform
17278:             1             24  org.jetbrains.kotlin.psi.CreateByPatternKt$SUPPORTED_ARGUMENT_TYPES$2
17279:             1             24  org.jetbrains.kotlin.psi.KtBlockCodeFragmentType
17280:             1             24  org.jetbrains.kotlin.psi.KtExpressionCodeFragmentType
17281:             1             24  org.jetbrains.kotlin.psi.KtTypeCodeFragmentType
17282:             1             24  org.jetbrains.kotlin.psi.PsiChildRangeArgumentType
17283:             1             24  org.jetbrains.kotlin.psi.stubs.elements.KtFileElementType
17284:             1             24  org.jetbrains.kotlin.renderer.RenderingFormat$HTML
17285:             1             24  org.jetbrains.kotlin.renderer.RenderingFormat$PLAIN
17286:             1             24  org.jetbrains.kotlin.storage.LockBasedStorageManager$1
17287:             1             24  org.jetbrains.kotlin.tools.projectWizard.core.entity.ModuleBasedTemplateSettingReference
17288:             1             24  org.jetbrains.kotlin.tools.projectWizard.core.entity.PluginSettingReference
17289:             1             24  org.jetbrains.kotlin.tools.projectWizard.core.entity.StringValidators$shouldBeValidIdentifier$1
17290:             1             24  org.jetbrains.kotlin.tools.projectWizard.moduleConfigurators.JsBrowserTargetConfigurator
17291:             1             24  org.jetbrains.kotlin.tools.projectWizard.moduleConfigurators.JvmTargetConfigurator
17292:             1             24  org.jetbrains.kotlin.tools.projectWizard.plugins.RunConfigurationsPlugin$createRunConfigurationsTask$2$1
17293:             1             24  org.jetbrains.kotlin.tools.projectWizard.plugins.buildSystem.BuildSystemPlugin$addBuildSystemData$1$1
17294:             1             24  org.jetbrains.kotlin.tools.projectWizard.plugins.buildSystem.BuildSystemPlugin$createModules$2$1
17295:             1             24  org.jetbrains.kotlin.tools.projectWizard.plugins.buildSystem.BuildSystemPlugin$importProject$2$1
17296:             1             24  org.jetbrains.kotlin.tools.projectWizard.plugins.buildSystem.BuildSystemPlugin$takeRepositoriesFromDependencies$2$1
17297:             1             24  org.jetbrains.kotlin.tools.projectWizard.plugins.buildSystem.BuildSystemPlugin$takeRepositoriesFromDependencies$2$2
17298:             1             24  org.jetbrains.kotlin.tools.projectWizard.plugins.buildSystem.MavenPlugin$addBuildSystemPluginRepositories$2$1
17299:             1             24  org.jetbrains.kotlin.tools.projectWizard.plugins.buildSystem.MavenPlugin$addBuildSystemPluginRepositories$2$2
17300:             1             24  org.jetbrains.kotlin.tools.projectWizard.plugins.buildSystem.MavenPlugin$createSettingsFileTask$2$1
17301:             1             24  org.jetbrains.kotlin.tools.projectWizard.plugins.buildSystem.MavenPlugin$createSettingsFileTask$2$2
17302:             1             24  org.jetbrains.kotlin.tools.projectWizard.plugins.buildSystem.MavenPlugin$isMaven$1$1
17303:             1             24  org.jetbrains.kotlin.tools.projectWizard.plugins.buildSystem.gradle.GradlePlugin$createGradlePropertiesFile$2$1
17304:             1             24  org.jetbrains.kotlin.tools.projectWizard.plugins.buildSystem.gradle.GradlePlugin$createGradlePropertiesFile$2$2
17305:             1             24  org.jetbrains.kotlin.tools.projectWizard.plugins.buildSystem.gradle.GradlePlugin$createLocalPropertiesFile$2$1
17306:             1             24  org.jetbrains.kotlin.tools.projectWizard.plugins.buildSystem.gradle.GradlePlugin$createLocalPropertiesFile$2$2
17307:             1             24  org.jetbrains.kotlin.tools.projectWizard.plugins.buildSystem.gradle.GradlePlugin$createSettingsFileTask$2$1
17308:             1             24  org.jetbrains.kotlin.tools.projectWizard.plugins.buildSystem.gradle.GradlePlugin$initGradleWrapperTask$2$1
17309:             1             24  org.jetbrains.kotlin.tools.projectWizard.plugins.buildSystem.gradle.GradlePlugin$isGradle$1$1
17310:             1             24  org.jetbrains.kotlin.tools.projectWizard.plugins.buildSystem.gradle.GradlePlugin$isGradle$1$2
17311:             1             24  org.jetbrains.kotlin.tools.projectWizard.plugins.kotlin.KotlinPlugin$createModules$2$1
17312:             1             24  org.jetbrains.kotlin.tools.projectWizard.plugins.kotlin.KotlinPlugin$createModules$2$2
17313:             1             24  org.jetbrains.kotlin.tools.projectWizard.plugins.kotlin.KotlinPlugin$createPluginRepositories$2$1
17314:             1             24  org.jetbrains.kotlin.tools.projectWizard.plugins.kotlin.KotlinPlugin$createSourcesetDirectories$2$1
17315:             1             24  org.jetbrains.kotlin.tools.projectWizard.plugins.templates.TemplatesPlugin$addTemplatesToModules$2$1
17316:             1             24  org.jetbrains.kotlin.tools.projectWizard.plugins.templates.TemplatesPlugin$addTemplatesToModules$2$2
17317:             1             24  org.jetbrains.kotlin.tools.projectWizard.plugins.templates.TemplatesPlugin$postApplyTemplatesToModules$2$1
17318:             1             24  org.jetbrains.kotlin.tools.projectWizard.plugins.templates.TemplatesPlugin$postApplyTemplatesToModules$2$2
17319:             1             24  org.jetbrains.kotlin.tools.projectWizard.plugins.templates.TemplatesPlugin$postApplyTemplatesToModules$2$3
17320:             1             24  org.jetbrains.kotlin.tools.projectWizard.plugins.templates.TemplatesPlugin$renderFileTemplates$2$1
17321:             1             24  org.jetbrains.kotlin.tools.projectWizard.projectTemplates.JvmServerJsClient$setsPluginSettings$1
17322:             1             24  org.jetbrains.kotlin.tools.projectWizard.wizard.IdeWizard$artifactId$2
17323:             1             24  org.jetbrains.kotlin.tools.projectWizard.wizard.IdeWizard$buildSystemType$2
17324:             1             24  org.jetbrains.kotlin.tools.projectWizard.wizard.IdeWizard$groupId$2
17325:             1             24  org.jetbrains.kotlin.tools.projectWizard.wizard.IdeWizard$projectName$2
17326:             1             24  org.jetbrains.kotlin.tools.projectWizard.wizard.IdeWizard$projectPath$2
17327:             1             24  org.jetbrains.kotlin.tools.projectWizard.wizard.IdeWizard$projectTemplate$2
17328:             1             24  org.jetbrains.kotlin.tools.projectWizard.wizard.KotlinNewProjectWizardBundle
17329:             1             24  org.jetbrains.lang.manifest.ManifestFileType
17330:             1             24  org.jetbrains.lang.manifest.header.HeaderParserRepository$1
17331:             1             24  org.jetbrains.lang.manifest.highlighting.MissingFinalNewlineInspection
17332:             1             24  org.jetbrains.lang.manifest.psi.ManifestElementType$1
17333:             1             24  org.jetbrains.lang.manifest.psi.ManifestElementType$2
17334:             1             24  org.jetbrains.lang.manifest.psi.ManifestElementType$3
17335:             1             24  org.jetbrains.plugins.cucumber.CucumberBundle
17336:             1             24  org.jetbrains.plugins.cucumber.GherkinLiveTemplateContextType
17337:             1             24  org.jetbrains.plugins.cucumber.inspections.CucumberExamplesColonInspection
17338:             1             24  org.jetbrains.plugins.cucumber.inspections.CucumberMissedExamplesInspection
17339:             1             24  org.jetbrains.plugins.cucumber.inspections.CucumberStepInspection
17340:             1             24  org.jetbrains.plugins.cucumber.inspections.CucumberTableInspection
17341:             1             24  org.jetbrains.plugins.cucumber.inspections.GherkinBrokenTableInspection
17342:             1             24  org.jetbrains.plugins.cucumber.inspections.GherkinMisplacedBackgroundInspection
17343:             1             24  org.jetbrains.plugins.cucumber.inspections.GherkinScenarioToScenarioOutlineInspection
17344:             1             24  org.jetbrains.plugins.cucumber.java.CucumberJava8StepIndex$1
17345:             1             24  org.jetbrains.plugins.cucumber.java.CucumberJavaBundle
17346:             1             24  org.jetbrains.plugins.cucumber.java.inspections.CucumberJavaStepDefClassInDefaultPackageInspection
17347:             1             24  org.jetbrains.plugins.cucumber.java.inspections.CucumberJavaStepDefClassIsPublicInspections
17348:             1             24  org.jetbrains.plugins.cucumber.java.run.CucumberJavaRunConfigurationType$1
17349:             1             24  org.jetbrains.plugins.cucumber.psi.GherkinFileType
17350:             1             24  org.jetbrains.plugins.github.authentication.accounts.GithubAccountManager$$special$$inlined$observable$1
17351:             1             24  org.jetbrains.plugins.github.pullrequest.GHPRToolWindowTabsManager$$special$$inlined$observable$1
17352:             1             24  org.jetbrains.plugins.github.pullrequest.GHPRToolWindowTabsManager$$special$$inlined$observable$1$lambda$1
17353:             1             24  org.jetbrains.plugins.github.pullrequest.GHPRToolWindowsTabsContentManager
17354:             1             24  org.jetbrains.plugins.github.pullrequest.config.GithubPullRequestsProjectUISettings
17355:             1             24  org.jetbrains.plugins.gradle.GradleManager$1
17356:             1             24  org.jetbrains.plugins.gradle.codeInspection.MultipleRepositoryUrlsInspection
17357:             1             24  org.jetbrains.plugins.gradle.execution.GradleBeforeRunTaskProvider
17358:             1             24  org.jetbrains.plugins.gradle.execution.GradleRunAnythingProvider
17359:             1             24  org.jetbrains.plugins.gradle.execution.test.runner.AllInDirectoryGradleConfigurationProducer
17360:             1             24  org.jetbrains.plugins.gradle.execution.test.runner.AllInPackageGradleConfigurationProducer
17361:             1             24  org.jetbrains.plugins.gradle.execution.test.runner.PatternGradleConfigurationProducer
17362:             1             24  org.jetbrains.plugins.gradle.execution.test.runner.TestClassGradleConfigurationProducer
17363:             1             24  org.jetbrains.plugins.gradle.execution.test.runner.TestMethodGradleConfigurationProducer
17364:             1             24  org.jetbrains.plugins.gradle.service.execution.GradleExternalTaskConfigurationType
17365:             1             24  org.jetbrains.plugins.gradle.settings.GradleLocalSettings
17366:             1             24  org.jetbrains.plugins.gradle.util.GradleBundle
17367:             1             24  org.jetbrains.plugins.gradle.util.GradleDocumentationBundle
17368:             1             24  org.jetbrains.plugins.grails.GrailsBundle
17369:             1             24  org.jetbrains.plugins.grails.actions.MakeNullableIntention
17370:             1             24  org.jetbrains.plugins.grails.actions.MakeUniqueIntention
17371:             1             24  org.jetbrains.plugins.grails.fileType.GspFileType
17372:             1             24  org.jetbrains.plugins.grails.i18n.GrailsI18nInspection
17373:             1             24  org.jetbrains.plugins.grails.lang.gsp.GspTagInspection
17374:             1             24  org.jetbrains.plugins.grails.perspectives.DomainClassesRelationsEditorProvider
17375:             1             24  org.jetbrains.plugins.grails.references.TraitInjectorService
17376:             1             24  org.jetbrains.plugins.grails.structure.GrailsApplicationManagerRefresher$1
17377:             1             24  org.jetbrains.plugins.grails.structure.GrailsApplicationManagerRefresher$3
17378:             1             24  org.jetbrains.plugins.grails.structure.sync.GrailsMvcStructureRefresher$$Lambda$2936/0x0000000801ce0440
17379:             1             24  org.jetbrains.plugins.grails.structure.sync.GrailsStartupActivity$1
17380:             1             24  org.jetbrains.plugins.groovy.GdslFileType
17381:             1             24  org.jetbrains.plugins.groovy.GroovyBundle
17382:             1             24  org.jetbrains.plugins.groovy.GroovyFileType
17383:             1             24  org.jetbrains.plugins.groovy.GroovyHashBangFileTypeDetector
17384:             1             24  org.jetbrains.plugins.groovy.actions.generate.constructors.GroovyGenerateConstructorHandler
17385:             1             24  org.jetbrains.plugins.groovy.actions.generate.missing.GroovyGenerateMethodMissingHandler
17386:             1             24  org.jetbrains.plugins.groovy.actions.generate.missing.GroovyGeneratePropertyMissingHandler
17387:             1             24  org.jetbrains.plugins.groovy.annotator.intentions.dynamic.DynamicManagerImpl
17388:             1             24  org.jetbrains.plugins.groovy.bundled.BundledGroovy$bundledGroovyFile$2
17389:             1             24  org.jetbrains.plugins.groovy.bundled.BundledGroovy$bundledGroovyJarRoot$2
17390:             1             24  org.jetbrains.plugins.groovy.bundled.BundledGroovy$bundledGroovyVersion$2
17391:             1             24  org.jetbrains.plugins.groovy.codeInspection.GroovyInspectionBundle
17392:             1             24  org.jetbrains.plugins.groovy.codeInspection.GroovyUnusedDeclarationInspection
17393:             1             24  org.jetbrains.plugins.groovy.codeInspection.assignment.GroovyAssignabilityCheckInspection
17394:             1             24  org.jetbrains.plugins.groovy.codeInspection.assignment.GroovyAssignmentCanBeOperatorAssignmentInspection
17395:             1             24  org.jetbrains.plugins.groovy.codeInspection.assignment.GroovyAssignmentToForLoopParameterInspection
17396:             1             24  org.jetbrains.plugins.groovy.codeInspection.assignment.GroovyAssignmentToMethodParameterInspection
17397:             1             24  org.jetbrains.plugins.groovy.codeInspection.assignment.GroovyNestedAssignmentInspection
17398:             1             24  org.jetbrains.plugins.groovy.codeInspection.assignment.GroovyResultOfAssignmentUsedInspection
17399:             1             24  org.jetbrains.plugins.groovy.codeInspection.assignment.GroovySillyAssignmentInspection
17400:             1             24  org.jetbrains.plugins.groovy.codeInspection.assignment.GroovyUncheckedAssignmentOfMemberOfRawTypeInspection
17401:             1             24  org.jetbrains.plugins.groovy.codeInspection.bugs.GrEqualsBetweenInconvertibleTypesInspection
17402:             1             24  org.jetbrains.plugins.groovy.codeInspection.bugs.GroovyAccessibilityInspection
17403:             1             24  org.jetbrains.plugins.groovy.codeInspection.bugs.GroovyConstructorNamedArgumentsInspection
17404:             1             24  org.jetbrains.plugins.groovy.codeInspection.bugs.GroovyDivideByZeroInspection
17405:             1             24  org.jetbrains.plugins.groovy.codeInspection.bugs.GroovyDocCheckInspection
17406:             1             24  org.jetbrains.plugins.groovy.codeInspection.bugs.GroovyInArgumentCheckInspection
17407:             1             24  org.jetbrains.plugins.groovy.codeInspection.bugs.GroovyInfiniteLoopStatementInspection
17408:             1             24  org.jetbrains.plugins.groovy.codeInspection.bugs.GroovyInfiniteRecursionInspection
17409:             1             24  org.jetbrains.plugins.groovy.codeInspection.bugs.GroovyLabeledStatementInspection
17410:             1             24  org.jetbrains.plugins.groovy.codeInspection.bugs.GroovyNonShortCircuitBooleanInspection
17411:             1             24  org.jetbrains.plugins.groovy.codeInspection.bugs.GroovyRangeTypeCheckInspection
17412:             1             24  org.jetbrains.plugins.groovy.codeInspection.bugs.GroovyResultOfObjectAllocationIgnoredInspection
17413:             1             24  org.jetbrains.plugins.groovy.codeInspection.bugs.NewInstanceOfSingletonInspection
17414:             1             24  org.jetbrains.plugins.groovy.codeInspection.changeToMethod.ChangeToMethodInspection
17415:             1             24  org.jetbrains.plugins.groovy.codeInspection.changeToOperator.ChangeToOperatorInspection
17416:             1             24  org.jetbrains.plugins.groovy.codeInspection.confusing.ClashingGettersInspection
17417:             1             24  org.jetbrains.plugins.groovy.codeInspection.confusing.ClashingTraitMethodsInspection
17418:             1             24  org.jetbrains.plugins.groovy.codeInspection.confusing.DelegatesToInspection
17419:             1             24  org.jetbrains.plugins.groovy.codeInspection.confusing.GrDeprecatedAPIUsageInspection
17420:             1             24  org.jetbrains.plugins.groovy.codeInspection.confusing.GrPackageInspection
17421:             1             24  org.jetbrains.plugins.groovy.codeInspection.confusing.GrReassignedInClosureLocalVarInspection
17422:             1             24  org.jetbrains.plugins.groovy.codeInspection.confusing.GrUnusedIncDecInspection
17423:             1             24  org.jetbrains.plugins.groovy.codeInspection.confusing.GroovyConditionalInspection
17424:             1             24  org.jetbrains.plugins.groovy.codeInspection.confusing.GroovyDoubleNegationInspection
17425:             1             24  org.jetbrains.plugins.groovy.codeInspection.confusing.GroovyEmptyStatementBodyInspection
17426:             1             24  org.jetbrains.plugins.groovy.codeInspection.confusing.GroovyGStringKeyInspection
17427:             1             24  org.jetbrains.plugins.groovy.codeInspection.confusing.GroovyNegatedConditionalInspection
17428:             1             24  org.jetbrains.plugins.groovy.codeInspection.confusing.GroovyNegatedIfInspection
17429:             1             24  org.jetbrains.plugins.groovy.codeInspection.confusing.GroovyNestedConditionalInspection
17430:             1             24  org.jetbrains.plugins.groovy.codeInspection.confusing.GroovyNestedSwitchInspection
17431:             1             24  org.jetbrains.plugins.groovy.codeInspection.confusing.GroovyOctalIntegerInspection
17432:             1             24  org.jetbrains.plugins.groovy.codeInspection.confusing.GroovyOverlyComplexArithmeticExpressionInspection
17433:             1             24  org.jetbrains.plugins.groovy.codeInspection.confusing.GroovyOverlyComplexBooleanExpressionInspection
17434:             1             24  org.jetbrains.plugins.groovy.codeInspection.confusing.GroovyPointlessArithmeticInspection
17435:             1             24  org.jetbrains.plugins.groovy.codeInspection.confusing.GroovyPointlessBooleanInspection
17436:             1             24  org.jetbrains.plugins.groovy.codeInspection.confusing.GroovyResultOfIncrementOrDecrementUsedInspection
17437:             1             24  org.jetbrains.plugins.groovy.codeInspection.confusing.UnnecessaryQualifiedReferenceInspection
17438:             1             24  org.jetbrains.plugins.groovy.codeInspection.control.GroovyBreakInspection
17439:             1             24  org.jetbrains.plugins.groovy.codeInspection.control.GroovyConditionalCanBeConditionalCallInspection
17440:             1             24  org.jetbrains.plugins.groovy.codeInspection.control.GroovyConditionalCanBeElvisInspection
17441:             1             24  org.jetbrains.plugins.groovy.codeInspection.control.GroovyConditionalWithIdenticalBranchesInspection
17442:             1             24  org.jetbrains.plugins.groovy.codeInspection.control.GroovyConstantConditionalInspection
17443:             1             24  org.jetbrains.plugins.groovy.codeInspection.control.GroovyConstantIfStatementInspection
17444:             1             24  org.jetbrains.plugins.groovy.codeInspection.control.GroovyContinueInspection
17445:             1             24  org.jetbrains.plugins.groovy.codeInspection.control.GroovyFallthroughInspection
17446:             1             24  org.jetbrains.plugins.groovy.codeInspection.control.GroovyIfStatementWithIdenticalBranchesInspection
17447:             1             24  org.jetbrains.plugins.groovy.codeInspection.control.GroovyIfStatementWithTooManyBranchesInspection
17448:             1             24  org.jetbrains.plugins.groovy.codeInspection.control.GroovyLoopStatementThatDoesntLoopInspection
17449:             1             24  org.jetbrains.plugins.groovy.codeInspection.control.GroovyReturnFromClosureCanBeImplicitInspection
17450:             1             24  org.jetbrains.plugins.groovy.codeInspection.control.GroovySwitchStatementWithNoDefaultInspection
17451:             1             24  org.jetbrains.plugins.groovy.codeInspection.control.GroovyTrivialConditionalInspection
17452:             1             24  org.jetbrains.plugins.groovy.codeInspection.control.GroovyTrivialIfInspection
17453:             1             24  org.jetbrains.plugins.groovy.codeInspection.control.GroovyUnnecessaryContinueInspection
17454:             1             24  org.jetbrains.plugins.groovy.codeInspection.control.GroovyUnnecessaryReturnInspection
17455:             1             24  org.jetbrains.plugins.groovy.codeInspection.control.finalVar.GrFinalVariableAccessInspection
17456:             1             24  org.jetbrains.plugins.groovy.codeInspection.dataflow.GroovyVariableCanBeFinalInspection
17457:             1             24  org.jetbrains.plugins.groovy.codeInspection.declaration.GrMethodMayBeStaticInspection
17458:             1             24  org.jetbrains.plugins.groovy.codeInspection.exception.GroovyContinueOrBreakFromFinallyBlockInspection
17459:             1             24  org.jetbrains.plugins.groovy.codeInspection.exception.GroovyEmptyCatchBlockInspection
17460:             1             24  org.jetbrains.plugins.groovy.codeInspection.exception.GroovyEmptyFinallyBlockInspection
17461:             1             24  org.jetbrains.plugins.groovy.codeInspection.exception.GroovyEmptyTryBlockInspection
17462:             1             24  org.jetbrains.plugins.groovy.codeInspection.exception.GroovyReturnFromFinallyBlockInspection
17463:             1             24  org.jetbrains.plugins.groovy.codeInspection.exception.GroovyThrowFromFinallyBlockInspection
17464:             1             24  org.jetbrains.plugins.groovy.codeInspection.exception.GroovyUnusedCatchParameterInspection
17465:             1             24  org.jetbrains.plugins.groovy.codeInspection.fixes.RemoveElementQuickFix
17466:             1             24  org.jetbrains.plugins.groovy.codeInspection.gpath.GroovyListGetCanBeKeyedAccessInspection
17467:             1             24  org.jetbrains.plugins.groovy.codeInspection.gpath.GroovyListSetCanBeKeyedAccessInspection
17468:             1             24  org.jetbrains.plugins.groovy.codeInspection.gpath.GroovyMapGetCanBeKeyedAccessInspection
17469:             1             24  org.jetbrains.plugins.groovy.codeInspection.gpath.GroovyMapPutCanBeKeyedAccessInspection
17470:             1             24  org.jetbrains.plugins.groovy.codeInspection.metrics.GroovyMethodParameterCountInspection
17471:             1             24  org.jetbrains.plugins.groovy.codeInspection.metrics.GroovyMethodWithMoreThanThreeNegationsInspection
17472:             1             24  org.jetbrains.plugins.groovy.codeInspection.metrics.GroovyMultipleReturnPointsPerMethodInspection
17473:             1             24  org.jetbrains.plugins.groovy.codeInspection.metrics.GroovyOverlyComplexMethodInspection
17474:             1             24  org.jetbrains.plugins.groovy.codeInspection.metrics.GroovyOverlyLongMethodInspection
17475:             1             24  org.jetbrains.plugins.groovy.codeInspection.metrics.GroovyOverlyNestedMethodInspection
17476:             1             24  org.jetbrains.plugins.groovy.codeInspection.noReturnMethod.MissingReturnInspection
17477:             1             24  org.jetbrains.plugins.groovy.codeInspection.resources.TypeCustomizerInspection
17478:             1             24  org.jetbrains.plugins.groovy.codeInspection.secondUnsafeCall.SecondUnsafeCallInspection
17479:             1             24  org.jetbrains.plugins.groovy.codeInspection.style.GrUnnecessaryAliasInspection
17480:             1             24  org.jetbrains.plugins.groovy.codeInspection.style.GrUnnecessaryDefModifierInspection
17481:             1             24  org.jetbrains.plugins.groovy.codeInspection.style.GrUnnecessaryPublicModifierInspection
17482:             1             24  org.jetbrains.plugins.groovy.codeInspection.style.GrUnnecessarySemicolonInspection
17483:             1             24  org.jetbrains.plugins.groovy.codeInspection.style.JavaStylePropertiesInvocationInspection
17484:             1             24  org.jetbrains.plugins.groovy.codeInspection.threading.GroovyAccessToStaticFieldLockedOnInstanceInspection
17485:             1             24  org.jetbrains.plugins.groovy.codeInspection.threading.GroovyBusyWaitInspection
17486:             1             24  org.jetbrains.plugins.groovy.codeInspection.threading.GroovyDoubleCheckedLockingInspection
17487:             1             24  org.jetbrains.plugins.groovy.codeInspection.threading.GroovyEmptySyncBlockInspection
17488:             1             24  org.jetbrains.plugins.groovy.codeInspection.threading.GroovyNestedSynchronizedStatementInspection
17489:             1             24  org.jetbrains.plugins.groovy.codeInspection.threading.GroovyNotifyWhileNotSynchronizedInspection
17490:             1             24  org.jetbrains.plugins.groovy.codeInspection.threading.GroovyPublicFieldAccessedInSynchronizedContextInspection
17491:             1             24  org.jetbrains.plugins.groovy.codeInspection.threading.GroovySynchronizationOnNonFinalFieldInspection
17492:             1             24  org.jetbrains.plugins.groovy.codeInspection.threading.GroovySynchronizationOnThisInspection
17493:             1             24  org.jetbrains.plugins.groovy.codeInspection.threading.GroovySynchronizationOnVariableInitializedWithLiteralInspection
17494:             1             24  org.jetbrains.plugins.groovy.codeInspection.threading.GroovySynchronizedMethodInspection
17495:             1             24  org.jetbrains.plugins.groovy.codeInspection.threading.GroovySystemRunFinalizersOnExitInspection
17496:             1             24  org.jetbrains.plugins.groovy.codeInspection.threading.GroovyThreadStopSuspendResumeInspection
17497:             1             24  org.jetbrains.plugins.groovy.codeInspection.threading.GroovyUnconditionalWaitInspection
17498:             1             24  org.jetbrains.plugins.groovy.codeInspection.threading.GroovyUnsynchronizedMethodOverridesSynchronizedMethodInspection
17499:             1             24  org.jetbrains.plugins.groovy.codeInspection.threading.GroovyWaitCallNotInLoopInspection
17500:             1             24  org.jetbrains.plugins.groovy.codeInspection.threading.GroovyWaitWhileNotSynchronizedInspection
17501:             1             24  org.jetbrains.plugins.groovy.codeInspection.threading.GroovyWhileLoopSpinsOnFieldInspection
17502:             1             24  org.jetbrains.plugins.groovy.codeInspection.unassignedVariable.UnassignedVariableAccessInspection
17503:             1             24  org.jetbrains.plugins.groovy.codeInspection.untypedUnresolvedAccess.GrUnresolvedAccessInspection
17504:             1             24  org.jetbrains.plugins.groovy.codeInspection.untypedUnresolvedAccess.GroovyUntypedAccessInspection
17505:             1             24  org.jetbrains.plugins.groovy.codeInspection.unusedDef.UnusedDefInspection
17506:             1             24  org.jetbrains.plugins.groovy.codeInspection.validity.GroovyDuplicateSwitchBranchInspection
17507:             1             24  org.jetbrains.plugins.groovy.codeInspection.validity.GroovyUnreachableStatementInspection
17508:             1             24  org.jetbrains.plugins.groovy.console.GroovyConsoleRootType
17509:             1             24  org.jetbrains.plugins.groovy.console.GroovyConsoleStateService
17510:             1             24  org.jetbrains.plugins.groovy.debugger.GroovyDebuggerSettings
17511:             1             24  org.jetbrains.plugins.groovy.dgm.DGMFileType
17512:             1             24  org.jetbrains.plugins.groovy.ext.logback.LogbackFileType
17513:             1             24  org.jetbrains.plugins.groovy.gant.GantSettings
17514:             1             24  org.jetbrains.plugins.groovy.intentions.GroovyIntentionsBundle
17515:             1             24  org.jetbrains.plugins.groovy.intentions.annotations.AddAnnotationValueIntention$Companion$1
17516:             1             24  org.jetbrains.plugins.groovy.intentions.control.DemorgansLawIntention
17517:             1             24  org.jetbrains.plugins.groovy.intentions.control.FlipComparisonIntention
17518:             1             24  org.jetbrains.plugins.groovy.intentions.control.FlipConjunctionIntention
17519:             1             24  org.jetbrains.plugins.groovy.intentions.control.NegateComparisonIntention
17520:             1             24  org.jetbrains.plugins.groovy.intentions.conversions.GrSplitDeclarationIntention
17521:             1             24  org.jetbrains.plugins.groovy.intentions.conversions.RenameClassToFileNameIntention
17522:             1             24  org.jetbrains.plugins.groovy.intentions.conversions.RenameFileWithClassIntention
17523:             1             24  org.jetbrains.plugins.groovy.intentions.declaration.GrCreateSubclassAction
17524:             1             24  org.jetbrains.plugins.groovy.intentions.declaration.GrMakeMemberPrivateIntention
17525:             1             24  org.jetbrains.plugins.groovy.intentions.declaration.GrMakeMemberProtectedIntention
17526:             1             24  org.jetbrains.plugins.groovy.intentions.declaration.GrMakeMemberPublicIntention
17527:             1             24  org.jetbrains.plugins.groovy.lang.groovydoc.parser.GroovyDocElementTypes$1
17528:             1             24  org.jetbrains.plugins.groovy.lang.groovydoc.parser.elements.GroovyDocTagValueTokenType
17529:             1             24  org.jetbrains.plugins.groovy.lang.parser.GrBlockElementType
17530:             1             24  org.jetbrains.plugins.groovy.lang.parser.GrBlockLambdaBodyElementType
17531:             1             24  org.jetbrains.plugins.groovy.lang.parser.GrClosureElementType
17532:             1             24  org.jetbrains.plugins.groovy.lang.parser.GrConstructorBlockElementType
17533:             1             24  org.jetbrains.plugins.groovy.lang.parser.GrEnumDefinitionBodyElementType
17534:             1             24  org.jetbrains.plugins.groovy.lang.psi.patterns.GroovyAnnotationArgumentPattern$withArgumentName$1
17535:             1             24  org.jetbrains.plugins.groovy.lang.psi.patterns.GroovyPatterns$1
17536:             1             24  org.jetbrains.plugins.groovy.lang.psi.stubs.elements.GrAnnotationArgumentListElementType
17537:             1             24  org.jetbrains.plugins.groovy.lang.psi.stubs.elements.GrAnnotationDefinitionElementType
17538:             1             24  org.jetbrains.plugins.groovy.lang.psi.stubs.elements.GrAnnotationElementType
17539:             1             24  org.jetbrains.plugins.groovy.lang.psi.stubs.elements.GrAnnotationMethodElementType
17540:             1             24  org.jetbrains.plugins.groovy.lang.psi.stubs.elements.GrAnonymousElementType
17541:             1             24  org.jetbrains.plugins.groovy.lang.psi.stubs.elements.GrClassDefinitionElementType
17542:             1             24  org.jetbrains.plugins.groovy.lang.psi.stubs.elements.GrConstructorElementType
17543:             1             24  org.jetbrains.plugins.groovy.lang.psi.stubs.elements.GrEnumConstantElementType
17544:             1             24  org.jetbrains.plugins.groovy.lang.psi.stubs.elements.GrEnumConstantInitializerElementType
17545:             1             24  org.jetbrains.plugins.groovy.lang.psi.stubs.elements.GrEnumConstantListElementType
17546:             1             24  org.jetbrains.plugins.groovy.lang.psi.stubs.elements.GrEnumDefinitionElementType
17547:             1             24  org.jetbrains.plugins.groovy.lang.psi.stubs.elements.GrExtendsClauseElementType
17548:             1             24  org.jetbrains.plugins.groovy.lang.psi.stubs.elements.GrFieldElementType
17549:             1             24  org.jetbrains.plugins.groovy.lang.psi.stubs.elements.GrImplementsClauseElementType
17550:             1             24  org.jetbrains.plugins.groovy.lang.psi.stubs.elements.GrImportStatementElementType
17551:             1             24  org.jetbrains.plugins.groovy.lang.psi.stubs.elements.GrInterfaceDefinitionElementType
17552:             1             24  org.jetbrains.plugins.groovy.lang.psi.stubs.elements.GrMethodElementType
17553:             1             24  org.jetbrains.plugins.groovy.lang.psi.stubs.elements.GrModifierListElementType
17554:             1             24  org.jetbrains.plugins.groovy.lang.psi.stubs.elements.GrNameValuePairElementType
17555:             1             24  org.jetbrains.plugins.groovy.lang.psi.stubs.elements.GrPackageDefinitionElementType
17556:             1             24  org.jetbrains.plugins.groovy.lang.psi.stubs.elements.GrParameterElementType
17557:             1             24  org.jetbrains.plugins.groovy.lang.psi.stubs.elements.GrParameterListElementType
17558:             1             24  org.jetbrains.plugins.groovy.lang.psi.stubs.elements.GrStubFileElementType
17559:             1             24  org.jetbrains.plugins.groovy.lang.psi.stubs.elements.GrThrowsClauseElementType
17560:             1             24  org.jetbrains.plugins.groovy.lang.psi.stubs.elements.GrTraitElementType
17561:             1             24  org.jetbrains.plugins.groovy.lang.psi.stubs.elements.GrTypeDefinitionBodyElementType
17562:             1             24  org.jetbrains.plugins.groovy.lang.psi.stubs.elements.GrTypeParameterBoundsElementType
17563:             1             24  org.jetbrains.plugins.groovy.lang.psi.stubs.elements.GrTypeParameterElementType
17564:             1             24  org.jetbrains.plugins.groovy.lang.psi.stubs.elements.GrTypeParameterListElementType
17565:             1             24  org.jetbrains.plugins.groovy.lang.psi.stubs.elements.GrVariableDeclarationElementType
17566:             1             24  org.jetbrains.plugins.groovy.lang.psi.stubs.elements.GrVariableElementType
17567:             1             24  org.jetbrains.plugins.groovy.lang.psi.uast.GroovyUastPlugin
17568:             1             24  org.jetbrains.plugins.groovy.lang.resolve.GroovyTraitMethodsFileIndex
17569:             1             24  org.jetbrains.plugins.groovy.lang.resolve.GroovyTraitMethodsFileIndex$1
17570:             1             24  org.jetbrains.plugins.groovy.lang.resolve.GroovyTraitMethodsFileIndex$2
17571:             1             24  org.jetbrains.plugins.groovy.mvc.MvcFramework$$Lambda$2407/0x0000000801acdc40
17572:             1             24  org.jetbrains.plugins.groovy.mvc.MvcModuleStructureSynchronizer$3
17573:             1             24  org.jetbrains.plugins.groovy.mvc.MvcModuleStructureSynchronizer$SyncAction$1
17574:             1             24  org.jetbrains.plugins.groovy.mvc.MvcModuleStructureSynchronizer$SyncAction$2
17575:             1             24  org.jetbrains.plugins.groovy.mvc.MvcModuleStructureSynchronizer$SyncAction$3
17576:             1             24  org.jetbrains.plugins.groovy.mvc.MvcModuleStructureSynchronizer$SyncAction$4
17577:             1             24  org.jetbrains.plugins.groovy.mvc.MvcModuleStructureSynchronizer$SyncAction$5
17578:             1             24  org.jetbrains.plugins.groovy.mvc.MvcModuleStructureSynchronizer$SyncAction$6
17579:             1             24  org.jetbrains.plugins.groovy.refactoring.GroovyRefactoringBundle
17580:             1             24  org.jetbrains.plugins.groovy.template.GroovyTemplateContextType$Declaration
17581:             1             24  org.jetbrains.plugins.groovy.template.GroovyTemplateContextType$Expression
17582:             1             24  org.jetbrains.plugins.groovy.template.GroovyTemplateContextType$Generic
17583:             1             24  org.jetbrains.plugins.groovy.template.GroovyTemplateContextType$Statement
17584:             1             24  org.jetbrains.plugins.groovy.transformations.singleton.SingletonConstructorInspection
17585:             1             24  org.jetbrains.plugins.haml.HAMLFileType
17586:             1             24  org.jetbrains.plugins.haml.HamlBundle
17587:             1             24  org.jetbrains.plugins.haml.HamlLiveTemplateContextType
17588:             1             24  org.jetbrains.plugins.haml.codeInsight.inspections.HamlNestedTagContentInspection
17589:             1             24  org.jetbrains.plugins.javaFX.JavaFXBundle
17590:             1             24  org.jetbrains.plugins.javaFX.css.inspections.JavaFxUnresolvedStyleClassReferenceInspection
17591:             1             24  org.jetbrains.plugins.javaFX.css.refs.JavaFxCSSReferenceContributor$1
17592:             1             24  org.jetbrains.plugins.javaFX.css.refs.JavaFxStylesheetsIndex
17593:             1             24  org.jetbrains.plugins.javaFX.fxml.codeInsight.inspections.JavaFxColorRgbInspection
17594:             1             24  org.jetbrains.plugins.javaFX.fxml.codeInsight.inspections.JavaFxDefaultTagInspection
17595:             1             24  org.jetbrains.plugins.javaFX.fxml.codeInsight.inspections.JavaFxEventHandlerInspection
17596:             1             24  org.jetbrains.plugins.javaFX.fxml.codeInsight.inspections.JavaFxRedundantPropertyValueInspection
17597:             1             24  org.jetbrains.plugins.javaFX.fxml.codeInsight.inspections.JavaFxUnresolvedFxIdReferenceInspection
17598:             1             24  org.jetbrains.plugins.javaFX.fxml.codeInsight.inspections.JavaFxUnusedImportsInspection
17599:             1             24  org.jetbrains.plugins.javaFX.fxml.refs.JavaFxReferencesContributor$3
17600:             1             24  org.jetbrains.plugins.javaFX.indexing.JavaFxControllerClassIndex
17601:             1             24  org.jetbrains.plugins.javaFX.indexing.JavaFxCustomComponentsIndex
17602:             1             24  org.jetbrains.plugins.javaFX.indexing.JavaFxIdsIndex
17603:             1             24  org.jetbrains.plugins.javaFX.packaging.JavaFxApplicationArtifactType
17604:             1             24  org.jetbrains.plugins.javaFX.packaging.preloader.JavaFxPreloaderArtifactType
17605:             1             24  org.jetbrains.plugins.javaFX.resources.JavaFxResourcePropertyValueInspection
17606:             1             24  org.jetbrains.plugins.less.LESSCommentElementType
17607:             1             24  org.jetbrains.plugins.less.LESSFileType
17608:             1             24  org.jetbrains.plugins.less.inspections.LessResolvedByNameOnlyInspection
17609:             1             24  org.jetbrains.plugins.less.inspections.LessUnresolvedMixinInspection
17610:             1             24  org.jetbrains.plugins.less.inspections.LessUnresolvedVariableInspection
17611:             1             24  org.jetbrains.plugins.less.psi.LessFileElementType
17612:             1             24  org.jetbrains.plugins.less.psi.stubs.types.LessParameterListStubElementType
17613:             1             24  org.jetbrains.plugins.less.psi.stubs.types.LessParameterStubElementType
17614:             1             24  org.jetbrains.plugins.less.psi.stubs.types.LessPrimitiveMixinStubElementType
17615:             1             24  org.jetbrains.plugins.less.psi.stubs.types.LessRegularMixinStubElementType
17616:             1             24  org.jetbrains.plugins.less.psi.stubs.types.LessVariableDeclarationStubElementType
17617:             1             24  org.jetbrains.plugins.sass.SASSFileType
17618:             1             24  org.jetbrains.plugins.sass.psi.SassDeclarationBlockElementType
17619:             1             24  org.jetbrains.plugins.sass.psi.SassFunctionBodyElementType
17620:             1             24  org.jetbrains.plugins.sass.psi.stubs.types.SassMixinDeclarationStubElementType
17621:             1             24  org.jetbrains.plugins.scala.ScalaBundle
17622:             1             24  org.jetbrains.plugins.scala.ScalaFileType
17623:             1             24  org.jetbrains.plugins.scala.annotator.TypeMismatchTooltipsHandler$Listener
17624:             1             24  org.jetbrains.plugins.scala.annotator.gutter.ScalaLineMarkerProvider
17625:             1             24  org.jetbrains.plugins.scala.annotator.usageTracker.ScalaRefCountHolderService
17626:             1             24  org.jetbrains.plugins.scala.annotator.usageTracker.ScalaRefCountHolderService$
17627:             1             24  org.jetbrains.plugins.scala.caches.CachesUtil$
17628:             1             24  org.jetbrains.plugins.scala.caches.ProjectUserDataHolder$
17629:             1             24  org.jetbrains.plugins.scala.caches.RecursionManager$
17630:             1             24  org.jetbrains.plugins.scala.codeInsight.ScalaCodeInsightBundle
17631:             1             24  org.jetbrains.plugins.scala.codeInsight.daemon.ScalaRainbowVisitor
17632:             1             24  org.jetbrains.plugins.scala.codeInsight.generation.actions.ScalaGenerateEqualsAction$Handler
17633:             1             24  org.jetbrains.plugins.scala.codeInsight.implicits.ImplicitHints$
17634:             1             24  org.jetbrains.plugins.scala.codeInsight.implicits.MouseHandler$
17635:             1             24  org.jetbrains.plugins.scala.codeInsight.implicits.package$
17636:             1             24  org.jetbrains.plugins.scala.codeInsight.intention.declarations.ChangeAccessModifierIntention
17637:             1             24  org.jetbrains.plugins.scala.codeInsight.intention.declarations.ChangeAccessModifierIntention$
17638:             1             24  org.jetbrains.plugins.scala.codeInsight.intention.stringLiteral.FormatConversionIntention$
17639:             1             24  org.jetbrains.plugins.scala.codeInsight.template.impl.ScalaCodeContextType
17640:             1             24  org.jetbrains.plugins.scala.codeInsight.template.impl.ScalaCommentContextType
17641:             1             24  org.jetbrains.plugins.scala.codeInsight.template.impl.ScalaImplicitValueClassContextType
17642:             1             24  org.jetbrains.plugins.scala.codeInsight.template.impl.ScalaStringContextType
17643:             1             24  org.jetbrains.plugins.scala.codeInsight.template.impl.ScalaXmlContextType
17644:             1             24  org.jetbrains.plugins.scala.codeInspection.AbstractInspection$
17645:             1             24  org.jetbrains.plugins.scala.codeInspection.SAM.ConvertExpressionToSAMInspection
17646:             1             24  org.jetbrains.plugins.scala.codeInspection.SAM.ConvertExpressionToSAMInspection$
17647:             1             24  org.jetbrains.plugins.scala.codeInspection.ScalaFileNameInspection
17648:             1             24  org.jetbrains.plugins.scala.codeInspection.ScalaInspectionBundle
17649:             1             24  org.jetbrains.plugins.scala.codeInspection.annotations.MultipleArgLists
17650:             1             24  org.jetbrains.plugins.scala.codeInspection.booleans.DoubleNegationInspection
17651:             1             24  org.jetbrains.plugins.scala.codeInspection.booleans.SimplifyBooleanInspection
17652:             1             24  org.jetbrains.plugins.scala.codeInspection.booleans.SimplifyBooleanMatchInspection
17653:             1             24  org.jetbrains.plugins.scala.codeInspection.caseClassParamInspection.CaseClassParamInspection
17654:             1             24  org.jetbrains.plugins.scala.codeInspection.cast.ScalaRedundantCastInspection
17655:             1             24  org.jetbrains.plugins.scala.codeInspection.cast.ScalaRedundantConversionInspection
17656:             1             24  org.jetbrains.plugins.scala.codeInspection.catchAll.DangerousCatchAllInspection
17657:             1             24  org.jetbrains.plugins.scala.codeInspection.collections.ComparingLengthInspection$
17658:             1             24  org.jetbrains.plugins.scala.codeInspection.collections.IndexBoundsCheckInspection$$anon$1
17659:             1             24  org.jetbrains.plugins.scala.codeInspection.collections.MapGetOrElseFalse$
17660:             1             24  org.jetbrains.plugins.scala.codeInspection.collections.MapGetOrElseTrue$
17661:             1             24  org.jetbrains.plugins.scala.codeInspection.collections.SimplifiableFoldOrReduceInspection$$anon$1
17662:             1             24  org.jetbrains.plugins.scala.codeInspection.collections.SimplifiableFoldOrReduceInspection$$anon$2
17663:             1             24  org.jetbrains.plugins.scala.codeInspection.collections.SimplifiableFoldOrReduceInspection$$anon$3
17664:             1             24  org.jetbrains.plugins.scala.codeInspection.collections.SimplifiableFoldOrReduceInspection$$anon$4
17665:             1             24  org.jetbrains.plugins.scala.codeInspection.collections.SimplifiableFoldOrReduceInspection$$anon$5
17666:             1             24  org.jetbrains.plugins.scala.codeInspection.collections.SimplifiableFoldOrReduceInspection$$anon$6
17667:             1             24  org.jetbrains.plugins.scala.codeInspection.collections.UnzipSingleElementInspection$$anon$1
17668:             1             24  org.jetbrains.plugins.scala.codeInspection.controlFlow.ScalaUnreachableCodeInspection
17669:             1             24  org.jetbrains.plugins.scala.codeInspection.controlFlow.ScalaUnusedExpressionInspection
17670:             1             24  org.jetbrains.plugins.scala.codeInspection.defaultFileTemplateInspection.ScalaDefaultFileTemplateUsageInspection
17671:             1             24  org.jetbrains.plugins.scala.codeInspection.delayedInit.FieldFromDelayedInitInspection
17672:             1             24  org.jetbrains.plugins.scala.codeInspection.deprecation.DeprecatedKindProjectorSyntaxInspection
17673:             1             24  org.jetbrains.plugins.scala.codeInspection.deprecation.ScalaDeprecatedIdentifierInspection
17674:             1             24  org.jetbrains.plugins.scala.codeInspection.deprecation.ScalaDeprecationInspection
17675:             1             24  org.jetbrains.plugins.scala.codeInspection.format.LegacyStringFormattingInspection
17676:             1             24  org.jetbrains.plugins.scala.codeInspection.format.ScalaMalformedFormatStringInspection
17677:             1             24  org.jetbrains.plugins.scala.codeInspection.forwardReferenceInspection.ForwardReferenceInspection
17678:             1             24  org.jetbrains.plugins.scala.codeInspection.functionExpressions.MatchToPartialFunctionInspection
17679:             1             24  org.jetbrains.plugins.scala.codeInspection.functionExpressions.MatchToPartialFunctionInspection$
17680:             1             24  org.jetbrains.plugins.scala.codeInspection.functionExpressions.UnnecessaryPartialFunctionInspection
17681:             1             24  org.jetbrains.plugins.scala.codeInspection.functionExpressions.UnnecessaryPartialFunctionInspection$
17682:             1             24  org.jetbrains.plugins.scala.codeInspection.hashCodeUsesVar.HashCodeUsesVarInspection
17683:             1             24  org.jetbrains.plugins.scala.codeInspection.implicits.DeprecatedViewBoundInspection
17684:             1             24  org.jetbrains.plugins.scala.codeInspection.implicits.DeprecatedViewBoundInspection$
17685:             1             24  org.jetbrains.plugins.scala.codeInspection.imports.SingleImportInspection
17686:             1             24  org.jetbrains.plugins.scala.codeInspection.literal.FloatLiteralEndingWithDecimalPointInspection
17687:             1             24  org.jetbrains.plugins.scala.codeInspection.methodSignature.AccessorLikeMethodInspection$EmptyParentheses
17688:             1             24  org.jetbrains.plugins.scala.codeInspection.methodSignature.AccessorLikeMethodInspection$UnitReturnType
17689:             1             24  org.jetbrains.plugins.scala.codeInspection.methodSignature.ApparentResultTypeRefinementInspection
17690:             1             24  org.jetbrains.plugins.scala.codeInspection.methodSignature.EmptyParenOverrideInspection$JavaAccessorMethodOverriddenAsEmptyParenInspection
17691:             1             24  org.jetbrains.plugins.scala.codeInspection.methodSignature.EmptyParenOverrideInspection$ParameterlessMemberOverriddenAsEmptyParenInspection
17692:             1             24  org.jetbrains.plugins.scala.codeInspection.methodSignature.JavaAccessorEmptyParenCallInspection
17693:             1             24  org.jetbrains.plugins.scala.codeInspection.methodSignature.OverrideAbstractMemberInspection
17694:             1             24  org.jetbrains.plugins.scala.codeInspection.methodSignature.ParameterlessAccessInspection$EmptyParenMethod
17695:             1             24  org.jetbrains.plugins.scala.codeInspection.methodSignature.ParameterlessAccessInspection$JavaMutator
17696:             1             24  org.jetbrains.plugins.scala.codeInspection.methodSignature.ParameterlessOverrideInspection$EmptyParenMethod
17697:             1             24  org.jetbrains.plugins.scala.codeInspection.methodSignature.ParameterlessOverrideInspection$JavaMutator
17698:             1             24  org.jetbrains.plugins.scala.codeInspection.methodSignature.ParameterlessOverrideInspection$MutatorLikeMethod
17699:             1             24  org.jetbrains.plugins.scala.codeInspection.methodSignature.UnitMethodInspection$ExplicitAssignment
17700:             1             24  org.jetbrains.plugins.scala.codeInspection.methodSignature.UnitMethodInspection$ExplicitType
17701:             1             24  org.jetbrains.plugins.scala.codeInspection.methodSignature.UnitMethodInspection$FunctionDefinition
17702:             1             24  org.jetbrains.plugins.scala.codeInspection.methodSignature.UnitMethodInspection$Parameterless
17703:             1             24  org.jetbrains.plugins.scala.codeInspection.methodSignature.UnitMethodInspection$ProcedureDeclaration
17704:             1             24  org.jetbrains.plugins.scala.codeInspection.methodSignature.UnitMethodInspection$ProcedureDefinition
17705:             1             24  org.jetbrains.plugins.scala.codeInspection.monads.NestedStatefulMonadsInspection
17706:             1             24  org.jetbrains.plugins.scala.codeInspection.monads.NestedStatefulMonadsInspection$
17707:             1             24  org.jetbrains.plugins.scala.codeInspection.notImplementedCode.NotImplementedCodeInspection
17708:             1             24  org.jetbrains.plugins.scala.codeInspection.packageNameInspection.ChainedPackageInspection
17709:             1             24  org.jetbrains.plugins.scala.codeInspection.packageNameInspection.ScalaPackageNameInspection
17710:             1             24  org.jetbrains.plugins.scala.codeInspection.parameters.NameBooleanParametersInspection
17711:             1             24  org.jetbrains.plugins.scala.codeInspection.parameters.RedundantDefaultArgumentInspection
17712:             1             24  org.jetbrains.plugins.scala.codeInspection.parameters.TypedParameterWithoutParenthesisInspection
17713:             1             24  org.jetbrains.plugins.scala.codeInspection.postfix.PostfixMethodCallInspection
17714:             1             24  org.jetbrains.plugins.scala.codeInspection.prefixMutableCollections.ReferenceMustBePrefixedInspection
17715:             1             24  org.jetbrains.plugins.scala.codeInspection.recursion.NoTailRecursionAnnotationInspection
17716:             1             24  org.jetbrains.plugins.scala.codeInspection.redundantBlock.RedundantBlockInspection
17717:             1             24  org.jetbrains.plugins.scala.codeInspection.relativeImports.RelativeImportInspection
17718:             1             24  org.jetbrains.plugins.scala.codeInspection.scaladoc.ScalaDocInlinedTagInspection
17719:             1             24  org.jetbrains.plugins.scala.codeInspection.scaladoc.ScalaDocMissingParameterDescriptionInspection
17720:             1             24  org.jetbrains.plugins.scala.codeInspection.scaladoc.ScalaDocParserErrorInspection
17721:             1             24  org.jetbrains.plugins.scala.codeInspection.scaladoc.ScalaDocUnbalancedHeaderInspection
17722:             1             24  org.jetbrains.plugins.scala.codeInspection.scaladoc.ScalaDocUnclosedTagWithoutParserInspection
17723:             1             24  org.jetbrains.plugins.scala.codeInspection.scaladoc.ScalaDocUnknownParameterInspection
17724:             1             24  org.jetbrains.plugins.scala.codeInspection.scaladoc.ScalaDocUnknownTagInspection
17725:             1             24  org.jetbrains.plugins.scala.codeInspection.scalastyle.ScalastyleCodeInspection
17726:             1             24  org.jetbrains.plugins.scala.codeInspection.shadow.TypeParameterShadowInspection
17727:             1             24  org.jetbrains.plugins.scala.codeInspection.shadow.VariablePatternShadowInspection
17728:             1             24  org.jetbrains.plugins.scala.codeInspection.syntacticClarification.AutoTuplingInspection
17729:             1             24  org.jetbrains.plugins.scala.codeInspection.syntacticClarification.VariableNullInitializerInspection
17730:             1             24  org.jetbrains.plugins.scala.codeInspection.syntacticClarification.VariableNullInitializerInspection$
17731:             1             24  org.jetbrains.plugins.scala.codeInspection.syntacticSimplification.ConvertibleToMethodValueInspection
17732:             1             24  org.jetbrains.plugins.scala.codeInspection.syntacticSimplification.ConvertibleToMethodValueInspection$
17733:             1             24  org.jetbrains.plugins.scala.codeInspection.syntacticSimplification.FunctionTupleSyntacticSugarInspection
17734:             1             24  org.jetbrains.plugins.scala.codeInspection.syntacticSimplification.RedundantNewCaseClassInspection
17735:             1             24  org.jetbrains.plugins.scala.codeInspection.syntacticSimplification.RemoveRedundantReturnInspection
17736:             1             24  org.jetbrains.plugins.scala.codeInspection.syntacticSimplification.ScalaUnnecessarySemicolonInspection
17737:             1             24  org.jetbrains.plugins.scala.codeInspection.typeAnnotation.TypeAnnotationInspection
17738:             1             24  org.jetbrains.plugins.scala.codeInspection.typeChecking.ComparingUnrelatedTypesInspection
17739:             1             24  org.jetbrains.plugins.scala.codeInspection.typeChecking.ComparingUnrelatedTypesInspection$
17740:             1             24  org.jetbrains.plugins.scala.codeInspection.typeChecking.TypeCheckCanBeMatchInspection
17741:             1             24  org.jetbrains.plugins.scala.codeInspection.typeChecking.TypeCheckCanBeMatchInspection$
17742:             1             24  org.jetbrains.plugins.scala.codeInspection.typeLambdaSimplify.AppliedTypeLambdaCanBeSimplifiedInspection
17743:             1             24  org.jetbrains.plugins.scala.codeInspection.typeLambdaSimplify.AppliedTypeLambdaCanBeSimplifiedInspection$
17744:             1             24  org.jetbrains.plugins.scala.codeInspection.typeLambdaSimplify.KindProjectorSimplifyTypeProjectionInspection
17745:             1             24  org.jetbrains.plugins.scala.codeInspection.typeLambdaSimplify.KindProjectorSimplifyTypeProjectionInspection$
17746:             1             24  org.jetbrains.plugins.scala.codeInspection.typeLambdaSimplify.KindProjectorUseCorrectLambdaKeywordInspection
17747:             1             24  org.jetbrains.plugins.scala.codeInspection.unusedInspections.ScalaUnusedSymbolInspection
17748:             1             24  org.jetbrains.plugins.scala.codeInspection.valInTraitInspection.AbstractValueInTraitInspection
17749:             1             24  org.jetbrains.plugins.scala.codeInspection.varCouldBeValInspection.VarCouldBeValInspection
17750:             1             24  org.jetbrains.plugins.scala.codeInspection.xml.ScalaXmlUnmatchedTagInspection
17751:             1             24  org.jetbrains.plugins.scala.compiler.CompilerLockImpl
17752:             1             24  org.jetbrains.plugins.scala.components.Scala3Disclaimer$
17753:             1             24  org.jetbrains.plugins.scala.components.TypeAwareWidgetProvider$Widget
17754:             1             24  org.jetbrains.plugins.scala.console.actions.ScalaConsoleCleanAction$$anon$1
17755:             1             24  org.jetbrains.plugins.scala.console.actions.ScalaConsoleNewLineAction$$anon$1
17756:             1             24  org.jetbrains.plugins.scala.console.configuration.ScalaConsoleRunConfigurationFactory
17757:             1             24  org.jetbrains.plugins.scala.conversion.ScalaConversionBundle
17758:             1             24  org.jetbrains.plugins.scala.debugger.breakpoints.ScalaLineBreakpointType
17759:             1             24  org.jetbrains.plugins.scala.decompileToJava.JavaDecompilerBundle
17760:             1             24  org.jetbrains.plugins.scala.duplicateDetection.ScalaDuplicateScope
17761:             1             24  org.jetbrains.plugins.scala.editor.ScalaEditorBundle
17762:             1             24  org.jetbrains.plugins.scala.editor.codeFolding.ScalaCodeFoldingOptionsProvider
17763:             1             24  org.jetbrains.plugins.scala.extensions.package$
17764:             1             24  org.jetbrains.plugins.scala.externalHighlighters.JpsCompilerImpl
17765:             1             24  org.jetbrains.plugins.scala.externalHighlighters.RegisterCompilationListener$MyFileEditorManagerListener
17766:             1             24  org.jetbrains.plugins.scala.findUsages.compilerReferences.compilation.JpsCompilationWatcher
17767:             1             24  org.jetbrains.plugins.scala.findUsages.compilerReferences.indices.CompilerReferenceIndexerScheduler
17768:             1             24  org.jetbrains.plugins.scala.findUsages.compilerReferences.settings.CompilerIndicesSbtSettings
17769:             1             24  org.jetbrains.plugins.scala.findUsages.compilerReferences.settings.CompilerIndicesSettings$State
17770:             1             24  org.jetbrains.plugins.scala.injection.ScalaLanguageInjector
17771:             1             24  org.jetbrains.plugins.scala.lang.formatting.scalafmt.ScalafmtDynamicConfigService
17772:             1             24  org.jetbrains.plugins.scala.lang.formatting.scalafmt.ScalafmtReformatOnFileSaveTask$$anon$1
17773:             1             24  org.jetbrains.plugins.scala.lang.formatting.settings.ScalaDocFormattingPanel$
17774:             1             24  org.jetbrains.plugins.scala.lang.formatting.settings.inference.CodeStyleSettingsInferService
17775:             1             24  org.jetbrains.plugins.scala.lang.formatting.settings.inference.ScalaDocAsteriskAlignStyleIndexer$
17776:             1             24  org.jetbrains.plugins.scala.lang.formatting.settings.migration.ApplicationCodeStyleSettingsMigrationService
17777:             1             24  org.jetbrains.plugins.scala.lang.formatting.settings.migration.CodeStyleSettingsMigrationServiceBase$MigrationItem
17778:             1             24  org.jetbrains.plugins.scala.lang.formatting.settings.migration.CodeStyleSettingsMigrationServiceBase$Migrations$
17779:             1             24  org.jetbrains.plugins.scala.lang.formatting.settings.migration.ProjectCodeStyleSettingsMigrationService
17780:             1             24  org.jetbrains.plugins.scala.lang.parser.ScCodeBlockElementType$BlockExpression$
17781:             1             24  org.jetbrains.plugins.scala.lang.psi.api.ScalaPsiElement$
17782:             1             24  org.jetbrains.plugins.scala.lang.psi.impl.ScalaFileImpl$
17783:             1             24  org.jetbrains.plugins.scala.lang.psi.impl.ScalaPsiChangeListener$ScalaPsiChangeListenerImpl
17784:             1             24  org.jetbrains.plugins.scala.lang.psi.impl.ScalaPsiManager$
17785:             1             24  org.jetbrains.plugins.scala.lang.psi.impl.ScalaPsiManager$AnyScalaPsiModificationTracker$
17786:             1             24  org.jetbrains.plugins.scala.lang.psi.impl.ScalaPsiManagerHolder
17787:             1             24  org.jetbrains.plugins.scala.lang.psi.impl.toplevel.synthetic.SyntheticClasses$$Lambda$2994/0x0000000801d4b840
17788:             1             24  org.jetbrains.plugins.scala.lang.psi.impl.toplevel.typedef.ScTypeDefinitionImpl$
17789:             1             24  org.jetbrains.plugins.scala.lang.psi.stubs.index.ImplicitConversionIndex$
17790:             1             24  org.jetbrains.plugins.scala.lang.psi.types.api.Equivalence$
17791:             1             24  org.jetbrains.plugins.scala.lang.refactoring.move.members.ScalaMoveMembersHandler
17792:             1             24  org.jetbrains.plugins.scala.lang.references.ScalaFilePathReferenceProvider
17793:             1             24  org.jetbrains.plugins.scala.lang.scaladoc.parser.ScalaDocElementTypes$1
17794:             1             24  org.jetbrains.plugins.scala.project.notification.SetupJdkNotificationProvider
17795:             1             24  org.jetbrains.plugins.scala.project.notification.SetupScalaSdkNotificationProvider
17796:             1             24  org.jetbrains.plugins.scala.project.notification.source.ScalaAttachSourcesNotificationProvider
17797:             1             24  org.jetbrains.plugins.scala.project.settings.ScalaCompilerConfiguration$
17798:             1             24  org.jetbrains.plugins.scala.project.settings.ScalaCompilerSettings$
17799:             1             24  org.jetbrains.plugins.scala.scalai18n.codeInspection.i18n.ScalaInvalidPropertyKeyInspection
17800:             1             24  org.jetbrains.plugins.scala.settings.ScalaCodeFoldingSettingsImpl
17801:             1             24  org.jetbrains.plugins.scala.settings.ScalaEditorSmartKeysConfigurable
17802:             1             24  org.jetbrains.plugins.scala.testingSupport.test.TestConfigurationUtil$
17803:             1             24  org.jetbrains.plugins.scala.testingSupport.test.scalatest.ScalaTestRunConfigurationFactory
17804:             1             24  org.jetbrains.plugins.scala.testingSupport.test.specs2.Specs2RunConfigurationFactory
17805:             1             24  org.jetbrains.plugins.scala.testingSupport.test.utest.UTestRunConfigurationFactory
17806:             1             24  org.jetbrains.plugins.scala.util.RescheduledExecutor
17807:             1             24  org.jetbrains.plugins.scala.util.UIFreezingGuard$progress$
17808:             1             24  org.jetbrains.plugins.scala.worksheet.WorksheetFileType$
17809:             1             24  org.jetbrains.plugins.scala.worksheet.actions.topmenu.RunWorksheetAction$
17810:             1             24  org.jetbrains.plugins.scala.worksheet.ammonite.AmmoniteUnresolvedLibraryInspection
17811:             1             24  org.jetbrains.plugins.scala.worksheet.inspections.WorksheetPackageDeclarationInspection
17812:             1             24  org.jetbrains.plugins.scalaDoc.lang.parser.ScalaDocParserDefinition
17813:             1             24  org.jetbrains.plugins.scss.SCSSElementTypes$1
17814:             1             24  org.jetbrains.plugins.scss.SCSSFileType
17815:             1             24  org.jetbrains.plugins.scss.inspections.SassScssResolvedByNameOnlyInspection
17816:             1             24  org.jetbrains.plugins.scss.inspections.SassScssUnresolvedMixinInspection
17817:             1             24  org.jetbrains.plugins.scss.inspections.SassScssUnresolvedPlaceholderSelectorInspection
17818:             1             24  org.jetbrains.plugins.scss.inspections.SassScssUnresolvedVariableInspection
17819:             1             24  org.jetbrains.plugins.scss.psi.stubs.types.SassScssParameterListStubElementType
17820:             1             24  org.jetbrains.plugins.scss.psi.stubs.types.SassScssParameterStubElementType
17821:             1             24  org.jetbrains.plugins.scss.psi.stubs.types.ScssFunctionDeclarationStubElementType
17822:             1             24  org.jetbrains.plugins.scss.psi.stubs.types.ScssMixinDeclarationStubElementType
17823:             1             24  org.jetbrains.plugins.scss.psi.stubs.types.ScssPlaceholderSelectorStubElementType
17824:             1             24  org.jetbrains.plugins.scss.psi.stubs.types.ScssVariableDeclarationStubElementType
17825:             1             24  org.jetbrains.plugins.stylus.StylusFileType
17826:             1             24  org.jetbrains.plugins.stylus.psi.StylusFileElementType
17827:             1             24  org.jetbrains.plugins.stylus.psi.stubs.types.StylusMixinStubElementType
17828:             1             24  org.jetbrains.plugins.stylus.psi.stubs.types.StylusVariableDeclarationStubElementType
17829:             1             24  org.jetbrains.plugins.terminal.TerminalBundle
17830:             1             24  org.jetbrains.plugins.textmate.language.TextMateFileType
17831:             1             24  org.jetbrains.plugins.textmate.language.syntax.TextMateSyntaxTable
17832:             1             24  org.jetbrains.plugins.textmate.plist.CompositePlistReader
17833:             1             24  org.jetbrains.sbt.JvmMemorySize
17834:             1             24  org.jetbrains.sbt.JvmMemorySize$
17835:             1             24  org.jetbrains.sbt.JvmMemorySize$Bytes$
17836:             1             24  org.jetbrains.sbt.JvmMemorySize$Gigabytes$
17837:             1             24  org.jetbrains.sbt.JvmMemorySize$Kilobytes$
17838:             1             24  org.jetbrains.sbt.JvmMemorySize$Megabytes$
17839:             1             24  org.jetbrains.sbt.JvmMemorySize$Terabytes$
17840:             1             24  org.jetbrains.sbt.SbtBundle
17841:             1             24  org.jetbrains.sbt.SbtUtil$
17842:             1             24  org.jetbrains.sbt.codeInspection.SbtReplaceProjectWithProjectInInspection
17843:             1             24  org.jetbrains.sbt.language.SbtFileType$
17844:             1             24  org.jetbrains.sbt.project.module.SbtModuleType$
17845:             1             24  org.jetbrains.sbt.project.settings.SbtLocalSettings
17846:             1             24  org.jetbrains.sbt.project.settings.SbtTopic$
17847:             1             24  org.jetbrains.sbt.project.sources.SharedSourcesModuleType
17848:             1             24  org.jetbrains.sbt.project.structure.Play2Keys$
17849:             1             24  org.jetbrains.sbt.runner.SbtRunConfigurationFactory
17850:             1             24  org.jetbrains.sbt.settings.SbtSettings$
17851:             1             24  org.jetbrains.sbt.shell.SbtShellParserDefinition$
17852:             1             24  org.jetbrains.sbt.shell.SbtShellParserDefinition$SbtShellFileType$
17853:             1             24  org.jetbrains.settingsRepository.AutoSyncManager
17854:             1             24  org.jetbrains.settingsRepository.IcsManager$ApplicationLevelProvider
17855:             1             24  org.jetbrains.settingsRepository.IcsSettings
17856:             1             24  org.jetbrains.settingsRepository.ReadOnlySourceManager
17857:             1             24  org.jetbrains.settingsRepository.ReadOnlySourceManager$repositoryList$1
17858:             1             24  org.jetbrains.settingsRepository.SyncManager
17859:             1             24  org.jetbrains.settingsRepository.git.GitRepositoryManager$credentialsProvider$2
17860:             1             24  org.jetbrains.uast.UastContext
17861:             1             24  org.jetbrains.yaml.YAMLBundle
17862:             1             24  org.jetbrains.yaml.YAMLFileType
17863:             1             24  org.jetbrains.yaml.inspections.YAMLDuplicatedKeysInspection
17864:             1             24  org.jetbrains.yaml.inspections.YAMLRecursiveAliasInspection
17865:             1             24  org.jetbrains.yaml.inspections.YAMLUnresolvedAliasInspection
17866:             1             24  org.jetbrains.yaml.inspections.YAMLUnusedAnchorInspection
17867:             1             24  org.jetbrains.yaml.schema.YamlJsonSchemaDeprecationInspection
17868:             1             24  org.jetbrains.yaml.schema.YamlJsonSchemaHighlightingInspection
17869:             1             24  org.languagetool.config.UserConfig
17870:             1             24  org.languagetool.synthesis.BaseSynthesizer$dictionary$2
17871:             1             24  org.languagetool.synthesis.BaseSynthesizer$possibleTags$2
17872:             1             24  org.languagetool.synthesis.BaseSynthesizer$stemmer$2
17873:             1             24  org.languagetool.tagging.MorfologikTagger
17874:             1             24  org.languagetool.tokenizers.SRXSentenceTokenizer
17875:             1             24  org.languagetool.tokenizers.SimpleSentenceTokenizer
17876:             1             24  org.languagetool.tokenizers.SimpleSentenceTokenizer$AnyLanguage
17877:             1             24  org.osmorc.facet.OsgiFrameworkSupportProvider
17878:             1             24  org.osmorc.i18n.OsmorcBundle
17879:             1             24  org.osmorc.inspection.ClassInDefaultPackageInspection
17880:             1             24  org.osmorc.inspection.PackageAccessibilityInspection
17881:             1             24  org.osmorc.inspection.UnregisteredActivatorInspection
17882:             1             24  org.osmorc.inspection.WrongImportPackageInspection
17883:             1             24  org.osmorc.maven.inspection.NonOsgiMavenDependencyInspection
17884:             1             24  org.osmorc.settings.ApplicationSettings
17885:             1             24  org.owasp.html.HtmlElementTables$HtmlElementNames
17886:             1             24  org.owasp.html.HtmlPolicyBuilder$2$1
17887:             1             24  org.owasp.html.StylingPolicy
17888:             1             24  org.slf4j.helpers.SubstituteLoggerFactory
17889:             1             24  org.zmlx.hg4idea.HgBundle
17890:             1             24  org.zmlx.hg4idea.HgGlobalSettings$State
17891:             1             24  org.zmlx.hg4idea.HgProjectSettings
17892:             1             24  org.zmlx.hg4idea.branch.HgBranchManager
17893:             1             24  org.zmlx.hg4idea.ignore.lang.HgIgnoreFileType
17894:             1             24  org.zmlx.hg4idea.log.HgLogProvider
17895:             1             24  org.zmlx.hg4idea.log.HgRefManager
17896:             1             24  org.zmlx.hg4idea.provider.HgChangeProvider
17897:             1             24  org.zmlx.hg4idea.provider.HgChangeProvider$HgChangeProcessor$1
17898:             1             24  org.zmlx.hg4idea.provider.HgChangeProvider$HgChangeProcessor$2
17899:             1             24  org.zmlx.hg4idea.provider.HgChangeProvider$HgChangeProcessor$3
17900:             1             24  org.zmlx.hg4idea.provider.HgChangeProvider$HgChangeProcessor$4
17901:             1             24  org.zmlx.hg4idea.provider.HgChangeProvider$HgChangeProcessor$5
17902:             1             24  org.zmlx.hg4idea.provider.HgChangeProvider$HgChangeProcessor$6
17903:             1             24  org.zmlx.hg4idea.provider.HgChangeProvider$HgChangeProcessor$7
17904:             1             24  org.zmlx.hg4idea.provider.HgCommittedChangesProvider
17905:             1             24  org.zmlx.hg4idea.provider.HgIgnoredFileHolder$Provider
17906:             1             24  org.zmlx.hg4idea.provider.commit.HgCheckinEnvironment
17907:             1             24  org.zmlx.hg4idea.provider.update.HgUpdateConfigurationSettings$State
17908:             1             24  org.zmlx.hg4idea.provider.update.HgUpdateEnvironment
17909:             1             24  scala.Enumeration$ValueSet$
17910:             1             24  scala.PartialFunction$
17911:             1             24  scala.collection.IndexedSeq$
17912:             1             24  scala.collection.Traversable$
17913:             1             24  scala.collection.convert.Wrappers$JConcurrentMapWrapper
17914:             1             24  scala.collection.convert.Wrappers$JListWrapper
17915:             1             24  scala.collection.immutable.HashMap$$anon$1
17916:             1             24  scala.collection.immutable.List$
17917:             1             24  scala.collection.immutable.MapLike$$anon$2
17918:             1             24  scala.collection.immutable.Vector$
17919:             1             24  scala.concurrent.duration.FiniteDuration
17920:             1             24  scala.reflect.ManifestFactory$BooleanManifest
17921:             1             24  scala.reflect.ManifestFactory$ByteManifest
17922:             1             24  scala.reflect.ManifestFactory$CharManifest
17923:             1             24  scala.reflect.ManifestFactory$DoubleManifest
17924:             1             24  scala.reflect.ManifestFactory$FloatManifest
17925:             1             24  scala.reflect.ManifestFactory$IntManifest
17926:             1             24  scala.reflect.ManifestFactory$LongManifest
17927:             1             24  scala.reflect.ManifestFactory$ShortManifest
17928:             1             24  scala.reflect.ManifestFactory$UnitManifest
17929:             1             24  scala.reflect.package$
17930:             1             24  scala.sys.BooleanProp$BooleanPropImpl
17931:             1             24  scala.util.hashing.MurmurHash3$
17932:             1             24  sun.awt.AWTThreading (java.desktop@11.0.7)
17933:             1             24  sun.awt.AWTThreading$1 (java.desktop@11.0.7)
17934:             1             24  sun.awt.SunHints$LCDContrastKey (java.desktop@11.0.7)
17935:             1             24  sun.awt.WeakIdentityHashMap (java.desktop@11.0.7)
17936:             1             24  sun.awt.util.PerformanceLogger$TimeData (java.desktop@11.0.7)
17937:             1             24  sun.font.CMap$NullCMapClass (java.desktop@11.0.7)
17938:             1             24  sun.font.CStrike$GlyphInfoCache$SparseBitShiftingTwoLayerArray (java.desktop@11.0.7)
17939:             1             24  sun.instrument.TransformerManager$TransformerInfo (java.instrument@11.0.7)
17940:             1             24  sun.java2d.marlin.DMarlinRenderingEngine$1 (java.desktop@11.0.7)
17941:             1             24  sun.java2d.marlin.DMarlinRenderingEngine$NormMode$1 (java.desktop@11.0.7)
17942:             1             24  sun.java2d.marlin.DMarlinRenderingEngine$NormMode$2 (java.desktop@11.0.7)
17943:             1             24  sun.java2d.marlin.DMarlinRenderingEngine$NormMode$3 (java.desktop@11.0.7)
17944:             1             24  sun.java2d.opengl.CGLGraphicsConfig$CGLGCDisposerRecord (java.desktop@11.0.7)
17945:             1             24  sun.java2d.opengl.OGLContext$OGLContextCaps (java.desktop@11.0.7)
17946:             1             24  sun.java2d.opengl.OGLRenderQueue (java.desktop@11.0.7)
17947:             1             24  sun.java2d.pipe.AAShapePipe$1 (java.desktop@11.0.7)
17948:             1             24  sun.lwawt.LWKeyboardFocusManagerPeer (java.desktop@11.0.7)
17949:             1             24  sun.lwawt.macosx.CCursorManager (java.desktop@11.0.7)
17950:             1             24  sun.lwawt.macosx.CDropTarget (java.desktop@11.0.7)
17951:             1             24  sun.management.MemoryImpl (java.management@11.0.7)
17952:             1             24  sun.management.RuntimeImpl (java.management@11.0.7)
17953:             1             24  sun.management.VMManagementImpl (java.management@11.0.7)
17954:             1             24  sun.net.ProgressMonitor (java.base@11.0.7)
17955:             1             24  sun.net.sdp.SdpProvider (java.base@11.0.7)
17956:             1             24  sun.net.www.protocol.http.Handler (java.base@11.0.7)
17957:             1             24  sun.nio.ch.FileLockTable (java.base@11.0.7)
17958:             1             24  sun.nio.cs.ISO_8859_1 (java.base@11.0.7)
17959:             1             24  sun.nio.cs.MS1251 (java.base@11.0.7)
17960:             1             24  sun.nio.cs.ThreadLocalCoders$1 (java.base@11.0.7)
17961:             1             24  sun.nio.cs.ThreadLocalCoders$2 (java.base@11.0.7)
17962:             1             24  sun.nio.cs.US_ASCII (java.base@11.0.7)
17963:             1             24  sun.nio.cs.UTF_16 (java.base@11.0.7)
17964:             1             24  sun.nio.cs.UTF_16BE (java.base@11.0.7)
17965:             1             24  sun.nio.cs.UTF_16LE (java.base@11.0.7)
17966:             1             24  sun.nio.cs.UTF_32BE (java.base@11.0.7)
17967:             1             24  sun.nio.cs.UTF_32LE (java.base@11.0.7)
17968:             1             24  sun.nio.cs.UTF_8 (java.base@11.0.7)
17969:             1             24  sun.rmi.runtime.RuntimeUtil$1 (java.rmi@11.0.7)
17970:             1             24  sun.rmi.transport.DGCImpl (java.rmi@11.0.7)
17971:             1             24  sun.security.ssl.SSLKeyExchange (java.base@11.0.7)
17972:             1             24  sun.security.ssl.SunX509KeyManagerImpl (java.base@11.0.7)
17973:             1             24  sun.security.ssl.TrustManagerFactoryImpl$PKIXFactory (java.base@11.0.7)
17974:             1             24  sun.security.ssl.TrustStoreManager$TrustAnchorManager (java.base@11.0.7)
17975:             1             24  sun.security.validator.CADistrustPolicy$1 (java.base@11.0.7)
17976:             1             24  sun.swing.table.DefaultTableCellHeaderRenderer$EmptyIcon (java.desktop@11.0.7)
17977:             1             24  sun.util.cldr.CLDRCalendarDataProviderImpl (java.base@11.0.7)
17978:             1             24  sun.util.cldr.CLDRCalendarNameProviderImpl (java.base@11.0.7)
17979:             1             24  sun.util.cldr.CLDRTimeZoneNameProviderImpl (java.base@11.0.7)
17980:             1             24  sun.util.locale.BaseLocale$Cache (java.base@11.0.7)
17981:             1             24  sun.util.locale.provider.BreakIteratorProviderImpl (java.base@11.0.7)
17982:             1             24  sun.util.locale.provider.CalendarDataProviderImpl (java.base@11.0.7)
17983:             1             24  sun.util.locale.provider.CalendarNameProviderImpl (java.base@11.0.7)
17984:             1             24  sun.util.locale.provider.CalendarProviderImpl (java.base@11.0.7)
17985:             1             24  sun.util.locale.provider.CollatorProviderImpl (java.base@11.0.7)
17986:             1             24  sun.util.locale.provider.TimeZoneNameProviderImpl (java.base@11.0.7)
17987:             1             24  tech.units.indriya.unit.Units
17988:             1             16  [Lcom.fasterxml.jackson.databind.AbstractTypeResolver;
17989:             1             16  [Lcom.fasterxml.jackson.databind.deser.BeanDeserializerModifier;
17990:             1             16  [Lcom.fasterxml.jackson.databind.deser.ValueInstantiators;
17991:             1             16  [Lcom.fasterxml.jackson.databind.ser.BeanSerializerModifier;
17992:             1             16  [Lcom.fasterxml.jackson.databind.ser.Serializers;
17993:             1             16  [Lcom.fasterxml.jackson.databind.util.ClassUtil$Ctor;
17994:             1             16  [Lcom.intellij.codeHighlighting.TextEditorHighlightingPass;
17995:             1             16  [Lcom.intellij.codeInsight.daemon.impl.HighlightInfoPostFilter;
17996:             1             16  [Lcom.intellij.codeInsight.editorActions.XmlTagNameSynchronizer$TagNameSynchronizer;
17997:             1             16  [Lcom.intellij.codeInsight.intention.IntentionAction;
17998:             1             16  [Lcom.intellij.codeInsight.intention.impl.config.TextDescriptor;
17999:             1             16  [Lcom.intellij.codeInspection.LocalInspectionTool;
18000:             1             16  [Lcom.intellij.codeInspection.QuickFix;
18001:             1             16  [Lcom.intellij.codeInspection.ex.InspectionToolWrapper;
18002:             1             16  [Lcom.intellij.database.Dbms$DbmsBean;
18003:             1             16  [Lcom.intellij.database.datagrid.DataAuditor;
18004:             1             16  [Lcom.intellij.database.datagrid.DataConsumer;
18005:             1             16  [Lcom.intellij.database.datagrid.DataProducer;
18006:             1             16  [Lcom.intellij.database.model.ObjectName;
18007:             1             16  [Lcom.intellij.database.util.TreePatternNode$Group;
18008:             1             16  [Lcom.intellij.debugger.InstanceFilter;
18009:             1             16  [Lcom.intellij.execution.process.ProcessHandler;
18010:             1             16  [Lcom.intellij.facet.Facet;
18011:             1             16  [Lcom.intellij.facet.ui.libraries.LibraryInfo;
18012:             1             16  [Lcom.intellij.ide.fileTemplates.FileTemplate;
18013:             1             16  [Lcom.intellij.ide.hierarchy.HierarchyNodeDescriptor;
18014:             1             16  [Lcom.intellij.ide.todo.TodoFilter;
18015:             1             16  [Lcom.intellij.ide.util.frameworkSupport.FrameworkRole;
18016:             1             16  [Lcom.intellij.ide.util.frameworkSupport.FrameworkVersion;
18017:             1             16  [Lcom.intellij.ide.util.treeView.NodeDescriptor;
18018:             1             16  [Lcom.intellij.index.IndexImporterFactory;
18019:             1             16  [Lcom.intellij.internal.statistic.fileTypes.FileTypeStatisticProvider;
18020:             1             16  [Lcom.intellij.jam.view.tree.JamNodeDescriptor;
18021:             1             16  [Lcom.intellij.lang.ASTNode;
18022:             1             16  [Lcom.intellij.lang.LighterASTNode;
18023:             1             16  [Lcom.intellij.lang.folding.FoldingDescriptor;
18024:             1             16  [Lcom.intellij.lang.javascript.index.JSIndexedFilesFilterProvider;
18025:             1             16  [Lcom.intellij.lang.javascript.psi.JSFunction;
18026:             1             16  [Lcom.intellij.lang.javascript.psi.JSParameterListElement;
18027:             1             16  [Lcom.intellij.lang.jvm.facade.JvmElementProvider;
18028:             1             16  [Lcom.intellij.openapi.compiler.CompilerFactory;
18029:             1             16  [Lcom.intellij.openapi.compiler.options.ExcludeEntryDescription;
18030:             1             16  [Lcom.intellij.openapi.components.ComponentConfig;
18031:             1             16  [Lcom.intellij.openapi.editor.Document;
18032:             1             16  [Lcom.intellij.openapi.editor.Editor;
18033:             1             16  [Lcom.intellij.openapi.editor.ex.ErrorStripeListener;
18034:             1             16  [Lcom.intellij.openapi.editor.ex.RangeHighlighterEx;
18035:             1             16  [Lcom.intellij.openapi.editor.impl.event.MarkupModelListener;
18036:             1             16  [Lcom.intellij.openapi.editor.markup.RangeHighlighter;
18037:             1             16  [Lcom.intellij.openapi.extensions.impl.ExtensionComponentAdapter;
18038:             1             16  [Lcom.intellij.openapi.fileEditor.impl.FileEditorAssociateFinder;
18039:             1             16  [Lcom.intellij.openapi.paths.WebReference;
18040:             1             16  [Lcom.intellij.openapi.project.ProjectManagerListener;
18041:             1             16  [Lcom.intellij.openapi.roots.libraries.Library;
18042:             1             16  [Lcom.intellij.openapi.util.Key;
18043:             1             16  [Lcom.intellij.openapi.util.ObjectNode;
18044:             1             16  [Lcom.intellij.openapi.util.Segment;
18045:             1             16  [Lcom.intellij.openapi.util.TextRange;
18046:             1             16  [Lcom.intellij.openapi.vcs.VcsDirectoryMapping;
18047:             1             16  [Lcom.intellij.openapi.vcs.VcsException;
18048:             1             16  [Lcom.intellij.openapi.vcs.changes.IgnoredFileBean;
18049:             1             16  [Lcom.intellij.openapi.vfs.newvfs.events.ChildInfo;
18050:             1             16  [Lcom.intellij.openapi.vfs.newvfs.impl.VirtualFileSystemEntry;
18051:             1             16  [Lcom.intellij.openapi.vfs.newvfs.persistent.FSRecords$NameId;
18052:             1             16  [Lcom.intellij.openapi.vfs.pointers.VirtualFilePointer;
18053:             1             16  [Lcom.intellij.packaging.artifacts.Artifact;
18054:             1             16  [Lcom.intellij.platform.ProjectTemplate;
18055:             1             16  [Lcom.intellij.psi.PsiAnnotation;
18056:             1             16  [Lcom.intellij.psi.PsiClass;
18057:             1             16  [Lcom.intellij.psi.PsiDirectory;
18058:             1             16  [Lcom.intellij.psi.PsiFile;
18059:             1             16  [Lcom.intellij.psi.PsiPackage;
18060:             1             16  [Lcom.intellij.psi.PsiReference;
18061:             1             16  [Lcom.intellij.psi.PsiType;
18062:             1             16  [Lcom.intellij.psi.PsiTypeParameter;
18063:             1             16  [Lcom.intellij.psi.codeStyle.FileTypeIndentOptionsProvider;
18064:             1             16  [Lcom.intellij.psi.codeStyle.PredefinedCodeStyle;
18065:             1             16  [Lcom.intellij.psi.impl.source.resolve.reference.impl.providers.FileReference;
18066:             1             16  [Lcom.intellij.psi.impl.source.tree.CompositeElement;
18067:             1             16  [Lcom.intellij.psi.impl.source.tree.FileElement;
18068:             1             16  [Lcom.intellij.psi.impl.source.tree.TreeElement;
18069:             1             16  [Lcom.intellij.psi.search.GlobalSearchScope;
18070:             1             16  [Lcom.intellij.psi.search.TodoItem;
18071:             1             16  [Lcom.intellij.psi.search.scope.packageSet.CustomScopesFilter;
18072:             1             16  [Lcom.intellij.psi.stubs.PsiFileStub;
18073:             1             16  [Lcom.intellij.psi.xml.XmlAttribute;
18074:             1             16  [Lcom.intellij.psi.xml.XmlElement;
18075:             1             16  [Lcom.intellij.psi.xml.XmlTag;
18076:             1             16  [Lcom.intellij.remoteServer.impl.module.CloudModuleBuilderContributionFactory;
18077:             1             16  [Lcom.intellij.remoteServer.util.CloudGitDeploymentDetector;
18078:             1             16  [Lcom.intellij.task.ProjectTask;
18079:             1             16  [Lcom.intellij.tasks.Comment;
18080:             1             16  [Lcom.intellij.tasks.Task;
18081:             1             16  [Lcom.intellij.ui.treeStructure.SimpleNode;
18082:             1             16  [Lcom.intellij.uml.project.ModuleItem;
18083:             1             16  [Lcom.intellij.usages.UsageTarget;
18084:             1             16  [Lcom.intellij.util.Timed;
18085:             1             16  [Lcom.intellij.util.indexing.FileBasedIndexInfrastructureExtension;
18086:             1             16  [Lcom.intellij.util.indexing.GlobalIndexFilter;
18087:             1             16  [Lcom.intellij.util.ui.ColumnInfo;
18088:             1             16  [Lcom.intellij.webcore.libraries.ScriptingLibraryModel;
18089:             1             16  [Lcom.jetbrains.b.a.a.a.d.B;
18090:             1             16  [Lcom.jetbrains.plugins.webDeployment.UploadableRunConfigurationsFilter;
18091:             1             16  [Lcom.sun.javafx.logging.Logger; (javafx.base@11.0.7)
18092:             1             16  [Lfreemarker.template.TemplateModel;
18093:             1             16  [Lio.netty.util.AsciiString;
18094:             1             16  [Ljava.beans.EventSetDescriptor; (java.desktop@11.0.7)
18095:             1             16  [Ljava.lang.Throwable; (java.base@11.0.7)
18096:             1             16  [Ljava.nio.file.attribute.FileAttribute; (java.base@11.0.7)
18097:             1             16  [Ljava.rmi.server.ObjID; (java.rmi@11.0.7)
18098:             1             16  [Ljava.security.Provider; (java.base@11.0.7)
18099:             1             16  [Ljava.text.FieldPosition; (java.base@11.0.7)
18100:             1             16  [Ljava.text.Format$Field; (java.base@11.0.7)
18101:             1             16  [Ljava.time.zone.ZoneOffsetTransitionRule; (java.base@11.0.7)
18102:             1             16  [Ljava.util.logging.Handler; (java.logging@11.0.7)
18103:             1             16  [Ljava.util.prefs.AbstractPreferences; (java.prefs@11.0.7)
18104:             1             16  [Ljava.util.regex.IntHashSet; (java.base@11.0.7)
18105:             1             16  [Ljavafx.scene.shape.PathElement; (javafx.graphics@11.0.7)
18106:             1             16  [Ljavax.management.ObjectName$Property; (java.management@11.0.7)
18107:             1             16  [Ljavax.net.ssl.X509TrustManager; (java.base@11.0.7)
18108:             1             16  [Ljavax.security.cert.X509Certificate; (java.base@11.0.7)
18109:             1             16  [Ljavax.swing.text.Highlighter$Highlight; (java.desktop@11.0.7)
18110:             1             16  [Lnet.jpountz.lz4.LZ4Constants;
18111:             1             16  [Lnet.jpountz.lz4.LZ4SafeUtils;
18112:             1             16  [Lnet.jpountz.lz4.LZ4UnsafeUtils;
18113:             1             16  [Lnet.jpountz.lz4.LZ4Utils;
18114:             1             16  [Lnet.jpountz.util.Native;
18115:             1             16  [Lnet.jpountz.util.SafeUtils;
18116:             1             16  [Lnet.jpountz.util.UnsafeUtils;
18117:             1             16  [Lnet.jpountz.util.Utils;
18118:             1             16  [Lorg.apache.xerces.impl.xs.SubstitutionGroupHandler$OneSubGroup;
18119:             1             16  [Lorg.apache.xerces.xni.grammars.Grammar;
18120:             1             16  [Lorg.apache.xerces.xs.XSObject;
18121:             1             16  [Lorg.editorconfig.language.EditorConfigLanguage;
18122:             1             16  [Lorg.jetbrains.android.inspections.lint.AndroidLintQuickFix;
18123:             1             16  [Lorg.jetbrains.kotlin.psi.KtAnnotation;
18124:             1             16  [Lorg.jetbrains.kotlin.psi.KtAnnotationEntry;
18125:             1             16  [Lorg.jetbrains.kotlin.psi.KtAnnotationUseSiteTarget;
18126:             1             16  [Lorg.jetbrains.kotlin.psi.KtBlockStringTemplateEntry;
18127:             1             16  [Lorg.jetbrains.kotlin.psi.KtClassBody;
18128:             1             16  [Lorg.jetbrains.kotlin.psi.KtClassInitializer;
18129:             1             16  [Lorg.jetbrains.kotlin.psi.KtConstructorCalleeExpression;
18130:             1             16  [Lorg.jetbrains.kotlin.psi.KtDeclarationModifierList;
18131:             1             16  [Lorg.jetbrains.kotlin.psi.KtDelegatedSuperTypeEntry;
18132:             1             16  [Lorg.jetbrains.kotlin.psi.KtDotQualifiedExpression;
18133:             1             16  [Lorg.jetbrains.kotlin.psi.KtDynamicType;
18134:             1             16  [Lorg.jetbrains.kotlin.psi.KtEnumEntrySuperclassReferenceExpression;
18135:             1             16  [Lorg.jetbrains.kotlin.psi.KtEscapeStringTemplateEntry;
18136:             1             16  [Lorg.jetbrains.kotlin.psi.KtFileAnnotationList;
18137:             1             16  [Lorg.jetbrains.kotlin.psi.KtFunctionType;
18138:             1             16  [Lorg.jetbrains.kotlin.psi.KtFunctionTypeReceiver;
18139:             1             16  [Lorg.jetbrains.kotlin.psi.KtImportAlias;
18140:             1             16  [Lorg.jetbrains.kotlin.psi.KtImportDirective;
18141:             1             16  [Lorg.jetbrains.kotlin.psi.KtImportList;
18142:             1             16  [Lorg.jetbrains.kotlin.psi.KtInitializerList;
18143:             1             16  [Lorg.jetbrains.kotlin.psi.KtLambdaArgument;
18144:             1             16  [Lorg.jetbrains.kotlin.psi.KtLiteralStringTemplateEntry;
18145:             1             16  [Lorg.jetbrains.kotlin.psi.KtNameReferenceExpression;
18146:             1             16  [Lorg.jetbrains.kotlin.psi.KtNamedFunction;
18147:             1             16  [Lorg.jetbrains.kotlin.psi.KtNullableType;
18148:             1             16  [Lorg.jetbrains.kotlin.psi.KtObjectDeclaration;
18149:             1             16  [Lorg.jetbrains.kotlin.psi.KtPackageDirective;
18150:             1             16  [Lorg.jetbrains.kotlin.psi.KtParameter;
18151:             1             16  [Lorg.jetbrains.kotlin.psi.KtParameterList;
18152:             1             16  [Lorg.jetbrains.kotlin.psi.KtPrimaryConstructor;
18153:             1             16  [Lorg.jetbrains.kotlin.psi.KtProperty;
18154:             1             16  [Lorg.jetbrains.kotlin.psi.KtPropertyAccessor;
18155:             1             16  [Lorg.jetbrains.kotlin.psi.KtScript;
18156:             1             16  [Lorg.jetbrains.kotlin.psi.KtSecondaryConstructor;
18157:             1             16  [Lorg.jetbrains.kotlin.psi.KtSimpleNameStringTemplateEntry;
18158:             1             16  [Lorg.jetbrains.kotlin.psi.KtStringTemplateExpression;
18159:             1             16  [Lorg.jetbrains.kotlin.psi.KtSuperTypeCallEntry;
18160:             1             16  [Lorg.jetbrains.kotlin.psi.KtSuperTypeEntry;
18161:             1             16  [Lorg.jetbrains.kotlin.psi.KtSuperTypeList;
18162:             1             16  [Lorg.jetbrains.kotlin.psi.KtTypeAlias;
18163:             1             16  [Lorg.jetbrains.kotlin.psi.KtTypeArgumentList;
18164:             1             16  [Lorg.jetbrains.kotlin.psi.KtTypeConstraint;
18165:             1             16  [Lorg.jetbrains.kotlin.psi.KtTypeConstraintList;
18166:             1             16  [Lorg.jetbrains.kotlin.psi.KtTypeParameter;
18167:             1             16  [Lorg.jetbrains.kotlin.psi.KtTypeParameterList;
18168:             1             16  [Lorg.jetbrains.kotlin.psi.KtTypeProjection;
18169:             1             16  [Lorg.jetbrains.kotlin.psi.KtTypeReference;
18170:             1             16  [Lorg.jetbrains.kotlin.psi.KtUserType;
18171:             1             16  [Lorg.jetbrains.kotlin.psi.KtValueArgument;
18172:             1             16  [Lorg.jetbrains.kotlin.psi.KtValueArgumentList;
18173:             1             16  [Lorg.jetbrains.kotlin.psi.KtValueArgumentName;
18174:             1             16  [Lorg.jetbrains.plugins.groovy.codeInspection.GroovyFix;
18175:             1             16  [Lorg.jetbrains.plugins.haml.HAMLInjectedASTFactory;
18176:             1             16  [Lorg.jetbrains.plugins.scala.components.ScalaPluginVersionVerifier;
18177:             1             16  [Lsun.font.CompositeFontDescriptor; (java.desktop@11.0.7)
18178:             1             16  com.alibaba.p3c.idea.action.AliInspectionAction$Companion
18179:             1             16  com.alibaba.p3c.idea.compatible.inspection.InspectionProfileService
18180:             1             16  com.alibaba.p3c.idea.compatible.inspection.Inspections
18181:             1             16  com.alibaba.p3c.idea.component.AliProjectComponent$1
18182:             1             16  com.alibaba.p3c.idea.component.AliProjectComponent$Companion
18183:             1             16  com.alibaba.p3c.idea.component.CommonSettingsApplicationComponent
18184:             1             16  com.alibaba.p3c.idea.config.P3cConfig$Companion
18185:             1             16  com.alibaba.p3c.idea.config.SmartFoxProjectConfig
18186:             1             16  com.alibaba.p3c.idea.i18n.P3cBundle
18187:             1             16  com.alibaba.p3c.idea.inspection.AliBaseInspection$Companion
18188:             1             16  com.alibaba.p3c.idea.inspection.AliLocalInspectionToolProvider
18189:             1             16  com.alibaba.p3c.idea.inspection.AliLocalInspectionToolProvider$Companion
18190:             1             16  com.alibaba.p3c.idea.inspection.AliLocalInspectionToolProvider$Companion$javaShouldInspectChecker$1
18191:             1             16  com.alibaba.p3c.idea.inspection.AliLocalInspectionToolProvider$Companion$newRuleInfos$1
18192:             1             16  com.alibaba.p3c.idea.inspection.AliWrapperTypeEqualityInspection$Companion
18193:             1             16  com.alibaba.p3c.idea.inspection.RuleInspectionUtils
18194:             1             16  com.alibaba.p3c.idea.inspection.RuleInspectionUtils$loadAllAlibabaRule$1
18195:             1             16  com.alibaba.p3c.idea.inspection.standalone.MapOrSetKeyShouldOverrideHashCodeEqualsInspection$Companion
18196:             1             16  com.alibaba.p3c.idea.util.HighlightDisplayLevels
18197:             1             16  com.alibaba.p3c.idea.util.HighlightInfoTypes
18198:             1             16  com.alibaba.p3c.idea.util.HighlightSeverities
18199:             1             16  com.alibaba.p3c.idea.util.NumberConstants
18200:             1             16  com.alibaba.p3c.pmd.lang.java.rule.concurrent.LockShouldWithTryFinallyRule$Companion
18201:             1             16  com.alibaba.p3c.pmd.lang.java.util.namelist.NameListServiceImpl
18202:             1             16  com.android.flags.Flag$1
18203:             1             16  com.android.flags.Flag$2
18204:             1             16  com.android.flags.Flag$3
18205:             1             16  com.android.flags.overrides.PropertyOverrides
18206:             1             16  com.android.ide.common.repository.GradleCoordinate$PlusComponent
18207:             1             16  com.android.ide.common.util.FileSystemRegistry
18208:             1             16  com.android.ide.common.util.JdkPathOpener
18209:             1             16  com.android.resources.ResourceType$$Lambda$1049/0x0000000800c2e040
18210:             1             16  com.android.support.AndroidxNameUtils$$Lambda$1221/0x0000000801006c40
18211:             1             16  com.android.tools.adtui.workbench.DetachedToolWindowManager$$Lambda$1757/0x000000080176bc40
18212:             1             16  com.android.tools.adtui.workbench.DetachedToolWindowManager$MyFileEditorManagerListener
18213:             1             16  com.android.tools.analytics.AnalyticsSettings
18214:             1             16  com.android.tools.analytics.NullUsageTracker
18215:             1             16  com.android.tools.analytics.UsageTracker
18216:             1             16  com.android.tools.idea.AndroidProjectModelUtils$findAllLibrariesWithResources$1
18217:             1             16  com.android.tools.idea.AndroidPsiUtils$$Lambda$2813/0x0000000801c41840
18218:             1             16  com.android.tools.idea.IdeInfo
18219:             1             16  com.android.tools.idea.actions.ConvertLayoutToDataBindingAction
18220:             1             16  com.android.tools.idea.apk.ApkFileType
18221:             1             16  com.android.tools.idea.apk.debugging.editor.SmaliFileNotificationProvider
18222:             1             16  com.android.tools.idea.apk.viewer.ApkEditorProvider
18223:             1             16  com.android.tools.idea.apk.viewer.ApkFileSystem$$Lambda$2721/0x0000000801be2c40
18224:             1             16  com.android.tools.idea.apk.viewer.ApkFileSystem$$Lambda$2722/0x0000000801be2040
18225:             1             16  com.android.tools.idea.common.type.DesignerTypeRegistrar
18226:             1             16  com.android.tools.idea.compose.preview.AnnotationPreviewElementFinder
18227:             1             16  com.android.tools.idea.compose.preview.MethodPreviewElementFinder
18228:             1             16  com.android.tools.idea.compose.preview.MultiPreviewElementFinder
18229:             1             16  com.android.tools.idea.concurrency.AndroidIoManager$Companion
18230:             1             16  com.android.tools.idea.databinding.DataBindingModeTrackingService
18231:             1             16  com.android.tools.idea.databinding.DataBindingModeTrackingService$$Lambda$2808/0x0000000801c43040
18232:             1             16  com.android.tools.idea.databinding.DataBindingModuleComponent$cachedBindingAdapterAttributes$1
18233:             1             16  com.android.tools.idea.databinding.DataBindingProjectComponent
18234:             1             16  com.android.tools.idea.databinding.DataBindingSupport$Companion
18235:             1             16  com.android.tools.idea.databinding.DataBindingSupportImpl
18236:             1             16  com.android.tools.idea.databinding.analytics.api.DataBindingTracker$Companion
18237:             1             16  com.android.tools.idea.databinding.cache.BrShortNamesCache$1
18238:             1             16  com.android.tools.idea.databinding.cache.DataBindingComponentShortNamesCache
18239:             1             16  com.android.tools.idea.databinding.finders.BindingClassFinder
18240:             1             16  com.android.tools.idea.databinding.finders.BindingClassFinder$Companion
18241:             1             16  com.android.tools.idea.databinding.finders.BrClassFinder$1
18242:             1             16  com.android.tools.idea.databinding.index.BindingXmlIndex
18243:             1             16  com.android.tools.idea.databinding.index.BindingXmlIndex$Companion
18244:             1             16  com.android.tools.idea.databinding.index.BindingXmlIndex$getIndexer$1
18245:             1             16  com.android.tools.idea.databinding.index.BindingXmlIndex$getInputFilter$1
18246:             1             16  com.android.tools.idea.deploy.DeployActionsInitializer
18247:             1             16  com.android.tools.idea.deploy.DeployActionsInitializer$MyRunManagerListener
18248:             1             16  com.android.tools.idea.diagnostics.error.ErrorReporter
18249:             1             16  com.android.tools.idea.editors.AndroidEditorTitleProvider
18250:             1             16  com.android.tools.idea.editors.AttachAndroidSdkSourcesNotificationProvider
18251:             1             16  com.android.tools.idea.editors.NinePatchEditorProvider
18252:             1             16  com.android.tools.idea.editors.fonts.FontEditorProvider
18253:             1             16  com.android.tools.idea.editors.layeredimage.LayeredImageEditorProvider
18254:             1             16  com.android.tools.idea.editors.layoutInspector.LayoutInspectorFileType
18255:             1             16  com.android.tools.idea.editors.manifest.ManifestEditorProvider
18256:             1             16  com.android.tools.idea.editors.manifest.StaleManifestNotificationProvider
18257:             1             16  com.android.tools.idea.editors.manifest.StaleManifestNotificationProvider$Companion
18258:             1             16  com.android.tools.idea.editors.sqlite.SqliteFileTypeDetector
18259:             1             16  com.android.tools.idea.editors.sqlite.SqliteViewer
18260:             1             16  com.android.tools.idea.editors.strings.StringResourceEditorProvider
18261:             1             16  com.android.tools.idea.fileTypes.AndroidIconProvider
18262:             1             16  com.android.tools.idea.fileTypes.AndroidNinePatchFileType
18263:             1             16  com.android.tools.idea.fileTypes.FontFileType
18264:             1             16  com.android.tools.idea.fileTypes.PhotoshopFileType
18265:             1             16  com.android.tools.idea.flags.StudioFlagSettings
18266:             1             16  com.android.tools.idea.folding.AndroidCodeFoldingOptionsProvider$$Lambda$994/0x0000000800bc5c40
18267:             1             16  com.android.tools.idea.folding.AndroidCodeFoldingOptionsProvider$$Lambda$995/0x0000000800bc5040
18268:             1             16  com.android.tools.idea.folding.AndroidFoldingSettings
18269:             1             16  com.android.tools.idea.gradle.actions.EnableInstantAppsSupportAction$Companion
18270:             1             16  com.android.tools.idea.gradle.actions.SyncProjectAction$$Lambda$868/0x0000000800b2d440
18271:             1             16  com.android.tools.idea.gradle.notification.AutoImportNotificationProvider
18272:             1             16  com.android.tools.idea.gradle.notification.GeneratedFileNotificationProvider
18273:             1             16  com.android.tools.idea.gradle.project.AndroidGradleProjectComponent$$Lambda$1759/0x000000080176b440
18274:             1             16  com.android.tools.idea.gradle.project.AndroidGradleProjectComponent$$Lambda$1760/0x000000080176a840
18275:             1             16  com.android.tools.idea.gradle.project.AndroidGradleProjectStartupActivity
18276:             1             16  com.android.tools.idea.gradle.project.AndroidNewProjectInitializationStartupActivity
18277:             1             16  com.android.tools.idea.gradle.project.AndroidNewProjectInitializationStartupActivity$Companion
18278:             1             16  com.android.tools.idea.gradle.project.AndroidStudioGradleSettingsControlProvider
18279:             1             16  com.android.tools.idea.gradle.project.LegacyAndroidProjects
18280:             1             16  com.android.tools.idea.gradle.project.ProjectStructure$AndroidPluginVersionsInProject
18281:             1             16  com.android.tools.idea.gradle.project.build.AndroidProjectTaskRunner
18282:             1             16  com.android.tools.idea.gradle.project.build.invoker.BuildStopper
18283:             1             16  com.android.tools.idea.gradle.project.build.invoker.GradleTasksExecutorFactory
18284:             1             16  com.android.tools.idea.gradle.project.build.invoker.NativeDebugSessionFinder
18285:             1             16  com.android.tools.idea.gradle.project.sync.GradleFiles$$Lambda$4439/0x0000000802890440
18286:             1             16  com.android.tools.idea.gradle.project.sync.GradleFiles$GradleFileChangeListener
18287:             1             16  com.android.tools.idea.gradle.project.sync.GradleFiles$SyncListener
18288:             1             16  com.android.tools.idea.gradle.project.sync.GradleSyncState$Companion
18289:             1             16  com.android.tools.idea.gradle.project.sync.StateChangeNotification
18290:             1             16  com.android.tools.idea.gradle.projectView.AndroidTreeStructureProvider
18291:             1             16  com.android.tools.idea.gradle.projectView.BuildNodeDecorator
18292:             1             16  com.android.tools.idea.gradle.projectView.ModuleNodeIconDecorator
18293:             1             16  com.android.tools.idea.gradle.refactoring.GradleRenameModuleHandler
18294:             1             16  com.android.tools.idea.gradle.roots.AndroidGeneratedSourcesFilter
18295:             1             16  com.android.tools.idea.gradle.util.GradleProjectSettingsFinder
18296:             1             16  com.android.tools.idea.gradle.util.GradleVersions
18297:             1             16  com.android.tools.idea.lang.aidl.AidlParserDefinition
18298:             1             16  com.android.tools.idea.lang.aidl.findUsages.AidlFindUsageHandlerFactory
18299:             1             16  com.android.tools.idea.lang.androidSql.parser.AndroidSqlParserDefinition
18300:             1             16  com.android.tools.idea.lang.androidSql.parser.AndroidSqlParserDefinition$Companion
18301:             1             16  com.android.tools.idea.lang.databinding.config.DbLanguageInjector
18302:             1             16  com.android.tools.idea.lang.databinding.config.DbParserDefinition
18303:             1             16  com.android.tools.idea.lang.databinding.reference.DataBindingExprReferenceContributor
18304:             1             16  com.android.tools.idea.lang.databinding.reference.DataBindingExprReferenceContributor$CallExprReferenceProvider
18305:             1             16  com.android.tools.idea.lang.databinding.reference.DataBindingExprReferenceContributor$FunctionRefExprReferenceProvider
18306:             1             16  com.android.tools.idea.lang.databinding.reference.DataBindingExprReferenceContributor$InferredFormalParameterReferenceProvider
18307:             1             16  com.android.tools.idea.lang.databinding.reference.DataBindingExprReferenceContributor$LambdaParametersReferenceProvider
18308:             1             16  com.android.tools.idea.lang.databinding.reference.DataBindingExprReferenceContributor$LiteralExprReferenceProvider
18309:             1             16  com.android.tools.idea.lang.databinding.reference.DataBindingExprReferenceContributor$RefExprReferenceProvider
18310:             1             16  com.android.tools.idea.lang.multiDexKeep.MultiDexKeepParserDefinition
18311:             1             16  com.android.tools.idea.lang.proguard.ProguardParserDefinition
18312:             1             16  com.android.tools.idea.lang.proguardR8.ProguardR8TypedHandler
18313:             1             16  com.android.tools.idea.lang.proguardR8.parser.ProguardR8ParserDefinition
18314:             1             16  com.android.tools.idea.lang.rs.RenderscriptParserDefinition
18315:             1             16  com.android.tools.idea.model.MergedManifestRefreshListener$Companion
18316:             1             16  com.android.tools.idea.model.MergedManifestRefreshListener$SubscriptionComponent$projectOpened$1
18317:             1             16  com.android.tools.idea.naveditor.editor.NavEditorProvider
18318:             1             16  com.android.tools.idea.naveditor.editor.NavEditorProvider$NavigationFileType
18319:             1             16  com.android.tools.idea.naveditor.property.editors.NavPropertyEditors
18320:             1             16  com.android.tools.idea.naveditor.property.editors.NavPropertyEditors$Factory
18321:             1             16  com.android.tools.idea.naveditor.scene.layout.ManualLayoutAlgorithm$Storage
18322:             1             16  com.android.tools.idea.profilers.ProfileRunExecutor
18323:             1             16  com.android.tools.idea.profilers.capture.AndroidProfilerCaptureEditorProvider
18324:             1             16  com.android.tools.idea.profiling.capture.CaptureEditorProvider
18325:             1             16  com.android.tools.idea.profiling.capture.CaptureTypeService
18326:             1             16  com.android.tools.idea.profiling.view.AnalysisResultsManager$$Lambda$1761/0x000000080176ac40
18327:             1             16  com.android.tools.idea.project.AndroidProjectInfo
18328:             1             16  com.android.tools.idea.project.SyncTimestamp$projectOpened$1
18329:             1             16  com.android.tools.idea.projectsystem.ProjectSystemService$Companion
18330:             1             16  com.android.tools.idea.res.AndroidInnerClassFinder
18331:             1             16  com.android.tools.idea.res.AndroidInternalRClassFinder$1
18332:             1             16  com.android.tools.idea.res.AndroidManifestClassPsiElementFinder
18333:             1             16  com.android.tools.idea.res.AndroidManifestClassPsiElementFinder$Companion
18334:             1             16  com.android.tools.idea.res.ProjectLightResourceClassService$1
18335:             1             16  com.android.tools.idea.res.ProjectLightResourceClassService$2
18336:             1             16  com.android.tools.idea.res.ProjectLightResourceClassService$3
18337:             1             16  com.android.tools.idea.res.ProjectLightResourceClassService$Companion
18338:             1             16  com.android.tools.idea.res.ProjectSystemPsiClassFinder
18339:             1             16  com.android.tools.idea.res.ProjectSystemPsiElementFinder$Companion
18340:             1             16  com.android.tools.idea.res.ProjectSystemPsiPackageFinder
18341:             1             16  com.android.tools.idea.res.ResourceFolderRegistry$1
18342:             1             16  com.android.tools.idea.res.ResourceFolderRegistry$MyFileDocumentManagerListener
18343:             1             16  com.android.tools.idea.res.ResourceFolderRegistry$MyFileDocumentManagerListener$$Lambda$2589/0x0000000801b6d440
18344:             1             16  com.android.tools.idea.res.ResourceFolderRegistry$MyVfsListener
18345:             1             16  com.android.tools.idea.res.ResourceFolderRegistry$MyVfsListener$$Lambda$3348/0x0000000801ecfc40
18346:             1             16  com.android.tools.idea.res.ResourceFolderRepositoryFileCacheImpl
18347:             1             16  com.android.tools.idea.res.ResourceFolderRepositoryFileCacheImpl$MaintenanceActivity
18348:             1             16  com.android.tools.idea.res.ResourceFolderRepositoryFileCacheImpl$ManageLruProjectFilesTask$$Lambda$2897/0x0000000801cb3c40
18349:             1             16  com.android.tools.idea.res.ResourceFolderRepositoryFileCacheImpl$ManageLruProjectFilesTask$$Lambda$2898/0x0000000801cb4040
18350:             1             16  com.android.tools.idea.res.ResourceFolderRepositoryFileCacheImpl$PopulateCachesActivity
18351:             1             16  com.android.tools.idea.run.AndroidConfigurationProducer
18352:             1             16  com.android.tools.idea.run.AndroidRunConfigurationBase$DefaultPostBuildModelProvider
18353:             1             16  com.android.tools.idea.run.AndroidRunConfigurationType$$Lambda$1351/0x00000008013bd040
18354:             1             16  com.android.tools.idea.run.DeploymentService$$Lambda$2899/0x0000000801cb4840
18355:             1             16  com.android.tools.idea.run.deployment.DeviceAndSnapshotComboBoxAction$$Lambda$1115/0x0000000800d17440
18356:             1             16  com.android.tools.idea.run.deployment.DeviceAndSnapshotComboBoxAction$$Lambda$1116/0x0000000800d16840
18357:             1             16  com.android.tools.idea.run.deployment.DeviceAndSnapshotComboBoxAction$$Lambda$1117/0x0000000800d16c40
18358:             1             16  com.android.tools.idea.run.deployment.DeviceAndSnapshotComboBoxTargetProvider
18359:             1             16  com.android.tools.idea.run.deployment.DeviceAndSnapshotComboBoxTargetProvider$State
18360:             1             16  com.android.tools.idea.run.deployment.RunOnMultipleDevicesAction$$Lambda$1118/0x0000000800d16040
18361:             1             16  com.android.tools.idea.run.editor.AndroidDebuggerState
18362:             1             16  com.android.tools.idea.run.editor.DeployTargetContext$$Lambda$4551/0x000000080292a040
18363:             1             16  com.android.tools.idea.run.editor.DeployTargetContext$$Lambda$4552/0x000000080292a440
18364:             1             16  com.android.tools.idea.sampledata.CsvEditorProvider
18365:             1             16  com.android.tools.idea.sdk.Jdks
18366:             1             16  com.android.tools.idea.sdk.progress.StudioLoggerProgressIndicator
18367:             1             16  com.android.tools.idea.smali.SmaliParserDefinition
18368:             1             16  com.android.tools.idea.startup.ClearResourceCacheAfterFirstBuild$Companion
18369:             1             16  com.android.tools.idea.stats.AnalyticsTestRunnerEventsListener
18370:             1             16  com.android.tools.idea.stats.AnalyticsTestRunnerEventsListener$Companion
18371:             1             16  com.android.tools.idea.stats.MyToolWindowManagerListener
18372:             1             16  com.android.tools.idea.stats.ProjectSizeUsageTracker
18373:             1             16  com.android.tools.idea.stats.ToolWindowTrackerService$Companion
18374:             1             16  com.android.tools.idea.stats.ToolWindowTrackerService$ToolWindowState$CLOSED
18375:             1             16  com.android.tools.idea.stats.ToolWindowTrackerService$ToolWindowState$OPENED
18376:             1             16  com.android.tools.idea.stats.ToolWindowTrackerService$ToolWindowState$UNKNOWN
18377:             1             16  com.android.tools.idea.testartifacts.instrumented.AndroidTestConfigurationProducer
18378:             1             16  com.android.tools.idea.testartifacts.instrumented.AndroidTestConfigurator$Companion
18379:             1             16  com.android.tools.idea.testartifacts.instrumented.AndroidTestRunConfigurationType
18380:             1             16  com.android.tools.idea.testartifacts.instrumented.AndroidTestRunConfigurationType$1
18381:             1             16  com.android.tools.idea.testartifacts.junit.AndroidJUnitConfigurationConverterProvider
18382:             1             16  com.android.tools.idea.testartifacts.junit.AndroidJUnitConfigurationType$1
18383:             1             16  com.android.tools.idea.testartifacts.junit.TestClassAndroidConfigurationProducer
18384:             1             16  com.android.tools.idea.testartifacts.junit.TestDirectoryAndroidConfigurationProducer
18385:             1             16  com.android.tools.idea.testartifacts.junit.TestMethodAndroidConfigurationProducer
18386:             1             16  com.android.tools.idea.testartifacts.junit.TestPackageAndroidConfigurationProducer
18387:             1             16  com.android.tools.idea.testartifacts.junit.TestPatternConfigurationProducer
18388:             1             16  com.android.tools.idea.ui.resourcemanager.ResourceExplorerToolFactory
18389:             1             16  com.android.tools.idea.uibuilder.api.ViewHandler
18390:             1             16  com.android.tools.idea.uibuilder.editor.CustomViewEditorProvider
18391:             1             16  com.android.tools.idea.uibuilder.editor.CustomViewEditorProvider$1
18392:             1             16  com.android.tools.idea.uibuilder.editor.DesignFilesPreviewEditorProvider
18393:             1             16  com.android.tools.idea.uibuilder.editor.LayoutNavigationManager
18394:             1             16  com.android.tools.idea.uibuilder.editor.LayoutNavigationManager$1
18395:             1             16  com.android.tools.idea.uibuilder.editor.NlEditorProvider
18396:             1             16  com.android.tools.idea.uibuilder.editor.NlPreviewManager$MyFileEditorManagerListener
18397:             1             16  com.android.tools.idea.uibuilder.editor.OutdatedCustomViewNotificationProvider
18398:             1             16  com.android.tools.idea.uibuilder.handlers.ViewHandlerManager$1
18399:             1             16  com.android.tools.idea.uibuilder.palette.NlPaletteModel$$Lambda$1797/0x00000008017e5840
18400:             1             16  com.android.tools.idea.uibuilder.type.AdaptiveIconFileType
18401:             1             16  com.android.tools.idea.uibuilder.type.AnimatedVectorFileType
18402:             1             16  com.android.tools.idea.uibuilder.type.FontFileType
18403:             1             16  com.android.tools.idea.uibuilder.type.LayoutFileType
18404:             1             16  com.android.tools.idea.uibuilder.type.MenuFileType
18405:             1             16  com.android.tools.idea.uibuilder.type.PreferenceScreenFileType
18406:             1             16  com.android.tools.idea.uibuilder.type.StateListFileType
18407:             1             16  com.android.tools.idea.uibuilder.type.ZoomableDrawableFileType
18408:             1             16  com.android.tools.idea.uibuilder.visual.VisualizationManager$1
18409:             1             16  com.android.tools.idea.uibuilder.visual.VisualizationManager$MyFileEditorManagerListener
18410:             1             16  com.android.tools.idea.updater.AndroidSdkUpdaterPlugin
18411:             1             16  com.android.tools.idea.updater.SdkComponentSource
18412:             1             16  com.android.tools.idea.util.VirtualFileSystemOpener
18413:             1             16  com.android.tools.lint.checks.ActionsXmlDetector$Companion
18414:             1             16  com.android.tools.lint.checks.AddJavascriptInterfaceDetector$Companion
18415:             1             16  com.android.tools.lint.checks.AlarmDetector$Issues
18416:             1             16  com.android.tools.lint.checks.AllCapsDetector$Issues
18417:             1             16  com.android.tools.lint.checks.ApiDetector$Companion
18418:             1             16  com.android.tools.lint.checks.AppCompatCustomViewDetector$Companion
18419:             1             16  com.android.tools.lint.checks.AssertDetector$Issues
18420:             1             16  com.android.tools.lint.checks.BatteryDetector$Issues
18421:             1             16  com.android.tools.lint.checks.BottomAppBarDetector$Companion
18422:             1             16  com.android.tools.lint.checks.ByteOrderMarkDetector$Issues
18423:             1             16  com.android.tools.lint.checks.C2dmDetector$Companion
18424:             1             16  com.android.tools.lint.checks.CallSuperDetector$Issues
18425:             1             16  com.android.tools.lint.checks.CanvasSizeDetector$Companion
18426:             1             16  com.android.tools.lint.checks.CheckResultDetector$Companion
18427:             1             16  com.android.tools.lint.checks.ChildCountDetector$Issues
18428:             1             16  com.android.tools.lint.checks.ChromeOsSourceDetector$Companion
18429:             1             16  com.android.tools.lint.checks.CipherGetInstanceDetector$Companion
18430:             1             16  com.android.tools.lint.checks.CleanupDetector$Companion
18431:             1             16  com.android.tools.lint.checks.DataBindingDetector$Companion
18432:             1             16  com.android.tools.lint.checks.DeletedProviderDetector$Companion
18433:             1             16  com.android.tools.lint.checks.DetectMissingPrefix$Issues
18434:             1             16  com.android.tools.lint.checks.DiffUtilDetector$Companion
18435:             1             16  com.android.tools.lint.checks.DosLineEndingDetector$Issues
18436:             1             16  com.android.tools.lint.checks.ExtraTextDetector$Issues
18437:             1             16  com.android.tools.lint.checks.FragmentDetector$Companion
18438:             1             16  com.android.tools.lint.checks.GradleDetector$Companion
18439:             1             16  com.android.tools.lint.checks.HardcodedValuesDetector$Companion
18440:             1             16  com.android.tools.lint.checks.IgnoreWithoutReasonDetector$Companion
18441:             1             16  com.android.tools.lint.checks.IntentDetector$Companion
18442:             1             16  com.android.tools.lint.checks.InteroperabilityDetector$Issues
18443:             1             16  com.android.tools.lint.checks.IteratorDetector$Issues
18444:             1             16  com.android.tools.lint.checks.JavaScriptInterfaceDetector$Companion
18445:             1             16  com.android.tools.lint.checks.LeakDetector$Companion
18446:             1             16  com.android.tools.lint.checks.LocaleDetector$Companion
18447:             1             16  com.android.tools.lint.checks.LogDetector$Issues
18448:             1             16  com.android.tools.lint.checks.MediaBrowserServiceCompatVersionDetector$Issues
18449:             1             16  com.android.tools.lint.checks.NamespaceDetector$Companion
18450:             1             16  com.android.tools.lint.checks.PermissionDetector$Companion
18451:             1             16  com.android.tools.lint.checks.PreferenceActivityDetector$Companion
18452:             1             16  com.android.tools.lint.checks.PrivateApiDetector$Issues
18453:             1             16  com.android.tools.lint.checks.PropertyFileDetector$Companion
18454:             1             16  com.android.tools.lint.checks.RangeDetector$Companion
18455:             1             16  com.android.tools.lint.checks.RecyclerViewDetector$Companion
18456:             1             16  com.android.tools.lint.checks.RequiresFeatureDetector$Companion
18457:             1             16  com.android.tools.lint.checks.ResourceCycleDetector$Companion
18458:             1             16  com.android.tools.lint.checks.ResourceTypeDetector$Companion
18459:             1             16  com.android.tools.lint.checks.RestrictToDetector$Companion
18460:             1             16  com.android.tools.lint.checks.RestrictionsDetector$Companion
18461:             1             16  com.android.tools.lint.checks.SamDetector$Issues
18462:             1             16  com.android.tools.lint.checks.SdCardDetector$Issues
18463:             1             16  com.android.tools.lint.checks.SecureRandomDetector$Companion
18464:             1             16  com.android.tools.lint.checks.SliceDetector$Companion
18465:             1             16  com.android.tools.lint.checks.StartDestinationDetector$Issues
18466:             1             16  com.android.tools.lint.checks.StorageDetector$Companion
18467:             1             16  com.android.tools.lint.checks.StringCasingDetector$Companion
18468:             1             16  com.android.tools.lint.checks.SyntheticAccessorDetector$Companion
18469:             1             16  com.android.tools.lint.checks.ThreadDetector$Companion
18470:             1             16  com.android.tools.lint.checks.TranslationDetector$Companion
18471:             1             16  com.android.tools.lint.checks.TranslucentViewDetector$Issues
18472:             1             16  com.android.tools.lint.checks.TypedefDetector$Companion
18473:             1             16  com.android.tools.lint.checks.UnusedNavigationDetector$Companion
18474:             1             16  com.android.tools.lint.checks.UseCompoundDrawableDetector$Companion
18475:             1             16  com.android.tools.lint.checks.ViewTypeDetector$Companion
18476:             1             16  com.android.tools.lint.checks.WebViewApiAvailabilityDetector$Companion
18477:             1             16  com.android.tools.lint.checks.WorkManagerDetector$Companion
18478:             1             16  com.android.tools.lint.checks.WrongLocationDetector$Issues
18479:             1             16  com.android.tools.lint.checks.WrongThreadInterproceduralDetector$Companion
18480:             1             16  com.android.tools.lint.client.api.IssueRegistry$Companion
18481:             1             16  com.android.tools.lint.detector.api.Category$Companion
18482:             1             16  com.android.tools.lint.detector.api.Issue$Companion
18483:             1             16  com.android.tools.lint.detector.api.Platform$Companion
18484:             1             16  com.android.tools.lint.detector.api.Scope$Companion
18485:             1             16  com.android.tools.lint.detector.api.Severity$Companion
18486:             1             16  com.android.tools.lint.detector.api.TextFormat$Companion
18487:             1             16  com.android.utils.DateProvider$1
18488:             1             16  com.apple.eawt.FullScreenHandler (java.desktop@11.0.7)
18489:             1             16  com.apple.eawt._AppDockIconHandler (java.desktop@11.0.7)
18490:             1             16  com.apple.eawt._AppEventHandler$_NativeEvent (java.desktop@11.0.7)
18491:             1             16  com.apple.laf.AquaButtonBorder$1 (java.desktop@11.0.7)
18492:             1             16  com.apple.laf.AquaButtonCheckBoxUI$1 (java.desktop@11.0.7)
18493:             1             16  com.apple.laf.AquaFocusHandler$1 (java.desktop@11.0.7)
18494:             1             16  com.apple.laf.AquaFonts$1 (java.desktop@11.0.7)
18495:             1             16  com.apple.laf.AquaFonts$2 (java.desktop@11.0.7)
18496:             1             16  com.apple.laf.AquaFonts$3 (java.desktop@11.0.7)
18497:             1             16  com.apple.laf.AquaFonts$4 (java.desktop@11.0.7)
18498:             1             16  com.apple.laf.AquaFonts$5 (java.desktop@11.0.7)
18499:             1             16  com.apple.laf.AquaFonts$6 (java.desktop@11.0.7)
18500:             1             16  com.apple.laf.AquaFonts$7 (java.desktop@11.0.7)
18501:             1             16  com.apple.laf.AquaHighlighter$1 (java.desktop@11.0.7)
18502:             1             16  com.apple.laf.AquaLookAndFeel$$Lambda$190/0x0000000800309440 (java.desktop@11.0.7)
18503:             1             16  com.apple.laf.AquaLookAndFeel$$Lambda$191/0x0000000800309840 (java.desktop@11.0.7)
18504:             1             16  com.apple.laf.AquaLookAndFeel$$Lambda$192/0x0000000800309c40 (java.desktop@11.0.7)
18505:             1             16  com.apple.laf.AquaLookAndFeel$$Lambda$193/0x000000080030a040 (java.desktop@11.0.7)
18506:             1             16  com.apple.laf.AquaLookAndFeel$$Lambda$194/0x000000080030a440 (java.desktop@11.0.7)
18507:             1             16  com.apple.laf.AquaLookAndFeel$$Lambda$195/0x000000080030a840 (java.desktop@11.0.7)
18508:             1             16  com.apple.laf.AquaLookAndFeel$$Lambda$196/0x000000080030ac40 (java.desktop@11.0.7)
18509:             1             16  com.apple.laf.AquaLookAndFeel$$Lambda$197/0x000000080030f840 (java.desktop@11.0.7)
18510:             1             16  com.apple.laf.AquaLookAndFeel$$Lambda$198/0x000000080030fc40 (java.desktop@11.0.7)
18511:             1             16  com.apple.laf.AquaLookAndFeel$$Lambda$199/0x000000080030f040 (java.desktop@11.0.7)
18512:             1             16  com.apple.laf.AquaLookAndFeel$$Lambda$200/0x000000080030f440 (java.desktop@11.0.7)
18513:             1             16  com.apple.laf.AquaLookAndFeel$$Lambda$201/0x000000080030e840 (java.desktop@11.0.7)
18514:             1             16  com.apple.laf.AquaLookAndFeel$$Lambda$202/0x000000080030ec40 (java.desktop@11.0.7)
18515:             1             16  com.apple.laf.AquaLookAndFeel$$Lambda$203/0x000000080030e040 (java.desktop@11.0.7)
18516:             1             16  com.apple.laf.AquaLookAndFeel$$Lambda$204/0x000000080030e440 (java.desktop@11.0.7)
18517:             1             16  com.apple.laf.AquaLookAndFeel$$Lambda$205/0x000000080030d840 (java.desktop@11.0.7)
18518:             1             16  com.apple.laf.AquaLookAndFeel$$Lambda$206/0x000000080030dc40 (java.desktop@11.0.7)
18519:             1             16  com.apple.laf.AquaLookAndFeel$$Lambda$207/0x000000080030c840 (java.desktop@11.0.7)
18520:             1             16  com.apple.laf.AquaLookAndFeel$$Lambda$208/0x000000080030c440 (java.desktop@11.0.7)
18521:             1             16  com.apple.laf.AquaLookAndFeel$$Lambda$209/0x000000080030b040 (java.desktop@11.0.7)
18522:             1             16  com.apple.laf.AquaLookAndFeel$$Lambda$210/0x000000080030b440 (java.desktop@11.0.7)
18523:             1             16  com.apple.laf.AquaLookAndFeel$$Lambda$211/0x0000000800320040 (java.desktop@11.0.7)
18524:             1             16  com.apple.laf.AquaLookAndFeel$$Lambda$212/0x0000000800320440 (java.desktop@11.0.7)
18525:             1             16  com.apple.laf.AquaLookAndFeel$$Lambda$213/0x0000000800320840 (java.desktop@11.0.7)
18526:             1             16  com.apple.laf.AquaLookAndFeel$$Lambda$214/0x0000000800320c40 (java.desktop@11.0.7)
18527:             1             16  com.apple.laf.AquaLookAndFeel$$Lambda$215/0x0000000800321040 (java.desktop@11.0.7)
18528:             1             16  com.apple.laf.AquaLookAndFeel$$Lambda$216/0x0000000800321440 (java.desktop@11.0.7)
18529:             1             16  com.apple.laf.AquaLookAndFeel$$Lambda$217/0x0000000800321840 (java.desktop@11.0.7)
18530:             1             16  com.apple.laf.AquaLookAndFeel$$Lambda$218/0x0000000800321c40 (java.desktop@11.0.7)
18531:             1             16  com.apple.laf.AquaLookAndFeel$$Lambda$219/0x0000000800322040 (java.desktop@11.0.7)
18532:             1             16  com.apple.laf.AquaLookAndFeel$$Lambda$220/0x0000000800322440 (java.desktop@11.0.7)
18533:             1             16  com.apple.laf.AquaLookAndFeel$$Lambda$221/0x0000000800322840 (java.desktop@11.0.7)
18534:             1             16  com.apple.laf.AquaLookAndFeel$$Lambda$222/0x0000000800322c40 (java.desktop@11.0.7)
18535:             1             16  com.apple.laf.AquaLookAndFeel$$Lambda$223/0x0000000800323440 (java.desktop@11.0.7)
18536:             1             16  com.apple.laf.AquaLookAndFeel$$Lambda$224/0x0000000800323840 (java.desktop@11.0.7)
18537:             1             16  com.apple.laf.AquaLookAndFeel$$Lambda$225/0x0000000800323c40 (java.desktop@11.0.7)
18538:             1             16  com.apple.laf.AquaLookAndFeel$$Lambda$226/0x0000000800324040 (java.desktop@11.0.7)
18539:             1             16  com.apple.laf.AquaLookAndFeel$$Lambda$227/0x0000000800324440 (java.desktop@11.0.7)
18540:             1             16  com.apple.laf.AquaLookAndFeel$$Lambda$228/0x0000000800324840 (java.desktop@11.0.7)
18541:             1             16  com.apple.laf.AquaLookAndFeel$$Lambda$229/0x0000000800324c40 (java.desktop@11.0.7)
18542:             1             16  com.apple.laf.AquaLookAndFeel$$Lambda$230/0x0000000800325040 (java.desktop@11.0.7)
18543:             1             16  com.apple.laf.AquaLookAndFeel$$Lambda$231/0x0000000800325440 (java.desktop@11.0.7)
18544:             1             16  com.apple.laf.AquaLookAndFeel$$Lambda$232/0x0000000800325840 (java.desktop@11.0.7)
18545:             1             16  com.apple.laf.AquaLookAndFeel$$Lambda$233/0x0000000800325c40 (java.desktop@11.0.7)
18546:             1             16  com.apple.laf.AquaLookAndFeel$3 (java.desktop@11.0.7)
18547:             1             16  com.apple.laf.AquaMenuBarUI$$Lambda$734/0x0000000800916040 (java.desktop@11.0.7)
18548:             1             16  com.apple.laf.AquaMenuBorder (java.desktop@11.0.7)
18549:             1             16  com.apple.laf.AquaMenuItemUI$IndeterminateListener (java.desktop@11.0.7)
18550:             1             16  com.apple.laf.AquaMnemonicHandler$AltProcessor (java.desktop@11.0.7)
18551:             1             16  com.apple.laf.AquaNativeResources$2 (java.desktop@11.0.7)
18552:             1             16  com.apple.laf.AquaPanelUI (java.desktop@11.0.7)
18553:             1             16  com.apple.laf.AquaTableHeaderBorder$1 (java.desktop@11.0.7)
18554:             1             16  com.apple.laf.AquaUtilControlSize$PropertySizeListener (java.desktop@11.0.7)
18555:             1             16  com.apple.laf.AquaUtils$3 (java.desktop@11.0.7)
18556:             1             16  com.apple.laf.AquaUtils$4 (java.desktop@11.0.7)
18557:             1             16  com.carrotsearch.hppc.HashOrderMixing$1
18558:             1             16  com.carrotsearch.hppc.RandomizedHashOrderMixer
18559:             1             16  com.fasterxml.jackson.core.io.JsonStringEncoder
18560:             1             16  com.fasterxml.jackson.core.util.DefaultPrettyPrinter$FixedSpaceIndenter
18561:             1             16  com.fasterxml.jackson.core.util.DefaultPrettyPrinter$NopIndenter
18562:             1             16  com.fasterxml.jackson.databind.deser.BeanDeserializerFactory
18563:             1             16  com.fasterxml.jackson.databind.deser.std.StdKeyDeserializers
18564:             1             16  com.fasterxml.jackson.databind.ext.Java7SupportImpl
18565:             1             16  com.fasterxml.jackson.databind.introspect.AnnotationCollector$NoAnnotations
18566:             1             16  com.fasterxml.jackson.databind.introspect.BasicClassIntrospector
18567:             1             16  com.fasterxml.jackson.databind.jsontype.impl.LaissezFaireSubTypeValidator
18568:             1             16  com.fasterxml.jackson.databind.jsontype.impl.StdSubtypeResolver
18569:             1             16  com.fasterxml.jackson.databind.ser.BeanSerializerFactory
18570:             1             16  com.fasterxml.jackson.databind.ser.impl.UnknownSerializer
18571:             1             16  com.fasterxml.jackson.databind.ser.std.NullSerializer
18572:             1             16  com.fasterxml.jackson.databind.ser.std.StringSerializer
18573:             1             16  com.fasterxml.jackson.databind.ser.std.UUIDSerializer
18574:             1             16  com.fasterxml.jackson.databind.type.TypeParser
18575:             1             16  com.fasterxml.jackson.databind.util.RootNameLookup
18576:             1             16  com.google.common.base.Absent
18577:             1             16  com.google.common.base.CharMatcher$Any
18578:             1             16  com.google.common.base.CharMatcher$AnyOf
18579:             1             16  com.google.common.base.CharMatcher$Ascii
18580:             1             16  com.google.common.base.CharMatcher$BreakingWhitespace
18581:             1             16  com.google.common.base.CharMatcher$IsEither
18582:             1             16  com.google.common.base.CharMatcher$JavaDigit
18583:             1             16  com.google.common.base.CharMatcher$JavaIsoControl
18584:             1             16  com.google.common.base.CharMatcher$JavaLetter
18585:             1             16  com.google.common.base.CharMatcher$JavaLetterOrDigit
18586:             1             16  com.google.common.base.CharMatcher$JavaLowerCase
18587:             1             16  com.google.common.base.CharMatcher$JavaUpperCase
18588:             1             16  com.google.common.base.CharMatcher$None
18589:             1             16  com.google.common.base.CharMatcher$None
18590:             1             16  com.google.common.base.CharMatcher$Whitespace
18591:             1             16  com.google.common.base.Equivalence$Equals
18592:             1             16  com.google.common.base.Equivalence$Identity
18593:             1             16  com.google.common.base.Platform$JdkPatternCompiler
18594:             1             16  com.google.common.base.Suppliers$SupplierOfInstance
18595:             1             16  com.google.common.base.Ticker$1
18596:             1             16  com.google.common.cache.CacheBuilder$1
18597:             1             16  com.google.common.cache.CacheBuilder$2
18598:             1             16  com.google.common.cache.CacheBuilder$3
18599:             1             16  com.google.common.cache.LocalCache$1
18600:             1             16  com.google.common.cache.LocalCache$2
18601:             1             16  com.google.common.collect.CollectCollectors$$Lambda$4553/0x0000000802998040
18602:             1             16  com.google.common.collect.CollectCollectors$$Lambda$4554/0x0000000802998440
18603:             1             16  com.google.common.collect.CollectCollectors$$Lambda$4555/0x0000000802998840
18604:             1             16  com.google.common.collect.CollectCollectors$$Lambda$4556/0x0000000802998c40
18605:             1             16  com.google.common.collect.CollectCollectors$$Lambda$4557/0x0000000802999040
18606:             1             16  com.google.common.collect.CollectCollectors$$Lambda$4558/0x0000000802999440
18607:             1             16  com.google.common.collect.CollectCollectors$$Lambda$4559/0x0000000802999840
18608:             1             16  com.google.common.collect.CollectCollectors$$Lambda$4560/0x0000000802999c40
18609:             1             16  com.google.common.collect.CollectCollectors$$Lambda$4561/0x000000080299a040
18610:             1             16  com.google.common.collect.CollectCollectors$$Lambda$4562/0x000000080299a440
18611:             1             16  com.google.common.collect.CollectCollectors$$Lambda$4563/0x000000080299a840
18612:             1             16  com.google.common.collect.CollectCollectors$$Lambda$4564/0x000000080299ac40
18613:             1             16  com.google.common.collect.CollectCollectors$$Lambda$4565/0x000000080299b040
18614:             1             16  com.google.common.collect.CollectCollectors$$Lambda$4567/0x000000080299b840
18615:             1             16  com.google.common.collect.CollectCollectors$$Lambda$4568/0x000000080299bc40
18616:             1             16  com.google.common.collect.ImmutableSortedMap$1EntrySet$1
18617:             1             16  com.google.common.collect.Sets$Accumulator$$Lambda$1050/0x0000000800c2e440
18618:             1             16  com.google.common.collect.Sets$Accumulator$$Lambda$1051/0x0000000800c2d840
18619:             1             16  com.google.common.collect.Sets$Accumulator$$Lambda$1052/0x0000000800c2dc40
18620:             1             16  com.google.common.collect.Sets$Accumulator$$Lambda$1053/0x0000000800c2d040
18621:             1             16  com.google.common.util.concurrent.AbstractFuture$UnsafeAtomicHelper
18622:             1             16  com.google.common.util.concurrent.MoreExecutors$ListeningDecorator
18623:             1             16  com.google.gson.internal.LinkedTreeMap$1
18624:             1             16  com.google.gson.internal.bind.ArrayTypeAdapter$1
18625:             1             16  com.google.gson.internal.bind.ArrayTypeAdapter$1
18626:             1             16  com.google.gson.internal.bind.DateTypeAdapter$1
18627:             1             16  com.google.gson.internal.bind.DateTypeAdapter$1
18628:             1             16  com.google.gson.internal.bind.ObjectTypeAdapter$1
18629:             1             16  com.google.gson.internal.bind.ObjectTypeAdapter$1
18630:             1             16  com.google.gson.internal.bind.SqlDateTypeAdapter$1
18631:             1             16  com.google.gson.internal.bind.SqlDateTypeAdapter$1
18632:             1             16  com.google.gson.internal.bind.TimeTypeAdapter$1
18633:             1             16  com.google.gson.internal.bind.TimeTypeAdapter$1
18634:             1             16  com.google.gson.internal.bind.TypeAdapters$1
18635:             1             16  com.google.gson.internal.bind.TypeAdapters$1
18636:             1             16  com.google.gson.internal.bind.TypeAdapters$10
18637:             1             16  com.google.gson.internal.bind.TypeAdapters$10
18638:             1             16  com.google.gson.internal.bind.TypeAdapters$11
18639:             1             16  com.google.gson.internal.bind.TypeAdapters$11
18640:             1             16  com.google.gson.internal.bind.TypeAdapters$12
18641:             1             16  com.google.gson.internal.bind.TypeAdapters$12
18642:             1             16  com.google.gson.internal.bind.TypeAdapters$13
18643:             1             16  com.google.gson.internal.bind.TypeAdapters$13
18644:             1             16  com.google.gson.internal.bind.TypeAdapters$14
18645:             1             16  com.google.gson.internal.bind.TypeAdapters$14
18646:             1             16  com.google.gson.internal.bind.TypeAdapters$15
18647:             1             16  com.google.gson.internal.bind.TypeAdapters$15
18648:             1             16  com.google.gson.internal.bind.TypeAdapters$16
18649:             1             16  com.google.gson.internal.bind.TypeAdapters$16
18650:             1             16  com.google.gson.internal.bind.TypeAdapters$17
18651:             1             16  com.google.gson.internal.bind.TypeAdapters$17
18652:             1             16  com.google.gson.internal.bind.TypeAdapters$18
18653:             1             16  com.google.gson.internal.bind.TypeAdapters$18
18654:             1             16  com.google.gson.internal.bind.TypeAdapters$19
18655:             1             16  com.google.gson.internal.bind.TypeAdapters$19
18656:             1             16  com.google.gson.internal.bind.TypeAdapters$2
18657:             1             16  com.google.gson.internal.bind.TypeAdapters$2
18658:             1             16  com.google.gson.internal.bind.TypeAdapters$20
18659:             1             16  com.google.gson.internal.bind.TypeAdapters$20
18660:             1             16  com.google.gson.internal.bind.TypeAdapters$21
18661:             1             16  com.google.gson.internal.bind.TypeAdapters$21
18662:             1             16  com.google.gson.internal.bind.TypeAdapters$22
18663:             1             16  com.google.gson.internal.bind.TypeAdapters$22
18664:             1             16  com.google.gson.internal.bind.TypeAdapters$23
18665:             1             16  com.google.gson.internal.bind.TypeAdapters$23
18666:             1             16  com.google.gson.internal.bind.TypeAdapters$24
18667:             1             16  com.google.gson.internal.bind.TypeAdapters$24
18668:             1             16  com.google.gson.internal.bind.TypeAdapters$25
18669:             1             16  com.google.gson.internal.bind.TypeAdapters$25
18670:             1             16  com.google.gson.internal.bind.TypeAdapters$26
18671:             1             16  com.google.gson.internal.bind.TypeAdapters$26
18672:             1             16  com.google.gson.internal.bind.TypeAdapters$27
18673:             1             16  com.google.gson.internal.bind.TypeAdapters$27
18674:             1             16  com.google.gson.internal.bind.TypeAdapters$28
18675:             1             16  com.google.gson.internal.bind.TypeAdapters$28
18676:             1             16  com.google.gson.internal.bind.TypeAdapters$29
18677:             1             16  com.google.gson.internal.bind.TypeAdapters$29
18678:             1             16  com.google.gson.internal.bind.TypeAdapters$3
18679:             1             16  com.google.gson.internal.bind.TypeAdapters$3
18680:             1             16  com.google.gson.internal.bind.TypeAdapters$30
18681:             1             16  com.google.gson.internal.bind.TypeAdapters$30
18682:             1             16  com.google.gson.internal.bind.TypeAdapters$4
18683:             1             16  com.google.gson.internal.bind.TypeAdapters$4
18684:             1             16  com.google.gson.internal.bind.TypeAdapters$5
18685:             1             16  com.google.gson.internal.bind.TypeAdapters$5
18686:             1             16  com.google.gson.internal.bind.TypeAdapters$6
18687:             1             16  com.google.gson.internal.bind.TypeAdapters$6
18688:             1             16  com.google.gson.internal.bind.TypeAdapters$7
18689:             1             16  com.google.gson.internal.bind.TypeAdapters$7
18690:             1             16  com.google.gson.internal.bind.TypeAdapters$8
18691:             1             16  com.google.gson.internal.bind.TypeAdapters$8
18692:             1             16  com.google.gson.internal.bind.TypeAdapters$9
18693:             1             16  com.google.gson.internal.bind.TypeAdapters$9
18694:             1             16  com.google.gson.stream.JsonReader$1
18695:             1             16  com.google.gson.stream.JsonReader$1
18696:             1             16  com.google.protobuf.ByteString$ArraysByteArrayCopier
18697:             1             16  com.google.protobuf.ExtensionRegistryLite
18698:             1             16  com.google.protobuf.SmallSortedMap$EmptySet$1
18699:             1             16  com.google.protobuf.SmallSortedMap$EmptySet$2
18700:             1             16  com.google.protobuf.UnknownFieldSet
18701:             1             16  com.google.protobuf.UnknownFieldSet$Parser
18702:             1             16  com.google.protobuf.UnsafeUtil$JvmMemoryAccessor
18703:             1             16  com.google.protobuf.Utf8$UnsafeProcessor
18704:             1             16  com.google.wireless.android.play.playlog.proto.ClientAnalytics$LogEvent$1
18705:             1             16  com.google.wireless.android.sdk.stats.AndroidStudioEvent$1
18706:             1             16  com.google.wireless.android.sdk.stats.AndroidStudioEvent$2
18707:             1             16  com.google.wireless.android.sdk.stats.AndroidStudioEvent$EventKind$1
18708:             1             16  com.google.wireless.android.sdk.stats.AndroidStudioEvent$IdeBrand$1
18709:             1             16  com.google.wireless.android.sdk.stats.GradleSyncStats$Trigger$1
18710:             1             16  com.google.wireless.android.sdk.stats.StudioToolWindowActionStats$1
18711:             1             16  com.google.wireless.android.sdk.stats.StudioToolWindowActionStats$EventType$1
18712:             1             16  com.intellij.AbstractBundle$$Lambda$291/0x000000080040e440
18713:             1             16  com.intellij.DynamicBundle$$Lambda$1361/0x00000008013e2040
18714:             1             16  com.intellij.a.c.a.b
18715:             1             16  com.intellij.a.e.a.b
18716:             1             16  com.intellij.analysis.AnalysisScopeRule
18717:             1             16  com.intellij.analysis.PackagesScopesProvider
18718:             1             16  com.intellij.analysis.problemsView.inspection.ProblemsViewToolWindowFactory
18719:             1             16  com.intellij.analysis.problemsView.inspection.ProblemsViewToolWindowFactory$1
18720:             1             16  com.intellij.aop.jam.AopJavaAnnotator
18721:             1             16  com.intellij.aop.psi.AopPointcutExpressionParserDefinition
18722:             1             16  com.intellij.application.options.GeneralCodeStyleSettingsProvider
18723:             1             16  com.intellij.application.options.GenerationSettingsProvider
18724:             1             16  com.intellij.application.options.HtmlCodeStyleSettingsProvider
18725:             1             16  com.intellij.application.options.HtmlLanguageCodeStyleSettings
18726:             1             16  com.intellij.application.options.JspCodeStyleSettingsProvider
18727:             1             16  com.intellij.application.options.JspLanguageCodeStyleSettingsProvider
18728:             1             16  com.intellij.application.options.JspxCodeStyleSettingsProvider
18729:             1             16  com.intellij.application.options.JspxLanguageCodeStyleSettingsProvider
18730:             1             16  com.intellij.application.options.OptionsContainingConfigurable$1
18731:             1             16  com.intellij.application.options.PathMacroExpandableProtocolBean
18732:             1             16  com.intellij.application.options.PathMacrosImpl$Companion
18733:             1             16  com.intellij.application.options.RegistryManagerImpl
18734:             1             16  com.intellij.application.options.ReplacePathToMacroMap$$Lambda$1765/0x00000008017a7440
18735:             1             16  com.intellij.application.options.XmlLanguageCodeStyleSettingsProvider
18736:             1             16  com.intellij.application.options.codeStyle.CodeStyleSchemesModel$$Lambda$2062/0x0000000801972840
18737:             1             16  com.intellij.application.options.codeStyle.OtherFileTypesCodeStyleOptionsProvider
18738:             1             16  com.intellij.application.options.editor.BaseCodeFoldingOptionsProvider$$Lambda$941/0x0000000800ba2040
18739:             1             16  com.intellij.application.options.editor.BaseCodeFoldingOptionsProvider$$Lambda$942/0x0000000800ba2440
18740:             1             16  com.intellij.application.options.editor.BaseCodeFoldingOptionsProvider$$Lambda$943/0x0000000800ba1840
18741:             1             16  com.intellij.application.options.editor.BaseCodeFoldingOptionsProvider$$Lambda$944/0x0000000800ba1c40
18742:             1             16  com.intellij.application.options.editor.BaseCodeFoldingOptionsProvider$$Lambda$945/0x0000000800bb8040
18743:             1             16  com.intellij.application.options.editor.BaseCodeFoldingOptionsProvider$$Lambda$946/0x0000000800bb8440
18744:             1             16  com.intellij.application.options.editor.BaseCodeFoldingOptionsProvider$$Lambda$947/0x0000000800bb8840
18745:             1             16  com.intellij.application.options.editor.BaseCodeFoldingOptionsProvider$$Lambda$948/0x0000000800bb8c40
18746:             1             16  com.intellij.application.options.editor.BaseCodeFoldingOptionsProvider$$Lambda$949/0x0000000800bb9040
18747:             1             16  com.intellij.application.options.editor.BaseCodeFoldingOptionsProvider$$Lambda$950/0x0000000800bb9440
18748:             1             16  com.intellij.application.options.editor.CodeFoldingOptionsTopHitProvider
18749:             1             16  com.intellij.application.options.editor.EditorOptionsTopHitProvider
18750:             1             16  com.intellij.application.options.editor.EditorSmartKeysConfigurable$Companion
18751:             1             16  com.intellij.application.options.editor.EditorSmartKeysConfigurable$allConfigurables$2
18752:             1             16  com.intellij.application.options.editor.EditorSmartKeysOptionsTopHitProvider
18753:             1             16  com.intellij.application.options.editor.EditorSmartKeysOptionsTopHitProvider$getOptions$2$1
18754:             1             16  com.intellij.application.options.editor.EditorTabsOptionsModelKt$showFileExtension$1
18755:             1             16  com.intellij.application.options.editor.EditorTabsOptionsModelKt$showFileExtension$2
18756:             1             16  com.intellij.application.options.editor.EditorTabsOptionsTopHitProvider
18757:             1             16  com.intellij.application.options.editor.GutterIconsSearchableOptionContributor
18758:             1             16  com.intellij.application.options.editor.JavaCodeFoldingOptionsProvider$$Lambda$960/0x0000000800bbbc40
18759:             1             16  com.intellij.application.options.editor.JavaCodeFoldingOptionsProvider$$Lambda$961/0x0000000800bbc040
18760:             1             16  com.intellij.application.options.editor.JavaCodeFoldingOptionsProvider$$Lambda$962/0x0000000800bbc440
18761:             1             16  com.intellij.application.options.editor.JavaCodeFoldingOptionsProvider$$Lambda$963/0x0000000800bbc840
18762:             1             16  com.intellij.application.options.editor.JavaCodeFoldingOptionsProvider$$Lambda$964/0x0000000800bbcc40
18763:             1             16  com.intellij.application.options.editor.JavaCodeFoldingOptionsProvider$$Lambda$965/0x0000000800bbd040
18764:             1             16  com.intellij.application.options.editor.JavaCodeFoldingOptionsProvider$$Lambda$966/0x0000000800bbd440
18765:             1             16  com.intellij.application.options.editor.JavaCodeFoldingOptionsProvider$$Lambda$967/0x0000000800bbd840
18766:             1             16  com.intellij.application.options.editor.JavaCodeFoldingOptionsProvider$$Lambda$968/0x0000000800bbdc40
18767:             1             16  com.intellij.application.options.editor.JavaCodeFoldingOptionsProvider$$Lambda$969/0x0000000800bbe040
18768:             1             16  com.intellij.application.options.editor.JavaCodeFoldingOptionsProvider$$Lambda$970/0x0000000800bbe440
18769:             1             16  com.intellij.application.options.editor.JavaCodeFoldingOptionsProvider$$Lambda$971/0x0000000800bbe840
18770:             1             16  com.intellij.application.options.editor.JavaCodeFoldingOptionsProvider$$Lambda$972/0x0000000800bbec40
18771:             1             16  com.intellij.application.options.editor.JavaCodeFoldingOptionsProvider$$Lambda$973/0x0000000800bbf040
18772:             1             16  com.intellij.application.options.editor.JavaCodeFoldingOptionsProvider$$Lambda$974/0x0000000800bbf440
18773:             1             16  com.intellij.application.options.editor.JavaCodeFoldingOptionsProvider$$Lambda$975/0x0000000800bbf840
18774:             1             16  com.intellij.application.options.editor.JavaCodeFoldingOptionsProvider$$Lambda$976/0x0000000800bbfc40
18775:             1             16  com.intellij.application.options.editor.JavaCodeFoldingOptionsProvider$$Lambda$977/0x0000000800bc0040
18776:             1             16  com.intellij.application.options.editor.JavaCodeFoldingOptionsProvider$$Lambda$978/0x0000000800bc0440
18777:             1             16  com.intellij.application.options.editor.JavaCodeFoldingOptionsProvider$$Lambda$979/0x0000000800bc0840
18778:             1             16  com.intellij.application.options.editor.JavaCodeFoldingOptionsProvider$$Lambda$980/0x0000000800bc0c40
18779:             1             16  com.intellij.application.options.editor.JavaCodeFoldingOptionsProvider$$Lambda$981/0x0000000800bc1040
18780:             1             16  com.intellij.application.options.editor.JavaCodeFoldingOptionsProvider$$Lambda$982/0x0000000800bc1440
18781:             1             16  com.intellij.application.options.editor.JavaCodeFoldingOptionsProvider$$Lambda$983/0x0000000800bc1840
18782:             1             16  com.intellij.application.options.editor.WebSmartKeysConfigurable$Companion
18783:             1             16  com.intellij.application.options.editor.XmlCodeFoldingOptionsProvider$$Lambda$952/0x0000000800bb9c40
18784:             1             16  com.intellij.application.options.editor.XmlCodeFoldingOptionsProvider$$Lambda$953/0x0000000800bba040
18785:             1             16  com.intellij.application.options.editor.XmlCodeFoldingOptionsProvider$$Lambda$954/0x0000000800bba440
18786:             1             16  com.intellij.application.options.editor.XmlCodeFoldingOptionsProvider$$Lambda$955/0x0000000800bba840
18787:             1             16  com.intellij.application.options.editor.XmlCodeFoldingOptionsProvider$$Lambda$956/0x0000000800bbac40
18788:             1             16  com.intellij.application.options.editor.XmlCodeFoldingOptionsProvider$$Lambda$957/0x0000000800bbb040
18789:             1             16  com.intellij.application.options.editor.XmlCodeFoldingOptionsProvider$$Lambda$958/0x0000000800bbb440
18790:             1             16  com.intellij.application.options.editor.XmlCodeFoldingOptionsProvider$$Lambda$959/0x0000000800bbb840
18791:             1             16  com.intellij.application.options.editor.XmlFoldingSettings
18792:             1             16  com.intellij.application.options.editor.XmlFoldingSettings$State
18793:             1             16  com.intellij.batch.references.BatchJobOperatorReferenceProvider
18794:             1             16  com.intellij.batch.references.BatchJobXmlReferenceProvider
18795:             1             16  com.intellij.batch.references.BatchReferenceContributor
18796:             1             16  com.intellij.beanValidation.BeanValidationResourceProvider
18797:             1             16  com.intellij.beanValidation.highlighting.checkers.CheckAnnotationIsConstraint
18798:             1             16  com.intellij.beanValidation.highlighting.checkers.CheckClassIsConstraintAnnotation
18799:             1             16  com.intellij.beanValidation.highlighting.checkers.CheckMissingParameters
18800:             1             16  com.intellij.beanValidation.providers.BvIconProvider
18801:             1             16  com.intellij.beanValidation.toolWindow.BVLibrarySearcher
18802:             1             16  com.intellij.cdi.diagram.managers.CdiDiagramCategoryManager
18803:             1             16  com.intellij.cdi.diagram.managers.CdiDiagramColorManager
18804:             1             16  com.intellij.cdi.diagram.managers.CdiDiagramElementManager
18805:             1             16  com.intellij.cdi.diagram.managers.CdiDiagramExtras
18806:             1             16  com.intellij.cdi.diagram.managers.CdiDiagramRelationshipManager
18807:             1             16  com.intellij.cdi.diagram.managers.CdiDiagramVfsResolver
18808:             1             16  com.intellij.cdi.diagram.managers.CdiDiagramVisibilityManager
18809:             1             16  com.intellij.cdi.gutter.CdiDisposerMethodsClassAnnotator
18810:             1             16  com.intellij.cdi.gutter.CdiEventsModelClassAnnotator
18811:             1             16  com.intellij.cdi.gutter.CdiInjectionsClassAnnotator
18812:             1             16  com.intellij.cdi.toolWindow.CdiLibrarySearcher
18813:             1             16  com.intellij.charts.Grid$xPainter$1
18814:             1             16  com.intellij.charts.Grid$yPainter$1
18815:             1             16  com.intellij.charts.LineChart$Companion
18816:             1             16  com.intellij.charts.LineDataset$Companion
18817:             1             16  com.intellij.charts.ValueIterable$Companion
18818:             1             16  com.intellij.cloudConfig.CloudConfigManager$$Lambda$336/0x00000008004a0040
18819:             1             16  com.intellij.cloudConfig.CloudConfigManager$$Lambda$337/0x00000008004a0440
18820:             1             16  com.intellij.cloudConfig.CloudConfigManager$$Lambda$339/0x00000008004a0c40
18821:             1             16  com.intellij.cloudConfig.CloudConfigManager$ExecuteManager
18822:             1             16  com.intellij.cloudConfig.StatusBarInfoManager
18823:             1             16  com.intellij.cloudConfig.StatusBarInfoManager$1
18824:             1             16  com.intellij.cloudConfig.StatusBarInfoManager$MyStartupActivity
18825:             1             16  com.intellij.codeHighlighting.HighlightDisplayLevel$1
18826:             1             16  com.intellij.codeInsight.JavaImplicitReferenceProvider
18827:             1             16  com.intellij.codeInsight.MakeAnnotationExternal
18828:             1             16  com.intellij.codeInsight.MakeExternalAnnotationExplicit
18829:             1             16  com.intellij.codeInsight.MakeInferredAnnotationExplicit
18830:             1             16  com.intellij.codeInsight.TailType$1
18831:             1             16  com.intellij.codeInsight.TailType$2
18832:             1             16  com.intellij.codeInsight.TailType$3
18833:             1             16  com.intellij.codeInsight.TailType$4
18834:             1             16  com.intellij.codeInsight.daemon.JavaProblemHighlightFilter
18835:             1             16  com.intellij.codeInsight.daemon.JspCollectHighlightsFilter
18836:             1             16  com.intellij.codeInsight.daemon.OutsidersPsiFileSupport$HighlightFilter
18837:             1             16  com.intellij.codeInsight.daemon.OutsidersPsiFileSupport$HighlightingSettingProvider
18838:             1             16  com.intellij.codeInsight.daemon.OutsidersPsiFileSupport$IntentionFilter
18839:             1             16  com.intellij.codeInsight.daemon.impl.AttachSourcesNotificationProvider
18840:             1             16  com.intellij.codeInsight.daemon.impl.ChameleonSyntaxHighlightingPass$$Lambda$3897/0x0000000802273c40
18841:             1             16  com.intellij.codeInsight.daemon.impl.ChameleonSyntaxHighlightingPass$Factory
18842:             1             16  com.intellij.codeInsight.daemon.impl.CleanupIntentionMenuContributor
18843:             1             16  com.intellij.codeInsight.daemon.impl.CodeFoldingPassFactory
18844:             1             16  com.intellij.codeInsight.daemon.impl.DaemonCodeAnalyzerImpl$$Lambda$1419/0x000000080145f040
18845:             1             16  com.intellij.codeInsight.daemon.impl.DaemonCodeAnalyzerImpl$UpdateRunnable
18846:             1             16  com.intellij.codeInsight.daemon.impl.DaemonListeners$$Lambda$1647/0x00000008016e4440
18847:             1             16  com.intellij.codeInsight.daemon.impl.DaemonListeners$$Lambda$1651/0x00000008016e3440
18848:             1             16  com.intellij.codeInsight.daemon.impl.DaemonListeners$$Lambda$1652/0x00000008016e2840
18849:             1             16  com.intellij.codeInsight.daemon.impl.DaemonListeners$$Lambda$1654/0x00000008016e2040
18850:             1             16  com.intellij.codeInsight.daemon.impl.DaemonListeners$$Lambda$1655/0x00000008016e2440
18851:             1             16  com.intellij.codeInsight.daemon.impl.DaemonListeners$$Lambda$1657/0x0000000801710440
18852:             1             16  com.intellij.codeInsight.daemon.impl.DaemonListeners$1
18853:             1             16  com.intellij.codeInsight.daemon.impl.DaemonListeners$10
18854:             1             16  com.intellij.codeInsight.daemon.impl.DaemonListeners$11
18855:             1             16  com.intellij.codeInsight.daemon.impl.DaemonListeners$2
18856:             1             16  com.intellij.codeInsight.daemon.impl.DaemonListeners$3
18857:             1             16  com.intellij.codeInsight.daemon.impl.DaemonListeners$4
18858:             1             16  com.intellij.codeInsight.daemon.impl.DaemonListeners$5
18859:             1             16  com.intellij.codeInsight.daemon.impl.DaemonListeners$6
18860:             1             16  com.intellij.codeInsight.daemon.impl.DaemonListeners$7
18861:             1             16  com.intellij.codeInsight.daemon.impl.DaemonListeners$MyApplicationListener
18862:             1             16  com.intellij.codeInsight.daemon.impl.DaemonListeners$MyCommandListener
18863:             1             16  com.intellij.codeInsight.daemon.impl.DaemonListeners$MyEditorMouseListener
18864:             1             16  com.intellij.codeInsight.daemon.impl.DaemonListeners$MyEditorMouseMotionListener
18865:             1             16  com.intellij.codeInsight.daemon.impl.DaemonListeners$MyProfileChangeListener
18866:             1             16  com.intellij.codeInsight.daemon.impl.DaemonListeners$MyTodoListener
18867:             1             16  com.intellij.codeInsight.daemon.impl.DefaultChangeLocalityDetector
18868:             1             16  com.intellij.codeInsight.daemon.impl.DefaultHighlightVisitor$$Lambda$3898/0x0000000802273040
18869:             1             16  com.intellij.codeInsight.daemon.impl.DoNotShowInspectionIntentionMenuContributor
18870:             1             16  com.intellij.codeInsight.daemon.impl.DoNotShowInspectionIntentionMenuContributor$$Lambda$4248/0x0000000802697840
18871:             1             16  com.intellij.codeInsight.daemon.impl.EditorTracker$1
18872:             1             16  com.intellij.codeInsight.daemon.impl.EditorTracker$MyAppLevelEditorFactoryListener
18873:             1             16  com.intellij.codeInsight.daemon.impl.ExternalToolPassFactory
18874:             1             16  com.intellij.codeInsight.daemon.impl.ExternalToolPassFactory$MyRegistrar
18875:             1             16  com.intellij.codeInsight.daemon.impl.FileStatusMap$1
18876:             1             16  com.intellij.codeInsight.daemon.impl.GeneralHighlightingPass$$Lambda$3852/0x0000000802261040
18877:             1             16  com.intellij.codeInsight.daemon.impl.GeneralHighlightingPass$$Lambda$3934/0x000000080229e040
18878:             1             16  com.intellij.codeInsight.daemon.impl.GeneralHighlightingPass$$Lambda$3935/0x000000080229e440
18879:             1             16  com.intellij.codeInsight.daemon.impl.GeneralHighlightingPass$$Lambda$3936/0x000000080229d840
18880:             1             16  com.intellij.codeInsight.daemon.impl.GeneralHighlightingPass$$Lambda$3937/0x000000080229dc40
18881:             1             16  com.intellij.codeInsight.daemon.impl.GutterIntentionMenuContributor
18882:             1             16  com.intellij.codeInsight.daemon.impl.HighlightInfoFilterImpl
18883:             1             16  com.intellij.codeInsight.daemon.impl.HighlightInfoProcessor$1
18884:             1             16  com.intellij.codeInsight.daemon.impl.HighlightingSessionImpl$$Lambda$3886/0x0000000802272440
18885:             1             16  com.intellij.codeInsight.daemon.impl.IconLineMarkerProvider
18886:             1             16  com.intellij.codeInsight.daemon.impl.IdentifierHighlighterPassFactory
18887:             1             16  com.intellij.codeInsight.daemon.impl.IndentsPass$$Lambda$3851/0x0000000802260c40
18888:             1             16  com.intellij.codeInsight.daemon.impl.IndentsPass$$Lambda$4450/0x0000000802895840
18889:             1             16  com.intellij.codeInsight.daemon.impl.IndentsPassFactory
18890:             1             16  com.intellij.codeInsight.daemon.impl.InjectedCodeFoldingPassFactory
18891:             1             16  com.intellij.codeInsight.daemon.impl.InjectedGeneralHighlightingPass$$Lambda$3902/0x0000000802288840
18892:             1             16  com.intellij.codeInsight.daemon.impl.InjectedGeneralHighlightingPass$$Lambda$3903/0x0000000802288c40
18893:             1             16  com.intellij.codeInsight.daemon.impl.InjectedGeneralHighlightingPassFactory
18894:             1             16  com.intellij.codeInsight.daemon.impl.JavaChangeLocalityDetector
18895:             1             16  com.intellij.codeInsight.daemon.impl.JavaColorProvider
18896:             1             16  com.intellij.codeInsight.daemon.impl.JavaLensProvider
18897:             1             16  com.intellij.codeInsight.daemon.impl.JavaProjectSdkSetupValidator$1
18898:             1             16  com.intellij.codeInsight.daemon.impl.JavaSoftKeywordHighlightingPassFactory
18899:             1             16  com.intellij.codeInsight.daemon.impl.JavaTextBlockIndentPassFactory
18900:             1             16  com.intellij.codeInsight.daemon.impl.LibrarySourceNotificationProvider
18901:             1             16  com.intellij.codeInsight.daemon.impl.LibrarySourceNotificationProvider$Companion
18902:             1             16  com.intellij.codeInsight.daemon.impl.LineMarkerSettingsImpl
18903:             1             16  com.intellij.codeInsight.daemon.impl.LineMarkersPassFactory
18904:             1             16  com.intellij.codeInsight.daemon.impl.LocalInspectionsPass$$Lambda$3854/0x0000000802267840
18905:             1             16  com.intellij.codeInsight.daemon.impl.LocalInspectionsPass$$Lambda$4090/0x00000008023cb040
18906:             1             16  com.intellij.codeInsight.daemon.impl.LocalInspectionsPass$$Lambda$4091/0x00000008023cb440
18907:             1             16  com.intellij.codeInsight.daemon.impl.LocalInspectionsPass$2
18908:             1             16  com.intellij.codeInsight.daemon.impl.LocalInspectionsPassFactory
18909:             1             16  com.intellij.codeInsight.daemon.impl.PassExecutorService$$Lambda$3671/0x0000000802109440
18910:             1             16  com.intellij.codeInsight.daemon.impl.PassExecutorService$$Lambda$3859/0x0000000802265840
18911:             1             16  com.intellij.codeInsight.daemon.impl.PassExecutorService$$Lambda$3860/0x0000000802265c40
18912:             1             16  com.intellij.codeInsight.daemon.impl.PassExecutorService$$Lambda$3861/0x0000000802265040
18913:             1             16  com.intellij.codeInsight.daemon.impl.PassExecutorService$$Lambda$3862/0x0000000802265440
18914:             1             16  com.intellij.codeInsight.daemon.impl.PassExecutorService$$Lambda$3863/0x0000000802264840
18915:             1             16  com.intellij.codeInsight.daemon.impl.PassExecutorService$$Lambda$3864/0x0000000802264c40
18916:             1             16  com.intellij.codeInsight.daemon.impl.PassExecutorService$$Lambda$3865/0x0000000802264040
18917:             1             16  com.intellij.codeInsight.daemon.impl.PassExecutorService$$Lambda$4346/0x000000080283c840
18918:             1             16  com.intellij.codeInsight.daemon.impl.PsiChangeHandler$1
18919:             1             16  com.intellij.codeInsight.daemon.impl.PsiChangeHandler$2
18920:             1             16  com.intellij.codeInsight.daemon.impl.RecursiveCallLineMarkerProvider
18921:             1             16  com.intellij.codeInsight.daemon.impl.SdkSetupNotificationProvider
18922:             1             16  com.intellij.codeInsight.daemon.impl.SeverityRegistrar$$Lambda$2466/0x0000000801b07c40
18923:             1             16  com.intellij.codeInsight.daemon.impl.ShowAutoImportPassFactory
18924:             1             16  com.intellij.codeInsight.daemon.impl.ShowIntentionsPassFactory
18925:             1             16  com.intellij.codeInsight.daemon.impl.StatusBarUpdater$$Lambda$1418/0x000000080145fc40
18926:             1             16  com.intellij.codeInsight.daemon.impl.StatusBarUpdater$1
18927:             1             16  com.intellij.codeInsight.daemon.impl.StatusBarUpdater$2
18928:             1             16  com.intellij.codeInsight.daemon.impl.UpdateHighlightersUtil$$Lambda$3941/0x000000080229cc40
18929:             1             16  com.intellij.codeInsight.daemon.impl.WholeFileLocalInspectionsPassFactory$MyRegistrar
18930:             1             16  com.intellij.codeInsight.daemon.impl.WolfPassFactory$MyRegistrar
18931:             1             16  com.intellij.codeInsight.daemon.impl.analysis.AddSchemaPrefixIntention
18932:             1             16  com.intellij.codeInsight.daemon.impl.analysis.CDataToTextIntention
18933:             1             16  com.intellij.codeInsight.daemon.impl.analysis.ConvertSchemaPrefixToDefaultIntention
18934:             1             16  com.intellij.codeInsight.daemon.impl.analysis.GeneratedSourcesHighlightingSettingProvider
18935:             1             16  com.intellij.codeInsight.daemon.impl.analysis.HighlightVisitorImpl$$Lambda$3921/0x000000080228ec40
18936:             1             16  com.intellij.codeInsight.daemon.impl.analysis.RearrangeAttributesIntention
18937:             1             16  com.intellij.codeInsight.daemon.impl.analysis.RemoveAttributeIntentionFix
18938:             1             16  com.intellij.codeInsight.daemon.impl.analysis.RemoveTagAndPromoteChildrenIntentionAction
18939:             1             16  com.intellij.codeInsight.daemon.impl.analysis.TextToCDataIntention
18940:             1             16  com.intellij.codeInsight.daemon.impl.analysis.XmlHighlightVisitor
18941:             1             16  com.intellij.codeInsight.daemon.impl.analysis.XmlNamespaceAnnotator
18942:             1             16  com.intellij.codeInsight.daemon.impl.analysis.XmlNsPrefixAnnotator
18943:             1             16  com.intellij.codeInsight.daemon.impl.analysis.annotator.EjbClassLineMarkerProvider
18944:             1             16  com.intellij.codeInsight.daemon.impl.analysis.annotator.EjbClassLineMarkerProvider$$Lambda$1220/0x0000000801006840
18945:             1             16  com.intellij.codeInsight.daemon.impl.analysis.encoding.EncodingReferenceInjector
18946:             1             16  com.intellij.codeInsight.daemon.impl.analysis.encoding.XmlEncodingReferenceProvider
18947:             1             16  com.intellij.codeInsight.daemon.impl.focusMode.FocusModePassFactory
18948:             1             16  com.intellij.codeInsight.daemon.impl.quickfix.AddRuntimeExceptionToThrowsAction
18949:             1             16  com.intellij.codeInsight.daemon.impl.quickfix.AddXsiSchemaLocationForExtResourceAction
18950:             1             16  com.intellij.codeInsight.daemon.impl.quickfix.ConvertToStringLiteralAction
18951:             1             16  com.intellij.codeInsight.daemon.impl.quickfix.CreateCastExpressionFromInstanceofAction
18952:             1             16  com.intellij.codeInsight.daemon.impl.quickfix.CreateLocalVarFromInstanceofAction
18953:             1             16  com.intellij.codeInsight.daemon.impl.quickfix.DefineParamsDefaultValueAction
18954:             1             16  com.intellij.codeInsight.daemon.impl.quickfix.IterateOverIterableIntention
18955:             1             16  com.intellij.codeInsight.daemon.impl.quickfix.ManuallySetupExtResourceAction
18956:             1             16  com.intellij.codeInsight.daemon.impl.tagTreeHighlighting.XmlTagTreeHighlightingPassFactory
18957:             1             16  com.intellij.codeInsight.daemon.problems.ProblemAnalyzer$MyStartupActivity
18958:             1             16  com.intellij.codeInsight.daemon.problems.ui.ProjectProblemsToolWindowFactory
18959:             1             16  com.intellij.codeInsight.documentation.DocumentationManager$1
18960:             1             16  com.intellij.codeInsight.documentation.QuickDocOnMouseOverManager$1
18961:             1             16  com.intellij.codeInsight.documentation.QuickDocOnMouseOverManager$MyCaretListener
18962:             1             16  com.intellij.codeInsight.documentation.QuickDocOnMouseOverManager$MyDocumentListener
18963:             1             16  com.intellij.codeInsight.documentation.QuickDocOnMouseOverManager$MyEditorFactoryListener
18964:             1             16  com.intellij.codeInsight.documentation.QuickDocOnMouseOverManager$MyEditorMouseListener
18965:             1             16  com.intellij.codeInsight.documentation.QuickDocOnMouseOverManager$MyVisibleAreaListener
18966:             1             16  com.intellij.codeInsight.documentation.QuickDocOnMouseOverStartupActivity
18967:             1             16  com.intellij.codeInsight.documentation.render.DocRenderPassFactory
18968:             1             16  com.intellij.codeInsight.documentation.render.ToggleRenderedDocPresentationAction$Handler
18969:             1             16  com.intellij.codeInsight.editorActions.BraceOrQuoteOutAction$Handler
18970:             1             16  com.intellij.codeInsight.editorActions.CodeBlockEndAction$Handler
18971:             1             16  com.intellij.codeInsight.editorActions.CodeBlockEndWithSelectionAction$Handler
18972:             1             16  com.intellij.codeInsight.editorActions.CodeBlockStartAction$Handler
18973:             1             16  com.intellij.codeInsight.editorActions.CodeBlockStartWithSelectionAction$Handler
18974:             1             16  com.intellij.codeInsight.editorActions.CompletionAutoPopupHandler
18975:             1             16  com.intellij.codeInsight.editorActions.FixDocCommentAction$MyHandler
18976:             1             16  com.intellij.codeInsight.editorActions.JavaMethodOverloadSwitchActionPromoter
18977:             1             16  com.intellij.codeInsight.editorActions.JavaMethodOverloadSwitchActionPromoter$$Lambda$1556/0x000000080155ec40
18978:             1             16  com.intellij.codeInsight.editorActions.JavaNextParameterActionPromoter
18979:             1             16  com.intellij.codeInsight.editorActions.JavaTypedHandler
18980:             1             16  com.intellij.codeInsight.editorActions.JavadocTypedHandler
18981:             1             16  com.intellij.codeInsight.editorActions.JspELTypedHandler
18982:             1             16  com.intellij.codeInsight.editorActions.JspTypedHandler
18983:             1             16  com.intellij.codeInsight.editorActions.MatchBraceAction$MyHandler
18984:             1             16  com.intellij.codeInsight.editorActions.SelectionQuotingTypedHandler
18985:             1             16  com.intellij.codeInsight.editorActions.TabActionsPromoter
18986:             1             16  com.intellij.codeInsight.editorActions.TabActionsPromoter$$Lambda$1552/0x000000080155fc40
18987:             1             16  com.intellij.codeInsight.editorActions.XmlAutoPopupHandler
18988:             1             16  com.intellij.codeInsight.editorActions.XmlEqTypedHandler
18989:             1             16  com.intellij.codeInsight.editorActions.XmlGtTypedHandler
18990:             1             16  com.intellij.codeInsight.editorActions.XmlPiTypedHandler
18991:             1             16  com.intellij.codeInsight.editorActions.XmlSlashTypedHandler
18992:             1             16  com.intellij.codeInsight.editorActions.XmlTagNameSynchronizer
18993:             1             16  com.intellij.codeInsight.editorActions.XmlTagNameSynchronizer$$Lambda$4650/0x0000000802a39040
18994:             1             16  com.intellij.codeInsight.editorActions.moveLeftRight.MoveElementLeftRightActionHandler$$Lambda$1151/0x0000000800e6dc40
18995:             1             16  com.intellij.codeInsight.folding.impl.CodeFoldingManagerImpl$$Lambda$3523/0x0000000802062c40
18996:             1             16  com.intellij.codeInsight.folding.impl.FoldingHintPostStartupActivity
18997:             1             16  com.intellij.codeInsight.folding.impl.FoldingUpdate$$Lambda$3525/0x0000000802062440
18998:             1             16  com.intellij.codeInsight.folding.impl.GenericElementSignatureProvider
18999:             1             16  com.intellij.codeInsight.folding.impl.JavaElementSignatureProvider
19000:             1             16  com.intellij.codeInsight.folding.impl.OffsetsElementSignatureProvider
19001:             1             16  com.intellij.codeInsight.folding.impl.PsiNamesElementSignatureProvider
19002:             1             16  com.intellij.codeInsight.folding.impl.UpdateFoldRegionsOperation$$Lambda$3536/0x000000080207fc40
19003:             1             16  com.intellij.codeInsight.folding.impl.XmlElementSignatureProvider
19004:             1             16  com.intellij.codeInsight.folding.impl.actions.CollapseAllRegionsAction$1
19005:             1             16  com.intellij.codeInsight.folding.impl.actions.CollapseRegionAction$1
19006:             1             16  com.intellij.codeInsight.folding.impl.actions.CollapseRegionRecursivelyAction$1
19007:             1             16  com.intellij.codeInsight.folding.impl.actions.ExpandAllRegionsAction$1
19008:             1             16  com.intellij.codeInsight.folding.impl.actions.ExpandRegionAction$1
19009:             1             16  com.intellij.codeInsight.folding.impl.actions.ExpandRegionRecursivelyAction$1
19010:             1             16  com.intellij.codeInsight.generation.GenerateEJBFinderOrSelectorMethodHandler
19011:             1             16  com.intellij.codeInsight.generation.GenerateEJBReferenceHandler
19012:             1             16  com.intellij.codeInsight.generation.GenerateGetterSetterHandlerBase$$Lambda$1090/0x0000000800cafc40
19013:             1             16  com.intellij.codeInsight.generation.GeneratePersistenceContextReferenceHandler
19014:             1             16  com.intellij.codeInsight.generation.GenerateResourceReferenceHandler
19015:             1             16  com.intellij.codeInsight.generation.actions.GenerateCreateUIHandler
19016:             1             16  com.intellij.codeInsight.highlighting.BraceHighlighter
19017:             1             16  com.intellij.codeInsight.highlighting.BraceHighlighter$$Lambda$3596/0x00000008020bbc40
19018:             1             16  com.intellij.codeInsight.highlighting.BraceHighlighter$$Lambda$4472/0x00000008028b1c40
19019:             1             16  com.intellij.codeInsight.highlighting.BraceHighlighter$4
19020:             1             16  com.intellij.codeInsight.highlighting.HighlightExceptionsHandlerFactory
19021:             1             16  com.intellij.codeInsight.highlighting.HighlightExitPointsHandlerFactory
19022:             1             16  com.intellij.codeInsight.highlighting.HighlightImportedElementsHandlerFactory
19023:             1             16  com.intellij.codeInsight.highlighting.HighlightOverridingMethodsHandlerFactory
19024:             1             16  com.intellij.codeInsight.highlighting.HighlightRecordComponentsRecordFactory
19025:             1             16  com.intellij.codeInsight.highlighting.HighlightSuppressedWarningsFactory
19026:             1             16  com.intellij.codeInsight.highlighting.HyperlinkAnnotator
19027:             1             16  com.intellij.codeInsight.highlighting.LargeFilesAnnotator
19028:             1             16  com.intellij.codeInsight.hint.HintManagerImpl$$Lambda$4375/0x000000080285c040
19029:             1             16  com.intellij.codeInsight.hint.HintManagerImpl$1
19030:             1             16  com.intellij.codeInsight.hint.HintManagerImpl$2
19031:             1             16  com.intellij.codeInsight.hint.HintManagerImpl$3
19032:             1             16  com.intellij.codeInsight.hint.HintManagerImpl$4
19033:             1             16  com.intellij.codeInsight.hint.HintManagerImpl$MyAnActionListener
19034:             1             16  com.intellij.codeInsight.hint.HintManagerImpl$MyEditorManagerListener
19035:             1             16  com.intellij.codeInsight.hint.HintManagerImpl$MyProjectManagerListener
19036:             1             16  com.intellij.codeInsight.hint.actions.ShowTypeDefinitionAction$Companion
19037:             1             16  com.intellij.codeInsight.hints.AnnotationInlayProvider
19038:             1             16  com.intellij.codeInsight.hints.AnnotationInlayProvider$Companion
19039:             1             16  com.intellij.codeInsight.hints.BlacklistCurrentMethodIntention
19040:             1             16  com.intellij.codeInsight.hints.BlacklistCurrentMethodIntention$Companion
19041:             1             16  com.intellij.codeInsight.hints.DisableCustomHintsOption
19042:             1             16  com.intellij.codeInsight.hints.DisableCustomHintsOption$Companion
19043:             1             16  com.intellij.codeInsight.hints.EnableCustomHintsOption
19044:             1             16  com.intellij.codeInsight.hints.EnableCustomHintsOption$Companion
19045:             1             16  com.intellij.codeInsight.hints.HintUtils
19046:             1             16  com.intellij.codeInsight.hints.HintUtilsKt$getBaseLanguagesWithProviders$1
19047:             1             16  com.intellij.codeInsight.hints.HintUtilsKt$getBaseLanguagesWithProviders$2
19048:             1             16  com.intellij.codeInsight.hints.InlayHintsPass$Companion
19049:             1             16  com.intellij.codeInsight.hints.InlayHintsPassFactory
19050:             1             16  com.intellij.codeInsight.hints.InlayHintsPassFactory$Companion
19051:             1             16  com.intellij.codeInsight.hints.InlayHintsProviderFactory$Companion
19052:             1             16  com.intellij.codeInsight.hints.InlayHintsSettings$Companion
19053:             1             16  com.intellij.codeInsight.hints.JavaInlayParameterHintsProvider$Companion
19054:             1             16  com.intellij.codeInsight.hints.MethodChainsInlayProvider
19055:             1             16  com.intellij.codeInsight.hints.MethodChainsInlayProvider$Companion
19056:             1             16  com.intellij.codeInsight.hints.ParameterHintsPassFactory
19057:             1             16  com.intellij.codeInsight.hints.ParameterHintsSettingsMigration
19058:             1             16  com.intellij.codeInsight.hints.SingleLanguageInlayProviderFactory
19059:             1             16  com.intellij.codeInsight.hints.ToggleInlineHintsAction$Companion
19060:             1             16  com.intellij.codeInsight.hints.presentation.PresentationFactory$Companion
19061:             1             16  com.intellij.codeInsight.hints.presentation.listeners.InlayEditorMouseListener
19062:             1             16  com.intellij.codeInsight.hints.presentation.listeners.InlayEditorMouseMotionListener
19063:             1             16  com.intellij.codeInsight.hints.settings.InlayHintsSettingsSearchableContributor
19064:             1             16  com.intellij.codeInsight.hints.settings.ParameterNameHintsSettings$Companion
19065:             1             16  com.intellij.codeInsight.hints.settings.language.SingleLanguageInlayHintsConfigurable$Companion
19066:             1             16  com.intellij.codeInsight.intention.impl.AssignFieldFromParameterAction
19067:             1             16  com.intellij.codeInsight.intention.impl.BindFieldsFromParametersAction
19068:             1             16  com.intellij.codeInsight.intention.impl.BreakStringOnLineBreaksIntentionAction
19069:             1             16  com.intellij.codeInsight.intention.impl.CachedIntentions$1
19070:             1             16  com.intellij.codeInsight.intention.impl.ChangeUIDAction
19071:             1             16  com.intellij.codeInsight.intention.impl.ComposeFunctionChainAction
19072:             1             16  com.intellij.codeInsight.intention.impl.ConcatenationToMessageFormatAction
19073:             1             16  com.intellij.codeInsight.intention.impl.ConvertAbsolutePathToRelativeIntentionAction
19074:             1             16  com.intellij.codeInsight.intention.impl.ConvertColorRepresentationIntentionAction
19075:             1             16  com.intellij.codeInsight.intention.impl.ConvertCompactConstructorToCanonicalAction
19076:             1             16  com.intellij.codeInsight.intention.impl.ConvertRelativePathToAbsoluteIntentionAction
19077:             1             16  com.intellij.codeInsight.intention.impl.ConvertToBasicLatinAction
19078:             1             16  com.intellij.codeInsight.intention.impl.CopyAbstractMethodImplementationAction
19079:             1             16  com.intellij.codeInsight.intention.impl.CreateFieldFromParameterAction
19080:             1             16  com.intellij.codeInsight.intention.impl.DeannotateIntentionAction
19081:             1             16  com.intellij.codeInsight.intention.impl.EJBAddInterceptorAction
19082:             1             16  com.intellij.codeInsight.intention.impl.EJBDeclarationAction
19083:             1             16  com.intellij.codeInsight.intention.impl.EJBImplementationAction
19084:             1             16  com.intellij.codeInsight.intention.impl.EJBInterceptorBindingAction
19085:             1             16  com.intellij.codeInsight.intention.impl.EditFoldingOptionsAction
19086:             1             16  com.intellij.codeInsight.intention.impl.EncapsulateFieldAction
19087:             1             16  com.intellij.codeInsight.intention.impl.ExtractChainedMapAction
19088:             1             16  com.intellij.codeInsight.intention.impl.ExtractIfConditionAction
19089:             1             16  com.intellij.codeInsight.intention.impl.ExtractMethodIntentionAction
19090:             1             16  com.intellij.codeInsight.intention.impl.ExtractSetFromComparisonChainAction
19091:             1             16  com.intellij.codeInsight.intention.impl.ImplementAbstractMethodAction
19092:             1             16  com.intellij.codeInsight.intention.impl.InlineStreamMapAction
19093:             1             16  com.intellij.codeInsight.intention.impl.InsertLiteralUnderscoresAction
19094:             1             16  com.intellij.codeInsight.intention.impl.IntroduceVariableIntentionAction
19095:             1             16  com.intellij.codeInsight.intention.impl.InvertIfConditionAction
19096:             1             16  com.intellij.codeInsight.intention.impl.MergeFilterChainAction
19097:             1             16  com.intellij.codeInsight.intention.impl.MoveInitializerToConstructorAction
19098:             1             16  com.intellij.codeInsight.intention.impl.QuickEditAction
19099:             1             16  com.intellij.codeInsight.intention.impl.RemoveLiteralUnderscoresAction
19100:             1             16  com.intellij.codeInsight.intention.impl.SimplifyBooleanExpressionAction
19101:             1             16  com.intellij.codeInsight.intention.impl.SortContentAction
19102:             1             16  com.intellij.codeInsight.intention.impl.SortContentAction$AnnotationArraySortable
19103:             1             16  com.intellij.codeInsight.intention.impl.SortContentAction$ArrayInitializerSortable
19104:             1             16  com.intellij.codeInsight.intention.impl.SortContentAction$EnumConstantDeclarationSortable
19105:             1             16  com.intellij.codeInsight.intention.impl.SortContentAction$EnumConstantSortingStrategy
19106:             1             16  com.intellij.codeInsight.intention.impl.SortContentAction$IntLiteralSortingStrategy
19107:             1             16  com.intellij.codeInsight.intention.impl.SortContentAction$StringLiteralSortingStrategy
19108:             1             16  com.intellij.codeInsight.intention.impl.SortContentAction$VarargSortable
19109:             1             16  com.intellij.codeInsight.intention.impl.SplitDeclarationAction
19110:             1             16  com.intellij.codeInsight.intention.impl.SplitFilterAction
19111:             1             16  com.intellij.codeInsight.intention.impl.SplitSwitchBranchWithSeveralCaseValuesAction
19112:             1             16  com.intellij.codeInsight.intention.impl.SurroundAutoCloseableAction
19113:             1             16  com.intellij.codeInsight.intention.impl.SwapIfStatementsIntentionAction
19114:             1             16  com.intellij.codeInsight.intention.impl.UnrollLoopAction
19115:             1             16  com.intellij.codeInsight.intention.impl.UnwrapElseBranchAction
19116:             1             16  com.intellij.codeInsight.intention.impl.WrapWithUnmodifiableAction
19117:             1             16  com.intellij.codeInsight.intention.impl.config.IntentionManagerImpl$$Lambda$4074/0x0000000802384040
19118:             1             16  com.intellij.codeInsight.intention.impl.config.IntentionManagerImpl$1
19119:             1             16  com.intellij.codeInsight.intention.impl.config.IntentionManagerSettings$1
19120:             1             16  com.intellij.codeInsight.intention.impl.config.IntentionsOptionsTopHitProvider
19121:             1             16  com.intellij.codeInsight.intention.impl.lists.JavaChopArgumentsAction
19122:             1             16  com.intellij.codeInsight.intention.impl.lists.JavaChopParametersAction
19123:             1             16  com.intellij.codeInsight.intention.impl.lists.JavaJoinArgumentsAction
19124:             1             16  com.intellij.codeInsight.intention.impl.lists.JavaJoinParametersAction
19125:             1             16  com.intellij.codeInsight.intention.impl.singlereturn.ConvertToSingleReturnAction
19126:             1             16  com.intellij.codeInsight.intentions.JspCommentIntention
19127:             1             16  com.intellij.codeInsight.intentions.XmlChooseColorIntentionAction
19128:             1             16  com.intellij.codeInsight.lookup.impl.LookupDocumentSavingVetoer
19129:             1             16  com.intellij.codeInsight.lookup.impl.LookupManagerImpl$1
19130:             1             16  com.intellij.codeInsight.lookup.impl.LookupManagerImpl$2
19131:             1             16  com.intellij.codeInsight.lookup.impl.LookupManagerImpl$3
19132:             1             16  com.intellij.codeInsight.navigation.CtrlMouseHandler$$Lambda$1660/0x0000000801717840
19133:             1             16  com.intellij.codeInsight.navigation.CtrlMouseHandler$1
19134:             1             16  com.intellij.codeInsight.navigation.CtrlMouseHandler$2
19135:             1             16  com.intellij.codeInsight.navigation.CtrlMouseHandler$3
19136:             1             16  com.intellij.codeInsight.navigation.CtrlMouseHandler$4
19137:             1             16  com.intellij.codeInsight.navigation.CtrlMouseHandler$5
19138:             1             16  com.intellij.codeInsight.preview.ElementPreviewHintProvider
19139:             1             16  com.intellij.codeInsight.preview.JavaPreviewHintProvider
19140:             1             16  com.intellij.codeInsight.problems.WolfTheProblemSolverImpl$$Lambda$4065/0x0000000802387040
19141:             1             16  com.intellij.codeInsight.problems.WolfTheProblemSolverImpl$$Lambda$4066/0x0000000802387440
19142:             1             16  com.intellij.codeInsight.problems.WolfTheProblemSolverImpl$1
19143:             1             16  com.intellij.codeInsight.problems.WolfTheProblemSolverImpl$2
19144:             1             16  com.intellij.codeInsight.problems.WolfTheProblemSolverImpl$3
19145:             1             16  com.intellij.codeInsight.problems.WolfTheProblemSolverImpl$4
19146:             1             16  com.intellij.codeInsight.template.emmet.actions.GoToEditPointAction$Backward$1
19147:             1             16  com.intellij.codeInsight.template.emmet.actions.GoToEditPointAction$Forward$1
19148:             1             16  com.intellij.codeInsight.template.impl.DefaultLiveTemplateEP$Companion
19149:             1             16  com.intellij.codeInsight.template.impl.LiveTemplateDocumentationProvider
19150:             1             16  com.intellij.codeInsight.template.impl.LiveTemplatesOptionsTopHitProvider
19151:             1             16  com.intellij.codeInsight.template.impl.TemplateContext$$Lambda$796/0x0000000800a77440
19152:             1             16  com.intellij.codeInsight.template.impl.TemplateContext$1$$Lambda$794/0x0000000800a33440
19153:             1             16  com.intellij.codeInsight.template.impl.TemplateContext$1$1
19154:             1             16  com.intellij.codeInsight.template.impl.TemplateManagerImpl$$Lambda$771/0x00000008009d3840
19155:             1             16  com.intellij.codeInsight.template.impl.TemplateSearchableOptionContributor
19156:             1             16  com.intellij.codeInsight.template.impl.TemplateSettings$$Lambda$889/0x0000000800b8f840
19157:             1             16  com.intellij.codeInsight.template.impl.TemplateSettings$$Lambda$890/0x0000000800b8fc40
19158:             1             16  com.intellij.codeInsight.template.impl.TemplateSettings$1
19159:             1             16  com.intellij.codeInsight.template.impl.TemplateSettings$ShortcutConverter
19160:             1             16  com.intellij.codeInsight.template.impl.actions.NextVariableAction$Handler
19161:             1             16  com.intellij.codeInsight.template.impl.actions.PreviousVariableAction$Handler
19162:             1             16  com.intellij.codeInsight.template.impl.editorActions.SpaceHandler
19163:             1             16  com.intellij.codeInspection.BlockMarkerCommentsInspection$1
19164:             1             16  com.intellij.codeInspection.BlockMarkerCommentsInspection$2
19165:             1             16  com.intellij.codeInspection.DefaultXmlSuppressionProvider
19166:             1             16  com.intellij.codeInspection.EnhancedSwitchBackwardMigrationInspection$$Lambda$4252/0x0000000802695840
19167:             1             16  com.intellij.codeInspection.EnhancedSwitchBackwardMigrationInspection$$Lambda$4253/0x0000000802695c40
19168:             1             16  com.intellij.codeInspection.EnhancedSwitchBackwardMigrationInspection$$Lambda$4254/0x0000000802695040
19169:             1             16  com.intellij.codeInspection.EnhancedSwitchMigrationInspection$$Lambda$4299/0x000000080278fc40
19170:             1             16  com.intellij.codeInspection.EnhancedSwitchMigrationInspection$$Lambda$4300/0x000000080278f040
19171:             1             16  com.intellij.codeInspection.EnhancedSwitchMigrationInspection$$Lambda$4301/0x000000080278f440
19172:             1             16  com.intellij.codeInspection.ExplicitArrayFillingInspectionMerger
19173:             1             16  com.intellij.codeInspection.MissingDeprecatedAnnotationOnScheduledForRemovalApiInspection$Companion
19174:             1             16  com.intellij.codeInspection.MustAlreadyBeRemovedApiInspection$Companion
19175:             1             16  com.intellij.codeInspection.NonExtendableApiUsageInspection$Companion
19176:             1             16  com.intellij.codeInspection.OptionalIsPresentInspection$AssignmentCase
19177:             1             16  com.intellij.codeInspection.OptionalIsPresentInspection$ConsumerCase
19178:             1             16  com.intellij.codeInspection.OptionalIsPresentInspection$ReturnCase
19179:             1             16  com.intellij.codeInspection.OptionalIsPresentInspection$TernaryCase
19180:             1             16  com.intellij.codeInspection.OverrideOnlyInspection$Companion
19181:             1             16  com.intellij.codeInspection.RedundantStreamOptionalCallInspection$$Lambda$4185/0x0000000802648040
19182:             1             16  com.intellij.codeInspection.ReplaceInefficientStreamCountInspection$$Lambda$4255/0x0000000802695440
19183:             1             16  com.intellij.codeInspection.ReplaceInefficientStreamCountInspection$$Lambda$4256/0x0000000802693040
19184:             1             16  com.intellij.codeInspection.ReplaceInefficientStreamCountInspection$$Lambda$4257/0x0000000802693440
19185:             1             16  com.intellij.codeInspection.ReplaceInefficientStreamCountInspection$$Lambda$4258/0x0000000802692840
19186:             1             16  com.intellij.codeInspection.ScheduledForRemovalMessageProvider
19187:             1             16  com.intellij.codeInspection.SimplifyOptionalCallChainsInspection$IfPresentFoldedCase
19188:             1             16  com.intellij.codeInspection.SimplifyOptionalCallChainsInspection$MapUnwrappingCase
19189:             1             16  com.intellij.codeInspection.SimplifyStreamApiCallChainsInspection$AllMatchContainsFix$$Lambda$4282/0x000000080276c040
19190:             1             16  com.intellij.codeInspection.SimplifyStreamApiCallChainsInspection$AnyMatchContainsFix$$Lambda$4283/0x000000080276c440
19191:             1             16  com.intellij.codeInspection.SimplifyStreamApiCallChainsInspection$CollectorToListSize$$Lambda$4287/0x000000080276d440
19192:             1             16  com.intellij.codeInspection.SimplifyStreamApiCallChainsInspection$EntrySetMapFix$$Lambda$4286/0x000000080276d040
19193:             1             16  com.intellij.codeInspection.SimplifyStreamApiCallChainsInspection$IterateTakeWhileFix$$Lambda$4288/0x000000080276d840
19194:             1             16  com.intellij.codeInspection.SimplifyStreamApiCallChainsInspection$JoiningStringsFix$$Lambda$4284/0x000000080276c840
19195:             1             16  com.intellij.codeInspection.SimplifyStreamApiCallChainsInspection$NCopiesToGenerateStreamFix$$Lambda$4280/0x000000080276b840
19196:             1             16  com.intellij.codeInspection.SimplifyStreamApiCallChainsInspection$RangeToArrayStreamFix$$Lambda$4279/0x000000080276b440
19197:             1             16  com.intellij.codeInspection.SimplifyStreamApiCallChainsInspection$RemoveBooleanIdentityFix$$Lambda$4276/0x000000080276a840
19198:             1             16  com.intellij.codeInspection.SimplifyStreamApiCallChainsInspection$ReplaceCollectionStreamFix$$Lambda$4266/0x0000000802768040
19199:             1             16  com.intellij.codeInspection.SimplifyStreamApiCallChainsInspection$ReplaceCollectionStreamFix$$Lambda$4267/0x0000000802768440
19200:             1             16  com.intellij.codeInspection.SimplifyStreamApiCallChainsInspection$ReplaceCollectionStreamFix$$Lambda$4268/0x0000000802768840
19201:             1             16  com.intellij.codeInspection.SimplifyStreamApiCallChainsInspection$ReplaceCollectionStreamFix$$Lambda$4269/0x0000000802768c40
19202:             1             16  com.intellij.codeInspection.SimplifyStreamApiCallChainsInspection$ReplaceCollectionStreamFix$$Lambda$4270/0x0000000802769040
19203:             1             16  com.intellij.codeInspection.SimplifyStreamApiCallChainsInspection$ReplaceForEachMethodFix$$Lambda$4275/0x000000080276a440
19204:             1             16  com.intellij.codeInspection.SimplifyStreamApiCallChainsInspection$ReplaceStreamSupportWithCollectionStreamFix$$Lambda$4272/0x0000000802769840
19205:             1             16  com.intellij.codeInspection.SimplifyStreamApiCallChainsInspection$ReplaceWithBoxedFix$$Lambda$4273/0x0000000802769c40
19206:             1             16  com.intellij.codeInspection.SimplifyStreamApiCallChainsInspection$ReplaceWithCollectorsJoiningFix$$Lambda$4285/0x000000080276cc40
19207:             1             16  com.intellij.codeInspection.SimplifyStreamApiCallChainsInspection$ReplaceWithElementIterationFix$$Lambda$4274/0x000000080276a040
19208:             1             16  com.intellij.codeInspection.SimplifyStreamApiCallChainsInspection$ReplaceWithPeekFix$$Lambda$4277/0x000000080276ac40
19209:             1             16  com.intellij.codeInspection.SimplifyStreamApiCallChainsInspection$ReplaceWithToArrayFix$$Lambda$4271/0x0000000802769440
19210:             1             16  com.intellij.codeInspection.SimplifyStreamApiCallChainsInspection$SimpleStreamOfFix$$Lambda$4278/0x000000080276b040
19211:             1             16  com.intellij.codeInspection.SimplifyStreamApiCallChainsInspection$SimplifyMatchNegationFix$$Lambda$4289/0x000000080276dc40
19212:             1             16  com.intellij.codeInspection.SimplifyStreamApiCallChainsInspection$SimplifyMatchNegationFix$$Lambda$4290/0x000000080276e040
19213:             1             16  com.intellij.codeInspection.SimplifyStreamApiCallChainsInspection$SimplifyMatchNegationFix$$Lambda$4291/0x000000080276e440
19214:             1             16  com.intellij.codeInspection.SimplifyStreamApiCallChainsInspection$SimplifyMatchNegationFix$$Lambda$4292/0x000000080276e840
19215:             1             16  com.intellij.codeInspection.SimplifyStreamApiCallChainsInspection$SortedFirstToMinMaxFix$$Lambda$4281/0x000000080276bc40
19216:             1             16  com.intellij.codeInspection.SuppressManagerImpl
19217:             1             16  com.intellij.codeInspection.SuspiciousLocalesLanguagesInspection$1
19218:             1             16  com.intellij.codeInspection.UnstableApiUsageInspection$Companion
19219:             1             16  com.intellij.codeInspection.WrapperTypeMayBePrimitiveInspection$$Lambda$4304/0x000000080278d840
19220:             1             16  com.intellij.codeInspection.WrapperTypeMayBePrimitiveInspection$$Lambda$4305/0x000000080278dc40
19221:             1             16  com.intellij.codeInspection.WrapperTypeMayBePrimitiveInspection$$Lambda$4306/0x000000080278d040
19222:             1             16  com.intellij.codeInspection.XmlInspectionSuppressor
19223:             1             16  com.intellij.codeInspection.actions.InspectionDescriptionDocumentationProvider
19224:             1             16  com.intellij.codeInspection.actions.ReplaceImplementsWithStaticImportAction
19225:             1             16  com.intellij.codeInspection.actions.UnimplementInterfaceAction
19226:             1             16  com.intellij.codeInspection.bytecodeAnalysis.BytecodeAnalysisIndex
19227:             1             16  com.intellij.codeInspection.bytecodeAnalysis.BytecodeAnalysisIndex$$Lambda$816/0x0000000800a9c040
19228:             1             16  com.intellij.codeInspection.bytecodeAnalysis.BytecodeAnalysisIndex$HKeyDescriptor
19229:             1             16  com.intellij.codeInspection.capitalization.AnnotateCapitalizationIntention
19230:             1             16  com.intellij.codeInspection.dataFlow.EditContractIntention
19231:             1             16  com.intellij.codeInspection.dataFlow.EditRangeIntention
19232:             1             16  com.intellij.codeInspection.deadCode.UnusedDeclarationInspectionBase$$Lambda$2541/0x0000000801b39440
19233:             1             16  com.intellij.codeInspection.deadCode.UnusedDeclarationInspectionMerger
19234:             1             16  com.intellij.codeInspection.ex.ApplicationInspectionProfileManager$Companion
19235:             1             16  com.intellij.codeInspection.ex.ApplicationInspectionProfileManager$Companion$registerProvidedSeverities$icon$1
19236:             1             16  com.intellij.codeInspection.ex.ApplicationInspectionProfileManager$profilesAreInitialized$1
19237:             1             16  com.intellij.codeInspection.ex.GlobalInspectionContextBase$1
19238:             1             16  com.intellij.codeInspection.ex.InspectionProfileKt$BASE_PROFILE$2
19239:             1             16  com.intellij.codeInspection.ex.InspectionSearchableOptionContributor
19240:             1             16  com.intellij.codeInspection.ex.InspectionToolRegistrar$$Lambda$1237/0x000000080104e440
19241:             1             16  com.intellij.codeInspection.ex.InspectionToolRegistrar$$Lambda$1246/0x0000000801048840
19242:             1             16  com.intellij.codeInspection.ex.JavaInspectionExtensionsFactory
19243:             1             16  com.intellij.codeInspection.ex.LocalInspectionToolWrapper$1
19244:             1             16  com.intellij.codeInspection.htmlInspections.XmlWrongClosingTagNameInspection
19245:             1             16  com.intellij.codeInspection.i18n.folding.EditPropertyValueIntentionAction
19246:             1             16  com.intellij.codeInspection.java18StreamApi.StaticPseudoFunctionalStyleMethodOptions
19247:             1             16  com.intellij.codeInspection.java18api.Java8MapApiInspectionMerger
19248:             1             16  com.intellij.codeInspection.java19api.Java9CollectionFactoryInspection$$Lambda$4262/0x0000000802691040
19249:             1             16  com.intellij.codeInspection.java19api.Java9CollectionFactoryInspection$$Lambda$4263/0x0000000802691440
19250:             1             16  com.intellij.codeInspection.java19api.Java9CollectionFactoryInspection$$Lambda$4264/0x0000000802690840
19251:             1             16  com.intellij.codeInspection.javaDoc.JavadocHtmlLintInspection$Companion
19252:             1             16  com.intellij.codeInspection.localCanBeFinal.LocalCanBeFinal$AcceptSuggested
19253:             1             16  com.intellij.codeInspection.magicConstant.MagicConstantInspection$$Lambda$4155/0x0000000801049840
19254:             1             16  com.intellij.codeInspection.magicConstant.MagicConstantInspection$$Lambda$4158/0x0000000800da8040
19255:             1             16  com.intellij.codeInspection.miscGenerics.RedundantArrayForVarargsCallInspection$MyQuickFix
19256:             1             16  com.intellij.codeInspection.miscGenerics.RedundantTypeArgsInspection$MyQuickFixAction
19257:             1             16  com.intellij.codeInspection.redundantCast.RedundantCastInspection$AcceptSuggested
19258:             1             16  com.intellij.codeInspection.reflectiveAccess.JavaLangInvokeHandleSignatureInspection$$Lambda$4133/0x0000000802508c40
19259:             1             16  com.intellij.codeInspection.reflectiveAccess.JavaLangInvokeHandleSignatureInspection$$Lambda$4134/0x000000080250f840
19260:             1             16  com.intellij.codeInspection.reflectiveAccess.JavaLangInvokeHandleSignatureInspection$$Lambda$4135/0x000000080250fc40
19261:             1             16  com.intellij.codeInspection.unneededThrows.RedundantThrowsInspectionMerger
19262:             1             16  com.intellij.coldFusion.UI.CfmlBreadcrumbsInfoProvider
19263:             1             16  com.intellij.coldFusion.UI.editorActions.CfmlScriptNodeSuppressor
19264:             1             16  com.intellij.coldFusion.UI.editorActions.typedHandlers.CfmlTypedHandler
19265:             1             16  com.intellij.coldFusion.UI.editorActions.typedHandlers.CfmlTypedHandler$Companion
19266:             1             16  com.intellij.coldFusion.UI.inspections.CfmlReferenceInspection$$Lambda$4218/0x000000080265f840
19267:             1             16  com.intellij.coldFusion.UI.runner.CfmlRunConfigurationProducer
19268:             1             16  com.intellij.coldFusion.UI.runner.CfmlRunConfigurationType$$Lambda$1326/0x0000000801396c40
19269:             1             16  com.intellij.coldFusion.injection.CfmlSqlMultiHostInjector
19270:             1             16  com.intellij.coldFusion.model.formatter.CfmlCodeStyleSettingsProvider
19271:             1             16  com.intellij.coldFusion.model.formatter.CfmlLanguageCodeStyleSettingsProvider
19272:             1             16  com.intellij.coldFusion.model.parsers.CfmlParserDefinition
19273:             1             16  com.intellij.coldFusion.model.psi.stubs.CfmlComponentIndex
19274:             1             16  com.intellij.coldFusion.model.psi.stubs.CfmlInheritanceIndex
19275:             1             16  com.intellij.coldFusion.model.psi.stubs.CfmlInterfaceIndex
19276:             1             16  com.intellij.coldFusion.mxunit.CfmlUnitRunConfigurationType
19277:             1             16  com.intellij.compiler.CompilerConfigurationImpl$1
19278:             1             16  com.intellij.compiler.CompilerIconLayerProvider
19279:             1             16  com.intellij.compiler.backwardRefs.CompilerReferenceServiceBase$$Lambda$1668/0x0000000801715840
19280:             1             16  com.intellij.compiler.backwardRefs.CompilerReferenceServiceBase$$Lambda$2079/0x0000000801973840
19281:             1             16  com.intellij.compiler.backwardRefs.CompilerReferenceServiceImpl$$Lambda$1667/0x0000000801716440
19282:             1             16  com.intellij.compiler.backwardRefs.CompilerReferenceServiceImpl$$Lambda$1669/0x0000000801715c40
19283:             1             16  com.intellij.compiler.backwardRefs.CompilerReferenceServiceImpl$1
19284:             1             16  com.intellij.compiler.backwardRefs.CompilerReferenceServiceImpl$2
19285:             1             16  com.intellij.compiler.backwardRefs.DirtyScopeHolder$1
19286:             1             16  com.intellij.compiler.backwardRefs.DirtyScopeHolder$2
19287:             1             16  com.intellij.compiler.backwardRefs.JavaBackwardReferenceIndexReaderFactory
19288:             1             16  com.intellij.compiler.backwardRefs.JavaCompilerRefAdapter
19289:             1             16  com.intellij.compiler.impl.CleanStaleModuleOutputsActivity
19290:             1             16  com.intellij.compiler.impl.KotlinCompilerArgumentsMacroFilter
19291:             1             16  com.intellij.compiler.impl.TranslatingCompilerFilesMonitor
19292:             1             16  com.intellij.compiler.impl.javaCompiler.BackendCompiler$1
19293:             1             16  com.intellij.compiler.impl.javaCompiler.eclipse.EclipseCompiler
19294:             1             16  com.intellij.compiler.impl.javaCompiler.javac.JavacCompiler
19295:             1             16  com.intellij.compiler.impl.javaCompiler.javac.JavacConfigurationMacroFilter
19296:             1             16  com.intellij.compiler.options.CompileStepBeforeRun
19297:             1             16  com.intellij.compiler.options.CompileStepBeforeRunNoErrorCheck
19298:             1             16  com.intellij.compiler.options.MakeProjectStepBeforeRun
19299:             1             16  com.intellij.compiler.server.BuildManager$$Lambda$4347/0x000000080283cc40
19300:             1             16  com.intellij.compiler.server.BuildManager$$Lambda$492/0x0000000800592c40
19301:             1             16  com.intellij.compiler.server.BuildManager$$Lambda$495/0x0000000800590840
19302:             1             16  com.intellij.compiler.server.BuildManager$$Lambda$498/0x00000008005de040
19303:             1             16  com.intellij.compiler.server.BuildManager$$Lambda$499/0x00000008005de440
19304:             1             16  com.intellij.compiler.server.BuildManager$$Lambda$500/0x00000008005dd840
19305:             1             16  com.intellij.compiler.server.BuildManager$4
19306:             1             16  com.intellij.compiler.server.BuildManager$BuildManagerStartupActivity
19307:             1             16  com.intellij.compiler.server.BuildManager$BuildManagerStartupActivity$$Lambda$2289/0x0000000801a24440
19308:             1             16  com.intellij.compiler.server.BuildManager$BuildManagerStartupActivity$1
19309:             1             16  com.intellij.compiler.server.BuildManager$BuildManagerStartupActivity$2
19310:             1             16  com.intellij.compiler.server.BuildManager$MyDocumentListener
19311:             1             16  com.intellij.compiler.server.impl.BuildProcessClasspathManager
19312:             1             16  com.intellij.compiler.server.impl.BuildProcessClasspathManager$$Lambda$493/0x0000000800591840
19313:             1             16  com.intellij.completion.settings.CompletionMLRankingSettings
19314:             1             16  com.intellij.concurrency.ConcurrentHashMap$1
19315:             1             16  com.intellij.concurrency.ConcurrentHashMap$EntrySetView
19316:             1             16  com.intellij.concurrency.IdeaForkJoinWorkerThreadFactory
19317:             1             16  com.intellij.concurrency.IdeaForkJoinWorkerThreadFactory$$Lambda$1749/0x000000080176d840
19318:             1             16  com.intellij.concurrency.Job$1
19319:             1             16  com.intellij.concurrency.JobLauncherImpl
19320:             1             16  com.intellij.configurationScript.ConfigurationFileManager$Companion
19321:             1             16  com.intellij.configurationScript.ConfigurationFileManager$addFileListener$1
19322:             1             16  com.intellij.configurationScript.inspection.ExternallyConfigurableProjectInspectionProfileManager$Companion
19323:             1             16  com.intellij.configurationScript.providers.ConfigurationScriptProjectStoreFactory
19324:             1             16  com.intellij.configurationStore.ApplicationStoreImplKt$appFileBasedStorageConfiguration$1
19325:             1             16  com.intellij.configurationStore.BaseXmlOutputter$Companion
19326:             1             16  com.intellij.configurationStore.ComponentStoreImplKt$deprecatedComparator$1
19327:             1             16  com.intellij.configurationStore.DefaultProjectElementNormalizerKt$normalizeDefaultProjectElement$1
19328:             1             16  com.intellij.configurationStore.DefaultProjectExportableAndSaveTrigger
19329:             1             16  com.intellij.configurationStore.DefaultProjectStorage$configuration$1
19330:             1             16  com.intellij.configurationStore.DefaultProjectStoreImpl$storageManager$1
19331:             1             16  com.intellij.configurationStore.EdtPoolDispatcher
19332:             1             16  com.intellij.configurationStore.FileBasedStorageConfigurationKt$defaultFileBasedStorageConfiguration$1
19333:             1             16  com.intellij.configurationStore.JbXmlOutputter$Companion
19334:             1             16  com.intellij.configurationStore.JdomSerializerImpl
19335:             1             16  com.intellij.configurationStore.ModuleStateStorageManagerKt$moduleFileBasedStorageConfiguration$1
19336:             1             16  com.intellij.configurationStore.MyXmlSerializer
19337:             1             16  com.intellij.configurationStore.ProjectIdManager
19338:             1             16  com.intellij.configurationStore.ProjectIdManager$Companion
19339:             1             16  com.intellij.configurationStore.ProjectStateStorageManager$Companion
19340:             1             16  com.intellij.configurationStore.ProjectStateStorageManager$fileBasedStorageConfiguration$1
19341:             1             16  com.intellij.configurationStore.SaveAndSyncHandlerImpl$addListeners$1$1
19342:             1             16  com.intellij.configurationStore.SaveAndSyncHandlerImpl$refreshDelayAlarm$1
19343:             1             16  com.intellij.configurationStore.SaveResult$Companion
19344:             1             16  com.intellij.configurationStore.Scheme_implKt$CURRENT_NAME_CONVERTER$1
19345:             1             16  com.intellij.configurationStore.Scheme_implKt$MODERN_NAME_CONVERTER$1
19346:             1             16  com.intellij.configurationStore.Scheme_implKt$OLD_NAME_CONVERTER$1
19347:             1             16  com.intellij.configurationStore.Scheme_implKt$sha1MessageDigestThreadLocal$1
19348:             1             16  com.intellij.configurationStore.StateMap$Companion
19349:             1             16  com.intellij.configurationStore.StateStorageBase$Companion
19350:             1             16  com.intellij.configurationStore.StateStorageManagerImpl$Companion
19351:             1             16  com.intellij.configurationStore.StorageVirtualFileTracker$addVfsChangesListener$1
19352:             1             16  com.intellij.configurationStore.StoreReloadManager$Companion
19353:             1             16  com.intellij.configurationStore.StoreReloadManagerImpl$MyVirtualFileManagerListener
19354:             1             16  com.intellij.configurationStore.StoreReloadManagerImpl$changedFilesAlarm$1
19355:             1             16  com.intellij.configurationStore.StoreUtil$Companion
19356:             1             16  com.intellij.configurationStore.StreamProviderFactory$Companion
19357:             1             16  com.intellij.configurationStore.UnknownElementWriter
19358:             1             16  com.intellij.configurationStore.UnknownElementWriter$Companion
19359:             1             16  com.intellij.configurationStore.statistic.eventLog.FeatureUsageSettingsEventPrinter
19360:             1             16  com.intellij.configurationStore.statistic.eventLog.FeatureUsageSettingsEvents
19361:             1             16  com.intellij.copyright.CopyrightManager$Companion
19362:             1             16  com.intellij.copyright.CopyrightManagerDocumentListener$addDocumentListener$1
19363:             1             16  com.intellij.coverage.CoverageDataManagerImpl$1
19364:             1             16  com.intellij.coverage.CoverageDataManagerImpl$2
19365:             1             16  com.intellij.coverage.CoverageDataManagerImpl$3
19366:             1             16  com.intellij.coverage.CoverageDataManagerImpl$5
19367:             1             16  com.intellij.coverage.CoverageExecutor
19368:             1             16  com.intellij.coverage.CoverageProjectViewClassNodeDecorator
19369:             1             16  com.intellij.coverage.CoverageProjectViewDirectoryNodeDecorator
19370:             1             16  com.intellij.coverage.DefaultJ2EEContainerExtension
19371:             1             16  com.intellij.coverage.EmmaCoverageRunner
19372:             1             16  com.intellij.coverage.IDEACoverageRunner
19373:             1             16  com.intellij.coverage.JaCoCoCoverageRunner
19374:             1             16  com.intellij.coverage.JavaCoverageEngine
19375:             1             16  com.intellij.coverage.view.SelectInCoverageView
19376:             1             16  com.intellij.credentialStore.PasswordSafeSettings$Companion
19377:             1             16  com.intellij.credentialStore.kdbx.KeePassDatabase$secureStringCipher$1
19378:             1             16  com.intellij.database.DataBus$3
19379:             1             16  com.intellij.database.DatabaseToolWindowFactory
19380:             1             16  com.intellij.database.access.DatabaseCredentials$$Lambda$3253/0x0000000801e78440
19381:             1             16  com.intellij.database.access.DbCredentialManager$Global
19382:             1             16  com.intellij.database.access.DbCredentialManager$GlobalStrict
19383:             1             16  com.intellij.database.actions.DatabaseActionPromoter
19384:             1             16  com.intellij.database.actions.DatabaseViewActions$AddDataSourceFromPathAction$$Lambda$1056/0x0000000800c2bc40
19385:             1             16  com.intellij.database.actions.DatabaseViewActions$AddDataSourceFromThatAction$$Lambda$1161/0x0000000800e6ac40
19386:             1             16  com.intellij.database.actions.DatabaseViewActions$AddDataSourceFromUrlAction$$Lambda$1057/0x0000000800c87040
19387:             1             16  com.intellij.database.actions.DatabaseViewActions$AddDataSourceHereAction$$Lambda$1058/0x0000000800c87440
19388:             1             16  com.intellij.database.actions.FullTextSearchAction$Companion
19389:             1             16  com.intellij.database.actions.ToolActions$ScriptingActionBase$$Lambda$4597/0x00000008029f1440
19390:             1             16  com.intellij.database.autoconfig.DatabaseConfigFileWatcher
19391:             1             16  com.intellij.database.console.DatabaseServiceViewContributor
19392:             1             16  com.intellij.database.console.DatabaseServiceViewContributor$$Lambda$2266/0x0000000801a21040
19393:             1             16  com.intellij.database.console.DatabaseServiceViewContributor$1
19394:             1             16  com.intellij.database.console.DatabaseServiceViewContributor$DatabaseContributorDescriptor
19395:             1             16  com.intellij.database.console.DatabaseServiceViewContributor$SessionStateListener
19396:             1             16  com.intellij.database.console.DatabaseServiceViewContributor$SessionsListener
19397:             1             16  com.intellij.database.console.DbConsoleRootType$$Lambda$3116/0x0000000801dc7440
19398:             1             16  com.intellij.database.console.JdbcConsole$ScriptingDatabaseSessionClientHolder
19399:             1             16  com.intellij.database.console.JdbcConsole$ScriptingDatabaseSessionClientHolder$$Lambda$2520/0x0000000801b3f440
19400:             1             16  com.intellij.database.console.JdbcConsoleProvider
19401:             1             16  com.intellij.database.console.StatementHighlightingPassFactory
19402:             1             16  com.intellij.database.console.runConfiguration.DatabaseScriptRunConfigurationProducer
19403:             1             16  com.intellij.database.console.runConfiguration.DatabaseScriptRunConfigurationType$1
19404:             1             16  com.intellij.database.console.runConfiguration.DatabaseScriptRunConfigurationType$Companion
19405:             1             16  com.intellij.database.console.session.DatabaseSession$Companion
19406:             1             16  com.intellij.database.console.session.DatabaseSessionManager
19407:             1             16  com.intellij.database.console.session.DatabaseSessionManager$ProjectSessions$init$1
19408:             1             16  com.intellij.database.console.session.DatabaseSessionManager$projectScopedSessions$1
19409:             1             16  com.intellij.database.console.session.GlobalSessionStateListener
19410:             1             16  com.intellij.database.console.session.GlobalSessionStateListener$Companion
19411:             1             16  com.intellij.database.csv.PersistentCsvFormat$Record$$Lambda$2435/0x0000000801ae1040
19412:             1             16  com.intellij.database.csv.PersistentCsvFormat$Record$$Lambda$2436/0x0000000801ae1440
19413:             1             16  com.intellij.database.data.types.GreaterPredicateOperation
19414:             1             16  com.intellij.database.data.types.LessPredicateOperation
19415:             1             16  com.intellij.database.data.types.NotEqualsPredicateOperation
19416:             1             16  com.intellij.database.dataSource.DataSourceStorageFileType
19417:             1             16  com.intellij.database.dataSource.DataSourceStorageLocal$IgnoredFiles
19418:             1             16  com.intellij.database.dataSource.DbSourceSetContributor
19419:             1             16  com.intellij.database.dataSource.LocalDataSourceManager$1
19420:             1             16  com.intellij.database.dataSource.srcStorage.DbSrcChangesTracker$App$2
19421:             1             16  com.intellij.database.dataSource.srcStorage.DbSrcChangesTracker$App$3
19422:             1             16  com.intellij.database.dataSource.srcStorage.DbSrcFileStatus
19423:             1             16  com.intellij.database.dataSource.srcStorage.DbSrcFileStatus$Companion
19424:             1             16  com.intellij.database.dataSource.srcStorage.DbSrcFileStatusProvider
19425:             1             16  com.intellij.database.dataSource.srcStorage.DbSrcFileSystem
19426:             1             16  com.intellij.database.dataSource.srcStorage.DbSrcFileSystem$ItemType$1
19427:             1             16  com.intellij.database.dataSource.srcStorage.DbSrcToolWindowFactory
19428:             1             16  com.intellij.database.dataSource.srcStorage.DbSrcToolWindowFactory$$Lambda$2322/0x0000000801a3b840
19429:             1             16  com.intellij.database.dataSource.srcStorage.DbSrcToolWindowFactory$1
19430:             1             16  com.intellij.database.dataSource.srcStorage.backend.DbSrcStorageManager$$Lambda$2681/0x0000000801bc6c40
19431:             1             16  com.intellij.database.datagrid.GridPositionWidget$Factory
19432:             1             16  com.intellij.database.diagram.DbDiagramElementManager
19433:             1             16  com.intellij.database.diagram.DbDiagramProvider$2
19434:             1             16  com.intellij.database.diagram.DbDiagramProvider$3
19435:             1             16  com.intellij.database.diagram.DbDiagramProvider$4$1
19436:             1             16  com.intellij.database.diagram.plan.QueryPlanElementManager
19437:             1             16  com.intellij.database.diagram.plan.QueryPlanProvider$2
19438:             1             16  com.intellij.database.diagram.plan.QueryPlanProvider$3
19439:             1             16  com.intellij.database.diagram.plan.QueryPlanProvider$4$1
19440:             1             16  com.intellij.database.dialects.base.ProcessDbmsOutputAction$Companion
19441:             1             16  com.intellij.database.dialects.generic.GenericDialect$1
19442:             1             16  com.intellij.database.dialects.mssql.testing.tsqlt.TSqltConfigurationProducer
19443:             1             16  com.intellij.database.dialects.mssql.testing.tsqlt.TSqltConfigurationType$$Lambda$1343/0x00000008013b8840
19444:             1             16  com.intellij.database.dialects.mssql.testing.tsqlt.TSqltConfigurationType$TSqltTestConfigurationFactory
19445:             1             16  com.intellij.database.dialects.oracle.debugger.OraDebuggerFacade$Companion
19446:             1             16  com.intellij.database.dialects.oracle.debugger.OraDebuggerFacade$Companion$applicableStatements$2
19447:             1             16  com.intellij.database.dialects.oracle.debugger.OraDebuggerSettingsExtension
19448:             1             16  com.intellij.database.dialects.oracle.debugger.OraLineBreakpointType$Companion
19449:             1             16  com.intellij.database.dialects.oracle.testing.utplsql.UtPlSqlConfigurationProducer
19450:             1             16  com.intellij.database.dialects.oracle.testing.utplsql.UtPlSqlConfigurationType$$Lambda$1344/0x00000008013b8c40
19451:             1             16  com.intellij.database.dialects.oracle.testing.utplsql.UtPlSqlConfigurationType$UtPlsSqlTestConfigurationFactory
19452:             1             16  com.intellij.database.dialects.oracle.testing.utplsql.UtPlSqlCoverageEngine
19453:             1             16  com.intellij.database.dialects.oracle.testing.utplsql.UtPlSqlCoverageRunner
19454:             1             16  com.intellij.database.dialects.oracle.testing.utplsql.UtPlSqlCustomFoldingProvider
19455:             1             16  com.intellij.database.dialects.oracle.testing.utplsql.UtPlSqlHighlightingPassFactory
19456:             1             16  com.intellij.database.editor.DatabaseEditorHelper$1
19457:             1             16  com.intellij.database.editor.DatabaseEditorHelper$2
19458:             1             16  com.intellij.database.editor.DatabaseStartupActivity
19459:             1             16  com.intellij.database.editor.DatabaseStartupActivity$ConsoleConfigurator$$Lambda$2375/0x0000000801abb040
19460:             1             16  com.intellij.database.intentions.RunQueryInConsoleIntentionAction
19461:             1             16  com.intellij.database.model.DasObject$$Lambda$3945/0x000000080229b440
19462:             1             16  com.intellij.database.plan.ui.PlanFlameGraphsGroup$$Lambda$1159/0x0000000800e6b440
19463:             1             16  com.intellij.database.plan.ui.PlanView$$Lambda$1152/0x0000000800e6c840
19464:             1             16  com.intellij.database.plan.ui.PlanView$$Lambda$1153/0x0000000800e6cc40
19465:             1             16  com.intellij.database.plan.ui.PlanView$$Lambda$1154/0x0000000800e6c040
19466:             1             16  com.intellij.database.plan.ui.PlanView$$Lambda$1155/0x0000000800e6c440
19467:             1             16  com.intellij.database.plan.ui.PlanView$$Lambda$1156/0x0000000800e6b840
19468:             1             16  com.intellij.database.plan.ui.PlanView$$Lambda$1157/0x0000000800e6bc40
19469:             1             16  com.intellij.database.plan.ui.PlanView$$Lambda$1158/0x0000000800e6b040
19470:             1             16  com.intellij.database.plan.ui.PlanView$1
19471:             1             16  com.intellij.database.psi.DbFavoriteNodeProvider
19472:             1             16  com.intellij.database.psi.DbFindUsagesHandlerFactory
19473:             1             16  com.intellij.database.psi.DbPsiFacadeImpl$1
19474:             1             16  com.intellij.database.psi.DbPsiFacadeImpl$State$$Lambda$2514/0x0000000801b2d440
19475:             1             16  com.intellij.database.psi.DbPsiFacadeImpl$State$$Lambda$2515/0x0000000801b38040
19476:             1             16  com.intellij.database.psi.DbQualifiedNameProvider
19477:             1             16  com.intellij.database.psi.DbRenameHandler
19478:             1             16  com.intellij.database.run.actions.ChooseSchemaAction$$Lambda$1163/0x0000000800e69440
19479:             1             16  com.intellij.database.run.actions.DumpAction$$Lambda$4598/0x00000008029f1840
19480:             1             16  com.intellij.database.run.actions.DumpAction$$Lambda$4604/0x00000008029f3040
19481:             1             16  com.intellij.database.run.actions.DumpAction$$Lambda$4610/0x00000008029f4840
19482:             1             16  com.intellij.database.run.actions.DumpAction$$Lambda$4612/0x00000008029f5040
19483:             1             16  com.intellij.database.run.ui.DataGridDocumentationProvider
19484:             1             16  com.intellij.database.scopes.DbSearchScopesProvider
19485:             1             16  com.intellij.database.script.ScriptModelUtil$$Lambda$3846/0x0000000802239440
19486:             1             16  com.intellij.database.script.ScriptModelUtil$$Lambda$3847/0x0000000802238840
19487:             1             16  com.intellij.database.script.ScriptModelUtil$$Lambda$3848/0x0000000802238c40
19488:             1             16  com.intellij.database.script.ScriptModelUtil$$Lambda$3849/0x0000000802260040
19489:             1             16  com.intellij.database.script.ScriptModelUtil$$Lambda$3850/0x0000000802260440
19490:             1             16  com.intellij.database.settings.DatabaseSettings$$Lambda$2428/0x0000000801ae3c40
19491:             1             16  com.intellij.database.settings.DatabaseSettings$$Lambda$2434/0x0000000801ae1c40
19492:             1             16  com.intellij.database.settings.ExtraParametersProvider
19493:             1             16  com.intellij.database.settings.UserPatterns$$Lambda$2432/0x0000000801ae2c40
19494:             1             16  com.intellij.database.settings.UserPatterns$$Lambda$2433/0x0000000801ae1840
19495:             1             16  com.intellij.database.util.DasUtil$$Lambda$3255/0x0000000801e7fc40
19496:             1             16  com.intellij.database.util.DasUtil$$Lambda$3256/0x0000000801e7f040
19497:             1             16  com.intellij.database.util.DasUtil$$Lambda$3257/0x0000000801e7f440
19498:             1             16  com.intellij.database.util.DasUtil$$Lambda$3258/0x0000000801e7e840
19499:             1             16  com.intellij.database.util.DasUtil$$Lambda$3259/0x0000000801e7ec40
19500:             1             16  com.intellij.database.util.DbImplUtil$$Lambda$2371/0x0000000801aba040
19501:             1             16  com.intellij.database.util.DbImplUtil$$Lambda$2372/0x0000000801aba440
19502:             1             16  com.intellij.database.util.ObjectPaths$1
19503:             1             16  com.intellij.database.util.SqlDialects
19504:             1             16  com.intellij.database.util.TokenPatternCache$$Lambda$2429/0x0000000801ae3040
19505:             1             16  com.intellij.database.util.TokenPatternCache$$Lambda$2430/0x0000000801ae3440
19506:             1             16  com.intellij.database.util.TokenPatternCache$$Lambda$2431/0x0000000801ae2840
19507:             1             16  com.intellij.database.util.TreePattern
19508:             1             16  com.intellij.database.util.TreePatternNode$$Lambda$3260/0x0000000801e7e040
19509:             1             16  com.intellij.database.util.TreePatternNode$Group$$Lambda$3261/0x0000000801e7e440
19510:             1             16  com.intellij.database.util.TreePatternNode$NegativeNaming
19511:             1             16  com.intellij.database.util.TreePatternUtils$1
19512:             1             16  com.intellij.database.util.TreePatternUtils$2
19513:             1             16  com.intellij.database.util.TreePatternUtils$3
19514:             1             16  com.intellij.database.vfs.DatabaseElementFileType
19515:             1             16  com.intellij.database.vfs.DatabaseElementVirtualFileImpl$ElementPresentation
19516:             1             16  com.intellij.database.vfs.DbStorageFileType$Detector
19517:             1             16  com.intellij.database.vfs.DbStorageFileType$Detector$$Lambda$2445/0x0000000801afac40
19518:             1             16  com.intellij.database.vfs.DbTreeStructureProvider
19519:             1             16  com.intellij.database.vfs.DbTreeStructureProvider$$Lambda$3396/0x0000000801f4b840
19520:             1             16  com.intellij.database.view.DatabaseColorManager$Local
19521:             1             16  com.intellij.database.view.DatabaseEditorTabColorProvider
19522:             1             16  com.intellij.database.view.DatabaseNavBarExtension
19523:             1             16  com.intellij.database.view.DatabaseStructure$$Lambda$3198/0x0000000801e48c40
19524:             1             16  com.intellij.database.view.DatabaseStructure$$Lambda$3199/0x0000000801e49040
19525:             1             16  com.intellij.database.view.DatabaseView$$Lambda$4599/0x00000008029f1c40
19526:             1             16  com.intellij.database.view.DatabaseView$$Lambda$4600/0x00000008029f2040
19527:             1             16  com.intellij.database.view.DatabaseView$$Lambda$4602/0x00000008029f2840
19528:             1             16  com.intellij.database.view.SelectInDatabaseView
19529:             1             16  com.intellij.debugger.actions.AsyncStacksToggleAction$Companion
19530:             1             16  com.intellij.debugger.actions.ForceOnDemandRenderersAction$Companion
19531:             1             16  com.intellij.debugger.engine.evaluation.DebuggerHighlightFilter
19532:             1             16  com.intellij.debugger.impl.AlternativeJreClassFinder$1
19533:             1             16  com.intellij.debugger.impl.DebuggerManagerImpl$1
19534:             1             16  com.intellij.debugger.impl.DebuggerManagerImpl$2
19535:             1             16  com.intellij.debugger.impl.DebuggerUtilsEx$$Lambda$677/0x0000000800876c40
19536:             1             16  com.intellij.debugger.settings.JavaDebuggerSettings
19537:             1             16  com.intellij.debugger.streams.action.TraceStreamAction$$Lambda$1201/0x0000000800f6d840
19538:             1             16  com.intellij.debugger.streams.lib.impl.DefaultLibrarySupport$interpreterFactory$1
19539:             1             16  com.intellij.debugger.streams.lib.impl.DefaultLibrarySupport$resolverFactory$1
19540:             1             16  com.intellij.debugger.streams.lib.impl.JBIterableSupport$1
19541:             1             16  com.intellij.debugger.streams.lib.impl.JBIterableSupport$Companion
19542:             1             16  com.intellij.debugger.streams.lib.impl.JBIterableSupportProvider$Companion
19543:             1             16  com.intellij.debugger.streams.lib.impl.JBIterableSupportProvider$JBIterableJavaStatementFactory
19544:             1             16  com.intellij.debugger.streams.lib.impl.LibrarySupportBase$Companion
19545:             1             16  com.intellij.debugger.streams.lib.impl.MatchingOperation$1
19546:             1             16  com.intellij.debugger.streams.lib.impl.OptionalResultOperation$1
19547:             1             16  com.intellij.debugger.streams.lib.impl.OrderBasedOperation$1
19548:             1             16  com.intellij.debugger.streams.lib.impl.ParallelOperation$1
19549:             1             16  com.intellij.debugger.streams.lib.impl.StandardLibrarySupport$1
19550:             1             16  com.intellij.debugger.streams.lib.impl.StandardLibrarySupportProvider
19551:             1             16  com.intellij.debugger.streams.lib.impl.StandardLibrarySupportProvider$Companion
19552:             1             16  com.intellij.debugger.streams.lib.impl.StreamExLibrarySupport$1
19553:             1             16  com.intellij.debugger.streams.lib.impl.StreamExLibrarySupport$2
19554:             1             16  com.intellij.debugger.streams.lib.impl.StreamExLibrarySupport$3
19555:             1             16  com.intellij.debugger.streams.lib.impl.ToCollectionOperation$1
19556:             1             16  com.intellij.debugger.streams.psi.impl.DebuggerPositionResolverImpl
19557:             1             16  com.intellij.debugger.streams.psi.impl.JavaChainTransformerImpl
19558:             1             16  com.intellij.debugger.streams.psi.impl.JavaStreamChainDetector
19559:             1             16  com.intellij.debugger.streams.psi.impl.PackageChainDetector$Companion
19560:             1             16  com.intellij.debugger.streams.resolve.FilteredMapResolver
19561:             1             16  com.intellij.debugger.streams.trace.dsl.impl.java.JavaTypes
19562:             1             16  com.intellij.debugger.ui.AlternativeSourceNotificationProvider
19563:             1             16  com.intellij.debugger.ui.breakpoints.BreakpointManager$2
19564:             1             16  com.intellij.diagnostic.AnalyzePendingSnapshotActivity
19565:             1             16  com.intellij.diagnostic.DebugLogManager
19566:             1             16  com.intellij.diagnostic.DebugLogManager$Companion
19567:             1             16  com.intellij.diagnostic.DebugLogManager$applyCategories$filtered$2
19568:             1             16  com.intellij.diagnostic.DefaultIdeaErrorLogger
19569:             1             16  com.intellij.diagnostic.EventWatcher$$Lambda$341/0x00000008004a4840
19570:             1             16  com.intellij.diagnostic.LowMemoryNotifier$$Lambda$476/0x0000000800575440
19571:             1             16  com.intellij.diagnostic.MemorySizeConfigurator
19572:             1             16  com.intellij.diagnostic.MemorySizeConfigurator$Companion
19573:             1             16  com.intellij.diagnostic.PerformanceWatcher$$Lambda$455/0x000000080055c840
19574:             1             16  com.intellij.diagnostic.startUpPerformanceReporter.StartUpPerformanceReporter$Companion
19575:             1             16  com.intellij.diagnostic.startUpPerformanceReporter.StartUpPerformanceReporter$Companion$sortItems$1
19576:             1             16  com.intellij.diagnostic.startUpPerformanceReporter.StartupMetricCollector
19577:             1             16  com.intellij.diagnostic.ui.EventsWatcherToolWindowFactory
19578:             1             16  com.intellij.diagram.DiagramColorManagerBase
19579:             1             16  com.intellij.diagram.DiagramFileType
19580:             1             16  com.intellij.diagram.DiagramNodeContentManager$1
19581:             1             16  com.intellij.diagram.VisibilityLevel$$Lambda$4623/0x00000008029f9c40
19582:             1             16  com.intellij.diagram.VisibilityLevel$$Lambda$4624/0x00000008029ff840
19583:             1             16  com.intellij.diagram.actions.DiagramAddElementAction$1
19584:             1             16  com.intellij.diff.editor.DiffEditorProvider
19585:             1             16  com.intellij.diff.editor.DiffEditorProvider$Companion
19586:             1             16  com.intellij.diff.editor.DiffFileIconProvider
19587:             1             16  com.intellij.diff.editor.GraphViewEditorProvider
19588:             1             16  com.intellij.diff.editor.GraphViewFileIconProvider
19589:             1             16  com.intellij.diff.editor.GraphViewFileType
19590:             1             16  com.intellij.diff.editor.GraphViewFileType$Companion
19591:             1             16  com.intellij.diff.editor.VcsEditorTabColorProvider
19592:             1             16  com.intellij.diff.util.DiffDrawUtil$1
19593:             1             16  com.intellij.dmserver.artifacts.ArtifactSynchronizer
19594:             1             16  com.intellij.dmserver.editor.AvailableBundlesProvider$4
19595:             1             16  com.intellij.dmserver.editor.AvailableBundlesProvider$5
19596:             1             16  com.intellij.dmserver.editor.AvailableBundlesProvider$6
19597:             1             16  com.intellij.dmserver.editor.AvailableBundlesProvider$7
19598:             1             16  com.intellij.dmserver.editor.ManifestFileEditorProvider
19599:             1             16  com.intellij.dmserver.facet.DMCompositeFacet$DMParTypeSupport
19600:             1             16  com.intellij.dmserver.facet.DMCompositeFacet$DMPlanTypeSupport
19601:             1             16  com.intellij.dmserver.facet.DMFrameworkSupportCommunicator
19602:             1             16  com.intellij.dmserver.integration.DMServerHelper
19603:             1             16  com.intellij.dmserver.osmorc.DMSourceBundleFinder
19604:             1             16  com.intellij.dmserver.osmorc.FrameworkUtils
19605:             1             16  com.intellij.docker.DockerFileDetector$1
19606:             1             16  com.intellij.docker.DockerFileDetector$2
19607:             1             16  com.intellij.docker.SuppressResultCallbackTemplateLogging
19608:             1             16  com.intellij.docker.composeFile.ComposeFileIconProvider
19609:             1             16  com.intellij.docker.composeFile.ComposeFileRunConfigurationProducer
19610:             1             16  com.intellij.docker.composeFile.ComposeFileRunLineMarkerProvider
19611:             1             16  com.intellij.docker.composeFile.ComposeFileServicesIndex
19612:             1             16  com.intellij.docker.composeFile.ComposeFileServicesIndex$$Lambda$842/0x0000000800aec040
19613:             1             16  com.intellij.docker.conversion.DockerRunConfigurationConverterProvider
19614:             1             16  com.intellij.docker.deployment.DockerRunConfigurationProducerBase$$Lambda$4586/0x00000008029c7c40
19615:             1             16  com.intellij.docker.deployment.DockerRunConfigurationProducerBase$$Lambda$4587/0x00000008029c7040
19616:             1             16  com.intellij.docker.deployment.DockerRunConfigurationProducerBase$$Lambda$4588/0x00000008029c7440
19617:             1             16  com.intellij.docker.dockerFile.DockerFileRunConfigurationProducer
19618:             1             16  com.intellij.docker.dockerFile.DockerFileRunLineMarkerProvider
19619:             1             16  com.intellij.docker.dockerFile.parser.DockerParserDefinition
19620:             1             16  com.intellij.docker.remoteDebug.JavaCommandAdjuster
19621:             1             16  com.intellij.docker.remoteDebug.RemoteServerRequestAdapterFactory$CommandLineAdjuster$1
19622:             1             16  com.intellij.docker.runtimes.DockerRuntimeComparator
19623:             1             16  com.intellij.docker.vfs.DockerWritingAccessProvider
19624:             1             16  com.intellij.docker.view.DockerNavBarModelExtension
19625:             1             16  com.intellij.docker.view.DockerNavBarModelExtension$$Lambda$3200/0x0000000801e49440
19626:             1             16  com.intellij.docker.view.DockerNavBarModelExtension$$Lambda$3201/0x0000000801e49840
19627:             1             16  com.intellij.docker.view.DockerServiceViewContributor
19628:             1             16  com.intellij.docker.view.DockerServiceViewContributor$$Lambda$2199/0x00000008019e8440
19629:             1             16  com.intellij.docker.view.DockerServiceViewContributor$1
19630:             1             16  com.intellij.dvcs.DvcsUtil$$Lambda$2606/0x0000000801b79840
19631:             1             16  com.intellij.dvcs.DvcsUtil$$Lambda$2608/0x0000000801b79c40
19632:             1             16  com.intellij.dvcs.ignore.IgnoredToExcludedSynchronizer$1
19633:             1             16  com.intellij.dvcs.ignore.VcsRepositoryIgnoredFilesHolderBase$Companion
19634:             1             16  com.intellij.dvcs.repo.VcsRepositoryManager$$Lambda$1663/0x0000000801717440
19635:             1             16  com.intellij.dvcs.shelf.ShelfViewUpdater
19636:             1             16  com.intellij.dvcs.ui.DvcsStatusWidget$1
19637:             1             16  com.intellij.execution.AlternativeSdkRootsProvider
19638:             1             16  com.intellij.execution.AlternativeSdkRootsProvider$Companion
19639:             1             16  com.intellij.execution.DefaultExecutionTarget
19640:             1             16  com.intellij.execution.ExecutionManager$Companion
19641:             1             16  com.intellij.execution.ExecutionTargetManagerImpl$$Lambda$2221/0x00000008019eac40
19642:             1             16  com.intellij.execution.ExecutionTargetManagerImpl$1
19643:             1             16  com.intellij.execution.ExecutionTargetManagerImpl$2
19644:             1             16  com.intellij.execution.ExecutorRegistryImpl$$Lambda$866/0x0000000800b2dc40
19645:             1             16  com.intellij.execution.ExecutorRegistryImpl$$Lambda$867/0x0000000800b2d040
19646:             1             16  com.intellij.execution.ExecutorRegistryImpl$1
19647:             1             16  com.intellij.execution.ExecutorRegistryImpl$ExecutorRegistryActionConfigurationTuner
19648:             1             16  com.intellij.execution.ExternalSystemRunConfigurationJavaExtension
19649:             1             16  com.intellij.execution.JavaRunConfigurationExtensionManager$Companion
19650:             1             16  com.intellij.execution.RunConfigurationProducerService
19651:             1             16  com.intellij.execution.RunConfigurationProducerService$State
19652:             1             16  com.intellij.execution.RunConfigurationsUnknownJdkContributor
19653:             1             16  com.intellij.execution.RunConfigurationsUnknownJdkContributorRefresher
19654:             1             16  com.intellij.execution.RunManager$Companion
19655:             1             16  com.intellij.execution.actions.MultipleRunLocationsProvider$Companion
19656:             1             16  com.intellij.execution.application.ApplicationConfigurationProducer
19657:             1             16  com.intellij.execution.application.ApplicationConfigurationType
19658:             1             16  com.intellij.execution.compound.CompoundRunConfigurationType$1
19659:             1             16  com.intellij.execution.configuration.JavaRunConfigurationPathMacroFilter
19660:             1             16  com.intellij.execution.configuration.RunConfigurationPathMacroFilter
19661:             1             16  com.intellij.execution.configurations.CharsetConverter
19662:             1             16  com.intellij.execution.configurations.ConfigurationTypeUtil
19663:             1             16  com.intellij.execution.configurations.ParametersList$$Lambda$346/0x00000008004a3c40
19664:             1             16  com.intellij.execution.configurations.PathConverter
19665:             1             16  com.intellij.execution.configurations.UnknownConfigurationType$$Lambda$1763/0x000000080176a440
19666:             1             16  com.intellij.execution.coverage.CoverageJavaRunConfigurationExtension
19667:             1             16  com.intellij.execution.dashboard.PanelContentUI$1
19668:             1             16  com.intellij.execution.dashboard.RunDashboardManagerImpl$$Lambda$2228/0x00000008019e8840
19669:             1             16  com.intellij.execution.dashboard.RunDashboardManagerImpl$$Lambda$2229/0x00000008019e8c40
19670:             1             16  com.intellij.execution.dashboard.RunDashboardManagerImpl$$Lambda$2230/0x0000000801a10040
19671:             1             16  com.intellij.execution.dashboard.RunDashboardManagerImpl$$Lambda$2241/0x0000000801a12c40
19672:             1             16  com.intellij.execution.dashboard.RunDashboardManagerImpl$2
19673:             1             16  com.intellij.execution.dashboard.RunDashboardManagerImpl$3
19674:             1             16  com.intellij.execution.dashboard.RunDashboardManagerImpl$4
19675:             1             16  com.intellij.execution.dashboard.RunDashboardManagerImpl$ServiceContentManagerListener
19676:             1             16  com.intellij.execution.dashboard.RunDashboardServiceViewContributor
19677:             1             16  com.intellij.execution.dashboard.RunDashboardServiceViewContributor$1
19678:             1             16  com.intellij.execution.dashboard.actions.RunDashboardActionPromoter
19679:             1             16  com.intellij.execution.dashboard.tree.RunDashboardStatusFilter
19680:             1             16  com.intellij.execution.executors.DefaultRunExecutor
19681:             1             16  com.intellij.execution.impl.ExecutionManagerImpl$1
19682:             1             16  com.intellij.execution.impl.ExecutionManagerImpl$Companion
19683:             1             16  com.intellij.execution.impl.ProjectRunConfigurationInitializer
19684:             1             16  com.intellij.execution.impl.RCInArbitraryFileListener
19685:             1             16  com.intellij.execution.impl.RCInArbitraryFileScanner
19686:             1             16  com.intellij.execution.impl.RCInArbitraryFileScanner$Companion
19687:             1             16  com.intellij.execution.impl.RunConfigEditorNotificationProvider
19688:             1             16  com.intellij.execution.impl.RunConfigurationBeforeRunProvider
19689:             1             16  com.intellij.execution.impl.RunConfigurationSchemeManager$converters$2
19690:             1             16  com.intellij.execution.impl.RunManagerImpl$1
19691:             1             16  com.intellij.execution.impl.RunManagerImpl$2
19692:             1             16  com.intellij.execution.impl.RunManagerImpl$Companion
19693:             1             16  com.intellij.execution.impl.RunManagerImpl$addExtensionPointListeners$1
19694:             1             16  com.intellij.execution.impl.RunManagerImpl$addExtensionPointListeners$2
19695:             1             16  com.intellij.execution.impl.RunManagerImpl$workspaceSchemeManagerProvider$1
19696:             1             16  com.intellij.execution.impl.RunnerAndConfigurationSettingsImpl$Companion
19697:             1             16  com.intellij.execution.impl.RunnerAndConfigurationSettingsImpl$RunnerItem$getState$2
19698:             1             16  com.intellij.execution.jar.JarApplicationConfigurationProducer
19699:             1             16  com.intellij.execution.jar.JarApplicationConfigurationType$$Lambda$1323/0x0000000801397040
19700:             1             16  com.intellij.execution.jshell.SnippetEditorDecorator
19701:             1             16  com.intellij.execution.junit.AbstractAllInDirectoryConfigurationProducer
19702:             1             16  com.intellij.execution.junit.AllInPackageConfigurationProducer
19703:             1             16  com.intellij.execution.junit.JUnit3Framework
19704:             1             16  com.intellij.execution.junit.JUnit4Framework
19705:             1             16  com.intellij.execution.junit.JUnit5Framework
19706:             1             16  com.intellij.execution.junit.JUnitConfigurationType
19707:             1             16  com.intellij.execution.junit.PatternConfigurationProducer
19708:             1             16  com.intellij.execution.junit.RuntimeConfigurationProducer$ProducerComparator
19709:             1             16  com.intellij.execution.junit.TestInClassConfigurationProducer$JUnitInClassConfigurationProducerDelegate
19710:             1             16  com.intellij.execution.junit.UniqueIdConfigurationProducer
19711:             1             16  com.intellij.execution.junit.codeInsight.references.JUnitReferenceContributor
19712:             1             16  com.intellij.execution.junit.codeInsight.references.JUnitReferenceContributor$1
19713:             1             16  com.intellij.execution.junit.codeInsight.references.JUnitReferenceContributor$2
19714:             1             16  com.intellij.execution.junit.codeInsight.references.JUnitReferenceContributor$3
19715:             1             16  com.intellij.execution.junit.codeInsight.references.JUnitReferenceContributor$4
19716:             1             16  com.intellij.execution.junit.testDiscovery.JUnitTestDiscoveryConfigurationProducer
19717:             1             16  com.intellij.execution.lineMarker.RunLineMarkerContributor$$Lambda$3923/0x000000080228f440
19718:             1             16  com.intellij.execution.lineMarker.RunLineMarkerProvider
19719:             1             16  com.intellij.execution.lineMarker.RunLineMarkerProvider$$Lambda$1217/0x0000000801007c40
19720:             1             16  com.intellij.execution.lineMarker.RunnableStatusListener
19721:             1             16  com.intellij.execution.process.$Proxy56
19722:             1             16  com.intellij.execution.process.ProcessIOExecutorService$1
19723:             1             16  com.intellij.execution.remote.RemoteConfigurationType$$Lambda$1325/0x0000000801396840
19724:             1             16  com.intellij.execution.rmi.RemoteServer$1
19725:             1             16  com.intellij.execution.rmi.RemoteUtil$$Lambda$1698/0x000000080172e040
19726:             1             16  com.intellij.execution.scratch.JavaScratchConfigurationProducer
19727:             1             16  com.intellij.execution.scratch.JavaScratchConfigurationType$$Lambda$1324/0x0000000801397440
19728:             1             16  com.intellij.execution.services.ServiceModelFilter
19729:             1             16  com.intellij.execution.services.ServiceViewActionPromoter
19730:             1             16  com.intellij.execution.services.ServiceViewManagerImpl$$Lambda$2206/0x00000008019ee040
19731:             1             16  com.intellij.execution.services.ServiceViewManagerImpl$$Lambda$2209/0x00000008019edc40
19732:             1             16  com.intellij.execution.services.ServiceViewManagerImpl$$Lambda$2268/0x0000000801a21840
19733:             1             16  com.intellij.execution.services.ServiceViewManagerImpl$ServiceViewExtensionPointListener
19734:             1             16  com.intellij.execution.services.ServiceViewNavBarExtension
19735:             1             16  com.intellij.execution.services.ServiceViewStartupActivity
19736:             1             16  com.intellij.execution.services.ServiceViewToolWindowFactory
19737:             1             16  com.intellij.execution.services.SimpleServiceViewDescriptor
19738:             1             16  com.intellij.execution.startup.ProjectStartupLocalConfiguration
19739:             1             16  com.intellij.execution.startup.ProjectStartupRunner
19740:             1             16  com.intellij.execution.startup.ProjectStartupSharedConfiguration
19741:             1             16  com.intellij.execution.target.value.CompositeTargetValue$$Lambda$1696/0x000000080172e840
19742:             1             16  com.intellij.execution.target.value.TargetValue$1
19743:             1             16  com.intellij.execution.testDiscovery.AffectedTestsInChangeListPainter$1
19744:             1             16  com.intellij.execution.testDiscovery.AffectedTestsInChangeListPainter$2
19745:             1             16  com.intellij.execution.testDiscovery.TestDiscoveryExtension
19746:             1             16  com.intellij.execution.testDiscovery.TestDiscoveryIndex$MyPostStartUpActivity
19747:             1             16  com.intellij.execution.testframework.TestIconProvider
19748:             1             16  com.intellij.execution.testframework.TestSearchScope$1
19749:             1             16  com.intellij.execution.testframework.TestSearchScope$2
19750:             1             16  com.intellij.execution.testframework.TestSearchScope$3
19751:             1             16  com.intellij.execution.testframework.TestTreeViewActionsPromoter
19752:             1             16  com.intellij.execution.util.ExecUtil
19753:             1             16  com.intellij.execution.util.ExecUtil$hasNice$2
19754:             1             16  com.intellij.execution.wsl.WSLUtil$1
19755:             1             16  com.intellij.externalDependencies.impl.CheckRequiredPluginsActivity
19756:             1             16  com.intellij.externalDependencies.impl.ExternalDependenciesManagerImpl$$Lambda$2153/0x00000008019b4c40
19757:             1             16  com.intellij.facet.FacetManagerImpl$$Lambda$2509/0x0000000801b2ec40
19758:             1             16  com.intellij.facet.impl.DefaultFacetsProvider
19759:             1             16  com.intellij.facet.impl.FacetTypeRegistryImpl$Companion
19760:             1             16  com.intellij.facet.impl.FacetTypeRegistryImpl$Companion$FACET_TYPE_COMPARATOR$1
19761:             1             16  com.intellij.facet.impl.FacetTypeRegistryImpl$loadExtensions$$inlined$synchronized$lambda$2
19762:             1             16  com.intellij.facet.impl.ProjectFacetManagerImpl$2
19763:             1             16  com.intellij.facet.impl.ProjectWideFacetListenersRegistryImpl$1
19764:             1             16  com.intellij.facet.impl.ProjectWideFacetListenersRegistryImpl$MyFacetManagerAdapter
19765:             1             16  com.intellij.facet.impl.pointers.FacetPointersManagerImpl$1
19766:             1             16  com.intellij.facet.impl.pointers.FacetPointersManagerImpl$2
19767:             1             16  com.intellij.facet.impl.ui.FacetDependentToolWindowManager
19768:             1             16  com.intellij.facet.impl.ui.FacetDependentToolWindowManager$1
19769:             1             16  com.intellij.facet.impl.ui.FacetDependentToolWindowManager$2
19770:             1             16  com.intellij.facet.ui.FacetDependentToolWindow$$Lambda$2077/0x0000000801974040
19771:             1             16  com.intellij.filePrediction.FilePredictionEditorManagerListener
19772:             1             16  com.intellij.find.findUsages.DefaultFindUsagesHandlerFactory
19773:             1             16  com.intellij.find.findUsages.DefaultUsageTargetProvider
19774:             1             16  com.intellij.find.findUsages.ThrowsUsageTargetProvider
19775:             1             16  com.intellij.find.findUsages.UsageHistory
19776:             1             16  com.intellij.find.impl.FindInProjectSettingsBase$FindInProjectPathMacroFilter
19777:             1             16  com.intellij.find.impl.FindManagerImpl$$Lambda$4520/0x000000080290b840
19778:             1             16  com.intellij.find.impl.FindManagerImpl$$Lambda$4521/0x000000080290bc40
19779:             1             16  com.intellij.find.impl.FindManagerImpl$$Lambda$4525/0x000000080290ac40
19780:             1             16  com.intellij.find.impl.FindSettingsImpl$$Lambda$4522/0x000000080290b040
19781:             1             16  com.intellij.find.impl.FindSettingsImpl$$Lambda$4523/0x000000080290b440
19782:             1             16  com.intellij.find.impl.FindSettingsImpl$$Lambda$4524/0x000000080290a840
19783:             1             16  com.intellij.find.ngrams.TrigramIndex
19784:             1             16  com.intellij.find.ngrams.TrigramIndex$$Lambda$512/0x00000008005ed040
19785:             1             16  com.intellij.find.ngrams.TrigramIndex$2
19786:             1             16  com.intellij.flex.model.JpsFlexModelSerializerExtension
19787:             1             16  com.intellij.formatting.ExcludedFileFormattingRestriction
19788:             1             16  com.intellij.formatting.contextConfiguration.ConfigureCodeStyleOnSelectedFragment
19789:             1             16  com.intellij.framework.detection.impl.DetectedFrameworksData$TIntHashSetExternalizer
19790:             1             16  com.intellij.framework.detection.impl.FrameworkDetectionIndex
19791:             1             16  com.intellij.framework.detection.impl.FrameworkDetectionIndex$$Lambda$541/0x00000008006da040
19792:             1             16  com.intellij.framework.detection.impl.FrameworkDetectionIndex$1
19793:             1             16  com.intellij.framework.detection.impl.FrameworkDetectionManager$2
19794:             1             16  com.intellij.framework.detection.impl.FrameworkDetectionManager$FrameworkDetectionHighlightingPassFactory
19795:             1             16  com.intellij.framework.detection.impl.FrameworkDetectorRegistryImpl$1
19796:             1             16  com.intellij.framework.detection.impl.exclude.DetectionExcludesConfigurationImpl$$Lambda$2938/0x0000000801ce0c40
19797:             1             16  com.intellij.framework.impl.FrameworkTypeUtil$$Lambda$626/0x00000008007be840
19798:             1             16  com.intellij.framework.library.impl.DownloadableLibraryServiceImpl
19799:             1             16  com.intellij.frameworks.java.sql.JdbiAnnotationsSqlInjector
19800:             1             16  com.intellij.frameworks.java.sql.JdbiParameterPatternProvider
19801:             1             16  com.intellij.freemarker.FtlBreadcrumbsInfoProvider
19802:             1             16  com.intellij.freemarker.FtlFileIndex
19803:             1             16  com.intellij.freemarker.FtlFileIndex$1
19804:             1             16  com.intellij.freemarker.FtlParserDefinition
19805:             1             16  com.intellij.freemarker.FtlSquareParserDefinition
19806:             1             16  com.intellij.freemarker.editorActions.FreeMarkerSlashTypedHandler
19807:             1             16  com.intellij.freemarker.editorActions.FreeMarkerTypedHandler
19808:             1             16  com.intellij.freemarker.inspections.ChangeMacroCallStyle
19809:             1             16  com.intellij.freemarker.inspections.DefineFtlRootIntention$Local
19810:             1             16  com.intellij.freemarker.inspections.DefineFtlRootIntention$ModuleWide
19811:             1             16  com.intellij.freemarker.psi.FtlPropertyRenameHandler
19812:             1             16  com.intellij.freemarker.psi.files.FtlFindUsagesHandlerFactory
19813:             1             16  com.intellij.freemarker.psi.injection.FtlConfigurationInjector
19814:             1             16  com.intellij.freemarker.psi.injection.FtlInjectionSupport
19815:             1             16  com.intellij.grazie.GrazieBundle
19816:             1             16  com.intellij.grazie.GrazieBundle$defaultBundle$2
19817:             1             16  com.intellij.grazie.GrazieBundle$pluginBundle$2
19818:             1             16  com.intellij.grazie.GrazieConfig
19819:             1             16  com.intellij.grazie.GrazieConfig$Companion
19820:             1             16  com.intellij.grazie.GrazieConfig$Companion$instance$2
19821:             1             16  com.intellij.grazie.GrazieConfig$Version$Companion
19822:             1             16  com.intellij.grazie.GrazieDynamic
19823:             1             16  com.intellij.grazie.GrazieDynamic$myDynClassLoaders$2
19824:             1             16  com.intellij.grazie.GrazieDynamic$myDynClassLoaders$2$1
19825:             1             16  com.intellij.grazie.GraziePlugin
19826:             1             16  com.intellij.grazie.config.CheckingContext
19827:             1             16  com.intellij.grazie.config.DetectionContext$Local
19828:             1             16  com.intellij.grazie.config.DetectionContext$Local$Companion
19829:             1             16  com.intellij.grazie.config.DetectionContext$State
19830:             1             16  com.intellij.grazie.config.SuppressingContext
19831:             1             16  com.intellij.grazie.config.SuppressingContext$Companion
19832:             1             16  com.intellij.grazie.detection.LangDetector
19833:             1             16  com.intellij.grazie.detection.LangDetector$detector$2
19834:             1             16  com.intellij.grazie.detector.chain.ChainDetectorBuilder$Companion
19835:             1             16  com.intellij.grazie.detector.chain.ChainDetectorImpl$detectWithDetails$words$1
19836:             1             16  com.intellij.grazie.detector.chain.ChainDetectorImpl$detectWithDetails$words$2
19837:             1             16  com.intellij.grazie.detector.heuristics.list.ListDetector$Companion
19838:             1             16  com.intellij.grazie.detector.heuristics.list.impl.ListProfile$Companion
19839:             1             16  com.intellij.grazie.detector.heuristics.list.impl.ListProfileReader
19840:             1             16  com.intellij.grazie.detector.heuristics.rule.RuleDetector
19841:             1             16  com.intellij.grazie.detector.heuristics.rule.RuleDetector$Companion
19842:             1             16  com.intellij.grazie.detector.heuristics.rule.RuleFilter$Companion
19843:             1             16  com.intellij.grazie.detector.model.Language$Companion
19844:             1             16  com.intellij.grazie.detector.model.Language$Companion$all$2
19845:             1             16  com.intellij.grazie.detector.model.alphabet.Alphabet$Companion
19846:             1             16  com.intellij.grazie.detector.model.alphabet.Alphabet$Group$Companion
19847:             1             16  com.intellij.grazie.detector.model.alphabet.Alphabet$NONE
19848:             1             16  com.intellij.grazie.detector.ngram.NgramDetector$Companion
19849:             1             16  com.intellij.grazie.detector.ngram.NgramDetector$Companion$PROBABILITY_SORTING_COMPARATOR$1
19850:             1             16  com.intellij.grazie.detector.ngram.NgramDetectorBuilder$Companion
19851:             1             16  com.intellij.grazie.detector.ngram.filter.StandardNgramFilter
19852:             1             16  com.intellij.grazie.detector.ngram.impl.NgramExtractor$Companion
19853:             1             16  com.intellij.grazie.detector.ngram.impl.NgramExtractor$Companion$standard$2
19854:             1             16  com.intellij.grazie.detector.ngram.impl.NgramFrequencies$Companion
19855:             1             16  com.intellij.grazie.detector.ngram.profiles.LanguageProfileReader
19856:             1             16  com.intellij.grazie.detector.utils.StatisticsKt$toDetected$1
19857:             1             16  com.intellij.grazie.detector.utils.StatisticsKt$toMap$1
19858:             1             16  com.intellij.grazie.detector.utils.StatisticsKt$unite$2
19859:             1             16  com.intellij.grazie.detector.utils.filter.MultiTextFilter
19860:             1             16  com.intellij.grazie.detector.utils.filter.RemoveMinorityScriptsTextFilter$Companion
19861:             1             16  com.intellij.grazie.detector.utils.filter.TextFilter$Companion
19862:             1             16  com.intellij.grazie.detector.utils.filter.TextFilter$Digit
19863:             1             16  com.intellij.grazie.detector.utils.filter.TextFilter$MultipleWhitespace
19864:             1             16  com.intellij.grazie.detector.utils.filter.TextFilter$Punctuation
19865:             1             16  com.intellij.grazie.detector.utils.filter.TextFilter$URLText
19866:             1             16  com.intellij.grazie.grammar.GrammarChecker
19867:             1             16  com.intellij.grazie.grammar.GrammarChecker$determineStealthyRanges$1
19868:             1             16  com.intellij.grazie.grammar.GrammarEngine
19869:             1             16  com.intellij.grazie.grammar.GrammarEngine$getTypos$1
19870:             1             16  com.intellij.grazie.grammar.ide.GraziePsiElementProcessor$Companion
19871:             1             16  com.intellij.grazie.grammar.strategy.StrategyUtils
19872:             1             16  com.intellij.grazie.grammar.strategy.impl.RuleGroup$Companion
19873:             1             16  com.intellij.grazie.ide.fus.GrazieFUSCounter
19874:             1             16  com.intellij.grazie.ide.inspection.detection.LanguageDetectionInspection$Companion
19875:             1             16  com.intellij.grazie.ide.inspection.grammar.GrazieCommitInspection$Companion
19876:             1             16  com.intellij.grazie.ide.inspection.grammar.GrazieInspection$Companion
19877:             1             16  com.intellij.grazie.ide.language.commit.CommitMessageGrammarCheckingStrategy
19878:             1             16  com.intellij.grazie.ide.language.commit.CommitMessageGrammarCheckingStrategy$Companion
19879:             1             16  com.intellij.grazie.ide.language.java.JavaGrammarCheckingStrategy
19880:             1             16  com.intellij.grazie.ide.language.json.JsonGrammarCheckingStrategy
19881:             1             16  com.intellij.grazie.ide.language.markdown.MarkdownGrammarCheckingStrategy
19882:             1             16  com.intellij.grazie.ide.language.markdown.MarkdownPsiUtils
19883:             1             16  com.intellij.grazie.ide.language.plain.PlainTextGrammarCheckingStrategy
19884:             1             16  com.intellij.grazie.ide.language.properties.PropertyGrammarCheckingStrategy
19885:             1             16  com.intellij.grazie.ide.language.xml.XmlGrammarCheckingStrategy
19886:             1             16  com.intellij.grazie.ide.language.xml.XmlGrammarCheckingStrategy$Companion
19887:             1             16  com.intellij.grazie.ide.language.yaml.YamlGrammarCheckingStrategy
19888:             1             16  com.intellij.grazie.ide.msg.GrazieIDEInit
19889:             1             16  com.intellij.grazie.ide.msg.GrazieInitializerManager
19890:             1             16  com.intellij.grazie.ide.notification.GrazieNotificationComponent
19891:             1             16  com.intellij.grazie.jlanguage.Lang$Companion
19892:             1             16  com.intellij.grazie.jlanguage.LangTool
19893:             1             16  com.intellij.grazie.jlanguage.broker.GrazieDynamicClassBroker
19894:             1             16  com.intellij.grazie.jlanguage.broker.GrazieDynamicDataBroker
19895:             1             16  com.intellij.grazie.remote.GrazieRemote
19896:             1             16  com.intellij.grazie.spellcheck.GrazieDictionary
19897:             1             16  com.intellij.grazie.spellcheck.GrazieDictionaryProvider
19898:             1             16  com.intellij.grazie.spellcheck.GrazieSpellchecker
19899:             1             16  com.intellij.grazie.spellcheck.GrazieSpellchecker$filter$2
19900:             1             16  com.intellij.grazie.utils.PsiUtilsKt$parents$1
19901:             1             16  com.intellij.guice.intentions.MoveBindingScopeToClassIntention
19902:             1             16  com.intellij.guice.intentions.MoveBindingScopeToClassPredicate
19903:             1             16  com.intellij.guice.intentions.MoveBindingToClassIntention
19904:             1             16  com.intellij.guice.intentions.MoveBindingToClassPredicate
19905:             1             16  com.intellij.guice.intentions.MoveProviderBindingToClassIntention
19906:             1             16  com.intellij.guice.intentions.MoveProviderBindingToClassPredicate
19907:             1             16  com.intellij.guice.intentions.ToggleInjectionRequiredPredicate
19908:             1             16  com.intellij.guice.model.GuiceBindingClassAnnotator
19909:             1             16  com.intellij.guice.model.GuiceBindingClassAnnotator$$Lambda$1229/0x0000000801002c40
19910:             1             16  com.intellij.guice.model.GuiceInjectionsClassAnnotator
19911:             1             16  com.intellij.gwt.GwtApplicationComponent$$Lambda$717/0x00000008008ddc40
19912:             1             16  com.intellij.gwt.GwtApplicationComponent$$Lambda$722/0x00000008008db040
19913:             1             16  com.intellij.gwt.GwtResourceProvider
19914:             1             16  com.intellij.gwt.clientBundle.ClientBundleLineMarkerProvider
19915:             1             16  com.intellij.gwt.clientBundle.ClientBundleLineMarkerProvider$1
19916:             1             16  com.intellij.gwt.clientBundle.ClientBundleLineMarkerProvider$2
19917:             1             16  com.intellij.gwt.clientBundle.ClientBundleLineMarkerProvider$3
19918:             1             16  com.intellij.gwt.clientBundle.css.GwtCssTypedHandler
19919:             1             16  com.intellij.gwt.clientBundle.css.language.GwtCssLanguageSubstitutor
19920:             1             16  com.intellij.gwt.clientBundle.css.language.GwtCssParserDefinition
19921:             1             16  com.intellij.gwt.facet.GwtFacetConfigurationMacroFilter
19922:             1             16  com.intellij.gwt.i18n.PropertiesInterfaceLineMarkerProvider
19923:             1             16  com.intellij.gwt.i18n.PropertiesInterfaceLineMarkerProvider$$Lambda$1224/0x0000000801005040
19924:             1             16  com.intellij.gwt.i18n.PropertiesInterfaceLineMarkerProvider$$Lambda$1225/0x0000000801005440
19925:             1             16  com.intellij.gwt.i18n.PropertiesInterfaceLineMarkerProvider$1
19926:             1             16  com.intellij.gwt.i18n.PropertiesInterfaceLineMarkerProvider$2
19927:             1             16  com.intellij.gwt.inspections.GwtNonSerializableRemoteServiceMethodParametersInspection$GwtSerializableInspectionState
19928:             1             16  com.intellij.gwt.jsinject.JsInjector
19929:             1             16  com.intellij.gwt.module.index.GwtHtmlFileIndex
19930:             1             16  com.intellij.gwt.module.index.GwtHtmlFileIndex$1
19931:             1             16  com.intellij.gwt.module.index.GwtModuleRenameToIndex
19932:             1             16  com.intellij.gwt.module.index.GwtModuleRenameToIndex$1
19933:             1             16  com.intellij.gwt.module.index.GwtModuleRenameToIndex$Holder$1
19934:             1             16  com.intellij.gwt.psi.GwtLanguageLevelPusher
19935:             1             16  com.intellij.gwt.psi.GwtSourcePathsRefresher$1
19936:             1             16  com.intellij.gwt.psi.GwtSourcePathsRefresher$2$$Lambda$2769/0x0000000801c20440
19937:             1             16  com.intellij.gwt.psi.GwtSourcePathsRefresher$2$$Lambda$2770/0x0000000801c21040
19938:             1             16  com.intellij.gwt.psi.GwtSourcePathsRefresher$MyPsiTreeChangeListener
19939:             1             16  com.intellij.gwt.refactorings.GwtFindUsagesHandlerFactory
19940:             1             16  com.intellij.gwt.references.GeneratedJsReferenceProvider
19941:             1             16  com.intellij.gwt.references.GwtReferenceContributor
19942:             1             16  com.intellij.gwt.references.GwtReferenceContributor$1
19943:             1             16  com.intellij.gwt.references.GwtReferenceContributor$2
19944:             1             16  com.intellij.gwt.references.GwtToHtmlReferencesProvider
19945:             1             16  com.intellij.gwt.run.GwtRunConfigurationType$$Lambda$1355/0x00000008013e0840
19946:             1             16  com.intellij.gwt.superSource.GwtModuleSuperSourceIndex
19947:             1             16  com.intellij.gwt.superSource.GwtModuleSuperSourceIndex$1
19948:             1             16  com.intellij.gwt.superSource.GwtSuperSourceElementFinder$$Lambda$2797/0x0000000801c46440
19949:             1             16  com.intellij.gwt.superSource.GwtSuperSourceElementFinder$1
19950:             1             16  com.intellij.gwt.superSource.GwtSuperSourceElementFinder$2
19951:             1             16  com.intellij.gwt.superSource.GwtSuperSourceElementFinder$3
19952:             1             16  com.intellij.gwt.uiBinder.CreateUiFieldIntention
19953:             1             16  com.intellij.gwt.uiBinder.CreateUiHandlerIntention
19954:             1             16  com.intellij.gwt.uiBinder.GwtUiHtmlSchemaProvider
19955:             1             16  com.intellij.gwt.uiBinder.GwtUiLineMarkerProvider
19956:             1             16  com.intellij.gwt.uiBinder.GwtUiLineMarkerProvider$1
19957:             1             16  com.intellij.gwt.uiBinder.GwtUiLineMarkerProvider$2
19958:             1             16  com.intellij.gwt.uiBinder.GwtUiXmlExtension
19959:             1             16  com.intellij.gwt.uiBinder.GwtUiXmlTypedHandler
19960:             1             16  com.intellij.gwt.uiBinder.css.UiBinderCssInjector
19961:             1             16  com.intellij.gwt.uiBinder.references.GwtUiReferenceContributor
19962:             1             16  com.intellij.gwt.uiBinder.references.GwtUiReferenceContributor$1
19963:             1             16  com.intellij.gwt.uiBinder.references.GwtUiReferenceContributor$2
19964:             1             16  com.intellij.gwt.uiBinder.references.GwtUiReferenceContributor$3
19965:             1             16  com.intellij.gwt.uiBinder.references.GwtUiReferenceContributor$CssFileReferenceProvider
19966:             1             16  com.intellij.gwt.uiBinder.references.GwtUiReferenceContributor$CssFileReferenceProvider$$Lambda$4492/0x00000008028f7c40
19967:             1             16  com.intellij.gwt.uiBinder.references.QualifiedUiXmlReferenceProvider
19968:             1             16  com.intellij.helidon.providers.HelidonClassAnnotator
19969:             1             16  com.intellij.helidon.providers.HelidonHttpRequestPathParamReferenceProvider$MyPathVariableDefinitionsSearcher
19970:             1             16  com.intellij.helidon.providers.HelidonReferenceContributor
19971:             1             16  com.intellij.helidon.providers.HelidonReferenceContributor$Companion
19972:             1             16  com.intellij.helidon.providers.view.HelidonUrlFramework
19973:             1             16  com.intellij.helidon.providers.view.HelidonUrlViewProvider
19974:             1             16  com.intellij.hibernate.HibernateConsoleProvider
19975:             1             16  com.intellij.hibernate.HibernateDataSourceDetector
19976:             1             16  com.intellij.hibernate.HibernateResourceProvider
19977:             1             16  com.intellij.history.integration.IdeaGateway
19978:             1             16  com.intellij.history.integration.LocalHistoryImpl$$Lambda$395/0x00000008004e9440
19979:             1             16  com.intellij.html.impl.providers.MicrodataReferenceProvider
19980:             1             16  com.intellij.html.index.Html5CustomAttributesIndex
19981:             1             16  com.intellij.html.index.Html5CustomAttributesIndex$1
19982:             1             16  com.intellij.htmltools.codeInsight.daemon.impl.analysis.encoding.HtmlHttpEquivEncodingReferenceProvider
19983:             1             16  com.intellij.htmltools.codeInsight.preview.HtmlPreviewHintProvider
19984:             1             16  com.intellij.htmltools.html.HtmlTagIdIndex
19985:             1             16  com.intellij.htmltools.html.HtmlTagIdIndex$$Lambda$809/0x0000000800a9f040
19986:             1             16  com.intellij.htmltools.html.HtmlTagIdIndex$1
19987:             1             16  com.intellij.htmltools.html.include.HtmlFileIncludeProvider
19988:             1             16  com.intellij.htmltools.xml.actions.HtmlAddTableColumnAfterAction$1
19989:             1             16  com.intellij.htmltools.xml.actions.HtmlAddTableColumnBeforeAction$1
19990:             1             16  com.intellij.htmltools.xml.actions.navigation.HtmlTableCellNavigateDownAction$1
19991:             1             16  com.intellij.htmltools.xml.actions.navigation.HtmlTableCellNavigateLeftAction$1
19992:             1             16  com.intellij.htmltools.xml.actions.navigation.HtmlTableCellNavigateRightAction$1
19993:             1             16  com.intellij.htmltools.xml.actions.navigation.HtmlTableCellNavigateUpAction$1
19994:             1             16  com.intellij.htmltools.xml.util.HtmlReferenceContributor
19995:             1             16  com.intellij.htmltools.xml.util.HtmlReferenceProvider
19996:             1             16  com.intellij.htmltools.xml.util.HtmlReferenceProvider$1
19997:             1             16  com.intellij.ide.AgreementUpdater$$Lambda$682/0x0000000800874840
19998:             1             16  com.intellij.ide.AgreementUpdater$$Lambda$683/0x0000000800874c40
19999:             1             16  com.intellij.ide.ClipboardSynchronizer
20000:             1             16  com.intellij.ide.ClipboardSynchronizer$MacClipboardHandler
20001:             1             16  com.intellij.ide.CommandLineWaitingManager$1
20002:             1             16  com.intellij.ide.CommandLineWaitingManager$2
20003:             1             16  com.intellij.ide.CommandLineWaitingManager$MyNotification
20004:             1             16  com.intellij.ide.CopyPasteDelegator$MyEditable
20005:             1             16  com.intellij.ide.CopyPasteManagerEx$$Lambda$1572/0x0000000801572840
20006:             1             16  com.intellij.ide.CopyPasteUtil$DefaultCopyPasteListener
20007:             1             16  com.intellij.ide.FileChangedNotificationProvider
20008:             1             16  com.intellij.ide.FileChangedNotificationProvider$1
20009:             1             16  com.intellij.ide.FileChangedNotificationProvider$2
20010:             1             16  com.intellij.ide.FileIconPatcherImpl
20011:             1             16  com.intellij.ide.GeneratedFileEditingNotificationProvider
20012:             1             16  com.intellij.ide.GeneratedSourceFileChangeTrackerImpl$$Lambda$1614/0x00000008016b6840
20013:             1             16  com.intellij.ide.GeneratedSourceFileChangeTrackerImpl$1
20014:             1             16  com.intellij.ide.GeneratedSourceFileChangeTrackerImpl$2
20015:             1             16  com.intellij.ide.GeneratedSourceFileChangeTrackerImpl$3
20016:             1             16  com.intellij.ide.GeneratedSourceFileChangeTrackerImpl$MyDocumentListener
20017:             1             16  com.intellij.ide.GeneratedSourceFileChangeTrackerImpl$MyProjectManagerListener
20018:             1             16  com.intellij.ide.HelpTooltip$$Lambda$1918/0x00000008018b6440
20019:             1             16  com.intellij.ide.IdeEventQueue$$Lambda$1285/0x000000080124c440
20020:             1             16  com.intellij.ide.IdeEventQueue$$Lambda$1286/0x000000080124b840
20021:             1             16  com.intellij.ide.IdeEventQueue$$Lambda$1287/0x000000080124bc40
20022:             1             16  com.intellij.ide.IdeEventQueue$$Lambda$1288/0x000000080124b040
20023:             1             16  com.intellij.ide.IdeEventQueue$$Lambda$1289/0x000000080124b440
20024:             1             16  com.intellij.ide.IdeEventQueue$$Lambda$1609/0x0000000801584040
20025:             1             16  com.intellij.ide.IdeEventQueue$$Lambda$311/0x0000000800449440
20026:             1             16  com.intellij.ide.IdeEventQueue$$Lambda$312/0x000000080044ac40
20027:             1             16  com.intellij.ide.IdeEventQueue$$Lambda$313/0x000000080044b440
20028:             1             16  com.intellij.ide.IdeEventQueue$$Lambda$314/0x000000080044b840
20029:             1             16  com.intellij.ide.IdeEventQueue$EditingCanceller
20030:             1             16  com.intellij.ide.IdeKeyboardFocusManager$$Lambda$310/0x0000000800448840
20031:             1             16  com.intellij.ide.IdePopupManager$$Lambda$1298/0x000000080126fc40
20032:             1             16  com.intellij.ide.IdePopupManager$$Lambda$1299/0x000000080126f040
20033:             1             16  com.intellij.ide.IdePopupManager$$Lambda$1300/0x000000080126f440
20034:             1             16  com.intellij.ide.IdeTooltipManager$1
20035:             1             16  com.intellij.ide.IdeTooltipManager$2
20036:             1             16  com.intellij.ide.JavaExcludedFileIconPatcher
20037:             1             16  com.intellij.ide.JavaFileIconPatcher
20038:             1             16  com.intellij.ide.JavaLanguageCodeStyleSettingsProvider
20039:             1             16  com.intellij.ide.LockedIconLayerProvider
20040:             1             16  com.intellij.ide.Prefs$$Lambda$114/0x0000000800257840
20041:             1             16  com.intellij.ide.Prefs$$Lambda$115/0x0000000800257040
20042:             1             16  com.intellij.ide.PsiCopyPasteManager$1
20043:             1             16  com.intellij.ide.PsiCutElementMarker
20044:             1             16  com.intellij.ide.RecentProjectIconHelper$Companion
20045:             1             16  com.intellij.ide.RecentProjectIconHelper$smallAppIcon$2
20046:             1             16  com.intellij.ide.RecentProjectListActionProvider
20047:             1             16  com.intellij.ide.RecentProjectListActionProvider$Companion
20048:             1             16  com.intellij.ide.RecentProjectsManagerBase$Companion
20049:             1             16  com.intellij.ide.RecentProjectsManagerBase$MyAppLifecycleListener
20050:             1             16  com.intellij.ide.RecentProjectsManagerBase$MyProjectListener
20051:             1             16  com.intellij.ide.RecentProjectsManagerBase$MyProjectListener$Companion
20052:             1             16  com.intellij.ide.RecentProjectsManagerBase$projectIconHelper$2
20053:             1             16  com.intellij.ide.RecentProjectsManagerBaseKt$convertToSystemIndependentPaths$1
20054:             1             16  com.intellij.ide.SaveAndSyncHandler$Companion
20055:             1             16  com.intellij.ide.SaveAndSyncHandler$SaveTask$Companion
20056:             1             16  com.intellij.ide.SelectInManager$SelectInTargetComparator
20057:             1             16  com.intellij.ide.SetupJavaProjectFromSourcesActivity
20058:             1             16  com.intellij.ide.SystemHealthMonitor
20059:             1             16  com.intellij.ide.SystemHealthMonitor$4$$Lambda$1279/0x000000080124e440
20060:             1             16  com.intellij.ide.ToolkitBugsProcessor
20061:             1             16  com.intellij.ide.ToolkitBugsProcessor$Apple_CAccessible_NPE
20062:             1             16  com.intellij.ide.ToolkitBugsProcessor$Apple_ExceptionOnChangingMonitors
20063:             1             16  com.intellij.ide.ToolkitBugsProcessor$HeadlessGraphicsEnvironmentUnderWindows
20064:             1             16  com.intellij.ide.ToolkitBugsProcessor$Sun_6785663
20065:             1             16  com.intellij.ide.ToolkitBugsProcessor$Sun_6857057
20066:             1             16  com.intellij.ide.TypePresentationServiceImpl$$Lambda$1170/0x0000000800ee6840
20067:             1             16  com.intellij.ide.TypePresentationServiceImpl$1
20068:             1             16  com.intellij.ide.TypePresentationServiceImpl$2
20069:             1             16  com.intellij.ide.TypePresentationServiceImpl$3
20070:             1             16  com.intellij.ide.UiActivityMonitorImpl$$Lambda$1178/0x0000000800ee2040
20071:             1             16  com.intellij.ide.a.b$$Lambda$4357/0x000000080284c040
20072:             1             16  com.intellij.ide.a.b$$Lambda$4358/0x000000080284c440
20073:             1             16  com.intellij.ide.a.c
20074:             1             16  com.intellij.ide.actionMacro.ActionMacroManager$1
20075:             1             16  com.intellij.ide.actionMacro.ActionMacroManager$MyActionTuner
20076:             1             16  com.intellij.ide.actionMacro.ActionMacroManager$MyActionTuner$$Lambda$857/0x0000000800b2f840
20077:             1             16  com.intellij.ide.actionMacro.ActionMacroManager$MyKeyPostpocessor
20078:             1             16  com.intellij.ide.actions.CopyReferenceAction$$Lambda$4515/0x000000080290d440
20079:             1             16  com.intellij.ide.actions.CopyReferenceUtil$$Lambda$4514/0x000000080290d040
20080:             1             16  com.intellij.ide.actions.CopyTBXReferenceAction
20081:             1             16  com.intellij.ide.actions.EditCustomPropertiesAction$Companion
20082:             1             16  com.intellij.ide.actions.EditCustomPropertiesAction$Companion$file$1
20083:             1             16  com.intellij.ide.actions.EditCustomVmOptionsAction$Companion
20084:             1             16  com.intellij.ide.actions.EditCustomVmOptionsAction$Companion$file$1
20085:             1             16  com.intellij.ide.actions.GotoClassPresentationUpdater
20086:             1             16  com.intellij.ide.actions.GotoClassPresentationUpdater$getElementKinds$1
20087:             1             16  com.intellij.ide.actions.HideToolWindowAction$Companion
20088:             1             16  com.intellij.ide.actions.JavaQualifiedNameProvider
20089:             1             16  com.intellij.ide.actions.JavaVirtualFileQualifiedNameProvider
20090:             1             16  com.intellij.ide.actions.NewActionGroup$$Lambda$1041/0x0000000800c03840
20091:             1             16  com.intellij.ide.actions.PowerSaveModeNotifier
20092:             1             16  com.intellij.ide.actions.PropertiesQualifiedNameProvider
20093:             1             16  com.intellij.ide.actions.QuickSwitchSchemeAction$$Lambda$858/0x0000000800b2fc40
20094:             1             16  com.intellij.ide.actions.QuickSwitchSchemeAction$$Lambda$859/0x0000000800b2f040
20095:             1             16  com.intellij.ide.actions.RevealFileAction$1
20096:             1             16  com.intellij.ide.actions.RevealFileAction$Holder$$Lambda$1142/0x0000000800daa840
20097:             1             16  com.intellij.ide.actions.RevealFileAction$Holder$$Lambda$1143/0x0000000800daac40
20098:             1             16  com.intellij.ide.actions.SearchAgainAction$Handler
20099:             1             16  com.intellij.ide.actions.SearchBackAction$Handler
20100:             1             16  com.intellij.ide.actions.SearchEverywhereAction$$Lambda$1022/0x0000000800bdc440
20101:             1             16  com.intellij.ide.actions.SelectAllAction$Handler
20102:             1             16  com.intellij.ide.actions.Switcher$$Lambda$1146/0x0000000800e12c40
20103:             1             16  com.intellij.ide.actions.Switcher$1
20104:             1             16  com.intellij.ide.actions.SynchronizeCurrentFileAction$$Lambda$4621/0x00000008029f8c40
20105:             1             16  com.intellij.ide.actions.TemplateProjectPropertiesAction$$Lambda$1042/0x0000000800c03c40
20106:             1             16  com.intellij.ide.actions.TemplateProjectPropertiesAction$$Lambda$1043/0x0000000800c03040
20107:             1             16  com.intellij.ide.actions.ToggleZenModeAction$Companion
20108:             1             16  com.intellij.ide.actions.runAnything.RunAnythingAction$$Lambda$1150/0x0000000800e11440
20109:             1             16  com.intellij.ide.actions.runAnything.RunAnythingAction$Holder$$Lambda$1915/0x00000008018b6840
20110:             1             16  com.intellij.ide.actions.runAnything.RunAnythingRunConfigurationProvider
20111:             1             16  com.intellij.ide.actions.runAnything.activity.RunAnythingCommandExecutionProvider
20112:             1             16  com.intellij.ide.actions.runAnything.activity.RunAnythingRecentCommandProvider
20113:             1             16  com.intellij.ide.actions.runAnything.activity.RunAnythingRecentProjectProvider
20114:             1             16  com.intellij.ide.b.d.A
20115:             1             16  com.intellij.ide.b.d.H
20116:             1             16  com.intellij.ide.b.d.V
20117:             1             16  com.intellij.ide.b.f.c
20118:             1             16  com.intellij.ide.b.k.a
20119:             1             16  com.intellij.ide.b.l.A
20120:             1             16  com.intellij.ide.b.l.V$$Lambda$673/0x0000000800831440
20121:             1             16  com.intellij.ide.b.l.aF
20122:             1             16  com.intellij.ide.b.l.aO
20123:             1             16  com.intellij.ide.b.l.aS$$Lambda$161/0x00000008002ee040
20124:             1             16  com.intellij.ide.b.l.aS$$Lambda$186/0x0000000800308040
20125:             1             16  com.intellij.ide.b.l.au
20126:             1             16  com.intellij.ide.b.l.f$$Lambda$340/0x00000008004a6440
20127:             1             16  com.intellij.ide.b.l.l
20128:             1             16  com.intellij.ide.b.p
20129:             1             16  com.intellij.ide.bookmarks.BookmarkManager$$Lambda$2188/0x00000008019c2840
20130:             1             16  com.intellij.ide.bookmarks.BookmarkManager$$Lambda$2610/0x0000000801b7fc40
20131:             1             16  com.intellij.ide.bookmarks.BookmarkManager$$Lambda$3208/0x0000000801e4b440
20132:             1             16  com.intellij.ide.bookmarks.BookmarkManager$MyDocumentListener
20133:             1             16  com.intellij.ide.bookmarks.BookmarkManager$MyEditorMouseListener
20134:             1             16  com.intellij.ide.bookmarks.BookmarkManager$MyStartupActivity
20135:             1             16  com.intellij.ide.bookmarks.BookmarkManager$MyStartupActivity$$Lambda$2184/0x00000008019c3840
20136:             1             16  com.intellij.ide.browsers.LaunchBrowserBeforeRunTaskProvider
20137:             1             16  com.intellij.ide.browsers.LaunchBrowserBeforeRunTaskProvider$Companion
20138:             1             16  com.intellij.ide.browsers.LaunchBrowserBeforeRunTaskState$browser$2
20139:             1             16  com.intellij.ide.browsers.WebBrowserManager$$Lambda$3576/0x000000080208b040
20140:             1             16  com.intellij.ide.browsers.WebBrowserReferenceConverter
20141:             1             16  com.intellij.ide.browsers.actions.BaseOpenInBrowserAction$Companion
20142:             1             16  com.intellij.ide.browsers.actions.SelectInDefaultBrowserTarget
20143:             1             16  com.intellij.ide.browsers.impl.WebBrowserServiceImpl$Companion
20144:             1             16  com.intellij.ide.cds.CDSFUSCollector
20145:             1             16  com.intellij.ide.cds.CDSManager
20146:             1             16  com.intellij.ide.cds.CDSManager$currentCDSArchive$2
20147:             1             16  com.intellij.ide.cds.CDSManager$isValidEnv$2
20148:             1             16  com.intellij.ide.cds.CDSPaths$Companion
20149:             1             16  com.intellij.ide.cds.CDSPaths$Companion$current$2
20150:             1             16  com.intellij.ide.cds.CDSTaskResult$Success
20151:             1             16  com.intellij.ide.customize.CustomizeIDEWizardInteractions
20152:             1             16  com.intellij.ide.dnd.DnDManagerImpl$$Lambda$3125/0x0000000801dc4c40
20153:             1             16  com.intellij.ide.dnd.DnDManagerImpl$MyDragGestureListener
20154:             1             16  com.intellij.ide.dnd.DnDManagerImpl$MyDropTargetListener
20155:             1             16  com.intellij.ide.dnd.DnDManagerImpl$NullTarget
20156:             1             16  com.intellij.ide.dnd.SmoothAutoScroller$DragListener
20157:             1             16  com.intellij.ide.externalComponents.ExternalComponentManagerImpl
20158:             1             16  com.intellij.ide.favoritesTreeView.FavoritesViewSelectInTarget
20159:             1             16  com.intellij.ide.favoritesTreeView.FileSerializable
20160:             1             16  com.intellij.ide.favoritesTreeView.NoteSerializable
20161:             1             16  com.intellij.ide.favoritesTreeView.PsiClassFavoriteNodeProvider
20162:             1             16  com.intellij.ide.favoritesTreeView.PsiFieldFavoriteNodeProvider
20163:             1             16  com.intellij.ide.favoritesTreeView.PsiMethodFavoriteNodeProvider
20164:             1             16  com.intellij.ide.favoritesTreeView.PsiPackageFavoriteNodeProvider
20165:             1             16  com.intellij.ide.favoritesTreeView.UsageFavoriteNodeProvider
20166:             1             16  com.intellij.ide.favoritesTreeView.UsageFavoriteNodeProvider$$Lambda$4543/0x000000080292c040
20167:             1             16  com.intellij.ide.favoritesTreeView.UsageFavoriteNodeProvider$$Lambda$4544/0x000000080292c440
20168:             1             16  com.intellij.ide.favoritesTreeView.UsageSerializable
20169:             1             16  com.intellij.ide.fileTemplates.DefaultCreateFromTemplateHandler
20170:             1             16  com.intellij.ide.fileTemplates.FileTemplatesScheme$1
20171:             1             16  com.intellij.ide.fileTemplates.JavaCreateFromTemplateHandler
20172:             1             16  com.intellij.ide.fileTemplates.JavaInternalTemplatesHandler
20173:             1             16  com.intellij.ide.fileTemplates.actions.CreateFromTemplateGroup$$Lambda$4505/0x0000000802909840
20174:             1             16  com.intellij.ide.fileTemplates.impl.FTManager$$Lambda$4336/0x000000080283fc40
20175:             1             16  com.intellij.ide.fileTemplates.impl.FTManager$$Lambda$4337/0x000000080283f040
20176:             1             16  com.intellij.ide.gdpr.ConsentOptions$$Lambda$127/0x0000000800279c40
20177:             1             16  com.intellij.ide.gdpr.ConsentOptions$$Lambda$4356/0x000000080284b440
20178:             1             16  com.intellij.ide.gdpr.ConsentOptionsProviderImpl
20179:             1             16  com.intellij.ide.highlighter.ArchiveFileType
20180:             1             16  com.intellij.ide.highlighter.JavaClassFileType
20181:             1             16  com.intellij.ide.highlighter.ModuleFileType
20182:             1             16  com.intellij.ide.highlighter.ProjectFileType
20183:             1             16  com.intellij.ide.highlighter.WorkspaceFileType
20184:             1             16  com.intellij.ide.highlighter.custom.impl.CustomFileTypeFoldingBuilder
20185:             1             16  com.intellij.ide.highlighter.custom.impl.StandardFileTypeRegistrar
20186:             1             16  com.intellij.ide.impl.CommonActionsManagerImpl
20187:             1             16  com.intellij.ide.impl.DataManagerImpl
20188:             1             16  com.intellij.ide.impl.DataManagerImpl$NullResult
20189:             1             16  com.intellij.ide.impl.DataValidator$1
20190:             1             16  com.intellij.ide.impl.DataValidator$2
20191:             1             16  com.intellij.ide.impl.DataValidator$3
20192:             1             16  com.intellij.ide.impl.DataValidator$ArrayValidator
20193:             1             16  com.intellij.ide.impl.ModuleDataValidator
20194:             1             16  com.intellij.ide.impl.NewProjectUtil$$Lambda$1495/0x00000008014fd440
20195:             1             16  com.intellij.ide.impl.OpenProjectTask$Companion
20196:             1             16  com.intellij.ide.impl.ProjectStructureSelectInTarget
20197:             1             16  com.intellij.ide.impl.ProjectViewSelectInExplorerTarget
20198:             1             16  com.intellij.ide.impl.ProjectViewSelectInGroupTarget
20199:             1             16  com.intellij.ide.impl.PsiElementArrayDataValidator
20200:             1             16  com.intellij.ide.impl.StructureViewSelectInTarget
20201:             1             16  com.intellij.ide.impl.dataRules.CopyProviderRule
20202:             1             16  com.intellij.ide.impl.dataRules.CutProviderRule
20203:             1             16  com.intellij.ide.impl.dataRules.FileEditorRule
20204:             1             16  com.intellij.ide.impl.dataRules.FileTextRule
20205:             1             16  com.intellij.ide.impl.dataRules.InactiveEditorRule
20206:             1             16  com.intellij.ide.impl.dataRules.ModuleRule
20207:             1             16  com.intellij.ide.impl.dataRules.NavigatableArrayRule
20208:             1             16  com.intellij.ide.impl.dataRules.NavigatableRule
20209:             1             16  com.intellij.ide.impl.dataRules.PasteProviderRule
20210:             1             16  com.intellij.ide.impl.dataRules.ProjectFileDirectoryRule
20211:             1             16  com.intellij.ide.impl.dataRules.PsiElementFromSelectionRule
20212:             1             16  com.intellij.ide.impl.dataRules.PsiElementFromSelectionsRule
20213:             1             16  com.intellij.ide.impl.dataRules.PsiFileRule
20214:             1             16  com.intellij.ide.impl.dataRules.UsageTargetsRule
20215:             1             16  com.intellij.ide.impl.dataRules.VirtualFileArrayRule
20216:             1             16  com.intellij.ide.impl.dataRules.VirtualFileRule
20217:             1             16  com.intellij.ide.impl.ui.ProductsIconsImpl$$Lambda$4538/0x000000080292dc40
20218:             1             16  com.intellij.ide.impl.ui.ProductsIconsImpl$$Lambda$4539/0x000000080292d040
20219:             1             16  com.intellij.ide.impl.ui.ProductsIconsImpl$$Lambda$4540/0x000000080292d440
20220:             1             16  com.intellij.ide.java.JavaIdeLanguageCustomization
20221:             1             16  com.intellij.ide.lightEdit.LightEditConfiguration
20222:             1             16  com.intellij.ide.lightEdit.LightEditDocumentSaveVetoer
20223:             1             16  com.intellij.ide.lightEdit.LightEditFileTypeOverrider
20224:             1             16  com.intellij.ide.lightEdit.intentions.openInProject.LightEditOpenInProjectIntention
20225:             1             16  com.intellij.ide.lightEdit.project.LightEditProjectManager
20226:             1             16  com.intellij.ide.macro.AffectedModuleNamesMacro
20227:             1             16  com.intellij.ide.macro.ClasspathEntryMacro
20228:             1             16  com.intellij.ide.macro.ClasspathMacro
20229:             1             16  com.intellij.ide.macro.ClipboardContentMacro
20230:             1             16  com.intellij.ide.macro.CompilerContextMakeMacro
20231:             1             16  com.intellij.ide.macro.ContentRootMacro
20232:             1             16  com.intellij.ide.macro.FileClassMacro
20233:             1             16  com.intellij.ide.macro.FileDirMacro
20234:             1             16  com.intellij.ide.macro.FileDirNameMacro
20235:             1             16  com.intellij.ide.macro.FileDirPathFromParentMacro
20236:             1             16  com.intellij.ide.macro.FileDirRelativeToProjectRootMacro
20237:             1             16  com.intellij.ide.macro.FileDirRelativeToSourcepathMacro
20238:             1             16  com.intellij.ide.macro.FileEncodingMacro
20239:             1             16  com.intellij.ide.macro.FileExtMacro
20240:             1             16  com.intellij.ide.macro.FileFQPackage
20241:             1             16  com.intellij.ide.macro.FileNameMacro
20242:             1             16  com.intellij.ide.macro.FileNameWithoutAllExtensions
20243:             1             16  com.intellij.ide.macro.FileNameWithoutExtension
20244:             1             16  com.intellij.ide.macro.FilePackageMacro
20245:             1             16  com.intellij.ide.macro.FileParentDirMacro
20246:             1             16  com.intellij.ide.macro.FilePathMacro
20247:             1             16  com.intellij.ide.macro.FilePathRelativeToProjectRootMacro
20248:             1             16  com.intellij.ide.macro.FilePathRelativeToSourcepathMacro
20249:             1             16  com.intellij.ide.macro.FilePromptMacro
20250:             1             16  com.intellij.ide.macro.FileRelativeDirMacro
20251:             1             16  com.intellij.ide.macro.FileRelativePathMacro
20252:             1             16  com.intellij.ide.macro.JavaDocPathMacro
20253:             1             16  com.intellij.ide.macro.JdkPathMacro
20254:             1             16  com.intellij.ide.macro.MacroManager
20255:             1             16  com.intellij.ide.macro.ModuleFileDirMacro
20256:             1             16  com.intellij.ide.macro.ModuleFilePathMacro
20257:             1             16  com.intellij.ide.macro.ModuleNameMacro
20258:             1             16  com.intellij.ide.macro.ModulePathMacro
20259:             1             16  com.intellij.ide.macro.ModuleSdkPathMacro
20260:             1             16  com.intellij.ide.macro.OutputPathMacro
20261:             1             16  com.intellij.ide.macro.ProjectFileDirMacro
20262:             1             16  com.intellij.ide.macro.ProjectNameMacro
20263:             1             16  com.intellij.ide.macro.ProjectPathMacro
20264:             1             16  com.intellij.ide.macro.PromptMacro
20265:             1             16  com.intellij.ide.macro.SourcepathEntryMacro
20266:             1             16  com.intellij.ide.macro.SourcepathMacro
20267:             1             16  com.intellij.ide.macro.UnixSeparatorsMacro
20268:             1             16  com.intellij.ide.navigationToolbar.DefaultNavBarExtension
20269:             1             16  com.intellij.ide.navigationToolbar.NavBarBorder
20270:             1             16  com.intellij.ide.navigationToolbar.NavBarIdeView
20271:             1             16  com.intellij.ide.navigationToolbar.NavBarModelBuilderImpl
20272:             1             16  com.intellij.ide.navigationToolbar.NavBarPresentation
20273:             1             16  com.intellij.ide.navigationToolbar.NavBarRootPaneExtension$$Lambda$1909/0x00000008018b0040
20274:             1             16  com.intellij.ide.navigationToolbar.NavBarUpdateQueue$$Lambda$1910/0x00000008018b0440
20275:             1             16  com.intellij.ide.navigationToolbar.NavBarUpdateQueue$$Lambda$1911/0x00000008018b7840
20276:             1             16  com.intellij.ide.navigationToolbar.SelectInNavBarTarget
20277:             1             16  com.intellij.ide.navigationToolbar.ui.AbstractNavBarUI$$Lambda$3214/0x0000000801e4cc40
20278:             1             16  com.intellij.ide.navigationToolbar.ui.CommonNavBarUI
20279:             1             16  com.intellij.ide.navigationToolbar.ui.DarculaNavBarUI
20280:             1             16  com.intellij.ide.passwordSafe.PasswordSafe$Companion
20281:             1             16  com.intellij.ide.plugins.BasePathResolver
20282:             1             16  com.intellij.ide.plugins.DescriptorListLoadingContext$$Lambda$133/0x00000008002b7840
20283:             1             16  com.intellij.ide.plugins.DescriptorListLoadingContext$$Lambda$134/0x00000008002b7c40
20284:             1             16  com.intellij.ide.plugins.DynamicPluginListener$Companion
20285:             1             16  com.intellij.ide.plugins.DynamicPluginVfsListener
20286:             1             16  com.intellij.ide.plugins.DynamicPluginsFrameStateListener
20287:             1             16  com.intellij.ide.plugins.PluginInfoProviderImpl
20288:             1             16  com.intellij.ide.plugins.PluginLoadingResult$$Lambda$258/0x0000000800384040
20289:             1             16  com.intellij.ide.plugins.PluginManager
20290:             1             16  com.intellij.ide.plugins.PluginManager$$Lambda$747/0x0000000800989c40
20291:             1             16  com.intellij.ide.plugins.PluginManagerCore$$Lambda$101/0x000000080022c040
20292:             1             16  com.intellij.ide.plugins.PluginManagerCore$$Lambda$300/0x0000000800425040
20293:             1             16  com.intellij.ide.plugins.PluginUtilImpl
20294:             1             16  com.intellij.ide.plugins.PluginsMetaLoader
20295:             1             16  com.intellij.ide.plugins.cl.PluginClassLoader$1
20296:             1             16  com.intellij.ide.plugins.cl.PluginClassLoader$2
20297:             1             16  com.intellij.ide.plugins.cl.PluginClassLoader$3
20298:             1             16  com.intellij.ide.plugins.cl.PluginClassLoader$4
20299:             1             16  com.intellij.ide.plugins.cl.PluginClassLoader$5
20300:             1             16  com.intellij.ide.plugins.cl.PluginClassLoader$6
20301:             1             16  com.intellij.ide.plugins.cl.PluginClassLoader$7
20302:             1             16  com.intellij.ide.plugins.cl.PluginClassLoader$8
20303:             1             16  com.intellij.ide.projectView.ViewSettings$1
20304:             1             16  com.intellij.ide.projectView.impl.AbstractProjectViewPSIPane$3
20305:             1             16  com.intellij.ide.projectView.impl.AbstractProjectViewPane$$Lambda$3228/0x0000000801e5fc40
20306:             1             16  com.intellij.ide.projectView.impl.AbstractProjectViewPane$$Lambda$3230/0x0000000801e5f440
20307:             1             16  com.intellij.ide.projectView.impl.AbstractProjectViewPane$MyDragSource
20308:             1             16  com.intellij.ide.projectView.impl.AsyncProjectViewSupport$$Lambda$3134/0x0000000801dc2440
20309:             1             16  com.intellij.ide.projectView.impl.AsyncProjectViewSupport$2
20310:             1             16  com.intellij.ide.projectView.impl.AsyncProjectViewSupport$4
20311:             1             16  com.intellij.ide.projectView.impl.AsyncProjectViewSupport$5
20312:             1             16  com.intellij.ide.projectView.impl.ClassesTreeStructureProvider
20313:             1             16  com.intellij.ide.projectView.impl.CompoundIconProvider
20314:             1             16  com.intellij.ide.projectView.impl.FavoritesViewToolWindowFactory
20315:             1             16  com.intellij.ide.projectView.impl.NestingTreeStructureProvider
20316:             1             16  com.intellij.ide.projectView.impl.NestingTreeStructureProvider$$Lambda$3267/0x0000000801e7b840
20317:             1             16  com.intellij.ide.projectView.impl.PackageViewPane$MyDeletePSIElementProvider
20318:             1             16  com.intellij.ide.projectView.impl.ProjectViewFileNestingService$MyState
20319:             1             16  com.intellij.ide.projectView.impl.ProjectViewFileNestingService$MyState$$Lambda$3268/0x0000000801e7bc40
20320:             1             16  com.intellij.ide.projectView.impl.ProjectViewImpl$$Lambda$3109/0x0000000801dc0040
20321:             1             16  com.intellij.ide.projectView.impl.ProjectViewImpl$$Lambda$3110/0x0000000801dc0440
20322:             1             16  com.intellij.ide.projectView.impl.ProjectViewImpl$$Lambda$3155/0x0000000801df6440
20323:             1             16  com.intellij.ide.projectView.impl.ProjectViewImpl$18
20324:             1             16  com.intellij.ide.projectView.impl.ProjectViewImpl$19
20325:             1             16  com.intellij.ide.projectView.impl.ProjectViewImpl$Action$AbbreviatePackageNames$$Lambda$1140/0x0000000800dab840
20326:             1             16  com.intellij.ide.projectView.impl.ProjectViewImpl$Action$AutoscrollFromSource$$Lambda$1130/0x0000000800d6bc40
20327:             1             16  com.intellij.ide.projectView.impl.ProjectViewImpl$Action$AutoscrollToSource$$Lambda$1139/0x0000000800dacc40
20328:             1             16  com.intellij.ide.projectView.impl.ProjectViewImpl$Action$CompactDirectories$$Lambda$1195/0x0000000800f2ac40
20329:             1             16  com.intellij.ide.projectView.impl.ProjectViewImpl$Action$FlattenModules$$Lambda$1074/0x0000000800ca8840
20330:             1             16  com.intellij.ide.projectView.impl.ProjectViewImpl$Action$FlattenPackages$$Lambda$1131/0x0000000800d6a840
20331:             1             16  com.intellij.ide.projectView.impl.ProjectViewImpl$Action$FoldersAlwaysOnTop$$Lambda$1193/0x0000000800f2d440
20332:             1             16  com.intellij.ide.projectView.impl.ProjectViewImpl$Action$HideEmptyMiddlePackages$$Lambda$1137/0x0000000800daec40
20333:             1             16  com.intellij.ide.projectView.impl.ProjectViewImpl$Action$ManualOrder$$Lambda$1089/0x0000000800caf840
20334:             1             16  com.intellij.ide.projectView.impl.ProjectViewImpl$Action$ShowExcludedFiles$$Lambda$1176/0x0000000800ee4040
20335:             1             16  com.intellij.ide.projectView.impl.ProjectViewImpl$Action$ShowLibraryContents$$Lambda$1194/0x0000000800f2a840
20336:             1             16  com.intellij.ide.projectView.impl.ProjectViewImpl$Action$ShowMembers$$Lambda$1088/0x0000000800cadc40
20337:             1             16  com.intellij.ide.projectView.impl.ProjectViewImpl$Action$ShowModules$$Lambda$1138/0x0000000800dac840
20338:             1             16  com.intellij.ide.projectView.impl.ProjectViewImpl$Action$ShowVisibilityIcons$$Lambda$1181/0x0000000800ee1c40
20339:             1             16  com.intellij.ide.projectView.impl.ProjectViewImpl$Action$SortByType$$Lambda$1200/0x0000000800f68440
20340:             1             16  com.intellij.ide.projectView.impl.ProjectViewImpl$MyDeletePSIElementProvider
20341:             1             16  com.intellij.ide.projectView.impl.ProjectViewState$Companion
20342:             1             16  com.intellij.ide.projectView.impl.ProjectViewToolWindowFactory
20343:             1             16  com.intellij.ide.projectView.impl.RenameModuleHandler
20344:             1             16  com.intellij.ide.projectView.impl.nodes.PsiTreeAnchorizer
20345:             1             16  com.intellij.ide.projectWizard.ChooseTemplateStep$1
20346:             1             16  com.intellij.ide.projectWizard.ModuleNameLocationComponent$4
20347:             1             16  com.intellij.ide.projectWizard.ModuleNameLocationComponent$5
20348:             1             16  com.intellij.ide.projectWizard.ModuleTypeCategory$JavaSE
20349:             1             16  com.intellij.ide.projectWizard.ProjectTemplateList$$Lambda$1470/0x00000008014d5040
20350:             1             16  com.intellij.ide.projectWizard.ProjectTemplateList$$Lambda$1563/0x000000080155b040
20351:             1             16  com.intellij.ide.projectWizard.ProjectTypeStep$$Lambda$1302/0x000000080126ec40
20352:             1             16  com.intellij.ide.projectWizard.ProjectTypeStep$$Lambda$1303/0x000000080126e040
20353:             1             16  com.intellij.ide.projectWizard.ProjectTypeStep$$Lambda$1304/0x000000080126e440
20354:             1             16  com.intellij.ide.projectWizard.ProjectTypeStep$$Lambda$1359/0x00000008013e1840
20355:             1             16  com.intellij.ide.projectWizard.ProjectTypeStep$$Lambda$1360/0x00000008013e1c40
20356:             1             16  com.intellij.ide.projectWizard.ProjectTypeStep$$Lambda$1395/0x0000000801412840
20357:             1             16  com.intellij.ide.projectWizard.ProjectTypeStep$$Lambda$1396/0x0000000801412c40
20358:             1             16  com.intellij.ide.projectWizard.ProjectTypeStep$5
20359:             1             16  com.intellij.ide.scopeView.NamedScopeFilter$$Lambda$3118/0x0000000801dc6c40
20360:             1             16  com.intellij.ide.scopeView.ScopeViewPane$$Lambda$3117/0x0000000801dc6840
20361:             1             16  com.intellij.ide.scopeView.ScopeViewPane$2
20362:             1             16  com.intellij.ide.scratch.ScratchFileActions$LanguageAction$$Lambda$4545/0x000000080292b840
20363:             1             16  com.intellij.ide.scratch.ScratchFileActions$NewFileAction$$Lambda$1055/0x0000000800c2b840
20364:             1             16  com.intellij.ide.scratch.ScratchFileServiceImpl$$Lambda$2017/0x0000000801935440
20365:             1             16  com.intellij.ide.scratch.ScratchFileServiceImpl$2
20366:             1             16  com.intellij.ide.scratch.ScratchFileServiceImpl$IndexSetContributor
20367:             1             16  com.intellij.ide.scratch.ScratchFileServiceImpl$NavBarExtension
20368:             1             16  com.intellij.ide.scratch.ScratchFileServiceImpl$Substitutor
20369:             1             16  com.intellij.ide.scratch.ScratchProjectViewPane$MyStructureProvider
20370:             1             16  com.intellij.ide.scratch.ScratchesSearchScope$$Lambda$4532/0x0000000802929040
20371:             1             16  com.intellij.ide.script.IdeStartupScripts$$Lambda$2019/0x0000000801958440
20372:             1             16  com.intellij.ide.script.IdeStartupScripts$1$$Lambda$2013/0x0000000801936440
20373:             1             16  com.intellij.ide.startup.CheckFsSanityAndProjectRootPostStartUpActivity
20374:             1             16  com.intellij.ide.startup.CheckFsSanityAndProjectRootPostStartUpActivity$Companion
20375:             1             16  com.intellij.ide.startup.impl.StartupManagerImpl$$Lambda$2391/0x0000000801ac8040
20376:             1             16  com.intellij.ide.startup.impl.StartupManagerImpl$1
20377:             1             16  com.intellij.ide.startup.impl.StartupManagerImpl$3
20378:             1             16  com.intellij.ide.structureView.impl.StructureViewToolWindowFactory
20379:             1             16  com.intellij.ide.todo.MultiLineTodoLocalityDetector
20380:             1             16  com.intellij.ide.todo.TodoConfiguration$1
20381:             1             16  com.intellij.ide.todo.TodoIndexPatternProvider
20382:             1             16  com.intellij.ide.todo.TodoToolWindowFactory
20383:             1             16  com.intellij.ide.ui.AppearanceConfigurableKt$cdShowToolWindowBars$1
20384:             1             16  com.intellij.ide.ui.AppearanceConfigurableKt$cdShowToolWindowBars$2
20385:             1             16  com.intellij.ide.ui.AppearanceOptionsTopHitProvider
20386:             1             16  com.intellij.ide.ui.AppearanceOptionsTopHitProvider$Companion
20387:             1             16  com.intellij.ide.ui.EditorOptionsTopHitProvider
20388:             1             16  com.intellij.ide.ui.EditorOptionsTopHitProvider$Ex
20389:             1             16  com.intellij.ide.ui.InspectionsTopHitProvider
20390:             1             16  com.intellij.ide.ui.NotRoamableUiSettings
20391:             1             16  com.intellij.ide.ui.OptionsTopHitProvider$ProjectLevelProvidersAdapter
20392:             1             16  com.intellij.ide.ui.PluginBooleanOptionDescriptor$Notifier
20393:             1             16  com.intellij.ide.ui.PluginOptionsTopHitProvider
20394:             1             16  com.intellij.ide.ui.ProjectTopHitCache
20395:             1             16  com.intellij.ide.ui.ProjectTopHitCache$1
20396:             1             16  com.intellij.ide.ui.SystemOptionsTopHitProvider
20397:             1             16  com.intellij.ide.ui.TopHitCache
20398:             1             16  com.intellij.ide.ui.UISettings$Companion
20399:             1             16  com.intellij.ide.ui.UISettingsState$Companion
20400:             1             16  com.intellij.ide.ui.UISimpleSettingsProvider
20401:             1             16  com.intellij.ide.ui.UITheme$$Lambda$393/0x00000008004e9c40
20402:             1             16  com.intellij.ide.ui.customization.CustomActionsSchema$$Lambda$1865/0x000000080182a440
20403:             1             16  com.intellij.ide.ui.laf.LafManagerImpl$$Lambda$388/0x00000008004eb440
20404:             1             16  com.intellij.ide.ui.laf.LafManagerImpl$$Lambda$576/0x0000000800748c40
20405:             1             16  com.intellij.ide.ui.laf.LafManagerImpl$1
20406:             1             16  com.intellij.ide.ui.laf.LafManagerImpl$DefaultMenuArrowIcon$$Lambda$555/0x0000000800711040
20407:             1             16  com.intellij.ide.ui.laf.LafManagerImpl$UIThemeEPListener
20408:             1             16  com.intellij.ide.ui.laf.darcula.DarculaLaf$$Lambda$403/0x0000000800533440
20409:             1             16  com.intellij.ide.ui.laf.darcula.DarculaTableHeaderBorder
20410:             1             16  com.intellij.ide.ui.laf.darcula.DarculaUIUtil$$Lambda$831/0x0000000800aefc40
20411:             1             16  com.intellij.ide.ui.laf.darcula.DarculaUIUtil$$Lambda$832/0x0000000800aef040
20412:             1             16  com.intellij.ide.ui.laf.darcula.ui.DarculaCheckBoxBorder
20413:             1             16  com.intellij.ide.ui.laf.darcula.ui.DarculaCheckBoxUI$$Lambda$1148/0x0000000800e11c40
20414:             1             16  com.intellij.ide.ui.laf.darcula.ui.DarculaComboBoxUI$2
20415:             1             16  com.intellij.ide.ui.laf.darcula.ui.DarculaComboBoxUI$3
20416:             1             16  com.intellij.ide.ui.laf.darcula.ui.DarculaMenuBarBorder
20417:             1             16  com.intellij.ide.ui.laf.darcula.ui.DarculaPopupMenuBorder
20418:             1             16  com.intellij.ide.ui.laf.darcula.ui.DarculaRadioButtonBorder
20419:             1             16  com.intellij.ide.ui.laf.darcula.ui.DarculaSpinnerBorder
20420:             1             16  com.intellij.ide.ui.laf.darcula.ui.TextFieldWithPopupHandlerUI$$Lambda$1471/0x00000008014d5440
20421:             1             16  com.intellij.ide.ui.laf.darcula.ui.TextFieldWithPopupHandlerUI$ClearExtension
20422:             1             16  com.intellij.ide.ui.search.PluginSearchableOptionContributor
20423:             1             16  com.intellij.ide.ui.search.SearchableOptionPreloader
20424:             1             16  com.intellij.ide.util.EditSourceUtil$$Lambda$3400/0x0000000801f49840
20425:             1             16  com.intellij.ide.util.PsiNavigationSupportImpl
20426:             1             16  com.intellij.ide.util.gotoByName.DefaultClassNavigationContributor
20427:             1             16  com.intellij.ide.util.newProjectWizard.AddSupportForFrameworksPanel$3
20428:             1             16  com.intellij.ide.util.newProjectWizard.FrameworkVersionComponent$$Lambda$1468/0x00000008014d5840
20429:             1             16  com.intellij.ide.util.newProjectWizard.FrameworksTree$$Lambda$1386/0x0000000801410440
20430:             1             16  com.intellij.ide.util.projectWizard.JavaSettingsStep$2
20431:             1             16  com.intellij.ide.util.projectWizard.ModuleBuilder$$Lambda$1313/0x0000000801269440
20432:             1             16  com.intellij.ide.util.projectWizard.ProjectWizardStepFactoryImpl
20433:             1             16  com.intellij.ide.util.treeView.AbstractTreeStructureBase$$Lambda$3162/0x0000000801df4440
20434:             1             16  com.intellij.ide.util.treeView.AbstractTreeStructureBase$$Lambda$3166/0x0000000801e10440
20435:             1             16  com.intellij.ide.util.treeView.AlphaComparator
20436:             1             16  com.intellij.ide.util.treeView.FileNameComparator
20437:             1             16  com.intellij.ide.wizard.AbstractWizard$1
20438:             1             16  com.intellij.ide.wizard.AbstractWizard$2
20439:             1             16  com.intellij.ide.wizard.AbstractWizard$3
20440:             1             16  com.intellij.ide.wizard.AbstractWizard$4
20441:             1             16  com.intellij.ide.wizard.AbstractWizard$5
20442:             1             16  com.intellij.ide.wizard.AbstractWizard$6
20443:             1             16  com.intellij.ide.wizard.AbstractWizard$7
20444:             1             16  com.intellij.idea.ApplicationLoader$addActivateAndWindowsCliListeners$1
20445:             1             16  com.intellij.idea.ApplicationLoader$addActivateAndWindowsCliListeners$2
20446:             1             16  com.intellij.idea.ApplicationLoader$addActivateAndWindowsCliListeners$3
20447:             1             16  com.intellij.idea.ApplicationLoader$callAppInitialized$1
20448:             1             16  com.intellij.idea.ApplicationLoader$preloadServices$1
20449:             1             16  com.intellij.idea.ApplicationLoader$registerRegistryAndInitStore$1$future$1
20450:             1             16  com.intellij.idea.ApplicationLoader$startApp$4
20451:             1             16  com.intellij.idea.ApplicationLoader$startApp$5
20452:             1             16  com.intellij.idea.ApplicationLoader$startApp$9
20453:             1             16  com.intellij.idea.ApplicationLoader$startApp$edtExecutor$1
20454:             1             16  com.intellij.idea.IdeStarter$Companion
20455:             1             16  com.intellij.idea.IdeStarter$main$4
20456:             1             16  com.intellij.idea.IdeStarterKt$postOpenUiTasks$1
20457:             1             16  com.intellij.idea.IdeStarterKt$postOpenUiTasks$3
20458:             1             16  com.intellij.idea.IdeStarterKt$postOpenUiTasks$4$1
20459:             1             16  com.intellij.idea.IdeaLogger$$Lambda$97/0x000000080022d040
20460:             1             16  com.intellij.idea.IdeaLogger$$Lambda$98/0x000000080022d440
20461:             1             16  com.intellij.idea.LoggerFactory
20462:             1             16  com.intellij.idea.MainImpl
20463:             1             16  com.intellij.idea.SocketLock$$Lambda$92/0x000000080022f040
20464:             1             16  com.intellij.idea.StartupUtil$$Lambda$100/0x000000080022cc40
20465:             1             16  com.intellij.idea.StartupUtil$$Lambda$108/0x000000080022a040
20466:             1             16  com.intellij.idea.StartupUtil$$Lambda$69/0x00000008001df040
20467:             1             16  com.intellij.idea.StartupUtil$$Lambda$72/0x00000008001de440
20468:             1             16  com.intellij.idea.StartupUtil$$Lambda$74/0x00000008001ddc40
20469:             1             16  com.intellij.idea.StartupUtil$$Lambda$94/0x000000080022ec40
20470:             1             16  com.intellij.internal.DebugAttachDetector$$Lambda$477/0x0000000800574840
20471:             1             16  com.intellij.internal.retype.RetypeEditorNotificationProvider
20472:             1             16  com.intellij.internal.statistic.EventLogApplicationLifecycleListener
20473:             1             16  com.intellij.internal.statistic.IdeActivity$Companion
20474:             1             16  com.intellij.internal.statistic.IdeActivity$started$1
20475:             1             16  com.intellij.internal.statistic.collectors.fus.actions.persistence.ActionsCollectorImpl
20476:             1             16  com.intellij.internal.statistic.collectors.fus.fileTypes.FileTypeUsageCounterCollector$MyAnActionListener
20477:             1             16  com.intellij.internal.statistic.collectors.fus.fileTypes.FileTypeUsageCounterCollector$MyFileEditorManagerListener
20478:             1             16  com.intellij.internal.statistic.collectors.fus.project.ProjectFsStatsCollector
20479:             1             16  com.intellij.internal.statistic.eventLog.EmptyStatisticsEventLogger
20480:             1             16  com.intellij.internal.statistic.eventLog.EventLogConfiguration
20481:             1             16  com.intellij.internal.statistic.eventLog.EventLogConfiguration$build$2
20482:             1             16  com.intellij.internal.statistic.eventLog.FeatureUsageData$Companion
20483:             1             16  com.intellij.internal.statistic.eventLog.ShortcutDataProvider$$Lambda$1594/0x0000000801582c40
20484:             1             16  com.intellij.internal.statistic.eventLog.fus.FeatureUsageLogger
20485:             1             16  com.intellij.internal.statistic.fileTypes.UpdateComponentEditorListener
20486:             1             16  com.intellij.internal.statistic.fileTypes.UpdateComponentEditorListener$Companion
20487:             1             16  com.intellij.internal.statistic.local.ActionsLocalSummary
20488:             1             16  com.intellij.internal.statistic.local.ActionsLocalSummaryListener
20489:             1             16  com.intellij.internal.statistic.notification.StatisticsNotificationManagerImpl
20490:             1             16  com.intellij.internal.statistic.service.fus.collectors.FUCounterUsageLogger
20491:             1             16  com.intellij.internal.statistic.service.fus.collectors.FUCounterUsageLogger$$Lambda$705/0x000000080089b040
20492:             1             16  com.intellij.internal.statistic.service.fus.collectors.FUCounterUsageLogger$1
20493:             1             16  com.intellij.internal.statistic.toolwindow.StatisticsEventLogToolWindowFactory
20494:             1             16  com.intellij.internal.statistic.toolwindow.StatisticsEventLogToolWindowFactory$Companion
20495:             1             16  com.intellij.internal.statistic.updater.StatisticsJobsScheduler$$Lambda$691/0x000000080089f040
20496:             1             16  com.intellij.internal.statistic.updater.StatisticsJobsScheduler$$Lambda$692/0x000000080089f440
20497:             1             16  com.intellij.internal.statistic.updater.StatisticsJobsScheduler$$Lambda$694/0x000000080089ec40
20498:             1             16  com.intellij.internal.statistic.updater.StatisticsJobsScheduler$$Lambda$696/0x000000080089d840
20499:             1             16  com.intellij.internal.statistic.utils.StatisticsUtil
20500:             1             16  com.intellij.internal.statistic.utils.StatisticsUtilKt$pluginIdsFromOfficialJbPluginRepo$1
20501:             1             16  com.intellij.j2ee.appServerIntegrations.impl.ApplicationServersManagerImpl$1
20502:             1             16  com.intellij.j2ee.appServerIntegrations.impl.ApplicationServersManagerImpl$ApplicationServersLibraryTableListener
20503:             1             16  com.intellij.j2ee.openapi.impl.AppServerIntegrationsManagerImpl
20504:             1             16  com.intellij.j2ee.web.WebProjectComponent
20505:             1             16  com.intellij.j2ee.web.WebProjectComponent$$Lambda$1756/0x000000080176c440
20506:             1             16  com.intellij.j2ee.web.WebProjectComponent$$Lambda$4518/0x000000080290c040
20507:             1             16  com.intellij.j2ee.web.WebReferenceContributor
20508:             1             16  com.intellij.j2ee.web.WebReferenceContributor$1
20509:             1             16  com.intellij.j2ee.web.WebReferenceContributor$2
20510:             1             16  com.intellij.j2ee.web.WebReferenceContributor$ServletPushPublisherPsiReferenceProvider
20511:             1             16  com.intellij.j2ee.web.jsr45.JSR45ServerManager
20512:             1             16  com.intellij.j2ee.webSphere.applicationServer.WebSphereResources
20513:             1             16  com.intellij.j2ee.webSphere.configuration.LooseAppBuildTaskRunner
20514:             1             16  com.intellij.j2ee.webSphere.deploymentSource.LooseApplicationDeploymentSourceType
20515:             1             16  com.intellij.jam.JamDeclarationSearcher
20516:             1             16  com.intellij.jam.model.common.CommonModelIconProvider
20517:             1             16  com.intellij.jam.model.common.CommonModelManagerImpl$$Lambda$674/0x0000000800871840
20518:             1             16  com.intellij.jam.model.common.CommonModelManagerImpl$1
20519:             1             16  com.intellij.jarRepository.RepositoryLibrarySynchronizer
20520:             1             16  com.intellij.jarRepository.RepositoryLibrarySynchronizer$$Lambda$2299/0x0000000801a36840
20521:             1             16  com.intellij.jarRepository.RepositoryLibrarySynchronizer$$Lambda$2301/0x0000000801a37040
20522:             1             16  com.intellij.jarRepository.RepositoryLibrarySynchronizer$$Lambda$2304/0x0000000801a37c40
20523:             1             16  com.intellij.jarRepository.RepositoryLibraryType
20524:             1             16  com.intellij.jarRepository.RepositoryLibraryType$1
20525:             1             16  com.intellij.javaee.ExternalResourceManagerExImpl$$Lambda$2383/0x0000000801abd040
20526:             1             16  com.intellij.javaee.ExternalResourceManagerExImpl$$Lambda$2384/0x0000000801abd440
20527:             1             16  com.intellij.javaee.ExternalResourceManagerExImpl$$Lambda$2386/0x0000000801abdc40
20528:             1             16  com.intellij.javaee.ExternalResourcesRootsProvider
20529:             1             16  com.intellij.javaee.ExternalResourcesRootsProvider$$Lambda$2380/0x0000000801abc440
20530:             1             16  com.intellij.javaee.InternalResourceProvider
20531:             1             16  com.intellij.javaee.JavaeeCodeStyleSettingsProvider
20532:             1             16  com.intellij.javaee.JavaeeFacetFileType
20533:             1             16  com.intellij.javaee.JavaeeResourceProvider
20534:             1             16  com.intellij.javaee.PsiExternalResourceNotifier
20535:             1             16  com.intellij.javaee.PsiExternalResourceNotifier$$Lambda$1665/0x0000000801716c40
20536:             1             16  com.intellij.javaee.appServers.ApplicationServerParameterFactory
20537:             1             16  com.intellij.javaee.appServers.library.AppServerFrameworkLibraryType
20538:             1             16  com.intellij.javaee.appServers.library.AppServerFrameworkLibraryType$1
20539:             1             16  com.intellij.javaee.appServers.supportProvider.AppServerFrameworkType
20540:             1             16  com.intellij.javaee.application.framework.JavaeeApplicationFrameworkType
20541:             1             16  com.intellij.javaee.deployment.DeployAction$$Lambda$1196/0x0000000800f2a040
20542:             1             16  com.intellij.javaee.facet.JavaeeFacetUtilImpl
20543:             1             16  com.intellij.javaee.facet.JavaeeFrameworkSupportCommunicator
20544:             1             16  com.intellij.javaee.framework.JavaeeFrameworkGroup
20545:             1             16  com.intellij.javaee.framework.JavaeeProjectCategory
20546:             1             16  com.intellij.javaee.module.view.FrameworksSelectInTarget
20547:             1             16  com.intellij.javaee.module.view.ejb.actions.AbstractCreateEjbAction$$Lambda$1059/0x0000000800c86840
20548:             1             16  com.intellij.javaee.module.view.ejb.actions.CreateInterceptorAction$$Lambda$1060/0x0000000800c86c40
20549:             1             16  com.intellij.javaee.oss.glassfish.server.GlassfishResources
20550:             1             16  com.intellij.javaee.oss.jboss.server.JBossResources
20551:             1             16  com.intellij.javaee.oss.jetty.server.JettyResources
20552:             1             16  com.intellij.javaee.run.configuration.J2EEConfigurationFactoryImpl
20553:             1             16  com.intellij.javaee.toolwindow.view.JavaeeLibrarySearcher
20554:             1             16  com.intellij.javaee.view.JavaeeRunDashboardDefaultTypesProvider
20555:             1             16  com.intellij.javaee.view.ServersConfigManager$1
20556:             1             16  com.intellij.javaee.view.ServersConfigManager$2
20557:             1             16  com.intellij.javaee.view.ServersConfigManager$3
20558:             1             16  com.intellij.javaee.view.ServersConfigManager$4
20559:             1             16  com.intellij.javaee.web.WebXmlVersionParameterFactory
20560:             1             16  com.intellij.javaee.web.framework.WebFrameworkType
20561:             1             16  com.intellij.javaee.weblogic.CreateEjbIntention
20562:             1             16  com.intellij.javaee.weblogic.WeblogicPsiElementsProvider
20563:             1             16  com.intellij.javaee.weblogic.appServerIntegration.WeblogicResourceProvider
20564:             1             16  com.intellij.javaee.weblogic.dataSource.WebLogicDataSourceDetector
20565:             1             16  com.intellij.javahttp.HttpPathReferenceInjector
20566:             1             16  com.intellij.javahttp.HttpUrlReferenceInjector
20567:             1             16  com.intellij.javahttp.WSUrlReferenceInjector
20568:             1             16  com.intellij.javahttp.okhttp.OkHttpUtils
20569:             1             16  com.intellij.javahttp.okhttp.OkHttpUtils$isAvailable$1
20570:             1             16  com.intellij.javahttp.okhttp.OkHttpViewProvider
20571:             1             16  com.intellij.javahttp.retrofit.RetrofitModel
20572:             1             16  com.intellij.javahttp.retrofit.RetrofitModel$isAvailable$1
20573:             1             16  com.intellij.javahttp.retrofit.RetrofitViewProvider
