正在执行...
2021-06-01T14:39:53.061-0800: [GC (Allocation Failure) 2021-06-01T14:39:53.061-0800: [DefNew: 139776K->17472K(157248K), 0.0323104 secs] 139776K->43063K(506816K), 0.0323600 secs] [Times: user=0.02 sys=0.01, real=0.03 secs]
2021-06-01T14:39:53.127-0800: [GC (Allocation Failure) 2021-06-01T14:39:53.127-0800: [DefNew: 157175K->17470K(157248K), 0.0448474 secs] 182766K->84704K(506816K), 0.0449219 secs] [Times: user=0.02 sys=0.02, real=0.05 secs]
2021-06-01T14:39:53.197-0800: [GC (Allocation Failure) 2021-06-01T14:39:53.197-0800: [DefNew: 156858K->17469K(157248K), 0.0411559 secs] 224092K->127492K(506816K), 0.0412083 secs] [Times: user=0.02 sys=0.02, real=0.04 secs]
2021-06-01T14:39:53.269-0800: [GC (Allocation Failure) 2021-06-01T14:39:53.269-0800: [DefNew: 157245K->17471K(157248K), 0.0415228 secs] 267268K->176511K(506816K), 0.0415676 secs] [Times: user=0.03 sys=0.02, real=0.05 secs]
2021-06-01T14:39:53.340-0800: [GC (Allocation Failure) 2021-06-01T14:39:53.340-0800: [DefNew: 157247K->17471K(157248K), 0.0427043 secs] 316287K->220459K(506816K), 0.0427482 secs] [Times: user=0.03 sys=0.02, real=0.04 secs]
2021-06-01T14:39:53.409-0800: [GC (Allocation Failure) 2021-06-01T14:39:53.409-0800: [DefNew: 157192K->17468K(157248K), 0.0426689 secs] 360179K->268581K(506816K), 0.0427224 secs] [Times: user=0.02 sys=0.01, real=0.05 secs]
2021-06-01T14:39:53.483-0800: [GC (Allocation Failure) 2021-06-01T14:39:53.483-0800: [DefNew: 157244K->17471K(157248K), 0.0384216 secs] 408357K->315408K(506816K), 0.0384972 secs] [Times: user=0.03 sys=0.02, real=0.04 secs]
2021-06-01T14:39:53.545-0800: [GC (Allocation Failure) 2021-06-01T14:39:53.545-0800: [DefNew: 157247K->157247K(157248K), 0.0000202 secs]2021-06-01T14:39:53.545-0800: [Tenured: 297937K->267644K(349568K), 0.0632688 secs] 455184K->267644K(506816K), [Metaspace: 2578K->2578K(1056768K)], 0.0633515 secs] [Times: user=0.06 sys=0.00, real=0.06 secs]
2021-06-01T14:39:53.640-0800: [GC (Allocation Failure) 2021-06-01T14:39:53.640-0800: [DefNew: 139431K->17471K(157248K), 0.0098178 secs] 407075K->307470K(506816K), 0.0098761 secs] [Times: user=0.01 sys=0.00, real=0.01 secs]
2021-06-01T14:39:53.679-0800: [GC (Allocation Failure) 2021-06-01T14:39:53.679-0800: [DefNew: 157247K->17471K(157248K), 0.0361284 secs] 447246K->355550K(506816K), 0.0361902 secs] [Times: user=0.02 sys=0.02, real=0.04 secs]
2021-06-01T14:39:53.749-0800: [GC (Allocation Failure) 2021-06-01T14:39:53.749-0800: [DefNew: 157247K->157247K(157248K), 0.0000274 secs]2021-06-01T14:39:53.749-0800: [Tenured: 338078K->296290K(349568K), 0.0633331 secs] 495326K->296290K(506816K), [Metaspace: 2578K->2578K(1056768K)], 0.0634389 secs] [Times: user=0.06 sys=0.00, real=0.07 secs]
2021-06-01T14:39:53.841-0800: [GC (Allocation Failure) 2021-06-01T14:39:53.841-0800: [DefNew: 139776K->139776K(157248K), 0.0000205 secs]2021-06-01T14:39:53.841-0800: [Tenured: 296290K->306133K(349568K), 0.0711735 secs] 436066K->306133K(506816K), [Metaspace: 2578K->2578K(1056768K)], 0.0712748 secs] [Times: user=0.07 sys=0.00, real=0.07 secs]
2021-06-01T14:39:53.944-0800: [GC (Allocation Failure) 2021-06-01T14:39:53.945-0800: [DefNew: 139776K->139776K(157248K), 0.0000481 secs]2021-06-01T14:39:53.945-0800: [Tenured: 306133K->306847K(349568K), 0.0762660 secs] 445909K->306847K(506816K), [Metaspace: 2578K->2578K(1056768K)], 0.0764638 secs] [Times: user=0.07 sys=0.00, real=0.08 secs]
 ִ执行结束！共生成对象次数:6945
Heap
 def new generation   total 157248K, used 5693K [0x00000007a0000000, 0x00000007aaaa0000, 0x00000007aaaa0000)
  eden space 139776K,   4% used [0x00000007a0000000, 0x00000007a058f448, 0x00000007a8880000)
  from space 17472K,   0% used [0x00000007a9990000, 0x00000007a9990000, 0x00000007aaaa0000)
  to   space 17472K,   0% used [0x00000007a8880000, 0x00000007a8880000, 0x00000007a9990000)
 tenured generation   total 349568K, used 306847K [0x00000007aaaa0000, 0x00000007c0000000, 0x00000007c0000000)
   the space 349568K,  87% used [0x00000007aaaa0000, 0x00000007bd647dd8, 0x00000007bd647e00, 0x00000007c0000000)
 Metaspace       used 2585K, capacity 4486K, committed 4864K, reserved 1056768K
  class space    used 278K, capacity 386K, committed 512K, reserved 1048576K