正在执行...
2021-06-01T14:42:12.522-0800: [GC (Allocation Failure) 2021-06-01T14:42:12.522-0800: [DefNew: 559232K->69888K(629120K), 0.1078799 secs] 559232K->150704K(2027264K), 0.1079250 secs] [Times: user=0.06 sys=0.05, real=0.11 secs]
2021-06-01T14:42:12.753-0800: [GC (Allocation Failure) 2021-06-01T14:42:12.753-0800: [DefNew: 629120K->69888K(629120K), 0.1630934 secs] 709936K->262641K(2027264K), 0.1631978 secs] [Times: user=0.08 sys=0.07, real=0.16 secs]
2021-06-01T14:42:13.032-0800: [GC (Allocation Failure) 2021-06-01T14:42:13.032-0800: [DefNew: 629120K->69887K(629120K), 0.1195004 secs] 821873K->378576K(2027264K), 0.1195487 secs] [Times: user=0.07 sys=0.04, real=0.12 secs]
 ִ执行结束！共生成对象次数:6707
Heap
 def new generation   total 629120K, used 185647K [0x0000000740000000, 0x000000076aaa0000, 0x000000076aaa0000)
  eden space 559232K,  20% used [0x0000000740000000, 0x000000074710be68, 0x0000000762220000)
  from space 69888K,  99% used [0x0000000766660000, 0x000000076aa9fff0, 0x000000076aaa0000)
  to   space 69888K,   0% used [0x0000000762220000, 0x0000000762220000, 0x0000000766660000)
 tenured generation   total 1398144K, used 308688K [0x000000076aaa0000, 0x00000007c0000000, 0x00000007c0000000)
   the space 1398144K,  22% used [0x000000076aaa0000, 0x000000077d8140f8, 0x000000077d814200, 0x00000007c0000000)
 Metaspace       used 2585K, capacity 4486K, committed 4864K, reserved 1056768K
  class space    used 278K, capacity 386K, committed 512K, reserved 1048576K