No dump file specified
 num     #instances         #bytes  class name (module)
-------------------------------------------------------
   1:        250891       56645712  [B (java.base@14.0.1)
   2:          8475        6616224  [I (java.base@14.0.1)
   3:        149664        3591936  java.lang.String (java.base@14.0.1)
   4:          1603        2742864  [C (java.base@14.0.1)
   5:         23684        2084192  java.lang.reflect.Method (java.base@14.0.1)
   6:         21041        1346624  java.net.URL (java.base@14.0.1)
   7:         40363        1291616  org.springframework.boot.loader.jar.StringSequence
   8:         31181        1247240  java.util.LinkedHashMap$Entry (java.base@14.0.1)
   9:          9926        1180744  java.lang.Class (java.base@14.0.1)
  10:         36089        1154848  java.util.concurrent.ConcurrentHashMap$Node (java.base@14.0.1)
  11:         15290        1005280  [Ljava.util.HashMap$Node; (java.base@14.0.1)
  12:         16142         903952  java.util.LinkedHashMap (java.base@14.0.1)
  13:         12654         767272  [Ljava.lang.Object; (java.base@14.0.1)
  14:         33289         734336  [Ljava.lang.Class; (java.base@14.0.1)
  15:         22553         721696  java.util.HashMap$Node (java.base@14.0.1)
  16:          8153         587016  java.lang.reflect.Field (java.base@14.0.1)
  17:         24307         583368  java.lang.StringBuilder (java.base@14.0.1)
  18:         19671         472104  org.springframework.boot.loader.jar.JarURLConnection$JarEntryName
  19:          8000         384000  org.springframework.util.ConcurrentReferenceHashMap$SoftEntryReference
  20:           407         352336  [Ljava.util.concurrent.ConcurrentHashMap$Node; (java.base@14.0.1)
  21:         21936         350976  java.lang.Object (java.base@14.0.1)
  22:          5223         250704  org.springframework.core.ResolvableType
  23:          1017         245104  [J (java.base@14.0.1)
  24:          4911         179160  [Ljava.lang.String; (java.base@14.0.1)
  25:          2434         175248  org.springframework.core.annotation.AnnotationAttributes
  26:          2964         166416  [Ljava.lang.reflect.Method; (java.base@14.0.1)
  27:          2012         160960  java.lang.reflect.Constructor (java.base@14.0.1)
  28:          3966         158640  java.lang.ref.SoftReference (java.base@14.0.1)
  29:          1243         149160  org.springframework.boot.loader.jar.JarEntry
  30:          2230         142720  java.lang.Class$ReflectionData (java.base@14.0.1)
  31:          5685         136440  org.springframework.util.ConcurrentReferenceHashMap$Entry
  32:          3408         136320  java.util.TreeMap$Entry (java.base@14.0.1)
  33:           750         132000  org.springframework.context.annotation.ConfigurationClassBeanDefinitionReader$ConfigurationClassBeanDefinition
  34:          5444         130656  java.util.ArrayList (java.base@14.0.1)
  35:          2667         128016  java.util.HashMap (java.base@14.0.1)
  36:          1204          96320  org.springframework.boot.loader.jar.JarURLConnection
  37:          2878          92096  java.util.LinkedList (java.base@14.0.1)
  38:          2869          91808  java.lang.ref.WeakReference (java.base@14.0.1)
  39:          1890          90720  java.lang.invoke.MemberName (java.base@14.0.1)
  40:          1119          90448  [Lorg.springframework.util.ConcurrentReferenceHashMap$Reference;
  41:          1601          89656  jdk.internal.org.objectweb.asm.SymbolTable$Entry (java.base@14.0.1)
  42:          3687          88488  java.util.LinkedList$Node (java.base@14.0.1)
  43:           506          85008  org.springframework.beans.factory.support.RootBeanDefinition
  44:          1254          80256  org.springframework.core.MethodParameter
  45:          1493          71664  sun.util.locale.LocaleObjectCache$CacheEntry (java.base@14.0.1)
  46:           878          70680  [S (java.base@14.0.1)
  47:          1710          68400  java.lang.invoke.MethodType (java.base@14.0.1)
  48:          4198          67168  java.util.LinkedHashSet (java.base@14.0.1)
  49:          4171          66736  org.springframework.core.annotation.AnnotationUtils$DefaultValueHolder
  50:          4127          66032  java.util.jar.Attributes (java.base@14.0.1)
  51:          1246          53896  [Ljava.lang.reflect.Field; (java.base@14.0.1)
  52:           730          53752  [Lorg.springframework.boot.context.properties.source.ConfigurationPropertyName$ElementType;
  53:          3136          50176  java.util.LinkedHashMap$LinkedEntrySet (java.base@14.0.1)
  54:           780          49920  java.util.concurrent.ConcurrentHashMap (java.base@14.0.1)
  55:          3105          49680  java.lang.Integer (java.base@14.0.1)
  56:          1025          49200  org.apache.tomcat.util.modeler.AttributeInfo
  57:          1494          47808  org.springframework.boot.loader.jar.AsciiBytes
  58:          1990          47760  sun.reflect.annotation.AnnotationInvocationHandler (java.base@14.0.1)
  59:            52          47488  [Ljdk.internal.org.objectweb.asm.SymbolTable$Entry; (java.base@14.0.1)
  60:          1471          47072  java.lang.invoke.MethodType$ConcurrentWeakInternSet$WeakEntry (java.base@14.0.1)
  61:          1850          44400  sun.reflect.generics.tree.SimpleClassTypeSignature (java.base@14.0.1)
  62:          1376          44032  org.springframework.core.SerializableTypeWrapper$MethodParameterTypeProvider
  63:           898          43104  jdk.internal.ref.CleanerImpl$PhantomCleanableRef (java.base@14.0.1)
  64:          1571          37704  java.lang.invoke.ResolvedMethodName (java.base@14.0.1)
  65:          1576          36416  [Ljava.lang.reflect.Constructor; (java.base@14.0.1)
  66:          1514          36336  org.springframework.beans.BeanMetadataAttribute
  67:          1132          36224  java.util.concurrent.locks.ReentrantLock$NonfairSync (java.base@14.0.1)
  68:          2258          36128  org.springframework.core.ResolvableType$DefaultVariableResolver
  69:          1601          35904  [Ljava.lang.reflect.Type; (java.base@14.0.1)
  70:           933          34824  [Ljava.lang.CharSequence; (java.base@14.0.1)
  71:          1867          34400  [Lsun.reflect.generics.tree.TypeArgument; (java.base@14.0.1)
  72:          1072          34304  java.lang.ref.ReferenceQueue (java.base@14.0.1)
  73:           133          33672  [[C (java.base@14.0.1)
  74:          1312          32984  [Ljava.lang.annotation.Annotation; (java.base@14.0.1)
  75:          1366          32784  java.util.jar.Attributes$Name (java.base@14.0.1)
  76:           816          32640  org.springframework.util.ConcurrentReferenceHashMap$Segment
  77:           998          31936  java.util.Hashtable$Entry (java.base@14.0.1)
  78:           954          30528  java.util.LinkedHashMap$LinkedEntryIterator (java.base@14.0.1)
  79:          1233          29592  java.lang.Class$AnnotationData (java.base@14.0.1)
  80:          1823          29168  java.util.LinkedHashMap$LinkedKeySet (java.base@14.0.1)
  81:          1804          28864  sun.reflect.generics.tree.ClassTypeSignature (java.base@14.0.1)
  82:           718          28720  org.springframework.boot.context.properties.source.ConfigurationPropertyName$Elements
  83:           893          28576  java.lang.invoke.DirectMethodHandle (java.base@14.0.1)
  84:           591          28368  java.util.concurrent.locks.ReentrantReadWriteLock$NonfairSync (java.base@14.0.1)
  85:           125          28000  jdk.internal.org.objectweb.asm.MethodWriter (java.base@14.0.1)
  86:           853          27296  java.lang.invoke.LambdaForm$Name (java.base@14.0.1)
  87:           829          26528  org.springframework.asm.Type
  88:          1084          26016  jdk.internal.reflect.NativeConstructorAccessorImpl (java.base@14.0.1)
  89:           520          24960  ch.qos.logback.classic.Logger
  90:          1216          24672  [Lorg.springframework.core.ResolvableType;
  91:           765          24480  java.util.Locale (java.base@14.0.1)
  92:           764          24448  sun.util.locale.BaseLocale (java.base@14.0.1)
  93:           431          24136  org.springframework.asm.Label
  94:           375          24064  [Ljava.util.Hashtable$Entry; (java.base@14.0.1)
  95:           599          23960  java.lang.Package$VersionInfo (java.base@14.0.1)
  96:           745          23840  sun.util.locale.BaseLocale$Key (java.base@14.0.1)
  97:           720          23040  java.lang.Package (java.base@14.0.1)
  98:           360          23040  java.util.zip.Inflater (java.base@14.0.1)
  99:           406          22736  org.springframework.asm.SymbolTable$Entry
 100:           463          22224  org.apache.tomcat.util.modeler.OperationInfo
 101:           926          22224  org.springframework.cglib.core.Signature
 102:           395          22120  sun.util.calendar.ZoneInfo (java.base@14.0.1)
 103:           324          22032  [Ljava.lang.ref.SoftReference; (java.base@14.0.1)
 104:           306          22032  org.springframework.core.type.classreading.AnnotationMetadataReadingVisitor
 105:           550          22000  java.util.StringJoiner (java.base@14.0.1)
 106:           816          19584  org.springframework.util.ConcurrentReferenceHashMap$ReferenceManager
 107:           798          19152  java.util.Collections$UnmodifiableCollection$1 (java.base@14.0.1)
 108:           597          19104  org.springframework.boot.loader.data.RandomAccessDataFile
 109:          1184          18944  java.util.HashSet (java.base@14.0.1)
 110:           338          18928  org.springframework.core.type.classreading.MethodMetadataReadingVisitor
 111:           589          18848  javax.management.MBeanAttributeInfo (java.management@14.0.1)
 112:          1164          18624  java.util.LinkedHashMap$LinkedValues (java.base@14.0.1)
 113:           579          18528  java.util.LinkedHashMap$LinkedKeyIterator (java.base@14.0.1)
 114:          1129          18064  jdk.internal.reflect.DelegatingConstructorAccessorImpl (java.base@14.0.1)
 115:           375          18000  java.util.Hashtable (java.base@14.0.1)
 116:           750          18000  org.springframework.beans.factory.annotation.InjectionMetadata
 117:           717          17208  org.springframework.boot.context.properties.source.ConfigurationPropertyName
 118:          1074          17184  java.lang.ref.ReferenceQueue$Lock (java.base@14.0.1)
 119:           716          17184  org.springframework.boot.context.properties.source.PropertyMapping
 120:           358          17184  org.springframework.boot.loader.jar.ZipInflaterInputStream
 121:           659          17048  [Lorg.springframework.asm.Type;
 122:           699          16776  java.util.zip.Inflater$InflaterZStreamRef (java.base@14.0.1)
 123:           698          16752  org.apache.commons.logging.LogAdapter$Slf4jLocationAwareLog
 124:           513          16416  java.util.ArrayList$Itr (java.base@14.0.1)
 125:           287          16072  java.beans.MethodDescriptor (java.desktop@14.0.1)
 126:            81          15960  [Z (java.base@14.0.1)
 127:           140          15680  org.springframework.beans.factory.annotation.AnnotatedGenericBeanDefinition
 128:           647          15528  java.beans.MethodRef (java.desktop@14.0.1)
 129:           384          15360  java.security.CodeSource (java.base@14.0.1)
 130:           616          14784  sun.reflect.generics.factory.CoreReflectionFactory (java.base@14.0.1)
 131:           366          14640  org.springframework.beans.factory.annotation.InitDestroyAnnotationBeanPostProcessor$LifecycleMetadata
 132:           255          14280  java.util.concurrent.ConcurrentHashMap$KeyIterator (java.base@14.0.1)
 133:           592          14208  java.util.concurrent.locks.ReentrantReadWriteLock (java.base@14.0.1)
 134:           881          14096  java.util.Collections$UnmodifiableSet (java.base@14.0.1)
 135:           352          14080  java.lang.ClassNotFoundException (java.base@14.0.1)
 136:           245          13720  jdk.internal.org.objectweb.asm.Label (java.base@14.0.1)
 137:           425          13600  sun.reflect.generics.repository.ClassRepository (java.base@14.0.1)
 138:           560          13440  sun.reflect.generics.reflectiveObjects.ParameterizedTypeImpl (java.base@14.0.1)
 139:           156          13376  [Ljava.util.WeakHashMap$Entry; (java.base@14.0.1)
 140:           766          13352  [Ljava.lang.reflect.TypeVariable; (java.base@14.0.1)
 141:           278          13344  java.util.TreeMap (java.base@14.0.1)
 142:           554          13296  org.springframework.boot.autoconfigure.condition.ConditionEvaluationReport$ConditionAndOutcome
 143:           554          13296  org.springframework.boot.autoconfigure.condition.ConditionOutcome
 144:           530          12720  jdk.internal.reflect.NativeMethodAccessorImpl (java.base@14.0.1)
 145:           315          12600  javax.management.MBeanOperationInfo (java.management@14.0.1)
 146:           120          12480  org.springframework.boot.loader.jar.JarFile
 147:           518          12432  sun.reflect.generics.scope.ClassScope (java.base@14.0.1)
 148:           383          12256  org.springframework.cglib.proxy.MethodProxy
 149:           503          12072  org.springframework.core.annotation.AnnotationUtils$AnnotationCacheKey
 150:           501          12024  java.util.concurrent.CopyOnWriteArrayList (java.base@14.0.1)
 151:           250          12000  org.springframework.asm.Frame
 152:           368          11776  java.util.RegularEnumSet (java.base@14.0.1)
 153:           361          11552  org.springframework.cglib.proxy.MethodProxy$CreateInfo
 154:           341          10912  jdk.internal.math.FDBigInteger (java.base@14.0.1)
 155:           340          10880  org.springframework.beans.BeanWrapperImpl$BeanPropertyHandler
 156:           216          10712  [Ljava.lang.invoke.LambdaForm$Name; (java.base@14.0.1)
 157:           661          10576  org.springframework.util.LinkedMultiValueMap
 158:           436          10464  java.time.LocalDateTime (java.base@14.0.1)
 159:           425          10200  sun.reflect.generics.tree.ClassSignature (java.base@14.0.1)
 160:           418          10032  java.time.LocalDate (java.base@14.0.1)
 161:           208           9984  java.lang.invoke.LambdaForm (java.base@14.0.1)
 162:           305           9760  org.apache.tomcat.util.modeler.ParameterInfo
 163:           406           9744  java.time.LocalTime (java.base@14.0.1)
 164:           404           9696  org.springframework.beans.MutablePropertyValues
 165:           241           9640  java.lang.reflect.Parameter (java.base@14.0.1)
 166:           592           9472  java.util.concurrent.locks.ReentrantReadWriteLock$ReadLock (java.base@14.0.1)
 167:           592           9472  java.util.concurrent.locks.ReentrantReadWriteLock$Sync$ThreadLocalHoldCounter (java.base@14.0.1)
 168:           592           9472  java.util.concurrent.locks.ReentrantReadWriteLock$WriteLock (java.base@14.0.1)
 169:           463           9464  [Lorg.apache.tomcat.util.modeler.ParameterInfo;
 170:           168           9408  java.lang.Module (java.base@14.0.1)
 171:           536           9240  [Lsun.reflect.generics.tree.FormalTypeParameter; (java.base@14.0.1)
 172:           191           9168  org.springframework.beans.PropertyValue
 173:           570           9120  jdk.internal.reflect.DelegatingMethodAccessorImpl (java.base@14.0.1)
 174:           425           9088  [Lsun.reflect.generics.tree.ClassTypeSignature; (java.base@14.0.1)
 175:           557           8912  org.springframework.boot.autoconfigure.condition.ConditionMessage
 176:           278           8896  java.lang.invoke.LambdaForm$NamedFunction (java.base@14.0.1)
 177:           276           8832  jdk.internal.reflect.UnsafeStaticObjectFieldAccessorImpl (java.base@14.0.1)
 178:           121           8712  java.nio.DirectByteBufferR (java.base@14.0.1)
 179:           361           8664  java.lang.module.ModuleDescriptor$Exports (java.base@14.0.1)
 180:            98           8624  jdk.internal.reflect.DelegatingClassLoader (java.base@14.0.1)
 181:           269           8608  javax.management.MBeanParameterInfo (java.management@14.0.1)
 182:           358           8592  org.springframework.boot.loader.data.RandomAccessDataFile$DataInputStream
 183:           350           8400  org.springframework.asm.Edge
 184:           346           8304  com.fasterxml.jackson.databind.type.ClassKey
 185:           336           8064  org.springframework.core.convert.converter.GenericConverter$ConvertiblePair
 186:           249           7968  java.lang.invoke.BoundMethodHandle$Species_L (java.base@14.0.1)
 187:           162           7776  java.util.logging.LogManager$LoggerWeakRef (java.logging@14.0.1)
 188:            81           7776  org.springframework.beans.GenericTypeAwarePropertyDescriptor
 189:           120           7680  org.springframework.boot.loader.jar.JarFileEntries$1
 190:           318           7632  java.lang.Long (java.base@14.0.1)
 191:           317           7608  org.springframework.core.io.ClassPathResource
 192:           190           7600  org.springframework.boot.loader.jar.CentralDirectoryFileHeader
 193:           468           7488  org.springframework.boot.autoconfigure.condition.ConditionEvaluationReport$ConditionAndOutcomes
 194:           153           7344  java.util.WeakHashMap (java.base@14.0.1)
 195:           183           7320  java.security.ProtectionDomain (java.base@14.0.1)
 196:           183           7320  java.util.HashMap$EntryIterator (java.base@14.0.1)
 197:           302           7248  org.springframework.core.type.classreading.SimpleMetadataReader
 198:           338           7216  [Lsun.reflect.generics.tree.FieldTypeSignature; (java.base@14.0.1)
 199:           180           7200  java.util.WeakHashMap$Entry (java.base@14.0.1)
 200:            29           7192  [Ljava.net.URL; (java.base@14.0.1)
 201:           298           7152  org.springframework.context.event.GenericApplicationListenerAdapter
 202:            99           7128  java.beans.PropertyDescriptor (java.desktop@14.0.1)
 203:           295           7080  java.util.Arrays$ArrayItr (java.base@14.0.1)
 204:           294           7056  jdk.internal.loader.AbstractClassLoaderValue$Sub (java.base@14.0.1)
 205:           293           7032  java.util.Arrays$ArrayList (java.base@14.0.1)
 206:           293           7032  java.util.ImmutableCollections$Set12 (java.base@14.0.1)
 207:           174           6960  org.springframework.core.convert.Property
 208:           173           6920  io.micrometer.shaded.org.pcollections.IntTree
 209:           280           6720  jdk.internal.org.objectweb.asm.ByteVector (java.base@14.0.1)
 210:           164           6560  java.lang.invoke.DirectMethodHandle$Special (java.base@14.0.1)
 211:           205           6560  java.util.concurrent.locks.AbstractQueuedSynchronizer$ConditionNode (java.base@14.0.1)
 212:           409           6544  org.springframework.core.MethodParameter$$Lambda$164/0x0000000800c95040
 213:           265           6360  java.util.Collections$UnmodifiableRandomAccessList (java.base@14.0.1)
 214:           265           6360  org.springframework.core.convert.TypeDescriptor$AnnotatedElementAdapter
 215:           262           6288  org.springframework.core.convert.TypeDescriptor
 216:           195           6240  java.lang.invoke.MethodTypeForm (java.base@14.0.1)
 217:           254           6096  javax.management.ImmutableDescriptor (java.management@14.0.1)
 218:           190           6080  java.lang.ThreadLocal$ThreadLocalMap$Entry (java.base@14.0.1)
 219:           187           5984  org.springframework.cglib.proxy.MethodProxy$FastClassInfo
 220:           246           5904  java.net.URLClassLoader$1 (java.base@14.0.1)
 221:            43           5848  jdk.internal.org.objectweb.asm.ClassWriter (java.base@14.0.1)
 222:           120           5760  org.springframework.boot.loader.jar.JarFileEntries
 223:           177           5664  jdk.internal.loader.URLClassPath$Loader$1 (java.base@14.0.1)
 224:           103           5576  [Ljava.security.ProtectionDomain; (java.base@14.0.1)
 225:           203           5560  [Ljavax.management.ObjectName$Property; (java.management@14.0.1)
 226:           139           5560  org.springframework.cglib.proxy.Enhancer$EnhancerKey$$KeyFactoryByCGLIB$$4ce19e8f
 227:            15           5520  java.lang.Thread (java.base@14.0.1)
 228:           230           5520  org.springframework.boot.autoconfigure.condition.ConditionEvaluationReport$$Lambda$281/0x0000000800ddd040
 229:            83           5496  [Ljavax.management.MBeanAttributeInfo; (java.management@14.0.1)
 230:           219           5320  [Ljavax.management.MBeanParameterInfo; (java.management@14.0.1)
 231:           331           5296  org.springframework.core.convert.support.GenericConversionService$ConvertersForPair
 232:            94           5264  java.nio.HeapByteBuffer (java.base@14.0.1)
 233:           131           5240  java.util.IdentityHashMap (java.base@14.0.1)
 234:           163           5216  org.springframework.util.ConcurrentReferenceHashMap$1
 235:            63           5040  java.net.URI (java.base@14.0.1)
 236:           210           5040  javax.management.ObjectName$Property (java.management@14.0.1)
 237:           157           5024  com.sun.jmx.mbeanserver.ConvertingMethod (java.management@14.0.1)
 238:           157           5024  jdk.internal.reflect.UnsafeObjectFieldAccessorImpl (java.base@14.0.1)
 239:           311           4976  com.sun.proxy.$Proxy17
 240:           309           4944  java.lang.Byte (java.base@14.0.1)
 241:           103           4944  java.lang.StackTraceElement (java.base@14.0.1)
 242:           303           4848  jdk.internal.reflect.ConstantPool (java.base@14.0.1)
 243:           294           4704  java.util.HashMap$KeySet (java.base@14.0.1)
 244:           200           4696  [Ljava.lang.reflect.Parameter; (java.base@14.0.1)
 245:           194           4656  java.lang.PublicMethods$MethodList (java.base@14.0.1)
 246:           193           4632  java.time.Instant (java.base@14.0.1)
 247:             7           4600  [Lorg.springframework.asm.SymbolTable$Entry;
 248:           191           4584  org.hibernate.validator.internal.engine.constraintvalidation.ClassBasedValidatorDescriptor
 249:            52           4576  java.util.regex.Pattern (java.base@14.0.1)
 250:           190           4560  org.springframework.boot.context.properties.ConfigurationBeanFactoryMetadata$FactoryMetadata
 251:           189           4536  org.springframework.beans.AbstractNestablePropertyAccessor$PropertyTokenHolder
 252:            94           4512  com.sun.beans.util.Cache$Kind$Soft (java.desktop@14.0.1)
 253:            12           4512  org.apache.tomcat.util.threads.TaskThread
 254:            43           4472  org.springframework.beans.factory.support.GenericBeanDefinition
 255:           138           4416  org.springframework.cglib.core.WeakCacheKey
 256:           138           4416  org.springframework.cglib.proxy.Enhancer$EnhancerFactoryData
 257:           183           4392  java.util.regex.Pattern$BmpCharProperty (java.base@14.0.1)
 258:           137           4384  java.util.logging.LogManager$LogNode (java.logging@14.0.1)
 259:           135           4320  java.util.TreeMap$KeyIterator (java.base@14.0.1)
 260:           108           4320  org.springframework.util.ConcurrentReferenceHashMap$Segment$1
 261:           134           4288  org.springframework.core.convert.support.GenericConversionService$ConverterAdapter
 262:           133           4256  java.lang.module.ModuleDescriptor$Requires (java.base@14.0.1)
 263:           177           4248  java.security.SecureClassLoader$1 (java.base@14.0.1)
 264:           176           4224  org.springframework.boot.web.server.MimeMappings$Mapping
 265:           105           4200  java.io.ObjectStreamField (java.base@14.0.1)
 266:            75           4200  java.util.logging.Logger (java.logging@14.0.1)
 267:            40           4160  java.lang.invoke.InnerClassLambdaMetafactory (java.base@14.0.1)
 268:           172           4128  java.util.ImmutableCollections$SetN (java.base@14.0.1)
 269:             1           4112  [Ljava.nio.ByteBuffer; (java.base@14.0.1)
 270:           256           4096  java.lang.Short (java.base@14.0.1)
 271:            51           4080  [Lorg.springframework.util.ConcurrentReferenceHashMap$Segment;
 272:           127           4064  com.sun.org.apache.xerces.internal.xni.QName (java.xml@14.0.1)
 273:           254           4064  java.security.SecureClassLoader$CodeSourceKey (java.base@14.0.1)
 274:           113           4032  [Ljava.beans.PropertyDescriptor; (java.desktop@14.0.1)
 275:             1           4016  [Lorg.springframework.boot.actuate.audit.AuditEvent;
 276:           167           4008  jdk.internal.module.ServicesCatalog$ServiceProvider (java.base@14.0.1)
 277:           100           4000  java.util.HashMap$KeyIterator (java.base@14.0.1)
 278:           100           4000  sun.reflect.generics.repository.MethodRepository (java.base@14.0.1)
 279:           165           3976  [Lorg.springframework.util.ConcurrentReferenceHashMap$TaskOption;
 280:            62           3968  java.lang.module.ModuleDescriptor (java.base@14.0.1)
 281:           123           3936  java.util.Collections$SynchronizedMap (java.base@14.0.1)
 282:            82           3936  javax.management.MBeanInfo (java.management@14.0.1)
 283:            82           3936  jdk.internal.org.objectweb.asm.Frame (java.base@14.0.1)
 284:           244           3904  java.util.concurrent.locks.ReentrantLock (java.base@14.0.1)
 285:           121           3872  java.util.zip.ZipFile$CleanableResource (java.base@14.0.1)
 286:           161           3864  java.lang.PublicMethods$Key (java.base@14.0.1)
 287:            69           3864  java.lang.invoke.LambdaFormEditor$Transform (java.base@14.0.1)
 288:           241           3856  com.sun.proxy.$Proxy21
 289:           240           3840  java.util.jar.JarFile$1 (java.base@14.0.1)
 290:            60           3840  jdk.internal.org.objectweb.asm.FieldWriter (java.base@14.0.1)
 291:            68           3808  org.apache.tomcat.util.modeler.ManagedBean
 292:           157           3768  org.springframework.boot.autoconfigure.condition.OnBeanCondition
 293:           155           3720  java.util.concurrent.CopyOnWriteArrayList$COWIterator (java.base@14.0.1)
 294:            46           3696  [Ljava.lang.invoke.MethodHandle; (java.base@14.0.1)
 295:            92           3680  java.math.BigInteger (java.base@14.0.1)
 296:            39           3584  [Lorg.springframework.boot.context.properties.source.PropertyMapping;
 297:            64           3584  org.hibernate.validator.internal.util.ConcurrentReferenceHashMap$Segment
 298:           111           3552  sun.reflect.generics.tree.MethodTypeSignature (java.base@14.0.1)
 299:           144           3456  java.util.Collections$SetFromMap (java.base@14.0.1)
 300:            61           3416  jdk.internal.module.ModuleReferenceImpl (java.base@14.0.1)
 301:           168           3352  [Lcom.sun.jmx.mbeanserver.MXBeanMapping; (java.management@14.0.1)
 302:            83           3320  com.sun.management.internal.DiagnosticCommandArgumentInfo (jdk.management@14.0.1)
 303:            83           3320  io.micrometer.core.instrument.Meter$Id
 304:           129           3312  [Ljava.lang.annotation.ElementType; (java.base@14.0.1)
 305:           103           3296  java.util.Vector (java.base@14.0.1)
 306:            41           3280  org.springframework.beans.BeanWrapperImpl
 307:           202           3232  org.springframework.beans.factory.support.ConstructorResolver$AutowiredArgumentMarker
 308:           100           3200  java.lang.invoke.MethodHandles$Lookup (java.base@14.0.1)
 309:           100           3200  java.util.TreeMap$EntryIterator (java.base@14.0.1)
 310:            99           3168  javax.management.ObjectName (java.management@14.0.1)
 311:            79           3160  java.io.FilePermission (java.base@14.0.1)
 312:            49           3136  javax.management.openmbean.OpenMBeanAttributeInfoSupport (java.management@14.0.1)
 313:            14           3136  org.springframework.asm.MethodWriter
 314:            96           3072  sun.reflect.annotation.AnnotationType (java.base@14.0.1)
 315:            76           3040  java.util.logging.Logger$ConfigurationData (java.logging@14.0.1)
 316:           124           2976  org.springframework.boot.autoconfigure.condition.OnClassCondition
 317:            92           2944  sun.reflect.generics.reflectiveObjects.TypeVariableImpl (java.base@14.0.1)
 318:           183           2928  [Ljava.security.Principal; (java.base@14.0.1)
 319:           183           2928  java.security.ProtectionDomain$Key (java.base@14.0.1)
 320:            73           2920  [Ljavax.management.MBeanOperationInfo; (java.management@14.0.1)
 321:            73           2920  com.sun.beans.introspect.PropertyInfo (java.desktop@14.0.1)
 322:            91           2912  java.util.LinkedHashMap$LinkedValueIterator (java.base@14.0.1)
 323:            52           2912  java.util.stream.ReferencePipeline$Head (java.base@14.0.1)
 324:           120           2880  java.util.jar.Manifest (java.base@14.0.1)
 325:            45           2880  jdk.internal.org.objectweb.asm.SymbolTable (java.base@14.0.1)
 326:           119           2856  jdk.internal.loader.URLClassPath$Loader (java.base@14.0.1)
 327:           119           2856  org.springframework.boot.loader.jar.Handler
 328:           118           2832  java.util.concurrent.ConcurrentHashMap$MapEntry (java.base@14.0.1)
 329:            87           2784  java.util.Collections$UnmodifiableMap (java.base@14.0.1)
 330:           116           2784  sun.reflect.generics.visitor.Reifier (java.base@14.0.1)
 331:            43           2752  java.util.stream.ReferencePipeline$3 (java.base@14.0.1)
 332:            68           2720  java.lang.invoke.DirectMethodHandle$Accessor (java.base@14.0.1)
 333:            64           2688  [Lorg.hibernate.validator.internal.util.ConcurrentReferenceHashMap$HashEntry;
 334:            84           2688  sun.nio.fs.UnixPath (java.base@14.0.1)
 335:            37           2664  java.util.ResourceBundle$CacheKey (java.base@14.0.1)
 336:           111           2624  [Lsun.reflect.generics.tree.TypeSignature; (java.base@14.0.1)
 337:           163           2608  java.lang.ThreadLocal (java.base@14.0.1)
 338:            81           2592  java.security.Permissions (java.base@14.0.1)
 339:            81           2592  java.util.LinkedList$ListItr (java.base@14.0.1)
 340:           156           2496  java.util.HashMap$Values (java.base@14.0.1)
 341:            77           2464  io.micrometer.shaded.org.pcollections.ConsPStack
 342:            43           2456  [Ljava.beans.MethodDescriptor; (java.desktop@14.0.1)
 343:            38           2432  java.beans.Introspector (java.desktop@14.0.1)
 344:            76           2432  java.lang.invoke.MethodHandleNatives$CallSiteContext (java.base@14.0.1)
 345:           150           2400  org.springframework.expression.common.LiteralExpression
 346:           100           2400  sun.reflect.generics.scope.MethodScope (java.base@14.0.1)
 347:            99           2376  org.springframework.core.type.StandardAnnotationMetadata
 348:            74           2368  java.util.ResourceBundle$KeyElementReference (java.base@14.0.1)
 349:            49           2352  jdk.internal.org.objectweb.asm.AnnotationWriter (java.base@14.0.1)
 350:            98           2352  sun.reflect.generics.tree.FormalTypeParameter (java.base@14.0.1)
 351:            97           2328  java.util.AbstractMap$SimpleImmutableEntry (java.base@14.0.1)
 352:           145           2320  java.util.HashMap$EntrySet (java.base@14.0.1)
 353:            41           2296  java.security.Provider$Service (java.base@14.0.1)
 354:            95           2280  com.sun.beans.introspect.MethodInfo (java.desktop@14.0.1)
 355:            95           2280  java.security.Provider$ServiceKey (java.base@14.0.1)
 356:            56           2240  java.lang.invoke.DirectMethodHandle$Interface (java.base@14.0.1)
 357:            92           2208  sun.reflect.generics.parser.SignatureParser (java.base@14.0.1)
 358:           137           2192  com.sun.proxy.$Proxy13
 359:           136           2176  org.springframework.context.annotation.ConfigurationClassEnhancer$BeanFactoryAwareGeneratorStrategy
 360:           135           2160  java.util.TreeMap$EntrySet (java.base@14.0.1)
 361:            30           2160  javax.management.modelmbean.ModelMBeanInfoSupport (java.management@14.0.1)
 362:            89           2136  java.util.regex.Pattern$$Lambda$49/0x0000000800b8c440 (java.base@14.0.1)
 363:            53           2120  java.security.AccessControlContext (java.base@14.0.1)
 364:            66           2112  java.lang.invoke.LambdaForm$Kind (java.base@14.0.1)
 365:           129           2064  com.sun.proxy.$Proxy22
 366:            43           2064  java.beans.BeanDescriptor (java.desktop@14.0.1)
 367:           128           2048  java.lang.Character (java.base@14.0.1)
 368:            51           2040  org.springframework.util.ConcurrentReferenceHashMap
 369:            42           2016  com.sun.management.internal.DiagnosticCommandInfo (jdk.management@14.0.1)
 370:            84           2016  java.lang.ProcessEnvironment$Variable (java.base@14.0.1)
 371:            36           2016  java.util.concurrent.ConcurrentHashMap$ValueIterator (java.base@14.0.1)
 372:            83           1992  com.sun.jmx.mbeanserver.NamedObject (java.management@14.0.1)
 373:           122           1952  java.util.WeakHashMap$KeySet (java.base@14.0.1)
 374:            80           1920  java.util.Collections$SingletonList (java.base@14.0.1)
 375:            60           1920  java.util.TreeMap$ValueIterator (java.base@14.0.1)
 376:            60           1920  jdk.internal.loader.BuiltinClassLoader$LoadedModule (java.base@14.0.1)
 377:           119           1904  org.springframework.boot.loader.jar.JarFile$$Lambda$6/0x0000000800b70840
 378:           114           1824  com.sun.proxy.$Proxy1
 379:            45           1800  java.util.HashMap$ValueIterator (java.base@14.0.1)
 380:            75           1800  java.util.ImmutableCollections$List12 (java.base@14.0.1)
 381:            74           1776  java.io.FilePermissionCollection (java.base@14.0.1)
 382:            36           1728  javax.management.modelmbean.ModelMBeanOperationInfo (java.management@14.0.1)
 383:            43           1720  java.beans.GenericBeanInfo (java.desktop@14.0.1)
 384:           106           1696  javax.management.modelmbean.DescriptorSupport (java.management@14.0.1)
 385:            53           1696  org.springframework.boot.context.properties.bind.JavaBeanBinder$BeanProperty
 386:            35           1680  java.util.ResourceBundle$BundleReference (java.base@14.0.1)
 387:            29           1624  org.apache.tomcat.util.res.StringManager$1
 388:            40           1600  jdk.internal.org.objectweb.asm.Handler (java.base@14.0.1)
 389:            33           1584  java.time.temporal.ValueRange (java.base@14.0.1)
 390:             1           1568  [[B (java.base@14.0.1)
 391:            98           1568  com.sun.proxy.$Proxy0
 392:            65           1560  java.util.concurrent.atomic.AtomicLong (java.base@14.0.1)
 393:            48           1536  com.sun.beans.introspect.ClassInfo (java.desktop@14.0.1)
 394:            32           1536  java.lang.management.MemoryUsage (java.management@14.0.1)
 395:            96           1536  java.util.Collections$SingletonSet (java.base@14.0.1)
 396:            48           1536  org.springframework.cglib.core.ReflectUtils$6
 397:            38           1520  org.springframework.boot.actuate.endpoint.annotation.EndpointDiscoverer$EndpointBean
 398:            63           1512  org.springframework.core.annotation.AnnotatedElementUtils$MergedAnnotationAttributesProcessor
 399:             4           1504  [Ljava.lang.Integer; (java.base@14.0.1)
 400:            47           1504  com.sun.beans.util.Cache$CacheEntry (java.desktop@14.0.1)
 401:            93           1488  com.sun.proxy.$Proxy4
 402:            92           1472  com.sun.proxy.$Proxy3
 403:            92           1472  sun.reflect.generics.tree.TypeVariableSignature (java.base@14.0.1)
 404:            61           1464  java.lang.module.ResolvedModule (java.base@14.0.1)
 405:            61           1464  jdk.internal.module.SystemModuleFinders$2 (java.base@14.0.1)
 406:            61           1464  jdk.internal.module.SystemModuleFinders$SystemModuleReader (java.base@14.0.1)
 407:            60           1440  io.micrometer.core.instrument.internal.DefaultGauge
 408:            10           1440  java.text.DecimalFormat (java.base@14.0.1)
 409:            60           1440  java.util.regex.Pattern$GroupHead (java.base@14.0.1)
 410:            60           1440  java.util.regex.Pattern$GroupTail (java.base@14.0.1)
 411:            45           1440  org.springframework.format.support.FormattingConversionService$PrinterConverter
 412:            44           1408  java.util.stream.Collectors$CollectorImpl (java.base@14.0.1)
 413:            44           1408  java.util.stream.ReduceOps$3 (java.base@14.0.1)
 414:            44           1408  java.util.stream.ReduceOps$3ReducingSink (java.base@14.0.1)
 415:            58           1392  java.lang.RuntimePermission (java.base@14.0.1)
 416:             1           1376  [Ljdk.internal.math.FDBigInteger; (java.base@14.0.1)
 417:            43           1376  io.micrometer.shaded.org.pcollections.ConsPStack$1
 418:            43           1376  java.util.regex.Pattern$Branch (java.base@14.0.1)
 419:            34           1360  org.springframework.beans.factory.support.DisposableBeanAdapter
 420:            42           1344  com.sun.management.internal.DiagnosticCommandImpl$Wrapper (jdk.management@14.0.1)
 421:            56           1344  java.lang.module.ModuleDescriptor$Provides (java.base@14.0.1)
 422:            42           1344  java.util.Spliterators$ArraySpliterator (java.base@14.0.1)
 423:            56           1344  jdk.internal.org.objectweb.asm.Edge (java.base@14.0.1)
 424:            42           1344  org.springframework.format.support.FormattingConversionService$AnnotationParserConverter
 425:            42           1344  org.springframework.format.support.FormattingConversionService$AnnotationPrinterConverter
 426:            56           1344  org.springframework.http.MediaType
 427:            55           1320  java.lang.ProcessEnvironment$Value (java.base@14.0.1)
 428:             9           1296  [Ljava.lang.invoke.MemberName; (java.base@14.0.1)
 429:            81           1296  java.util.TreeMap$Values (java.base@14.0.1)
 430:            54           1296  org.springframework.beans.factory.config.ConstructorArgumentValues
 431:             4           1280  [Ljava.lang.ThreadLocal$ThreadLocalMap$Entry; (java.base@14.0.1)
 432:            40           1280  java.util.PropertyPermission (java.base@14.0.1)
 433:            40           1280  org.springframework.core.annotation.DefaultAnnotationAttributeExtractor
 434:            53           1272  sun.reflect.annotation.AnnotationParser$1 (java.base@14.0.1)
 435:            43           1256  [Ljava.util.regex.Pattern$Node; (java.base@14.0.1)
 436:            31           1240  java.lang.invoke.BoundMethodHandle$Species_LLL (java.base@14.0.1)
 437:            31           1240  java.util.PropertyResourceBundle (java.base@14.0.1)
 438:            22           1232  org.springframework.core.ResolvableType$1
 439:            30           1200  java.time.temporal.ChronoField (java.base@14.0.1)
 440:            25           1200  java.util.Hashtable$Enumerator (java.base@14.0.1)
 441:            38           1184  [Ljava.math.BigInteger; (java.base@14.0.1)
 442:            37           1184  org.springframework.boot.actuate.endpoint.jmx.annotation.DiscoveredJmxEndpoint
 443:            21           1176  java.util.Properties (java.base@14.0.1)
 444:            49           1176  org.springframework.aop.framework.AdvisedSupport$MethodCacheKey
 445:            73           1168  com.sun.proxy.$Proxy26
 446:            29           1160  org.springframework.core.log.CompositeLog
 447:             8           1152  [Lcom.fasterxml.jackson.core.sym.CharsToNameCanonicalizer$Bucket;
 448:            48           1152  java.security.Provider$UString (java.base@14.0.1)
 449:            18           1152  java.text.DateFormatSymbols (java.base@14.0.1)
 450:            48           1152  org.springframework.beans.TypeConverterDelegate
 451:            18           1152  org.springframework.beans.factory.config.DependencyDescriptor
 452:            37           1136  [Ljava.time.format.DateTimeFormatterBuilder$DateTimePrinterParser; (java.base@14.0.1)
 453:            47           1128  sun.reflect.generics.tree.Wildcard (java.base@14.0.1)
 454:            28           1120  java.lang.invoke.MethodHandleImpl$AsVarargsCollector (java.base@14.0.1)
 455:             4           1120  java.util.concurrent.ConcurrentHashMap$CounterCell (java.base@14.0.1)
 456:            28           1120  org.springframework.beans.factory.config.ConstructorArgumentValues$ValueHolder
 457:            28           1120  org.springframework.boot.actuate.endpoint.jmx.annotation.DiscoveredJmxOperation
 458:            28           1120  org.springframework.cglib.core.CodeEmitter
 459:            28           1120  org.springframework.cglib.core.CodeEmitter$State
 460:            28           1120  org.springframework.core.SerializableTypeWrapper$MethodInvokeTypeProvider
 461:            70           1120  org.springframework.core.SerializableTypeWrapper$TypeProxyInvocationHandler
 462:            50           1088  [Lorg.apache.catalina.Container;
 463:            68           1088  [Lorg.apache.tomcat.util.modeler.NotificationInfo;
 464:            45           1080  org.apache.catalina.LifecycleEvent
 465:            27           1080  org.apache.tomcat.util.modeler.BaseModelMBean
 466:            45           1080  org.springframework.format.support.FormattingConversionService$ParserConverter
 467:            15           1080  org.springframework.web.method.HandlerMethod$HandlerMethodParameter
 468:            19           1064  javax.management.openmbean.ArrayType (java.management@14.0.1)
 469:            19           1064  javax.management.openmbean.CompositeType (java.management@14.0.1)
 470:            42           1056  [Lcom.sun.management.internal.DiagnosticCommandArgumentInfo; (jdk.management@14.0.1)
 471:            34           1040  [Ljava.io.ObjectStreamField; (java.base@14.0.1)
 472:             1           1040  [Ljava.lang.Byte; (java.base@14.0.1)
 473:             1           1040  [Ljava.lang.Long; (java.base@14.0.1)
 474:             1           1040  [Ljava.lang.Short; (java.base@14.0.1)
 475:            26           1040  java.lang.invoke.BoundMethodHandle$Species_LL (java.base@14.0.1)
 476:            65           1040  java.util.regex.Pattern$$Lambda$10/0x0000000800b71c40 (java.base@14.0.1)
 477:            26           1040  org.springframework.beans.factory.annotation.AutowiredAnnotationBeanPostProcessor$AutowiredFieldElement
 478:            65           1040  org.springframework.boot.context.properties.source.SpringIterableConfigurationPropertySource$CacheKey
 479:            43           1032  java.util.stream.ReferencePipeline$3$1 (java.base@14.0.1)
 480:            32           1024  org.apache.logging.slf4j.SLF4JLogger
 481:            32           1024  org.springframework.boot.actuate.endpoint.annotation.DiscoveredOperationMethod
 482:            39           1016  [Ljavax.management.modelmbean.ModelMBeanOperationInfo; (java.management@14.0.1)
 483:             7           1008  [Ljava.util.concurrent.locks.ReentrantLock; (java.base@14.0.1)
 484:            42           1008  java.lang.invoke.ConstantCallSite (java.base@14.0.1)
 485:            42           1008  java.util.Collections$SynchronizedSet (java.base@14.0.1)
 486:             9           1008  java.util.GregorianCalendar (java.base@14.0.1)
 487:            14           1008  org.springframework.beans.factory.annotation.AutowiredAnnotationBeanPostProcessor$ShortcutDependencyDescriptor
 488:            63           1008  org.springframework.core.$Proxy10
 489:            25           1000  java.time.format.DateTimeFormatter (java.base@14.0.1)
 490:            31            992  java.lang.invoke.VarHandle$AccessMode (java.base@14.0.1)
 491:            31            992  org.springframework.beans.factory.support.AbstractBeanFactory$$Lambda$632/0x0000000801083440
 492:            31            992  org.springframework.cloud.context.scope.GenericScope$BeanLifecycleWrapper
 493:            32            984  [Lorg.springframework.asm.Label;
 494:            41            984  com.sun.jmx.mbeanserver.PerInterface$MethodAndSig (java.management@14.0.1)
 495:            41            984  java.util.stream.Collectors$$Lambda$186/0x0000000800d05040 (java.base@14.0.1)
 496:            41            984  org.springframework.boot.actuate.endpoint.EndpointId
 497:            61            976  java.util.Collections$UnmodifiableMap$UnmodifiableEntrySet$UnmodifiableEntry (java.base@14.0.1)
 498:            61            976  org.apache.juli.logging.DirectJDKLog
 499:            24            960  com.sun.jmx.mbeanserver.MXBeanSupport (java.management@14.0.1)
 500:            40            960  java.lang.invoke.InfoFromMemberName (java.base@14.0.1)
 501:            40            960  java.lang.invoke.InnerClassLambdaMetafactory$ForwardingMethodGenerator (java.base@14.0.1)
 502:            30            960  java.security.Provider$EngineDescription (java.base@14.0.1)
 503:            40            960  java.util.regex.Pattern$Start (java.base@14.0.1)
 504:            24            960  org.springframework.cglib.core.EmitUtils$14
 505:            40            960  org.springframework.core.annotation.SynthesizedAnnotationInvocationHandler
 506:            17            952  com.fasterxml.jackson.databind.cfg.BaseSettings
 507:            59            944  jdk.internal.module.SystemModuleFinders$3 (java.base@14.0.1)
 508:            39            936  sun.reflect.generics.reflectiveObjects.WildcardTypeImpl (java.base@14.0.1)
 509:            23            920  jdk.internal.reflect.UnsafeQualifiedStaticObjectFieldAccessorImpl (java.base@14.0.1)
 510:            23            920  org.apache.tomcat.util.collections.ManagedConcurrentWeakHashMap$Key
 511:            57            912  java.util.concurrent.atomic.AtomicInteger (java.base@14.0.1)
 512:            38            912  java.util.regex.Pattern$Slice (java.base@14.0.1)
 513:            28            896  com.fasterxml.jackson.databind.DeserializationFeature
 514:            48            888  [Ljavax.management.MBeanNotificationInfo; (java.management@14.0.1)
 515:            37            888  java.time.format.DateTimeFormatterBuilder$CompositePrinterParser (java.base@14.0.1)
 516:             3            880  [[Ljava.lang.String; (java.base@14.0.1)
 517:            22            880  org.springframework.core.annotation.AnnotationUtils$AliasDescriptor
 518:            36            864  com.sun.org.apache.xerces.internal.util.XMLStringBuffer (java.xml@14.0.1)
 519:            36            864  io.micrometer.core.instrument.ImmutableTag
 520:            36            864  java.lang.management.ManagementPermission (java.management@14.0.1)
 521:            54            864  org.springframework.core.env.AbstractPropertyResolver$$Lambda$67/0x0000000800bb1c40
 522:             9            864  sun.util.calendar.Gregorian$Date (java.base@14.0.1)
 523:            21            840  org.springframework.boot.actuate.endpoint.web.annotation.DiscoveredWebEndpoint
 524:            26            832  com.fasterxml.jackson.databind.MapperFeature
 525:            26            832  java.time.format.DateTimeFormatterBuilder$NumberPrinterParser (java.base@14.0.1)
 526:            26            832  jdk.internal.org.objectweb.asm.Type (java.base@14.0.1)
 527:            13            832  org.springframework.beans.factory.support.DefaultListableBeanFactory$NestedDependencyDescriptor
 528:            34            816  java.util.Collections$1 (java.base@14.0.1)
 529:            51            816  java.util.TreeMap$KeySet (java.base@14.0.1)
 530:            34            816  javax.management.openmbean.CompositeDataSupport (java.management@14.0.1)
 531:            34            816  org.apache.logging.log4j.message.DefaultFlowMessageFactory
 532:            34            816  sun.invoke.util.VerifyAccess$1 (java.base@14.0.1)
 533:            25            800  com.sun.jmx.mbeanserver.WeakIdentityHashMap$IdentityWeakReference (java.management@14.0.1)
 534:            10            800  java.text.DecimalFormatSymbols (java.base@14.0.1)
 535:            50            800  java.util.regex.Pattern$BitClass (java.base@14.0.1)
 536:            50            800  jdk.internal.reflect.BootstrapConstructorAccessorImpl (java.base@14.0.1)
 537:            25            800  org.springframework.boot.context.properties.source.SpringIterableConfigurationPropertySource
 538:            25            800  org.springframework.context.event.AbstractApplicationEventMulticaster$ListenerRetriever
 539:            20            800  org.springframework.util.AntPathMatcher
 540:            33            792  java.util.concurrent.ConcurrentHashMap$KeySetView (java.base@14.0.1)
 541:            14            784  javax.management.openmbean.OpenMBeanParameterInfoSupport (java.management@14.0.1)
 542:             8            768  [Lcom.sun.org.apache.xerces.internal.xni.QName; (java.xml@14.0.1)
 543:            32            768  com.sun.jmx.mbeanserver.DefaultMXBeanMappingFactory$IdentityMapping (java.management@14.0.1)
 544:            16            768  com.sun.org.apache.xerces.internal.util.XMLAttributesImpl$Attribute (java.xml@14.0.1)
 545:            24            768  java.io.File (java.base@14.0.1)
 546:            48            768  java.lang.Boolean (java.base@14.0.1)
 547:            32            768  org.springframework.boot.actuate.endpoint.invoke.reflect.ReflectiveOperationInvoker
 548:            45            760  [Ljavax.management.MBeanConstructorInfo; (java.management@14.0.1)
 549:            31            744  com.sun.org.apache.xerces.internal.xni.XMLString (java.xml@14.0.1)
 550:            23            736  com.fasterxml.jackson.databind.SerializationFeature
 551:            23            736  java.util.concurrent.ConcurrentHashMap$ForwardingNode (java.base@14.0.1)
 552:            23            736  java.util.concurrent.locks.AbstractQueuedSynchronizer$ExclusiveNode (java.base@14.0.1)
 553:            23            736  sun.management.MappedMXBeanType$BasicMXBeanType (java.management@14.0.1)
 554:            30            720  java.util.regex.Pattern$BmpCharPropertyGreedy (java.base@14.0.1)
 555:             5            720  jdk.internal.reflect.MethodAccessorGenerator (java.base@14.0.1)
 556:            18            720  org.hibernate.validator.internal.metadata.aggregated.CascadingMetaDataBuilder
 557:            30            720  org.jboss.logging.Log4j2Logger
 558:            44            704  com.sun.proxy.$Proxy25
 559:            44            704  org.springframework.boot.autoconfigure.condition.OnPropertyCondition
 560:            29            696  io.micrometer.core.instrument.Tags
 561:            29            696  org.apache.tomcat.util.res.StringManager
 562:            29            696  org.springframework.boot.context.properties.source.SpringConfigurationPropertySource$DelegatingPropertyMapper
 563:            29            696  org.springframework.web.util.UrlPathHelper
 564:            43            688  java.util.regex.Pattern$BranchConn (java.base@14.0.1)
 565:             7            680  [D (java.base@14.0.1)
 566:            17            680  java.lang.invoke.DirectMethodHandle$Constructor (java.base@14.0.1)
 567:            29            672  [Lio.micrometer.core.instrument.Tag;
 568:            14            672  com.fasterxml.jackson.databind.type.SimpleType
 569:            12            672  freemarker.template.Version
 570:            28            672  java.util.BitSet (java.base@14.0.1)
 571:            42            672  java.util.ImmutableCollections$ListN (java.base@14.0.1)
 572:            12            672  java.util.concurrent.ConcurrentHashMap$EntryIterator (java.base@14.0.1)
 573:            14            672  org.springframework.aop.framework.CglibAopProxy$CglibMethodInvocation
 574:            28            672  org.springframework.asm.ByteVector
 575:            28            672  org.springframework.cglib.core.LocalVariablesSorter$State
 576:            27            648  java.time.Duration (java.base@14.0.1)
 577:            27            648  java.util.regex.Pattern$Ques (java.base@14.0.1)
 578:            27            648  org.springframework.cglib.core.MethodWrapper$MethodWrapperKey$$KeyFactoryByCGLIB$$552be97a
 579:            27            648  sun.security.provider.PolicyFile$PolicyEntry (java.base@14.0.1)
 580:            32            640  [Lorg.aopalliance.intercept.MethodInterceptor;
 581:             8            640  com.fasterxml.jackson.databind.DeserializationConfig
 582:             8            640  com.fasterxml.jackson.databind.SerializationConfig
 583:            40            640  com.sun.proxy.$Proxy2
 584:            40            640  com.sun.proxy.$Proxy23
 585:            16            640  java.lang.invoke.MethodHandleImpl$IntrinsicMethodHandle (java.base@14.0.1)
 586:            20            640  java.lang.invoke.VarHandle$AccessDescriptor (java.base@14.0.1)
 587:            20            640  jdk.internal.reflect.ClassFileAssembler (java.base@14.0.1)
 588:             3            624  [Ljava.lang.invoke.LambdaForm; (java.base@14.0.1)
 589:            26            624  com.fasterxml.jackson.databind.util.LRUMap
 590:            13            624  java.lang.invoke.BoundMethodHandle$SpeciesData (java.base@14.0.1)
 591:            26            624  java.lang.invoke.Invokers (java.base@14.0.1)
 592:            13            624  java.util.concurrent.ThreadPoolExecutor$Worker (java.base@14.0.1)
 593:            39            624  java.util.concurrent.atomic.AtomicReference (java.base@14.0.1)
 594:            26            624  org.springframework.boot.autoconfigure.condition.OnWebApplicationCondition
 595:            26            624  org.springframework.boot.context.properties.source.SpringIterableConfigurationPropertySource$Cache
 596:            38            608  [Ljava.beans.BeanInfo; (java.desktop@14.0.1)
 597:            15            600  java.util.EnumMap (java.base@14.0.1)
 598:            25            600  java.util.regex.Pattern$Dollar (java.base@14.0.1)
 599:            25            600  sun.nio.cs.CharsetMapping$Entry (java.base@14.0.1)
 600:            37            592  com.sun.proxy.$Proxy19
 601:            37            592  com.sun.proxy.$Proxy20
 602:            37            592  com.sun.proxy.$Proxy44
 603:             8            576  ch.qos.logback.classic.spi.LoggingEvent
 604:             8            576  com.fasterxml.jackson.databind.deser.DefaultDeserializationContext$Impl
 605:            18            576  java.lang.invoke.SimpleMethodHandle (java.base@14.0.1)
 606:             8            576  java.nio.DirectByteBuffer (java.base@14.0.1)
 607:            24            576  java.util.Collections$UnmodifiableMap$UnmodifiableEntrySet$1 (java.base@14.0.1)
 608:            12            576  org.hibernate.validator.internal.metadata.raw.ConstrainedExecutable
 609:            12            576  org.springframework.beans.NotReadablePropertyException
 610:            24            576  org.springframework.boot.actuate.endpoint.invoke.reflect.OperationMethodParameter
 611:            18            576  org.springframework.boot.actuate.endpoint.jmx.EndpointMBean
 612:            24            576  org.springframework.cglib.core.ReflectUtils$7
 613:            12            576  org.springframework.jmx.export.metadata.ManagedResource
 614:            14            560  java.lang.invoke.BoundMethodHandle$Species_LJ (java.base@14.0.1)
 615:            35            560  java.util.Collections$UnmodifiableMap$UnmodifiableEntrySet (java.base@14.0.1)
 616:             7            560  java.util.concurrent.TimeUnit (java.base@14.0.1)
 617:            14            560  javax.management.openmbean.SimpleType (java.management@14.0.1)
 618:            14            560  org.springframework.beans.propertyeditors.CustomNumberEditor
 619:            10            560  sun.invoke.util.Wrapper (java.base@14.0.1)
 620:            23            552  org.yaml.snakeyaml.tokens.Token$ID
 621:            17            544  com.sun.org.apache.xerces.internal.util.AugmentationsImpl$SmallContainer (java.xml@14.0.1)
 622:            34            544  com.sun.proxy.$Proxy24
 623:            17            544  org.hibernate.validator.internal.engine.valueextraction.ValueExtractorDescriptor
 624:             1            544  org.springframework.boot.web.embedded.tomcat.TomcatEmbeddedContext
 625:             1            528  [Ljava.lang.Character; (java.base@14.0.1)
 626:            11            528  com.sun.jmx.mbeanserver.DefaultMXBeanMappingFactory$CompositeMapping (java.management@14.0.1)
 627:            11            528  java.util.concurrent.ConcurrentHashMap$Traverser (java.base@14.0.1)
 628:            33            528  org.apache.logging.log4j.message.ParameterizedMessageFactory
 629:            22            528  org.springframework.context.event.AbstractApplicationEventMulticaster$ListenerCacheKey
 630:            22            528  org.springframework.core.convert.support.GenericConversionService$ConverterCacheKey
 631:            33            528  sun.reflect.generics.tree.ArrayTypeSignature (java.base@14.0.1)
 632:            13            520  [Ljava.lang.invoke.BoundMethodHandle$SpeciesData; (java.base@14.0.1)
 633:            13            520  com.sun.jmx.mbeanserver.PerInterface (java.management@14.0.1)
 634:             8            512  com.fasterxml.jackson.core.sym.ByteQuadsCanonicalizer
 635:             8            512  com.fasterxml.jackson.core.sym.CharsToNameCanonicalizer
 636:             8            512  com.fasterxml.jackson.datatype.jsr310.JavaTimeModule
 637:             8            512  com.google.common.collect.MapMakerInternalMap$Segment
 638:            16            512  io.micrometer.shaded.org.pcollections.HashPMap
 639:            16            512  io.micrometer.shaded.org.pcollections.IntTreePMap
 640:             8            512  java.text.SimpleDateFormat (java.base@14.0.1)
 641:            16            512  java.time.temporal.ChronoUnit (java.base@14.0.1)
 642:            16            512  java.util.AbstractList$ListItr (java.base@14.0.1)
 643:            32            512  org.springframework.boot.actuate.endpoint.invoke.reflect.OperationMethodParameters
 644:            16            512  org.springframework.core.annotation.AnnotationUtils$AnnotationCollector
 645:            21            504  java.util.regex.Pattern$BmpCharPredicate$$Lambda$50/0x0000000800b8b840 (java.base@14.0.1)
 646:            21            504  org.springframework.jmx.export.metadata.ManagedOperation
 647:             7            496  [Lsun.invoke.util.Wrapper; (java.base@14.0.1)
 648:            31            496  com.sun.proxy.$Proxy86
 649:            31            496  com.sun.proxy.$Proxy87
 650:             2            496  org.apache.catalina.core.StandardWrapper
 651:            12            488  [Ljava.lang.invoke.MethodType; (java.base@14.0.1)
 652:             4            480  com.ctc.wstx.api.ReaderConfig
 653:            30            480  com.fasterxml.jackson.databind.ser.std.ToStringSerializer
 654:            12            480  com.google.common.collect.MapMakerInternalMap$WeakEntry
 655:            12            480  java.lang.invoke.VarHandleReferences$FieldInstanceReadWrite (java.base@14.0.1)
 656:            20            480  java.util.Date (java.base@14.0.1)
 657:            20            480  java.util.regex.Pattern$SliceI (java.base@14.0.1)
 658:            20            480  jdk.internal.reflect.ByteVectorImpl (java.base@14.0.1)
 659:            20            480  jdk.internal.reflect.Label$PatchInfo (java.base@14.0.1)
 660:            30            480  org.apache.logging.log4j.message.MessageFormatMessageFactory
 661:            12            480  org.springframework.core.io.ResourceEditor
 662:            20            480  org.springframework.util.AntPathMatcher$PathSeparatorPatternCache
 663:             3            464  [Ljava.lang.StackTraceElement; (java.base@14.0.1)
 664:            29            464  com.sun.proxy.$Proxy66
 665:            29            464  org.hibernate.validator.internal.util.logging.Log_$logger
 666:            19            456  java.security.SecurityPermission (java.base@14.0.1)
 667:            19            456  java.util.ArrayDeque (java.base@14.0.1)
 668:            19            456  java.util.regex.Pattern$CharPropertyGreedy (java.base@14.0.1)
 669:            14            448  com.fasterxml.jackson.core.JsonParser$Feature
 670:            14            448  com.netflix.servo.monitor.MonitorConfig
 671:             8            448  sun.management.MemoryPoolImpl (java.management@14.0.1)
 672:            11            440  java.lang.OutOfMemoryError (java.base@14.0.1)
 673:             3            432  [Ljava.lang.invoke.VarHandle$AccessMode; (java.base@14.0.1)
 674:             1            432  [[[C (java.base@14.0.1)
 675:            18            432  com.google.gson.internal.bind.TypeAdapters$32
 676:            18            432  java.text.DateFormat$Field (java.base@14.0.1)
 677:             6            432  java.util.concurrent.ScheduledThreadPoolExecutor$ScheduledFutureTask (java.base@14.0.1)
 678:            18            432  javax.management.StandardMBean (java.management@14.0.1)
 679:             2            432  org.springframework.beans.factory.support.DefaultListableBeanFactory
 680:            18            432  org.springframework.boot.actuate.endpoint.jmx.annotation.DiscoveredJmxOperation$DiscoveredJmxOperationParameter
 681:             1            424  [Lcom.sun.org.apache.xerces.internal.util.SymbolTable$Entry; (java.xml@14.0.1)
 682:             2            416  [Lcom.sun.beans.util.Cache$CacheEntry; (java.desktop@14.0.1)
 683:             7            416  [Ljava.lang.Thread; (java.base@14.0.1)
 684:            26            416  com.sun.proxy.$Proxy18
 685:            26            416  com.sun.proxy.$Proxy46
 686:            13            416  org.springframework.beans.factory.support.DefaultListableBeanFactory$DependencyObjectProvider
 687:            13            416  org.springframework.boot.context.properties.bind.Bindable
 688:            13            416  sun.security.jca.ProviderConfig (java.base@14.0.1)
 689:            17            408  com.sun.org.apache.xerces.internal.util.SymbolTable$Entry (java.xml@14.0.1)
 690:            17            408  org.hibernate.validator.internal.engine.valueextraction.ValueExtractorDescriptor$Key
 691:            17            408  org.springframework.boot.ansi.AnsiColor
 692:            17            408  org.springframework.boot.autoconfigure.web.servlet.WebMvcAutoConfiguration$EnableWebMvcConfiguration$$EnhancerBySpringCGLIB$$bee50937$$FastClassBySpringCGLIB$$65324b7e
 693:            17            400  [Lcom.fasterxml.jackson.databind.ser.Serializers;
 694:            10            400  java.io.FileDescriptor (java.base@14.0.1)
 695:            10            400  java.text.DigitList (java.base@14.0.1)
 696:            25            400  java.util.Hashtable$EntrySet (java.base@14.0.1)
 697:            25            400  org.springframework.boot.actuate.autoconfigure.endpoint.condition.OnEnabledEndpointCondition
 698:            16            384  com.fasterxml.jackson.databind.module.SimpleSerializers
 699:            12            384  org.apache.catalina.LifecycleState
 700:             1            384  org.apache.tomcat.util.net.NioBlockingSelector$BlockPoller
 701:            24            384  org.springframework.cglib.core.EmitUtils$13
 702:            16            384  sun.management.MemoryUsageCompositeData (java.management@14.0.1)
 703:             8            384  sun.util.locale.provider.LocaleResources$ResourceReference (java.base@14.0.1)
 704:            19            376  [Ljdk.internal.org.objectweb.asm.Type; (java.base@14.0.1)
 705:             1            376  java.lang.ref.Finalizer$FinalizerThread (java.base@14.0.1)
 706:             1            376  java.util.logging.LogManager$Cleaner (java.logging@14.0.1)
 707:             1            376  jdk.internal.misc.InnocuousThread (java.base@14.0.1)
 708:             1            376  org.springframework.boot.web.embedded.tomcat.TomcatWebServer$1
 709:             1            376  org.springframework.context.support.AbstractApplicationContext$1
 710:            14            368  [[Ljava.lang.annotation.Annotation; (java.base@14.0.1)
 711:             1            368  com.sun.org.apache.xerces.internal.impl.XMLNSDocumentScannerImpl (java.xml@14.0.1)
 712:            23            368  com.sun.proxy.$Proxy5
 713:             1            368  java.lang.ref.Reference$ReferenceHandler (java.base@14.0.1)
 714:             9            360  com.fasterxml.jackson.core.util.DefaultPrettyPrinter
 715:             5            360  com.netflix.config.DynamicProperty
 716:            15            360  com.netflix.servo.tag.SmallTagMap$Builder
 717:            15            360  com.sun.beans.WildcardTypeImpl (java.desktop@14.0.1)
 718:             9            360  com.sun.org.apache.xalan.internal.utils.XMLSecurityManager$Limit (java.xml@14.0.1)
 719:             3            360  com.sun.org.apache.xalan.internal.xsltc.trax.TransformerFactoryImpl (java.xml@14.0.1)
 720:             1            360  com.sun.org.apache.xerces.internal.impl.XMLDocumentScannerImpl (java.xml@14.0.1)
 721:             9            360  com.sun.org.apache.xerces.internal.utils.XMLSecurityManager$Limit (java.xml@14.0.1)
 722:            15            360  java.lang.invoke.InnerClassLambdaMetafactory$1 (java.base@14.0.1)
 723:             9            360  java.lang.reflect.ProxyGenerator$ProxyMethod (java.base@14.0.1)
 724:             5            360  java.util.regex.Matcher (java.base@14.0.1)
 725:            15            360  javax.websocket.CloseReason$CloseCodes
 726:            15            360  org.springframework.beans.factory.config.BeanExpressionContext
 727:            15            360  org.springframework.context.support.MessageSourceAccessor
 728:            22            352  com.sun.proxy.$Proxy16
 729:             4            352  org.apache.catalina.webresources.CachedResource
 730:            11            352  sun.reflect.generics.repository.ConstructorRepository (java.base@14.0.1)
 731:            14            336  ch.qos.logback.core.spi.ContextAwareBase
 732:            14            336  com.netflix.servo.monitor.MonitorConfig$Builder
 733:            21            336  com.sun.proxy.$Proxy41
 734:             6            336  java.nio.DirectLongBufferU (java.base@14.0.1)
 735:            21            336  java.util.concurrent.atomic.AtomicBoolean (java.base@14.0.1)
 736:             7            336  org.apache.tomcat.util.descriptor.web.FilterDef
 737:            14            336  org.springframework.beans.factory.config.BeanDefinitionHolder
 738:             6            336  org.springframework.cglib.reflect.FastClass$Generator
 739:             7            336  org.springframework.web.servlet.mvc.method.RequestMappingInfo
 740:             3            336  org.springframework.web.servlet.resource.ResourceHttpRequestHandler
 741:            14            336  org.yaml.snakeyaml.nodes.Tag
 742:             7            336  sun.util.resources.Bundles$BundleReference (java.base@14.0.1)
 743:             1            328  java.util.concurrent.ForkJoinPool (java.base@14.0.1)
 744:             4            320  [Lorg.hibernate.validator.internal.util.ConcurrentReferenceHashMap$Segment;
 745:             8            320  ch.qos.logback.core.status.InfoStatus
 746:            10            320  com.fasterxml.jackson.core.JsonGenerator$Feature
 747:             8            320  com.fasterxml.jackson.core.sym.ByteQuadsCanonicalizer$TableInfo
 748:             4            320  com.fasterxml.jackson.dataformat.xml.XmlFactory
 749:             4            320  com.fasterxml.jackson.dataformat.xml.ser.XmlSerializerProvider
 750:            10            320  com.sun.org.apache.xerces.internal.impl.XMLEntityManager$EncodingInfo (java.xml@14.0.1)
 751:            20            320  com.sun.proxy.$Proxy14
 752:            20            320  com.sun.proxy.$Proxy64
 753:             8            320  java.lang.NoSuchMethodException (java.base@14.0.1)
 754:             5            320  java.lang.invoke.BoundMethodHandle$Species_LLLLLLLLL (java.base@14.0.1)
 755:             2            320  java.lang.reflect.ProxyGenerator (java.base@14.0.1)
 756:            10            320  java.net.InetAddress$InetAddressHolder (java.base@14.0.1)
 757:            20            320  java.time.format.DateTimeFormatterBuilder$CharLiteralPrinterParser (java.base@14.0.1)
 758:             8            320  jdk.internal.reflect.UnsafeQualifiedStaticIntegerFieldAccessorImpl (java.base@14.0.1)
 759:             8            320  sun.management.MemoryPoolImpl$CollectionSensor (java.management@14.0.1)
 760:             8            320  sun.management.MemoryPoolImpl$PoolSensor (java.management@14.0.1)
 761:            12            312  [Lcom.netflix.servo.tag.Tag;
 762:            13            312  java.util.concurrent.locks.AbstractQueuedSynchronizer$ConditionObject (java.base@14.0.1)
 763:            13            312  org.springframework.core.io.DefaultResourceLoader
 764:            12            288  ch.qos.logback.core.pattern.LiteralConverter
 765:             9            288  com.fasterxml.classmate.types.ResolvedPrimitiveType
 766:             9            288  com.fasterxml.jackson.databind.cfg.DeserializerFactoryConfig
 767:            12            288  com.fasterxml.jackson.databind.introspect.AnnotationIntrospectorPair
 768:             4            288  com.fasterxml.jackson.databind.ser.DefaultSerializerProvider$Impl
 769:             9            288  com.fasterxml.jackson.databind.type.TypeFactory
 770:             4            288  com.fasterxml.jackson.dataformat.xml.XmlMapper
 771:            12            288  com.netflix.servo.tag.BasicTagList
 772:            12            288  com.netflix.servo.tag.SmallTagMap
 773:            12            288  java.beans.PropertyChangeSupport (java.desktop@14.0.1)
 774:            12            288  java.lang.annotation.ElementType (java.base@14.0.1)
 775:             9            288  java.util.logging.Level (java.logging@14.0.1)
 776:             9            288  java.util.logging.Level$KnownLevel (java.logging@14.0.1)
 777:             9            288  javax.management.MBeanNotificationInfo (java.management@14.0.1)
 778:            12            288  org.springframework.boot.loader.LaunchedURLClassLoader$$Lambda$12/0x0000000800b72440
 779:            12            288  org.springframework.format.datetime.standard.TemporalAccessorParser
 780:            12            288  org.springframework.web.servlet.config.annotation.WebMvcConfigurationSupport$$FastClassBySpringCGLIB$$69f69f7c
 781:            12            288  org.springframework.web.servlet.mvc.condition.ProducesRequestCondition$ProduceMediaTypeExpression
 782:             3            288  sun.nio.ch.KQueueSelectorImpl (java.base@14.0.1)
 783:             6            288  sun.nio.cs.UTF_8$Encoder (java.base@14.0.1)
 784:            12            288  sun.reflect.annotation.TypeAnnotation$TypeAnnotationTarget (java.base@14.0.1)
 785:             1            280  [Ljava.lang.invoke.LambdaForm$Kind; (java.base@14.0.1)
 786:             5            280  java.io.FileCleanable (java.base@14.0.1)
 787:             7            280  java.lang.ClassLoader$NativeLibrary (java.base@14.0.1)
 788:             5            280  java.nio.HeapCharBuffer (java.base@14.0.1)
 789:             7            280  org.apache.tomcat.util.descriptor.web.FilterMap
 790:             5            280  org.springframework.boot.actuate.endpoint.web.servlet.AbstractWebMvcEndpointHandlerMapping$WebMvcEndpointHandlerMethod
 791:             7            280  org.springframework.boot.logging.logback.ColorConverter
 792:             5            280  org.springframework.core.env.PropertySourcesPropertyResolver
 793:             7            280  org.springframework.core.io.support.ResourceArrayPropertyEditor
 794:             1            272  [Lcom.ctc.wstx.util.SymbolTable$Bucket;
 795:            17            272  com.sun.org.apache.xerces.internal.util.AugmentationsImpl (java.xml@14.0.1)
 796:            17            272  java.lang.invoke.LambdaFormEditor (java.base@14.0.1)
 797:             2            272  org.springframework.asm.ClassWriter
 798:            11            264  com.netflix.servo.tag.SmallTagMap$SmallTagIterator
 799:            11            264  io.micrometer.core.instrument.Tags$ArrayIterator
 800:            11            264  java.lang.PublicMethods (java.base@14.0.1)
 801:            11            264  java.lang.invoke.MethodHandleImpl$Intrinsic (java.base@14.0.1)
 802:            11            264  java.util.concurrent.ConcurrentLinkedQueue$Node (java.base@14.0.1)
 803:            11            264  java.util.regex.Pattern$CharProperty (java.base@14.0.1)
 804:            11            264  org.springframework.beans.CachedIntrospectionResults
 805:            11            264  org.springframework.core.SimpleAliasRegistry$$Lambda$269/0x0000000800da9040
 806:            11            264  org.springframework.core.convert.support.GenericConversionService$ConverterFactoryAdapter
 807:            11            264  org.springframework.util.MimeType
 808:            11            264  org.springframework.util.unit.DataSize
 809:            11            264  sun.reflect.generics.scope.ConstructorScope (java.base@14.0.1)
 810:             2            256  [Lcom.fasterxml.jackson.databind.DeserializationFeature;
 811:            10            256  [Lcom.fasterxml.jackson.databind.deser.Deserializers;
 812:             9            256  [Ljava.util.concurrent.atomic.AtomicLong; (java.base@14.0.1)
 813:             8            256  com.fasterxml.jackson.core.sym.CharsToNameCanonicalizer$TableInfo
 814:             4            256  com.fasterxml.jackson.databind.ObjectMapper
 815:             8            256  com.fasterxml.jackson.databind.cfg.ConfigOverrides
 816:             4            256  com.fasterxml.jackson.databind.introspect.AnnotatedClass
 817:             8            256  java.lang.StringBuffer (java.base@14.0.1)
 818:             8            256  java.lang.reflect.ProxyGenerator$PrimitiveTypeInfo (java.base@14.0.1)
 819:             8            256  java.util.ImmutableCollections$MapN (java.base@14.0.1)
 820:             4            256  org.springframework.aop.framework.ProxyFactory
 821:            16            256  org.springframework.boot.context.properties.source.SpringIterableConfigurationPropertySource$$Lambda$78/0x0000000800beec40
 822:             8            256  org.springframework.util.PropertyPlaceholderHelper
 823:             2            248  [Ljava.time.LocalDateTime; (java.base@14.0.1)
 824:             2            240  [Lcom.fasterxml.jackson.databind.MapperFeature;
 825:             2            240  [Lsun.nio.cs.CharsetMapping$Entry; (java.base@14.0.1)
 826:            10            240  com.fasterxml.classmate.util.ClassKey
 827:            10            240  com.fasterxml.jackson.annotation.JsonFormat$Shape
 828:            10            240  com.sun.org.apache.xerces.internal.impl.XMLScanner$NameType (java.xml@14.0.1)
 829:             6            240  io.micrometer.core.instrument.FunctionCounter$Builder
 830:             5            240  io.micrometer.core.instrument.Gauge$Builder
 831:             5            240  java.net.URLPermission (java.base@14.0.1)
 832:            10            240  java.nio.charset.CoderResult (java.base@14.0.1)
 833:            10            240  java.nio.file.StandardOpenOption (java.base@14.0.1)
 834:            10            240  org.springframework.boot.autoconfigure.cache.CacheType
 835:            10            240  org.springframework.web.accept.ContentNegotiationManager
 836:             6            240  org.springframework.web.accept.PathExtensionContentNegotiationStrategy
 837:            10            240  org.yaml.snakeyaml.events.Event$ID
 838:             2            224  [Lcom.fasterxml.jackson.databind.SerializationFeature;
 839:             7            224  [Ljava.lang.Boolean; (java.base@14.0.1)
 840:             5            224  [Ljava.lang.invoke.LambdaForm$NamedFunction; (java.base@14.0.1)
 841:             4            224  [Ljava.util.regex.Pattern$GroupHead; (java.base@14.0.1)
 842:            11            224  [Ljavax.management.modelmbean.ModelMBeanAttributeInfo; (java.management@14.0.1)
 843:             4            224  com.fasterxml.jackson.databind.MappingJsonFactory
 844:             4            224  com.netflix.config.ConcurrentMapConfiguration
 845:             1            224  freemarker.template.Configuration
 846:            14            224  io.micrometer.core.instrument.MeterRegistry$$Lambda$435/0x0000000800f8c840
 847:             7            224  io.micrometer.core.instrument.cumulative.CumulativeFunctionCounter
 848:             4            224  java.lang.invoke.BoundMethodHandle$Species_LLLLLLL (java.base@14.0.1)
 849:             7            224  java.util.concurrent.atomic.DoubleAdder (java.base@14.0.1)
 850:            14            224  java.util.regex.Pattern$Begin (java.base@14.0.1)
 851:            14            224  jdk.internal.reflect.Label (java.base@14.0.1)
 852:             7            224  org.apache.catalina.core.ApplicationFilterConfig
 853:             7            224  org.apache.tomcat.util.digester.ObjectCreateRule
 854:             7            224  org.apache.tomcat.util.digester.SetNextRule
 855:             7            224  org.springframework.beans.propertyeditors.ClassArrayEditor
 856:             7            224  org.springframework.beans.propertyeditors.ClassEditor
 857:             7            224  org.springframework.beans.propertyeditors.FileEditor
 858:             7            224  org.springframework.beans.propertyeditors.InputSourceEditor
 859:             7            224  org.springframework.beans.propertyeditors.InputStreamEditor
 860:             7            224  org.springframework.beans.propertyeditors.PathEditor
 861:             7            224  org.springframework.beans.propertyeditors.ReaderEditor
 862:             7            224  org.springframework.beans.propertyeditors.URIEditor
 863:             7            224  org.springframework.beans.propertyeditors.URLEditor
 864:            14            224  org.springframework.core.convert.support.ObjectToStringConverter
 865:             4            224  org.springframework.web.method.HandlerMethod
 866:             7            224  org.springframework.web.servlet.handler.AbstractHandlerMethodMapping$MappingRegistration
 867:             7            224  org.springframework.web.servlet.mvc.condition.PatternsRequestCondition
 868:             7            224  sun.util.resources.Bundles$CacheKey (java.base@14.0.1)
 869:             9            216  [Lcom.fasterxml.jackson.databind.deser.KeyDeserializers;
 870:             9            216  com.fasterxml.jackson.core.util.DefaultIndenter
 871:             9            216  com.fasterxml.jackson.databind.cfg.SerializerFactoryConfig
 872:             9            216  com.fasterxml.jackson.databind.module.SimpleDeserializers
 873:             9            216  java.lang.invoke.VarForm (java.base@14.0.1)
 874:             9            216  java.net.NetPermission (java.base@14.0.1)
 875:             9            216  java.nio.file.attribute.PosixFilePermission (java.base@14.0.1)
 876:             9            216  jdk.internal.loader.BuiltinClassLoader$2 (java.base@14.0.1)
 877:             9            216  org.springframework.core.SerializableTypeWrapper$FieldTypeProvider
 878:             3            216  sun.security.provider.NativePRNG$RandomIO (java.base@14.0.1)
 879:             9            216  sun.util.logging.PlatformLogger$Level (java.base@14.0.1)
 880:             9            208  [Lcom.fasterxml.jackson.databind.deser.ValueInstantiators;
 881:             4            208  [Lcom.sun.org.apache.xalan.internal.utils.XMLSecurityManager$State; (java.xml@14.0.1)
 882:             9            208  [Lorg.springframework.core.MethodParameter;
 883:             2            208  com.google.common.collect.MapMakerInternalMap
 884:            13            208  java.text.NumberFormat$Field (java.base@14.0.1)
 885:             2            200  [Ljava.text.DateFormat$Field; (java.base@14.0.1)
 886:             5            200  com.fasterxml.jackson.core.Version
 887:             1            200  com.sun.org.apache.xerces.internal.impl.XMLDTDScannerImpl (java.xml@14.0.1)
 888:             1            200  com.sun.org.apache.xerces.internal.parsers.XIncludeAwareParserConfiguration (java.xml@14.0.1)
 889:             5            200  java.util.stream.StreamOpFlag (java.base@14.0.1)
 890:             5            200  org.apache.catalina.core.StandardPipeline
 891:             1            200  org.apache.http.impl.client.HttpClientBuilder
 892:             1            200  org.apache.tomcat.util.net.NioEndpoint
 893:             5            200  sun.nio.cs.UTF_8$Decoder (java.base@14.0.1)
 894:             9            192  [Lcom.fasterxml.jackson.databind.JavaType;
 895:             8            192  [Lcom.fasterxml.jackson.databind.type.TypeModifier;
 896:             6            192  [Ljava.lang.invoke.LambdaFormEditor$Transform; (java.base@14.0.1)
 897:            12            192  [Lorg.springframework.jmx.export.metadata.ManagedOperationParameter;
 898:             8            192  com.fasterxml.jackson.databind.deser.DeserializerCache
 899:             4            192  com.fasterxml.jackson.databind.introspect.BasicBeanDescription
 900:             8            192  com.fasterxml.jackson.databind.introspect.SimpleMixInResolver
 901:             8            192  com.fasterxml.jackson.databind.ser.SerializerCache
 902:            12            192  com.google.common.collect.MapMakerInternalMap$StrongValueReference
 903:             8            192  com.google.gson.internal.bind.TypeAdapters$33
 904:             8            192  com.sun.beans.introspect.PropertyInfo$Name (java.desktop@14.0.1)
 905:             6            192  com.sun.jmx.mbeanserver.DefaultMXBeanMappingFactory$CollectionMapping (java.management@14.0.1)
 906:            12            192  com.sun.proxy.$Proxy27
 907:             6            192  freemarker.ext.beans.BooleanModel
 908:             3            192  freemarker.ext.beans.ClassIntrospector
 909:            12            192  java.beans.PropertyChangeSupport$PropertyChangeListenerMap (java.desktop@14.0.1)
 910:             3            192  java.lang.invoke.InvokerBytecodeGenerator (java.base@14.0.1)
 911:             6            192  java.lang.invoke.LambdaForm$BasicType (java.base@14.0.1)
 912:             8            192  java.math.RoundingMode (java.base@14.0.1)
 913:             6            192  java.time.format.TextStyle (java.base@14.0.1)
 914:             4            192  java.util.concurrent.ConcurrentSkipListMap (java.base@14.0.1)
 915:            12            192  java.util.concurrent.CopyOnWriteArraySet (java.base@14.0.1)
 916:             3            192  java.util.stream.ReferencePipeline$2 (java.base@14.0.1)
 917:             8            192  org.apache.logging.log4j.Level
 918:             8            192  org.apache.logging.log4j.spi.StandardLevel
 919:            12            192  org.apache.tomcat.util.threads.TaskThread$WrappingRunnable
 920:             4            192  org.hibernate.validator.internal.metadata.raw.ConstrainedParameter
 921:             4            192  org.hibernate.validator.internal.util.ConcurrentReferenceHashMap
 922:             4            192  org.springframework.beans.SimpleTypeConverter
 923:             6            192  org.springframework.beans.factory.annotation.InitDestroyAnnotationBeanPostProcessor$$Lambda$259/0x0000000800dac440
 924:             8            192  org.springframework.boot.actuate.trace.http.Include
 925:             1            192  org.springframework.cloud.netflix.eureka.CloudEurekaClient
 926:            12            192  org.springframework.core.annotation.AnnotatedElementUtils$1
 927:             6            192  org.springframework.core.annotation.AnnotationUtils$$Lambda$178/0x0000000800c91440
 928:             8            192  org.springframework.core.env.MapPropertySource
 929:             6            192  org.springframework.core.type.filter.AnnotationTypeFilter
 930:            12            192  org.springframework.format.datetime.standard.TemporalAccessorPrinter
 931:             8            192  org.springframework.http.HttpMethod
 932:             6            192  org.springframework.http.converter.ResourceHttpMessageConverter
 933:             6            192  org.springframework.jmx.export.metadata.ManagedAttribute
 934:             3            192  org.springframework.util.LinkedCaseInsensitiveMap$1
 935:             8            192  org.springframework.web.bind.annotation.RequestMethod
 936:             8            192  org.springframework.web.servlet.mvc.condition.ProducesRequestCondition
 937:             8            192  org.yaml.snakeyaml.scanner.Constant
 938:             8            192  sun.reflect.generics.repository.FieldRepository (java.base@14.0.1)
 939:             1            176  com.sun.org.apache.xerces.internal.impl.dtd.XMLDTDValidator (java.xml@14.0.1)
 940:             1            176  com.sun.org.apache.xerces.internal.impl.dtd.XMLNSDTDValidator (java.xml@14.0.1)
 941:            11            176  com.sun.proxy.$Proxy65
 942:             1            176  org.apache.catalina.core.StandardHost
 943:             2            176  org.apache.catalina.core.StandardWrapperValve
 944:             2            176  org.apache.catalina.deploy.NamingResourcesImpl
 945:            11            176  org.apache.commons.logging.impl.NoOpLog
 946:             2            176  org.springframework.asm.Context
 947:             1            168  [[Ljava.math.BigInteger; (java.base@14.0.1)
 948:             7            168  ch.qos.logback.classic.Level
 949:             7            168  com.fasterxml.jackson.annotation.JsonInclude$Include
 950:             7            168  com.fasterxml.jackson.annotation.PropertyAccessor
 951:             7            168  com.netflix.config.DeploymentContext$ContextKey
 952:             7            168  com.sun.org.apache.xerces.internal.util.FeatureState (java.xml@14.0.1)
 953:             7            168  io.micrometer.core.instrument.cumulative.CumulativeCounter
 954:             7            168  java.lang.System$Logger$Level (java.base@14.0.1)
 955:             3            168  java.net.SocketPermission (java.base@14.0.1)
 956:             7            168  java.time.ZoneOffset (java.base@14.0.1)
 957:             7            168  java.util.concurrent.ConcurrentLinkedQueue (java.base@14.0.1)
 958:             3            168  javax.management.MBeanServerNotification (java.management@14.0.1)
 959:             3            168  javax.management.openmbean.OpenMBeanOperationInfoSupport (java.management@14.0.1)
 960:             7            168  org.apache.tomcat.util.digester.SetPropertiesRule
 961:             7            168  org.springframework.boot.actuate.autoconfigure.endpoint.web.WebEndpointAutoConfiguration$$EnhancerBySpringCGLIB$$e57056a2$$FastClassBySpringCGLIB$$527e764e
 962:             7            168  org.springframework.boot.actuate.autoconfigure.endpoint.web.WebEndpointAutoConfiguration$$FastClassBySpringCGLIB$$e3df03c6
 963:             7            168  org.springframework.boot.logging.LogLevel
 964:             7            168  org.springframework.cglib.proxy.CallbackInfo
 965:             7            168  org.springframework.cloud.netflix.eureka.EurekaClientAutoConfiguration$$EnhancerBySpringCGLIB$$5ed0486$$FastClassBySpringCGLIB$$2160bb67
 966:             7            168  org.springframework.cloud.netflix.eureka.EurekaClientAutoConfiguration$$FastClassBySpringCGLIB$$af4a592a
 967:             1            168  org.springframework.cloud.netflix.eureka.EurekaClientConfigBean
 968:             7            168  org.springframework.core.NamedThreadLocal
 969:             7            168  org.springframework.web.cors.UrlBasedCorsConfigurationSource
 970:             7            168  org.springframework.web.servlet.mvc.method.annotation.RequestResponseBodyAdviceChain
 971:             2            160  [Ljava.time.temporal.ChronoUnit; (java.base@14.0.1)
 972:             3            160  [Ljava.util.logging.Level; (java.logging@14.0.1)
 973:             4            160  com.fasterxml.jackson.core.Base64Variant
 974:             5            160  com.fasterxml.jackson.databind.type.TypeBindings
 975:             2            160  com.netflix.config.ConcurrentCompositeConfiguration
 976:             5            160  com.netflix.config.DynamicProperty$1
 977:             5            160  com.netflix.config.DynamicProperty$2
 978:             5            160  com.netflix.config.DynamicProperty$3
 979:             5            160  com.netflix.config.DynamicProperty$4
 980:             5            160  com.netflix.config.DynamicProperty$5
 981:             5            160  com.netflix.config.DynamicProperty$6
 982:             5            160  com.netflix.config.DynamicProperty$7
 983:             4            160  com.sun.org.apache.xerces.internal.impl.dtd.XMLSimpleType (java.xml@14.0.1)
 984:            10            160  com.sun.proxy.$Proxy96
 985:            10            160  com.sun.proxy.$Proxy97
 986:             5            160  java.io.FileInputStream (java.base@14.0.1)
 987:             5            160  java.lang.invoke.VarHandle$AccessType (java.base@14.0.1)
 988:             5            160  java.lang.invoke.VarHandleInts$FieldInstanceReadWrite (java.base@14.0.1)
 989:             5            160  java.net.HostPortrange (java.base@14.0.1)
 990:             5            160  java.net.Inet6Address$Inet6AddressHolder (java.base@14.0.1)
 991:             4            160  java.util.Collections$SingletonMap (java.base@14.0.1)
 992:            10            160  java.util.Formatter$Flags (java.base@14.0.1)
 993:             5            160  java.util.ImmutableCollections$ListItr (java.base@14.0.1)
 994:            10            160  java.util.concurrent.ConcurrentHashMap$EntrySetView (java.base@14.0.1)
 995:            10            160  java.util.concurrent.ConcurrentHashMap$ValuesView (java.base@14.0.1)
 996:             5            160  java.util.regex.Pattern$Curly (java.base@14.0.1)
 997:             5            160  javax.management.StandardEmitterMBean (java.management@14.0.1)
 998:             4            160  javax.xml.catalog.CatalogFeatures$Feature (java.xml@14.0.1)
 999:             5            160  jdk.internal.reflect.MethodAccessorGenerator$1 (java.base@14.0.1)
1000:             4            160  jdk.xml.internal.JdkXmlFeatures$XmlFeature (java.xml@14.0.1)
1001:             4            160  org.apache.catalina.mbeans.ContainerMBean
1002:             1            160  org.apache.catalina.session.StandardManager
1003:             4            160  org.springframework.asm.Handler
1004:             2            160  org.springframework.boot.SpringApplication
1005:             4            160  org.springframework.boot.context.properties.source.ConfigurationPropertyName$ElementsParser
1006:             1            160  org.springframework.boot.web.embedded.tomcat.TomcatEmbeddedWebappClassLoader
1007:             4            160  org.springframework.cglib.core.EmitUtils$6
1008:             2            160  org.springframework.context.support.PropertySourcesPlaceholderConfigurer
1009:             4            160  org.springframework.http.converter.json.MappingJackson2HttpMessageConverter
1010:             4            160  org.springframework.http.converter.xml.MappingJackson2XmlHttpMessageConverter
1011:            10            160  org.springframework.web.accept.HeaderContentNegotiationStrategy
1012:             2            160  org.springframework.web.servlet.handler.SimpleUrlHandlerMapping
1013:             1            160  org.springframework.web.servlet.mvc.method.annotation.RequestMappingHandlerAdapter
1014:             5            160  sun.security.util.LazyCodeSourcePermissionCollection (java.base@14.0.1)
1015:             5            160  sun.util.locale.provider.LocaleProviderAdapter$Type (java.base@14.0.1)
1016:             2            152  [Ljava.time.ZoneOffset; (java.base@14.0.1)
1017:             1            152  com.netflix.appinfo.InstanceInfo
1018:             1            152  com.sun.org.apache.xerces.internal.impl.XMLEntityManager (java.xml@14.0.1)
1019:             1            152  org.springframework.boot.web.servlet.context.AnnotationConfigServletWebServerApplicationContext
1020:             2            144  [Lcom.fasterxml.jackson.core.JsonParser$Feature;
1021:             6            144  com.fasterxml.jackson.annotation.JsonAutoDetect$Visibility
1022:             6            144  com.fasterxml.jackson.core.JsonParser$NumberType
1023:             9            144  com.fasterxml.jackson.databind.deser.BeanDeserializerFactory
1024:             9            144  com.fasterxml.jackson.databind.ser.BeanSerializerFactory
1025:             9            144  com.fasterxml.jackson.databind.type.TypeParser
1026:             3            144  com.fasterxml.jackson.datatype.jsr310.deser.InstantDeserializer
1027:             2            144  com.google.common.collect.MapMaker
1028:             6            144  com.sun.org.apache.xerces.internal.util.Status (java.xml@14.0.1)
1029:             9            144  com.sun.proxy.$Proxy31
1030:             9            144  com.sun.proxy.$Proxy70
1031:             9            144  com.sun.proxy.$Proxy71
1032:             6            144  io.micrometer.core.instrument.Meter$Type
1033:             6            144  io.micrometer.core.instrument.MeterRegistry$More$$Lambda$455/0x0000000800fa1c40
1034:             3            144  io.micrometer.core.instrument.distribution.DistributionStatisticConfig
1035:             6            144  java.lang.Thread$State (java.base@14.0.1)
1036:             3            144  java.lang.ThreadGroup (java.base@14.0.1)
1037:             6            144  java.lang.invoke.StringConcatFactory$Strategy (java.base@14.0.1)
1038:             6            144  java.lang.module.ModuleDescriptor$Requires$Modifier (java.base@14.0.1)
1039:             6            144  java.time.format.DateTimeFormatterBuilder$LocalizedPrinterParser (java.base@14.0.1)
1040:             3            144  java.time.temporal.JulianFields$Field (java.base@14.0.1)
1041:             9            144  java.util.TreeSet (java.base@14.0.1)
1042:             6            144  java.util.concurrent.Executors$RunnableAdapter (java.base@14.0.1)
1043:             3            144  java.util.concurrent.LinkedBlockingQueue (java.base@14.0.1)
1044:             2            144  java.util.concurrent.ThreadPoolExecutor (java.base@14.0.1)
1045:             9            144  java.util.concurrent.atomic.AtomicReferenceArray (java.base@14.0.1)
1046:             3            144  javax.management.openmbean.TabularType (java.management@14.0.1)
1047:             6            144  javax.validation.executable.ExecutableType
1048:             6            144  jdk.internal.perf.PerfCounter (java.base@14.0.1)
1049:             1            144  org.apache.catalina.core.StandardServer
1050:             1            144  org.apache.coyote.http11.Http11NioProtocol
1051:             6            144  org.apache.logging.log4j.MarkerManager$Log4jMarker
1052:             9            144  org.hibernate.validator.internal.engine.valueextraction.ArrayElement
1053:             6            144  org.jboss.logging.Logger$Level
1054:             3            144  org.joda.time.format.DateTimeFormatter
1055:             6            144  org.springframework.beans.factory.annotation.InitDestroyAnnotationBeanPostProcessor$LifecycleElement
1056:             2            144  org.springframework.beans.factory.config.DependencyDescriptor$1
1057:             2            144  org.springframework.beans.factory.support.DefaultListableBeanFactory$DependencyObjectProvider$2
1058:             6            144  org.springframework.boot.context.properties.source.ConfigurationPropertyName$ElementType
1059:             1            144  org.springframework.boot.web.embedded.tomcat.TomcatServletWebServerFactory
1060:             2            144  org.springframework.context.annotation.ClassPathBeanDefinitionScanner
1061:             9            144  org.springframework.core.DefaultParameterNameDiscoverer
1062:             9            144  org.springframework.core.LocalVariableTableParameterNameDiscoverer
1063:             9            144  org.springframework.core.StandardReflectionParameterNameDiscoverer
1064:             6            144  org.springframework.core.annotation.AnnotationAttributes$$Lambda$235/0x0000000800d71040
1065:             3            144  org.springframework.jmx.export.SpringModelMBean
1066:             9            144  org.springframework.web.context.request.RequestScope
1067:             6            144  org.springframework.web.servlet.resource.DefaultResourceResolverChain
1068:             2            144  sun.nio.cs.DoubleByte$Encoder_DBCSONLY (java.base@14.0.1)
1069:             3            144  sun.nio.cs.StreamDecoder (java.base@14.0.1)
1070:             3            144  sun.nio.cs.StreamEncoder (java.base@14.0.1)
1071:             9            144  sun.util.logging.internal.LoggingProviderImpl$JULWrapper (java.logging@14.0.1)
1072:             1            136  [Ljava.time.temporal.ChronoField; (java.base@14.0.1)
1073:             4            136  [Ljdk.xml.internal.JdkXmlFeatures$State; (java.xml@14.0.1)
1074:             6            136  [Lorg.springframework.aop.Advisor;
1075:             1            136  org.apache.catalina.core.StandardEngine
1076:             4            128  [Lcom.google.common.collect.MapMakerInternalMap$EntryFactory;
1077:             4            128  com.ctc.wstx.api.WriterConfig
1078:             4            128  com.ctc.wstx.stax.WstxInputFactory
1079:             8            128  com.fasterxml.jackson.databind.introspect.BasicClassIntrospector
1080:             8            128  com.fasterxml.jackson.databind.jsontype.impl.StdSubtypeResolver
1081:             8            128  com.fasterxml.jackson.databind.module.SimpleKeyDeserializers
1082:             8            128  com.fasterxml.jackson.databind.util.RootNameLookup
1083:             8            128  com.fasterxml.jackson.datatype.jdk8.Jdk8Deserializers
1084:             8            128  com.fasterxml.jackson.datatype.jdk8.Jdk8Serializers
1085:             8            128  com.fasterxml.jackson.datatype.jdk8.Jdk8TypeModifier
1086:             8            128  com.fasterxml.jackson.datatype.jsr310.JavaTimeModule$1
1087:             8            128  com.google.gson.TypeAdapter$1
1088:             4            128  com.netflix.servo.monitor.StepLong
1089:             4            128  com.sun.jmx.mbeanserver.DefaultMXBeanMappingFactory$ArrayMapping (java.management@14.0.1)
1090:             4            128  com.sun.jmx.mbeanserver.Repository$ObjectNamePattern (java.management@14.0.1)
1091:             4            128  com.sun.org.apache.xerces.internal.util.XMLResourceIdentifierImpl (java.xml@14.0.1)
1092:             8            128  io.micrometer.core.instrument.binder.jvm.JvmMemoryMetrics$$Lambda$446/0x0000000800f89440
1093:             8            128  io.micrometer.core.instrument.binder.jvm.JvmMemoryMetrics$$Lambda$447/0x0000000800f88840
1094:             8            128  io.micrometer.core.instrument.binder.jvm.JvmMemoryMetrics$$Lambda$448/0x0000000800f88c40
1095:             8            128  java.lang.reflect.AccessibleObject$$Lambda$1/0x0000000800b67840 (java.base@14.0.1)
1096:             4            128  java.util.concurrent.ConcurrentHashMap$ReservationNode (java.base@14.0.1)
1097:             4            128  java.util.concurrent.FutureTask (java.base@14.0.1)
1098:             4            128  java.util.stream.FindOps$FindOp (java.base@14.0.1)
1099:             2            128  java.util.stream.SortedOps$OfRef (java.base@14.0.1)
1100:             4            128  org.apache.tomcat.util.collections.SynchronizedStack
1101:             2            128  org.springframework.asm.FieldWriter
1102:             2            128  org.springframework.asm.SymbolTable
1103:             4            128  org.springframework.beans.propertyeditors.CustomCollectionEditor
1104:             4            128  org.springframework.boot.actuate.autoconfigure.endpoint.ExposeExcludePropertyEndpointFilter
1105:             4            128  org.springframework.boot.actuate.endpoint.web.WebOperationRequestPredicate
1106:             4            128  org.springframework.boot.actuate.endpoint.web.annotation.DiscoveredWebOperation
1107:             8            128  org.springframework.boot.convert.CollectionToDelimitedStringConverter
1108:             4            128  org.springframework.cglib.core.ClassEmitter$1
1109:             4            128  org.springframework.cglib.reflect.FastClassEmitter$4
1110:             1            128  org.springframework.cloud.netflix.eureka.EurekaInstanceConfigBean
1111:             1            128  org.springframework.context.annotation.AnnotationConfigApplicationContext
1112:             2            128  org.springframework.context.annotation.CommonAnnotationBeanPostProcessor
1113:             4            128  org.springframework.context.annotation.ConditionEvaluator$ConditionContextImpl
1114:             2            128  org.springframework.context.annotation.ConfigurationClassPostProcessor
1115:             2            128  org.springframework.core.type.classreading.CachingMetadataReaderFactory$LocalResourceCache
1116:             4            128  org.springframework.expression.spel.SpelParserConfiguration
1117:             4            128  org.springframework.http.converter.StringHttpMessageConverter
1118:             4            128  org.springframework.web.method.annotation.RequestParamMethodArgumentResolver
1119:             8            128  org.springframework.web.servlet.mvc.condition.ConsumesRequestCondition
1120:             8            128  org.springframework.web.servlet.mvc.condition.HeadersRequestCondition
1121:             8            128  org.springframework.web.servlet.mvc.condition.RequestMethodsRequestCondition
1122:             2            128  org.springframework.web.servlet.view.AbstractCachingViewResolver$2
1123:             2            128  sun.nio.cs.DoubleByte$Decoder_DBCSONLY (java.base@14.0.1)
1124:             1            128  sun.nio.fs.UnixFileAttributes (java.base@14.0.1)
1125:             4            128  sun.util.locale.provider.LocaleResources (java.base@14.0.1)
1126:             3            120  [Ljava.lang.invoke.LambdaForm$BasicType; (java.base@14.0.1)
1127:             3            120  [Ljava.lang.invoke.VarHandle$AccessType; (java.base@14.0.1)
1128:             3            120  [Lorg.springframework.http.HttpMethod;
1129:             5            120  ch.qos.logback.core.pattern.parser.TokenStream$TokenizerState
1130:             5            120  ch.qos.logback.core.subst.Token$Type
1131:             5            120  com.fasterxml.jackson.annotation.Nulls
1132:             5            120  com.netflix.appinfo.InstanceInfo$InstanceStatus
1133:             5            120  com.netflix.hystrix.strategy.properties.archaius.HystrixDynamicPropertiesArchaius$StringDynamicProperty
1134:             5            120  com.netflix.servo.annotations.DataSourceType
1135:             5            120  com.netflix.servo.tag.BasicTag
1136:             5            120  com.sun.org.apache.xalan.internal.utils.FeaturePropertyBase$State (java.xml@14.0.1)
1137:             5            120  com.sun.org.apache.xalan.internal.utils.XMLSecurityManager$State (java.xml@14.0.1)
1138:             3            120  com.sun.org.apache.xerces.internal.impl.dtd.XMLEntityDecl (java.xml@14.0.1)
1139:             1            120  com.sun.org.apache.xerces.internal.jaxp.SAXParserImpl$JAXPSAXParser (java.xml@14.0.1)
1140:             5            120  com.sun.org.apache.xerces.internal.util.PropertyState (java.xml@14.0.1)
1141:             5            120  com.sun.org.apache.xerces.internal.utils.XMLSecurityManager$State (java.xml@14.0.1)
1142:             5            120  com.sun.org.apache.xerces.internal.utils.XMLSecurityPropertyManager$State (java.xml@14.0.1)
1143:             3            120  freemarker.ext.beans.BeansModelCache
1144:             5            120  io.micrometer.core.instrument.MeterRegistry$$Lambda$433/0x0000000800f8d040
1145:             5            120  java.lang.Class$1 (java.base@14.0.1)
1146:             3            120  java.lang.WeakPairMap$Pair$Weak (java.base@14.0.1)
1147:             5            120  java.net.Inet4Address (java.base@14.0.1)
1148:             5            120  java.net.Inet6Address (java.base@14.0.1)
1149:             5            120  java.time.format.SignStyle (java.base@14.0.1)
1150:             5            120  java.util.Collections$3 (java.base@14.0.1)
1151:             3            120  java.util.Properties$LineReader (java.base@14.0.1)
1152:             3            120  java.util.TreeMap$KeySpliterator (java.base@14.0.1)
1153:             5            120  java.util.stream.StreamOpFlag$Type (java.base@14.0.1)
1154:             3            120  javax.management.MalformedObjectNameException (java.management@14.0.1)
1155:             5            120  javax.management.NotificationBroadcasterSupport (java.management@14.0.1)
1156:             5            120  javax.servlet.DispatcherType
1157:             3            120  jdk.internal.loader.URLClassPath (java.base@14.0.1)
1158:             3            120  jdk.internal.math.FloatingDecimal$BinaryToASCIIBuffer (java.base@14.0.1)
1159:             5            120  jdk.internal.math.FloatingDecimal$PreparedASCIIToBinaryBuffer (java.base@14.0.1)
1160:             5            120  jdk.net.ExtendedSocketOptions$ExtSocketOption (jdk.net@14.0.1)
1161:             5            120  jdk.xml.internal.JdkXmlFeatures$State (java.xml@14.0.1)
1162:             3            120  org.apache.tomcat.util.buf.UDecoder$DecodeException
1163:             5            120  org.apache.tomcat.util.threads.InlineExecutorService
1164:             5            120  org.hibernate.validator.internal.metadata.raw.ConstrainedElement$ConstrainedElementKind
1165:             5            120  org.springframework.beans.factory.config.EmbeddedValueResolver
1166:             5            120  org.springframework.boot.actuate.autoconfigure.health.OnEnabledHealthIndicatorCondition
1167:             5            120  org.springframework.boot.actuate.health.Status
1168:             5            120  org.springframework.boot.ansi.AnsiStyle
1169:             5            120  org.springframework.boot.autoconfigure.web.servlet.WebMvcAutoConfiguration$EnableWebMvcConfiguration$$FastClassBySpringCGLIB$$982f18bb
1170:             5            120  org.springframework.boot.context.config.ConfigFileApplicationListener$PropertySourceOrderingPostProcessor
1171:             5            120  org.springframework.boot.context.properties.source.DefaultPropertyMapper$LastMapping
1172:             5            120  org.springframework.boot.context.properties.source.SpringConfigurationPropertySources$SourcesIterator
1173:             5            120  org.springframework.boot.origin.TextResourceOrigin
1174:             5            120  org.springframework.boot.origin.TextResourceOrigin$Location
1175:             3            120  org.springframework.cloud.context.scope.GenericScope$LockedScopedProxyFactoryBean
1176:             5            120  org.springframework.context.annotation.AnnotationScopeMetadataResolver
1177:             5            120  org.springframework.context.annotation.FilterType
1178:             3            120  org.springframework.context.event.SimpleApplicationEventMulticaster
1179:             5            120  org.springframework.core.ResolvableType$SyntheticParameterizedType
1180:             5            120  org.springframework.core.ResolvableType$TypeVariablesVariableResolver
1181:             5            120  org.springframework.core.convert.support.GenericConversionService$Converters
1182:             5            120  org.springframework.http.HttpStatus$Series
1183:             3            120  org.springframework.web.accept.ServletPathExtensionContentNegotiationStrategy
1184:             1            120  org.springframework.web.servlet.DispatcherServlet
1185:             3            120  org.springframework.web.servlet.handler.AbstractHandlerMethodMapping$MappingRegistry
1186:             3            120  org.springframework.web.servlet.mvc.method.annotation.HttpEntityMethodProcessor
1187:             3            120  org.springframework.web.servlet.mvc.method.annotation.RequestResponseBodyMethodProcessor
1188:             5            120  org.yaml.snakeyaml.DumperOptions$ScalarStyle
1189:             2            112  [Lcom.fasterxml.jackson.core.JsonGenerator$Feature;
1190:             5            112  [Lcom.fasterxml.jackson.databind.deser.BeanDeserializerModifier;
1191:             5            112  [Lcom.fasterxml.jackson.databind.ser.BeanSerializerModifier;
1192:             4            112  [Lcom.sun.org.apache.xalan.internal.utils.FeaturePropertyBase$State; (java.xml@14.0.1)
1193:             3            112  [Lcom.sun.org.apache.xerces.internal.util.XMLAttributesImpl$Attribute; (java.xml@14.0.1)
1194:             1            112  [Ljava.time.LocalTime; (java.base@14.0.1)
1195:             2            112  [Ljavax.management.openmbean.OpenType; (java.management@14.0.1)
1196:             2            112  [Lorg.springframework.boot.autoconfigure.cache.CacheType;
1197:             3            112  [Lorg.springframework.web.bind.annotation.RequestMethod;
1198:             1            112  [Lorg.yaml.snakeyaml.tokens.Token$ID;
1199:             2            112  com.fasterxml.jackson.databind.type.CollectionType
1200:             2            112  com.sun.management.GcInfo (jdk.management@14.0.1)
1201:             2            112  com.sun.org.apache.xerces.internal.util.XMLAttributesIteratorImpl (java.xml@14.0.1)
1202:             7            112  com.sun.proxy.$Proxy29
1203:             7            112  com.sun.proxy.jdk.proxy1.$Proxy9 (jdk.proxy1@)
1204:             2            112  java.nio.DirectIntBufferRU (java.base@14.0.1)
1205:             7            112  java.util.EnumMap$EntrySet (java.base@14.0.1)
1206:             1            112  jdk.internal.loader.ClassLoaders$AppClassLoader (java.base@14.0.1)
1207:             1            112  jdk.internal.loader.ClassLoaders$BootClassLoader (java.base@14.0.1)
1208:             1            112  jdk.internal.loader.ClassLoaders$PlatformClassLoader (java.base@14.0.1)
1209:             1            112  org.apache.catalina.connector.Connector
1210:             7            112  org.apache.catalina.webresources.Cache$EvictionOrder
1211:             1            112  org.apache.tomcat.util.digester.Digester
1212:             7            112  org.springframework.boot.actuate.autoconfigure.metrics.export.simple.SimplePropertiesConfigAdapter$$Lambda$440/0x0000000800f8bc40
1213:             1            112  org.springframework.boot.actuate.endpoint.web.servlet.ControllerEndpointHandlerMapping
1214:             2            112  org.springframework.expression.spel.support.StandardEvaluationContext
1215:             7            112  org.springframework.web.cors.DefaultCorsProcessor
1216:             7            112  org.springframework.web.servlet.mvc.condition.ParamsRequestCondition
1217:             7            112  org.springframework.web.servlet.mvc.condition.RequestConditionHolder
1218:             2            112  sun.util.PropertyResourceBundleCharset$PropertiesFileDecoder (java.base@14.0.1)
1219:             3            104  [Lorg.springframework.core.io.Resource;
1220:             2            104  [Lsun.util.logging.PlatformLogger$Level; (java.base@14.0.1)
1221:             1            104  ch.qos.logback.classic.LoggerContext
1222:             1            104  org.apache.catalina.authenticator.NonLoginAuthenticator
1223:             1            104  org.apache.tomcat.util.net.SocketProperties
1224:             1            104  org.springframework.boot.actuate.endpoint.web.servlet.WebMvcEndpointHandlerMapping
1225:             1            104  org.springframework.boot.loader.LaunchedURLClassLoader
1226:             1            104  org.springframework.http.converter.json.Jackson2ObjectMapperBuilder
1227:             1            104  org.springframework.web.servlet.view.InternalResourceViewResolver
1228:             1            104  org.springframework.web.servlet.view.freemarker.FreeMarkerViewResolver
1229:             2             96  [Lcom.fasterxml.jackson.annotation.PropertyAccessor;
1230:             2             96  [Lcom.sun.org.apache.xerces.internal.utils.XMLSecurityManager$State; (java.xml@14.0.1)
1231:             2             96  [Ljava.lang.System$Logger$Level; (java.base@14.0.1)
1232:             2             96  [Ljava.lang.management.MemoryUsage; (java.management@14.0.1)
1233:             2             96  [Ljava.util.regex.Pattern; (java.base@14.0.1)
1234:             4             96  [Lorg.apache.logging.log4j.Marker;
1235:             2             96  [Lorg.apache.logging.log4j.spi.StandardLevel;
1236:             2             96  [Lorg.springframework.boot.logging.LogLevel;
1237:             1             96  [Lsun.util.locale.BaseLocale; (java.base@14.0.1)
1238:             4             96  ch.qos.logback.core.pattern.parser.Token
1239:             4             96  ch.qos.logback.core.subst.Token
1240:             4             96  com.fasterxml.jackson.annotation.JsonCreator$Mode
1241:             4             96  com.fasterxml.jackson.core.JsonFactory$Feature
1242:             4             96  com.fasterxml.jackson.databind.type.TypeBindings$AsKey
1243:             4             96  com.fasterxml.jackson.dataformat.xml.JacksonXmlAnnotationIntrospector
1244:             3             96  com.netflix.servo.monitor.BasicTimer$FactorMonitor
1245:             3             96  com.sun.jmx.mbeanserver.DefaultMXBeanMappingFactory$EnumMapping (java.management@14.0.1)
1246:             2             96  com.sun.management.internal.GarbageCollectorExtImpl (jdk.management@14.0.1)
1247:             3             96  com.sun.org.apache.xalan.internal.utils.XMLSecurityManager (java.xml@14.0.1)
1248:             3             96  com.sun.org.apache.xalan.internal.utils.XMLSecurityManager$NameMap (java.xml@14.0.1)
1249:             2             96  com.sun.org.apache.xerces.internal.impl.XMLDocumentFragmentScannerImpl$ElementStack (java.xml@14.0.1)
1250:             1             96  com.sun.org.apache.xerces.internal.impl.dtd.XMLDTDProcessor (java.xml@14.0.1)
1251:             3             96  com.sun.org.apache.xerces.internal.utils.XMLSecurityManager$NameMap (java.xml@14.0.1)
1252:             6             96  com.sun.proxy.$Proxy15
1253:             6             96  com.sun.proxy.$Proxy47
1254:             6             96  com.sun.proxy.$Proxy84
1255:             4             96  io.micrometer.core.instrument.MeterRegistry$$Lambda$460/0x0000000800fa3440
1256:             4             96  io.micrometer.core.instrument.MeterRegistry$1
1257:             6             96  io.micrometer.core.instrument.binder.jvm.JvmThreadMetrics$$Lambda$452/0x0000000800fa1040
1258:             3             96  java.io.FileOutputStream (java.base@14.0.1)
1259:             3             96  java.lang.Runtime$Version (java.base@14.0.1)
1260:             4             96  java.lang.StringCoding$Result (java.base@14.0.1)
1261:             4             96  java.lang.ThreadLocal$ThreadLocalMap (java.base@14.0.1)
1262:             3             96  java.lang.WeakPairMap$Pair$Weak$1 (java.base@14.0.1)
1263:             2             96  java.lang.invoke.BoundMethodHandle$Species_LLLL (java.base@14.0.1)
1264:             2             96  java.lang.invoke.BoundMethodHandle$Species_LLLLL (java.base@14.0.1)
1265:             4             96  java.lang.invoke.StringConcatFactory$RecipeElement (java.base@14.0.1)
1266:             4             96  java.lang.module.ModuleDescriptor$Modifier (java.base@14.0.1)
1267:             4             96  java.lang.module.ModuleDescriptor$Opens (java.base@14.0.1)
1268:             3             96  java.security.BasicPermissionCollection (java.base@14.0.1)
1269:             4             96  java.text.Normalizer$Form (java.base@14.0.1)
1270:             4             96  java.time.format.DateTimeFormatterBuilder$OffsetIdPrinterParser (java.base@14.0.1)
1271:             4             96  java.time.format.DateTimeFormatterBuilder$SettingsParser (java.base@14.0.1)
1272:             4             96  java.time.format.FormatStyle (java.base@14.0.1)
1273:             6             96  java.util.Collections$UnmodifiableCollection (java.base@14.0.1)
1274:             6             96  java.util.Optional (java.base@14.0.1)
1275:             3             96  java.util.Random (java.base@14.0.1)
1276:             4             96  java.util.concurrent.LinkedBlockingQueue$Node (java.base@14.0.1)
1277:             1             96  java.util.jar.JarFile$JarFileEntry (java.base@14.0.1)
1278:             3             96  java.util.logging.LogManager$4 (java.logging@14.0.1)
1279:             3             96  java.util.logging.LogManager$LoggerContext$1 (java.logging@14.0.1)
1280:             6             96  java.util.regex.Pattern$CharPredicate$$Lambda$169/0x0000000800c93840 (java.base@14.0.1)
1281:             4             96  java.util.regex.Pattern$Qtype (java.base@14.0.1)
1282:             4             96  java.util.regex.Pattern$TreeInfo (java.base@14.0.1)
1283:             4             96  java.util.stream.StreamShape (java.base@14.0.1)
1284:             4             96  javax.annotation.meta.When
1285:             3             96  javax.management.MBeanConstructorInfo (java.management@14.0.1)
1286:             4             96  javax.management.ObjectName$PatternProperty (java.management@14.0.1)
1287:             1             96  jdk.internal.jimage.ImageReader$SharedImageReader (java.base@14.0.1)
1288:             3             96  jdk.internal.loader.BuiltinClassLoader$1 (java.base@14.0.1)
1289:             6             96  jdk.internal.loader.ClassLoaderValue (java.base@14.0.1)
1290:             4             96  jdk.internal.logger.BootstrapLogger$LoggingBackend (java.base@14.0.1)
1291:             2             96  org.apache.catalina.mbeans.NamingResourcesMBean
1292:             4             96  org.apache.catalina.webresources.EmptyResource
1293:             4             96  org.apache.commons.logging.LogAdapter$LogApi
1294:             3             96  org.apache.tomcat.util.collections.SynchronizedQueue
1295:             4             96  org.apache.tomcat.util.digester.ArrayStack
1296:             3             96  org.apache.tomcat.util.http.ConcurrentDateFormat
1297:             4             96  org.apache.tomcat.util.net.AbstractEndpoint$BindState
1298:             4             96  org.apache.tomcat.util.net.Acceptor$AcceptorState
1299:             2             96  org.apache.tomcat.util.net.NioEndpoint$Poller
1300:             1             96  org.apache.tomcat.util.threads.ThreadPoolExecutor
1301:             1             96  org.apache.tomcat.websocket.server.WsServerContainer
1302:             2             96  org.springframework.aop.framework.AdvisedSupport
1303:             4             96  org.springframework.aop.support.DefaultPointcutAdvisor
1304:             3             96  org.springframework.aop.target.SimpleBeanTargetSource
1305:             2             96  org.springframework.beans.factory.NoSuchBeanDefinitionException
1306:             2             96  org.springframework.beans.factory.annotation.AutowiredAnnotationBeanPostProcessor
1307:             4             96  org.springframework.beans.factory.annotation.AutowiredAnnotationBeanPostProcessor$$Lambda$262/0x0000000800dab040
1308:             4             96  org.springframework.beans.factory.annotation.AutowiredAnnotationBeanPostProcessor$$Lambda$263/0x0000000800dab440
1309:             3             96  org.springframework.beans.factory.support.ConstructorResolver$ArgumentsHolder
1310:             4             96  org.springframework.boot.actuate.autoconfigure.metrics.JvmMetricsAutoConfiguration$$EnhancerBySpringCGLIB$$a644d74b$$FastClassBySpringCGLIB$$b39ceec0
1311:             4             96  org.springframework.boot.actuate.autoconfigure.metrics.JvmMetricsAutoConfiguration$$FastClassBySpringCGLIB$$4a37b84f
1312:             4             96  org.springframework.boot.actuate.autoconfigure.metrics.web.servlet.WebMvcMetricsAutoConfiguration$$EnhancerBySpringCGLIB$$6799725f$$FastClassBySpringCGLIB$$dac0dfc3
1313:             4             96  org.springframework.boot.actuate.autoconfigure.metrics.web.servlet.WebMvcMetricsAutoConfiguration$$FastClassBySpringCGLIB$$5e8884e3
1314:             4             96  org.springframework.boot.actuate.endpoint.annotation.EndpointDiscoverer$1
1315:             3             96  org.springframework.boot.actuate.endpoint.annotation.EndpointDiscoverer$ExtensionBean
1316:             4             96  org.springframework.boot.actuate.endpoint.web.servlet.AbstractWebMvcEndpointHandlerMapping$OperationHandler
1317:             4             96  org.springframework.boot.actuate.endpoint.web.servlet.AbstractWebMvcEndpointHandlerMapping$ServletWebOperationAdapter
1318:             4             96  org.springframework.boot.autoconfigure.jmx.JmxAutoConfiguration$$EnhancerBySpringCGLIB$$d36327d3$$FastClassBySpringCGLIB$$bf7df1e2
1319:             4             96  org.springframework.boot.autoconfigure.jmx.JmxAutoConfiguration$$FastClassBySpringCGLIB$$e2017fd7
1320:             1             96  org.springframework.boot.autoconfigure.web.ServerProperties$Tomcat
1321:             4             96  org.springframework.boot.context.properties.source.SpringConfigurationPropertySource
1322:             4             96  org.springframework.boot.context.properties.source.SpringConfigurationPropertySources
1323:             4             96  org.springframework.cglib.core.Block
1324:             2             96  org.springframework.cglib.reflect.FastClassEmitter
1325:             4             96  org.springframework.cglib.reflect.FastClassEmitter$GetIndexCallback
1326:             4             96  org.springframework.cloud.netflix.ribbon.RibbonAutoConfiguration$$EnhancerBySpringCGLIB$$51441891$$FastClassBySpringCGLIB$$bfaf2f9f
1327:             4             96  org.springframework.cloud.netflix.ribbon.RibbonAutoConfiguration$$FastClassBySpringCGLIB$$1a77d6d5
1328:             6             96  org.springframework.context.annotation.AnnotationBeanNameGenerator
1329:             4             96  org.springframework.context.annotation.CommonAnnotationBeanPostProcessor$$Lambda$260/0x0000000800dab840
1330:             4             96  org.springframework.context.annotation.CommonAnnotationBeanPostProcessor$$Lambda$261/0x0000000800dabc40
1331:             2             96  org.springframework.context.annotation.ConfigurationClassEnhancer$BeanFactoryAwareGeneratorStrategy$1
1332:             4             96  org.springframework.context.annotation.ScopedProxyMode
1333:             4             96  org.springframework.context.support.ApplicationListenerDetector
1334:             4             96  org.springframework.core.OrderComparator$$Lambda$267/0x0000000800da9840
1335:             4             96  org.springframework.core.env.PropertySource$ComparisonPropertySource
1336:             4             96  org.springframework.core.env.PropertySource$StubPropertySource
1337:             6             96  org.springframework.format.datetime.joda.ReadablePartialPrinter
1338:             4             96  org.springframework.http.converter.ResourceRegionHttpMessageConverter
1339:             3             96  org.springframework.http.converter.xml.SourceHttpMessageConverter
1340:             1             96  org.springframework.scheduling.concurrent.ThreadPoolTaskExecutor
1341:             4             96  org.springframework.util.ConcurrentReferenceHashMap$TaskOption
1342:             4             96  org.springframework.web.method.annotation.ModelAttributeMethodProcessor
1343:             3             96  org.springframework.web.servlet.mvc.method.RequestMappingInfo$BuilderConfiguration
1344:             1             96  org.springframework.web.servlet.mvc.method.annotation.RequestMappingHandlerMapping
1345:             3             96  org.springframework.web.servlet.resource.PathResourceResolver
1346:             4             96  org.yaml.snakeyaml.nodes.NodeId
1347:             1             96  sun.nio.ch.ServerSocketChannelImpl (java.base@14.0.1)
1348:             1             96  sun.security.jca.ProviderList$1 (java.base@14.0.1)
1349:             1             96  sun.security.provider.Sun (java.base@14.0.1)
1350:             2             88  [Ljava.nio.file.attribute.PosixFilePermission; (java.base@14.0.1)
1351:             4             88  [Lorg.apache.catalina.connector.Connector;
1352:             1             88  [Lorg.springframework.boot.ansi.AnsiColor;
1353:             2             88  [Lsun.security.jca.ProviderConfig; (java.base@14.0.1)
1354:             1             88  io.micrometer.core.instrument.composite.CompositeMeterRegistry
1355:             1             88  org.apache.catalina.webresources.StandardRoot
1356:             1             88  org.springframework.aop.aspectj.annotation.AnnotationAwareAspectJAutoProxyCreator
1357:             1             88  org.springframework.boot.autoconfigure.web.servlet.WebMvcAutoConfiguration$EnableWebMvcConfiguration$$EnhancerBySpringCGLIB$$bee50937
1358:             1             88  org.springframework.jmx.export.annotation.AnnotationMBeanExporter
1359:             1             88  sun.nio.cs.CharsetMapping (java.base@14.0.1)
1360:             2             80  [F (java.base@14.0.1)
1361:             2             80  [Lcom.netflix.servo.annotations.DataSourceType;
1362:             1             80  [Ljava.util.concurrent.ForkJoinPool$WorkQueue; (java.base@14.0.1)
1363:             1             80  [Ljava.util.concurrent.RunnableScheduledFuture; (java.base@14.0.1)
1364:             5             80  [Ljava.util.regex.IntHashSet; (java.base@14.0.1)
1365:             2             80  [Ljava.util.stream.StreamOpFlag$Type; (java.base@14.0.1)
1366:             5             80  [Ljavax.management.modelmbean.ModelMBeanConstructorInfo; (java.management@14.0.1)
1367:             5             80  [Ljavax.management.modelmbean.ModelMBeanNotificationInfo; (java.management@14.0.1)
1368:             2             80  [Ljavax.servlet.DispatcherType;
1369:             2             80  [Ljavax.validation.executable.ExecutableType;
1370:             1             80  [Ljavax.websocket.CloseReason$CloseCodes;
1371:             2             80  [Lorg.springframework.context.annotation.FilterType;
1372:             2             80  [Lorg.springframework.http.HttpStatus$Series;
1373:             2             80  [[S (java.base@14.0.1)
1374:             2             80  com.ctc.wstx.util.SymbolTable
1375:             1             80  com.google.gson.Gson
1376:             5             80  com.netflix.config.PropertyWrapper$1
1377:             5             80  com.netflix.config.PropertyWrapper$2
1378:             2             80  com.sun.jmx.mbeanserver.DefaultMXBeanMappingFactory$TabularMapping (java.management@14.0.1)
1379:             2             80  com.sun.org.apache.xerces.internal.impl.XMLDocumentFragmentScannerImpl$ElementStack2 (java.xml@14.0.1)
1380:             2             80  com.sun.org.apache.xerces.internal.impl.dtd.XMLDTDDescription (java.xml@14.0.1)
1381:             2             80  com.sun.org.apache.xerces.internal.impl.validation.ValidationState (java.xml@14.0.1)
1382:             5             80  com.sun.proxy.$Proxy49
1383:             5             80  com.sun.proxy.jdk.proxy1.$Proxy95 (jdk.proxy1@)
1384:             5             80  freemarker.log._JULLoggerFactory$JULLogger
1385:             2             80  io.micrometer.core.instrument.TimeGauge$Builder
1386:             2             80  io.micrometer.core.instrument.binder.jvm.JvmGcMetrics$$Lambda$441/0x0000000800f8b440
1387:             2             80  java.io.BufferedInputStream (java.base@14.0.1)
1388:             2             80  java.io.BufferedWriter (java.base@14.0.1)
1389:             2             80  java.io.PrintStream (java.base@14.0.1)
1390:             2             80  java.lang.ModuleLayer (java.base@14.0.1)
1391:             2             80  java.lang.VirtualMachineError (java.base@14.0.1)
1392:             2             80  java.lang.invoke.VarHandleReferences$Array (java.base@14.0.1)
1393:             2             80  java.lang.module.Configuration (java.base@14.0.1)
1394:             5             80  java.net.URLPermission$Authority (java.base@14.0.1)
1395:             2             80  java.util.Locale$Category (java.base@14.0.1)
1396:             2             80  java.util.Spliterators$IteratorSpliterator (java.base@14.0.1)
1397:             1             80  java.util.concurrent.ScheduledThreadPoolExecutor (java.base@14.0.1)
1398:             2             80  java.util.regex.Pattern$Loop (java.base@14.0.1)
1399:             2             80  jdk.internal.loader.AbstractClassLoaderValue$Memoizer (java.base@14.0.1)
1400:             2             80  jdk.internal.org.objectweb.asm.ClassReader (java.base@14.0.1)
1401:             5             80  jdk.internal.reflect.ClassDefiner$1 (java.base@14.0.1)
1402:             1             80  org.apache.catalina.core.StandardService
1403:             1             80  org.apache.catalina.startup.Tomcat$SimpleRealm
1404:             1             80  org.apache.coyote.RequestGroupInfo
1405:             2             80  org.hibernate.validator.internal.metadata.core.AnnotationProcessingOptionsImpl
1406:             2             80  org.springframework.asm.ClassReader
1407:             2             80  org.springframework.beans.propertyeditors.CustomBooleanEditor
1408:             1             80  org.springframework.boot.autoconfigure.web.servlet.WelcomePageHandlerMapping
1409:             2             80  org.springframework.boot.context.properties.ConfigurationPropertiesBinder
1410:             2             80  org.springframework.boot.context.properties.bind.Binder$Context
1411:             5             80  org.springframework.boot.context.properties.source.SpringConfigurationPropertySources$$Lambda$73/0x0000000800bef840
1412:             2             80  org.springframework.cglib.core.EmitUtils$12
1413:             2             80  org.springframework.cloud.autoconfigure.ConfigurationPropertiesRebinderAutoConfiguration$$EnhancerBySpringCGLIB$$7011bbb4
1414:             2             80  org.springframework.cloud.context.properties.ConfigurationPropertiesBeans
1415:             2             80  org.springframework.context.annotation.ConfigurationClassBeanDefinitionReader
1416:             2             80  org.springframework.context.event.EventListenerMethodProcessor
1417:             2             80  org.springframework.context.expression.StandardBeanExpressionResolver
1418:             5             80  org.springframework.core.$Proxy85
1419:             5             80  org.springframework.core.env.MutablePropertySources
1420:             2             80  org.springframework.expression.spel.support.ReflectivePropertyAccessor
1421:             2             80  org.springframework.jndi.support.SimpleJndiBeanFactory
1422:             1             80  org.springframework.web.servlet.handler.BeanNameUrlHandlerMapping
1423:             1             80  org.springframework.web.servlet.mvc.method.annotation.ExceptionHandlerExceptionResolver
1424:             2             80  sun.management.MemoryManagerImpl (java.management@14.0.1)
1425:             1             80  sun.text.normalizer.NormalizerImpl (java.base@14.0.1)
1426:             1             80  sun.util.cldr.CLDRLocaleProviderAdapter (java.base@14.0.1)
1427:             1             80  sun.util.locale.provider.JRELocaleProviderAdapter (java.base@14.0.1)
1428:             1             80  sun.util.locale.provider.LocaleProviderAdapter$NonExistentAdapter (java.base@14.0.1)
1429:             1             72  [Ljavax.management.openmbean.SimpleType; (java.management@14.0.1)
1430:             3             72  [Ljavax.validation.constraintvalidation.ValidationTarget;
1431:             4             72  [Lorg.springframework.core.annotation.AnnotationAttributes;
1432:             1             72  ch.qos.logback.core.ConsoleAppender
1433:             3             72  ch.qos.logback.core.pattern.FormatInfo
1434:             3             72  ch.qos.logback.core.spi.FilterReply
1435:             3             72  ch.qos.logback.core.subst.Tokenizer$TokenizerState
1436:             3             72  com.fasterxml.jackson.databind.PropertyName
1437:             3             72  com.fasterxml.jackson.databind.ser.std.NumberSerializer
1438:             1             72  com.fasterxml.jackson.dataformat.xml.JacksonXmlModule
1439:             3             72  com.fasterxml.jackson.datatype.jsr310.deser.JSR310StringParsableDeserializer
1440:             1             72  com.fasterxml.jackson.module.paramnames.ParameterNamesModule
1441:             3             72  com.netflix.appinfo.DataCenterInfo$Name
1442:             3             72  com.netflix.servo.annotations.DataSourceLevel
1443:             3             72  com.sun.org.apache.xalan.internal.utils.XMLSecurityPropertyManager (java.xml@14.0.1)
1444:             1             72  freemarker.ext.beans.BeansWrapper
1445:             3             72  freemarker.ext.beans.StaticModels
1446:             3             72  freemarker.ext.beans._EnumModels
1447:             1             72  freemarker.template.DefaultObjectWrapper
1448:             1             72  freemarker.template.SimpleObjectWrapper
1449:             3             72  io.micrometer.core.instrument.binder.jvm.GcGenerationAge
1450:             3             72  io.micrometer.core.instrument.config.MeterFilterReply
1451:             3             72  java.lang.NamedPackage (java.base@14.0.1)
1452:             3             72  java.lang.WeakPairMap (java.base@14.0.1)
1453:             3             72  java.lang.annotation.RetentionPolicy (java.base@14.0.1)
1454:             1             72  java.lang.invoke.BoundMethodHandle$Species_LLLLLLLLLLL (java.base@14.0.1)
1455:             3             72  java.lang.invoke.InvokerBytecodeGenerator$CpPatch (java.base@14.0.1)
1456:             3             72  java.lang.invoke.StringConcatFactory$Mode (java.base@14.0.1)
1457:             1             72  java.security.SecureRandom (java.base@14.0.1)
1458:             3             72  java.time.format.ResolverStyle (java.base@14.0.1)
1459:             3             72  java.util.regex.Pattern$Prolog (java.base@14.0.1)
1460:             3             72  java.util.stream.Collector$Characteristics (java.base@14.0.1)
1461:             3             72  java.util.stream.MatchOps$$Lambda$238/0x0000000800d71c40 (java.base@14.0.1)
1462:             3             72  java.util.stream.MatchOps$1MatchSink (java.base@14.0.1)
1463:             3             72  java.util.stream.MatchOps$MatchKind (java.base@14.0.1)
1464:             3             72  java.util.stream.MatchOps$MatchOp (java.base@14.0.1)
1465:             3             72  java.util.stream.ReferencePipeline$2$1 (java.base@14.0.1)
1466:             3             72  javax.management.ObjectInstance (java.management@14.0.1)
1467:             3             72  javax.servlet.SessionTrackingMode
1468:             3             72  jdk.internal.math.FloatingDecimal$ExceptionalBinaryToASCIIBuffer (java.base@14.0.1)
1469:             3             72  jdk.internal.misc.Signal (java.base@14.0.1)
1470:             3             72  jdk.internal.module.IllegalAccessLogger$Mode (java.base@14.0.1)
1471:             3             72  jdk.xml.internal.JdkXmlFeatures (java.xml@14.0.1)
1472:             1             72  org.apache.catalina.servlets.DefaultServlet
1473:             3             72  org.hibernate.validator.internal.metadata.raw.ConfigurationSource
1474:             3             72  org.hibernate.validator.internal.util.ConcurrentReferenceHashMap$ReferenceType
1475:             3             72  org.hibernate.validator.resourceloading.PlatformResourceBundleLocator
1476:             3             72  org.joda.time.format.DateTimeFormat$StyleFormatter
1477:             3             72  org.slf4j.helpers.FormattingTuple
1478:             3             72  org.springframework.aop.scope.DefaultScopedObject
1479:             3             72  org.springframework.aop.support.DefaultIntroductionAdvisor
1480:             3             72  org.springframework.aop.support.DelegatingIntroductionInterceptor
1481:             3             72  org.springframework.aop.target.EmptyTargetSource
1482:             3             72  org.springframework.beans.factory.annotation.Autowire
1483:             3             72  org.springframework.beans.factory.config.YamlProcessor$ResolutionMethod
1484:             3             72  org.springframework.beans.factory.support.ConstructorResolver
1485:             3             72  org.springframework.beans.factory.support.DefaultListableBeanFactory$FactoryAwareOrderSourceProvider
1486:             3             72  org.springframework.boot.Banner$Mode
1487:             3             72  org.springframework.boot.WebApplicationType
1488:             3             72  org.springframework.boot.actuate.autoconfigure.endpoint.jmx.JmxEndpointAutoConfiguration$$EnhancerBySpringCGLIB$$4c1a6a0$$FastClassBySpringCGLIB$$543b1
1489:             3             72  org.springframework.boot.actuate.autoconfigure.endpoint.jmx.JmxEndpointAutoConfiguration$$FastClassBySpringCGLIB$$68211204
1490:             3             72  org.springframework.boot.actuate.autoconfigure.info.OnEnabledInfoContributorCondition
1491:             3             72  org.springframework.boot.actuate.autoconfigure.metrics.SystemMetricsAutoConfiguration$$EnhancerBySpringCGLIB$$2639d0c5$$FastClassBySpringCGLIB$$1d6aa4f8
1492:             3             72  org.springframework.boot.actuate.autoconfigure.metrics.SystemMetricsAutoConfiguration$$FastClassBySpringCGLIB$$56d73c89
1493:             3             72  org.springframework.boot.actuate.autoconfigure.web.ManagementContextType
1494:             3             72  org.springframework.boot.actuate.autoconfigure.web.server.ManagementPortType
1495:             3             72  org.springframework.boot.actuate.endpoint.OperationType
1496:             3             72  org.springframework.boot.actuate.endpoint.web.WebEndpointHttpMethod
1497:             3             72  org.springframework.boot.actuate.health.ShowDetails
1498:             3             72  org.springframework.boot.ansi.AnsiOutput$Enabled
1499:             3             72  org.springframework.boot.autoconfigure.condition.ConditionMessage$Builder
1500:             3             72  org.springframework.boot.autoconfigure.condition.ConditionalOnWebApplication$Type
1501:             3             72  org.springframework.boot.autoconfigure.condition.SearchStrategy
1502:             3             72  org.springframework.boot.autoconfigure.freemarker.FreeMarkerServletWebConfiguration$$EnhancerBySpringCGLIB$$671033a1$$FastClassBySpringCGLIB$$9b4b4be4
1503:             3             72  org.springframework.boot.autoconfigure.freemarker.FreeMarkerServletWebConfiguration$$FastClassBySpringCGLIB$$33659fe5
1504:             3             72  org.springframework.boot.autoconfigure.gson.GsonAutoConfiguration$$EnhancerBySpringCGLIB$$92b2cc41$$FastClassBySpringCGLIB$$71a2bf9a
1505:             3             72  org.springframework.boot.autoconfigure.gson.GsonAutoConfiguration$$FastClassBySpringCGLIB$$ecf1c485
1506:             3             72  org.springframework.boot.autoconfigure.web.ErrorProperties$IncludeStacktrace
1507:             1             72  org.springframework.boot.autoconfigure.web.ServerProperties
1508:             3             72  org.springframework.boot.autoconfigure.web.servlet.WebMvcAutoConfiguration$WebMvcAutoConfigurationAdapter$$EnhancerBySpringCGLIB$$60e8d41c$$FastClassBySpringCGLIB$$9919f108
1509:             3             72  org.springframework.boot.autoconfigure.web.servlet.WebMvcAutoConfiguration$WebMvcAutoConfigurationAdapter$$FastClassBySpringCGLIB$$99958c00
1510:             3             72  org.springframework.boot.autoconfigure.web.servlet.error.ErrorMvcAutoConfiguration$$EnhancerBySpringCGLIB$$7fa3be3c$$FastClassBySpringCGLIB$$a39f12ed
1511:             3             72  org.springframework.boot.autoconfigure.web.servlet.error.ErrorMvcAutoConfiguration$$FastClassBySpringCGLIB$$75715220
1512:             3             72  org.springframework.boot.context.properties.ConfigurationBeanFactoryMetadata$$Lambda$264/0x0000000800daa840
1513:             3             72  org.springframework.boot.context.properties.bind.BindConverter$ResolvableTypeDescriptor
1514:             3             72  org.springframework.boot.context.properties.bind.BindConverter$TypeConverterConversionService
1515:             3             72  org.springframework.boot.context.properties.source.ConfigurationPropertyName$Form
1516:             3             72  org.springframework.boot.context.properties.source.ConfigurationPropertyState
1517:             1             72  org.springframework.boot.jackson.JsonComponentModule
1518:             3             72  org.springframework.boot.loader.jar.JarFile$JarFileType
1519:             3             72  org.springframework.boot.origin.OriginTrackedValue
1520:             3             72  org.springframework.cloud.client.CommonsClientAutoConfiguration$DiscoveryLoadBalancerConfiguration$$EnhancerBySpringCGLIB$$d83e4a93$$FastClassBySpringCGLIB$$b97b75ef
1521:             3             72  org.springframework.cloud.client.CommonsClientAutoConfiguration$DiscoveryLoadBalancerConfiguration$$FastClassBySpringCGLIB$$23d30a97
1522:             3             72  org.springframework.cloud.client.actuator.HasFeatures
1523:             3             72  org.springframework.cloud.commons.httpclient.HttpClientConfiguration$ApacheHttpClientConfiguration$$EnhancerBySpringCGLIB$$3cee9dfb$$FastClassBySpringCGLIB$$73a19791
1524:             3             72  org.springframework.cloud.commons.httpclient.HttpClientConfiguration$ApacheHttpClientConfiguration$$FastClassBySpringCGLIB$$df7d58ff
1525:             3             72  org.springframework.cloud.netflix.eureka.EurekaClientAutoConfiguration$RefreshableEurekaClientConfiguration$$EnhancerBySpringCGLIB$$777ab4d3$$FastClassBySpringCGLIB$$9cd3870d
1526:             3             72  org.springframework.cloud.netflix.eureka.EurekaClientAutoConfiguration$RefreshableEurekaClientConfiguration$$FastClassBySpringCGLIB$$24d46cd7
1527:             3             72  org.springframework.core.type.classreading.CachingMetadataReaderFactory
1528:             3             72  org.springframework.expression.TypedValue
1529:             3             72  org.springframework.expression.spel.SpelCompilerMode
1530:             3             72  org.springframework.format.datetime.joda.JodaTimeFormatterRegistrar$Type
1531:             3             72  org.springframework.format.datetime.standard.DateTimeFormatterRegistrar$Type
1532:             3             72  org.springframework.http.converter.ByteArrayHttpMessageConverter
1533:             3             72  org.springframework.jmx.support.RegistrationPolicy
1534:             3             72  org.springframework.util.LinkedCaseInsensitiveMap
1535:             3             72  org.springframework.web.method.support.HandlerMethodArgumentResolverComposite
1536:             3             72  org.springframework.web.servlet.mvc.method.annotation.RequestAttributeMethodArgumentResolver
1537:             3             72  org.springframework.web.servlet.mvc.method.annotation.SessionAttributeMethodArgumentResolver
1538:             3             72  org.springframework.web.servlet.resource.DefaultResourceTransformerChain
1539:             3             72  org.yaml.snakeyaml.DumperOptions$FlowStyle
1540:             3             72  org.yaml.snakeyaml.DumperOptions$LineBreak
1541:             3             72  org.yaml.snakeyaml.introspector.BeanAccess
1542:             3             72  sun.management.LazyCompositeData$$Lambda$482/0x0000000800fc1c40 (java.management@14.0.1)
1543:             3             72  sun.management.ManagementFactoryHelper$1 (java.management@14.0.1)
1544:             3             72  sun.nio.cs.ext.EUC_KR (jdk.charsets@14.0.1)
1545:             3             72  sun.security.provider.NativePRNG$Variant (java.base@14.0.1)
1546:             3             72  sun.text.normalizer.CodePointTrie$ValueWidth (java.base@14.0.1)
1547:             2             64  [Lcom.google.common.collect.MapMakerInternalMap$Segment;
1548:             2             64  [Lcom.netflix.servo.annotations.DataSourceLevel;
1549:             2             64  [Lcom.sun.org.apache.xerces.internal.utils.XMLSecurityPropertyManager$State; (java.xml@14.0.1)
1550:             2             64  [Ljava.lang.annotation.RetentionPolicy; (java.base@14.0.1)
1551:             1             64  [Ljava.lang.invoke.MethodHandleImpl$Intrinsic; (java.base@14.0.1)
1552:             2             64  [Ljava.net.InetAddress; (java.base@14.0.1)
1553:             2             64  [Ljava.nio.charset.CoderResult; (java.base@14.0.1)
1554:             2             64  [Ljava.util.stream.Collector$Characteristics; (java.base@14.0.1)
1555:             2             64  [Ljavax.annotation.meta.When;
1556:             2             64  [Ljavax.servlet.SessionTrackingMode;
1557:             1             64  [Lorg.apache.catalina.LifecycleState;
1558:             2             64  [Lorg.apache.tomcat.util.descriptor.web.FilterMap;
1559:             2             64  [Lorg.springframework.beans.factory.annotation.Autowire;
1560:             2             64  [Lorg.springframework.boot.WebApplicationType;
1561:             2             64  [Lorg.springframework.boot.actuate.autoconfigure.web.ManagementContextType;
1562:             2             64  [Lorg.springframework.boot.actuate.autoconfigure.web.server.ManagementPortType;
1563:             2             64  [Lorg.springframework.boot.actuate.endpoint.OperationType;
1564:             2             64  [Lorg.springframework.boot.autoconfigure.condition.ConditionalOnWebApplication$Type;
1565:             2             64  [Lorg.springframework.boot.autoconfigure.condition.SearchStrategy;
1566:             2             64  [Lorg.springframework.context.annotation.ScopedProxyMode;
1567:             2             64  [Lorg.springframework.format.datetime.joda.JodaTimeFormatterRegistrar$Type;
1568:             2             64  [Lorg.springframework.format.datetime.standard.DateTimeFormatterRegistrar$Type;
1569:             2             64  [Lorg.yaml.snakeyaml.nodes.NodeId;
1570:             1             64  [Lsun.reflect.annotation.TypeAnnotation$TypeAnnotationTarget; (java.base@14.0.1)
1571:             1             64  ch.qos.logback.classic.PatternLayout
1572:             2             64  ch.qos.logback.core.joran.spi.ConsoleTarget
1573:             2             64  ch.qos.logback.core.util.COWArrayList
1574:             2             64  ch.qos.logback.core.util.CachingDateFormatter
1575:             4             64  com.ctc.wstx.stax.WstxOutputFactory
1576:             1             64  com.fasterxml.classmate.util.LRUTypeCache$CacheMap
1577:             2             64  com.fasterxml.jackson.core.io.SerializedString
1578:             2             64  com.fasterxml.jackson.databind.ser.std.NumberSerializers$DoubleSerializer
1579:             2             64  com.fasterxml.jackson.databind.ser.std.NumberSerializers$IntegerSerializer
1580:             2             64  com.fasterxml.jackson.databind.ser.std.NumberSerializers$LongSerializer
1581:             4             64  com.fasterxml.jackson.dataformat.xml.deser.XmlBeanDeserializerModifier
1582:             2             64  com.fasterxml.jackson.dataformat.xml.ser.ToXmlGenerator$Feature
1583:             4             64  com.fasterxml.jackson.dataformat.xml.ser.XmlBeanSerializerModifier
1584:             4             64  com.fasterxml.jackson.dataformat.xml.util.XmlRootNameLookup
1585:             2             64  com.netflix.appinfo.ApplicationInfoManager
1586:             1             64  com.netflix.appinfo.ApplicationInfoManager$$EnhancerBySpringCGLIB$$375daafc
1587:             1             64  com.netflix.config.DynamicURLConfiguration
1588:             2             64  com.sun.management.GarbageCollectionNotificationInfo (jdk.management@14.0.1)
1589:             2             64  com.sun.management.internal.GcInfoCompositeData (jdk.management@14.0.1)
1590:             2             64  com.sun.org.apache.xalan.internal.utils.XMLSecurityPropertyManager$Property (java.xml@14.0.1)
1591:             1             64  com.sun.org.apache.xerces.internal.impl.XMLEntityScanner (java.xml@14.0.1)
1592:             2             64  com.sun.org.apache.xerces.internal.impl.dtd.XMLElementDecl (java.xml@14.0.1)
1593:             2             64  com.sun.org.apache.xerces.internal.jaxp.SAXParserFactoryImpl (java.xml@14.0.1)
1594:             2             64  com.sun.org.apache.xerces.internal.utils.XMLSecurityPropertyManager$Property (java.xml@14.0.1)
1595:             4             64  com.sun.proxy.$Proxy39
1596:             4             64  com.sun.proxy.$Proxy51
1597:             4             64  com.sun.proxy.$Proxy52
1598:             4             64  com.sun.proxy.$Proxy55
1599:             4             64  com.sun.proxy.$Proxy61
1600:             4             64  com.sun.proxy.$Proxy88
1601:             4             64  com.sun.proxy.$Proxy91
1602:             2             64  io.micrometer.core.instrument.MeterRegistry$More$$Lambda$458/0x0000000800fa2840
1603:             2             64  io.micrometer.core.instrument.config.MeterFilter$9
1604:             1             64  io.micrometer.core.instrument.simple.SimpleMeterRegistry
1605:             2             64  java.io.BufferedOutputStream (java.base@14.0.1)
1606:             2             64  java.io.RandomAccessFile (java.base@14.0.1)
1607:             2             64  java.lang.ClassValue$Entry (java.base@14.0.1)
1608:             2             64  java.lang.invoke.VarHandleLongs$FieldInstanceReadWrite (java.base@14.0.1)
1609:             2             64  java.lang.ref.ReferenceQueue$Null (java.base@14.0.1)
1610:             2             64  java.time.format.DateTimeFormatterBuilder$TextPrinterParser (java.base@14.0.1)
1611:             2             64  java.time.temporal.IsoFields$Unit (java.base@14.0.1)
1612:             4             64  java.util.IdentityHashMap$KeySet (java.base@14.0.1)
1613:             2             64  java.util.ResourceBundle$Control$2 (java.base@14.0.1)
1614:             2             64  java.util.Stack (java.base@14.0.1)
1615:             4             64  java.util.concurrent.ConcurrentSkipListSet (java.base@14.0.1)
1616:             2             64  java.util.concurrent.CountDownLatch$Sync (java.base@14.0.1)
1617:             1             64  java.util.jar.JarFile (java.base@14.0.1)
1618:             1             64  java.util.logging.LogManager$RootLogger (java.logging@14.0.1)
1619:             1             64  java.util.stream.ReferencePipeline$4 (java.base@14.0.1)
1620:             1             64  java.util.stream.ReferencePipeline$7 (java.base@14.0.1)
1621:             2             64  java.util.stream.SortedOps$SizedRefSortingSink (java.base@14.0.1)
1622:             1             64  java.util.zip.ZipFile$Source (java.base@14.0.1)
1623:             2             64  jdk.internal.reflect.UnsafeQualifiedObjectFieldAccessorImpl (java.base@14.0.1)
1624:             1             64  org.apache.catalina.core.ApplicationContext
1625:             1             64  org.apache.catalina.loader.WebappLoader
1626:             1             64  org.apache.catalina.mapper.Mapper$ContextVersion
1627:             1             64  org.apache.catalina.valves.ErrorReportValve
1628:             1             64  org.apache.catalina.webresources.DirResourceSet
1629:             2             64  org.apache.logging.log4j.util.PropertiesUtil$Environment
1630:             2             64  org.apache.tomcat.util.threads.TaskThreadFactory
1631:             4             64  org.springframework.aop.framework.CglibAopProxy$SerializableNoOp
1632:             4             64  org.springframework.aop.framework.DefaultAdvisorChainFactory
1633:             4             64  org.springframework.aop.framework.DefaultAopProxyFactory
1634:             2             64  org.springframework.beans.factory.support.BeanDefinitionDefaults
1635:             1             64  org.springframework.beans.factory.support.DefaultListableBeanFactory$MultiElementDescriptor
1636:             2             64  org.springframework.beans.propertyeditors.CharacterEditor
1637:             2             64  org.springframework.boot.DefaultApplicationArguments$Source
1638:             2             64  org.springframework.boot.autoconfigure.condition.ConditionEvaluationReport
1639:             2             64  org.springframework.boot.autoconfigure.context.PropertyPlaceholderAutoConfiguration$$EnhancerBySpringCGLIB$$54ae2af0
1640:             1             64  org.springframework.boot.autoconfigure.freemarker.FreeMarkerProperties
1641:             1             64  org.springframework.boot.autoconfigure.jackson.JacksonProperties
1642:             2             64  org.springframework.boot.autoconfigure.logging.ConditionEvaluationReportLoggingListener
1643:             1             64  org.springframework.boot.autoconfigure.template.TemplateAvailabilityProviders$1
1644:             1             64  org.springframework.boot.autoconfigure.web.servlet.WebMvcProperties
1645:             2             64  org.springframework.boot.context.config.ConfigFileApplicationListener
1646:             2             64  org.springframework.boot.context.event.ApplicationPreparedEvent
1647:             2             64  org.springframework.boot.context.logging.LoggingApplicationListener
1648:             2             64  org.springframework.boot.context.properties.bind.Binder
1649:             4             64  org.springframework.boot.convert.ArrayToDelimitedStringConverter
1650:             4             64  org.springframework.boot.convert.DelimitedStringToArrayConverter
1651:             4             64  org.springframework.boot.convert.DelimitedStringToCollectionConverter
1652:             2             64  org.springframework.cglib.core.ClassEmitter$FieldInfo
1653:             2             64  org.springframework.cglib.core.DebuggingClassWriter
1654:             4             64  org.springframework.cglib.core.EmitUtils$10
1655:             4             64  org.springframework.cglib.core.EmitUtils$5
1656:             1             64  org.springframework.cloud.netflix.eureka.CloudEurekaTransportConfig
1657:             1             64  org.springframework.cloud.netflix.eureka.serviceregistry.EurekaRegistration$$EnhancerBySpringCGLIB$$aed81c8c
1658:             2             64  org.springframework.context.annotation.AnnotatedBeanDefinitionReader
1659:             4             64  org.springframework.context.annotation.ConditionEvaluator
1660:             2             64  org.springframework.context.annotation.ConfigurationClassParser$ImportStack
1661:             2             64  org.springframework.context.support.DefaultLifecycleProcessor
1662:             2             64  org.springframework.context.support.DelegatingMessageSource
1663:             2             64  org.springframework.context.support.PropertySourcesPlaceholderConfigurer$1
1664:             4             64  org.springframework.core.convert.support.CollectionToArrayConverter
1665:             4             64  org.springframework.core.convert.support.CollectionToStringConverter
1666:             4             64  org.springframework.expression.spel.standard.SpelExpressionParser
1667:             4             64  org.springframework.format.datetime.DateFormatterRegistrar$CalendarToDateConverter
1668:             4             64  org.springframework.format.datetime.DateFormatterRegistrar$CalendarToLongConverter
1669:             4             64  org.springframework.format.datetime.DateFormatterRegistrar$DateToCalendarConverter
1670:             4             64  org.springframework.format.datetime.DateFormatterRegistrar$DateToLongConverter
1671:             4             64  org.springframework.format.datetime.DateFormatterRegistrar$LongToCalendarConverter
1672:             4             64  org.springframework.format.datetime.DateFormatterRegistrar$LongToDateConverter
1673:             2             64  org.springframework.http.converter.support.AllEncompassingFormHttpMessageConverter
1674:             2             64  org.springframework.web.context.support.StandardServletEnvironment
1675:             4             64  org.springframework.web.method.annotation.ModelMethodProcessor
1676:             1             64  org.springframework.web.servlet.view.freemarker.FreeMarkerConfigurer
1677:             2             64  sun.management.NotificationEmitterSupport$ListenerInfo (java.management@14.0.1)
1678:             2             64  sun.nio.cs.ext.ExtendedCharsets (jdk.charsets@14.0.1)
1679:             4             64  sun.reflect.generics.reflectiveObjects.GenericArrayTypeImpl (java.base@14.0.1)
1680:             2             64  sun.security.provider.FileInputStreamPool$StreamRef (java.base@14.0.1)
1681:             2             64  sun.util.PropertyResourceBundleCharset (java.base@14.0.1)
1682:             1             56  [Lcom.fasterxml.jackson.annotation.JsonFormat$Shape;
1683:             1             56  [Lcom.sun.org.apache.xalan.internal.utils.XMLSecurityManager$Limit; (java.xml@14.0.1)
1684:             1             56  [Lcom.sun.org.apache.xerces.internal.impl.XMLScanner$NameType; (java.xml@14.0.1)
1685:             1             56  [Lcom.sun.org.apache.xerces.internal.utils.XMLSecurityManager$Limit; (java.xml@14.0.1)
1686:             1             56  [Ljava.lang.Runnable; (java.base@14.0.1)
1687:             1             56  [Ljava.nio.file.StandardOpenOption; (java.base@14.0.1)
1688:             1             56  [Ljava.text.Format; (java.base@14.0.1)
1689:             1             56  [Ljava.util.Map; (java.base@14.0.1)
1690:             2             56  [Lorg.springframework.boot.web.servlet.ServletContextInitializer;
1691:             3             56  [Lorg.springframework.context.annotation.ComponentScan$Filter;
1692:             1             56  [Lorg.yaml.snakeyaml.events.Event$ID;
1693:             1             56  [[I (java.base@14.0.1)
1694:             1             56  ch.qos.logback.classic.encoder.PatternLayoutEncoder
1695:             1             56  com.fasterxml.classmate.types.ResolvedObjectType
1696:             1             56  com.fasterxml.jackson.databind.type.MapType
1697:             1             56  com.fasterxml.jackson.datatype.jsr310.ser.ZonedDateTimeSerializer
1698:             1             56  com.google.gson.GsonBuilder
1699:             1             56  com.netflix.appinfo.LeaseInfo
1700:             1             56  com.sun.org.apache.xerces.internal.jaxp.SAXParserImpl (java.xml@14.0.1)
1701:             1             56  freemarker.ext.jsp.TaglibFactory
1702:             1             56  io.micrometer.core.instrument.binder.logging.MetricsTurboFilter
1703:             1             56  io.micrometer.core.instrument.cumulative.CumulativeFunctionTimer
1704:             1             56  java.lang.invoke.BoundMethodHandle$Specializer (java.base@14.0.1)
1705:             1             56  java.util.ServiceLoader (java.base@14.0.1)
1706:             1             56  java.util.logging.LogManager (java.logging@14.0.1)
1707:             1             56  jdk.internal.ref.CleanerImpl$SoftCleanableRef (java.base@14.0.1)
1708:             1             56  org.apache.catalina.core.StandardContextValve
1709:             1             56  org.apache.catalina.core.StandardEngineValve
1710:             1             56  org.apache.catalina.core.StandardHostValve
1711:             1             56  org.apache.catalina.util.StandardSessionIdGenerator
1712:             1             56  org.apache.catalina.webresources.Cache
1713:             1             56  org.apache.tomcat.util.net.NioSelectorPool
1714:             1             56  org.apache.tomcat.util.scan.StandardJarScanFilter
1715:             1             56  org.apache.tomcat.util.threads.TaskQueue
1716:             1             56  org.hibernate.validator.internal.engine.ValidatorFactoryImpl
1717:             1             56  org.hibernate.validator.internal.xml.config.BootstrapConfigurationImpl
1718:             1             56  org.springframework.boot.actuate.metrics.web.servlet.WebMvcMetricsFilter
1719:             1             56  org.springframework.boot.autoconfigure.gson.GsonProperties
1720:             1             56  org.springframework.boot.autoconfigure.web.ResourceProperties$Cache$Cachecontrol
1721:             1             56  org.springframework.boot.autoconfigure.web.servlet.DispatcherServletRegistrationBean
1722:             1             56  org.springframework.boot.autoconfigure.web.servlet.WebMvcAutoConfiguration$WebMvcAutoConfigurationAdapter$$EnhancerBySpringCGLIB$$60e8d41c
1723:             1             56  org.springframework.boot.web.client.RestTemplateBuilder
1724:             1             56  org.springframework.boot.web.embedded.tomcat.LazySessionIdGenerator
1725:             1             56  org.springframework.boot.web.servlet.FilterRegistrationBean
1726:             1             56  org.springframework.cloud.context.scope.refresh.RefreshScope
1727:             1             56  org.springframework.cloud.netflix.eureka.MutableDiscoveryClientOptionalArgs
1728:             1             56  org.springframework.http.CacheControl
1729:             1             56  org.springframework.util.StopWatch
1730:             1             56  org.springframework.validation.beanvalidation.LocalValidatorFactoryBean
1731:             1             56  org.springframework.validation.beanvalidation.MethodValidationPostProcessor
1732:             1             56  org.springframework.web.servlet.view.ContentNegotiatingViewResolver
1733:             1             56  sun.security.provider.SHA (java.base@14.0.1)
1734:             3             48  [Lcom.fasterxml.classmate.ResolvedType;
1735:             1             48  [Lcom.fasterxml.jackson.annotation.JsonInclude$Include;
1736:             1             48  [Lcom.netflix.config.DeploymentContext$ContextKey;
1737:             1             48  [Lcom.sun.beans.introspect.PropertyInfo$Name; (java.desktop@14.0.1)
1738:             2             48  [Lio.micrometer.core.instrument.config.MeterFilter;
1739:             1             48  [Ljava.lang.management.MemoryPoolMXBean; (java.management@14.0.1)
1740:             1             48  [Ljava.math.RoundingMode; (java.base@14.0.1)
1741:             2             48  [Ljava.util.Enumeration; (java.base@14.0.1)
1742:             2             48  [Ljava.util.concurrent.ConcurrentHashMap$CounterCell; (java.base@14.0.1)
1743:             1             48  [Ljava.util.concurrent.TimeUnit; (java.base@14.0.1)
1744:             2             48  [Lorg.apache.catalina.WebResource;
1745:             3             48  [Lorg.apache.catalina.mapper.Mapper$MappedWrapper;
1746:             2             48  [Lorg.hibernate.validator.internal.util.ConcurrentReferenceHashMap$Option;
1747:             1             48  [Lorg.springframework.boot.actuate.trace.http.Include;
1748:             2             48  [Lorg.springframework.boot.context.ConfigurationWarningsApplicationContextInitializer$Check;
1749:             2             48  [Lorg.springframework.boot.context.properties.source.ConfigurationPropertySource;
1750:             1             48  [Lorg.springframework.cglib.proxy.CallbackInfo;
1751:             3             48  [Lorg.springframework.jmx.export.metadata.ManagedNotification;
1752:             1             48  [[Ljava.lang.Object; (java.base@14.0.1)
1753:             1             48  ch.qos.logback.classic.pattern.DateConverter
1754:             3             48  ch.qos.logback.core.spi.LogbackLock
1755:             2             48  ch.qos.logback.core.subst.Node$Type
1756:             3             48  com.ctc.wstx.api.WstxInputProperties$ParsingMode
1757:             2             48  com.ctc.wstx.util.SymbolTable$Bucket
1758:             1             48  com.fasterxml.jackson.databind.cfg.ConfigOverride$Empty
1759:             2             48  com.fasterxml.jackson.databind.ser.std.BooleanSerializer
1760:             1             48  com.fasterxml.jackson.databind.util.StdDateFormat
1761:             1             48  com.fasterxml.jackson.datatype.jsr310.ser.InstantSerializer
1762:             1             48  com.fasterxml.jackson.datatype.jsr310.ser.OffsetDateTimeSerializer
1763:             2             48  com.fasterxml.jackson.module.paramnames.ParameterNamesAnnotationIntrospector
1764:             1             48  com.google.common.collect.Multimaps$CustomListMultimap
1765:             2             48  com.google.gson.internal.bind.TypeAdapters$35
1766:             2             48  com.netflix.appinfo.EurekaAccept
1767:             2             48  com.netflix.appinfo.InstanceInfo$PortType
1768:             2             48  com.netflix.servo.monitor.BasicCounter
1769:             1             48  com.netflix.servo.monitor.BasicTimer
1770:             2             48  com.netflix.servo.monitor.StepCounter
1771:             2             48  com.sun.jmx.interceptor.DefaultMBeanServerInterceptor$ListenerWrapper (java.management@14.0.1)
1772:             2             48  com.sun.jmx.mbeanserver.ClassLoaderRepositorySupport$LoaderEntry (java.management@14.0.1)
1773:             1             48  com.sun.jmx.mbeanserver.DefaultMXBeanMappingFactory$Mappings (java.management@14.0.1)
1774:             3             48  com.sun.jmx.mbeanserver.GetPropertyAction (java.management@14.0.1)
1775:             1             48  com.sun.jmx.mbeanserver.MBeanIntrospector$MBeanInfoMap (java.management@14.0.1)
1776:             1             48  com.sun.jmx.mbeanserver.MBeanIntrospector$PerInterfaceMap (java.management@14.0.1)
1777:             2             48  com.sun.jmx.mbeanserver.WeakIdentityHashMap (java.management@14.0.1)
1778:             2             48  com.sun.management.internal.GarbageCollectionNotifInfoCompositeData (jdk.management@14.0.1)
1779:             1             48  com.sun.management.internal.GcInfoBuilder (jdk.management@14.0.1)
1780:             2             48  com.sun.org.apache.xerces.internal.impl.dtd.DTDGrammarBucket (java.xml@14.0.1)
1781:             2             48  com.sun.org.apache.xerces.internal.impl.dtd.XMLAttributeDecl (java.xml@14.0.1)
1782:             3             48  com.sun.org.apache.xerces.internal.impl.dv.dtd.ListDatatypeValidator (java.xml@14.0.1)
1783:             1             48  com.sun.org.apache.xerces.internal.util.XMLAttributesImpl (java.xml@14.0.1)
1784:             3             48  com.sun.proxy.$Proxy102
1785:             3             48  com.sun.proxy.$Proxy104
1786:             3             48  com.sun.proxy.$Proxy30
1787:             3             48  com.sun.proxy.$Proxy54
1788:             3             48  com.sun.proxy.$Proxy56
1789:             3             48  com.sun.proxy.$Proxy62
1790:             3             48  com.sun.proxy.$Proxy68
1791:             3             48  com.sun.proxy.$Proxy7
1792:             3             48  com.sun.proxy.$Proxy74
1793:             3             48  com.sun.proxy.$Proxy76
1794:             1             48  freemarker.cache.TemplateCache
1795:             3             48  freemarker.ext.beans.BeansWrapper$3
1796:             1             48  io.micrometer.core.instrument.binder.jvm.GcGenerationAge$1
1797:             2             48  io.micrometer.core.instrument.binder.jvm.JvmGcMetrics$$Lambda$442/0x0000000800f8a040
1798:             2             48  io.micrometer.core.instrument.binder.tomcat.TomcatMetrics$$Lambda$648/0x00000008010d2040
1799:             2             48  io.micrometer.core.instrument.binder.tomcat.TomcatMetrics$$Lambda$658/0x00000008010d5040
1800:             2             48  io.micrometer.core.instrument.binder.tomcat.TomcatMetrics$1
1801:             1             48  io.micrometer.core.instrument.cumulative.CumulativeTimer
1802:             1             48  io.micrometer.core.instrument.distribution.TimeWindowMax
1803:             2             48  io.micrometer.core.instrument.simple.CountingMode
1804:             1             48  java.io.Console (java.base@14.0.1)
1805:             1             48  java.io.Console$LineReader (java.base@14.0.1)
1806:             2             48  java.io.File$PathStatus (java.base@14.0.1)
1807:             2             48  java.io.InputStreamReader (java.base@14.0.1)
1808:             2             48  java.io.OutputStreamWriter (java.base@14.0.1)
1809:             2             48  java.lang.Class$3 (java.base@14.0.1)
1810:             2             48  java.lang.CompoundEnumeration (java.base@14.0.1)
1811:             1             48  java.lang.invoke.BoundMethodHandle$Specializer$Factory (java.base@14.0.1)
1812:             2             48  java.lang.management.MemoryType (java.management@14.0.1)
1813:             2             48  java.lang.reflect.Proxy$ProxyBuilder (java.base@14.0.1)
1814:             2             48  java.lang.reflect.Proxy$ProxyBuilder$1 (java.base@14.0.1)
1815:             2             48  java.lang.reflect.ReflectPermission (java.base@14.0.1)
1816:             2             48  java.net.InetSocketAddress$InetSocketAddressHolder (java.base@14.0.1)
1817:             2             48  java.net.InterfaceAddress (java.base@14.0.1)
1818:             1             48  java.net.NetworkInterface (java.base@14.0.1)
1819:             2             48  java.net.StandardProtocolFamily (java.base@14.0.1)
1820:             2             48  java.net.URLClassLoader$2 (java.base@14.0.1)
1821:             3             48  java.nio.channels.spi.AbstractSelector$1 (java.base@14.0.1)
1822:             3             48  java.nio.charset.CodingErrorAction (java.base@14.0.1)
1823:             3             48  java.text.AttributedCharacterIterator$Attribute (java.base@14.0.1)
1824:             2             48  java.time.format.DateTimeFormatterBuilder$1 (java.base@14.0.1)
1825:             3             48  java.time.format.DateTimeFormatterBuilder$StringLiteralPrinterParser (java.base@14.0.1)
1826:             2             48  java.time.format.DateTimeFormatterBuilder$ZoneIdPrinterParser (java.base@14.0.1)
1827:             2             48  java.time.format.DateTimeTextProvider$LocaleStore (java.base@14.0.1)
1828:             3             48  java.util.AbstractMap$1 (java.base@14.0.1)
1829:             3             48  java.util.ResourceBundle$NoFallbackControl (java.base@14.0.1)
1830:             2             48  java.util.concurrent.ConcurrentSkipListMap$Node (java.base@14.0.1)
1831:             1             48  java.util.concurrent.locks.ReentrantReadWriteLock$FairSync (java.base@14.0.1)
1832:             2             48  java.util.logging.Logger$LoggerBundle (java.logging@14.0.1)
1833:             2             48  java.util.logging.LoggingPermission (java.logging@14.0.1)
1834:             2             48  javax.el.ExpressionFactory$CacheValue
1835:             2             48  javax.el.Util$CacheValue
1836:             1             48  javax.management.Notification (java.management@14.0.1)
1837:             2             48  javax.management.NotificationBroadcasterSupport$ListenerInfo (java.management@14.0.1)
1838:             2             48  javax.management.openmbean.TabularDataSupport (java.management@14.0.1)
1839:             2             48  javax.validation.constraintvalidation.ValidationTarget
1840:             3             48  javax.xml.catalog.CatalogFeatures$Builder (java.xml@14.0.1)
1841:             1             48  jdk.internal.jimage.ImageHeader (java.base@14.0.1)
1842:             1             48  jdk.internal.loader.URLClassPath$JarLoader (java.base@14.0.1)
1843:             3             48  jdk.internal.logger.DefaultLoggerFinder$1 (java.base@14.0.1)
1844:             2             48  jdk.internal.misc.Signal$NativeHandler (java.base@14.0.1)
1845:             3             48  jdk.internal.module.ServicesCatalog (java.base@14.0.1)
1846:             1             48  jdk.internal.ref.CleanerImpl$WeakCleanableRef (java.base@14.0.1)
1847:             1             48  jdk.management.jfr.FlightRecorderMXBeanImpl (jdk.management.jfr@14.0.1)
1848:             3             48  jdk.xml.internal.TransformErrorListener (java.xml@14.0.1)
1849:             1             48  org.apache.catalina.core.DefaultInstanceManager
1850:             2             48  org.apache.catalina.core.StandardWrapperFacade
1851:             1             48  org.apache.catalina.mapper.MapperListener
1852:             3             48  org.apache.catalina.realm.RealmBase$AllRolesMode
1853:             1             48  org.apache.catalina.startup.Tomcat
1854:             2             48  org.apache.catalina.util.ErrorPageSupport
1855:             2             48  org.apache.catalina.util.URLEncoder
1856:             1             48  org.apache.commons.configuration.EnvironmentConfiguration
1857:             1             48  org.apache.commons.configuration.SystemConfiguration
1858:             1             48  org.apache.logging.log4j.simple.SimpleLogger
1859:             1             48  org.apache.logging.log4j.status.StatusLogger
1860:             1             48  org.apache.logging.slf4j.SLF4JProvider
1861:             1             48  org.apache.tomcat.util.digester.CallMethodRule
1862:             1             48  org.apache.tomcat.util.modeler.Registry
1863:             1             48  org.hibernate.validator.internal.engine.ValidatorFactoryImpl$ValidatorFactoryScopedContext
1864:             1             48  org.hibernate.validator.internal.engine.ValidatorImpl
1865:             1             48  org.hibernate.validator.internal.metadata.BeanMetaDataManager
1866:             2             48  org.hibernate.validator.internal.metadata.descriptor.ConstraintDescriptorImpl$ConstraintType
1867:             1             48  org.hibernate.validator.messageinterpolation.ResourceBundleMessageInterpolator
1868:             2             48  org.springframework.aop.framework.CglibAopProxy$ClassLoaderAwareUndeclaredThrowableStrategy
1869:             2             48  org.springframework.aop.framework.CglibAopProxy$ProxyCallbackFilter
1870:             2             48  org.springframework.aop.framework.JdkDynamicAopProxy
1871:             2             48  org.springframework.beans.factory.config.RuntimeBeanReference
1872:             3             48  org.springframework.beans.factory.support.BeanDefinitionResource
1873:             3             48  org.springframework.beans.factory.support.DefaultListableBeanFactory$$Lambda$266/0x0000000800daa440
1874:             2             48  org.springframework.beans.factory.support.DefaultListableBeanFactory$1
1875:             2             48  org.springframework.beans.support.ResourceEditorRegistrar
1876:             2             48  org.springframework.boot.DefaultApplicationArguments
1877:             2             48  org.springframework.boot.actuate.autoconfigure.cache.CachesEndpointAutoConfiguration$$EnhancerBySpringCGLIB$$4d50e226$$FastClassBySpringCGLIB$$ac3f9deb
1878:             2             48  org.springframework.boot.actuate.autoconfigure.cache.CachesEndpointAutoConfiguration$$FastClassBySpringCGLIB$$9ad422ca
1879:             2             48  org.springframework.boot.actuate.autoconfigure.endpoint.EndpointAutoConfiguration$$EnhancerBySpringCGLIB$$de43ce0$$FastClassBySpringCGLIB$$e0b52639
1880:             2             48  org.springframework.boot.actuate.autoconfigure.endpoint.EndpointAutoConfiguration$$FastClassBySpringCGLIB$$cfef2044
1881:             2             48  org.springframework.boot.actuate.autoconfigure.endpoint.web.servlet.WebMvcEndpointManagementContextConfiguration$$EnhancerBySpringCGLIB$$24c9bf12$$FastClassBySpringCGLIB$$ab11c020
1882:             2             48  org.springframework.boot.actuate.autoconfigure.endpoint.web.servlet.WebMvcEndpointManagementContextConfiguration$$FastClassBySpringCGLIB$$6e19ce36
1883:             2             48  org.springframework.boot.actuate.autoconfigure.health.HealthEndpointWebExtensionConfiguration$$EnhancerBySpringCGLIB$$bc8902af$$FastClassBySpringCGLIB$$222ef70f
1884:             2             48  org.springframework.boot.actuate.autoconfigure.health.HealthEndpointWebExtensionConfiguration$$FastClassBySpringCGLIB$$87685b33
1885:             2             48  org.springframework.boot.actuate.autoconfigure.health.HealthIndicatorAutoConfiguration$$EnhancerBySpringCGLIB$$5d79d477$$FastClassBySpringCGLIB$$decaf43f
1886:             2             48  org.springframework.boot.actuate.autoconfigure.health.HealthIndicatorAutoConfiguration$$FastClassBySpringCGLIB$$1c7dbbfb
1887:             2             48  org.springframework.boot.actuate.autoconfigure.metrics.MetricsAutoConfiguration$$EnhancerBySpringCGLIB$$9f7b9116$$FastClassBySpringCGLIB$$64e5614
1888:             2             48  org.springframework.boot.actuate.autoconfigure.metrics.MetricsAutoConfiguration$$FastClassBySpringCGLIB$$a40de3ba
1889:             2             48  org.springframework.boot.actuate.autoconfigure.metrics.OnlyOnceLoggingDenyMeterFilter
1890:             2             48  org.springframework.boot.actuate.autoconfigure.metrics.export.simple.SimpleMetricsExportAutoConfiguration$$EnhancerBySpringCGLIB$$e88fe856$$FastClassBySpringCGLIB$$6fbef134
1891:             2             48  org.springframework.boot.actuate.autoconfigure.metrics.export.simple.SimpleMetricsExportAutoConfiguration$$FastClassBySpringCGLIB$$f1f692fa
1892:             2             48  org.springframework.boot.actuate.autoconfigure.metrics.web.client.RestTemplateMetricsConfiguration$$EnhancerBySpringCGLIB$$9b77810$$FastClassBySpringCGLIB$$b0ba5de9
1893:             2             48  org.springframework.boot.actuate.autoconfigure.metrics.web.client.RestTemplateMetricsConfiguration$$FastClassBySpringCGLIB$$c742574
1894:             2             48  org.springframework.boot.actuate.autoconfigure.system.DiskSpaceHealthIndicatorAutoConfiguration$$EnhancerBySpringCGLIB$$b4b44b25$$FastClassBySpringCGLIB$$d4a08985
1895:             2             48  org.springframework.boot.actuate.autoconfigure.system.DiskSpaceHealthIndicatorAutoConfiguration$$FastClassBySpringCGLIB$$4ab8cae9
1896:             2             48  org.springframework.boot.actuate.autoconfigure.trace.http.HttpTraceAutoConfiguration$$EnhancerBySpringCGLIB$$c0b01ab8$$FastClassBySpringCGLIB$$c1b1d27e
1897:             2             48  org.springframework.boot.actuate.autoconfigure.trace.http.HttpTraceAutoConfiguration$$FastClassBySpringCGLIB$$d7b41b1c
1898:             2             48  org.springframework.boot.actuate.autoconfigure.web.mappings.MappingsEndpointAutoConfiguration$ServletWebConfiguration$$EnhancerBySpringCGLIB$$59e27dc8$$FastClassBySpringCGLIB$$fa20a720
1899:             2             48  org.springframework.boot.actuate.autoconfigure.web.mappings.MappingsEndpointAutoConfiguration$ServletWebConfiguration$$FastClassBySpringCGLIB$$aa872c2c
1900:             2             48  org.springframework.boot.actuate.autoconfigure.web.servlet.ServletManagementContextAutoConfiguration$$EnhancerBySpringCGLIB$$4c0f46ee$$FastClassBySpringCGLIB$$dfdff12e
1901:             2             48  org.springframework.boot.actuate.autoconfigure.web.servlet.ServletManagementContextAutoConfiguration$$FastClassBySpringCGLIB$$b77b692
1902:             3             48  org.springframework.boot.actuate.health.AbstractHealthIndicator$$Lambda$479/0x0000000800fc1040
1903:             2             48  org.springframework.boot.actuate.health.DefaultHealthIndicatorRegistry
1904:             2             48  org.springframework.boot.actuate.info.InfoPropertiesInfoContributor$Mode
1905:             1             48  org.springframework.boot.actuate.web.trace.servlet.HttpTraceFilter
1906:             3             48  org.springframework.boot.autoconfigure.cache.CacheCondition
1907:             2             48  org.springframework.boot.autoconfigure.condition.BeanTypeRegistry
1908:             2             48  org.springframework.boot.autoconfigure.condition.OnResourceCondition
1909:             2             48  org.springframework.boot.autoconfigure.http.HttpProperties$Encoding$Type
1910:             1             48  org.springframework.boot.autoconfigure.task.TaskExecutionAutoConfiguration$$EnhancerBySpringCGLIB$$df97518d
1911:             2             48  org.springframework.boot.autoconfigure.task.TaskExecutionAutoConfiguration$$EnhancerBySpringCGLIB$$df97518d$$FastClassBySpringCGLIB$$5dd3f3f0
1912:             2             48  org.springframework.boot.autoconfigure.task.TaskExecutionAutoConfiguration$$FastClassBySpringCGLIB$$16d26c51
1913:             1             48  org.springframework.boot.autoconfigure.web.ServerProperties$Jetty$Accesslog
1914:             2             48  org.springframework.boot.autoconfigure.web.servlet.HttpEncodingAutoConfiguration$$EnhancerBySpringCGLIB$$274c6f59$$FastClassBySpringCGLIB$$64f6e284
1915:             2             48  org.springframework.boot.autoconfigure.web.servlet.HttpEncodingAutoConfiguration$$FastClassBySpringCGLIB$$8e591c9d
1916:             2             48  org.springframework.boot.autoconfigure.web.servlet.MultipartAutoConfiguration$$EnhancerBySpringCGLIB$$963cf766$$FastClassBySpringCGLIB$$e4a0586d
1917:             2             48  org.springframework.boot.autoconfigure.web.servlet.MultipartAutoConfiguration$$FastClassBySpringCGLIB$$e81ad00a
1918:             2             48  org.springframework.boot.autoconfigure.web.servlet.ServletWebServerFactoryAutoConfiguration$$EnhancerBySpringCGLIB$$43b0e01a$$FastClassBySpringCGLIB$$9960de03
1919:             2             48  org.springframework.boot.autoconfigure.web.servlet.ServletWebServerFactoryAutoConfiguration$$FastClassBySpringCGLIB$$36b2d63e
1920:             2             48  org.springframework.boot.autoconfigure.web.servlet.WebMvcAutoConfiguration$$EnhancerBySpringCGLIB$$8839f72e$$FastClassBySpringCGLIB$$3074f0d1
1921:             2             48  org.springframework.boot.autoconfigure.web.servlet.WebMvcAutoConfiguration$$FastClassBySpringCGLIB$$1a49ed2
1922:             2             48  org.springframework.boot.autoconfigure.web.servlet.WebMvcAutoConfiguration$WebMvcAutoConfigurationAdapter$FaviconConfiguration$$EnhancerBySpringCGLIB$$1d25dc62$$FastClassBySpringCGLIB$$ba509fc4
1923:             2             48  org.springframework.boot.autoconfigure.web.servlet.WebMvcAutoConfiguration$WebMvcAutoConfigurationAdapter$FaviconConfiguration$$FastClassBySpringCGLIB$$63819186
1924:             2             48  org.springframework.boot.autoconfigure.web.servlet.WebMvcProperties$LocaleResolver
1925:             1             48  org.springframework.boot.autoconfigure.web.servlet.error.ErrorMvcAutoConfiguration$$EnhancerBySpringCGLIB$$7fa3be3c
1926:             2             48  org.springframework.boot.autoconfigure.web.servlet.error.ErrorMvcAutoConfiguration$WhitelabelErrorViewConfiguration$$EnhancerBySpringCGLIB$$5ed7a4b4$$FastClassBySpringCGLIB$$cfe57e89
1927:             2             48  org.springframework.boot.autoconfigure.web.servlet.error.ErrorMvcAutoConfiguration$WhitelabelErrorViewConfiguration$$FastClassBySpringCGLIB$$aa49e198
1928:             2             48  org.springframework.boot.builder.ParentContextCloserApplicationListener
1929:             2             48  org.springframework.boot.context.ContextIdApplicationContextInitializer$ContextId
1930:             2             48  org.springframework.boot.context.config.DelegatingApplicationListener
1931:             2             48  org.springframework.boot.context.properties.ConfigurationBeanFactoryMetadata
1932:             2             48  org.springframework.boot.context.properties.ConfigurationPropertiesBindingPostProcessor
1933:             3             48  org.springframework.boot.context.properties.bind.BindConverter
1934:             3             48  org.springframework.boot.context.properties.bind.BindConverter$CompositeConversionService
1935:             3             48  org.springframework.boot.context.properties.bind.BindConverter$TypeConverterConverter
1936:             2             48  org.springframework.boot.context.properties.bind.JavaBeanBinder$Bean
1937:             2             48  org.springframework.boot.context.properties.bind.PropertySourcesPlaceholdersResolver
1938:             2             48  org.springframework.boot.context.properties.source.ConfigurationPropertySourcesPropertySource
1939:             2             48  org.springframework.boot.env.RandomValuePropertySource
1940:             2             48  org.springframework.boot.env.SystemEnvironmentPropertySourceEnvironmentPostProcessor$OriginAwareSystemEnvironmentPropertySource
1941:             2             48  org.springframework.boot.logging.DeferredLog
1942:             1             48  org.springframework.boot.logging.logback.ExtendedWhitespaceThrowableProxyConverter
1943:             2             48  org.springframework.boot.origin.OriginTrackedValue$OriginTrackedCharSequence
1944:             1             48  org.springframework.boot.task.TaskExecutorBuilder
1945:             2             48  org.springframework.boot.type.classreading.ConcurrentReferenceCachingMetadataReaderFactory
1946:             1             48  org.springframework.boot.web.servlet.filter.OrderedCharacterEncodingFilter
1947:             1             48  org.springframework.boot.web.servlet.filter.OrderedFormContentFilter
1948:             1             48  org.springframework.boot.web.servlet.filter.OrderedHiddenHttpMethodFilter
1949:             1             48  org.springframework.boot.web.servlet.filter.OrderedRequestContextFilter
1950:             3             48  org.springframework.cglib.core.AbstractClassGenerator$Source
1951:             2             48  org.springframework.cglib.core.ClassNameReader$1
1952:             2             48  org.springframework.cglib.core.DuplicatesPredicate
1953:             2             48  org.springframework.cglib.core.VisibilityPredicate
1954:             2             48  org.springframework.cglib.core.internal.LoadingCache$2
1955:             2             48  org.springframework.cglib.reflect.FastClassEmitter$3
1956:             2             48  org.springframework.cglib.transform.TransformingClassGenerator
1957:             2             48  org.springframework.cloud.autoconfigure.ConfigurationPropertiesRebinderAutoConfiguration$$EnhancerBySpringCGLIB$$7011bbb4$$FastClassBySpringCGLIB$$a517a92c
1958:             2             48  org.springframework.cloud.autoconfigure.ConfigurationPropertiesRebinderAutoConfiguration$$FastClassBySpringCGLIB$$72b81898
1959:             2             48  org.springframework.cloud.autoconfigure.RefreshAutoConfiguration$$EnhancerBySpringCGLIB$$111e7c5f$$FastClassBySpringCGLIB$$ecef0f07
1960:             2             48  org.springframework.cloud.autoconfigure.RefreshAutoConfiguration$$FastClassBySpringCGLIB$$86b64ee3
1961:             2             48  org.springframework.cloud.autoconfigure.WritableEnvironmentEndpointAutoConfiguration$$EnhancerBySpringCGLIB$$f3ada3b2$$FastClassBySpringCGLIB$$77045915
1962:             2             48  org.springframework.cloud.autoconfigure.WritableEnvironmentEndpointAutoConfiguration$$FastClassBySpringCGLIB$$2b89bed6
1963:             2             48  org.springframework.cloud.client.actuator.NamedFeature
1964:             1             48  org.springframework.cloud.client.discovery.simple.SimpleDiscoveryClientAutoConfiguration$$EnhancerBySpringCGLIB$$69167f15
1965:             2             48  org.springframework.cloud.client.discovery.simple.SimpleDiscoveryClientAutoConfiguration$$EnhancerBySpringCGLIB$$69167f15$$FastClassBySpringCGLIB$$5d96f81b
1966:             2             48  org.springframework.cloud.client.discovery.simple.SimpleDiscoveryClientAutoConfiguration$$FastClassBySpringCGLIB$$dbde70d9
1967:             2             48  org.springframework.cloud.client.loadbalancer.AsyncLoadBalancerAutoConfiguration$LoadBalancerInterceptorConfig$$EnhancerBySpringCGLIB$$69b56841$$FastClassBySpringCGLIB$$78686c29
1968:             2             48  org.springframework.cloud.client.loadbalancer.AsyncLoadBalancerAutoConfiguration$LoadBalancerInterceptorConfig$$FastClassBySpringCGLIB$$5fbce085
1969:             2             48  org.springframework.cloud.client.loadbalancer.LoadBalancerAutoConfiguration$$EnhancerBySpringCGLIB$$31c2d8f8$$FastClassBySpringCGLIB$$2ed5d2d0
1970:             2             48  org.springframework.cloud.client.loadbalancer.LoadBalancerAutoConfiguration$$FastClassBySpringCGLIB$$c295515c
1971:             2             48  org.springframework.cloud.client.loadbalancer.LoadBalancerAutoConfiguration$LoadBalancerInterceptorConfig$$EnhancerBySpringCGLIB$$d4f1511f$$FastClassBySpringCGLIB$$5dadba42
1972:             2             48  org.springframework.cloud.client.loadbalancer.LoadBalancerAutoConfiguration$LoadBalancerInterceptorConfig$$FastClassBySpringCGLIB$$837b4ba3
1973:             2             48  org.springframework.cloud.commons.util.UtilAutoConfiguration$$EnhancerBySpringCGLIB$$1ba5823b$$FastClassBySpringCGLIB$$e1cded68
1974:             2             48  org.springframework.cloud.commons.util.UtilAutoConfiguration$$FastClassBySpringCGLIB$$9b63f53f
1975:             2             48  org.springframework.cloud.configuration.CompatibilityVerifierAutoConfiguration$$EnhancerBySpringCGLIB$$2889b6f5$$FastClassBySpringCGLIB$$f4e5fa8a
1976:             2             48  org.springframework.cloud.configuration.CompatibilityVerifierAutoConfiguration$$FastClassBySpringCGLIB$$8fce8cb9
1977:             1             48  org.springframework.cloud.configuration.SpringBootVersionVerifier$1
1978:             2             48  org.springframework.cloud.context.properties.ConfigurationPropertiesRebinder
1979:             2             48  org.springframework.cloud.context.restart.RestartListener
1980:             1             48  org.springframework.cloud.netflix.archaius.ConfigurableEnvironmentConfiguration
1981:             2             48  org.springframework.cloud.netflix.ribbon.RibbonClientSpecification
1982:             2             48  org.springframework.context.annotation.ConfigurationCondition$ConfigurationPhase
1983:             2             48  org.springframework.context.annotation.ContextAnnotationAutowireCandidateResolver
1984:             2             48  org.springframework.context.event.EventExpressionEvaluator
1985:             2             48  org.springframework.context.support.ApplicationContextAwareProcessor
1986:             1             48  org.springframework.context.support.DefaultLifecycleProcessor$LifecycleGroup
1987:             2             48  org.springframework.context.support.PostProcessorRegistrationDelegate$BeanPostProcessorChecker
1988:             2             48  org.springframework.context.support.PropertySourcesPlaceholderConfigurer$$Lambda$255/0x0000000800dae840
1989:             2             48  org.springframework.core.Constants
1990:             2             48  org.springframework.core.ResolvableType$WildcardBounds
1991:             2             48  org.springframework.core.ResolvableType$WildcardBounds$Kind
1992:             2             48  org.springframework.core.convert.converter.ConvertingComparator
1993:             2             48  org.springframework.core.convert.support.ArrayToArrayConverter
1994:             2             48  org.springframework.core.env.CommandLineArgs
1995:             2             48  org.springframework.core.env.PropertiesPropertySource
1996:             2             48  org.springframework.core.io.support.PathMatchingResourcePatternResolver
1997:             2             48  org.springframework.expression.spel.support.StandardTypeLocator
1998:             3             48  org.springframework.jmx.export.annotation.AnnotationJmxAttributeSource
1999:             2             48  org.springframework.jndi.JndiTemplate
2000:             2             48  org.springframework.objenesis.SpringObjenesis
2001:             2             48  org.springframework.util.ConcurrentReferenceHashMap$ReferenceType
2002:             2             48  org.springframework.util.ConcurrentReferenceHashMap$Restructure
2003:             3             48  org.springframework.util.ReflectionUtils$$Lambda$244/0x0000000800d73440
2004:             1             48  org.springframework.web.accept.ContentNegotiationManagerFactoryBean
2005:             2             48  org.springframework.web.context.support.ServletContextResource
2006:             2             48  org.springframework.web.method.annotation.ExpressionValueMethodArgumentResolver
2007:             3             48  org.springframework.web.method.annotation.MapMethodProcessor
2008:             2             48  org.springframework.web.method.support.HandlerMethodReturnValueHandlerComposite
2009:             3             48  org.springframework.web.servlet.mvc.method.RequestMappingInfoHandlerMethodMappingNamingStrategy
2010:             2             48  org.springframework.web.servlet.mvc.method.annotation.MatrixVariableMethodArgumentResolver
2011:             2             48  org.springframework.web.servlet.mvc.method.annotation.PathVariableMethodArgumentResolver
2012:             2             48  org.springframework.web.servlet.mvc.method.annotation.ServletModelAttributeMethodProcessor
2013:             3             48  org.springframework.web.servlet.mvc.method.annotation.ServletRequestMethodArgumentResolver
2014:             3             48  org.springframework.web.servlet.mvc.method.annotation.ServletResponseMethodArgumentResolver
2015:             3             48  sun.net.www.protocol.file.Handler (java.base@14.0.1)
2016:             3             48  sun.nio.ch.Util$2 (java.base@14.0.1)
2017:             2             48  sun.nio.cs.ext.Big5 (jdk.charsets@14.0.1)
2018:             2             48  sun.nio.cs.ext.Big5_HKSCS (jdk.charsets@14.0.1)
2019:             2             48  sun.nio.cs.ext.Big5_HKSCS_2001 (jdk.charsets@14.0.1)
2020:             2             48  sun.nio.cs.ext.Big5_Solaris (jdk.charsets@14.0.1)
2021:             2             48  sun.nio.cs.ext.EUC_CN (jdk.charsets@14.0.1)
2022:             2             48  sun.nio.cs.ext.EUC_JP (jdk.charsets@14.0.1)
2023:             2             48  sun.nio.cs.ext.EUC_JP_LINUX (jdk.charsets@14.0.1)
2024:             2             48  sun.nio.cs.ext.EUC_JP_Open (jdk.charsets@14.0.1)
2025:             2             48  sun.nio.cs.ext.EUC_TW (jdk.charsets@14.0.1)
2026:             2             48  sun.nio.cs.ext.GB18030 (jdk.charsets@14.0.1)
2027:             2             48  sun.nio.cs.ext.GBK (jdk.charsets@14.0.1)
2028:             2             48  sun.nio.cs.ext.IBM037 (jdk.charsets@14.0.1)
2029:             2             48  sun.nio.cs.ext.IBM1006 (jdk.charsets@14.0.1)
2030:             2             48  sun.nio.cs.ext.IBM1025 (jdk.charsets@14.0.1)
2031:             2             48  sun.nio.cs.ext.IBM1026 (jdk.charsets@14.0.1)
2032:             2             48  sun.nio.cs.ext.IBM1046 (jdk.charsets@14.0.1)
2033:             2             48  sun.nio.cs.ext.IBM1047 (jdk.charsets@14.0.1)
2034:             2             48  sun.nio.cs.ext.IBM1097 (jdk.charsets@14.0.1)
2035:             2             48  sun.nio.cs.ext.IBM1098 (jdk.charsets@14.0.1)
2036:             2             48  sun.nio.cs.ext.IBM1112 (jdk.charsets@14.0.1)
2037:             2             48  sun.nio.cs.ext.IBM1122 (jdk.charsets@14.0.1)
2038:             2             48  sun.nio.cs.ext.IBM1123 (jdk.charsets@14.0.1)
2039:             2             48  sun.nio.cs.ext.IBM1124 (jdk.charsets@14.0.1)
2040:             2             48  sun.nio.cs.ext.IBM1129 (jdk.charsets@14.0.1)
2041:             2             48  sun.nio.cs.ext.IBM1140 (jdk.charsets@14.0.1)
2042:             2             48  sun.nio.cs.ext.IBM1141 (jdk.charsets@14.0.1)
2043:             2             48  sun.nio.cs.ext.IBM1142 (jdk.charsets@14.0.1)
2044:             2             48  sun.nio.cs.ext.IBM1143 (jdk.charsets@14.0.1)
2045:             2             48  sun.nio.cs.ext.IBM1144 (jdk.charsets@14.0.1)
2046:             2             48  sun.nio.cs.ext.IBM1145 (jdk.charsets@14.0.1)
2047:             2             48  sun.nio.cs.ext.IBM1146 (jdk.charsets@14.0.1)
2048:             2             48  sun.nio.cs.ext.IBM1147 (jdk.charsets@14.0.1)
2049:             2             48  sun.nio.cs.ext.IBM1148 (jdk.charsets@14.0.1)
2050:             2             48  sun.nio.cs.ext.IBM1149 (jdk.charsets@14.0.1)
2051:             2             48  sun.nio.cs.ext.IBM1166 (jdk.charsets@14.0.1)
2052:             2             48  sun.nio.cs.ext.IBM1364 (jdk.charsets@14.0.1)
2053:             2             48  sun.nio.cs.ext.IBM1381 (jdk.charsets@14.0.1)
2054:             2             48  sun.nio.cs.ext.IBM1383 (jdk.charsets@14.0.1)
2055:             2             48  sun.nio.cs.ext.IBM273 (jdk.charsets@14.0.1)
2056:             2             48  sun.nio.cs.ext.IBM277 (jdk.charsets@14.0.1)
2057:             2             48  sun.nio.cs.ext.IBM278 (jdk.charsets@14.0.1)
2058:             2             48  sun.nio.cs.ext.IBM280 (jdk.charsets@14.0.1)
2059:             2             48  sun.nio.cs.ext.IBM284 (jdk.charsets@14.0.1)
2060:             2             48  sun.nio.cs.ext.IBM285 (jdk.charsets@14.0.1)
2061:             2             48  sun.nio.cs.ext.IBM290 (jdk.charsets@14.0.1)
2062:             2             48  sun.nio.cs.ext.IBM29626C (jdk.charsets@14.0.1)
2063:             2             48  sun.nio.cs.ext.IBM297 (jdk.charsets@14.0.1)
2064:             2             48  sun.nio.cs.ext.IBM300 (jdk.charsets@14.0.1)
2065:             2             48  sun.nio.cs.ext.IBM33722 (jdk.charsets@14.0.1)
2066:             2             48  sun.nio.cs.ext.IBM420 (jdk.charsets@14.0.1)
2067:             2             48  sun.nio.cs.ext.IBM424 (jdk.charsets@14.0.1)
2068:             2             48  sun.nio.cs.ext.IBM500 (jdk.charsets@14.0.1)
2069:             2             48  sun.nio.cs.ext.IBM833 (jdk.charsets@14.0.1)
2070:             2             48  sun.nio.cs.ext.IBM834 (jdk.charsets@14.0.1)
2071:             2             48  sun.nio.cs.ext.IBM838 (jdk.charsets@14.0.1)
2072:             2             48  sun.nio.cs.ext.IBM856 (jdk.charsets@14.0.1)
2073:             2             48  sun.nio.cs.ext.IBM860 (jdk.charsets@14.0.1)
2074:             2             48  sun.nio.cs.ext.IBM861 (jdk.charsets@14.0.1)
2075:             2             48  sun.nio.cs.ext.IBM863 (jdk.charsets@14.0.1)
2076:             2             48  sun.nio.cs.ext.IBM864 (jdk.charsets@14.0.1)
2077:             2             48  sun.nio.cs.ext.IBM865 (jdk.charsets@14.0.1)
2078:             2             48  sun.nio.cs.ext.IBM868 (jdk.charsets@14.0.1)
2079:             2             48  sun.nio.cs.ext.IBM869 (jdk.charsets@14.0.1)
2080:             2             48  sun.nio.cs.ext.IBM870 (jdk.charsets@14.0.1)
2081:             2             48  sun.nio.cs.ext.IBM871 (jdk.charsets@14.0.1)
2082:             2             48  sun.nio.cs.ext.IBM875 (jdk.charsets@14.0.1)
2083:             2             48  sun.nio.cs.ext.IBM918 (jdk.charsets@14.0.1)
2084:             2             48  sun.nio.cs.ext.IBM921 (jdk.charsets@14.0.1)
2085:             2             48  sun.nio.cs.ext.IBM922 (jdk.charsets@14.0.1)
2086:             2             48  sun.nio.cs.ext.IBM930 (jdk.charsets@14.0.1)
2087:             2             48  sun.nio.cs.ext.IBM933 (jdk.charsets@14.0.1)
2088:             2             48  sun.nio.cs.ext.IBM935 (jdk.charsets@14.0.1)
2089:             2             48  sun.nio.cs.ext.IBM937 (jdk.charsets@14.0.1)
2090:             2             48  sun.nio.cs.ext.IBM939 (jdk.charsets@14.0.1)
2091:             2             48  sun.nio.cs.ext.IBM942 (jdk.charsets@14.0.1)
2092:             2             48  sun.nio.cs.ext.IBM942C (jdk.charsets@14.0.1)
2093:             2             48  sun.nio.cs.ext.IBM943 (jdk.charsets@14.0.1)
2094:             2             48  sun.nio.cs.ext.IBM943C (jdk.charsets@14.0.1)
2095:             2             48  sun.nio.cs.ext.IBM948 (jdk.charsets@14.0.1)
2096:             2             48  sun.nio.cs.ext.IBM949 (jdk.charsets@14.0.1)
2097:             2             48  sun.nio.cs.ext.IBM949C (jdk.charsets@14.0.1)
2098:             2             48  sun.nio.cs.ext.IBM950 (jdk.charsets@14.0.1)
2099:             2             48  sun.nio.cs.ext.IBM964 (jdk.charsets@14.0.1)
2100:             2             48  sun.nio.cs.ext.IBM970 (jdk.charsets@14.0.1)
2101:             2             48  sun.nio.cs.ext.ISCII91 (jdk.charsets@14.0.1)
2102:             2             48  sun.nio.cs.ext.ISO2022_CN (jdk.charsets@14.0.1)
2103:             2             48  sun.nio.cs.ext.ISO2022_CN_CNS (jdk.charsets@14.0.1)
2104:             2             48  sun.nio.cs.ext.ISO2022_CN_GB (jdk.charsets@14.0.1)
2105:             2             48  sun.nio.cs.ext.ISO2022_JP (jdk.charsets@14.0.1)
2106:             2             48  sun.nio.cs.ext.ISO2022_JP_2 (jdk.charsets@14.0.1)
2107:             2             48  sun.nio.cs.ext.ISO2022_KR (jdk.charsets@14.0.1)
2108:             2             48  sun.nio.cs.ext.ISO_8859_11 (jdk.charsets@14.0.1)
2109:             2             48  sun.nio.cs.ext.ISO_8859_3 (jdk.charsets@14.0.1)
2110:             2             48  sun.nio.cs.ext.ISO_8859_6 (jdk.charsets@14.0.1)
2111:             2             48  sun.nio.cs.ext.ISO_8859_8 (jdk.charsets@14.0.1)
2112:             2             48  sun.nio.cs.ext.JISAutoDetect (jdk.charsets@14.0.1)
2113:             2             48  sun.nio.cs.ext.JIS_X_0201 (jdk.charsets@14.0.1)
2114:             2             48  sun.nio.cs.ext.JIS_X_0208 (jdk.charsets@14.0.1)
2115:             2             48  sun.nio.cs.ext.JIS_X_0208_MS5022X (jdk.charsets@14.0.1)
2116:             2             48  sun.nio.cs.ext.JIS_X_0212 (jdk.charsets@14.0.1)
2117:             2             48  sun.nio.cs.ext.JIS_X_0212_MS5022X (jdk.charsets@14.0.1)
2118:             2             48  sun.nio.cs.ext.Johab (jdk.charsets@14.0.1)
2119:             2             48  sun.nio.cs.ext.MS1255 (jdk.charsets@14.0.1)
2120:             2             48  sun.nio.cs.ext.MS1256 (jdk.charsets@14.0.1)
2121:             2             48  sun.nio.cs.ext.MS1258 (jdk.charsets@14.0.1)
2122:             2             48  sun.nio.cs.ext.MS50220 (jdk.charsets@14.0.1)
2123:             2             48  sun.nio.cs.ext.MS50221 (jdk.charsets@14.0.1)
2124:             2             48  sun.nio.cs.ext.MS874 (jdk.charsets@14.0.1)
2125:             2             48  sun.nio.cs.ext.MS932 (jdk.charsets@14.0.1)
2126:             2             48  sun.nio.cs.ext.MS932_0213 (jdk.charsets@14.0.1)
2127:             2             48  sun.nio.cs.ext.MS936 (jdk.charsets@14.0.1)
2128:             2             48  sun.nio.cs.ext.MS949 (jdk.charsets@14.0.1)
2129:             2             48  sun.nio.cs.ext.MS950 (jdk.charsets@14.0.1)
2130:             2             48  sun.nio.cs.ext.MS950_HKSCS (jdk.charsets@14.0.1)
2131:             2             48  sun.nio.cs.ext.MS950_HKSCS_XP (jdk.charsets@14.0.1)
2132:             2             48  sun.nio.cs.ext.MSISO2022JP (jdk.charsets@14.0.1)
2133:             2             48  sun.nio.cs.ext.MacArabic (jdk.charsets@14.0.1)
2134:             2             48  sun.nio.cs.ext.MacCentralEurope (jdk.charsets@14.0.1)
2135:             2             48  sun.nio.cs.ext.MacCroatian (jdk.charsets@14.0.1)
2136:             2             48  sun.nio.cs.ext.MacCyrillic (jdk.charsets@14.0.1)
2137:             2             48  sun.nio.cs.ext.MacDingbat (jdk.charsets@14.0.1)
2138:             2             48  sun.nio.cs.ext.MacGreek (jdk.charsets@14.0.1)
2139:             2             48  sun.nio.cs.ext.MacHebrew (jdk.charsets@14.0.1)
2140:             2             48  sun.nio.cs.ext.MacIceland (jdk.charsets@14.0.1)
2141:             2             48  sun.nio.cs.ext.MacRoman (jdk.charsets@14.0.1)
2142:             2             48  sun.nio.cs.ext.MacRomania (jdk.charsets@14.0.1)
2143:             2             48  sun.nio.cs.ext.MacSymbol (jdk.charsets@14.0.1)
2144:             2             48  sun.nio.cs.ext.MacThai (jdk.charsets@14.0.1)
2145:             2             48  sun.nio.cs.ext.MacTurkish (jdk.charsets@14.0.1)
2146:             2             48  sun.nio.cs.ext.MacUkraine (jdk.charsets@14.0.1)
2147:             2             48  sun.nio.cs.ext.PCK (jdk.charsets@14.0.1)
2148:             2             48  sun.nio.cs.ext.SJIS (jdk.charsets@14.0.1)
2149:             2             48  sun.nio.cs.ext.SJIS_0213 (jdk.charsets@14.0.1)
2150:             2             48  sun.nio.cs.ext.TIS_620 (jdk.charsets@14.0.1)
2151:             2             48  sun.reflect.annotation.AnnotationType$1 (java.base@14.0.1)
2152:             2             48  sun.security.jca.ProviderList (java.base@14.0.1)
2153:             2             48  sun.security.jca.ProviderList$3 (java.base@14.0.1)
2154:             1             48  sun.text.normalizer.CodePointTrie$Fast16 (java.base@14.0.1)
2155:             2             48  sun.text.normalizer.CodePointTrie$Type (java.base@14.0.1)
2156:             2             48  sun.util.locale.provider.DateFormatSymbolsProviderImpl (java.base@14.0.1)
2157:             2             48  sun.util.locale.provider.DecimalFormatSymbolsProviderImpl (java.base@14.0.1)
2158:             2             48  sun.util.locale.provider.LocaleServiceProviderPool (java.base@14.0.1)
2159:             2             48  sun.util.locale.provider.NumberFormatProviderImpl (java.base@14.0.1)
2160:             1             48  sun.util.resources.cldr.TimeZoneNames (java.base@14.0.1)
2161:             1             48  sun.util.resources.cldr.TimeZoneNames_en (java.base@14.0.1)
2162:             2             40  [Lch.qos.logback.core.Appender;
2163:             1             40  [Lch.qos.logback.core.pattern.parser.TokenStream$TokenizerState;
2164:             1             40  [Lch.qos.logback.core.subst.Token$Type;
2165:             1             40  [Lcom.fasterxml.jackson.annotation.JsonAutoDetect$Visibility;
2166:             1             40  [Lcom.fasterxml.jackson.annotation.Nulls;
2167:             1             40  [Lcom.fasterxml.jackson.core.JsonParser$NumberType;
2168:             1             40  [Lcom.google.gson.FieldNamingPolicy;
2169:             1             40  [Lcom.netflix.appinfo.InstanceInfo$InstanceStatus;
2170:             2             40  [Lcom.sun.jmx.mbeanserver.ClassLoaderRepositorySupport$LoaderEntry; (java.management@14.0.1)
2171:             1             40  [Lcom.sun.org.apache.xerces.internal.util.Status; (java.xml@14.0.1)
2172:             1             40  [Lio.micrometer.core.instrument.Meter$Type;
2173:             2             40  [Ljava.beans.PropertyChangeListener; (java.desktop@14.0.1)
2174:             1             40  [Ljava.lang.Thread$State; (java.base@14.0.1)
2175:             1             40  [Ljava.lang.invoke.StringConcatFactory$Strategy; (java.base@14.0.1)
2176:             1             40  [Ljava.time.format.SignStyle; (java.base@14.0.1)
2177:             1             40  [Ljava.time.format.TextStyle; (java.base@14.0.1)
2178:             1             40  [Ljava.util.stream.StreamOpFlag; (java.base@14.0.1)
2179:             2             40  [Lorg.apache.catalina.mapper.Mapper$MappedHost;
2180:             1             40  [Lorg.hibernate.validator.internal.metadata.raw.ConstrainedElement$ConstrainedElementKind;
2181:             1             40  [Lorg.jboss.logging.Logger$Level;
2182:             1             40  [Lorg.springframework.boot.ansi.AnsiStyle;
2183:             1             40  [Lorg.yaml.snakeyaml.DumperOptions$ScalarStyle;
2184:             1             40  [Lsun.util.locale.provider.LocaleProviderAdapter$Type; (java.base@14.0.1)
2185:             1             40  [[Ljava.lang.invoke.LambdaForm$Name; (java.base@14.0.1)
2186:             1             40  ch.qos.logback.classic.pattern.LoggerConverter
2187:             1             40  ch.qos.logback.core.BasicStatusManager
2188:             1             40  com.fasterxml.jackson.annotation.JsonFormat$Value
2189:             1             40  com.google.gson.internal.Excluder
2190:             1             40  com.netflix.discovery.shared.Applications
2191:             1             40  com.netflix.hystrix.strategy.HystrixPlugins
2192:             1             40  com.sun.beans.introspect.ClassInfo$1 (java.desktop@14.0.1)
2193:             1             40  com.sun.jmx.interceptor.DefaultMBeanServerInterceptor (java.management@14.0.1)
2194:             1             40  com.sun.jmx.mbeanserver.JmxMBeanServer (java.management@14.0.1)
2195:             1             40  com.sun.jmx.mbeanserver.MBeanServerDelegateImpl (java.management@14.0.1)
2196:             1             40  com.sun.management.internal.DiagnosticCommandImpl (jdk.management@14.0.1)
2197:             1             40  com.sun.org.apache.xerces.internal.impl.XMLEntityScanner$1 (java.xml@14.0.1)
2198:             1             40  com.sun.org.apache.xerces.internal.impl.XMLErrorReporter (java.xml@14.0.1)
2199:             1             40  com.sun.org.apache.xerces.internal.impl.XMLVersionDetector (java.xml@14.0.1)
2200:             1             40  com.sun.org.apache.xerces.internal.util.SymbolTable (java.xml@14.0.1)
2201:             1             40  com.sun.org.apache.xerces.internal.utils.XMLLimitAnalyzer (java.xml@14.0.1)
2202:             1             40  com.sun.org.apache.xerces.internal.utils.XMLSecurityManager (java.xml@14.0.1)
2203:             1             40  com.sun.xml.internal.stream.XMLEntityStorage (java.xml@14.0.1)
2204:             1             40  com.sun.xml.internal.stream.util.BufferAllocator (java.xml@14.0.1)
2205:             1             40  io.micrometer.core.instrument.FunctionTimer$Builder
2206:             1             40  java.io.Console$3 (java.base@14.0.1)
2207:             1             40  java.io.FileNotFoundException (java.base@14.0.1)
2208:             1             40  java.lang.ArithmeticException (java.base@14.0.1)
2209:             1             40  java.lang.IllegalStateException (java.base@14.0.1)
2210:             1             40  java.lang.NoSuchMethodError (java.base@14.0.1)
2211:             1             40  java.lang.NullPointerException (java.base@14.0.1)
2212:             1             40  java.lang.ref.Finalizer (java.base@14.0.1)
2213:             1             40  java.net.InetAddress$CachedAddresses (java.base@14.0.1)
2214:             1             40  java.text.MessageFormat (java.base@14.0.1)
2215:             1             40  java.time.format.DateTimeFormatterBuilder (java.base@14.0.1)
2216:             1             40  java.time.format.DateTimeFormatterBuilder$FractionPrinterParser (java.base@14.0.1)
2217:             1             40  java.time.zone.ZoneRules (java.base@14.0.1)
2218:             1             40  java.util.HashMap$ValueSpliterator (java.base@14.0.1)
2219:             1             40  java.util.IdentityHashMap$KeyIterator (java.base@14.0.1)
2220:             1             40  java.util.ResourceBundle$2 (java.base@14.0.1)
2221:             1             40  java.util.ServiceLoader$LazyClassPathLookupIterator (java.base@14.0.1)
2222:             1             40  java.util.TreeMap$ValueSpliterator (java.base@14.0.1)
2223:             1             40  java.util.regex.Pattern$LazyLoop (java.base@14.0.1)
2224:             1             40  javax.management.modelmbean.ModelMBeanAttributeInfo (java.management@14.0.1)
2225:             1             40  javax.servlet.MultipartConfigElement
2226:             1             40  jdk.internal.module.ArchivedModuleGraph (java.base@14.0.1)
2227:             1             40  jdk.internal.ref.Cleaner (java.base@14.0.1)
2228:             1             40  jdk.internal.ref.CleanerImpl$CleanerCleanable (java.base@14.0.1)
2229:             1             40  org.apache.catalina.core.ApplicationSessionCookieConfig
2230:             1             40  org.apache.catalina.mbeans.ClassNameMBean
2231:             1             40  org.apache.catalina.mbeans.ConnectorMBean
2232:             1             40  org.apache.catalina.mbeans.ServiceMBean
2233:             1             40  org.apache.catalina.realm.MessageDigestCredentialHandler
2234:             1             40  org.apache.coyote.AbstractProtocol$RecycledProcessors
2235:             1             40  org.hibernate.validator.internal.engine.ValidationContext$ValidatorScopedContext
2236:             1             40  org.hibernate.validator.internal.engine.constraintvalidation.ConstraintValidatorManager
2237:             1             40  org.slf4j.bridge.SLF4JBridgeHandler
2238:             1             40  org.springframework.aop.aspectj.annotation.AnnotationAwareAspectJAutoProxyCreator$BeanFactoryAspectJAdvisorsBuilderAdapter
2239:             1             40  org.springframework.beans.factory.annotation.AutowiredAnnotationBeanPostProcessor$AutowiredMethodElement
2240:             1             40  org.springframework.boot.actuate.autoconfigure.audit.AuditAutoConfiguration$$EnhancerBySpringCGLIB$$f5acc126
2241:             1             40  org.springframework.boot.actuate.autoconfigure.context.properties.ConfigurationPropertiesReportEndpointAutoConfiguration$$EnhancerBySpringCGLIB$$b07a71c2
2242:             1             40  org.springframework.boot.actuate.autoconfigure.endpoint.jmx.JmxEndpointAutoConfiguration$$EnhancerBySpringCGLIB$$4c1a6a0
2243:             1             40  org.springframework.boot.actuate.autoconfigure.endpoint.web.CorsEndpointProperties
2244:             1             40  org.springframework.boot.actuate.autoconfigure.endpoint.web.ServletEndpointManagementContextConfiguration$WebMvcServletEndpointManagementContextConfiguration$$EnhancerBySpringCGLIB$$a2c1092
2245:             1             40  org.springframework.boot.actuate.autoconfigure.endpoint.web.WebEndpointAutoConfiguration$$EnhancerBySpringCGLIB$$e57056a2
2246:             1             40  org.springframework.boot.actuate.autoconfigure.env.EnvironmentEndpointAutoConfiguration$$EnhancerBySpringCGLIB$$60360b67
2247:             1             40  org.springframework.boot.actuate.autoconfigure.health.HealthIndicatorAutoConfiguration$$EnhancerBySpringCGLIB$$5d79d477
2248:             1             40  org.springframework.boot.actuate.autoconfigure.info.InfoContributorAutoConfiguration$$EnhancerBySpringCGLIB$$7a5d0b2b
2249:             1             40  org.springframework.boot.actuate.autoconfigure.logging.LogFileWebEndpointAutoConfiguration$$EnhancerBySpringCGLIB$$4de44140
2250:             1             40  org.springframework.boot.actuate.autoconfigure.metrics.web.client.HttpClientMetricsAutoConfiguration$$EnhancerBySpringCGLIB$$94cea826
2251:             1             40  org.springframework.boot.actuate.autoconfigure.metrics.web.client.RestTemplateMetricsConfiguration$$EnhancerBySpringCGLIB$$9b77810
2252:             1             40  org.springframework.boot.actuate.autoconfigure.metrics.web.servlet.WebMvcMetricsAutoConfiguration$$EnhancerBySpringCGLIB$$6799725f
2253:             1             40  org.springframework.boot.actuate.autoconfigure.web.server.ManagementContextAutoConfiguration$SameManagementContextConfiguration$$EnhancerBySpringCGLIB$$2e6d8def
2254:             1             40  org.springframework.boot.actuate.endpoint.jmx.JmxEndpointExporter
2255:             1             40  org.springframework.boot.actuate.endpoint.web.annotation.ControllerEndpointDiscoverer
2256:             1             40  org.springframework.boot.actuate.endpoint.web.annotation.ServletEndpointDiscoverer
2257:             1             40  org.springframework.boot.actuate.endpoint.web.annotation.WebEndpointDiscoverer
2258:             1             40  org.springframework.boot.autoconfigure.freemarker.FreeMarkerAutoConfiguration$$EnhancerBySpringCGLIB$$da78eb41
2259:             1             40  org.springframework.boot.autoconfigure.freemarker.FreeMarkerServletWebConfiguration$$EnhancerBySpringCGLIB$$671033a1
2260:             1             40  org.springframework.boot.autoconfigure.http.HttpMessageConvertersAutoConfiguration$$EnhancerBySpringCGLIB$$6e2b844b
2261:             1             40  org.springframework.boot.autoconfigure.http.HttpMessageConvertersAutoConfiguration$StringHttpMessageConverterConfiguration$$EnhancerBySpringCGLIB$$a1394aeb
2262:             1             40  org.springframework.boot.autoconfigure.info.ProjectInfoAutoConfiguration$$EnhancerBySpringCGLIB$$8ff1c5d0
2263:             1             40  org.springframework.boot.autoconfigure.jackson.JacksonAutoConfiguration$JacksonObjectMapperBuilderConfiguration$$EnhancerBySpringCGLIB$$61d7fa61
2264:             1             40  org.springframework.boot.autoconfigure.jmx.JmxAutoConfiguration$$EnhancerBySpringCGLIB$$d36327d3
2265:             1             40  org.springframework.boot.autoconfigure.web.ServerProperties$Tomcat$Accesslog
2266:             1             40  org.springframework.boot.autoconfigure.web.ServerProperties$Undertow
2267:             1             40  org.springframework.boot.autoconfigure.web.client.RestTemplateAutoConfiguration$$EnhancerBySpringCGLIB$$ef0db238
2268:             1             40  org.springframework.boot.autoconfigure.web.format.WebConversionService
2269:             1             40  org.springframework.boot.autoconfigure.web.servlet.DispatcherServletAutoConfiguration$DispatcherServletConfiguration$$EnhancerBySpringCGLIB$$a3f74880
2270:             1             40  org.springframework.boot.autoconfigure.web.servlet.DispatcherServletAutoConfiguration$DispatcherServletRegistrationConfiguration$$EnhancerBySpringCGLIB$$5fedd27
2271:             1             40  org.springframework.boot.autoconfigure.web.servlet.HttpEncodingAutoConfiguration$$EnhancerBySpringCGLIB$$274c6f59
2272:             1             40  org.springframework.boot.autoconfigure.web.servlet.MultipartAutoConfiguration$$EnhancerBySpringCGLIB$$963cf766
2273:             1             40  org.springframework.boot.autoconfigure.web.servlet.WebMvcAutoConfiguration$WebMvcAutoConfigurationAdapter$FaviconConfiguration$$EnhancerBySpringCGLIB$$1d25dc62
2274:             1             40  org.springframework.boot.autoconfigure.web.servlet.error.ErrorMvcAutoConfiguration$DefaultErrorViewResolverConfiguration$$EnhancerBySpringCGLIB$$943892dc
2275:             1             40  org.springframework.boot.autoconfigure.web.servlet.error.ErrorMvcAutoConfiguration$WhitelabelErrorViewConfiguration$$EnhancerBySpringCGLIB$$5ed7a4b4
2276:             1             40  org.springframework.boot.web.servlet.server.Session
2277:             1             40  org.springframework.boot.web.servlet.server.Session$Cookie
2278:             1             40  org.springframework.cglib.core.ClassNameReader$EarlyExitException
2279:             1             40  org.springframework.cloud.autoconfigure.WritableEnvironmentEndpointAutoConfiguration$$EnhancerBySpringCGLIB$$f3ada3b2
2280:             1             40  org.springframework.cloud.bootstrap.config.PropertySourceBootstrapConfiguration$$EnhancerBySpringCGLIB$$3a4d720
2281:             1             40  org.springframework.cloud.bootstrap.encrypt.EncryptionBootstrapConfiguration$$EnhancerBySpringCGLIB$$60611a10
2282:             1             40  org.springframework.cloud.client.CommonsClientAutoConfiguration$ActuatorConfiguration$$EnhancerBySpringCGLIB$$35e9884c
2283:             1             40  org.springframework.cloud.client.discovery.simple.SimpleDiscoveryProperties$SimpleServiceInstance
2284:             1             40  org.springframework.cloud.client.loadbalancer.AsyncLoadBalancerAutoConfiguration$AsyncRestTemplateCustomizerConfig$$EnhancerBySpringCGLIB$$74e43e11
2285:             1             40  org.springframework.cloud.client.loadbalancer.LoadBalancerAutoConfiguration$$EnhancerBySpringCGLIB$$31c2d8f8
2286:             1             40  org.springframework.cloud.client.serviceregistry.AutoServiceRegistrationAutoConfiguration$$EnhancerBySpringCGLIB$$b40621e3
2287:             1             40  org.springframework.cloud.commons.util.InetUtilsProperties
2288:             1             40  org.springframework.cloud.netflix.archaius.ArchaiusAutoConfiguration$$EnhancerBySpringCGLIB$$4f99f9d1
2289:             1             40  org.springframework.cloud.netflix.archaius.ArchaiusAutoConfiguration$PropagateEventsConfiguration$$EnhancerBySpringCGLIB$$b3819e3f
2290:             1             40  org.springframework.cloud.netflix.eureka.EurekaClientAutoConfiguration$$EnhancerBySpringCGLIB$$5ed0486
2291:             1             40  org.springframework.cloud.netflix.eureka.EurekaClientAutoConfiguration$RefreshableEurekaClientConfiguration$$EnhancerBySpringCGLIB$$777ab4d3
2292:             1             40  org.springframework.cloud.netflix.eureka.EurekaDiscoveryClientConfiguration$EurekaClientConfigurationRefresher$$EnhancerBySpringCGLIB$$1980ad69
2293:             1             40  org.springframework.cloud.netflix.eureka.serviceregistry.EurekaAutoServiceRegistration
2294:             1             40  org.springframework.cloud.netflix.eureka.serviceregistry.EurekaRegistration$Builder
2295:             1             40  org.springframework.cloud.netflix.ribbon.RibbonAutoConfiguration$$EnhancerBySpringCGLIB$$51441891
2296:             1             40  org.springframework.cloud.netflix.ribbon.SpringClientFactory
2297:             1             40  org.springframework.ui.context.support.ResourceBundleThemeSource
2298:             1             40  org.springframework.util.ConcurrentReferenceHashMap$EntryIterator
2299:             1             40  org.springframework.web.bind.support.ConfigurableWebBindingInitializer
2300:             1             40  org.springframework.web.cors.CorsConfiguration
2301:             1             40  org.springframework.web.servlet.config.annotation.PathMatchConfigurer
2302:             1             40  org.springframework.web.servlet.mvc.annotation.ResponseStatusExceptionResolver
2303:             1             40  org.springframework.web.servlet.mvc.support.DefaultHandlerExceptionResolver
2304:             1             40  sun.management.MappedMXBeanType$CompositeDataMXBeanType (java.management@14.0.1)
2305:             1             40  sun.management.MappedMXBeanType$MapMXBeanType (java.management@14.0.1)
2306:             1             40  sun.nio.ch.ServerSocketAdaptor (java.base@14.0.1)
2307:             1             40  sun.nio.cs.StandardCharsets$Aliases (java.base@14.0.1)
2308:             1             40  sun.nio.cs.StandardCharsets$Cache (java.base@14.0.1)
2309:             1             40  sun.nio.cs.StandardCharsets$Classes (java.base@14.0.1)
2310:             1             40  sun.text.resources.cldr.FormatData (java.base@14.0.1)
2311:             1             40  sun.text.resources.cldr.FormatData_en (java.base@14.0.1)
2312:             1             40  sun.util.locale.InternalLocaleBuilder (java.base@14.0.1)
2313:             1             40  sun.util.resources.Bundles$1 (java.base@14.0.1)
2314:             1             40  sun.util.resources.cldr.CalendarData (java.base@14.0.1)
2315:             1             32  [Lch.qos.logback.core.spi.FilterReply;
2316:             1             32  [Lch.qos.logback.core.subst.Tokenizer$TokenizerState;
2317:             1             32  [Lcom.fasterxml.jackson.annotation.JsonCreator$Mode;
2318:             1             32  [Lcom.fasterxml.jackson.core.JsonFactory$Feature;
2319:             1             32  [Lcom.google.common.collect.MapMakerInternalMap$Strength;
2320:             1             32  [Lcom.netflix.appinfo.DataCenterInfo$Name;
2321:             1             32  [Lcom.netflix.servo.monitor.Monitor;
2322:             1             32  [Lcom.sun.beans.util.Cache$Kind; (java.desktop@14.0.1)
2323:             1             32  [Lcom.sun.org.apache.xalan.internal.utils.XMLSecurityManager$NameMap; (java.xml@14.0.1)
2324:             1             32  [Lcom.sun.org.apache.xerces.internal.utils.XMLSecurityManager$NameMap; (java.xml@14.0.1)
2325:             1             32  [Lio.micrometer.core.instrument.binder.jvm.GcGenerationAge;
2326:             1             32  [Lio.micrometer.core.instrument.config.MeterFilterReply;
2327:             1             32  [Ljava.lang.OutOfMemoryError; (java.base@14.0.1)
2328:             1             32  [Ljava.lang.ThreadGroup; (java.base@14.0.1)
2329:             1             32  [Ljava.lang.invoke.StringConcatFactory$Mode; (java.base@14.0.1)
2330:             1             32  [Ljava.lang.management.MemoryManagerMXBean; (java.management@14.0.1)
2331:             1             32  [Ljava.lang.module.ModuleDescriptor$Modifier; (java.base@14.0.1)
2332:             1             32  [Ljava.lang.module.ModuleDescriptor$Requires$Modifier; (java.base@14.0.1)
2333:             1             32  [Ljava.text.Normalizer$Form; (java.base@14.0.1)
2334:             1             32  [Ljava.time.format.DateTimeFormatterBuilder$SettingsParser; (java.base@14.0.1)
2335:             1             32  [Ljava.time.format.FormatStyle; (java.base@14.0.1)
2336:             1             32  [Ljava.time.format.ResolverStyle; (java.base@14.0.1)
2337:             1             32  [Ljava.time.temporal.IsoFields$Field; (java.base@14.0.1)
2338:             1             32  [Ljava.time.temporal.JulianFields$Field; (java.base@14.0.1)
2339:             1             32  [Ljava.util.regex.Pattern$Qtype; (java.base@14.0.1)
2340:             1             32  [Ljava.util.stream.MatchOps$MatchKind; (java.base@14.0.1)
2341:             1             32  [Ljava.util.stream.StreamShape; (java.base@14.0.1)
2342:             1             32  [Ljavax.xml.catalog.CatalogFeatures$Feature; (java.xml@14.0.1)
2343:             1             32  [Ljdk.internal.logger.BootstrapLogger$LoggingBackend; (java.base@14.0.1)
2344:             1             32  [Ljdk.internal.module.IllegalAccessLogger$Mode; (java.base@14.0.1)
2345:             1             32  [Ljdk.xml.internal.JdkXmlFeatures$XmlFeature; (java.xml@14.0.1)
2346:             1             32  [Lorg.apache.commons.logging.LogAdapter$LogApi;
2347:             1             32  [Lorg.apache.tomcat.util.http.ConcurrentDateFormat;
2348:             1             32  [Lorg.apache.tomcat.util.net.AbstractEndpoint$BindState;
2349:             1             32  [Lorg.apache.tomcat.util.net.Acceptor$AcceptorState;
2350:             1             32  [Lorg.hibernate.validator.internal.metadata.raw.ConfigurationSource;
2351:             1             32  [Lorg.hibernate.validator.internal.util.ConcurrentReferenceHashMap$ReferenceType;
2352:             2             32  [Lorg.springframework.asm.Attribute;
2353:             1             32  [Lorg.springframework.beans.factory.config.YamlProcessor$ResolutionMethod;
2354:             1             32  [Lorg.springframework.boot.Banner$Mode;
2355:             1             32  [Lorg.springframework.boot.actuate.endpoint.web.WebEndpointHttpMethod;
2356:             1             32  [Lorg.springframework.boot.actuate.health.ShowDetails;
2357:             1             32  [Lorg.springframework.boot.ansi.AnsiOutput$Enabled;
2358:             1             32  [Lorg.springframework.boot.autoconfigure.web.ErrorProperties$IncludeStacktrace;
2359:             1             32  [Lorg.springframework.boot.cloud.CloudPlatform;
2360:             1             32  [Lorg.springframework.boot.context.properties.source.ConfigurationPropertyName$Form;
2361:             1             32  [Lorg.springframework.boot.context.properties.source.ConfigurationPropertyState;
2362:             1             32  [Lorg.springframework.boot.loader.jar.JarFile$JarFileType;
2363:             1             32  [Lorg.springframework.cglib.proxy.Callback;
2364:             1             32  [Lorg.springframework.expression.spel.SpelCompilerMode;
2365:             1             32  [Lorg.springframework.jmx.support.RegistrationPolicy;
2366:             1             32  [Lorg.yaml.snakeyaml.DumperOptions$FlowStyle;
2367:             1             32  [Lorg.yaml.snakeyaml.DumperOptions$LineBreak;
2368:             1             32  [Lorg.yaml.snakeyaml.introspector.BeanAccess;
2369:             1             32  [Lsun.nio.fs.NativeBuffer; (java.base@14.0.1)
2370:             2             32  [Lsun.reflect.annotation.TypeAnnotation; (java.base@14.0.1)
2371:             1             32  [Lsun.security.provider.NativePRNG$Variant; (java.base@14.0.1)
2372:             1             32  [Lsun.text.normalizer.CodePointTrie$ValueWidth; (java.base@14.0.1)
2373:             1             32  [[Lcom.google.common.collect.MapMakerInternalMap$EntryFactory;
2374:             1             32  ch.qos.logback.classic.jul.LevelChangePropagator
2375:             1             32  ch.qos.logback.classic.pattern.LevelConverter
2376:             1             32  ch.qos.logback.classic.pattern.LineSeparatorConverter
2377:             1             32  ch.qos.logback.classic.pattern.MessageConverter
2378:             1             32  ch.qos.logback.classic.pattern.ThreadConverter
2379:             1             32  ch.qos.logback.classic.spi.LoggerContextVO
2380:             1             32  ch.qos.logback.core.helpers.CyclicBuffer
2381:             1             32  cn.wolfcode.cloud.Application$$EnhancerBySpringCGLIB$$556a27e7
2382:             1             32  com.fasterxml.classmate.TypeBindings
2383:             1             32  com.fasterxml.jackson.annotation.JsonInclude$Value
2384:             1             32  com.fasterxml.jackson.databind.introspect.VisibilityChecker$Std
2385:             2             32  com.fasterxml.jackson.databind.node.JsonNodeFactory
2386:             1             32  com.fasterxml.jackson.databind.ser.std.CalendarSerializer
2387:             1             32  com.fasterxml.jackson.databind.ser.std.DateSerializer
2388:             1             32  com.fasterxml.jackson.databind.ser.std.NumberSerializers$FloatSerializer
2389:             1             32  com.fasterxml.jackson.databind.ser.std.NumberSerializers$IntLikeSerializer
2390:             1             32  com.fasterxml.jackson.databind.ser.std.NumberSerializers$ShortSerializer
2391:             1             32  com.fasterxml.jackson.dataformat.xml.deser.FromXmlParser$Feature
2392:             1             32  com.fasterxml.jackson.dataformat.xml.util.DefaultXmlPrettyPrinter
2393:             1             32  com.fasterxml.jackson.datatype.jsr310.ser.DurationSerializer
2394:             1             32  com.fasterxml.jackson.datatype.jsr310.ser.LocalDateSerializer
2395:             1             32  com.fasterxml.jackson.datatype.jsr310.ser.LocalDateTimeSerializer
2396:             1             32  com.fasterxml.jackson.datatype.jsr310.ser.LocalTimeSerializer
2397:             1             32  com.fasterxml.jackson.datatype.jsr310.ser.MonthDaySerializer
2398:             1             32  com.fasterxml.jackson.datatype.jsr310.ser.OffsetTimeSerializer
2399:             1             32  com.fasterxml.jackson.datatype.jsr310.ser.YearMonthSerializer
2400:             1             32  com.fasterxml.jackson.datatype.jsr310.ser.YearSerializer
2401:             2             32  com.fasterxml.jackson.module.paramnames.ParameterExtractor
2402:             2             32  com.google.common.collect.Interners$WeakInterner
2403:             1             32  com.google.gson.internal.bind.ReflectiveTypeAdapterFactory
2404:             1             32  com.netflix.appinfo.InstanceInfo$Builder
2405:             2             32  com.netflix.config.ConcurrentCompositeConfiguration$1
2406:             1             32  com.netflix.discovery.PropertyBasedAzToRegionMapper
2407:             1             32  com.netflix.servo.util.ClockWithOffset
2408:             1             32  com.sun.jmx.mbeanserver.Repository (java.management@14.0.1)
2409:             2             32  com.sun.org.apache.xerces.internal.impl.XMLDocumentScannerImpl$PrologDriver (java.xml@14.0.1)
2410:             2             32  com.sun.org.apache.xerces.internal.impl.XMLDocumentScannerImpl$TrailingMiscDriver (java.xml@14.0.1)
2411:             2             32  com.sun.org.apache.xerces.internal.impl.XMLDocumentScannerImpl$XMLDeclDriver (java.xml@14.0.1)
2412:             2             32  com.sun.org.apache.xerces.internal.impl.dv.dtd.ENTITYDatatypeValidator (java.xml@14.0.1)
2413:             1             32  com.sun.org.apache.xerces.internal.util.NamespaceSupport (java.xml@14.0.1)
2414:             2             32  com.sun.proxy.$Proxy101
2415:             2             32  com.sun.proxy.$Proxy28
2416:             2             32  com.sun.proxy.$Proxy35
2417:             2             32  com.sun.proxy.$Proxy38
2418:             2             32  com.sun.proxy.$Proxy42
2419:             2             32  com.sun.proxy.$Proxy50
2420:             2             32  com.sun.proxy.$Proxy58
2421:             2             32  com.sun.proxy.$Proxy59
2422:             2             32  com.sun.proxy.$Proxy72
2423:             2             32  com.sun.proxy.$Proxy77
2424:             2             32  com.sun.proxy.$Proxy79
2425:             2             32  com.sun.proxy.$Proxy81
2426:             2             32  com.sun.proxy.$Proxy90
2427:             2             32  com.sun.proxy.$Proxy98
2428:             1             32  freemarker.cache.ClassTemplateLoader
2429:             2             32  freemarker.template.LoggingAttemptExceptionReporter
2430:             2             32  io.micrometer.core.instrument.MeterRegistry$Config
2431:             2             32  io.micrometer.core.instrument.MeterRegistry$More
2432:             1             32  io.micrometer.core.instrument.MeterRegistry$More$$Lambda$654/0x00000008010d4040
2433:             1             32  io.micrometer.core.instrument.Timer$Builder
2434:             1             32  io.micrometer.core.instrument.binder.jvm.JvmGcMetrics
2435:             1             32  io.micrometer.core.instrument.binder.system.FileDescriptorMetrics
2436:             1             32  io.micrometer.core.instrument.binder.system.ProcessorMetrics
2437:             1             32  io.micrometer.core.instrument.binder.tomcat.TomcatMetrics
2438:             2             32  io.micrometer.core.instrument.distribution.pause.NoPauseDetector
2439:             1             32  java.beans.PropertyChangeEvent (java.desktop@14.0.1)
2440:             1             32  java.io.UnixFileSystem (java.base@14.0.1)
2441:             2             32  java.lang.Shutdown$Lock (java.base@14.0.1)
2442:             2             32  java.lang.invoke.MethodHandles$Lookup$$Lambda$254/0x0000000800daf840 (java.base@14.0.1)
2443:             2             32  java.lang.invoke.StringConcatFactory$Recipe (java.base@14.0.1)
2444:             1             32  java.lang.invoke.VarHandleBooleans$FieldInstanceReadWrite (java.base@14.0.1)
2445:             1             32  java.lang.module.ModuleDescriptor$Version (java.base@14.0.1)
2446:             2             32  java.lang.reflect.Proxy$$Lambda$3/0x0000000800b67440 (java.base@14.0.1)
2447:             1             32  java.net.InetAddress$CachedLocalHost (java.base@14.0.1)
2448:             2             32  java.net.InetSocketAddress (java.base@14.0.1)
2449:             2             32  java.nio.ByteOrder (java.base@14.0.1)
2450:             1             32  java.nio.DirectByteBuffer$Deallocator (java.base@14.0.1)
2451:             1             32  java.security.MessageDigest$Delegate (java.base@14.0.1)
2452:             1             32  java.security.UnresolvedPermission (java.base@14.0.1)
2453:             1             32  java.text.DontCareFieldPosition (java.base@14.0.1)
2454:             2             32  java.util.AbstractMap$2 (java.base@14.0.1)
2455:             1             32  java.util.ArrayDeque$DeqIterator (java.base@14.0.1)
2456:             1             32  java.util.ArrayList$ArrayListSpliterator (java.base@14.0.1)
2457:             1             32  java.util.ArrayList$SubList (java.base@14.0.1)
2458:             1             32  java.util.Formatter (java.base@14.0.1)
2459:             2             32  java.util.IdentityHashMap$Values (java.base@14.0.1)
2460:             2             32  java.util.Properties$EntrySet (java.base@14.0.1)
2461:             2             32  java.util.ResourceBundle$$Lambda$227/0x0000000800d3bc40 (java.base@14.0.1)
2462:             2             32  java.util.ResourceBundle$SingleFormatControl (java.base@14.0.1)
2463:             1             32  java.util.ServiceLoader$ModuleServicesLookupIterator (java.base@14.0.1)
2464:             1             32  java.util.concurrent.ConcurrentLinkedQueue$CLQSpliterator (java.base@14.0.1)
2465:             2             32  java.util.concurrent.CountDownLatch (java.base@14.0.1)
2466:             1             32  java.util.concurrent.ScheduledThreadPoolExecutor$DelayedWorkQueue (java.base@14.0.1)
2467:             1             32  java.util.concurrent.ThreadLocalRandom (java.base@14.0.1)
2468:             2             32  java.util.concurrent.ThreadPoolExecutor$AbortPolicy (java.base@14.0.1)
2469:             1             32  java.util.concurrent.atomic.AtomicIntegerFieldUpdater$AtomicIntegerFieldUpdaterImpl (java.base@14.0.1)
2470:             1             32  java.util.concurrent.atomic.LongAdder (java.base@14.0.1)
2471:             1             32  java.util.concurrent.locks.AbstractQueuedSynchronizer$SharedNode (java.base@14.0.1)
2472:             1             32  java.util.logging.LogManager$SystemLoggerContext (java.logging@14.0.1)
2473:             1             32  jdk.internal.loader.URLClassPath$1 (java.base@14.0.1)
2474:             1             32  jdk.internal.module.IllegalAccessLogger (java.base@14.0.1)
2475:             1             32  jdk.internal.ref.CleanerImpl (java.base@14.0.1)
2476:             1             32  jdk.internal.reflect.UnsafeIntegerFieldAccessorImpl (java.base@14.0.1)
2477:             1             32  jdk.net.ExtendedSocketOptions$1 (jdk.net@14.0.1)
2478:             2             32  org.apache.catalina.core.ContainerBase$StartChild
2479:             1             32  org.apache.catalina.mapper.Mapper
2480:             1             32  org.apache.catalina.mapper.Mapper$MappedHost
2481:             1             32  org.apache.catalina.util.ManifestResource
2482:             1             32  org.apache.coyote.AbstractProtocol$ConnectionHandler
2483:             1             32  org.apache.coyote.CompressionConfig
2484:             1             32  org.apache.logging.log4j.status.StatusLogger$BoundedQueue
2485:             2             32  org.apache.logging.log4j.util.EnvironmentPropertySource
2486:             2             32  org.apache.logging.log4j.util.PropertiesUtil
2487:             2             32  org.apache.logging.log4j.util.PropertyFilePropertySource
2488:             2             32  org.apache.logging.log4j.util.PropertySource$Comparator
2489:             2             32  org.apache.logging.log4j.util.SystemPropertiesPropertySource
2490:             1             32  org.apache.tomcat.util.collections.ManagedConcurrentWeakHashMap
2491:             1             32  org.apache.tomcat.util.descriptor.web.LoginConfig
2492:             1             32  org.apache.tomcat.util.scan.StandardJarScanner
2493:             1             32  org.apache.tomcat.util.threads.LimitLatch
2494:             1             32  org.apache.tomcat.util.threads.LimitLatch$Sync
2495:             1             32  org.apache.tomcat.websocket.server.WsWriteTimeout
2496:             1             32  org.hibernate.validator.internal.cfg.context.DefaultConstraintMapping
2497:             1             32  org.hibernate.validator.internal.engine.ValidatorFactoryImpl$BeanMetaDataManagerKey
2498:             1             32  org.hibernate.validator.internal.engine.constraintvalidation.HibernateConstraintValidatorInitializationContextImpl
2499:             1             32  org.hibernate.validator.internal.engine.scripting.DefaultScriptEvaluatorFactory
2500:             1             32  org.hibernate.validator.internal.engine.valueextraction.ValueExtractorResolver
2501:             1             32  org.hibernate.validator.internal.metadata.core.ConstraintHelper
2502:             1             32  org.hibernate.validator.internal.metadata.provider.AnnotationMetaDataProvider
2503:             1             32  org.hibernate.validator.internal.metadata.raw.BeanConfiguration
2504:             2             32  org.springframework.aop.framework.CglibAopProxy$AdvisedDispatcher
2505:             2             32  org.springframework.aop.framework.CglibAopProxy$DynamicAdvisedInterceptor
2506:             2             32  org.springframework.aop.framework.CglibAopProxy$DynamicUnadvisedInterceptor
2507:             2             32  org.springframework.aop.framework.CglibAopProxy$EqualsInterceptor
2508:             2             32  org.springframework.aop.framework.CglibAopProxy$HashCodeInterceptor
2509:             2             32  org.springframework.beans.factory.parsing.FailFastProblemReporter
2510:             2             32  org.springframework.beans.factory.parsing.PassThroughSourceExtractor
2511:             2             32  org.springframework.beans.factory.support.CglibSubclassingInstantiationStrategy
2512:             2             32  org.springframework.beans.factory.support.NullBean
2513:             1             32  org.springframework.beans.propertyeditors.CustomMapEditor
2514:             1             32  org.springframework.beans.propertyeditors.PatternEditor
2515:             2             32  org.springframework.boot.ClearCachesApplicationListener
2516:             1             32  org.springframework.boot.actuate.autoconfigure.audit.AuditAutoConfiguration$AuditEventRepositoryConfiguration$$EnhancerBySpringCGLIB$$ed95f24f
2517:             1             32  org.springframework.boot.actuate.autoconfigure.audit.AuditEventsEndpointAutoConfiguration$$EnhancerBySpringCGLIB$$7cb573f8
2518:             1             32  org.springframework.boot.actuate.autoconfigure.beans.BeansEndpointAutoConfiguration$$EnhancerBySpringCGLIB$$e0f0cba1
2519:             1             32  org.springframework.boot.actuate.autoconfigure.cache.CachesEndpointAutoConfiguration$$EnhancerBySpringCGLIB$$4d50e226
2520:             1             32  org.springframework.boot.actuate.autoconfigure.condition.ConditionsReportEndpointAutoConfiguration$$EnhancerBySpringCGLIB$$66b4b404
2521:             1             32  org.springframework.boot.actuate.autoconfigure.endpoint.EndpointAutoConfiguration$$EnhancerBySpringCGLIB$$de43ce0
2522:             1             32  org.springframework.boot.actuate.autoconfigure.endpoint.jmx.DefaultEndpointObjectNameFactory
2523:             1             32  org.springframework.boot.actuate.autoconfigure.endpoint.jmx.JmxEndpointProperties
2524:             1             32  org.springframework.boot.actuate.autoconfigure.endpoint.web.ServletEndpointManagementContextConfiguration$$EnhancerBySpringCGLIB$$2671e858
2525:             1             32  org.springframework.boot.actuate.autoconfigure.endpoint.web.WebEndpointAutoConfiguration$WebEndpointServletConfiguration$$EnhancerBySpringCGLIB$$62193ff8
2526:             1             32  org.springframework.boot.actuate.autoconfigure.endpoint.web.servlet.WebMvcEndpointManagementContextConfiguration$$EnhancerBySpringCGLIB$$24c9bf12
2527:             1             32  org.springframework.boot.actuate.autoconfigure.health.HealthEndpointAutoConfiguration$$EnhancerBySpringCGLIB$$1579364b
2528:             1             32  org.springframework.boot.actuate.autoconfigure.health.HealthEndpointConfiguration$$EnhancerBySpringCGLIB$$70986e9a
2529:             1             32  org.springframework.boot.actuate.autoconfigure.health.HealthEndpointWebExtensionConfiguration$$EnhancerBySpringCGLIB$$bc8902af
2530:             1             32  org.springframework.boot.actuate.autoconfigure.health.HealthEndpointWebExtensionConfiguration$ServletWebHealthConfiguration$$EnhancerBySpringCGLIB$$ae039c36
2531:             1             32  org.springframework.boot.actuate.autoconfigure.info.InfoEndpointAutoConfiguration$$EnhancerBySpringCGLIB$$a233ec0b
2532:             1             32  org.springframework.boot.actuate.autoconfigure.logging.LoggersEndpointAutoConfiguration$$EnhancerBySpringCGLIB$$fe24b0a5
2533:             1             32  org.springframework.boot.actuate.autoconfigure.management.HeapDumpWebEndpointAutoConfiguration$$EnhancerBySpringCGLIB$$82dbc93a
2534:             1             32  org.springframework.boot.actuate.autoconfigure.management.ThreadDumpEndpointAutoConfiguration$$EnhancerBySpringCGLIB$$fbc6d7d0
2535:             1             32  org.springframework.boot.actuate.autoconfigure.metrics.CompositeMeterRegistryAutoConfiguration$$EnhancerBySpringCGLIB$$aa50c8e
2536:             1             32  org.springframework.boot.actuate.autoconfigure.metrics.JvmMetricsAutoConfiguration$$EnhancerBySpringCGLIB$$a644d74b
2537:             1             32  org.springframework.boot.actuate.autoconfigure.metrics.LogbackMetricsAutoConfiguration$$EnhancerBySpringCGLIB$$1ecafd15
2538:             1             32  org.springframework.boot.actuate.autoconfigure.metrics.MeterRegistryConfigurer
2539:             1             32  org.springframework.boot.actuate.autoconfigure.metrics.MeterRegistryPostProcessor
2540:             1             32  org.springframework.boot.actuate.autoconfigure.metrics.MetricsAutoConfiguration$$EnhancerBySpringCGLIB$$9f7b9116
2541:             1             32  org.springframework.boot.actuate.autoconfigure.metrics.MetricsEndpointAutoConfiguration$$EnhancerBySpringCGLIB$$50652b61
2542:             1             32  org.springframework.boot.actuate.autoconfigure.metrics.MetricsProperties
2543:             1             32  org.springframework.boot.actuate.autoconfigure.metrics.MetricsProperties$Distribution
2544:             1             32  org.springframework.boot.actuate.autoconfigure.metrics.SystemMetricsAutoConfiguration$$EnhancerBySpringCGLIB$$2639d0c5
2545:             1             32  org.springframework.boot.actuate.autoconfigure.metrics.export.simple.SimpleMetricsExportAutoConfiguration$$EnhancerBySpringCGLIB$$e88fe856
2546:             1             32  org.springframework.boot.actuate.autoconfigure.metrics.web.tomcat.TomcatMetricsAutoConfiguration$$EnhancerBySpringCGLIB$$116e77de
2547:             1             32  org.springframework.boot.actuate.autoconfigure.scheduling.ScheduledTasksEndpointAutoConfiguration$$EnhancerBySpringCGLIB$$e3e1b17e
2548:             1             32  org.springframework.boot.actuate.autoconfigure.system.DiskSpaceHealthIndicatorAutoConfiguration$$EnhancerBySpringCGLIB$$b4b44b25
2549:             1             32  org.springframework.boot.actuate.autoconfigure.trace.http.HttpTraceAutoConfiguration$$EnhancerBySpringCGLIB$$c0b01ab8
2550:             1             32  org.springframework.boot.actuate.autoconfigure.trace.http.HttpTraceAutoConfiguration$ServletTraceFilterConfiguration$$EnhancerBySpringCGLIB$$da9ed72
2551:             1             32  org.springframework.boot.actuate.autoconfigure.trace.http.HttpTraceEndpointAutoConfiguration$$EnhancerBySpringCGLIB$$704ef303
2552:             1             32  org.springframework.boot.actuate.autoconfigure.web.mappings.MappingsEndpointAutoConfiguration$$EnhancerBySpringCGLIB$$50d76dc5
2553:             1             32  org.springframework.boot.actuate.autoconfigure.web.mappings.MappingsEndpointAutoConfiguration$ServletWebConfiguration$$EnhancerBySpringCGLIB$$59e27dc8
2554:             1             32  org.springframework.boot.actuate.autoconfigure.web.mappings.MappingsEndpointAutoConfiguration$ServletWebConfiguration$SpringMvcConfiguration$$EnhancerBySpringCGLIB$$c7de023d
2555:             1             32  org.springframework.boot.actuate.autoconfigure.web.server.ManagementContextAutoConfiguration$$EnhancerBySpringCGLIB$$f4876edd
2556:             1             32  org.springframework.boot.actuate.autoconfigure.web.server.ManagementContextAutoConfiguration$SameManagementContextConfiguration$1
2557:             1             32  org.springframework.boot.actuate.autoconfigure.web.server.ManagementContextAutoConfiguration$SameManagementContextConfiguration$EnableSameManagementContextConfiguration$$EnhancerBySpringCGLIB$$814c5b20
2558:             1             32  org.springframework.boot.actuate.autoconfigure.web.server.ManagementServerProperties
2559:             2             32  org.springframework.boot.actuate.autoconfigure.web.server.OnManagementPortCondition
2560:             1             32  org.springframework.boot.actuate.autoconfigure.web.servlet.ServletManagementContextAutoConfiguration$$EnhancerBySpringCGLIB$$4c0f46ee
2561:             2             32  org.springframework.boot.actuate.endpoint.Sanitizer
2562:             1             32  org.springframework.boot.actuate.endpoint.jmx.annotation.JmxEndpointDiscoverer
2563:             2             32  org.springframework.boot.actuate.endpoint.web.EndpointMapping
2564:             2             32  org.springframework.boot.actuate.endpoint.web.servlet.SkipPathExtensionContentNegotiation
2565:             1             32  org.springframework.boot.actuate.management.HeapDumpWebEndpoint
2566:             1             32  org.springframework.boot.actuate.system.DiskSpaceHealthIndicator
2567:             2             32  org.springframework.boot.autoconfigure.BackgroundPreinitializer
2568:             2             32  org.springframework.boot.autoconfigure.SharedMetadataReaderFactoryContextInitializer
2569:             2             32  org.springframework.boot.autoconfigure.SharedMetadataReaderFactoryContextInitializer$CachingMetadataReaderFactoryPostProcessor
2570:             2             32  org.springframework.boot.autoconfigure.SharedMetadataReaderFactoryContextInitializer$SharedMetadataReaderFactoryBean
2571:             1             32  org.springframework.boot.autoconfigure.aop.AopAutoConfiguration$$EnhancerBySpringCGLIB$$9f4e3779
2572:             1             32  org.springframework.boot.autoconfigure.aop.AopAutoConfiguration$CglibAutoProxyConfiguration$$EnhancerBySpringCGLIB$$901437ed
2573:             2             32  org.springframework.boot.autoconfigure.condition.BeanTypeRegistry$$Lambda$242/0x0000000800d72c40
2574:             1             32  org.springframework.boot.autoconfigure.context.ConfigurationPropertiesAutoConfiguration$$EnhancerBySpringCGLIB$$43814405
2575:             1             32  org.springframework.boot.autoconfigure.gson.GsonAutoConfiguration$$EnhancerBySpringCGLIB$$92b2cc41
2576:             1             32  org.springframework.boot.autoconfigure.http.GsonHttpMessageConvertersConfiguration$$EnhancerBySpringCGLIB$$b8a8cf25
2577:             1             32  org.springframework.boot.autoconfigure.http.HttpProperties$Encoding
2578:             1             32  org.springframework.boot.autoconfigure.http.JacksonHttpMessageConvertersConfiguration$$EnhancerBySpringCGLIB$$d1827a79
2579:             1             32  org.springframework.boot.autoconfigure.http.JacksonHttpMessageConvertersConfiguration$MappingJackson2HttpMessageConverterConfiguration$$EnhancerBySpringCGLIB$$db0f46eb
2580:             1             32  org.springframework.boot.autoconfigure.http.JacksonHttpMessageConvertersConfiguration$MappingJackson2XmlHttpMessageConverterConfiguration$$EnhancerBySpringCGLIB$$2e5d1200
2581:             1             32  org.springframework.boot.autoconfigure.http.codec.CodecsAutoConfiguration$$EnhancerBySpringCGLIB$$c69f4bb4
2582:             1             32  org.springframework.boot.autoconfigure.http.codec.CodecsAutoConfiguration$JacksonCodecConfiguration$$EnhancerBySpringCGLIB$$bbd1d403
2583:             1             32  org.springframework.boot.autoconfigure.http.codec.CodecsAutoConfiguration$LoggingCodecConfiguration$$EnhancerBySpringCGLIB$$f0cda48f
2584:             1             32  org.springframework.boot.autoconfigure.jackson.JacksonAutoConfiguration$$EnhancerBySpringCGLIB$$9196d5d7
2585:             1             32  org.springframework.boot.autoconfigure.jackson.JacksonAutoConfiguration$Jackson2ObjectMapperBuilderCustomizerConfiguration$$EnhancerBySpringCGLIB$$1ceee050
2586:             1             32  org.springframework.boot.autoconfigure.jackson.JacksonAutoConfiguration$JacksonObjectMapperConfiguration$$EnhancerBySpringCGLIB$$af8b3848
2587:             1             32  org.springframework.boot.autoconfigure.jackson.JacksonAutoConfiguration$ParameterNamesModuleConfiguration$$EnhancerBySpringCGLIB$$43ba577e
2588:             1             32  org.springframework.boot.autoconfigure.jmx.ParentAwareNamingStrategy
2589:             2             32  org.springframework.boot.autoconfigure.logging.ConditionEvaluationReportLoggingListener$ConditionEvaluationReportListener
2590:             1             32  org.springframework.boot.autoconfigure.task.TaskExecutionProperties$Pool
2591:             1             32  org.springframework.boot.autoconfigure.task.TaskSchedulingAutoConfiguration$$EnhancerBySpringCGLIB$$7b734cd
2592:             1             32  org.springframework.boot.autoconfigure.validation.ValidationAutoConfiguration$$EnhancerBySpringCGLIB$$c4f74941
2593:             1             32  org.springframework.boot.autoconfigure.web.ErrorProperties
2594:             2             32  org.springframework.boot.autoconfigure.web.OnEnabledResourceChainCondition
2595:             1             32  org.springframework.boot.autoconfigure.web.ResourceProperties
2596:             1             32  org.springframework.boot.autoconfigure.web.ServerProperties$Jetty
2597:             1             32  org.springframework.boot.autoconfigure.web.ServerProperties$Servlet
2598:             1             32  org.springframework.boot.autoconfigure.web.ServerProperties$Undertow$Accesslog
2599:             1             32  org.springframework.boot.autoconfigure.web.embedded.EmbeddedWebServerFactoryCustomizerAutoConfiguration$$EnhancerBySpringCGLIB$$695fb899
2600:             1             32  org.springframework.boot.autoconfigure.web.embedded.EmbeddedWebServerFactoryCustomizerAutoConfiguration$TomcatWebServerFactoryCustomizerConfiguration$$EnhancerBySpringCGLIB$$5a234585
2601:             1             32  org.springframework.boot.autoconfigure.web.servlet.DispatcherServletAutoConfiguration$$EnhancerBySpringCGLIB$$425a0d74
2602:             1             32  org.springframework.boot.autoconfigure.web.servlet.MultipartProperties
2603:             1             32  org.springframework.boot.autoconfigure.web.servlet.ServletWebServerFactoryAutoConfiguration$$EnhancerBySpringCGLIB$$43b0e01a
2604:             1             32  org.springframework.boot.autoconfigure.web.servlet.ServletWebServerFactoryConfiguration$EmbeddedTomcat$$EnhancerBySpringCGLIB$$be7a2aa1
2605:             1             32  org.springframework.boot.autoconfigure.web.servlet.WebMvcAutoConfiguration$$EnhancerBySpringCGLIB$$8839f72e
2606:             1             32  org.springframework.boot.autoconfigure.web.servlet.error.DefaultErrorViewResolver
2607:             1             32  org.springframework.boot.autoconfigure.websocket.servlet.WebSocketServletAutoConfiguration$$EnhancerBySpringCGLIB$$14e6a289
2608:             1             32  org.springframework.boot.autoconfigure.websocket.servlet.WebSocketServletAutoConfiguration$TomcatWebSocketConfiguration$$EnhancerBySpringCGLIB$$cc91cda6
2609:             2             32  org.springframework.boot.context.ConfigurationWarningsApplicationContextInitializer
2610:             2             32  org.springframework.boot.context.ConfigurationWarningsApplicationContextInitializer$ComponentScanPackageCheck
2611:             2             32  org.springframework.boot.context.ConfigurationWarningsApplicationContextInitializer$ConfigurationWarningsPostProcessor
2612:             2             32  org.springframework.boot.context.ContextIdApplicationContextInitializer
2613:             2             32  org.springframework.boot.context.FileEncodingApplicationListener
2614:             2             32  org.springframework.boot.context.config.AnsiOutputApplicationListener
2615:             2             32  org.springframework.boot.context.config.DelegatingApplicationContextInitializer
2616:             1             32  org.springframework.boot.context.event.ApplicationReadyEvent
2617:             1             32  org.springframework.boot.context.event.ApplicationStartedEvent
2618:             2             32  org.springframework.boot.context.logging.ClasspathLoggingApplicationListener
2619:             2             32  org.springframework.boot.context.properties.ConfigurationPropertiesBinder$$Lambda$265/0x0000000800daa040
2620:             2             32  org.springframework.boot.context.properties.ConfigurationPropertiesBinder$$Lambda$268/0x0000000800da9c40
2621:             2             32  org.springframework.boot.context.properties.bind.Bindable$$Lambda$71/0x0000000800be8040
2622:             2             32  org.springframework.boot.context.properties.bind.Bindable$$Lambda$72/0x0000000800be8440
2623:             2             32  org.springframework.boot.context.properties.bind.handler.IgnoreTopLevelConverterNotFoundBindHandler
2624:             1             32  org.springframework.boot.convert.ApplicationConversionService
2625:             2             32  org.springframework.boot.convert.StringToDataSizeConverter
2626:             2             32  org.springframework.boot.convert.StringToDurationConverter
2627:             2             32  org.springframework.boot.liquibase.LiquibaseServiceLocatorApplicationListener
2628:             2             32  org.springframework.boot.logging.logback.LogbackLoggingSystem
2629:             1             32  org.springframework.boot.logging.logback.LogbackLoggingSystem$1
2630:             2             32  org.springframework.boot.web.context.ServerPortInfoApplicationContextInitializer
2631:             1             32  org.springframework.boot.web.embedded.tomcat.TomcatWebServer
2632:             1             32  org.springframework.boot.web.server.Compression
2633:             2             32  org.springframework.boot.web.server.MimeMappings
2634:             1             32  org.springframework.boot.web.servlet.context.ServletWebServerInitializedEvent
2635:             1             32  org.springframework.cglib.core.AbstractClassGenerator$ClassLoaderData
2636:             2             32  org.springframework.cglib.core.DebuggingClassWriter$1
2637:             2             32  org.springframework.cglib.core.EmitUtils$11
2638:             2             32  org.springframework.cglib.core.ReflectUtils$5
2639:             2             32  org.springframework.cglib.proxy.DispatcherGenerator
2640:             2             32  org.springframework.cglib.reflect.FastClassEmitter$1
2641:             1             32  org.springframework.cloud.autoconfigure.LifecycleMvcEndpointAutoConfiguration$$EnhancerBySpringCGLIB$$4982727
2642:             1             32  org.springframework.cloud.autoconfigure.PauseResumeEndpointsConfiguration$$EnhancerBySpringCGLIB$$93349740
2643:             1             32  org.springframework.cloud.autoconfigure.RefreshAutoConfiguration$$EnhancerBySpringCGLIB$$111e7c5f
2644:             1             32  org.springframework.cloud.autoconfigure.RefreshEndpointAutoConfiguration$$EnhancerBySpringCGLIB$$1970bdaa
2645:             1             32  org.springframework.cloud.autoconfigure.RefreshEndpointAutoConfiguration$RefreshEndpointConfiguration$$EnhancerBySpringCGLIB$$dc435018
2646:             1             32  org.springframework.cloud.autoconfigure.RestartEndpointWithoutIntegrationConfiguration$$EnhancerBySpringCGLIB$$44a09b79
2647:             2             32  org.springframework.cloud.bootstrap.BootstrapApplicationListener
2648:             1             32  org.springframework.cloud.bootstrap.BootstrapApplicationListener$ExtendedDefaultPropertySource
2649:             1             32  org.springframework.cloud.bootstrap.BootstrapImportSelectorConfiguration$$EnhancerBySpringCGLIB$$72f7be80
2650:             2             32  org.springframework.cloud.bootstrap.LoggingSystemShutdownListener
2651:             1             32  org.springframework.cloud.bootstrap.encrypt.KeyProperties
2652:             1             32  org.springframework.cloud.bootstrap.encrypt.KeyProperties$KeyStore
2653:             1             32  org.springframework.cloud.client.CommonsClientAutoConfiguration$$EnhancerBySpringCGLIB$$738e9bb3
2654:             1             32  org.springframework.cloud.client.CommonsClientAutoConfiguration$DiscoveryLoadBalancerConfiguration$$EnhancerBySpringCGLIB$$d83e4a93
2655:             1             32  org.springframework.cloud.client.discovery.composite.CompositeDiscoveryClientAutoConfiguration$$EnhancerBySpringCGLIB$$9ce7e647
2656:             1             32  org.springframework.cloud.client.discovery.event.InstanceRegisteredEvent
2657:             1             32  org.springframework.cloud.client.discovery.health.DiscoveryClientHealthIndicator
2658:             2             32  org.springframework.cloud.client.discovery.health.DiscoveryCompositeHealthIndicator$Holder
2659:             1             32  org.springframework.cloud.client.loadbalancer.AsyncLoadBalancerAutoConfiguration$$EnhancerBySpringCGLIB$$6250b79a
2660:             1             32  org.springframework.cloud.client.loadbalancer.AsyncLoadBalancerAutoConfiguration$LoadBalancerInterceptorConfig$$EnhancerBySpringCGLIB$$69b56841
2661:             1             32  org.springframework.cloud.client.loadbalancer.LoadBalancerAutoConfiguration$LoadBalancerInterceptorConfig$$EnhancerBySpringCGLIB$$d4f1511f
2662:             1             32  org.springframework.cloud.client.serviceregistry.AutoServiceRegistrationConfiguration$$EnhancerBySpringCGLIB$$6adae632
2663:             1             32  org.springframework.cloud.client.serviceregistry.ServiceRegistryAutoConfiguration$$EnhancerBySpringCGLIB$$7ad845b0
2664:             1             32  org.springframework.cloud.commons.httpclient.HttpClientConfiguration$$EnhancerBySpringCGLIB$$7262a30a
2665:             1             32  org.springframework.cloud.commons.httpclient.HttpClientConfiguration$ApacheHttpClientConfiguration$$EnhancerBySpringCGLIB$$3cee9dfb
2666:             1             32  org.springframework.cloud.commons.util.UtilAutoConfiguration$$EnhancerBySpringCGLIB$$1ba5823b
2667:             1             32  org.springframework.cloud.configuration.CompatibilityVerifierAutoConfiguration$$EnhancerBySpringCGLIB$$2889b6f5
2668:             1             32  org.springframework.cloud.health.RefreshScopeHealthIndicator
2669:             1             32  org.springframework.cloud.netflix.archaius.ArchaiusAutoConfiguration$ArchaiusEndpointConfiguration$$EnhancerBySpringCGLIB$$8e6e9512
2670:             1             32  org.springframework.cloud.netflix.eureka.EurekaClientAutoConfiguration$EurekaHealthIndicatorConfiguration$$EnhancerBySpringCGLIB$$d97db372
2671:             1             32  org.springframework.cloud.netflix.eureka.EurekaDiscoveryClientConfiguration$$EnhancerBySpringCGLIB$$7189a669
2672:             1             32  org.springframework.cloud.netflix.eureka.config.DiscoveryClientOptionalArgsConfiguration$$EnhancerBySpringCGLIB$$1918270d
2673:             1             32  org.springframework.cloud.netflix.eureka.serviceregistry.EurekaRegistration
2674:             1             32  org.springframework.cloud.netflix.hystrix.HystrixAutoConfiguration$$EnhancerBySpringCGLIB$$3661a4f
2675:             1             32  org.springframework.cloud.netflix.hystrix.HystrixAutoConfiguration$HystrixMetricsConfiguration$$EnhancerBySpringCGLIB$$51a1f30d
2676:             1             32  org.springframework.cloud.netflix.ribbon.eureka.RibbonEurekaAutoConfiguration$$EnhancerBySpringCGLIB$$2702055b
2677:             2             32  org.springframework.context.annotation.ConfigurationClassPostProcessor$1
2678:             2             32  org.springframework.context.annotation.ConfigurationClassPostProcessor$ImportAwareBeanPostProcessor
2679:             1             32  org.springframework.context.annotation.ContextAnnotationAutowireCandidateResolver$1
2680:             2             32  org.springframework.context.event.DefaultEventListenerFactory
2681:             2             32  org.springframework.context.expression.BeanExpressionContextAccessor
2682:             2             32  org.springframework.context.expression.BeanFactoryAccessor
2683:             2             32  org.springframework.context.expression.BeanFactoryResolver
2684:             2             32  org.springframework.context.expression.EnvironmentAccessor
2685:             2             32  org.springframework.context.expression.MapAccessor
2686:             2             32  org.springframework.context.expression.StandardBeanExpressionResolver$1
2687:             1             32  org.springframework.context.support.DefaultLifecycleProcessor$$Lambda$279/0x0000000800dde840
2688:             2             32  org.springframework.core.convert.support.ArrayToCollectionConverter
2689:             2             32  org.springframework.core.convert.support.ArrayToObjectConverter
2690:             2             32  org.springframework.core.convert.support.ArrayToStringConverter
2691:             2             32  org.springframework.core.convert.support.ByteBufferConverter
2692:             2             32  org.springframework.core.convert.support.CharacterToNumberFactory
2693:             2             32  org.springframework.core.convert.support.CollectionToCollectionConverter
2694:             2             32  org.springframework.core.convert.support.CollectionToObjectConverter
2695:             2             32  org.springframework.core.convert.support.EnumToIntegerConverter
2696:             2             32  org.springframework.core.convert.support.EnumToStringConverter
2697:             2             32  org.springframework.core.convert.support.FallbackObjectToStringConverter
2698:             2             32  org.springframework.core.convert.support.GenericConversionService$NoOpConverter
2699:             2             32  org.springframework.core.convert.support.IdToEntityConverter
2700:             2             32  org.springframework.core.convert.support.IntegerToEnumConverterFactory
2701:             2             32  org.springframework.core.convert.support.MapToMapConverter
2702:             2             32  org.springframework.core.convert.support.NumberToCharacterConverter
2703:             2             32  org.springframework.core.convert.support.NumberToNumberConverterFactory
2704:             2             32  org.springframework.core.convert.support.ObjectToArrayConverter
2705:             2             32  org.springframework.core.convert.support.ObjectToCollectionConverter
2706:             2             32  org.springframework.core.convert.support.ObjectToObjectConverter
2707:             2             32  org.springframework.core.convert.support.ObjectToOptionalConverter
2708:             2             32  org.springframework.core.convert.support.PropertiesToStringConverter
2709:             2             32  org.springframework.core.convert.support.StreamConverter
2710:             2             32  org.springframework.core.convert.support.StringToArrayConverter
2711:             2             32  org.springframework.core.convert.support.StringToBooleanConverter
2712:             2             32  org.springframework.core.convert.support.StringToCharacterConverter
2713:             2             32  org.springframework.core.convert.support.StringToCharsetConverter
2714:             2             32  org.springframework.core.convert.support.StringToCollectionConverter
2715:             2             32  org.springframework.core.convert.support.StringToCurrencyConverter
2716:             2             32  org.springframework.core.convert.support.StringToEnumConverterFactory
2717:             2             32  org.springframework.core.convert.support.StringToLocaleConverter
2718:             2             32  org.springframework.core.convert.support.StringToNumberConverterFactory
2719:             2             32  org.springframework.core.convert.support.StringToPropertiesConverter
2720:             2             32  org.springframework.core.convert.support.StringToTimeZoneConverter
2721:             2             32  org.springframework.core.convert.support.StringToUUIDConverter
2722:             2             32  org.springframework.core.convert.support.ZoneIdToTimeZoneConverter
2723:             2             32  org.springframework.core.convert.support.ZonedDateTimeToCalendarConverter
2724:             1             32  org.springframework.core.env.CompositePropertySource
2725:             1             32  org.springframework.core.env.StandardEnvironment
2726:             1             32  org.springframework.core.io.support.ResourcePropertySource
2727:             2             32  org.springframework.expression.spel.support.StandardOperatorOverloader
2728:             2             32  org.springframework.expression.spel.support.StandardTypeComparator
2729:             2             32  org.springframework.expression.spel.support.StandardTypeConverter
2730:             2             32  org.springframework.format.datetime.joda.DateTimeParser
2731:             2             32  org.springframework.format.datetime.joda.DurationFormatter
2732:             2             32  org.springframework.format.datetime.joda.JodaDateTimeFormatAnnotationFormatterFactory
2733:             2             32  org.springframework.format.datetime.joda.JodaTimeConverters$CalendarToReadableInstantConverter
2734:             2             32  org.springframework.format.datetime.joda.JodaTimeConverters$DateTimeToCalendarConverter
2735:             2             32  org.springframework.format.datetime.joda.JodaTimeConverters$DateTimeToDateConverter
2736:             2             32  org.springframework.format.datetime.joda.JodaTimeConverters$DateTimeToDateMidnightConverter
2737:             2             32  org.springframework.format.datetime.joda.JodaTimeConverters$DateTimeToInstantConverter
2738:             2             32  org.springframework.format.datetime.joda.JodaTimeConverters$DateTimeToLocalDateConverter
2739:             2             32  org.springframework.format.datetime.joda.JodaTimeConverters$DateTimeToLocalDateTimeConverter
2740:             2             32  org.springframework.format.datetime.joda.JodaTimeConverters$DateTimeToLocalTimeConverter
2741:             2             32  org.springframework.format.datetime.joda.JodaTimeConverters$DateTimeToLongConverter
2742:             2             32  org.springframework.format.datetime.joda.JodaTimeConverters$DateTimeToMutableDateTimeConverter
2743:             2             32  org.springframework.format.datetime.joda.JodaTimeConverters$DateToReadableInstantConverter
2744:             2             32  org.springframework.format.datetime.joda.JodaTimeConverters$LocalDateTimeToLocalDateConverter
2745:             2             32  org.springframework.format.datetime.joda.JodaTimeConverters$LocalDateTimeToLocalTimeConverter
2746:             2             32  org.springframework.format.datetime.joda.JodaTimeConverters$LongToReadableInstantConverter
2747:             2             32  org.springframework.format.datetime.joda.LocalDateParser
2748:             2             32  org.springframework.format.datetime.joda.LocalDateTimeParser
2749:             2             32  org.springframework.format.datetime.joda.LocalTimeParser
2750:             2             32  org.springframework.format.datetime.joda.MonthDayFormatter
2751:             2             32  org.springframework.format.datetime.joda.PeriodFormatter
2752:             2             32  org.springframework.format.datetime.joda.ReadableInstantPrinter
2753:             2             32  org.springframework.format.datetime.joda.YearMonthFormatter
2754:             2             32  org.springframework.format.datetime.standard.DateTimeConverters$CalendarToInstantConverter
2755:             2             32  org.springframework.format.datetime.standard.DateTimeConverters$CalendarToLocalDateConverter
2756:             2             32  org.springframework.format.datetime.standard.DateTimeConverters$CalendarToLocalDateTimeConverter
2757:             2             32  org.springframework.format.datetime.standard.DateTimeConverters$CalendarToLocalTimeConverter
2758:             2             32  org.springframework.format.datetime.standard.DateTimeConverters$CalendarToOffsetDateTimeConverter
2759:             2             32  org.springframework.format.datetime.standard.DateTimeConverters$CalendarToZonedDateTimeConverter
2760:             2             32  org.springframework.format.datetime.standard.DateTimeConverters$InstantToLongConverter
2761:             2             32  org.springframework.format.datetime.standard.DateTimeConverters$LocalDateTimeToLocalDateConverter
2762:             2             32  org.springframework.format.datetime.standard.DateTimeConverters$LocalDateTimeToLocalTimeConverter
2763:             2             32  org.springframework.format.datetime.standard.DateTimeConverters$LongToInstantConverter
2764:             2             32  org.springframework.format.datetime.standard.DateTimeConverters$OffsetDateTimeToInstantConverter
2765:             2             32  org.springframework.format.datetime.standard.DateTimeConverters$OffsetDateTimeToLocalDateConverter
2766:             2             32  org.springframework.format.datetime.standard.DateTimeConverters$OffsetDateTimeToLocalDateTimeConverter
2767:             2             32  org.springframework.format.datetime.standard.DateTimeConverters$OffsetDateTimeToLocalTimeConverter
2768:             2             32  org.springframework.format.datetime.standard.DateTimeConverters$OffsetDateTimeToZonedDateTimeConverter
2769:             2             32  org.springframework.format.datetime.standard.DateTimeConverters$ZonedDateTimeToInstantConverter
2770:             2             32  org.springframework.format.datetime.standard.DateTimeConverters$ZonedDateTimeToLocalDateConverter
2771:             2             32  org.springframework.format.datetime.standard.DateTimeConverters$ZonedDateTimeToLocalDateTimeConverter
2772:             2             32  org.springframework.format.datetime.standard.DateTimeConverters$ZonedDateTimeToLocalTimeConverter
2773:             2             32  org.springframework.format.datetime.standard.DateTimeConverters$ZonedDateTimeToOffsetDateTimeConverter
2774:             2             32  org.springframework.format.datetime.standard.DurationFormatter
2775:             2             32  org.springframework.format.datetime.standard.InstantFormatter
2776:             2             32  org.springframework.format.datetime.standard.Jsr310DateTimeFormatAnnotationFormatterFactory
2777:             2             32  org.springframework.format.datetime.standard.MonthDayFormatter
2778:             2             32  org.springframework.format.datetime.standard.MonthFormatter
2779:             2             32  org.springframework.format.datetime.standard.PeriodFormatter
2780:             2             32  org.springframework.format.datetime.standard.YearFormatter
2781:             2             32  org.springframework.format.datetime.standard.YearMonthFormatter
2782:             2             32  org.springframework.format.number.NumberFormatAnnotationFormatterFactory
2783:             2             32  org.springframework.http.converter.json.SpringHandlerInstantiator
2784:             1             32  org.springframework.jmx.export.assembler.MetadataMBeanInfoAssembler
2785:             2             32  org.springframework.objenesis.instantiator.sun.SunReflectionFactoryInstantiator
2786:             2             32  org.springframework.objenesis.strategy.StdInstantiatorStrategy
2787:             2             32  org.springframework.util.DefaultPropertiesPersister
2788:             2             32  org.springframework.web.method.annotation.RequestParamMapMethodArgumentResolver
2789:             2             32  org.springframework.web.servlet.mvc.method.annotation.JsonViewResponseBodyAdvice
2790:             2             32  org.springframework.web.servlet.mvc.method.annotation.MatrixVariableMapMethodArgumentResolver
2791:             2             32  org.springframework.web.servlet.mvc.method.annotation.ModelAndViewMethodReturnValueHandler
2792:             2             32  org.springframework.web.servlet.mvc.method.annotation.PathVariableMapMethodArgumentResolver
2793:             1             32  org.springframework.web.servlet.mvc.method.annotation.ReactiveTypeHandler
2794:             2             32  org.springframework.web.servlet.mvc.method.annotation.RedirectAttributesMethodArgumentResolver
2795:             1             32  org.springframework.web.servlet.mvc.method.annotation.RequestPartMethodArgumentResolver
2796:             1             32  org.springframework.web.servlet.mvc.method.annotation.ServletCookieValueMethodArgumentResolver
2797:             2             32  org.springframework.web.servlet.mvc.method.annotation.ViewMethodReturnValueHandler
2798:             2             32  org.springframework.web.servlet.mvc.method.annotation.ViewNameMethodReturnValueHandler
2799:             1             32  org.springframework.web.servlet.resource.ResourceUrlProvider
2800:             1             32  org.springframework.web.servlet.view.BeanNameViewResolver
2801:             1             32  sun.management.MappedMXBeanType$InProgress (java.management@14.0.1)
2802:             1             32  sun.nio.ch.DummySocketImpl (java.base@14.0.1)
2803:             1             32  sun.nio.fs.MacOSXFileSystem (java.base@14.0.1)
2804:             1             32  sun.nio.fs.NativeBuffer (java.base@14.0.1)
2805:             1             32  sun.nio.fs.UnixFileKey (java.base@14.0.1)
2806:             1             32  sun.reflect.annotation.AnnotatedTypeFactory$AnnotatedTypeBaseImpl (java.base@14.0.1)
2807:             1             32  sun.reflect.annotation.AnnotationParser$$Lambda$39/0x0000000800b8ec40 (java.base@14.0.1)
2808:             2             32  sun.security.provider.FileInputStreamPool$UnclosableInputStream (java.base@14.0.1)
2809:             1             32  sun.security.provider.PolicyFile (java.base@14.0.1)
2810:             1             32  sun.security.provider.PolicyFile$PolicyInfo (java.base@14.0.1)
2811:             1             32  sun.security.provider.SecureRandom (java.base@14.0.1)
2812:             2             32  sun.util.resources.LocaleData (java.base@14.0.1)
2813:             1             24  [Lch.qos.logback.core.joran.spi.ConsoleTarget;
2814:             1             24  [Lch.qos.logback.core.subst.Node$Type;
2815:             1             24  [Lcom.fasterxml.jackson.databind.Module;
2816:             1             24  [Lcom.fasterxml.jackson.dataformat.xml.deser.FromXmlParser$Feature;
2817:             1             24  [Lcom.fasterxml.jackson.dataformat.xml.ser.ToXmlGenerator$Feature;
2818:             1             24  [Lcom.google.common.collect.GenericMapMaker$NullListener;
2819:             1             24  [Lcom.google.common.collect.Interners$WeakInterner$Dummy;
2820:             1             24  [Lcom.google.gson.LongSerializationPolicy;
2821:             1             24  [Lcom.netflix.appinfo.EurekaAccept;
2822:             1             24  [Lcom.netflix.appinfo.InstanceInfo$PortType;
2823:             1             24  [Lcom.netflix.servo.util.ClockWithOffset;
2824:             1             24  [Lcom.sun.org.apache.xalan.internal.utils.XMLSecurityPropertyManager$Property; (java.xml@14.0.1)
2825:             1             24  [Lcom.sun.org.apache.xerces.internal.utils.XMLSecurityPropertyManager$Property; (java.xml@14.0.1)
2826:             1             24  [Lfreemarker.cache.TemplateLoader;
2827:             1             24  [Lio.micrometer.core.instrument.simple.CountingMode;
2828:             1             24  [Ljava.io.File$PathStatus; (java.base@14.0.1)
2829:             1             24  [Ljava.lang.ClassValue$Entry; (java.base@14.0.1)
2830:             1             24  [Ljava.lang.management.MemoryType; (java.management@14.0.1)
2831:             1             24  [Ljava.net.InetSocketAddress; (java.base@14.0.1)
2832:             1             24  [Ljava.net.InterfaceAddress; (java.base@14.0.1)
2833:             1             24  [Ljava.net.StandardProtocolFamily; (java.base@14.0.1)
2834:             1             24  [Ljava.nio.charset.spi.CharsetProvider; (java.base@14.0.1)
2835:             1             24  [Ljava.time.temporal.IsoFields$Unit; (java.base@14.0.1)
2836:             1             24  [Ljava.util.Locale$Category; (java.base@14.0.1)
2837:             1             24  [Ljava.util.jar.Manifest; (java.base@14.0.1)
2838:             1             24  [Ljavax.management.Descriptor; (java.management@14.0.1)
2839:             1             24  [Ljdk.internal.access.JavaSecurityAccess$ProtectionDomainCache; (java.base@14.0.1)
2840:             1             24  [Lorg.apache.catalina.Service;
2841:             1             24  [Lorg.apache.catalina.mapper.Mapper$ContextVersion;
2842:             1             24  [Lorg.apache.catalina.mapper.Mapper$MappedContext;
2843:             1             24  [Lorg.apache.tomcat.util.IntrospectionUtils$PropertySource;
2844:             1             24  [Lorg.apache.tomcat.util.net.NioEndpoint$Poller;
2845:             1             24  [Lorg.hibernate.validator.internal.metadata.descriptor.ConstraintDescriptorImpl$ConstraintType;
2846:             1             24  [Lorg.springframework.boot.actuate.info.InfoPropertiesInfoContributor$Mode;
2847:             1             24  [Lorg.springframework.boot.autoconfigure.condition.ConditionMessage$Style;
2848:             1             24  [Lorg.springframework.boot.autoconfigure.condition.FilteringSpringBootCondition$ClassNameFilter;
2849:             1             24  [Lorg.springframework.boot.autoconfigure.http.HttpProperties$Encoding$Type;
2850:             1             24  [Lorg.springframework.boot.autoconfigure.web.servlet.WebMvcProperties$LocaleResolver;
2851:             1             24  [Lorg.springframework.context.annotation.ConfigurationCondition$ConfigurationPhase;
2852:             1             24  [Lorg.springframework.context.annotation.MBeanExportConfiguration$SpecificPlatform;
2853:             1             24  [Lorg.springframework.core.ResolvableType$WildcardBounds$Kind;
2854:             1             24  [Lorg.springframework.http.MediaType;
2855:             1             24  [Lorg.springframework.util.ConcurrentReferenceHashMap$ReferenceType;
2856:             1             24  [Lorg.springframework.util.ConcurrentReferenceHashMap$Restructure;
2857:             1             24  [Lsun.text.normalizer.CodePointTrie$Type; (java.base@14.0.1)
2858:             1             24  ch.qos.logback.classic.spi.TurboFilterList
2859:             1             24  ch.qos.logback.classic.util.ContextSelectorStaticBinder
2860:             1             24  ch.qos.logback.classic.util.LogbackMDCAdapter
2861:             1             24  com.fasterxml.classmate.util.LRUTypeCache
2862:             1             24  com.fasterxml.jackson.annotation.JsonFormat$Features
2863:             1             24  com.fasterxml.jackson.annotation.JsonSetter$Value
2864:             1             24  com.fasterxml.jackson.core.util.Separators
2865:             1             24  com.fasterxml.jackson.databind.cfg.ContextAttributes$Impl
2866:             1             24  com.fasterxml.jackson.databind.introspect.AnnotatedClass$Creators
2867:             1             24  com.fasterxml.jackson.databind.introspect.JacksonAnnotationIntrospector
2868:             1             24  com.fasterxml.jackson.databind.ser.impl.FailingSerializer
2869:             1             24  com.fasterxml.jackson.datatype.jsr310.deser.LocalDateDeserializer
2870:             1             24  com.fasterxml.jackson.datatype.jsr310.deser.LocalDateTimeDeserializer
2871:             1             24  com.fasterxml.jackson.datatype.jsr310.deser.LocalTimeDeserializer
2872:             1             24  com.fasterxml.jackson.datatype.jsr310.deser.MonthDayDeserializer
2873:             1             24  com.fasterxml.jackson.datatype.jsr310.deser.OffsetTimeDeserializer
2874:             1             24  com.fasterxml.jackson.datatype.jsr310.deser.YearDeserializer
2875:             1             24  com.fasterxml.jackson.datatype.jsr310.deser.YearMonthDeserializer
2876:             1             24  com.google.common.collect.GenericMapMaker$NullListener
2877:             1             24  com.google.common.collect.Interners$WeakInterner$Dummy
2878:             1             24  com.google.common.collect.MapMakerInternalMap$EntryFactory$1
2879:             1             24  com.google.common.collect.MapMakerInternalMap$EntryFactory$2
2880:             1             24  com.google.common.collect.MapMakerInternalMap$EntryFactory$3
2881:             1             24  com.google.common.collect.MapMakerInternalMap$EntryFactory$4
2882:             1             24  com.google.common.collect.MapMakerInternalMap$EntryFactory$5
2883:             1             24  com.google.common.collect.MapMakerInternalMap$EntryFactory$6
2884:             1             24  com.google.common.collect.MapMakerInternalMap$EntryFactory$7
2885:             1             24  com.google.common.collect.MapMakerInternalMap$EntryFactory$8
2886:             1             24  com.google.common.collect.MapMakerInternalMap$Strength$1
2887:             1             24  com.google.common.collect.MapMakerInternalMap$Strength$2
2888:             1             24  com.google.common.collect.MapMakerInternalMap$Strength$3
2889:             1             24  com.google.gson.FieldNamingPolicy$1
2890:             1             24  com.google.gson.FieldNamingPolicy$2
2891:             1             24  com.google.gson.FieldNamingPolicy$3
2892:             1             24  com.google.gson.FieldNamingPolicy$4
2893:             1             24  com.google.gson.FieldNamingPolicy$5
2894:             1             24  com.google.gson.FieldNamingPolicy$6
2895:             1             24  com.google.gson.LongSerializationPolicy$1
2896:             1             24  com.google.gson.LongSerializationPolicy$2
2897:             1             24  com.google.gson.internal.ConstructorConstructor
2898:             1             24  com.google.gson.internal.bind.MapTypeAdapterFactory
2899:             1             24  com.google.gson.internal.bind.TypeAdapters$34
2900:             1             24  com.google.gson.internal.reflect.UnsafeReflectionAccessor
2901:             1             24  com.google.gson.reflect.TypeToken
2902:             1             24  com.netflix.config.ConfigurationBasedDeploymentContext
2903:             1             24  com.netflix.discovery.DiscoveryClient$1
2904:             1             24  com.netflix.discovery.DiscoveryManager
2905:             1             24  com.netflix.discovery.InstanceRegionChecker
2906:             1             24  com.netflix.discovery.util.StringCache
2907:             1             24  com.netflix.discovery.util.ThresholdLevelsMetric$NoOpThresholdLevelMetric
2908:             1             24  com.netflix.hystrix.strategy.metrics.HystrixMetricsPublisherFactory
2909:             1             24  com.netflix.servo.monitor.DoubleCounter
2910:             1             24  com.netflix.servo.monitor.MaxGauge
2911:             1             24  com.sun.beans.util.Cache$Kind$1 (java.desktop@14.0.1)
2912:             1             24  com.sun.beans.util.Cache$Kind$2 (java.desktop@14.0.1)
2913:             1             24  com.sun.beans.util.Cache$Kind$3 (java.desktop@14.0.1)
2914:             1             24  com.sun.jmx.mbeanserver.ClassLoaderRepositorySupport (java.management@14.0.1)
2915:             1             24  com.sun.jmx.mbeanserver.MXBeanLookup (java.management@14.0.1)
2916:             1             24  com.sun.jmx.remote.util.ClassLogger (java.management@14.0.1)
2917:             1             24  com.sun.management.internal.HotSpotThreadImpl (jdk.management@14.0.1)
2918:             1             24  com.sun.management.internal.OperatingSystemImpl (jdk.management@14.0.1)
2919:             1             24  com.sun.management.internal.PlatformMBeanProviderImpl$1 (jdk.management@14.0.1)
2920:             1             24  com.sun.management.internal.PlatformMBeanProviderImpl$2 (jdk.management@14.0.1)
2921:             1             24  com.sun.management.internal.PlatformMBeanProviderImpl$3 (jdk.management@14.0.1)
2922:             1             24  com.sun.management.internal.PlatformMBeanProviderImpl$4 (jdk.management@14.0.1)
2923:             1             24  com.sun.management.internal.PlatformMBeanProviderImpl$5 (jdk.management@14.0.1)
2924:             1             24  com.sun.org.apache.xerces.internal.impl.Constants$ArrayEnumeration (java.xml@14.0.1)
2925:             1             24  com.sun.org.apache.xerces.internal.impl.XMLDocumentScannerImpl$ContentDriver (java.xml@14.0.1)
2926:             1             24  com.sun.org.apache.xerces.internal.impl.XMLNSDocumentScannerImpl$NSContentDriver (java.xml@14.0.1)
2927:             1             24  com.sun.org.apache.xerces.internal.impl.msg.XMLMessageFormatter (java.xml@14.0.1)
2928:             1             24  com.sun.org.apache.xerces.internal.impl.validation.ValidationManager (java.xml@14.0.1)
2929:             1             24  com.sun.org.apache.xerces.internal.parsers.AbstractSAXParser$LocatorProxy (java.xml@14.0.1)
2930:             1             24  com.sun.org.apache.xerces.internal.utils.XMLSecurityPropertyManager (java.xml@14.0.1)
2931:             1             24  freemarker.cache.MultiTemplateLoader
2932:             1             24  freemarker.core.ArithmeticEngine$BigDecimalEngine
2933:             1             24  freemarker.core.ArithmeticEngine$ConservativeEngine
2934:             1             24  freemarker.template.Configuration$DefaultSoftCacheStorage
2935:             1             24  io.micrometer.core.instrument.MeterRegistry$$Lambda$483/0x0000000800fc7c40
2936:             1             24  io.micrometer.core.instrument.binder.hystrix.MicrometerMetricsPublisher
2937:             1             24  io.micrometer.core.instrument.binder.logging.LogbackMetrics
2938:             1             24  io.micrometer.core.instrument.binder.system.UptimeMetrics
2939:             1             24  io.micrometer.core.instrument.binder.tomcat.TomcatMetrics$$Lambda$647/0x00000008010d1c40
2940:             1             24  io.micrometer.core.instrument.binder.tomcat.TomcatMetrics$$Lambda$649/0x00000008010d2840
2941:             1             24  io.micrometer.core.instrument.binder.tomcat.TomcatMetrics$$Lambda$650/0x00000008010d2c40
2942:             1             24  io.micrometer.core.instrument.binder.tomcat.TomcatMetrics$$Lambda$651/0x00000008010d3040
2943:             1             24  io.micrometer.core.instrument.binder.tomcat.TomcatMetrics$$Lambda$652/0x00000008010d3840
2944:             1             24  io.micrometer.core.instrument.binder.tomcat.TomcatMetrics$$Lambda$653/0x00000008010d3c40
2945:             1             24  io.micrometer.core.instrument.binder.tomcat.TomcatMetrics$$Lambda$656/0x00000008010d4840
2946:             1             24  io.micrometer.core.instrument.binder.tomcat.TomcatMetrics$$Lambda$657/0x00000008010d4c40
2947:             1             24  io.micrometer.core.instrument.binder.tomcat.TomcatMetrics$$Lambda$659/0x00000008010d5440
2948:             1             24  io.micrometer.core.instrument.binder.tomcat.TomcatMetrics$$Lambda$660/0x00000008010d5840
2949:             1             24  io.micrometer.core.instrument.binder.tomcat.TomcatMetrics$$Lambda$661/0x00000008010d5c40
2950:             1             24  io.micrometer.core.instrument.binder.tomcat.TomcatMetrics$$Lambda$662/0x00000008010d6040
2951:             1             24  io.micrometer.core.instrument.binder.tomcat.TomcatMetrics$$Lambda$663/0x00000008010d6440
2952:             1             24  java.lang.ClassValue$Version (java.base@14.0.1)
2953:             1             24  java.lang.Double (java.base@14.0.1)
2954:             1             24  java.lang.ProcessEnvironment$StringEnvironment (java.base@14.0.1)
2955:             1             24  java.lang.invoke.MethodType$ConcurrentWeakInternSet (java.base@14.0.1)
2956:             1             24  java.lang.invoke.TypeConvertingMethodAdapter (java.base@14.0.1)
2957:             1             24  java.lang.invoke.VarHandles$1 (java.base@14.0.1)
2958:             1             24  java.lang.management.DefaultPlatformMBeanProvider$1 (java.management@14.0.1)
2959:             1             24  java.lang.management.DefaultPlatformMBeanProvider$10 (java.management@14.0.1)
2960:             1             24  java.lang.management.DefaultPlatformMBeanProvider$11 (java.management@14.0.1)
2961:             1             24  java.lang.management.DefaultPlatformMBeanProvider$2 (java.management@14.0.1)
2962:             1             24  java.lang.management.DefaultPlatformMBeanProvider$3 (java.management@14.0.1)
2963:             1             24  java.lang.management.DefaultPlatformMBeanProvider$4 (java.management@14.0.1)
2964:             1             24  java.lang.management.DefaultPlatformMBeanProvider$5 (java.management@14.0.1)
2965:             1             24  java.lang.management.DefaultPlatformMBeanProvider$6 (java.management@14.0.1)
2966:             1             24  java.lang.management.DefaultPlatformMBeanProvider$7 (java.management@14.0.1)
2967:             1             24  java.lang.management.DefaultPlatformMBeanProvider$8 (java.management@14.0.1)
2968:             1             24  java.lang.management.DefaultPlatformMBeanProvider$9 (java.management@14.0.1)
2969:             1             24  java.net.Inet4AddressImpl (java.base@14.0.1)
2970:             1             24  java.net.Inet6AddressImpl (java.base@14.0.1)
2971:             1             24  java.net.SocketPermissionCollection (java.base@14.0.1)
2972:             1             24  java.security.Permissions$1 (java.base@14.0.1)
2973:             1             24  java.security.Policy$PolicyInfo (java.base@14.0.1)
2974:             1             24  java.security.Policy$UnsupportedEmptyCollection (java.base@14.0.1)
2975:             1             24  java.security.ProtectionDomain$JavaSecurityAccessImpl$1 (java.base@14.0.1)
2976:             1             24  java.time.Clock$SystemClock (java.base@14.0.1)
2977:             1             24  java.time.ZoneRegion (java.base@14.0.1)
2978:             1             24  java.time.format.DecimalStyle (java.base@14.0.1)
2979:             1             24  java.time.temporal.IsoFields$Field$1 (java.base@14.0.1)
2980:             1             24  java.time.temporal.IsoFields$Field$2 (java.base@14.0.1)
2981:             1             24  java.time.temporal.IsoFields$Field$3 (java.base@14.0.1)
2982:             1             24  java.time.temporal.IsoFields$Field$4 (java.base@14.0.1)
2983:             1             24  java.time.zone.TzdbZoneRulesProvider (java.base@14.0.1)
2984:             1             24  java.util.AbstractMap$1$1 (java.base@14.0.1)
2985:             1             24  java.util.Collections$2 (java.base@14.0.1)
2986:             1             24  java.util.Collections$EmptyMap (java.base@14.0.1)
2987:             1             24  java.util.Collections$SynchronizedCollection (java.base@14.0.1)
2988:             1             24  java.util.Comparator$$Lambda$322/0x0000000800ebf040 (java.base@14.0.1)
2989:             1             24  java.util.ImmutableCollections$SetN$SetNIterator (java.base@14.0.1)
2990:             1             24  java.util.Locale$Cache (java.base@14.0.1)
2991:             1             24  java.util.OptionalInt (java.base@14.0.1)
2992:             1             24  java.util.PropertyPermissionCollection (java.base@14.0.1)
2993:             1             24  java.util.ResourceBundle$Control$CandidateListCache (java.base@14.0.1)
2994:             1             24  java.util.ServiceLoader$2 (java.base@14.0.1)
2995:             1             24  java.util.ServiceLoader$3 (java.base@14.0.1)
2996:             1             24  java.util.Spliterators$1Adapter (java.base@14.0.1)
2997:             1             24  java.util.concurrent.ConcurrentSkipListMap$Index (java.base@14.0.1)
2998:             1             24  java.util.logging.LogManager$LoggerContext (java.logging@14.0.1)
2999:             1             24  java.util.stream.ForEachOps$ForEachOp$OfRef (java.base@14.0.1)
3000:             1             24  java.util.stream.ReduceOps$2 (java.base@14.0.1)
3001:             1             24  java.util.stream.ReduceOps$2ReducingSink (java.base@14.0.1)
3002:             1             24  java.util.stream.ReduceOps$5ReducingSink (java.base@14.0.1)
3003:             1             24  java.util.stream.ReduceOps$6 (java.base@14.0.1)
3004:             1             24  java.util.stream.ReferencePipeline$4$1 (java.base@14.0.1)
3005:             1             24  java.util.stream.ReferencePipeline$7$1 (java.base@14.0.1)
3006:             1             24  java.util.zip.ZipCoder$UTF8 (java.base@14.0.1)
3007:             1             24  java.util.zip.ZipFile$Source$Key (java.base@14.0.1)
3008:             1             24  javax.el.ExpressionFactory$CacheKey
3009:             1             24  javax.el.Util$CacheKey
3010:             1             24  javax.websocket.CloseReason
3011:             1             24  javax.xml.namespace.QName (java.xml@14.0.1)
3012:             1             24  jdk.internal.jimage.ImageReader (java.base@14.0.1)
3013:             1             24  jdk.internal.logger.BootstrapLogger$RedirectedLoggers (java.base@14.0.1)
3014:             1             24  jdk.internal.module.ModuleHashes (java.base@14.0.1)
3015:             1             24  jdk.internal.module.SystemModuleFinders$SystemModuleFinder (java.base@14.0.1)
3016:             1             24  jdk.management.jfr.StreamManager (jdk.management.jfr@14.0.1)
3017:             1             24  jdk.management.jfr.internal.FlightRecorderMXBeanProvider$SingleMBeanComponent (jdk.management.jfr@14.0.1)
3018:             1             24  org.apache.catalina.ContainerEvent
3019:             1             24  org.apache.catalina.core.ApplicationContextFacade
3020:             1             24  org.apache.catalina.core.StandardContext$ContextFilterMaps
3021:             1             24  org.apache.catalina.mapper.Mapper$ContextList
3022:             1             24  org.apache.catalina.mapper.Mapper$MappedContext
3023:             1             24  org.apache.catalina.mapper.Mapper$MappedWrapper
3024:             1             24  org.apache.catalina.startup.CatalinaBaseConfigurationSource
3025:             1             24  org.apache.catalina.webresources.TomcatURLStreamHandlerFactory
3026:             1             24  org.apache.logging.log4j.spi.LoggerRegistry
3027:             1             24  org.apache.naming.StringManager
3028:             1             24  org.apache.tomcat.util.descriptor.web.ErrorPage
3029:             1             24  org.apache.tomcat.util.digester.RulesBase
3030:             1             24  org.apache.tomcat.util.net.Acceptor
3031:             1             24  org.apache.tomcat.util.net.NioBlockingSelector
3032:             1             24  org.apache.tomcat.websocket.WsExtension
3033:             1             24  org.apache.tomcat.websocket.server.WsFilter
3034:             1             24  org.hibernate.validator.internal.engine.MethodValidationConfiguration
3035:             1             24  org.hibernate.validator.internal.engine.valueextraction.ValueExtractorManager
3036:             1             24  org.hibernate.validator.internal.metadata.provider.ProgrammaticMetaDataProvider
3037:             1             24  org.hibernate.validator.internal.util.ConcurrentReferenceHashMap$Option
3038:             1             24  org.slf4j.helpers.SubstituteLoggerFactory
3039:             1             24  org.slf4j.impl.StaticLoggerBinder
3040:             1             24  org.springframework.aop.aspectj.annotation.ReflectiveAspectJAdvisorFactory
3041:             1             24  org.springframework.aop.framework.autoproxy.AbstractAdvisorAutoProxyCreator$BeanFactoryAdvisorRetrievalHelperAdapter
3042:             1             24  org.springframework.aop.support.annotation.AnnotationClassFilter
3043:             1             24  org.springframework.aop.support.annotation.AnnotationMatchingPointcut
3044:             1             24  org.springframework.beans.factory.config.NamedBeanHolder
3045:             1             24  org.springframework.beans.propertyeditors.ByteArrayPropertyEditor
3046:             1             24  org.springframework.beans.propertyeditors.CharArrayPropertyEditor
3047:             1             24  org.springframework.beans.propertyeditors.CharsetEditor
3048:             1             24  org.springframework.beans.propertyeditors.CurrencyEditor
3049:             1             24  org.springframework.beans.propertyeditors.LocaleEditor
3050:             1             24  org.springframework.beans.propertyeditors.PropertiesEditor
3051:             1             24  org.springframework.beans.propertyeditors.TimeZoneEditor
3052:             1             24  org.springframework.beans.propertyeditors.UUIDEditor
3053:             1             24  org.springframework.beans.propertyeditors.ZoneIdEditor
3054:             1             24  org.springframework.boot.SpringApplicationBannerPrinter$PrintedBanner
3055:             1             24  org.springframework.boot.SpringApplicationRunListeners
3056:             1             24  org.springframework.boot.actuate.audit.InMemoryAuditEventRepository
3057:             1             24  org.springframework.boot.actuate.autoconfigure.audit.AuditAutoConfiguration$$EnhancerBySpringCGLIB$$f5acc126$$FastClassBySpringCGLIB$$63d55f12
3058:             1             24  org.springframework.boot.actuate.autoconfigure.audit.AuditAutoConfiguration$$FastClassBySpringCGLIB$$a4f321ca
3059:             1             24  org.springframework.boot.actuate.autoconfigure.audit.AuditAutoConfiguration$AuditEventRepositoryConfiguration$$EnhancerBySpringCGLIB$$ed95f24f$$FastClassBySpringCGLIB$$4bc5127f
3060:             1             24  org.springframework.boot.actuate.autoconfigure.audit.AuditAutoConfiguration$AuditEventRepositoryConfiguration$$FastClassBySpringCGLIB$$4fcaf6d3
3061:             1             24  org.springframework.boot.actuate.autoconfigure.audit.AuditEventsEndpointAutoConfiguration$$EnhancerBySpringCGLIB$$7cb573f8$$FastClassBySpringCGLIB$$e10c246a
3062:             1             24  org.springframework.boot.actuate.autoconfigure.audit.AuditEventsEndpointAutoConfiguration$$FastClassBySpringCGLIB$$af8c5c
3063:             1             24  org.springframework.boot.actuate.autoconfigure.beans.BeansEndpointAutoConfiguration$$EnhancerBySpringCGLIB$$e0f0cba1$$FastClassBySpringCGLIB$$858bad38
3064:             1             24  org.springframework.boot.actuate.autoconfigure.beans.BeansEndpointAutoConfiguration$$FastClassBySpringCGLIB$$20cb37e5
3065:             1             24  org.springframework.boot.actuate.autoconfigure.condition.ConditionsReportEndpointAutoConfiguration$$EnhancerBySpringCGLIB$$66b4b404$$FastClassBySpringCGLIB$$6b01b5b9
3066:             1             24  org.springframework.boot.actuate.autoconfigure.condition.ConditionsReportEndpointAutoConfiguration$$FastClassBySpringCGLIB$$6b4656e8
3067:             1             24  org.springframework.boot.actuate.autoconfigure.context.properties.ConfigurationPropertiesReportEndpointAutoConfiguration$$EnhancerBySpringCGLIB$$b07a71c2$$FastClassBySpringCGLIB$$7748aa34
3068:             1             24  org.springframework.boot.actuate.autoconfigure.context.properties.ConfigurationPropertiesReportEndpointAutoConfiguration$$FastClassBySpringCGLIB$$a9f4dae6
3069:             1             24  org.springframework.boot.actuate.autoconfigure.endpoint.jmx.JmxEndpointProperties$Exposure
3070:             1             24  org.springframework.boot.actuate.autoconfigure.endpoint.web.ServletEndpointManagementContextConfiguration$$EnhancerBySpringCGLIB$$2671e858$$FastClassBySpringCGLIB$$b15e5271
3071:             1             24  org.springframework.boot.actuate.autoconfigure.endpoint.web.ServletEndpointManagementContextConfiguration$$FastClassBySpringCGLIB$$89cdd4bc
3072:             1             24  org.springframework.boot.actuate.autoconfigure.endpoint.web.ServletEndpointManagementContextConfiguration$WebMvcServletEndpointManagementContextConfiguration$$EnhancerBySpringCGLIB$$a2c1092$$FastClassBySpringCGLIB$$6e29f767
3073:             1             24  org.springframework.boot.actuate.autoconfigure.endpoint.web.ServletEndpointManagementContextConfiguration$WebMvcServletEndpointManagementContextConfiguration$$FastClassBySpringCGLIB$$c3736fb6
3074:             1             24  org.springframework.boot.actuate.autoconfigure.endpoint.web.WebEndpointAutoConfiguration$WebEndpointServletConfiguration$$EnhancerBySpringCGLIB$$62193ff8$$FastClassBySpringCGLIB$$9e76a9a6
3075:             1             24  org.springframework.boot.actuate.autoconfigure.endpoint.web.WebEndpointAutoConfiguration$WebEndpointServletConfiguration$$FastClassBySpringCGLIB$$b4e5d85c
3076:             1             24  org.springframework.boot.actuate.autoconfigure.endpoint.web.WebEndpointProperties
3077:             1             24  org.springframework.boot.actuate.autoconfigure.endpoint.web.WebEndpointProperties$Exposure
3078:             1             24  org.springframework.boot.actuate.autoconfigure.health.HealthEndpointConfiguration$$EnhancerBySpringCGLIB$$70986e9a$$FastClassBySpringCGLIB$$704b96a
3079:             1             24  org.springframework.boot.actuate.autoconfigure.health.HealthEndpointConfiguration$$FastClassBySpringCGLIB$$e04714be
3080:             1             24  org.springframework.boot.actuate.autoconfigure.health.HealthEndpointProperties
3081:             1             24  org.springframework.boot.actuate.autoconfigure.health.HealthEndpointWebExtensionConfiguration$ServletWebHealthConfiguration$$EnhancerBySpringCGLIB$$ae039c36$$FastClassBySpringCGLIB$$b2573973
3082:             1             24  org.springframework.boot.actuate.autoconfigure.health.HealthEndpointWebExtensionConfiguration$ServletWebHealthConfiguration$$FastClassBySpringCGLIB$$d1d3aada
3083:             1             24  org.springframework.boot.actuate.autoconfigure.health.HealthIndicatorProperties
3084:             1             24  org.springframework.boot.actuate.autoconfigure.info.InfoContributorAutoConfiguration$$EnhancerBySpringCGLIB$$7a5d0b2b$$FastClassBySpringCGLIB$$8bc2a8e5
3085:             1             24  org.springframework.boot.actuate.autoconfigure.info.InfoContributorAutoConfiguration$$FastClassBySpringCGLIB$$d8a9502f
3086:             1             24  org.springframework.boot.actuate.autoconfigure.info.InfoEndpointAutoConfiguration$$EnhancerBySpringCGLIB$$a233ec0b$$FastClassBySpringCGLIB$$899385eb
3087:             1             24  org.springframework.boot.actuate.autoconfigure.info.InfoEndpointAutoConfiguration$$FastClassBySpringCGLIB$$bfd0f50f
3088:             1             24  org.springframework.boot.actuate.autoconfigure.logging.LoggersEndpointAutoConfiguration$$EnhancerBySpringCGLIB$$fe24b0a5$$FastClassBySpringCGLIB$$36c5a433
3089:             1             24  org.springframework.boot.actuate.autoconfigure.logging.LoggersEndpointAutoConfiguration$$FastClassBySpringCGLIB$$64f20069
3090:             1             24  org.springframework.boot.actuate.autoconfigure.management.HeapDumpWebEndpointAutoConfiguration$$EnhancerBySpringCGLIB$$82dbc93a$$FastClassBySpringCGLIB$$722716d7
3091:             1             24  org.springframework.boot.actuate.autoconfigure.management.HeapDumpWebEndpointAutoConfiguration$$FastClassBySpringCGLIB$$7a5dbb5e
3092:             1             24  org.springframework.boot.actuate.autoconfigure.management.ThreadDumpEndpointAutoConfiguration$$EnhancerBySpringCGLIB$$fbc6d7d0$$FastClassBySpringCGLIB$$557a53d3
3093:             1             24  org.springframework.boot.actuate.autoconfigure.management.ThreadDumpEndpointAutoConfiguration$$FastClassBySpringCGLIB$$a14f4d34
3094:             1             24  org.springframework.boot.actuate.autoconfigure.metrics.CompositeMeterRegistryConfiguration$MultipleNonPrimaryMeterRegistriesCondition
3095:             1             24  org.springframework.boot.actuate.autoconfigure.metrics.LogbackMetricsAutoConfiguration$$EnhancerBySpringCGLIB$$1ecafd15$$FastClassBySpringCGLIB$$def5e094
3096:             1             24  org.springframework.boot.actuate.autoconfigure.metrics.LogbackMetricsAutoConfiguration$$FastClassBySpringCGLIB$$2a412ed9
3097:             1             24  org.springframework.boot.actuate.autoconfigure.metrics.MetricsEndpointAutoConfiguration$$EnhancerBySpringCGLIB$$50652b61$$FastClassBySpringCGLIB$$51ae9ff9
3098:             1             24  org.springframework.boot.actuate.autoconfigure.metrics.MetricsEndpointAutoConfiguration$$FastClassBySpringCGLIB$$b6b5fa5
3099:             1             24  org.springframework.boot.actuate.autoconfigure.metrics.MetricsProperties$Web
3100:             1             24  org.springframework.boot.actuate.autoconfigure.metrics.MetricsProperties$Web$Client
3101:             1             24  org.springframework.boot.actuate.autoconfigure.metrics.MetricsProperties$Web$Server
3102:             1             24  org.springframework.boot.actuate.autoconfigure.metrics.PropertiesMeterFilter
3103:             1             24  org.springframework.boot.actuate.autoconfigure.metrics.export.simple.SimpleProperties
3104:             1             24  org.springframework.boot.actuate.autoconfigure.metrics.web.client.HttpClientMetricsAutoConfiguration$$EnhancerBySpringCGLIB$$94cea826$$FastClassBySpringCGLIB$$60902b67
3105:             1             24  org.springframework.boot.actuate.autoconfigure.metrics.web.client.HttpClientMetricsAutoConfiguration$$FastClassBySpringCGLIB$$281f28ca
3106:             1             24  org.springframework.boot.actuate.autoconfigure.metrics.web.servlet.WebMvcMetricsAutoConfiguration$MetricsWebMvcConfigurer
3107:             1             24  org.springframework.boot.actuate.autoconfigure.metrics.web.tomcat.TomcatMetricsAutoConfiguration$$EnhancerBySpringCGLIB$$116e77de$$FastClassBySpringCGLIB$$f254fe7
3108:             1             24  org.springframework.boot.actuate.autoconfigure.metrics.web.tomcat.TomcatMetricsAutoConfiguration$$FastClassBySpringCGLIB$$5b17b982
3109:             1             24  org.springframework.boot.actuate.autoconfigure.scheduling.ScheduledTasksEndpointAutoConfiguration$$EnhancerBySpringCGLIB$$e3e1b17e$$FastClassBySpringCGLIB$$cf2e10e
3110:             1             24  org.springframework.boot.actuate.autoconfigure.scheduling.ScheduledTasksEndpointAutoConfiguration$$FastClassBySpringCGLIB$$70a15f22
3111:             1             24  org.springframework.boot.actuate.autoconfigure.system.DiskSpaceHealthIndicatorProperties
3112:             1             24  org.springframework.boot.actuate.autoconfigure.trace.http.HttpTraceAutoConfiguration$ServletTraceFilterConfiguration$$EnhancerBySpringCGLIB$$da9ed72$$FastClassBySpringCGLIB$$ed889a53
3113:             1             24  org.springframework.boot.actuate.autoconfigure.trace.http.HttpTraceAutoConfiguration$ServletTraceFilterConfiguration$$FastClassBySpringCGLIB$$adde9096
3114:             1             24  org.springframework.boot.actuate.autoconfigure.trace.http.HttpTraceEndpointAutoConfiguration$$EnhancerBySpringCGLIB$$704ef303$$FastClassBySpringCGLIB$$5304a1ac
3115:             1             24  org.springframework.boot.actuate.autoconfigure.trace.http.HttpTraceEndpointAutoConfiguration$$FastClassBySpringCGLIB$$af1d1507
3116:             1             24  org.springframework.boot.actuate.autoconfigure.web.mappings.MappingsEndpointAutoConfiguration$$EnhancerBySpringCGLIB$$50d76dc5$$FastClassBySpringCGLIB$$14028c9e
3117:             1             24  org.springframework.boot.actuate.autoconfigure.web.mappings.MappingsEndpointAutoConfiguration$$FastClassBySpringCGLIB$$3f7e3989
3118:             1             24  org.springframework.boot.actuate.autoconfigure.web.mappings.MappingsEndpointAutoConfiguration$ServletWebConfiguration$SpringMvcConfiguration$$EnhancerBySpringCGLIB$$c7de023d$$FastClassBySpringCGLIB$$638d0aa0
3119:             1             24  org.springframework.boot.actuate.autoconfigure.web.mappings.MappingsEndpointAutoConfiguration$ServletWebConfiguration$SpringMvcConfiguration$$FastClassBySpringCGLIB$$3d41b701
3120:             1             24  org.springframework.boot.actuate.context.properties.ConfigurationPropertiesReportEndpoint
3121:             1             24  org.springframework.boot.actuate.endpoint.jmx.JacksonJmxOperationResponseMapper
3122:             1             24  org.springframework.boot.actuate.endpoint.web.EndpointMediaTypes
3123:             1             24  org.springframework.boot.actuate.endpoint.web.PathMappedEndpoints
3124:             1             24  org.springframework.boot.actuate.endpoint.web.ServletEndpointRegistrar
3125:             1             24  org.springframework.boot.actuate.health.CompositeHealthIndicator
3126:             1             24  org.springframework.boot.actuate.health.HealthEndpointWebExtension
3127:             1             24  org.springframework.boot.actuate.health.HealthWebEndpointResponseMapper
3128:             1             24  org.springframework.boot.actuate.metrics.web.client.MetricsClientHttpRequestInterceptor
3129:             1             24  org.springframework.boot.actuate.metrics.web.servlet.LongTaskTimingHandlerInterceptor
3130:             1             24  org.springframework.boot.actuate.metrics.web.tomcat.TomcatMetricsBinder
3131:             1             24  org.springframework.boot.actuate.trace.http.InMemoryHttpTraceRepository
3132:             1             24  org.springframework.boot.actuate.web.mappings.MappingsEndpoint
3133:             1             24  org.springframework.boot.autoconfigure.AutoConfigurationImportSelector$AutoConfigurationEntry
3134:             1             24  org.springframework.boot.autoconfigure.AutoConfigurationPackages$BasePackages
3135:             1             24  org.springframework.boot.autoconfigure.condition.ConditionMessage$Style$1
3136:             1             24  org.springframework.boot.autoconfigure.condition.ConditionMessage$Style$2
3137:             1             24  org.springframework.boot.autoconfigure.condition.FilteringSpringBootCondition$ClassNameFilter$1
3138:             1             24  org.springframework.boot.autoconfigure.condition.FilteringSpringBootCondition$ClassNameFilter$2
3139:             1             24  org.springframework.boot.autoconfigure.diagnostics.analyzer.NoSuchBeanDefinitionFailureAnalyzer
3140:             1             24  org.springframework.boot.autoconfigure.freemarker.FreeMarkerTemplateAvailabilityProvider
3141:             1             24  org.springframework.boot.autoconfigure.groovy.template.GroovyTemplateAvailabilityProvider
3142:             1             24  org.springframework.boot.autoconfigure.http.GsonHttpMessageConvertersConfiguration$PreferGsonOrJacksonAndJsonbUnavailableCondition
3143:             1             24  org.springframework.boot.autoconfigure.http.HttpMessageConvertersAutoConfiguration$$EnhancerBySpringCGLIB$$6e2b844b$$FastClassBySpringCGLIB$$16f15593
3144:             1             24  org.springframework.boot.autoconfigure.http.HttpMessageConvertersAutoConfiguration$$FastClassBySpringCGLIB$$ba15c54f
3145:             1             24  org.springframework.boot.autoconfigure.http.HttpMessageConvertersAutoConfiguration$StringHttpMessageConverterConfiguration$$EnhancerBySpringCGLIB$$a1394aeb$$FastClassBySpringCGLIB$$6087098a
3146:             1             24  org.springframework.boot.autoconfigure.http.HttpMessageConvertersAutoConfiguration$StringHttpMessageConverterConfiguration$$FastClassBySpringCGLIB$$a19557ef
3147:             1             24  org.springframework.boot.autoconfigure.http.HttpProperties
3148:             1             24  org.springframework.boot.autoconfigure.http.JacksonHttpMessageConvertersConfiguration$MappingJackson2HttpMessageConverterConfiguration$$EnhancerBySpringCGLIB$$db0f46eb$$FastClassBySpringCGLIB$$843e1fd
3149:             1             24  org.springframework.boot.autoconfigure.http.JacksonHttpMessageConvertersConfiguration$MappingJackson2HttpMessageConverterConfiguration$$FastClassBySpringCGLIB$$cc27d3ef
3150:             1             24  org.springframework.boot.autoconfigure.http.JacksonHttpMessageConvertersConfiguration$MappingJackson2XmlHttpMessageConverterConfiguration$$EnhancerBySpringCGLIB$$2e5d1200$$FastClassBySpringCGLIB$$1d840eb8
3151:             1             24  org.springframework.boot.autoconfigure.http.JacksonHttpMessageConvertersConfiguration$MappingJackson2XmlHttpMessageConverterConfiguration$$FastClassBySpringCGLIB$$c4967164
3152:             1             24  org.springframework.boot.autoconfigure.http.codec.CodecsAutoConfiguration$JacksonCodecConfiguration$$EnhancerBySpringCGLIB$$bbd1d403$$FastClassBySpringCGLIB$$c8ee0f72
3153:             1             24  org.springframework.boot.autoconfigure.http.codec.CodecsAutoConfiguration$JacksonCodecConfiguration$$FastClassBySpringCGLIB$$b3c4d607
3154:             1             24  org.springframework.boot.autoconfigure.http.codec.CodecsAutoConfiguration$LoggingCodecConfiguration$$EnhancerBySpringCGLIB$$f0cda48f$$FastClassBySpringCGLIB$$c8d470d2
3155:             1             24  org.springframework.boot.autoconfigure.http.codec.CodecsAutoConfiguration$LoggingCodecConfiguration$$FastClassBySpringCGLIB$$8da6a113
3156:             1             24  org.springframework.boot.autoconfigure.info.ProjectInfoAutoConfiguration$GitResourceAvailableCondition
3157:             1             24  org.springframework.boot.autoconfigure.info.ProjectInfoProperties
3158:             1             24  org.springframework.boot.autoconfigure.info.ProjectInfoProperties$Build
3159:             1             24  org.springframework.boot.autoconfigure.info.ProjectInfoProperties$Git
3160:             1             24  org.springframework.boot.autoconfigure.jackson.JacksonAutoConfiguration$$EnhancerBySpringCGLIB$$9196d5d7$$FastClassBySpringCGLIB$$d05b4457
3161:             1             24  org.springframework.boot.autoconfigure.jackson.JacksonAutoConfiguration$$FastClassBySpringCGLIB$$ee97f15b
3162:             1             24  org.springframework.boot.autoconfigure.jackson.JacksonAutoConfiguration$Jackson2ObjectMapperBuilderCustomizerConfiguration$$EnhancerBySpringCGLIB$$1ceee050$$FastClassBySpringCGLIB$$87f432bd
3163:             1             24  org.springframework.boot.autoconfigure.jackson.JacksonAutoConfiguration$Jackson2ObjectMapperBuilderCustomizerConfiguration$$FastClassBySpringCGLIB$$a7cec5b4
3164:             1             24  org.springframework.boot.autoconfigure.jackson.JacksonAutoConfiguration$Jackson2ObjectMapperBuilderCustomizerConfiguration$StandardJackson2ObjectMapperBuilderCustomizer
3165:             1             24  org.springframework.boot.autoconfigure.jackson.JacksonAutoConfiguration$JacksonObjectMapperBuilderConfiguration$$EnhancerBySpringCGLIB$$61d7fa61$$FastClassBySpringCGLIB$$ccdab438
3166:             1             24  org.springframework.boot.autoconfigure.jackson.JacksonAutoConfiguration$JacksonObjectMapperBuilderConfiguration$$FastClassBySpringCGLIB$$28b34ea5
3167:             1             24  org.springframework.boot.autoconfigure.jackson.JacksonAutoConfiguration$JacksonObjectMapperConfiguration$$EnhancerBySpringCGLIB$$af8b3848$$FastClassBySpringCGLIB$$48d00545
3168:             1             24  org.springframework.boot.autoconfigure.jackson.JacksonAutoConfiguration$JacksonObjectMapperConfiguration$$FastClassBySpringCGLIB$$596316ac
3169:             1             24  org.springframework.boot.autoconfigure.jackson.JacksonAutoConfiguration$ParameterNamesModuleConfiguration$$EnhancerBySpringCGLIB$$43ba577e$$FastClassBySpringCGLIB$$ba75a485
3170:             1             24  org.springframework.boot.autoconfigure.jackson.JacksonAutoConfiguration$ParameterNamesModuleConfiguration$$FastClassBySpringCGLIB$$f1cb4522
3171:             1             24  org.springframework.boot.autoconfigure.task.TaskExecutionProperties
3172:             1             24  org.springframework.boot.autoconfigure.task.TaskSchedulingAutoConfiguration$$EnhancerBySpringCGLIB$$7b734cd$$FastClassBySpringCGLIB$$14c15b46
3173:             1             24  org.springframework.boot.autoconfigure.task.TaskSchedulingAutoConfiguration$$FastClassBySpringCGLIB$$dd612791
3174:             1             24  org.springframework.boot.autoconfigure.task.TaskSchedulingProperties
3175:             1             24  org.springframework.boot.autoconfigure.template.TemplateAvailabilityProviders
3176:             1             24  org.springframework.boot.autoconfigure.validation.ValidatorAdapter
3177:             1             24  org.springframework.boot.autoconfigure.web.ResourceProperties$Cache
3178:             1             24  org.springframework.boot.autoconfigure.web.ResourceProperties$Chain
3179:             1             24  org.springframework.boot.autoconfigure.web.ResourceProperties$Content
3180:             1             24  org.springframework.boot.autoconfigure.web.ResourceProperties$Fixed
3181:             1             24  org.springframework.boot.autoconfigure.web.ResourceProperties$Strategy
3182:             1             24  org.springframework.boot.autoconfigure.web.ServerProperties$Tomcat$Resource
3183:             1             24  org.springframework.boot.autoconfigure.web.client.RestTemplateAutoConfiguration$$EnhancerBySpringCGLIB$$ef0db238$$FastClassBySpringCGLIB$$b2b57ba7
3184:             1             24  org.springframework.boot.autoconfigure.web.client.RestTemplateAutoConfiguration$$FastClassBySpringCGLIB$$79a6429c
3185:             1             24  org.springframework.boot.autoconfigure.web.embedded.EmbeddedWebServerFactoryCustomizerAutoConfiguration$TomcatWebServerFactoryCustomizerConfiguration$$EnhancerBySpringCGLIB$$5a234585$$FastClassBySpringCGLIB$$f529f0db
3186:             1             24  org.springframework.boot.autoconfigure.web.embedded.EmbeddedWebServerFactoryCustomizerAutoConfiguration$TomcatWebServerFactoryCustomizerConfiguration$$FastClassBySpringCGLIB$$3b7ed949
3187:             1             24  org.springframework.boot.autoconfigure.web.embedded.TomcatWebServerFactoryCustomizer
3188:             1             24  org.springframework.boot.autoconfigure.web.embedded.TomcatWebServerFactoryCustomizer$$Lambda$418/0x0000000800f16c40
3189:             1             24  org.springframework.boot.autoconfigure.web.servlet.DispatcherServletAutoConfiguration$DispatcherServletConfiguration$$EnhancerBySpringCGLIB$$a3f74880$$FastClassBySpringCGLIB$$15a56bd4
3190:             1             24  org.springframework.boot.autoconfigure.web.servlet.DispatcherServletAutoConfiguration$DispatcherServletConfiguration$$FastClassBySpringCGLIB$$c3057e4
3191:             1             24  org.springframework.boot.autoconfigure.web.servlet.DispatcherServletAutoConfiguration$DispatcherServletRegistrationConfiguration$$EnhancerBySpringCGLIB$$5fedd27$$FastClassBySpringCGLIB$$fd0bc3cb
3192:             1             24  org.springframework.boot.autoconfigure.web.servlet.DispatcherServletAutoConfiguration$DispatcherServletRegistrationConfiguration$$FastClassBySpringCGLIB$$20b85eab
3193:             1             24  org.springframework.boot.autoconfigure.web.servlet.ServletWebServerFactoryConfiguration$EmbeddedTomcat$$EnhancerBySpringCGLIB$$be7a2aa1$$FastClassBySpringCGLIB$$d2aa3ca0
3194:             1             24  org.springframework.boot.autoconfigure.web.servlet.ServletWebServerFactoryConfiguration$EmbeddedTomcat$$FastClassBySpringCGLIB$$57e7b6e5
3195:             1             24  org.springframework.boot.autoconfigure.web.servlet.WebMvcProperties$Contentnegotiation
3196:             1             24  org.springframework.boot.autoconfigure.web.servlet.WebMvcProperties$Servlet
3197:             1             24  org.springframework.boot.autoconfigure.web.servlet.WebMvcProperties$View
3198:             1             24  org.springframework.boot.autoconfigure.web.servlet.error.BasicErrorController
3199:             1             24  org.springframework.boot.autoconfigure.web.servlet.error.ErrorMvcAutoConfiguration$DefaultErrorViewResolverConfiguration$$EnhancerBySpringCGLIB$$943892dc$$FastClassBySpringCGLIB$$a1e1b991
3200:             1             24  org.springframework.boot.autoconfigure.web.servlet.error.ErrorMvcAutoConfiguration$DefaultErrorViewResolverConfiguration$$FastClassBySpringCGLIB$$696432c0
3201:             1             24  org.springframework.boot.autoconfigure.web.servlet.error.ErrorMvcAutoConfiguration$ErrorPageCustomizer
3202:             1             24  org.springframework.boot.autoconfigure.websocket.servlet.WebSocketServletAutoConfiguration$TomcatWebSocketConfiguration$$EnhancerBySpringCGLIB$$cc91cda6$$FastClassBySpringCGLIB$$2f4066bd
3203:             1             24  org.springframework.boot.autoconfigure.websocket.servlet.WebSocketServletAutoConfiguration$TomcatWebSocketConfiguration$$FastClassBySpringCGLIB$$f1131e4a
3204:             1             24  org.springframework.boot.builder.ParentContextApplicationContextInitializer$ParentContextAvailableEvent
3205:             1             24  org.springframework.boot.cloud.CloudPlatform$1
3206:             1             24  org.springframework.boot.cloud.CloudPlatform$2
3207:             1             24  org.springframework.boot.cloud.CloudPlatform$3
3208:             1             24  org.springframework.boot.context.event.EventPublishingRunListener
3209:             1             24  org.springframework.boot.context.properties.PropertyMapper
3210:             1             24  org.springframework.boot.context.properties.source.DefaultPropertyMapper
3211:             1             24  org.springframework.boot.diagnostics.FailureAnalyzers
3212:             1             24  org.springframework.boot.env.OriginTrackedMapPropertySource
3213:             1             24  org.springframework.boot.loader.MainMethodRunner
3214:             1             24  org.springframework.boot.loader.archive.JarFileArchive
3215:             1             24  org.springframework.boot.loader.data.RandomAccessDataFile$FileAccess
3216:             1             24  org.springframework.boot.logging.AbstractLoggingSystem$LogLevels
3217:             1             24  org.springframework.boot.task.TaskSchedulerBuilder
3218:             1             24  org.springframework.boot.web.client.RestTemplateBuilder$RequestFactoryCustomizer
3219:             1             24  org.springframework.boot.web.embedded.tomcat.TomcatServletWebServerFactory$StaticResourceConfigurer
3220:             1             24  org.springframework.boot.web.embedded.tomcat.TomcatStarter
3221:             1             24  org.springframework.boot.web.embedded.tomcat.TomcatWebServer$$Lambda$419/0x0000000800f16040
3222:             1             24  org.springframework.boot.web.server.ErrorPage
3223:             1             24  org.springframework.boot.web.server.ErrorPageRegistrarBeanPostProcessor
3224:             1             24  org.springframework.boot.web.server.WebServerFactoryCustomizerBeanPostProcessor
3225:             1             24  org.springframework.boot.web.servlet.context.WebApplicationContextServletContextAwareProcessor
3226:             1             24  org.springframework.boot.web.servlet.server.DocumentRoot
3227:             1             24  org.springframework.boot.web.servlet.server.Jsp
3228:             1             24  org.springframework.cglib.core.EmitUtils$ArrayDelimiters
3229:             1             24  org.springframework.cglib.core.internal.LoadingCache
3230:             1             24  org.springframework.cloud.autoconfigure.LifecycleMvcEndpointAutoConfiguration$$EnhancerBySpringCGLIB$$4982727$$FastClassBySpringCGLIB$$951bf96f
3231:             1             24  org.springframework.cloud.autoconfigure.LifecycleMvcEndpointAutoConfiguration$$FastClassBySpringCGLIB$$37b268ab
3232:             1             24  org.springframework.cloud.autoconfigure.RefreshAutoConfiguration$RefreshScopeBeanDefinitionEnhancer
3233:             1             24  org.springframework.cloud.autoconfigure.RefreshEndpointAutoConfiguration$$EnhancerBySpringCGLIB$$1970bdaa$$FastClassBySpringCGLIB$$4687ba8e
3234:             1             24  org.springframework.cloud.autoconfigure.RefreshEndpointAutoConfiguration$$FastClassBySpringCGLIB$$1f6e91ce
3235:             1             24  org.springframework.cloud.autoconfigure.RefreshEndpointAutoConfiguration$RefreshEndpointConfiguration$$EnhancerBySpringCGLIB$$dc435018$$FastClassBySpringCGLIB$$b4a9fd7d
3236:             1             24  org.springframework.cloud.autoconfigure.RefreshEndpointAutoConfiguration$RefreshEndpointConfiguration$$FastClassBySpringCGLIB$$4132047c
3237:             1             24  org.springframework.cloud.bootstrap.encrypt.EncryptionBootstrapConfiguration$$EnhancerBySpringCGLIB$$60611a10$$FastClassBySpringCGLIB$$83874429
3238:             1             24  org.springframework.cloud.bootstrap.encrypt.EncryptionBootstrapConfiguration$$FastClassBySpringCGLIB$$b0cb8774
3239:             1             24  org.springframework.cloud.bootstrap.encrypt.EnvironmentDecryptApplicationInitializer
3240:             1             24  org.springframework.cloud.client.CommonsClientAutoConfiguration$ActuatorConfiguration$$EnhancerBySpringCGLIB$$35e9884c$$FastClassBySpringCGLIB$$8a4be10e
3241:             1             24  org.springframework.cloud.client.CommonsClientAutoConfiguration$ActuatorConfiguration$$FastClassBySpringCGLIB$$6cb1ea30
3242:             1             24  org.springframework.cloud.client.actuator.FeaturesEndpoint
3243:             1             24  org.springframework.cloud.client.discovery.composite.CompositeDiscoveryClientAutoConfiguration$$EnhancerBySpringCGLIB$$9ce7e647$$FastClassBySpringCGLIB$$fc6d37be
3244:             1             24  org.springframework.cloud.client.discovery.composite.CompositeDiscoveryClientAutoConfiguration$$FastClassBySpringCGLIB$$967d63cb
3245:             1             24  org.springframework.cloud.client.discovery.health.DiscoveryCompositeHealthIndicator
3246:             1             24  org.springframework.cloud.client.discovery.simple.SimpleDiscoveryProperties
3247:             1             24  org.springframework.cloud.client.loadbalancer.AsyncLoadBalancerAutoConfiguration$AsyncRestTemplateCustomizerConfig$$EnhancerBySpringCGLIB$$74e43e11$$FastClassBySpringCGLIB$$c826fcc2
3248:             1             24  org.springframework.cloud.client.loadbalancer.AsyncLoadBalancerAutoConfiguration$AsyncRestTemplateCustomizerConfig$$FastClassBySpringCGLIB$$50a8cc55
3249:             1             24  org.springframework.cloud.client.loadbalancer.AsyncLoadBalancerAutoConfiguration$AsyncRestTemplateCustomizerConfig$1
3250:             1             24  org.springframework.cloud.client.loadbalancer.AsyncLoadBalancerAutoConfiguration$LoadBalancerInterceptorConfig$1
3251:             1             24  org.springframework.cloud.client.loadbalancer.LoadBalancerAutoConfiguration$$Lambda$625/0x0000000801086440
3252:             1             24  org.springframework.cloud.client.loadbalancer.LoadBalancerInterceptor
3253:             1             24  org.springframework.cloud.client.loadbalancer.LoadBalancerRequestFactory
3254:             1             24  org.springframework.cloud.client.serviceregistry.ServiceRegistryAutoConfiguration$ServiceRegistryEndpointConfiguration
3255:             1             24  org.springframework.cloud.client.serviceregistry.endpoint.ServiceRegistryEndpoint
3256:             1             24  org.springframework.cloud.commons.util.InetUtils
3257:             1             24  org.springframework.cloud.commons.util.InetUtils$HostInfo
3258:             1             24  org.springframework.cloud.configuration.CompatibilityVerifierProperties
3259:             1             24  org.springframework.cloud.configuration.SpringBootVersionVerifier
3260:             1             24  org.springframework.cloud.context.environment.EnvironmentManager
3261:             1             24  org.springframework.cloud.context.environment.WritableEnvironmentEndpoint
3262:             1             24  org.springframework.cloud.context.environment.WritableEnvironmentEndpointWebExtension
3263:             1             24  org.springframework.cloud.context.refresh.ContextRefresher
3264:             1             24  org.springframework.cloud.endpoint.event.RefreshEventListener
3265:             1             24  org.springframework.cloud.logging.LoggingRebinder
3266:             1             24  org.springframework.cloud.netflix.archaius.ArchaiusAutoConfiguration$ArchaiusEndpointConfiguration$$EnhancerBySpringCGLIB$$8e6e9512$$FastClassBySpringCGLIB$$33369dc
3267:             1             24  org.springframework.cloud.netflix.archaius.ArchaiusAutoConfiguration$ArchaiusEndpointConfiguration$$FastClassBySpringCGLIB$$9b9e436
3268:             1             24  org.springframework.cloud.netflix.eureka.EurekaClientAutoConfiguration$EurekaHealthIndicatorConfiguration$$EnhancerBySpringCGLIB$$d97db372$$FastClassBySpringCGLIB$$7df06831
3269:             1             24  org.springframework.cloud.netflix.eureka.EurekaClientAutoConfiguration$EurekaHealthIndicatorConfiguration$$FastClassBySpringCGLIB$$4abf9696
3270:             1             24  org.springframework.cloud.netflix.eureka.EurekaClientAutoConfiguration$OnMissingRefreshScopeCondition
3271:             1             24  org.springframework.cloud.netflix.eureka.EurekaDiscoveryClient
3272:             1             24  org.springframework.cloud.netflix.eureka.EurekaDiscoveryClientConfiguration$$EnhancerBySpringCGLIB$$7189a669$$FastClassBySpringCGLIB$$aaf33b7f
3273:             1             24  org.springframework.cloud.netflix.eureka.EurekaDiscoveryClientConfiguration$$FastClassBySpringCGLIB$$483081ad
3274:             1             24  org.springframework.cloud.netflix.eureka.EurekaHealthIndicator
3275:             1             24  org.springframework.cloud.netflix.eureka.config.DiscoveryClientOptionalArgsConfiguration$$EnhancerBySpringCGLIB$$1918270d$$FastClassBySpringCGLIB$$5de4ae90
3276:             1             24  org.springframework.cloud.netflix.eureka.config.DiscoveryClientOptionalArgsConfiguration$$FastClassBySpringCGLIB$$d57e11d1
3277:             1             24  org.springframework.cloud.netflix.hystrix.HystrixAutoConfiguration$$EnhancerBySpringCGLIB$$3661a4f$$FastClassBySpringCGLIB$$e564452f
3278:             1             24  org.springframework.cloud.netflix.hystrix.HystrixAutoConfiguration$$FastClassBySpringCGLIB$$a4be1ed3
3279:             1             24  org.springframework.cloud.netflix.hystrix.HystrixAutoConfiguration$HystrixMetricsConfiguration$$EnhancerBySpringCGLIB$$51a1f30d$$FastClassBySpringCGLIB$$10f24995
3280:             1             24  org.springframework.cloud.netflix.hystrix.HystrixAutoConfiguration$HystrixMetricsConfiguration$$FastClassBySpringCGLIB$$5e1a5dd1
3281:             1             24  org.springframework.cloud.netflix.hystrix.HystrixHealthIndicator
3282:             1             24  org.springframework.cloud.netflix.ribbon.PropertiesFactory
3283:             1             24  org.springframework.cloud.netflix.ribbon.RibbonAutoConfiguration$OnRibbonRestClientCondition
3284:             1             24  org.springframework.cloud.netflix.ribbon.RibbonAutoConfiguration$RibbonClassesConditions
3285:             1             24  org.springframework.cloud.netflix.ribbon.RibbonEagerLoadProperties
3286:             1             24  org.springframework.cloud.netflix.ribbon.eureka.ConditionalOnRibbonAndEurekaEnabled$OnRibbonAndEurekaEnabledCondition
3287:             1             24  org.springframework.context.annotation.ConfigurationClassEnhancer$ConditionalCallbackFilter
3288:             1             24  org.springframework.context.annotation.MBeanExportConfiguration$SpecificPlatform$1
3289:             1             24  org.springframework.context.annotation.MBeanExportConfiguration$SpecificPlatform$2
3290:             1             24  org.springframework.context.event.ContextRefreshedEvent
3291:             1             24  org.springframework.context.support.DefaultLifecycleProcessor$LifecycleGroupMember
3292:             1             24  org.springframework.core.ReactiveAdapterRegistry
3293:             1             24  org.springframework.core.env.SystemEnvironmentPropertySource
3294:             1             24  org.springframework.core.io.UrlResource
3295:             1             24  org.springframework.jmx.export.naming.MetadataNamingStrategy
3296:             1             24  org.springframework.ui.freemarker.SpringTemplateLoader
3297:             1             24  org.springframework.util.AntPathMatcher$AntPathStringMatcher
3298:             1             24  org.springframework.util.StopWatch$TaskInfo
3299:             1             24  org.springframework.validation.beanvalidation.LocalValidatorFactoryBean$1
3300:             1             24  org.springframework.web.context.support.ServletContextPropertySource
3301:             1             24  org.springframework.web.context.support.ServletContextResourcePatternResolver
3302:             1             24  org.springframework.web.context.support.ServletContextScope
3303:             1             24  org.springframework.web.method.annotation.RequestHeaderMethodArgumentResolver
3304:             1             24  org.springframework.web.method.support.CompositeUriComponentsContributor
3305:             1             24  org.springframework.web.servlet.handler.HandlerExceptionResolverComposite
3306:             1             24  org.springframework.web.servlet.mvc.method.annotation.ResponseBodyEmitterReturnValueHandler
3307:             1             24  org.springframework.web.servlet.view.ViewResolverComposite
3308:             1             24  org.yaml.snakeyaml.external.com.google.gdata.util.common.base.PercentEscaper
3309:             1             24  sun.management.CompilationImpl (java.management@14.0.1)
3310:             1             24  sun.management.ManagementFactoryHelper$LoggingMXBeanAccess (java.management@14.0.1)
3311:             1             24  sun.management.ManagementFactoryHelper$PlatformLoggingImpl (java.management@14.0.1)
3312:             1             24  sun.management.MemoryImpl (java.management@14.0.1)
3313:             1             24  sun.management.RuntimeImpl (java.management@14.0.1)
3314:             1             24  sun.management.VMManagementImpl (java.management@14.0.1)
3315:             1             24  sun.net.sdp.SdpProvider (java.base@14.0.1)
3316:             1             24  sun.net.www.protocol.http.Handler (java.base@14.0.1)
3317:             1             24  sun.nio.ch.Util$BufferCache (java.base@14.0.1)
3318:             1             24  sun.nio.cs.CESU_8 (java.base@14.0.1)
3319:             1             24  sun.nio.cs.IBM437 (java.base@14.0.1)
3320:             1             24  sun.nio.cs.IBM737 (java.base@14.0.1)
3321:             1             24  sun.nio.cs.IBM775 (java.base@14.0.1)
3322:             1             24  sun.nio.cs.IBM850 (java.base@14.0.1)
3323:             1             24  sun.nio.cs.IBM852 (java.base@14.0.1)
3324:             1             24  sun.nio.cs.IBM855 (java.base@14.0.1)
3325:             1             24  sun.nio.cs.IBM857 (java.base@14.0.1)
3326:             1             24  sun.nio.cs.IBM858 (java.base@14.0.1)
3327:             1             24  sun.nio.cs.IBM862 (java.base@14.0.1)
3328:             1             24  sun.nio.cs.IBM866 (java.base@14.0.1)
3329:             1             24  sun.nio.cs.IBM874 (java.base@14.0.1)
3330:             1             24  sun.nio.cs.ISO_8859_1 (java.base@14.0.1)
3331:             1             24  sun.nio.cs.ISO_8859_13 (java.base@14.0.1)
3332:             1             24  sun.nio.cs.ISO_8859_15 (java.base@14.0.1)
3333:             1             24  sun.nio.cs.ISO_8859_16 (java.base@14.0.1)
3334:             1             24  sun.nio.cs.ISO_8859_2 (java.base@14.0.1)
3335:             1             24  sun.nio.cs.ISO_8859_4 (java.base@14.0.1)
3336:             1             24  sun.nio.cs.ISO_8859_5 (java.base@14.0.1)
3337:             1             24  sun.nio.cs.ISO_8859_7 (java.base@14.0.1)
3338:             1             24  sun.nio.cs.ISO_8859_9 (java.base@14.0.1)
3339:             1             24  sun.nio.cs.KOI8_R (java.base@14.0.1)
3340:             1             24  sun.nio.cs.KOI8_U (java.base@14.0.1)
3341:             1             24  sun.nio.cs.MS1250 (java.base@14.0.1)
3342:             1             24  sun.nio.cs.MS1251 (java.base@14.0.1)
3343:             1             24  sun.nio.cs.MS1252 (java.base@14.0.1)
3344:             1             24  sun.nio.cs.MS1253 (java.base@14.0.1)
3345:             1             24  sun.nio.cs.MS1254 (java.base@14.0.1)
3346:             1             24  sun.nio.cs.MS1257 (java.base@14.0.1)
3347:             1             24  sun.nio.cs.StandardCharsets (java.base@14.0.1)
3348:             1             24  sun.nio.cs.ThreadLocalCoders$1 (java.base@14.0.1)
3349:             1             24  sun.nio.cs.ThreadLocalCoders$2 (java.base@14.0.1)
3350:             1             24  sun.nio.cs.US_ASCII (java.base@14.0.1)
3351:             1             24  sun.nio.cs.UTF_16 (java.base@14.0.1)
3352:             1             24  sun.nio.cs.UTF_16BE (java.base@14.0.1)
3353:             1             24  sun.nio.cs.UTF_16LE (java.base@14.0.1)
3354:             1             24  sun.nio.cs.UTF_16LE_BOM (java.base@14.0.1)
3355:             1             24  sun.nio.cs.UTF_32 (java.base@14.0.1)
3356:             1             24  sun.nio.cs.UTF_32BE (java.base@14.0.1)
3357:             1             24  sun.nio.cs.UTF_32BE_BOM (java.base@14.0.1)
3358:             1             24  sun.nio.cs.UTF_32LE (java.base@14.0.1)
3359:             1             24  sun.nio.cs.UTF_32LE_BOM (java.base@14.0.1)
3360:             1             24  sun.nio.cs.UTF_8 (java.base@14.0.1)
3361:             1             24  sun.nio.fs.NativeBuffer$Deallocator (java.base@14.0.1)
3362:             1             24  sun.reflect.annotation.TypeAnnotation$LocationInfo (java.base@14.0.1)
3363:             1             24  sun.text.normalizer.Norm2AllModes (java.base@14.0.1)
3364:             1             24  sun.text.normalizer.Norm2AllModes$ComposeNormalizer2 (java.base@14.0.1)
3365:             1             24  sun.text.normalizer.Norm2AllModes$Norm2AllModesSingleton (java.base@14.0.1)
3366:             1             24  sun.util.cldr.CLDRCalendarDataProviderImpl (java.base@14.0.1)
3367:             1             24  sun.util.cldr.CLDRTimeZoneNameProviderImpl (java.base@14.0.1)
3368:             1             24  sun.util.locale.BaseLocale$Cache (java.base@14.0.1)
3369:             1             24  sun.util.locale.provider.CalendarDataProviderImpl (java.base@14.0.1)
3370:             1             24  sun.util.locale.provider.CalendarProviderImpl (java.base@14.0.1)
3371:             1             24  sun.util.locale.provider.TimeZoneNameProviderImpl (java.base@14.0.1)
3372:             1             16  [Lch.qos.logback.core.filter.Filter;
3373:             1             16  [Lcom.fasterxml.classmate.members.RawConstructor;
3374:             1             16  [Lcom.fasterxml.classmate.members.RawField;
3375:             1             16  [Lcom.fasterxml.classmate.members.RawMethod;
3376:             1             16  [Lcom.fasterxml.jackson.databind.AbstractTypeResolver;
3377:             1             16  [Lcom.fasterxml.jackson.databind.util.ClassUtil$Ctor;
3378:             1             16  [Lcom.netflix.servo.monitor.LongGauge;
3379:             1             16  [Lio.micrometer.core.instrument.distribution.CountAtBucket;
3380:             1             16  [Lio.micrometer.core.instrument.distribution.ValueAtPercentile;
3381:             1             16  [Ljava.beans.EventSetDescriptor; (java.desktop@14.0.1)
3382:             1             16  [Ljava.lang.Throwable; (java.base@14.0.1)
3383:             1             16  [Ljava.lang.reflect.AnnotatedType; (java.base@14.0.1)
3384:             1             16  [Ljava.net.NetworkInterface; (java.base@14.0.1)
3385:             1             16  [Ljava.nio.file.attribute.FileAttribute; (java.base@14.0.1)
3386:             1             16  [Ljava.security.Provider; (java.base@14.0.1)
3387:             1             16  [Ljava.security.cert.Certificate; (java.base@14.0.1)
3388:             1             16  [Ljava.text.FieldPosition; (java.base@14.0.1)
3389:             1             16  [Ljava.time.zone.ZoneOffsetTransitionRule; (java.base@14.0.1)
3390:             1             16  [Ljava.util.logging.Handler; (java.logging@14.0.1)
3391:             1             16  [Lorg.apache.catalina.Session;
3392:             1             16  [Lorg.apache.catalina.core.DefaultInstanceManager$AnnotationCacheEntry;
3393:             1             16  [Lorg.apache.catalina.servlets.DefaultServlet$CompressionFormat;
3394:             1             16  [Lorg.apache.tomcat.util.descriptor.web.ApplicationParameter;
3395:             1             16  [Lorg.apache.tomcat.util.descriptor.web.SecurityConstraint;
3396:             1             16  [Lorg.springframework.cloud.netflix.ribbon.RibbonClient;
3397:             1             16  [Lorg.springframework.util.MimeType;
3398:             1             16  [Lorg.springframework.web.context.request.async.CallableProcessingInterceptor;
3399:             1             16  [Lorg.springframework.web.context.request.async.DeferredResultProcessingInterceptor;
3400:             1             16  [Lsun.reflect.annotation.TypeAnnotation$LocationInfo$Location; (java.base@14.0.1)
3401:             1             16  ch.qos.logback.classic.pattern.EnsureExceptionHandling
3402:             1             16  ch.qos.logback.classic.pattern.TargetLengthBasedClassNameAbbreviator
3403:             1             16  ch.qos.logback.classic.selector.DefaultContextSelector
3404:             1             16  ch.qos.logback.core.LifeCycleManager
3405:             1             16  ch.qos.logback.core.joran.spi.ConsoleTarget$1
3406:             1             16  ch.qos.logback.core.joran.spi.ConsoleTarget$2
3407:             1             16  ch.qos.logback.core.spi.AppenderAttachableImpl
3408:             1             16  ch.qos.logback.core.spi.FilterAttachableImpl
3409:             1             16  com.fasterxml.classmate.TypeResolver
3410:             1             16  com.fasterxml.jackson.core.util.DefaultPrettyPrinter$FixedSpaceIndenter
3411:             1             16  com.fasterxml.jackson.core.util.DefaultPrettyPrinter$NopIndenter
3412:             1             16  com.fasterxml.jackson.databind.deser.std.StdKeyDeserializers
3413:             1             16  com.fasterxml.jackson.databind.ext.Java7SupportImpl
3414:             1             16  com.fasterxml.jackson.databind.introspect.AnnotationCollector$NoAnnotations
3415:             1             16  com.fasterxml.jackson.databind.introspect.NopAnnotationIntrospector$1
3416:             1             16  com.fasterxml.jackson.databind.ser.impl.UnknownSerializer
3417:             1             16  com.fasterxml.jackson.databind.ser.std.NullSerializer
3418:             1             16  com.fasterxml.jackson.databind.ser.std.StringSerializer
3419:             1             16  com.fasterxml.jackson.databind.ser.std.UUIDSerializer
3420:             1             16  com.fasterxml.jackson.dataformat.xml.deser.XmlStringDeserializer
3421:             1             16  com.fasterxml.jackson.dataformat.xml.util.DefaultXmlPrettyPrinter$FixedSpaceIndenter
3422:             1             16  com.fasterxml.jackson.dataformat.xml.util.DefaultXmlPrettyPrinter$Lf2SpacesIndenter
3423:             1             16  com.fasterxml.jackson.datatype.jsr310.deser.DurationDeserializer
3424:             1             16  com.fasterxml.jackson.datatype.jsr310.deser.InstantDeserializer$$Lambda$188/0x0000000800d04840
3425:             1             16  com.fasterxml.jackson.datatype.jsr310.deser.InstantDeserializer$$Lambda$191/0x0000000800d04440
3426:             1             16  com.fasterxml.jackson.datatype.jsr310.deser.InstantDeserializer$$Lambda$192/0x0000000800d03840
3427:             1             16  com.fasterxml.jackson.datatype.jsr310.deser.InstantDeserializer$$Lambda$193/0x0000000800d03c40
3428:             1             16  com.fasterxml.jackson.datatype.jsr310.deser.InstantDeserializer$$Lambda$194/0x0000000800d03040
3429:             1             16  com.fasterxml.jackson.datatype.jsr310.deser.InstantDeserializer$$Lambda$195/0x0000000800d03440
3430:             1             16  com.fasterxml.jackson.datatype.jsr310.deser.InstantDeserializer$$Lambda$196/0x0000000800d02840
3431:             1             16  com.fasterxml.jackson.datatype.jsr310.deser.InstantDeserializer$$Lambda$197/0x0000000800d02c40
3432:             1             16  com.fasterxml.jackson.datatype.jsr310.deser.InstantDeserializer$$Lambda$198/0x0000000800d02040
3433:             1             16  com.fasterxml.jackson.datatype.jsr310.deser.InstantDeserializer$$Lambda$199/0x0000000800d02440
3434:             1             16  com.fasterxml.jackson.datatype.jsr310.deser.InstantDeserializer$$Lambda$200/0x0000000800d01840
3435:             1             16  com.fasterxml.jackson.datatype.jsr310.deser.InstantDeserializer$$Lambda$201/0x0000000800d01c40
3436:             1             16  com.fasterxml.jackson.datatype.jsr310.deser.key.DurationKeyDeserializer
3437:             1             16  com.fasterxml.jackson.datatype.jsr310.deser.key.InstantKeyDeserializer
3438:             1             16  com.fasterxml.jackson.datatype.jsr310.deser.key.LocalDateKeyDeserializer
3439:             1             16  com.fasterxml.jackson.datatype.jsr310.deser.key.LocalDateTimeKeyDeserializer
3440:             1             16  com.fasterxml.jackson.datatype.jsr310.deser.key.LocalTimeKeyDeserializer
3441:             1             16  com.fasterxml.jackson.datatype.jsr310.deser.key.MonthDayKeyDeserializer
3442:             1             16  com.fasterxml.jackson.datatype.jsr310.deser.key.OffsetDateTimeKeyDeserializer
3443:             1             16  com.fasterxml.jackson.datatype.jsr310.deser.key.OffsetTimeKeyDeserializer
3444:             1             16  com.fasterxml.jackson.datatype.jsr310.deser.key.PeriodKeyDeserializer
3445:             1             16  com.fasterxml.jackson.datatype.jsr310.deser.key.YearKeyDeserializer
3446:             1             16  com.fasterxml.jackson.datatype.jsr310.deser.key.YearMothKeyDeserializer
3447:             1             16  com.fasterxml.jackson.datatype.jsr310.deser.key.ZoneIdKeyDeserializer
3448:             1             16  com.fasterxml.jackson.datatype.jsr310.deser.key.ZoneOffsetKeyDeserializer
3449:             1             16  com.fasterxml.jackson.datatype.jsr310.deser.key.ZonedDateTimeKeyDeserializer
3450:             1             16  com.fasterxml.jackson.datatype.jsr310.ser.InstantSerializer$$Lambda$202/0x0000000800d01040
3451:             1             16  com.fasterxml.jackson.datatype.jsr310.ser.InstantSerializer$$Lambda$203/0x0000000800d01440
3452:             1             16  com.fasterxml.jackson.datatype.jsr310.ser.InstantSerializer$$Lambda$204/0x0000000800d00840
3453:             1             16  com.fasterxml.jackson.datatype.jsr310.ser.OffsetDateTimeSerializer$$Lambda$205/0x0000000800d38440
3454:             1             16  com.fasterxml.jackson.datatype.jsr310.ser.OffsetDateTimeSerializer$$Lambda$206/0x0000000800d38840
3455:             1             16  com.fasterxml.jackson.datatype.jsr310.ser.OffsetDateTimeSerializer$$Lambda$207/0x0000000800d38c40
3456:             1             16  com.fasterxml.jackson.datatype.jsr310.ser.ZonedDateTimeSerializer$$Lambda$208/0x0000000800d39040
3457:             1             16  com.fasterxml.jackson.datatype.jsr310.ser.ZonedDateTimeSerializer$$Lambda$209/0x0000000800d39840
3458:             1             16  com.fasterxml.jackson.datatype.jsr310.ser.ZonedDateTimeSerializer$$Lambda$210/0x0000000800d39c40
3459:             1             16  com.fasterxml.jackson.datatype.jsr310.ser.key.ZonedDateTimeKeySerializer
3460:             1             16  com.google.common.base.Equivalence$Equals
3461:             1             16  com.google.common.base.Equivalence$Identity
3462:             1             16  com.google.common.base.Ticker$1
3463:             1             16  com.google.common.collect.MapMakerInternalMap$1
3464:             1             16  com.google.common.collect.MapMakerInternalMap$2
3465:             1             16  com.google.gson.Gson$1
3466:             1             16  com.google.gson.Gson$2
3467:             1             16  com.google.gson.Gson$4
3468:             1             16  com.google.gson.Gson$5
3469:             1             16  com.google.gson.internal.bind.ArrayTypeAdapter$1
3470:             1             16  com.google.gson.internal.bind.CollectionTypeAdapterFactory
3471:             1             16  com.google.gson.internal.bind.DateTypeAdapter$1
3472:             1             16  com.google.gson.internal.bind.JsonAdapterAnnotationTypeAdapterFactory
3473:             1             16  com.google.gson.internal.bind.ObjectTypeAdapter$1
3474:             1             16  com.google.gson.internal.bind.SqlDateTypeAdapter$1
3475:             1             16  com.google.gson.internal.bind.TimeTypeAdapter$1
3476:             1             16  com.google.gson.internal.bind.TypeAdapters$1
3477:             1             16  com.google.gson.internal.bind.TypeAdapters$10
3478:             1             16  com.google.gson.internal.bind.TypeAdapters$11
3479:             1             16  com.google.gson.internal.bind.TypeAdapters$12
3480:             1             16  com.google.gson.internal.bind.TypeAdapters$13
3481:             1             16  com.google.gson.internal.bind.TypeAdapters$14
3482:             1             16  com.google.gson.internal.bind.TypeAdapters$15
3483:             1             16  com.google.gson.internal.bind.TypeAdapters$16
3484:             1             16  com.google.gson.internal.bind.TypeAdapters$17
3485:             1             16  com.google.gson.internal.bind.TypeAdapters$18
3486:             1             16  com.google.gson.internal.bind.TypeAdapters$19
3487:             1             16  com.google.gson.internal.bind.TypeAdapters$2
3488:             1             16  com.google.gson.internal.bind.TypeAdapters$20
3489:             1             16  com.google.gson.internal.bind.TypeAdapters$21
3490:             1             16  com.google.gson.internal.bind.TypeAdapters$22
3491:             1             16  com.google.gson.internal.bind.TypeAdapters$23
3492:             1             16  com.google.gson.internal.bind.TypeAdapters$24
3493:             1             16  com.google.gson.internal.bind.TypeAdapters$25
3494:             1             16  com.google.gson.internal.bind.TypeAdapters$26
3495:             1             16  com.google.gson.internal.bind.TypeAdapters$27
3496:             1             16  com.google.gson.internal.bind.TypeAdapters$28
3497:             1             16  com.google.gson.internal.bind.TypeAdapters$29
3498:             1             16  com.google.gson.internal.bind.TypeAdapters$3
3499:             1             16  com.google.gson.internal.bind.TypeAdapters$30
3500:             1             16  com.google.gson.internal.bind.TypeAdapters$4
3501:             1             16  com.google.gson.internal.bind.TypeAdapters$5
3502:             1             16  com.google.gson.internal.bind.TypeAdapters$6
3503:             1             16  com.google.gson.internal.bind.TypeAdapters$7
3504:             1             16  com.google.gson.internal.bind.TypeAdapters$8
3505:             1             16  com.google.gson.internal.bind.TypeAdapters$9
3506:             1             16  com.netflix.appinfo.ApplicationInfoManager$1
3507:             1             16  com.netflix.appinfo.InstanceInfo$Builder$$Lambda$633/0x0000000801082840
3508:             1             16  com.netflix.appinfo.LeaseInfo$Builder
3509:             1             16  com.netflix.appinfo.MyDataCenterInfo
3510:             1             16  com.netflix.appinfo.providers.Archaius1VipAddressResolver
3511:             1             16  com.netflix.config.ConfigurationBackedDynamicPropertySupportImpl
3512:             1             16  com.netflix.config.ConfigurationBasedDeploymentContext$1
3513:             1             16  com.netflix.config.DynamicProperty$DynamicPropertyListener
3514:             1             16  com.netflix.config.DynamicPropertyFactory
3515:             1             16  com.netflix.config.ExpandedConfigurationListenerAdapter
3516:             1             16  com.netflix.discovery.AbstractAzToRegionMapper$1
3517:             1             16  com.netflix.discovery.endpoint.EndpointUtils$InstanceInfoBasedUrlRandomizer
3518:             1             16  com.netflix.discovery.shared.Applications$$Lambda$635/0x0000000801082040
3519:             1             16  com.netflix.hystrix.strategy.concurrency.HystrixConcurrencyStrategyDefault
3520:             1             16  com.netflix.hystrix.strategy.eventnotifier.HystrixEventNotifierDefault
3521:             1             16  com.netflix.hystrix.strategy.executionhook.HystrixCommandExecutionHookDefault
3522:             1             16  com.netflix.hystrix.strategy.metrics.HystrixMetricsPublisherDefault
3523:             1             16  com.netflix.hystrix.strategy.properties.HystrixDynamicPropertiesSystemProperties
3524:             1             16  com.netflix.hystrix.strategy.properties.HystrixPropertiesStrategyDefault
3525:             1             16  com.netflix.hystrix.strategy.properties.archaius.HystrixDynamicPropertiesArchaius
3526:             1             16  com.netflix.servo.monitor.DefaultPublishingPolicy
3527:             1             16  com.netflix.servo.monitor.Monitors$CounterFactory
3528:             1             16  com.netflix.servo.tag.SmallTagMap$Builder$$Lambda$634/0x0000000801082c40
3529:             1             16  com.sun.beans.WeakCache (java.desktop@14.0.1)
3530:             1             16  com.sun.beans.introspect.MethodInfo$MethodOrder (java.desktop@14.0.1)
3531:             1             16  com.sun.jmx.interceptor.DefaultMBeanServerInterceptor$ResourceContext$1 (java.management@14.0.1)
3532:             1             16  com.sun.jmx.mbeanserver.DefaultMXBeanMappingFactory (java.management@14.0.1)
3533:             1             16  com.sun.jmx.mbeanserver.DescriptorCache (java.management@14.0.1)
3534:             1             16  com.sun.jmx.mbeanserver.MBeanAnalyzer$MethodOrder (java.management@14.0.1)
3535:             1             16  com.sun.jmx.mbeanserver.MBeanInstantiator (java.management@14.0.1)
3536:             1             16  com.sun.jmx.mbeanserver.MXBeanIntrospector (java.management@14.0.1)
3537:             1             16  com.sun.jmx.mbeanserver.SecureClassLoaderRepository (java.management@14.0.1)
3538:             1             16  com.sun.management.internal.GarbageCollectionNotifInfoCompositeData$1 (jdk.management@14.0.1)
3539:             1             16  com.sun.management.internal.GcInfoCompositeData$1 (jdk.management@14.0.1)
3540:             1             16  com.sun.management.internal.GcInfoCompositeData$2 (jdk.management@14.0.1)
3541:             1             16  com.sun.management.internal.HotSpotDiagnostic (jdk.management@14.0.1)
3542:             1             16  com.sun.management.internal.PlatformMBeanProviderImpl (jdk.management@14.0.1)
3543:             1             16  com.sun.management.internal.PlatformMBeanProviderImpl$$Lambda$110/0x0000000800c15c40 (jdk.management@14.0.1)
3544:             1             16  com.sun.naming.internal.VersionHelper (java.naming@14.0.1)
3545:             1             16  com.sun.naming.internal.VersionHelper$$Lambda$56/0x0000000800bb0440 (java.naming@14.0.1)
3546:             1             16  com.sun.naming.internal.VersionHelper$$Lambda$57/0x0000000800bb7840 (java.naming@14.0.1)
3547:             1             16  com.sun.naming.internal.VersionHelper$$Lambda$58/0x0000000800bb7c40 (java.naming@14.0.1)
3548:             1             16  com.sun.org.apache.xerces.internal.impl.dv.dtd.DTDDVFactoryImpl (java.xml@14.0.1)
3549:             1             16  com.sun.org.apache.xerces.internal.impl.dv.dtd.IDDatatypeValidator (java.xml@14.0.1)
3550:             1             16  com.sun.org.apache.xerces.internal.impl.dv.dtd.IDREFDatatypeValidator (java.xml@14.0.1)
3551:             1             16  com.sun.org.apache.xerces.internal.impl.dv.dtd.NMTOKENDatatypeValidator (java.xml@14.0.1)
3552:             1             16  com.sun.org.apache.xerces.internal.impl.dv.dtd.NOTATIONDatatypeValidator (java.xml@14.0.1)
3553:             1             16  com.sun.org.apache.xerces.internal.impl.dv.dtd.StringDatatypeValidator (java.xml@14.0.1)
3554:             1             16  com.sun.org.apache.xerces.internal.parsers.AbstractSAXParser$AttributesProxy (java.xml@14.0.1)
3555:             1             16  com.sun.org.apache.xerces.internal.util.EntityResolver2Wrapper (java.xml@14.0.1)
3556:             1             16  com.sun.org.apache.xerces.internal.util.ErrorHandlerWrapper (java.xml@14.0.1)
3557:             1             16  com.sun.proxy.$Proxy100
3558:             1             16  com.sun.proxy.$Proxy103
3559:             1             16  com.sun.proxy.$Proxy11
3560:             1             16  com.sun.proxy.$Proxy12
3561:             1             16  com.sun.proxy.$Proxy32
3562:             1             16  com.sun.proxy.$Proxy33
3563:             1             16  com.sun.proxy.$Proxy34
3564:             1             16  com.sun.proxy.$Proxy36
3565:             1             16  com.sun.proxy.$Proxy37
3566:             1             16  com.sun.proxy.$Proxy40
3567:             1             16  com.sun.proxy.$Proxy43
3568:             1             16  com.sun.proxy.$Proxy45
3569:             1             16  com.sun.proxy.$Proxy48
3570:             1             16  com.sun.proxy.$Proxy53
3571:             1             16  com.sun.proxy.$Proxy57
3572:             1             16  com.sun.proxy.$Proxy60
3573:             1             16  com.sun.proxy.$Proxy63
3574:             1             16  com.sun.proxy.$Proxy67
3575:             1             16  com.sun.proxy.$Proxy69
3576:             1             16  com.sun.proxy.$Proxy73
3577:             1             16  com.sun.proxy.$Proxy78
3578:             1             16  com.sun.proxy.$Proxy8
3579:             1             16  com.sun.proxy.$Proxy80
3580:             1             16  com.sun.proxy.$Proxy83
3581:             1             16  com.sun.proxy.$Proxy89
3582:             1             16  com.sun.proxy.$Proxy99
3583:             1             16  freemarker.cache.TemplateLookupStrategy$Default020300
3584:             1             16  freemarker.cache.TemplateNameFormat$Default020300
3585:             1             16  freemarker.cache.TemplateNameFormat$Default020400
3586:             1             16  freemarker.core.CSSOutputFormat
3587:             1             16  freemarker.core.HTMLOutputFormat
3588:             1             16  freemarker.core.JSONOutputFormat
3589:             1             16  freemarker.core.JavaScriptOutputFormat
3590:             1             16  freemarker.core.PlainTextOutputFormat
3591:             1             16  freemarker.core.RTFOutputFormat
3592:             1             16  freemarker.core.TemplateClassResolver$1
3593:             1             16  freemarker.core.TemplateClassResolver$2
3594:             1             16  freemarker.core.TemplateClassResolver$3
3595:             1             16  freemarker.core.UndefinedOutputFormat
3596:             1             16  freemarker.core.XHTMLOutputFormat
3597:             1             16  freemarker.core.XMLOutputFormat
3598:             1             16  freemarker.ext.beans.BeanModel$1
3599:             1             16  freemarker.ext.beans.BeansWrapper$4
3600:             1             16  freemarker.ext.beans.BeansWrapper$5
3601:             1             16  freemarker.ext.jsp.TaglibFactory$WebInfPerLibJarMetaInfTldSource
3602:             1             16  freemarker.log._JULLoggerFactory
3603:             1             16  freemarker.template.SimpleScalar
3604:             1             16  freemarker.template.TemplateExceptionHandler$1
3605:             1             16  freemarker.template.TemplateExceptionHandler$2
3606:             1             16  freemarker.template.TemplateExceptionHandler$3
3607:             1             16  freemarker.template.TemplateExceptionHandler$4
3608:             1             16  freemarker.template.utility.CaptureOutput
3609:             1             16  freemarker.template.utility.HtmlEscape
3610:             1             16  freemarker.template.utility.NormalizeNewlines
3611:             1             16  freemarker.template.utility.StandardCompress
3612:             1             16  freemarker.template.utility.XmlEscape
3613:             1             16  io.micrometer.core.instrument.AbstractTimer$$Lambda$487/0x0000000800fc6c40
3614:             1             16  io.micrometer.core.instrument.Clock$1
3615:             1             16  io.micrometer.core.instrument.MeterRegistry$$Lambda$434/0x0000000800f8d440
3616:             1             16  io.micrometer.core.instrument.MeterRegistry$$Lambda$438/0x0000000800f8c440
3617:             1             16  io.micrometer.core.instrument.MeterRegistry$$Lambda$484/0x0000000800fc7040
3618:             1             16  io.micrometer.core.instrument.MeterRegistry$More$$Lambda$456/0x0000000800fa2040
3619:             1             16  io.micrometer.core.instrument.MeterRegistry$More$$Lambda$459/0x0000000800fa2c40
3620:             1             16  io.micrometer.core.instrument.MeterRegistry$More$$Lambda$655/0x00000008010d4440
3621:             1             16  io.micrometer.core.instrument.Metrics$More
3622:             1             16  io.micrometer.core.instrument.binder.hystrix.HystrixMetricsBinder
3623:             1             16  io.micrometer.core.instrument.binder.jvm.ClassLoaderMetrics
3624:             1             16  io.micrometer.core.instrument.binder.jvm.ClassLoaderMetrics$$Lambda$453/0x0000000800fa1440
3625:             1             16  io.micrometer.core.instrument.binder.jvm.ClassLoaderMetrics$$Lambda$454/0x0000000800fa1840
3626:             1             16  io.micrometer.core.instrument.binder.jvm.JvmGcMetrics$$Lambda$432/0x0000000800f8dc40
3627:             1             16  io.micrometer.core.instrument.binder.jvm.JvmGcMetrics$$Lambda$436/0x0000000800f8cc40
3628:             1             16  io.micrometer.core.instrument.binder.jvm.JvmMemoryMetrics
3629:             1             16  io.micrometer.core.instrument.binder.jvm.JvmMemoryMetrics$$Lambda$443/0x0000000800f8a440
3630:             1             16  io.micrometer.core.instrument.binder.jvm.JvmMemoryMetrics$$Lambda$444/0x0000000800f89840
3631:             1             16  io.micrometer.core.instrument.binder.jvm.JvmMemoryMetrics$$Lambda$445/0x0000000800f89c40
3632:             1             16  io.micrometer.core.instrument.binder.jvm.JvmThreadMetrics
3633:             1             16  io.micrometer.core.instrument.binder.jvm.JvmThreadMetrics$$Lambda$449/0x0000000800fa0040
3634:             1             16  io.micrometer.core.instrument.binder.jvm.JvmThreadMetrics$$Lambda$450/0x0000000800fa0440
3635:             1             16  io.micrometer.core.instrument.binder.jvm.JvmThreadMetrics$$Lambda$451/0x0000000800fa0840
3636:             1             16  io.micrometer.core.instrument.binder.system.FileDescriptorMetrics$$Lambda$466/0x0000000800fa5040
3637:             1             16  io.micrometer.core.instrument.binder.system.FileDescriptorMetrics$$Lambda$467/0x0000000800fa5440
3638:             1             16  io.micrometer.core.instrument.binder.system.ProcessorMetrics$$Lambda$462/0x0000000800fa3c40
3639:             1             16  io.micrometer.core.instrument.binder.system.ProcessorMetrics$$Lambda$463/0x0000000800fa4440
3640:             1             16  io.micrometer.core.instrument.binder.system.ProcessorMetrics$$Lambda$464/0x0000000800fa4840
3641:             1             16  io.micrometer.core.instrument.binder.system.ProcessorMetrics$$Lambda$465/0x0000000800fa4c40
3642:             1             16  io.micrometer.core.instrument.binder.system.UptimeMetrics$$Lambda$457/0x0000000800fa2440
3643:             1             16  io.micrometer.core.instrument.binder.system.UptimeMetrics$$Lambda$461/0x0000000800fa3840
3644:             1             16  io.micrometer.core.instrument.binder.tomcat.TomcatMetrics$$Lambda$664/0x00000008010d6840
3645:             1             16  io.micrometer.core.instrument.binder.tomcat.TomcatMetrics$$Lambda$665/0x00000008010d6c40
3646:             1             16  io.micrometer.core.instrument.binder.tomcat.TomcatMetrics$$Lambda$666/0x00000008010d7040
3647:             1             16  io.micrometer.core.instrument.binder.tomcat.TomcatMetrics$$Lambda$667/0x00000008010d7440
3648:             1             16  io.micrometer.core.instrument.binder.tomcat.TomcatMetrics$$Lambda$668/0x00000008010d7840
3649:             1             16  io.micrometer.core.instrument.binder.tomcat.TomcatMetrics$$Lambda$669/0x00000008010d7c40
3650:             1             16  io.micrometer.core.instrument.composite.CompositeMeterRegistry$$Lambda$468/0x0000000800fa7840
3651:             1             16  io.micrometer.core.instrument.composite.CompositeMeterRegistry$$Lambda$469/0x0000000800fa7c40
3652:             1             16  io.micrometer.core.instrument.composite.CompositeMeterRegistry$$Lambda$473/0x0000000800fa6040
3653:             1             16  io.micrometer.core.instrument.config.NamingConvention$$Lambda$424/0x0000000800f8fc40
3654:             1             16  io.micrometer.core.instrument.config.NamingConvention$1
3655:             1             16  io.micrometer.core.instrument.config.NamingConvention$2
3656:             1             16  io.micrometer.core.instrument.config.NamingConvention$3
3657:             1             16  io.micrometer.core.instrument.config.NamingConvention$4
3658:             1             16  io.micrometer.core.instrument.distribution.DistributionStatisticConfig$Builder
3659:             1             16  io.micrometer.core.instrument.distribution.NoopHistogram
3660:             1             16  io.micrometer.core.instrument.simple.SimpleConfig$$Lambda$423/0x0000000800f14c40
3661:             1             16  io.micrometer.shaded.org.pcollections.HashPMap$1
3662:             1             16  io.micrometer.shaded.org.pcollections.IntTreePMap$1
3663:             1             16  java.beans.Introspector$1 (java.desktop@14.0.1)
3664:             1             16  java.io.Console$2 (java.base@14.0.1)
3665:             1             16  java.io.DeleteOnExitHook$1 (java.base@14.0.1)
3666:             1             16  java.io.FileDescriptor$1 (java.base@14.0.1)
3667:             1             16  java.io.FileInputStream$1 (java.base@14.0.1)
3668:             1             16  java.io.FilePermission$1 (java.base@14.0.1)
3669:             1             16  java.io.FilePermissionCollection$1 (java.base@14.0.1)
3670:             1             16  java.io.RandomAccessFile$2 (java.base@14.0.1)
3671:             1             16  java.lang.ApplicationShutdownHooks$1 (java.base@14.0.1)
3672:             1             16  java.lang.CharacterData00 (java.base@14.0.1)
3673:             1             16  java.lang.CharacterDataLatin1 (java.base@14.0.1)
3674:             1             16  java.lang.Class$$Lambda$211/0x0000000800d3a040 (java.base@14.0.1)
3675:             1             16  java.lang.ClassLoader$2 (java.base@14.0.1)
3676:             1             16  java.lang.ClassValue$Identity (java.base@14.0.1)
3677:             1             16  java.lang.Float (java.base@14.0.1)
3678:             1             16  java.lang.InheritableThreadLocal (java.base@14.0.1)
3679:             1             16  java.lang.Module$$Lambda$131/0x0000000800c2d040 (java.base@14.0.1)
3680:             1             16  java.lang.ProcessEnvironment$StringEntrySet (java.base@14.0.1)
3681:             1             16  java.lang.ProcessEnvironment$StringKeySet (java.base@14.0.1)
3682:             1             16  java.lang.Runtime (java.base@14.0.1)
3683:             1             16  java.lang.String$CaseInsensitiveComparator (java.base@14.0.1)
3684:             1             16  java.lang.StringCoding$1 (java.base@14.0.1)
3685:             1             16  java.lang.System$2 (java.base@14.0.1)
3686:             1             16  java.lang.System$LoggerFinder$$Lambda$271/0x0000000800da8840 (java.base@14.0.1)
3687:             1             16  java.lang.Terminator$1 (java.base@14.0.1)
3688:             1             16  java.lang.invoke.ClassSpecializer$1 (java.base@14.0.1)
3689:             1             16  java.lang.invoke.MemberName$Factory (java.base@14.0.1)
3690:             1             16  java.lang.invoke.MethodHandleImpl$1 (java.base@14.0.1)
3691:             1             16  java.lang.invoke.StringConcatFactory$MethodHandleInlineCopyStrategy$1 (java.base@14.0.1)
3692:             1             16  java.lang.invoke.StringConcatFactory$MethodHandleInlineCopyStrategy$2 (java.base@14.0.1)
3693:             1             16  java.lang.invoke.VarHandle$1 (java.base@14.0.1)
3694:             1             16  java.lang.management.DefaultPlatformMBeanProvider (java.management@14.0.1)
3695:             1             16  java.lang.management.DefaultPlatformMBeanProvider$5$$Lambda$286/0x0000000800ddac40 (java.management@14.0.1)
3696:             1             16  java.lang.management.ManagementFactory$$Lambda$103/0x0000000800c17840 (java.management@14.0.1)
3697:             1             16  java.lang.management.ManagementFactory$$Lambda$273/0x0000000800dd8040 (java.management@14.0.1)
3698:             1             16  java.lang.management.ManagementFactory$$Lambda$274/0x0000000800dd8440 (java.management@14.0.1)
3699:             1             16  java.lang.management.ManagementFactory$$Lambda$275/0x0000000800dd8840 (java.management@14.0.1)
3700:             1             16  java.lang.management.ManagementFactory$PlatformMBeanFinder$$Lambda$108/0x0000000800c16440 (java.management@14.0.1)
3701:             1             16  java.lang.management.ManagementFactory$PlatformMBeanFinder$$Lambda$112/0x0000000800c15440 (java.management@14.0.1)
3702:             1             16  java.lang.management.ManagementFactory$PlatformMBeanFinder$$Lambda$113/0x0000000800c14840 (java.management@14.0.1)
3703:             1             16  java.lang.management.ManagementFactory$PlatformMBeanFinder$$Lambda$115/0x0000000800c14440 (java.management@14.0.1)
3704:             1             16  java.lang.management.ManagementFactory$PlatformMBeanFinder$$Lambda$119/0x0000000800c12840 (java.management@14.0.1)
3705:             1             16  java.lang.management.ManagementFactory$PlatformMBeanFinder$$Lambda$120/0x0000000800c12c40 (java.management@14.0.1)
3706:             1             16  java.lang.management.ManagementFactory$PlatformMBeanFinder$$Lambda$121/0x0000000800c28040 (java.management@14.0.1)
3707:             1             16  java.lang.management.ManagementFactory$PlatformMBeanFinder$$Lambda$122/0x0000000800c28440 (java.management@14.0.1)
3708:             1             16  java.lang.module.ModuleDescriptor$1 (java.base@14.0.1)
3709:             1             16  java.lang.module.ModuleDescriptor$Builder$$Lambda$130/0x0000000800c2dc40 (java.base@14.0.1)
3710:             1             16  java.lang.ref.Cleaner (java.base@14.0.1)
3711:             1             16  java.lang.ref.Cleaner$1 (java.base@14.0.1)
3712:             1             16  java.lang.ref.Reference$1 (java.base@14.0.1)
3713:             1             16  java.lang.reflect.Executable$$Lambda$185/0x0000000800d05c40 (java.base@14.0.1)
3714:             1             16  java.lang.reflect.Executable$$Lambda$501/0x0000000800fe7840 (java.base@14.0.1)
3715:             1             16  java.lang.reflect.Executable$$Lambda$502/0x0000000800fe7c40 (java.base@14.0.1)
3716:             1             16  java.lang.reflect.Proxy$$Lambda$167/0x0000000800c94c40 (java.base@14.0.1)
3717:             1             16  java.lang.reflect.Proxy$$Lambda$2/0x0000000800b67c40 (java.base@14.0.1)
3718:             1             16  java.lang.reflect.Proxy$ProxyBuilder$$Lambda$129/0x0000000800c2d840 (java.base@14.0.1)
3719:             1             16  java.lang.reflect.ProxyGenerator$$Lambda$4/0x0000000800b70040 (java.base@14.0.1)
3720:             1             16  java.lang.reflect.ProxyGenerator$$Lambda$5/0x0000000800b70440 (java.base@14.0.1)
3721:             1             16  java.lang.reflect.ReflectAccess (java.base@14.0.1)
3722:             1             16  java.net.InetAddress$1 (java.base@14.0.1)
3723:             1             16  java.net.InetAddress$PlatformNameService (java.base@14.0.1)
3724:             1             16  java.net.SocketImpl$$Lambda$639/0x0000000801081040 (java.base@14.0.1)
3725:             1             16  java.net.URI$1 (java.base@14.0.1)
3726:             1             16  java.net.URL$3 (java.base@14.0.1)
3727:             1             16  java.net.URL$DefaultFactory (java.base@14.0.1)
3728:             1             16  java.nio.Bits$1 (java.base@14.0.1)
3729:             1             16  java.nio.Buffer$1 (java.base@14.0.1)
3730:             1             16  java.nio.channels.spi.AbstractInterruptibleChannel$1 (java.base@14.0.1)
3731:             1             16  java.nio.channels.spi.SelectorProvider$1 (java.base@14.0.1)
3732:             1             16  java.security.AllPermission (java.base@14.0.1)
3733:             1             16  java.security.ProtectionDomain$JavaSecurityAccessImpl (java.base@14.0.1)
3734:             1             16  java.text.DecimalFormatSymbols$$Lambda$29/0x0000000800b89040 (java.base@14.0.1)
3735:             1             16  java.text.DontCareFieldPosition$1 (java.base@14.0.1)
3736:             1             16  java.time.chrono.IsoChronology (java.base@14.0.1)
3737:             1             16  java.time.format.DateTimeFormatter$$Lambda$65/0x0000000800bb2040 (java.base@14.0.1)
3738:             1             16  java.time.format.DateTimeFormatter$$Lambda$66/0x0000000800bb2440 (java.base@14.0.1)
3739:             1             16  java.time.format.DateTimeFormatterBuilder$$Lambda$64/0x0000000800bb2c40 (java.base@14.0.1)
3740:             1             16  java.time.format.DateTimeFormatterBuilder$2 (java.base@14.0.1)
3741:             1             16  java.time.format.DateTimeFormatterBuilder$InstantPrinterParser (java.base@14.0.1)
3742:             1             16  java.time.format.DateTimeTextProvider (java.base@14.0.1)
3743:             1             16  java.time.format.DateTimeTextProvider$1 (java.base@14.0.1)
3744:             1             16  java.util.Collections$EmptyEnumeration (java.base@14.0.1)
3745:             1             16  java.util.Collections$EmptyIterator (java.base@14.0.1)
3746:             1             16  java.util.Collections$EmptyList (java.base@14.0.1)
3747:             1             16  java.util.Collections$EmptySet (java.base@14.0.1)
3748:             1             16  java.util.Collections$ReverseComparator (java.base@14.0.1)
3749:             1             16  java.util.EnumMap$1 (java.base@14.0.1)
3750:             1             16  java.util.Hashtable$KeySet (java.base@14.0.1)
3751:             1             16  java.util.IdentityHashMap$EntrySet (java.base@14.0.1)
3752:             1             16  java.util.Locale$Builder (java.base@14.0.1)
3753:             1             16  java.util.ResourceBundle$1 (java.base@14.0.1)
3754:             1             16  java.util.ResourceBundle$Control (java.base@14.0.1)
3755:             1             16  java.util.ResourceBundle$ResourceBundleControlProviderHolder$$Lambda$225/0x0000000800d3c440 (java.base@14.0.1)
3756:             1             16  java.util.ResourceBundle$ResourceBundleControlProviderHolder$$Lambda$226/0x0000000800d3b840 (java.base@14.0.1)
3757:             1             16  java.util.Spliterators$EmptySpliterator$OfDouble (java.base@14.0.1)
3758:             1             16  java.util.Spliterators$EmptySpliterator$OfInt (java.base@14.0.1)
3759:             1             16  java.util.Spliterators$EmptySpliterator$OfLong (java.base@14.0.1)
3760:             1             16  java.util.Spliterators$EmptySpliterator$OfRef (java.base@14.0.1)
3761:             1             16  java.util.concurrent.ConcurrentSkipListMap$KeySet (java.base@14.0.1)
3762:             1             16  java.util.concurrent.Executors$FinalizableDelegatedExecutorService (java.base@14.0.1)
3763:             1             16  java.util.concurrent.ForkJoinPool$DefaultForkJoinWorkerThreadFactory (java.base@14.0.1)
3764:             1             16  java.util.function.Function$$Lambda$114/0x0000000800c14c40 (java.base@14.0.1)
3765:             1             16  java.util.jar.JavaUtilJarAccessImpl (java.base@14.0.1)
3766:             1             16  java.util.logging.ErrorManager (java.logging@14.0.1)
3767:             1             16  java.util.logging.Level$$Lambda$53/0x0000000800b8a840 (java.logging@14.0.1)
3768:             1             16  java.util.logging.Level$KnownLevel$$Lambda$51/0x0000000800b8bc40 (java.logging@14.0.1)
3769:             1             16  java.util.logging.Level$KnownLevel$$Lambda$52/0x0000000800b8b040 (java.logging@14.0.1)
3770:             1             16  java.util.logging.Level$KnownLevel$$Lambda$54/0x0000000800b8ac40 (java.logging@14.0.1)
3771:             1             16  java.util.logging.LogManager$CloseOnReset (java.logging@14.0.1)
3772:             1             16  java.util.logging.LogManager$LoggingProviderAccess (java.logging@14.0.1)
3773:             1             16  java.util.logging.LogManager$VisitedLoggers (java.logging@14.0.1)
3774:             1             16  java.util.logging.Logging (java.logging@14.0.1)
3775:             1             16  java.util.logging.SimpleFormatter$$Lambda$55/0x0000000800bb0040 (java.logging@14.0.1)
3776:             1             16  java.util.regex.CharPredicates$$Lambda$270/0x0000000800da9440 (java.base@14.0.1)
3777:             1             16  java.util.regex.CharPredicates$$Lambda$48/0x0000000800b8c040 (java.base@14.0.1)
3778:             1             16  java.util.regex.Pattern$$Lambda$11/0x0000000800b72040 (java.base@14.0.1)
3779:             1             16  java.util.regex.Pattern$LastNode (java.base@14.0.1)
3780:             1             16  java.util.regex.Pattern$Node (java.base@14.0.1)
3781:             1             16  java.util.stream.Collectors$$Lambda$104/0x0000000800c17040 (java.base@14.0.1)
3782:             1             16  java.util.stream.Collectors$$Lambda$105/0x0000000800c17440 (java.base@14.0.1)
3783:             1             16  java.util.stream.Collectors$$Lambda$106/0x0000000800c16840 (java.base@14.0.1)
3784:             1             16  java.util.stream.Collectors$$Lambda$116/0x0000000800c13840 (java.base@14.0.1)
3785:             1             16  java.util.stream.Collectors$$Lambda$127/0x0000000800c2ec40 (java.base@14.0.1)
3786:             1             16  java.util.stream.Collectors$$Lambda$187/0x0000000800d05440 (java.base@14.0.1)
3787:             1             16  java.util.stream.Collectors$$Lambda$189/0x0000000800d04c40 (java.base@14.0.1)
3788:             1             16  java.util.stream.Collectors$$Lambda$190/0x0000000800d04040 (java.base@14.0.1)
3789:             1             16  java.util.stream.Collectors$$Lambda$24/0x0000000800b75440 (java.base@14.0.1)
3790:             1             16  java.util.stream.Collectors$$Lambda$250/0x0000000800d76040 (java.base@14.0.1)
3791:             1             16  java.util.stream.Collectors$$Lambda$251/0x0000000800d76440 (java.base@14.0.1)
3792:             1             16  java.util.stream.Collectors$$Lambda$26/0x0000000800b88440 (java.base@14.0.1)
3793:             1             16  java.util.stream.Collectors$$Lambda$27/0x0000000800b88840 (java.base@14.0.1)
3794:             1             16  java.util.stream.Collectors$$Lambda$589/0x0000000801060c40 (java.base@14.0.1)
3795:             1             16  java.util.stream.Collectors$$Lambda$590/0x0000000801061040 (java.base@14.0.1)
3796:             1             16  java.util.stream.Collectors$$Lambda$591/0x0000000801061440 (java.base@14.0.1)
3797:             1             16  java.util.stream.Collectors$$Lambda$592/0x0000000801061840 (java.base@14.0.1)
3798:             1             16  java.util.stream.Collectors$$Lambda$85/0x0000000800bec840 (java.base@14.0.1)
3799:             1             16  java.util.stream.Collectors$$Lambda$86/0x0000000800becc40 (java.base@14.0.1)
3800:             1             16  java.util.stream.Collectors$$Lambda$87/0x0000000800bec040 (java.base@14.0.1)
3801:             1             16  java.util.stream.FindOps$FindSink$OfInt$$Lambda$30/0x0000000800b89440 (java.base@14.0.1)
3802:             1             16  java.util.stream.FindOps$FindSink$OfInt$$Lambda$31/0x0000000800b89840 (java.base@14.0.1)
3803:             1             16  java.util.stream.FindOps$FindSink$OfInt$$Lambda$32/0x0000000800b89c40 (java.base@14.0.1)
3804:             1             16  java.util.stream.FindOps$FindSink$OfInt$$Lambda$33/0x0000000800b8a040 (java.base@14.0.1)
3805:             1             16  java.util.stream.FindOps$FindSink$OfRef$$Lambda$42/0x0000000800b8d840 (java.base@14.0.1)
3806:             1             16  java.util.stream.FindOps$FindSink$OfRef$$Lambda$43/0x0000000800b8dc40 (java.base@14.0.1)
3807:             1             16  java.util.stream.FindOps$FindSink$OfRef$$Lambda$44/0x0000000800b8d040 (java.base@14.0.1)
3808:             1             16  java.util.stream.FindOps$FindSink$OfRef$$Lambda$45/0x0000000800b8d440 (java.base@14.0.1)
3809:             1             16  java.util.stream.IntPipeline$$Lambda$636/0x0000000801082440 (java.base@14.0.1)
3810:             1             16  java.util.stream.Nodes$EmptyNode$OfDouble (java.base@14.0.1)
3811:             1             16  java.util.stream.Nodes$EmptyNode$OfInt (java.base@14.0.1)
3812:             1             16  java.util.stream.Nodes$EmptyNode$OfLong (java.base@14.0.1)
3813:             1             16  java.util.stream.Nodes$EmptyNode$OfRef (java.base@14.0.1)
3814:             1             16  java.util.zip.ZipFile$1 (java.base@14.0.1)
3815:             1             16  javax.management.JMX (java.management@14.0.1)
3816:             1             16  javax.management.MBeanServerBuilder (java.management@14.0.1)
3817:             1             16  javax.management.NotificationBroadcasterSupport$1 (java.management@14.0.1)
3818:             1             16  javax.validation.Validation$GetValidationProviderListAction
3819:             1             16  jdk.internal.jimage.ImageReaderFactory$1 (java.base@14.0.1)
3820:             1             16  jdk.internal.jimage.ImageStringsReader (java.base@14.0.1)
3821:             1             16  jdk.internal.jimage.decompressor.Decompressor (java.base@14.0.1)
3822:             1             16  jdk.internal.logger.LazyLoggers$1 (java.base@14.0.1)
3823:             1             16  jdk.internal.logger.LazyLoggers$LazyLoggerFactories (java.base@14.0.1)
3824:             1             16  jdk.internal.math.FloatingDecimal$1 (java.base@14.0.1)
3825:             1             16  jdk.internal.misc.TerminatingThreadLocal$1 (java.base@14.0.1)
3826:             1             16  jdk.internal.misc.Unsafe (java.base@14.0.1)
3827:             1             16  jdk.internal.module.ModulePatcher (java.base@14.0.1)
3828:             1             16  jdk.internal.module.ModuleTarget (java.base@14.0.1)
3829:             1             16  jdk.internal.perf.Perf (java.base@14.0.1)
3830:             1             16  jdk.internal.reflect.GeneratedConstructorAccessor1
3831:             1             16  jdk.internal.reflect.GeneratedConstructorAccessor10
3832:             1             16  jdk.internal.reflect.GeneratedConstructorAccessor11
3833:             1             16  jdk.internal.reflect.GeneratedConstructorAccessor12 (java.base@14.0.1)
3834:             1             16  jdk.internal.reflect.GeneratedConstructorAccessor13
3835:             1             16  jdk.internal.reflect.GeneratedConstructorAccessor14
3836:             1             16  jdk.internal.reflect.GeneratedConstructorAccessor15
3837:             1             16  jdk.internal.reflect.GeneratedConstructorAccessor16
3838:             1             16  jdk.internal.reflect.GeneratedConstructorAccessor17
3839:             1             16  jdk.internal.reflect.GeneratedConstructorAccessor18
3840:             1             16  jdk.internal.reflect.GeneratedConstructorAccessor19
3841:             1             16  jdk.internal.reflect.GeneratedConstructorAccessor2
3842:             1             16  jdk.internal.reflect.GeneratedConstructorAccessor20
3843:             1             16  jdk.internal.reflect.GeneratedConstructorAccessor21
3844:             1             16  jdk.internal.reflect.GeneratedConstructorAccessor22
3845:             1             16  jdk.internal.reflect.GeneratedConstructorAccessor23
3846:             1             16  jdk.internal.reflect.GeneratedConstructorAccessor24
3847:             1             16  jdk.internal.reflect.GeneratedConstructorAccessor25
3848:             1             16  jdk.internal.reflect.GeneratedConstructorAccessor26
3849:             1             16  jdk.internal.reflect.GeneratedConstructorAccessor27
3850:             1             16  jdk.internal.reflect.GeneratedConstructorAccessor28
3851:             1             16  jdk.internal.reflect.GeneratedConstructorAccessor29
3852:             1             16  jdk.internal.reflect.GeneratedConstructorAccessor3
3853:             1             16  jdk.internal.reflect.GeneratedConstructorAccessor30
3854:             1             16  jdk.internal.reflect.GeneratedConstructorAccessor31
3855:             1             16  jdk.internal.reflect.GeneratedConstructorAccessor32
3856:             1             16  jdk.internal.reflect.GeneratedConstructorAccessor33
3857:             1             16  jdk.internal.reflect.GeneratedConstructorAccessor34 (java.base@14.0.1)
3858:             1             16  jdk.internal.reflect.GeneratedConstructorAccessor35
3859:             1             16  jdk.internal.reflect.GeneratedConstructorAccessor36
3860:             1             16  jdk.internal.reflect.GeneratedConstructorAccessor37
3861:             1             16  jdk.internal.reflect.GeneratedConstructorAccessor38
3862:             1             16  jdk.internal.reflect.GeneratedConstructorAccessor39
3863:             1             16  jdk.internal.reflect.GeneratedConstructorAccessor4
3864:             1             16  jdk.internal.reflect.GeneratedConstructorAccessor40
3865:             1             16  jdk.internal.reflect.GeneratedConstructorAccessor41
3866:             1             16  jdk.internal.reflect.GeneratedConstructorAccessor42
3867:             1             16  jdk.internal.reflect.GeneratedConstructorAccessor43 (java.base@14.0.1)
3868:             1             16  jdk.internal.reflect.GeneratedConstructorAccessor44
3869:             1             16  jdk.internal.reflect.GeneratedConstructorAccessor45
3870:             1             16  jdk.internal.reflect.GeneratedConstructorAccessor46
3871:             1             16  jdk.internal.reflect.GeneratedConstructorAccessor47
3872:             1             16  jdk.internal.reflect.GeneratedConstructorAccessor48
3873:             1             16  jdk.internal.reflect.GeneratedConstructorAccessor5 (java.base@14.0.1)
3874:             1             16  jdk.internal.reflect.GeneratedConstructorAccessor6 (java.base@14.0.1)
3875:             1             16  jdk.internal.reflect.GeneratedConstructorAccessor7 (java.base@14.0.1)
3876:             1             16  jdk.internal.reflect.GeneratedConstructorAccessor8
3877:             1             16  jdk.internal.reflect.GeneratedConstructorAccessor9
3878:             1             16  jdk.internal.reflect.GeneratedMethodAccessor1
3879:             1             16  jdk.internal.reflect.GeneratedMethodAccessor10
3880:             1             16  jdk.internal.reflect.GeneratedMethodAccessor11
3881:             1             16  jdk.internal.reflect.GeneratedMethodAccessor12
3882:             1             16  jdk.internal.reflect.GeneratedMethodAccessor13
3883:             1             16  jdk.internal.reflect.GeneratedMethodAccessor14
3884:             1             16  jdk.internal.reflect.GeneratedMethodAccessor15 (java.base@14.0.1)
3885:             1             16  jdk.internal.reflect.GeneratedMethodAccessor16
3886:             1             16  jdk.internal.reflect.GeneratedMethodAccessor17
3887:             1             16  jdk.internal.reflect.GeneratedMethodAccessor18
3888:             1             16  jdk.internal.reflect.GeneratedMethodAccessor19
3889:             1             16  jdk.internal.reflect.GeneratedMethodAccessor2
3890:             1             16  jdk.internal.reflect.GeneratedMethodAccessor20
3891:             1             16  jdk.internal.reflect.GeneratedMethodAccessor21
3892:             1             16  jdk.internal.reflect.GeneratedMethodAccessor22
3893:             1             16  jdk.internal.reflect.GeneratedMethodAccessor23
3894:             1             16  jdk.internal.reflect.GeneratedMethodAccessor24
3895:             1             16  jdk.internal.reflect.GeneratedMethodAccessor25
3896:             1             16  jdk.internal.reflect.GeneratedMethodAccessor26
3897:             1             16  jdk.internal.reflect.GeneratedMethodAccessor27 (java.base@14.0.1)
3898:             1             16  jdk.internal.reflect.GeneratedMethodAccessor28 (java.base@14.0.1)
3899:             1             16  jdk.internal.reflect.GeneratedMethodAccessor29 (java.base@14.0.1)
3900:             1             16  jdk.internal.reflect.GeneratedMethodAccessor3
3901:             1             16  jdk.internal.reflect.GeneratedMethodAccessor30
3902:             1             16  jdk.internal.reflect.GeneratedMethodAccessor31
3903:             1             16  jdk.internal.reflect.GeneratedMethodAccessor32
3904:             1             16  jdk.internal.reflect.GeneratedMethodAccessor33
3905:             1             16  jdk.internal.reflect.GeneratedMethodAccessor34
3906:             1             16  jdk.internal.reflect.GeneratedMethodAccessor35
3907:             1             16  jdk.internal.reflect.GeneratedMethodAccessor36
3908:             1             16  jdk.internal.reflect.GeneratedMethodAccessor37 (java.base@14.0.1)
3909:             1             16  jdk.internal.reflect.GeneratedMethodAccessor38 (java.base@14.0.1)
3910:             1             16  jdk.internal.reflect.GeneratedMethodAccessor39
3911:             1             16  jdk.internal.reflect.GeneratedMethodAccessor4
3912:             1             16  jdk.internal.reflect.GeneratedMethodAccessor40
3913:             1             16  jdk.internal.reflect.GeneratedMethodAccessor41
3914:             1             16  jdk.internal.reflect.GeneratedMethodAccessor42 (java.base@14.0.1)
3915:             1             16  jdk.internal.reflect.GeneratedMethodAccessor43 (java.base@14.0.1)
3916:             1             16  jdk.internal.reflect.GeneratedMethodAccessor44
3917:             1             16  jdk.internal.reflect.GeneratedMethodAccessor45
3918:             1             16  jdk.internal.reflect.GeneratedMethodAccessor46
3919:             1             16  jdk.internal.reflect.GeneratedMethodAccessor47
3920:             1             16  jdk.internal.reflect.GeneratedMethodAccessor48
3921:             1             16  jdk.internal.reflect.GeneratedMethodAccessor5
3922:             1             16  jdk.internal.reflect.GeneratedMethodAccessor6
3923:             1             16  jdk.internal.reflect.GeneratedMethodAccessor7
3924:             1             16  jdk.internal.reflect.GeneratedMethodAccessor8
3925:             1             16  jdk.internal.reflect.GeneratedMethodAccessor9
3926:             1             16  jdk.internal.reflect.GeneratedSerializationConstructorAccessor1
3927:             1             16  jdk.internal.reflect.GeneratedSerializationConstructorAccessor2
3928:             1             16  jdk.internal.reflect.ReflectionFactory (java.base@14.0.1)
3929:             1             16  jdk.internal.util.Preconditions$1 (java.base@14.0.1)
3930:             1             16  jdk.management.jfr.SettingDescriptorInfo$1 (jdk.management.jfr@14.0.1)
3931:             1             16  jdk.net.ExtendedSocketOptions$PlatformSocketOptions$1 (jdk.net@14.0.1)
3932:             1             16  jdk.net.MacOSXSocketOptions (jdk.net@14.0.1)
3933:             1             16  jdk.xml.internal.SecuritySupport$$Lambda$149/0x0000000800c6d040 (java.xml@14.0.1)
3934:             1             16  org.apache.catalina.connector.CoyoteAdapter
3935:             1             16  org.apache.catalina.connector.CoyoteAdapter$1
3936:             1             16  org.apache.catalina.core.ContainerBase$ContainerBackgroundProcessor
3937:             1             16  org.apache.catalina.core.ContainerBase$ContainerBackgroundProcessorMonitor
3938:             1             16  org.apache.catalina.core.StandardContext$1
3939:             1             16  org.apache.catalina.core.StandardHost$MemoryLeakTrackingListener
3940:             1             16  org.apache.catalina.core.StandardServer$1
3941:             1             16  org.apache.catalina.core.StandardServer$2
3942:             1             16  org.apache.catalina.mbeans.MBeanFactory
3943:             1             16  org.apache.catalina.realm.X509SubjectDnRetriever
3944:             1             16  org.apache.catalina.startup.Tomcat$FixContextListener
3945:             1             16  org.apache.catalina.util.CharsetMapper
3946:             1             16  org.apache.coyote.AbstractProtocol$1
3947:             1             16  org.apache.coyote.AbstractProtocol$2
3948:             1             16  org.apache.el.ExpressionFactoryImpl
3949:             1             16  org.apache.juli.logging.LogFactory
3950:             1             16  org.apache.logging.log4j.message.ParameterizedNoReferenceMessageFactory
3951:             1             16  org.apache.logging.log4j.spi.LoggerRegistry$ConcurrentMapFactory
3952:             1             16  org.apache.logging.log4j.util.LoaderUtil$ThreadContextClassLoaderGetter
3953:             1             16  org.apache.logging.log4j.util.ProviderUtil
3954:             1             16  org.apache.logging.slf4j.SLF4JLoggerContext
3955:             1             16  org.apache.logging.slf4j.SLF4JLoggerContextFactory
3956:             1             16  org.apache.tomcat.util.buf.StringCache
3957:             1             16  org.apache.tomcat.util.digester.Digester$SystemPropertySource
3958:             1             16  org.apache.tomcat.util.http.CookieProcessorBase$1
3959:             1             16  org.apache.tomcat.util.http.Rfc6265CookieProcessor
3960:             1             16  org.apache.tomcat.util.modeler.ManagedBean$$Lambda$253/0x0000000800d75040
3961:             1             16  org.apache.tomcat.util.threads.ScheduledThreadPoolExecutor
3962:             1             16  org.apache.tomcat.util.threads.ThreadPoolExecutor$RejectHandler
3963:             1             16  org.apache.tomcat.websocket.server.WsContextListener
3964:             1             16  org.apache.tomcat.websocket.server.WsSessionListener
3965:             1             16  org.apache.tomcat.websocket.server.WsWriteTimeout$EndpointComparator
3966:             1             16  org.hibernate.validator.HibernateValidator
3967:             1             16  org.hibernate.validator.internal.engine.ConfigurationImpl$$Lambda$102/0x0000000800c17c40
3968:             1             16  org.hibernate.validator.internal.engine.DefaultClockProvider
3969:             1             16  org.hibernate.validator.internal.engine.DefaultParameterNameProvider
3970:             1             16  org.hibernate.validator.internal.engine.constraintvalidation.ConstraintValidatorManager$1
3971:             1             16  org.hibernate.validator.internal.engine.groups.ValidationOrderGenerator
3972:             1             16  org.hibernate.validator.internal.engine.resolver.TraverseAllTraversableResolver
3973:             1             16  org.hibernate.validator.internal.engine.valueextraction.AnnotatedObject
3974:             1             16  org.hibernate.validator.internal.engine.valueextraction.BooleanArrayValueExtractor
3975:             1             16  org.hibernate.validator.internal.engine.valueextraction.ByteArrayValueExtractor
3976:             1             16  org.hibernate.validator.internal.engine.valueextraction.CharArrayValueExtractor
3977:             1             16  org.hibernate.validator.internal.engine.valueextraction.DoubleArrayValueExtractor
3978:             1             16  org.hibernate.validator.internal.engine.valueextraction.FloatArrayValueExtractor
3979:             1             16  org.hibernate.validator.internal.engine.valueextraction.IntArrayValueExtractor
3980:             1             16  org.hibernate.validator.internal.engine.valueextraction.IterableValueExtractor
3981:             1             16  org.hibernate.validator.internal.engine.valueextraction.ListValueExtractor
3982:             1             16  org.hibernate.validator.internal.engine.valueextraction.LongArrayValueExtractor
3983:             1             16  org.hibernate.validator.internal.engine.valueextraction.MapKeyExtractor
3984:             1             16  org.hibernate.validator.internal.engine.valueextraction.MapValueExtractor
3985:             1             16  org.hibernate.validator.internal.engine.valueextraction.ObjectArrayValueExtractor
3986:             1             16  org.hibernate.validator.internal.engine.valueextraction.OptionalDoubleValueExtractor
3987:             1             16  org.hibernate.validator.internal.engine.valueextraction.OptionalIntValueExtractor
3988:             1             16  org.hibernate.validator.internal.engine.valueextraction.OptionalLongValueExtractor
3989:             1             16  org.hibernate.validator.internal.engine.valueextraction.OptionalValueExtractor
3990:             1             16  org.hibernate.validator.internal.engine.valueextraction.ShortArrayValueExtractor
3991:             1             16  org.hibernate.validator.internal.metadata.aggregated.rule.OverridingMethodMustNotAlterParameterConstraints
3992:             1             16  org.hibernate.validator.internal.metadata.aggregated.rule.ParallelMethodsMustNotDefineGroupConversionForCascadedReturnValue
3993:             1             16  org.hibernate.validator.internal.metadata.aggregated.rule.ParallelMethodsMustNotDefineParameterConstraints
3994:             1             16  org.hibernate.validator.internal.metadata.aggregated.rule.ReturnValueMayOnlyBeMarkedOnceAsCascadedPerHierarchyLine
3995:             1             16  org.hibernate.validator.internal.metadata.aggregated.rule.VoidMethodsMustNotBeReturnValueConstrained
3996:             1             16  org.hibernate.validator.internal.metadata.core.ConstraintHelper$ValidatorDescriptorMap
3997:             1             16  org.hibernate.validator.internal.metadata.provider.AnnotationMetaDataProvider$$Lambda$126/0x0000000800c2e840
3998:             1             16  org.hibernate.validator.internal.util.ExecutableHelper
3999:             1             16  org.hibernate.validator.internal.util.ExecutableParameterNameProvider
4000:             1             16  org.hibernate.validator.internal.util.TypeResolutionHelper
4001:             1             16  org.hibernate.validator.internal.util.logging.Messages_$bundle
4002:             1             16  org.hibernate.validator.resourceloading.PlatformResourceBundleLocator$AggregateResourceBundleControl
4003:             1             16  org.jboss.logging.Log4j2LoggerProvider
4004:             1             16  org.slf4j.helpers.NOPLoggerFactory
4005:             1             16  org.slf4j.impl.StaticMDCBinder
4006:             1             16  org.springframework.aop.Advisor$1
4007:             1             16  org.springframework.aop.TrueClassFilter
4008:             1             16  org.springframework.aop.TrueMethodMatcher
4009:             1             16  org.springframework.aop.TruePointcut
4010:             1             16  org.springframework.aop.aspectj.annotation.AbstractAspectJAdvisorFactory$AspectJAnnotationParameterNameDiscoverer
4011:             1             16  org.springframework.aop.aspectj.annotation.ReflectiveAspectJAdvisorFactory$$Lambda$320/0x0000000800eb8c40
4012:             1             16  org.springframework.aop.aspectj.annotation.ReflectiveAspectJAdvisorFactory$$Lambda$321/0x0000000800ebf840
4013:             1             16  org.springframework.aop.aspectj.autoproxy.AspectJPrecedenceComparator
4014:             1             16  org.springframework.aop.framework.adapter.AfterReturningAdviceAdapter
4015:             1             16  org.springframework.aop.framework.adapter.DefaultAdvisorAdapterRegistry
4016:             1             16  org.springframework.aop.framework.adapter.MethodBeforeAdviceAdapter
4017:             1             16  org.springframework.aop.framework.adapter.ThrowsAdviceAdapter
4018:             1             16  org.springframework.beans.CachedIntrospectionResults$$Lambda$282/0x0000000800ddc840
4019:             1             16  org.springframework.beans.CachedIntrospectionResults$$Lambda$283/0x0000000800ddcc40
4020:             1             16  org.springframework.beans.CachedIntrospectionResults$$Lambda$284/0x0000000800ddc040
4021:             1             16  org.springframework.beans.ExtendedBeanInfoFactory
4022:             1             16  org.springframework.beans.factory.BeanFactoryUtils$$Lambda$180/0x0000000800d07840
4023:             1             16  org.springframework.beans.factory.support.AbstractAutowireCapableBeanFactory$$Lambda$245/0x0000000800d77840
4024:             1             16  org.springframework.beans.factory.support.AutowireUtils$$Lambda$272/0x0000000800da8c40
4025:             1             16  org.springframework.beans.factory.support.DefaultListableBeanFactory$$Lambda$413/0x0000000800f17840
4026:             1             16  org.springframework.beans.factory.support.DefaultSingletonBeanRegistry$$Lambda$183/0x0000000800d07440
4027:             1             16  org.springframework.beans.factory.support.DefaultSingletonBeanRegistry$$Lambda$184/0x0000000800d05840
4028:             1             16  org.springframework.boot.SpringBootBanner
4029:             1             16  org.springframework.boot.StartupInfoLogger
4030:             1             16  org.springframework.boot.actuate.audit.AuditEventsEndpoint
4031:             1             16  org.springframework.boot.actuate.audit.listener.AuditListener
4032:             1             16  org.springframework.boot.actuate.autoconfigure.condition.ConditionsReportEndpoint
4033:             1             16  org.springframework.boot.actuate.autoconfigure.context.properties.ConfigurationPropertiesReportEndpointProperties
4034:             1             16  org.springframework.boot.actuate.autoconfigure.endpoint.EndpointIdTimeToLivePropertyFunction
4035:             1             16  org.springframework.boot.actuate.autoconfigure.endpoint.EndpointIdTimeToLivePropertyFunction$$Lambda$566/0x0000000801046040
4036:             1             16  org.springframework.boot.actuate.autoconfigure.endpoint.ExposeExcludePropertyEndpointFilter$$Lambda$475/0x0000000800fc0040
4037:             1             16  org.springframework.boot.actuate.autoconfigure.endpoint.web.MappingWebEndpointPathMapper
4038:             1             16  org.springframework.boot.actuate.autoconfigure.endpoint.web.WebEndpointAutoConfiguration$$Lambda$583/0x0000000801041c40
4039:             1             16  org.springframework.boot.actuate.autoconfigure.env.EnvironmentEndpointProperties
4040:             1             16  org.springframework.boot.actuate.autoconfigure.info.InfoContributorProperties
4041:             1             16  org.springframework.boot.actuate.autoconfigure.info.InfoContributorProperties$Git
4042:             1             16  org.springframework.boot.actuate.autoconfigure.logging.LogFileWebEndpointAutoConfiguration$LogFileCondition
4043:             1             16  org.springframework.boot.actuate.autoconfigure.logging.LogFileWebEndpointProperties
4044:             1             16  org.springframework.boot.actuate.autoconfigure.logging.LoggersEndpointAutoConfiguration$OnEnabledLoggingSystemCondition
4045:             1             16  org.springframework.boot.actuate.autoconfigure.metrics.LogbackMetricsAutoConfiguration$LogbackLoggingCondition
4046:             1             16  org.springframework.boot.actuate.autoconfigure.metrics.MissingRequiredConfigurationFailureAnalyzer
4047:             1             16  org.springframework.boot.actuate.autoconfigure.metrics.PropertiesMeterFilter$1
4048:             1             16  org.springframework.boot.actuate.autoconfigure.metrics.export.simple.SimplePropertiesConfigAdapter
4049:             1             16  org.springframework.boot.actuate.autoconfigure.metrics.export.simple.SimplePropertiesConfigAdapter$$Lambda$439/0x0000000800f8b840
4050:             1             16  org.springframework.boot.actuate.autoconfigure.metrics.export.simple.SimplePropertiesConfigAdapter$$Lambda$485/0x0000000800fc7440
4051:             1             16  org.springframework.boot.actuate.autoconfigure.metrics.web.client.HttpClientMetricsAutoConfiguration$$Lambda$426/0x0000000800f8f440
4052:             1             16  org.springframework.boot.actuate.autoconfigure.metrics.web.servlet.WebMvcMetricsAutoConfiguration$$Lambda$427/0x0000000800f8e840
4053:             1             16  org.springframework.boot.actuate.autoconfigure.trace.http.HttpTraceProperties
4054:             1             16  org.springframework.boot.actuate.autoconfigure.web.server.$Proxy82
4055:             1             16  org.springframework.boot.actuate.autoconfigure.web.server.ManagementServerProperties$Servlet
4056:             1             16  org.springframework.boot.actuate.autoconfigure.web.servlet.ServletManagementContextAutoConfiguration$$Lambda$558/0x0000000801040040
4057:             1             16  org.springframework.boot.actuate.autoconfigure.web.servlet.ServletManagementContextFactory
4058:             1             16  org.springframework.boot.actuate.beans.BeansEndpoint
4059:             1             16  org.springframework.boot.actuate.cache.CachesEndpoint
4060:             1             16  org.springframework.boot.actuate.cache.CachesEndpointWebExtension
4061:             1             16  org.springframework.boot.actuate.endpoint.annotation.DiscoveredOperationsFactory$$Lambda$564/0x0000000801046840
4062:             1             16  org.springframework.boot.actuate.endpoint.annotation.EndpointDiscoverer$$Lambda$503/0x0000000800fe7440
4063:             1             16  org.springframework.boot.actuate.endpoint.annotation.EndpointDiscoverer$$Lambda$569/0x0000000801045c40
4064:             1             16  org.springframework.boot.actuate.endpoint.annotation.EndpointDiscoverer$$Lambda$570/0x0000000801045040
4065:             1             16  org.springframework.boot.actuate.endpoint.annotation.EndpointDiscoverer$$Lambda$572/0x0000000801044840
4066:             1             16  org.springframework.boot.actuate.endpoint.annotation.EndpointDiscoverer$$Lambda$573/0x0000000801044c40
4067:             1             16  org.springframework.boot.actuate.endpoint.invoke.ParameterValueMapper$$Lambda$476/0x0000000800fc0440
4068:             1             16  org.springframework.boot.actuate.endpoint.invoke.convert.ConversionServiceParameterValueMapper
4069:             1             16  org.springframework.boot.actuate.endpoint.invoker.cache.CachingOperationInvokerAdvisor
4070:             1             16  org.springframework.boot.actuate.endpoint.jmx.MBeanInfoFactory$$Lambda$579/0x0000000801042c40
4071:             1             16  org.springframework.boot.actuate.endpoint.jmx.MBeanInfoFactory$$Lambda$581/0x0000000801042440
4072:             1             16  org.springframework.boot.actuate.endpoint.jmx.annotation.DiscoveredJmxOperation$$Lambda$575/0x0000000801043840
4073:             1             16  org.springframework.boot.actuate.endpoint.jmx.annotation.DiscoveredJmxOperation$$Lambda$576/0x0000000801043c40
4074:             1             16  org.springframework.boot.actuate.endpoint.web.EndpointLinksResolver
4075:             1             16  org.springframework.boot.actuate.endpoint.web.annotation.RequestPredicateFactory
4076:             1             16  org.springframework.boot.actuate.endpoint.web.servlet.WebMvcEndpointHandlerMapping$WebMvcLinksHandler
4077:             1             16  org.springframework.boot.actuate.health.HealthEndpoint
4078:             1             16  org.springframework.boot.actuate.health.HealthStatusHttpMapper
4079:             1             16  org.springframework.boot.actuate.health.OrderedHealthAggregator
4080:             1             16  org.springframework.boot.actuate.info.EnvironmentInfoContributor
4081:             1             16  org.springframework.boot.actuate.info.InfoEndpoint
4082:             1             16  org.springframework.boot.actuate.logging.LoggersEndpoint
4083:             1             16  org.springframework.boot.actuate.management.ThreadDumpEndpoint
4084:             1             16  org.springframework.boot.actuate.metrics.MetricsEndpoint
4085:             1             16  org.springframework.boot.actuate.metrics.web.client.DefaultRestTemplateExchangeTagsProvider
4086:             1             16  org.springframework.boot.actuate.metrics.web.client.MetricsRestTemplateCustomizer
4087:             1             16  org.springframework.boot.actuate.metrics.web.servlet.DefaultWebMvcTagsProvider
4088:             1             16  org.springframework.boot.actuate.scheduling.ScheduledTasksEndpoint
4089:             1             16  org.springframework.boot.actuate.trace.http.HttpExchangeTracer
4090:             1             16  org.springframework.boot.actuate.trace.http.HttpTraceEndpoint
4091:             1             16  org.springframework.boot.actuate.web.mappings.servlet.DispatcherServletsMappingDescriptionProvider
4092:             1             16  org.springframework.boot.actuate.web.mappings.servlet.DispatcherServletsMappingDescriptionProvider$RequestMappingInfoHandlerMappingDescriptionProvider
4093:             1             16  org.springframework.boot.actuate.web.mappings.servlet.DispatcherServletsMappingDescriptionProvider$UrlHandlerMappingDescriptionProvider
4094:             1             16  org.springframework.boot.actuate.web.mappings.servlet.FiltersMappingDescriptionProvider
4095:             1             16  org.springframework.boot.actuate.web.mappings.servlet.ServletsMappingDescriptionProvider
4096:             1             16  org.springframework.boot.autoconfigure.AutoConfigurationImportSelector$$Lambda$301/0x0000000800df4c40
4097:             1             16  org.springframework.boot.autoconfigure.AutoConfigurationImportSelector$AutoConfigurationGroup$$Lambda$303/0x0000000800df4440
4098:             1             16  org.springframework.boot.autoconfigure.AutoConfigurationImportSelector$AutoConfigurationGroup$$Lambda$304/0x0000000800df3040
4099:             1             16  org.springframework.boot.autoconfigure.AutoConfigurationImportSelector$AutoConfigurationGroup$$Lambda$305/0x0000000800df3440
4100:             1             16  org.springframework.boot.autoconfigure.AutoConfigurationImportSelector$AutoConfigurationGroup$$Lambda$306/0x0000000800df2840
4101:             1             16  org.springframework.boot.autoconfigure.AutoConfigurationImportSelector$AutoConfigurationGroup$$Lambda$307/0x0000000800df2c40
4102:             1             16  org.springframework.boot.autoconfigure.SharedMetadataReaderFactoryContextInitializer$CachingMetadataReaderFactoryPostProcessor$$Lambda$179/0x0000000800d00440
4103:             1             16  org.springframework.boot.autoconfigure.condition.BeanTypeRegistry$$Lambda$248/0x0000000800d76840
4104:             1             16  org.springframework.boot.autoconfigure.condition.BeanTypeRegistry$$Lambda$249/0x0000000800d76c40
4105:             1             16  org.springframework.boot.autoconfigure.condition.ConditionEvaluationReport$$Lambda$280/0x0000000800dddc40
4106:             1             16  org.springframework.boot.autoconfigure.condition.ConditionEvaluationReport$AncestorsMatchedCondition
4107:             1             16  org.springframework.boot.autoconfigure.condition.OnBeanCondition$BeanSearchSpec$$Lambda$237/0x0000000800d71840
4108:             1             16  org.springframework.boot.autoconfigure.condition.OnBeanCondition$BeanSearchSpec$$Lambda$241/0x0000000800d72840
4109:             1             16  org.springframework.boot.autoconfigure.condition.OnCloudPlatformCondition
4110:             1             16  org.springframework.boot.autoconfigure.context.MessageSourceAutoConfiguration$ResourceBundleCondition
4111:             1             16  org.springframework.boot.autoconfigure.gson.GsonAutoConfiguration$StandardGsonBuilderCustomizer
4112:             1             16  org.springframework.boot.autoconfigure.http.HttpMessageConverters
4113:             1             16  org.springframework.boot.autoconfigure.http.codec.CodecsAutoConfiguration$JacksonCodecConfiguration$$Lambda$622/0x0000000801087c40
4114:             1             16  org.springframework.boot.autoconfigure.http.codec.CodecsAutoConfiguration$LoggingCodecConfiguration$$Lambda$621/0x0000000801087840
4115:             1             16  org.springframework.boot.autoconfigure.jdbc.DataSourceBeanCreationFailureAnalyzer
4116:             1             16  org.springframework.boot.autoconfigure.mustache.MustacheTemplateAvailabilityProvider
4117:             1             16  org.springframework.boot.autoconfigure.session.NonUniqueSessionRepositoryFailureAnalyzer
4118:             1             16  org.springframework.boot.autoconfigure.task.TaskSchedulingProperties$Pool
4119:             1             16  org.springframework.boot.autoconfigure.template.TemplateAvailabilityProviders$NoTemplateAvailabilityProvider
4120:             1             16  org.springframework.boot.autoconfigure.thymeleaf.ThymeleafTemplateAvailabilityProvider
4121:             1             16  org.springframework.boot.autoconfigure.web.ErrorProperties$Whitelabel
4122:             1             16  org.springframework.boot.autoconfigure.web.embedded.TomcatWebServerFactoryCustomizer$$Lambda$356/0x0000000800f04c40
4123:             1             16  org.springframework.boot.autoconfigure.web.embedded.TomcatWebServerFactoryCustomizer$$Lambda$360/0x0000000800f05c40
4124:             1             16  org.springframework.boot.autoconfigure.web.embedded.TomcatWebServerFactoryCustomizer$$Lambda$365/0x0000000800f07440
4125:             1             16  org.springframework.boot.autoconfigure.web.embedded.TomcatWebServerFactoryCustomizer$$Lambda$369/0x0000000800f08440
4126:             1             16  org.springframework.boot.autoconfigure.web.embedded.TomcatWebServerFactoryCustomizer$$Lambda$371/0x0000000800f08c40
4127:             1             16  org.springframework.boot.autoconfigure.web.embedded.TomcatWebServerFactoryCustomizer$$Lambda$375/0x0000000800f09c40
4128:             1             16  org.springframework.boot.autoconfigure.web.embedded.TomcatWebServerFactoryCustomizer$$Lambda$377/0x0000000800f0a440
4129:             1             16  org.springframework.boot.autoconfigure.web.embedded.TomcatWebServerFactoryCustomizer$$Lambda$379/0x0000000800f0ac40
4130:             1             16  org.springframework.boot.autoconfigure.web.embedded.TomcatWebServerFactoryCustomizer$$Lambda$381/0x0000000800f0b440
4131:             1             16  org.springframework.boot.autoconfigure.web.embedded.TomcatWebServerFactoryCustomizer$$Lambda$382/0x0000000800f0b840
4132:             1             16  org.springframework.boot.autoconfigure.web.embedded.TomcatWebServerFactoryCustomizer$$Lambda$384/0x0000000800f0c040
4133:             1             16  org.springframework.boot.autoconfigure.web.embedded.TomcatWebServerFactoryCustomizer$$Lambda$386/0x0000000800f0c840
4134:             1             16  org.springframework.boot.autoconfigure.web.embedded.TomcatWebServerFactoryCustomizer$$Lambda$395/0x0000000800f0ec40
4135:             1             16  org.springframework.boot.autoconfigure.web.embedded.TomcatWebServerFactoryCustomizer$$Lambda$399/0x0000000800f0fc40
4136:             1             16  org.springframework.boot.autoconfigure.web.embedded.TomcatWebServerFactoryCustomizer$$Lambda$400/0x0000000800f10040
4137:             1             16  org.springframework.boot.autoconfigure.web.embedded.TomcatWebServerFactoryCustomizer$$Lambda$401/0x0000000800f10440
4138:             1             16  org.springframework.boot.autoconfigure.web.servlet.DispatcherServletAutoConfiguration$DefaultDispatcherServletCondition
4139:             1             16  org.springframework.boot.autoconfigure.web.servlet.DispatcherServletAutoConfiguration$DispatcherServletRegistrationCondition
4140:             1             16  org.springframework.boot.autoconfigure.web.servlet.HttpEncodingAutoConfiguration$LocaleCharsetMappingsCustomizer
4141:             1             16  org.springframework.boot.autoconfigure.web.servlet.JspTemplateAvailabilityProvider
4142:             1             16  org.springframework.boot.autoconfigure.web.servlet.ServletWebServerFactoryCustomizer
4143:             1             16  org.springframework.boot.autoconfigure.web.servlet.TomcatServletWebServerFactoryCustomizer
4144:             1             16  org.springframework.boot.autoconfigure.web.servlet.TomcatServletWebServerFactoryCustomizer$$Lambda$352/0x0000000800f03c40
4145:             1             16  org.springframework.boot.autoconfigure.web.servlet.WebMvcProperties$Async
4146:             1             16  org.springframework.boot.autoconfigure.web.servlet.WebMvcProperties$Pathmatch
4147:             1             16  org.springframework.boot.autoconfigure.web.servlet.error.ErrorMvcAutoConfiguration$ErrorTemplateMissingCondition
4148:             1             16  org.springframework.boot.autoconfigure.web.servlet.error.ErrorMvcAutoConfiguration$PreserveErrorControllerTargetClassPostProcessor
4149:             1             16  org.springframework.boot.autoconfigure.web.servlet.error.ErrorMvcAutoConfiguration$StaticView
4150:             1             16  org.springframework.boot.autoconfigure.websocket.servlet.TomcatWebSocketServletWebServerCustomizer
4151:             1             16  org.springframework.boot.autoconfigure.websocket.servlet.TomcatWebSocketServletWebServerCustomizer$$Lambda$326/0x0000000800ebc440
4152:             1             16  org.springframework.boot.builder.ParentContextApplicationContextInitializer$EventPublisher
4153:             1             16  org.springframework.boot.builder.ParentContextCloserApplicationListener$ContextCloserListener
4154:             1             16  org.springframework.boot.context.config.AnsiOutputApplicationListener$$Lambda$101/0x0000000800c12040
4155:             1             16  org.springframework.boot.context.config.ConfigFileApplicationListener$Loader$$Lambda$295/0x0000000800df6040
4156:             1             16  org.springframework.boot.context.config.ConfigFileApplicationListener$Loader$$Lambda$83/0x0000000800bed040
4157:             1             16  org.springframework.boot.context.config.ConfigFileApplicationListener$Loader$$Lambda$89/0x0000000800beb840
4158:             1             16  org.springframework.boot.context.config.ConfigFileApplicationListener$Loader$$Lambda$95/0x0000000800c10040
4159:             1             16  org.springframework.boot.context.config.ConfigFileApplicationListener$Loader$$Lambda$96/0x0000000800c10440
4160:             1             16  org.springframework.boot.context.config.ConfigFileApplicationListener$Loader$$Lambda$97/0x0000000800c10c40
4161:             1             16  org.springframework.boot.context.config.ConfigFileApplicationListener$Loader$$Lambda$99/0x0000000800c11440
4162:             1             16  org.springframework.boot.context.logging.LoggingApplicationListener$$Lambda$153/0x0000000800c90440
4163:             1             16  org.springframework.boot.context.properties.EnableConfigurationPropertiesImportSelector$ConfigurationPropertiesBeanRegistrar$$Lambda$230/0x0000000800d3ac40
4164:             1             16  org.springframework.boot.context.properties.EnableConfigurationPropertiesImportSelector$ConfigurationPropertiesBeanRegistrar$$Lambda$231/0x0000000800d70040
4165:             1             16  org.springframework.boot.context.properties.EnableConfigurationPropertiesImportSelector$ConfigurationPropertiesBeanRegistrar$$Lambda$232/0x0000000800d70440
4166:             1             16  org.springframework.boot.context.properties.PropertyMapper$$Lambda$327/0x0000000800ebb840
4167:             1             16  org.springframework.boot.context.properties.PropertyMapper$Source$$Lambda$330/0x0000000800ebb440
4168:             1             16  org.springframework.boot.context.properties.PropertyMapper$Source$$Lambda$372/0x0000000800f09040
4169:             1             16  org.springframework.boot.context.properties.PropertyMapper$Source$$Lambda$408/0x0000000800f12440
4170:             1             16  org.springframework.boot.context.properties.bind.BindHandler$1
4171:             1             16  org.springframework.boot.context.properties.bind.BindResult
4172:             1             16  org.springframework.boot.context.properties.bind.Binder$$Lambda$158/0x0000000800c96840
4173:             1             16  org.springframework.boot.context.properties.bind.JavaBeanBinder
4174:             1             16  org.springframework.boot.context.properties.bind.JavaBeanBinder$Bean$$Lambda$159/0x0000000800c96c40
4175:             1             16  org.springframework.boot.context.properties.bind.JavaBeanBinder$Bean$$Lambda$160/0x0000000800c96040
4176:             1             16  org.springframework.boot.context.properties.bind.JavaBeanBinder$Bean$$Lambda$161/0x0000000800c96440
4177:             1             16  org.springframework.boot.context.properties.source.ConfigurationPropertyName$$Lambda$497/0x0000000800fc4440
4178:             1             16  org.springframework.boot.context.properties.source.ConfigurationPropertyName$$Lambda$500/0x0000000800fc2040
4179:             1             16  org.springframework.boot.context.properties.source.ConfigurationPropertyName$$Lambda$91/0x0000000800bea040
4180:             1             16  org.springframework.boot.context.properties.source.SpringConfigurationPropertySource$$Lambda$74/0x0000000800befc40
4181:             1             16  org.springframework.boot.context.properties.source.SpringConfigurationPropertySource$$Lambda$82/0x0000000800bedc40
4182:             1             16  org.springframework.boot.context.properties.source.SystemEnvironmentPropertyMapper
4183:             1             16  org.springframework.boot.context.properties.source.SystemEnvironmentPropertyMapper$$Lambda$76/0x0000000800bef440
4184:             1             16  org.springframework.boot.convert.CharArrayFormatter
4185:             1             16  org.springframework.boot.convert.DurationToNumberConverter
4186:             1             16  org.springframework.boot.convert.DurationToStringConverter
4187:             1             16  org.springframework.boot.convert.InetAddressFormatter
4188:             1             16  org.springframework.boot.convert.IsoOffsetFormatter
4189:             1             16  org.springframework.boot.convert.NumberToDataSizeConverter
4190:             1             16  org.springframework.boot.convert.NumberToDurationConverter
4191:             1             16  org.springframework.boot.convert.StringToEnumIgnoringCaseConverterFactory
4192:             1             16  org.springframework.boot.convert.StringToEnumIgnoringCaseConverterFactory$StringToEnum$$Lambda$171/0x0000000800c93040
4193:             1             16  org.springframework.boot.convert.StringToEnumIgnoringCaseConverterFactory$StringToEnum$$Lambda$172/0x0000000800c93440
4194:             1             16  org.springframework.boot.convert.StringToEnumIgnoringCaseConverterFactory$StringToEnum$$Lambda$173/0x0000000800c92840
4195:             1             16  org.springframework.boot.diagnostics.analyzer.BeanCurrentlyInCreationFailureAnalyzer
4196:             1             16  org.springframework.boot.diagnostics.analyzer.BeanDefinitionOverrideFailureAnalyzer
4197:             1             16  org.springframework.boot.diagnostics.analyzer.BeanNotOfRequiredTypeFailureAnalyzer
4198:             1             16  org.springframework.boot.diagnostics.analyzer.BindFailureAnalyzer
4199:             1             16  org.springframework.boot.diagnostics.analyzer.BindValidationFailureAnalyzer
4200:             1             16  org.springframework.boot.diagnostics.analyzer.ConnectorStartFailureAnalyzer
4201:             1             16  org.springframework.boot.diagnostics.analyzer.InvalidConfigurationPropertyNameFailureAnalyzer
4202:             1             16  org.springframework.boot.diagnostics.analyzer.InvalidConfigurationPropertyValueFailureAnalyzer
4203:             1             16  org.springframework.boot.diagnostics.analyzer.NoSuchMethodFailureAnalyzer
4204:             1             16  org.springframework.boot.diagnostics.analyzer.NoUniqueBeanDefinitionFailureAnalyzer
4205:             1             16  org.springframework.boot.diagnostics.analyzer.PortInUseFailureAnalyzer
4206:             1             16  org.springframework.boot.diagnostics.analyzer.UnboundConfigurationPropertyFailureAnalyzer
4207:             1             16  org.springframework.boot.diagnostics.analyzer.ValidationExceptionFailureAnalyzer
4208:             1             16  org.springframework.boot.env.OriginTrackedYamlLoader$OriginTrackingConstructor$$Lambda$289/0x0000000800df7840
4209:             1             16  org.springframework.boot.env.SpringApplicationJsonEnvironmentPostProcessor$$Lambda$68/0x0000000800bb1040
4210:             1             16  org.springframework.boot.env.SpringApplicationJsonEnvironmentPostProcessor$$Lambda$69/0x0000000800bb1440
4211:             1             16  org.springframework.boot.loader.JarLauncher
4212:             1             16  org.springframework.boot.loader.jar.JarFile$$Lambda$9/0x0000000800b71840
4213:             1             16  org.springframework.boot.loader.jar.JarURLConnection$1
4214:             1             16  org.springframework.boot.logging.LoggerConfigurationComparator
4215:             1             16  org.springframework.boot.logging.LoggingSystem$$Lambda$47/0x0000000800b8cc40
4216:             1             16  org.springframework.boot.task.TaskExecutorBuilder$$Lambda$526/0x0000000800fe0c40
4217:             1             16  org.springframework.boot.util.LambdaSafe$InvocationResult
4218:             1             16  org.springframework.boot.web.embedded.tomcat.TomcatEmbeddedContext$$Lambda$640/0x0000000801081440
4219:             1             16  org.springframework.boot.web.embedded.tomcat.TomcatEmbeddedContext$$Lambda$641/0x00000008010d0440
4220:             1             16  org.springframework.boot.web.embedded.tomcat.TomcatEmbeddedContext$$Lambda$642/0x00000008010d0840
4221:             1             16  org.springframework.boot.web.embedded.tomcat.TomcatEmbeddedContext$$Lambda$643/0x00000008010d0c40
4222:             1             16  org.springframework.boot.web.embedded.tomcat.TomcatServletWebServerFactory$DisablePersistSessionListener
4223:             1             16  org.springframework.boot.web.embedded.tomcat.TomcatWebServer$$Lambda$644/0x00000008010d1040
4224:             1             16  org.springframework.boot.web.embedded.tomcat.TomcatWebServer$$Lambda$645/0x00000008010d1440
4225:             1             16  org.springframework.boot.web.embedded.tomcat.TomcatWebServer$$Lambda$646/0x00000008010d1840
4226:             1             16  org.springframework.boot.web.server.Http2
4227:             1             16  org.springframework.boot.web.servlet.ServletContextInitializerBeans$$Lambda$506/0x0000000800fe6040
4228:             1             16  org.springframework.boot.web.servlet.ServletContextInitializerBeans$$Lambda$507/0x0000000800fe6440
4229:             1             16  org.springframework.boot.web.servlet.context.ServletWebServerApplicationContext$$Lambda$415/0x0000000800f17040
4230:             1             16  org.springframework.boot.web.servlet.error.DefaultErrorAttributes
4231:             1             16  org.springframework.boot.web.servlet.server.AbstractServletWebServerFactory$$Lambda$417/0x0000000800f16840
4232:             1             16  org.springframework.boot.web.servlet.server.AbstractServletWebServerFactory$SessionConfiguringInitializer
4233:             1             16  org.springframework.boot.web.servlet.server.SessionStoreDirectory
4234:             1             16  org.springframework.boot.web.servlet.server.StaticResourceJars
4235:             1             16  org.springframework.cglib.core.AbstractClassGenerator$ClassLoaderData$1
4236:             1             16  org.springframework.cglib.core.AbstractClassGenerator$ClassLoaderData$2
4237:             1             16  org.springframework.cglib.core.AbstractClassGenerator$ClassLoaderData$3
4238:             1             16  org.springframework.cglib.core.DefaultGeneratorStrategy
4239:             1             16  org.springframework.cglib.core.DefaultNamingPolicy
4240:             1             16  org.springframework.cglib.core.KeyFactory$1
4241:             1             16  org.springframework.cglib.core.KeyFactory$2
4242:             1             16  org.springframework.cglib.core.KeyFactory$3
4243:             1             16  org.springframework.cglib.core.KeyFactory$4
4244:             1             16  org.springframework.cglib.core.MethodInfoTransformer
4245:             1             16  org.springframework.cglib.core.SpringNamingPolicy
4246:             1             16  org.springframework.cglib.core.internal.LoadingCache$1
4247:             1             16  org.springframework.cglib.proxy.Enhancer$1
4248:             1             16  org.springframework.cglib.proxy.FixedValueGenerator
4249:             1             16  org.springframework.cglib.proxy.InvocationHandlerGenerator
4250:             1             16  org.springframework.cglib.proxy.LazyLoaderGenerator
4251:             1             16  org.springframework.cglib.proxy.MethodInterceptorGenerator
4252:             1             16  org.springframework.cglib.proxy.MethodInterceptorGenerator$1
4253:             1             16  org.springframework.cglib.proxy.NoOp$1
4254:             1             16  org.springframework.cglib.proxy.NoOpGenerator
4255:             1             16  org.springframework.cglib.transform.impl.UndeclaredThrowableStrategy$1
4256:             1             16  org.springframework.cloud.bootstrap.BootstrapApplicationListener$AncestorInitializer
4257:             1             16  org.springframework.cloud.bootstrap.BootstrapApplicationListener$CloseContextOnFailureApplicationListener
4258:             1             16  org.springframework.cloud.bootstrap.BootstrapApplicationListener$DelegatingEnvironmentDecryptApplicationInitializer
4259:             1             16  org.springframework.cloud.bootstrap.BootstrapImportSelector$$Lambda$222/0x0000000800d3c840
4260:             1             16  org.springframework.cloud.bootstrap.BootstrapImportSelector$$Lambda$223/0x0000000800d3cc40
4261:             1             16  org.springframework.cloud.bootstrap.config.PropertySourceBootstrapProperties
4262:             1             16  org.springframework.cloud.bootstrap.encrypt.EncryptionBootstrapConfiguration$FailsafeTextEncryptor
4263:             1             16  org.springframework.cloud.bootstrap.encrypt.EncryptionBootstrapConfiguration$KeyCondition
4264:             1             16  org.springframework.cloud.client.discovery.composite.CompositeDiscoveryClient
4265:             1             16  org.springframework.cloud.client.discovery.health.DiscoveryClientHealthIndicatorProperties
4266:             1             16  org.springframework.cloud.client.discovery.simple.SimpleDiscoveryClient
4267:             1             16  org.springframework.cloud.client.loadbalancer.AsyncLoadBalancerInterceptor
4268:             1             16  org.springframework.cloud.client.loadbalancer.LoadBalancerAutoConfiguration$$Lambda$631/0x0000000801083040
4269:             1             16  org.springframework.cloud.client.loadbalancer.LoadBalancerAutoConfiguration$LoadBalancerInterceptorConfig$$Lambda$624/0x0000000801086040
4270:             1             16  org.springframework.cloud.client.loadbalancer.LoadBalancerRetryProperties
4271:             1             16  org.springframework.cloud.client.serviceregistry.AutoServiceRegistrationProperties
4272:             1             16  org.springframework.cloud.commons.httpclient.DefaultApacheHttpClientConnectionManagerFactory
4273:             1             16  org.springframework.cloud.commons.httpclient.DefaultApacheHttpClientFactory
4274:             1             16  org.springframework.cloud.commons.util.InetUtils$$Lambda$79/0x0000000800bee040
4275:             1             16  org.springframework.cloud.configuration.CompatibilityNotMetFailureAnalyzer
4276:             1             16  org.springframework.cloud.configuration.CompositeCompatibilityVerifier
4277:             1             16  org.springframework.cloud.configuration.SpringBootVersionVerifier$2
4278:             1             16  org.springframework.cloud.configuration.SpringBootVersionVerifier$3
4279:             1             16  org.springframework.cloud.configuration.SpringBootVersionVerifier$4
4280:             1             16  org.springframework.cloud.context.scope.GenericScope$BeanLifecycleWrapperCache
4281:             1             16  org.springframework.cloud.context.scope.StandardScopeCache
4282:             1             16  org.springframework.cloud.endpoint.RefreshEndpoint
4283:             1             16  org.springframework.cloud.netflix.archaius.ArchaiusEndpoint
4284:             1             16  org.springframework.cloud.netflix.eureka.$Proxy75
4285:             1             16  org.springframework.cloud.netflix.eureka.EurekaDiscoveryClientConfiguration$Marker
4286:             1             16  org.springframework.cloud.netflix.eureka.InstanceInfoFactory
4287:             1             16  org.springframework.cloud.netflix.eureka.metadata.DefaultManagementMetadataProvider
4288:             1             16  org.springframework.cloud.netflix.eureka.serviceregistry.EurekaServiceRegistry
4289:             1             16  org.springframework.cloud.netflix.eureka.serviceregistry.EurekaServiceRegistry$$Lambda$637/0x0000000801081840
4290:             1             16  org.springframework.cloud.netflix.ribbon.RibbonLoadBalancerClient
4291:             1             16  org.springframework.cloud.netflix.ribbon.ServerIntrospectorProperties
4292:             1             16  org.springframework.context.annotation.ConfigurationClassEnhancer$BeanFactoryAwareMethodInterceptor
4293:             1             16  org.springframework.context.annotation.ConfigurationClassEnhancer$BeanMethodInterceptor
4294:             1             16  org.springframework.context.annotation.ConfigurationClassParser$$Lambda$216/0x0000000800d3e840
4295:             1             16  org.springframework.context.annotation.ConfigurationClassPostProcessor$$Lambda$215/0x0000000800d3f440
4296:             1             16  org.springframework.context.event.EventListenerMethodProcessor$$Lambda$277/0x0000000800ddf840
4297:             1             16  org.springframework.context.index.CandidateComponentsIndexLoader$$Lambda$176/0x0000000800c92440
4298:             1             16  org.springframework.core.$Proxy92
4299:             1             16  org.springframework.core.$Proxy93
4300:             1             16  org.springframework.core.OrderComparator
4301:             1             16  org.springframework.core.ResolvableType$EmptyType
4302:             1             16  org.springframework.core.annotation.AnnotatedElementUtils$AlwaysTrueBooleanAnnotationProcessor
4303:             1             16  org.springframework.core.annotation.AnnotationAwareOrderComparator
4304:             1             16  org.springframework.core.annotation.AnnotationUtils$$Lambda$38/0x0000000800b8e840
4305:             1             16  org.springframework.core.io.DefaultResourceLoader$$Lambda$175/0x0000000800c92040
4306:             1             16  org.springframework.core.io.support.DefaultPropertySourceFactory
4307:             1             16  org.springframework.core.log.CompositeLog$$Lambda$137/0x0000000800c2b440
4308:             1             16  org.springframework.core.log.CompositeLog$$Lambda$138/0x0000000800c2a840
4309:             1             16  org.springframework.core.log.CompositeLog$$Lambda$139/0x0000000800c2ac40
4310:             1             16  org.springframework.core.log.CompositeLog$$Lambda$140/0x0000000800c2a040
4311:             1             16  org.springframework.core.log.CompositeLog$$Lambda$141/0x0000000800c2a440
4312:             1             16  org.springframework.core.log.CompositeLog$$Lambda$142/0x0000000800c29840
4313:             1             16  org.springframework.http.MediaType$$Lambda$136/0x0000000800c2bc40
4314:             1             16  org.springframework.http.MediaType$1
4315:             1             16  org.springframework.http.converter.xml.SourceHttpMessageConverter$$Lambda$143/0x0000000800c29c40
4316:             1             16  org.springframework.http.converter.xml.SourceHttpMessageConverter$$Lambda$144/0x0000000800c29440
4317:             1             16  org.springframework.jmx.export.MBeanExporter$$Lambda$629/0x0000000801085440
4318:             1             16  org.springframework.jmx.export.MBeanExporter$$Lambda$630/0x0000000801084840
4319:             1             16  org.springframework.util.ConcurrentReferenceHashMap$EntrySet
4320:             1             16  org.springframework.util.LinkedMultiValueMap$$Lambda$34/0x0000000800b8a440
4321:             1             16  org.springframework.util.MimeType$SpecificityComparator
4322:             1             16  org.springframework.util.ReflectionUtils$$Lambda$35/0x0000000800b8fc40
4323:             1             16  org.springframework.util.ReflectionUtils$$Lambda$36/0x0000000800b8f040
4324:             1             16  org.springframework.util.ReflectionUtils$$Lambda$37/0x0000000800b8f440
4325:             1             16  org.springframework.util.comparator.ComparableComparator
4326:             1             16  org.springframework.util.comparator.InstanceComparator
4327:             1             16  org.springframework.util.xml.StaxUtils$$Lambda$218/0x0000000800d3e040
4328:             1             16  org.springframework.util.xml.StaxUtils$$Lambda$220/0x0000000800d3d840
4329:             1             16  org.springframework.validation.beanvalidation.LocaleContextMessageInterpolator
4330:             1             16  org.springframework.validation.beanvalidation.MethodValidationInterceptor
4331:             1             16  org.springframework.validation.beanvalidation.SpringConstraintValidatorFactory
4332:             1             16  org.springframework.web.bind.support.DefaultSessionAttributeStore
4333:             1             16  org.springframework.web.context.request.SessionScope
4334:             1             16  org.springframework.web.context.support.WebApplicationContextUtils$RequestObjectFactory
4335:             1             16  org.springframework.web.context.support.WebApplicationContextUtils$ResponseObjectFactory
4336:             1             16  org.springframework.web.context.support.WebApplicationContextUtils$SessionObjectFactory
4337:             1             16  org.springframework.web.context.support.WebApplicationContextUtils$WebRequestObjectFactory
4338:             1             16  org.springframework.web.method.annotation.ErrorsMethodArgumentResolver
4339:             1             16  org.springframework.web.method.annotation.RequestHeaderMapMethodArgumentResolver
4340:             1             16  org.springframework.web.method.annotation.SessionStatusMethodArgumentResolver
4341:             1             16  org.springframework.web.multipart.support.StandardServletMultipartResolver
4342:             1             16  org.springframework.web.servlet.config.annotation.InterceptorRegistry$$Lambda$533/0x0000000801027840
4343:             1             16  org.springframework.web.servlet.config.annotation.InterceptorRegistry$$Lambda$534/0x0000000801027c40
4344:             1             16  org.springframework.web.servlet.config.annotation.WebMvcConfigurerComposite
4345:             1             16  org.springframework.web.servlet.handler.AbstractHandlerMethodMapping$EmptyHandler
4346:             1             16  org.springframework.web.servlet.handler.ConversionServiceExposingInterceptor
4347:             1             16  org.springframework.web.servlet.mvc.HttpRequestHandlerAdapter
4348:             1             16  org.springframework.web.servlet.mvc.SimpleControllerHandlerAdapter
4349:             1             16  org.springframework.web.servlet.mvc.method.annotation.AsyncTaskMethodReturnValueHandler
4350:             1             16  org.springframework.web.servlet.mvc.method.annotation.CallableMethodReturnValueHandler
4351:             1             16  org.springframework.web.servlet.mvc.method.annotation.DeferredResultMethodReturnValueHandler
4352:             1             16  org.springframework.web.servlet.mvc.method.annotation.HttpHeadersReturnValueHandler
4353:             1             16  org.springframework.web.servlet.mvc.method.annotation.JsonViewRequestBodyAdvice
4354:             1             16  org.springframework.web.servlet.mvc.method.annotation.RequestMappingHandlerAdapter$$Lambda$515/0x0000000800fe3c40
4355:             1             16  org.springframework.web.servlet.mvc.method.annotation.RequestMappingHandlerAdapter$$Lambda$516/0x0000000800fe3040
4356:             1             16  org.springframework.web.servlet.mvc.method.annotation.StreamingResponseBodyReturnValueHandler
4357:             1             16  org.springframework.web.servlet.mvc.method.annotation.UriComponentsBuilderMethodArgumentResolver
4358:             1             16  org.springframework.web.servlet.resource.ResourceUrlProviderExposingInterceptor
4359:             1             16  org.springframework.web.servlet.view.AbstractCachingViewResolver$1
4360:             1             16  org.springframework.web.servlet.view.ContentNegotiatingViewResolver$1
4361:             1             16  org.yaml.snakeyaml.constructor.SafeConstructor$ConstructUndefined
4362:             1             16  org.yaml.snakeyaml.external.com.google.gdata.util.common.base.UnicodeEscaper$2
4363:             1             16  sun.management.ClassLoadingImpl (java.management@14.0.1)
4364:             1             16  sun.management.ManagementFactoryHelper$$Lambda$480/0x0000000800fc1440 (java.management@14.0.1)
4365:             1             16  sun.management.ManagementFactoryHelper$$Lambda$481/0x0000000800fc1840 (java.management@14.0.1)
4366:             1             16  sun.management.spi.PlatformMBeanProvider$PlatformComponent$$Lambda$123/0x0000000800c2f840 (java.management@14.0.1)
4367:             1             16  sun.management.spi.PlatformMBeanProvider$PlatformComponent$$Lambda$124/0x0000000800c2fc40 (java.management@14.0.1)
4368:             1             16  sun.misc.Unsafe (jdk.unsupported@14.0.1)
4369:             1             16  sun.net.NetProperties$1 (java.base@14.0.1)
4370:             1             16  sun.net.www.protocol.jar.Handler (java.base@14.0.1)
4371:             1             16  sun.net.www.protocol.jrt.Handler (java.base@14.0.1)
4372:             1             16  sun.nio.ch.FileChannelImpl$1 (java.base@14.0.1)
4373:             1             16  sun.nio.ch.FileChannelImpl$2 (java.base@14.0.1)
4374:             1             16  sun.nio.ch.KQueueSelectorProvider (java.base@14.0.1)
4375:             1             16  sun.nio.ch.Net$1 (java.base@14.0.1)
4376:             1             16  sun.nio.ch.ServerSocketAdaptor$$Lambda$638/0x0000000801081c40 (java.base@14.0.1)
4377:             1             16  sun.nio.ch.SocketDispatcher (java.base@14.0.1)
4378:             1             16  sun.nio.ch.Util$1 (java.base@14.0.1)
4379:             1             16  sun.nio.cs.CharsetMapping$2 (java.base@14.0.1)
4380:             1             16  sun.nio.cs.CharsetMapping$3 (java.base@14.0.1)
4381:             1             16  sun.nio.cs.CharsetMapping$4 (java.base@14.0.1)
4382:             1             16  sun.nio.fs.MacOSXFileSystemProvider (java.base@14.0.1)
4383:             1             16  sun.nio.fs.NativeBuffers$1 (java.base@14.0.1)
4384:             1             16  sun.nio.fs.UnixFileAttributes$UnixAsBasicFileAttributes (java.base@14.0.1)
4385:             1             16  sun.reflect.ReflectionFactory (jdk.unsupported@14.0.1)
4386:             1             16  sun.reflect.generics.tree.BooleanSignature (java.base@14.0.1)
4387:             1             16  sun.reflect.generics.tree.BottomSignature (java.base@14.0.1)
4388:             1             16  sun.reflect.generics.tree.ByteSignature (java.base@14.0.1)
4389:             1             16  sun.reflect.generics.tree.CharSignature (java.base@14.0.1)
4390:             1             16  sun.reflect.generics.tree.DoubleSignature (java.base@14.0.1)
4391:             1             16  sun.reflect.generics.tree.FloatSignature (java.base@14.0.1)
4392:             1             16  sun.reflect.generics.tree.IntSignature (java.base@14.0.1)
4393:             1             16  sun.reflect.generics.tree.LongSignature (java.base@14.0.1)
4394:             1             16  sun.reflect.generics.tree.ShortSignature (java.base@14.0.1)
4395:             1             16  sun.reflect.generics.tree.VoidDescriptor (java.base@14.0.1)
4396:             1             16  sun.security.provider.NativePRNG (java.base@14.0.1)
4397:             1             16  sun.text.normalizer.CodePointTrie$Data16 (java.base@14.0.1)
4398:             1             16  sun.text.normalizer.Norm2AllModes$DecomposeNormalizer2 (java.base@14.0.1)
4399:             1             16  sun.text.normalizer.Norm2AllModes$NoopNormalizer2 (java.base@14.0.1)
4400:             1             16  sun.text.normalizer.NormalizerBase$ModeImpl (java.base@14.0.1)
4401:             1             16  sun.text.normalizer.NormalizerBase$NFCMode (java.base@14.0.1)
4402:             1             16  sun.text.normalizer.NormalizerBase$NFDMode (java.base@14.0.1)
4403:             1             16  sun.text.normalizer.NormalizerBase$NFKCMode (java.base@14.0.1)
4404:             1             16  sun.text.normalizer.NormalizerBase$NFKDMode (java.base@14.0.1)
4405:             1             16  sun.text.normalizer.NormalizerBase$NONEMode (java.base@14.0.1)
4406:             1             16  sun.text.normalizer.NormalizerImpl$IsAcceptable (java.base@14.0.1)
4407:             1             16  sun.text.normalizer.VersionInfo (java.base@14.0.1)
4408:             1             16  sun.util.calendar.Gregorian (java.base@14.0.1)
4409:             1             16  sun.util.cldr.CLDRBaseLocaleDataMetaInfo (java.base@14.0.1)
4410:             1             16  sun.util.locale.InternalLocaleBuilder$CaseInsensitiveChar (java.base@14.0.1)
4411:             1             16  sun.util.locale.provider.CalendarDataUtility$CalendarWeekParameterGetter (java.base@14.0.1)
4412:             1             16  sun.util.locale.provider.NumberFormatProviderImpl$$Lambda$22/0x0000000800b75c40 (java.base@14.0.1)
4413:             1             16  sun.util.locale.provider.NumberFormatProviderImpl$$Lambda$23/0x0000000800b75040 (java.base@14.0.1)
4414:             1             16  sun.util.locale.provider.TimeZoneNameUtility$TimeZoneNameGetter (java.base@14.0.1)
4415:             1             16  sun.util.logging.internal.LoggingProviderImpl (java.logging@14.0.1)
4416:             1             16  sun.util.resources.LocaleData$LocaleDataStrategy (java.base@14.0.1)
4417:             1             16  sun.util.resources.cldr.provider.CLDRLocaleDataMetaInfo (jdk.localedata@14.0.1)
Total        971969       92421304
