 S0C    S1C    S0U    S1U      EC       EU        OC         OU       MC     MU    CCSC   CCSU   YGC     YGCT    FGC    FGCT    CGC    CGCT     GCT
4352.0 4352.0 2472.2  0.0   34944.0  18214.9   410512.0   264952.2  304200.0 288481.8 41408.0 35984.1    106    0.748   0      0.000  14      0.340    1.088
4352.0 4352.0 2472.2  0.0   34944.0  18214.9   410512.0   264952.2  304200.0 288481.8 41408.0 35984.1    106    0.748   0      0.000  14      0.340    1.088
4352.0 4352.0 2472.2  0.0   34944.0  18214.9   410512.0   264952.2  304200.0 288481.8 41408.0 35984.1    106    0.748   0      0.000  14      0.340    1.088
4352.0 4352.0 2472.2  0.0   34944.0  18214.9   410512.0   264952.2  304200.0 288481.8 41408.0 35984.1    106    0.748   0      0.000  14      0.340    1.088
4352.0 4352.0 2472.2  0.0   34944.0  18214.9   410512.0   264952.2  304200.0 288481.8 41408.0 35984.1    106    0.748   0      0.000  14      0.340    1.088
4352.0 4352.0 2472.2  0.0   34944.0  18214.9   410512.0   264952.2  304200.0 288481.8 41408.0 35984.1    106    0.748   0      0.000  14      0.340    1.088
4352.0 4352.0 2472.2  0.0   34944.0  18214.9   410512.0   264952.2  304200.0 288481.8 41408.0 35984.1    106    0.748   0      0.000  14      0.340    1.088
4352.0 4352.0 2472.2  0.0   34944.0  18214.9   410512.0   264952.2  304200.0 288481.8 41408.0 35984.1    106    0.748   0      0.000  14      0.340    1.088
4352.0 4352.0 2472.2  0.0   34944.0  18214.9   410512.0   264952.2  304200.0 288481.8 41408.0 35984.1    106    0.748   0      0.000  14      0.340    1.088
4352.0 4352.0 2472.2  0.0   34944.0  18214.9   410512.0   264952.2  304200.0 288481.8 41408.0 35984.1    106    0.748   0      0.000  14      0.340    1.088
4352.0 4352.0 2472.2  0.0   34944.0  18344.8   410512.0   264952.2  304200.0 288481.8 41408.0 35984.1    106    0.748   0      0.000  14      0.340    1.088