正在执行...
2021-06-01T15:01:50.664-0800: [GC (Allocation Failure) 2021-06-01T15:01:50.664-0800: [ParNew: 545344K->68095K(613440K), 0.0843499 secs] 545344K->147964K(4126208K), 0.0844298 secs] [Times: user=0.24 sys=0.27, real=0.08 secs]
2021-06-01T15:01:50.890-0800: [GC (Allocation Failure) 2021-06-01T15:01:50.890-0800: [ParNew: 613439K->68094K(613440K), 0.1020611 secs] 693308K->276634K(4126208K), 0.1021366 secs] [Times: user=0.25 sys=0.33, real=0.10 secs]
2021-06-01T15:01:51.106-0800: [GC (Allocation Failure) 2021-06-01T15:01:51.106-0800: [ParNew: 613438K->68096K(613440K), 0.1116623 secs] 821978K->395754K(4126208K), 0.1117200 secs] [Times: user=0.71 sys=0.06, real=0.11 secs]
 ִ执行结束！共生成对象次数:6600
Heap
 par new generation   total 613440K, used 201284K [0x00000006c0000000, 0x00000006e9990000, 0x00000006e9990000)
  eden space 545344K,  24% used [0x00000006c0000000, 0x00000006c8211020, 0x00000006e1490000)
  from space 68096K, 100% used [0x00000006e5710000, 0x00000006e9990000, 0x00000006e9990000)
  to   space 68096K,   0% used [0x00000006e1490000, 0x00000006e1490000, 0x00000006e5710000)
 concurrent mark-sweep generation total 3512768K, used 327658K [0x00000006e9990000, 0x00000007c0000000, 0x00000007c0000000)
 Metaspace       used 2585K, capacity 4486K, committed 4864K, reserved 1056768K
  class space    used 278K, capacity 386K, committed 512K, reserved 1048576K
