正在执行...
2021-06-01T14:51:15.133-0800: [GC (Allocation Failure) [PSYoungGen: 524800K->87038K(611840K)] 524800K->144658K(2010112K), 0.0983628 secs] [Times: user=0.10 sys=0.18, real=0.10 secs]
2021-06-01T14:51:15.365-0800: [GC (Allocation Failure) [PSYoungGen: 611838K->87027K(611840K)] 669458K->266030K(2010112K), 0.0872383 secs] [Times: user=0.14 sys=0.32, real=0.09 secs]
2021-06-01T14:51:15.559-0800: [GC (Allocation Failure) [PSYoungGen: 611827K->87035K(611840K)] 790830K->374943K(2010112K), 0.0725440 secs] [Times: user=0.15 sys=0.14, real=0.08 secs]
2021-06-01T14:51:15.731-0800: [GC (Allocation Failure) [PSYoungGen: 611835K->87037K(611840K)] 899743K->494539K(2010112K), 0.0790140 secs] [Times: user=0.15 sys=0.17, real=0.08 secs]
 ִ执行结束！共生成对象次数:7866
Heap
 PSYoungGen      total 611840K, used 108142K [0x0000000795580000, 0x00000007c0000000, 0x00000007c0000000)
  eden space 524800K, 4% used [0x0000000795580000,0x0000000796a1c3d8,0x00000007b5600000)
  from space 87040K, 99% used [0x00000007bab00000,0x00000007bffff500,0x00000007c0000000)
  to   space 87040K, 0% used [0x00000007b5600000,0x00000007b5600000,0x00000007bab00000)
 ParOldGen       total 1398272K, used 407502K [0x0000000740000000, 0x0000000795580000, 0x0000000795580000)
  object space 1398272K, 29% used [0x0000000740000000,0x0000000758df3ad0,0x0000000795580000)
 Metaspace       used 2585K, capacity 4486K, committed 4864K, reserved 1056768K
  class space    used 278K, capacity 386K, committed 512K, reserved 1048576K